
Gurobi 9.5.2 (linux64) logging started Wed Aug 26 23:26:12 2026

Set parameter LogFile to value "/mnt/beegfs/users/celinep/ChargeAndBreak/logs/VSS/RmediumCfewTlarge_8_DET_20260826_232302_023_gurobi.log"
Gurobi Optimizer version 9.5.2 build v9.5.2rc0 (linux64)
Thread count: 16 physical cores, 32 logical processors, using up to 1 threads
Optimize a model with 4280 rows, 2385 columns and 14666 nonzeros
Model fingerprint: 0x243d45ae
Variable types: 1509 continuous, 876 integer (876 binary)
Coefficient statistics:
  Matrix range     [5e-02, 1e+03]
  Objective range  [1e+00, 1e+00]
  Bounds range     [1e+00, 1e+00]
  RHS range        [2e-02, 5e+02]
Presolve removed 1469 rows and 518 columns
Presolve time: 0.05s
Presolved: 2811 rows, 1867 columns, 12643 nonzeros
Variable types: 1124 continuous, 743 integer (742 binary)
Found heuristic solution: objective 101.2107875

Root relaxation: objective 4.859803e+01, 2239 iterations, 0.05 seconds (0.06 work units)

    Nodes    |    Current Node    |     Objective Bounds      |     Work
 Expl Unexpl |  Obj  Depth IntInf | Incumbent    BestBd   Gap | It/Node Time

     0     0   48.59803    0  105  101.21079   48.59803  52.0%     -    0s
H    0     0                      57.1115989   48.59803  14.9%     -    0s
     0     0   49.35579    0   99   57.11160   49.35579  13.6%     -    0s
     0     0   49.45021    0  125   57.11160   49.45021  13.4%     -    0s
     0     0   49.45300    0  124   57.11160   49.45300  13.4%     -    0s
     0     0   49.63234    0  132   57.11160   49.63234  13.1%     -    0s
     0     0   49.63890    0  124   57.11160   49.63890  13.1%     -    0s
     0     0   49.63894    0  124   57.11160   49.63894  13.1%     -    0s
     0     0   49.78112    0  137   57.11160   49.78112  12.8%     -    0s
     0     0   49.78823    0  138   57.11160   49.78823  12.8%     -    0s
     0     0   49.78908    0  139   57.11160   49.78908  12.8%     -    0s
     0     0   49.78908    0  140   57.11160   49.78908  12.8%     -    0s
     0     0   49.88950    0  116   57.11160   49.88950  12.6%     -    0s
     0     0   49.91494    0   98   57.11160   49.91494  12.6%     -    0s
     0     0   49.91510    0   98   57.11160   49.91510  12.6%     -    0s
     0     0   49.94336    0  119   57.11160   49.94336  12.6%     -    0s
     0     0   49.94668    0  119   57.11160   49.94668  12.5%     -    0s
     0     0   49.94686    0  120   57.11160   49.94686  12.5%     -    0s
     0     0   49.95176    0  134   57.11160   49.95176  12.5%     -    0s
     0     0   49.95366    0  120   57.11160   49.95366  12.5%     -    0s
     0     0   49.95424    0  121   57.11160   49.95424  12.5%     -    0s
     0     0   49.95436    0  122   57.11160   49.95436  12.5%     -    0s
     0     0   49.96642    0  138   57.11160   49.96642  12.5%     -    0s
     0     0   49.96882    0  137   57.11160   49.96882  12.5%     -    0s
     0     0   49.96894    0  140   57.11160   49.96894  12.5%     -    0s
     0     0   49.97761    0  144   57.11160   49.97761  12.5%     -    0s
     0     0   49.97955    0  162   57.11160   49.97955  12.5%     -    0s
     0     0   49.97985    0  161   57.11160   49.97985  12.5%     -    0s
     0     0   49.98296    0  145   57.11160   49.98296  12.5%     -    0s
     0     0   49.98303    0  170   57.11160   49.98303  12.5%     -    0s
     0     0   49.99290    0  137   57.11160   49.99290  12.5%     -    0s
     0     0   49.99480    0  137   57.11160   49.99480  12.5%     -    0s
     0     0   49.99543    0  143   57.11160   49.99543  12.5%     -    0s
     0     0   49.99545    0  143   57.11160   49.99545  12.5%     -    0s
     0     0   50.01626    0  147   57.11160   50.01626  12.4%     -    0s
     0     0   50.01635    0  146   57.11160   50.01635  12.4%     -    0s
     0     0   50.02398    0  143   57.11160   50.02398  12.4%     -    0s
     0     0   50.02499    0  145   57.11160   50.02499  12.4%     -    0s
     0     0   50.02632    0  147   57.11160   50.02632  12.4%     -    0s
     0     0   50.02632    0  147   57.11160   50.02632  12.4%     -    0s
     0     0   50.02730    0  146   57.11160   50.02730  12.4%     -    0s
     0     0   50.02730    0  146   57.11160   50.02730  12.4%     -    1s
     0     0   50.04000    0  105   57.11160   50.04000  12.4%     -    1s
H    0     0                      57.0166835   50.04000  12.2%     -    1s
     0     2   50.04000    0  101   57.01668   50.04000  12.2%     -    1s
H  510   372                      57.0147789   50.23971  11.9%  23.9    2s
   540   392   51.74458   56  110   57.01478   50.33019  11.7%  22.5    5s
H  858   382                      56.9027430   50.97599  10.4%  42.0    9s
  1075   410   51.40381   29   43   56.90274   50.98928  10.4%  37.4   10s
H 1131   424                      56.8194097   50.98928  10.3%  36.1   10s
  2023   777   51.68685   36   51   56.81941   51.13003  10.0%  30.0   15s
H 2958  1316                      56.8194096   51.20063  9.89%  29.4   19s
  3021  1347   51.31128   32   63   56.81941   51.20817  9.88%  29.5   20s
  3833  1618   51.77323   34   80   56.81941   51.30355  9.71%  31.0   25s
  4449  1741   52.45028   29   70   56.81941   51.40093  9.54%  33.0   30s
  5121  1911   51.95819   33   79   56.81941   51.49075  9.38%  33.7   35s
  5946  1978   53.94316   50   44   56.81941   51.59967  9.19%  34.7   40s
  6716  2147   54.46932   39   39   56.81941   51.70823  9.00%  35.2   45s
  7474  2270     cutoff   31        56.81941   51.84133  8.76%  35.5   50s
  8141  2410   52.99090   51   99   56.81941   51.93023  8.60%  36.1   55s
  8889  2477     cutoff   36        56.81941   52.00319  8.48%  36.5   60s
  9551  2553 infeasible   39        56.81941   52.07121  8.36%  37.3   65s
 10203  2724   56.06482   37  105   56.81941   52.12375  8.26%  37.9   75s
 10220  2736   52.12375   23   66   56.81941   52.12375  8.26%  39.6   80s
 10506  2720   52.12375   42   87   56.81941   52.12375  8.26%  40.4   85s
 10986  2745   52.12375   54  153   56.81941   52.12375  8.26%  41.4   90s
 11378  2599   53.37488   55  128   56.81941   52.12375  8.26%  42.6   95s
 11739  2325   56.07574   35  129   56.81941   53.58235  5.70%  44.1  100s

Cutting planes:
  Gomory: 36
  Cover: 71
  Implied bound: 100
  Clique: 8
  MIR: 125
  Flow cover: 324
  GUB cover: 1
  Inf proof: 3
  Zero half: 7
  RLT: 18
  Relax-and-lift: 44

Explored 11901 nodes (530412 simplex iterations) in 101.43 seconds (90.70 work units)
Thread count was 1 (of 32 available processors)

Solution count 7: 56.8194 56.8194 56.9027 ... 101.211

Optimal solution found (tolerance 5.00e-03)
Best objective 5.681940964261e+01, best bound 5.662942324087e+01, gap 0.3344%
