
Gurobi 11.0.0 (win64) logging started Thu Aug 27 11:08:05 2026

Set parameter LogFile to value "C:\Users\celinep\Documents\GitHub\ChargeAndBreak\logs\VSS\RmediumCfewTlarge_20_DET_20260827_110148_037_gurobi.log"
Gurobi Optimizer version 11.0.0 build v11.0.0rc2 (win64 - Windows 11+.0 (26200.2))

CPU model: 11th Gen Intel(R) Core(TM) i5-1145G7 @ 2.60GHz, instruction set [SSE2|AVX|AVX2|AVX512]
Thread count: 4 physical cores, 8 logical processors, using up to 1 threads

Optimize a model with 5096 rows, 2842 columns and 17509 nonzeros
Model fingerprint: 0x3bd6b3c6
Variable types: 1797 continuous, 1045 integer (1045 binary)
Coefficient statistics:
  Matrix range     [3e-02, 1e+03]
  Objective range  [1e+00, 1e+00]
  Bounds range     [1e+00, 1e+00]
  RHS range        [3e-02, 5e+02]
Presolve removed 1718 rows and 592 columns
Presolve time: 0.09s
Presolved: 3378 rows, 2250 columns, 15093 nonzeros
Variable types: 1351 continuous, 899 integer (898 binary)
Found heuristic solution: objective 121.2429937

Root relaxation: objective 5.819113e+01, 2140 iterations, 0.09 seconds (0.06 work units)

    Nodes    |    Current Node    |     Objective Bounds      |     Work
 Expl Unexpl |  Obj  Depth IntInf | Incumbent    BestBd   Gap | It/Node Time

     0     0   58.19113    0  124  121.24299   58.19113  52.0%     -    0s
     0     0   59.04911    0  124  121.24299   59.04911  51.3%     -    0s
H    0     0                      73.7782939   59.05519  20.0%     -    0s
     0     0   59.08610    0  133   73.77829   59.08610  19.9%     -    0s
     0     0   59.08983    0  133   73.77829   59.08983  19.9%     -    0s
     0     0   59.19166    0  135   73.77829   59.19166  19.8%     -    0s
H    0     0                      72.2948554   59.19481  18.1%     -    0s
     0     0   59.19481    0  142   72.29486   59.19481  18.1%     -    0s
     0     0   59.19481    0  142   72.29486   59.19481  18.1%     -    0s
     0     0   59.32044    0  158   72.29486   59.32044  17.9%     -    0s
     0     0   59.33491    0  160   72.29486   59.33491  17.9%     -    0s
     0     0   59.33491    0  163   72.29486   59.33491  17.9%     -    0s
     0     0   59.33491    0  166   72.29486   59.33491  17.9%     -    0s
     0     0   59.44953    0  150   72.29486   59.44953  17.8%     -    0s
     0     0   59.46031    0  156   72.29486   59.46031  17.8%     -    1s
     0     0   59.46118    0  157   72.29486   59.46118  17.8%     -    1s
     0     0   59.46121    0  157   72.29486   59.46121  17.8%     -    1s
     0     0   59.46811    0  151   72.29486   59.46811  17.7%     -    1s
     0     0   59.49392    0  155   72.29486   59.49392  17.7%     -    1s
     0     0   59.49392    0  156   72.29486   59.49392  17.7%     -    1s
     0     0   59.49392    0  156   72.29486   59.49392  17.7%     -    1s
     0     0   59.49567    0  155   72.29486   59.49567  17.7%     -    1s
     0     0   59.51673    0  153   72.29486   59.51673  17.7%     -    1s
     0     0   59.51673    0  155   72.29486   59.51673  17.7%     -    1s
     0     0   59.51673    0  155   72.29486   59.51673  17.7%     -    1s
     0     0   59.51673    0  155   72.29486   59.51673  17.7%     -    1s
     0     0   59.52187    0  155   72.29486   59.52187  17.7%     -    1s
H    0     0                      72.1885803   59.52651  17.5%     -    1s
H    0     0                      72.0219136   59.52651  17.3%     -    1s
     0     2   59.52651    0  155   72.02191   59.52651  17.3%     -    1s
H    3     3                      63.8975669   59.52651  6.84%   199    1s
H   27    25                      63.8508420   59.52833  6.77%  41.8    2s
H   29    27                      63.0166283   59.52833  5.54%  40.0    2s
H  406   289                      62.9136031   59.61384  5.24%  18.0    4s
H  460   329                      62.8962845   59.61384  5.22%  17.0    4s
   514   359   59.81529    8   86   62.89628   59.61492  5.22%  15.9    5s
   650   462   60.98082   65  239   62.89628   59.96809  4.66%  16.3   10s
   691   489   62.64951   77  201   62.89628   60.25572  4.20%  15.3   15s
   745   525   60.57921   19  200   62.89628   60.57921  3.68%  14.2   20s
   788   557   62.54274   23   64   62.89628   62.54274  0.56%  69.7   25s

Cutting planes:
  Gomory: 27
  Cover: 18
  Implied bound: 77
  Clique: 2
  MIR: 107
  Mixing: 7
  StrongCG: 1
  Flow cover: 200
  Flow path: 3
  RLT: 24
  Relax-and-lift: 14
  PSD: 1

Explored 860 nodes (74955 simplex iterations) in 26.47 seconds (12.30 work units)
Thread count was 1 (of 8 available processors)

Solution count 10: 62.8963 62.8963 62.8963 ... 72.1886

Optimal solution found (tolerance 5.00e-03)
Best objective 6.289628452780e+01, best bound 6.258329719727e+01, gap 0.4976%
