
Gurobi 11.0.0 (win64) logging started Thu Aug 27 12:43:41 2026

Set parameter LogFile to value "C:\Users\celinep\Documents\GitHub\ChargeAndBreak\logs\VSS\RmediumCmanyTmedium_10_DET_20260827_113748_426_gurobi.log"
Gurobi Optimizer version 11.0.0 build v11.0.0rc2 (win64 - Windows 11+.0 (26200.2))

CPU model: 11th Gen Intel(R) Core(TM) i5-1145G7 @ 2.60GHz, instruction set [SSE2|AVX|AVX2|AVX512]
Thread count: 4 physical cores, 8 logical processors, using up to 1 threads

Optimize a model with 4536 rows, 2527 columns and 15415 nonzeros
Model fingerprint: 0x291a28f4
Variable types: 1592 continuous, 935 integer (935 binary)
Coefficient statistics:
  Matrix range     [2e-02, 1e+03]
  Objective range  [1e+00, 1e+00]
  Bounds range     [1e+00, 1e+00]
  RHS range        [6e-03, 5e+02]
Presolve removed 1560 rows and 546 columns
Presolve time: 0.10s
Presolved: 2976 rows, 1981 columns, 13176 nonzeros
Variable types: 1185 continuous, 796 integer (795 binary)
Found heuristic solution: objective 114.4644606

Root relaxation: objective 5.842159e+01, 1917 iterations, 0.06 seconds (0.06 work units)

    Nodes    |    Current Node    |     Objective Bounds      |     Work
 Expl Unexpl |  Obj  Depth IntInf | Incumbent    BestBd   Gap | It/Node Time

     0     0   58.42159    0  108  114.46446   58.42159  49.0%     -    0s
     0     0   59.49578    0  107  114.46446   59.49578  48.0%     -    0s
H    0     0                     105.9958213   59.52721  43.8%     -    0s
     0     0   59.52721    0  105  105.99582   59.52721  43.8%     -    0s
     0     0   59.52721    0  102  105.99582   59.52721  43.8%     -    0s
     0     0   59.52721    0   99  105.99582   59.52721  43.8%     -    0s
     0     0   59.79273    0  132  105.99582   59.79273  43.6%     -    0s
     0     0   59.79896    0  125  105.99582   59.79896  43.6%     -    0s
     0     0   60.17528    0  151  105.99582   60.17528  43.2%     -    0s
H    0     0                      78.8266818   60.30157  23.5%     -    0s
     0     0   60.30157    0  153   78.82668   60.30157  23.5%     -    0s
     0     0   60.30157    0  151   78.82668   60.30157  23.5%     -    0s
     0     0   60.30157    0  145   78.82668   60.30157  23.5%     -    0s
     0     0   60.30157    0  123   78.82668   60.30157  23.5%     -    1s
     0     0   60.30324    0  133   78.82668   60.30324  23.5%     -    1s
     0     0   60.30324    0  135   78.82668   60.30324  23.5%     -    1s
     0     0   60.31718    0  150   78.82668   60.31718  23.5%     -    1s
     0     0   60.36483    0  149   78.82668   60.36483  23.4%     -    1s
     0     0   60.36483    0  149   78.82668   60.36483  23.4%     -    1s
     0     0   60.36483    0  149   78.82668   60.36483  23.4%     -    1s
     0     0   60.37776    0  149   78.82668   60.37776  23.4%     -    1s
     0     0   60.37776    0  149   78.82668   60.37776  23.4%     -    1s
     0     0   60.37776    0  173   78.82668   60.37776  23.4%     -    1s
H    0     0                      76.4253789   60.37776  21.0%     -    1s
     0     0   60.37776    0  181   76.42538   60.37776  21.0%     -    1s
     0     0   60.37776    0  163   76.42538   60.37776  21.0%     -    1s
     0     0   60.37776    0  167   76.42538   60.37776  21.0%     -    1s
     0     0   60.37776    0  167   76.42538   60.37776  21.0%     -    1s
     0     0   60.37776    0  167   76.42538   60.37776  21.0%     -    1s
H    0     0                      76.1206304   60.41447  20.6%     -    1s
     0     0   60.41447    0  167   76.12063   60.41447  20.6%     -    1s
     0     0   60.41447    0  167   76.12063   60.41447  20.6%     -    1s
     0     0   60.41447    0  125   76.12063   60.41447  20.6%     -    1s
H    0     0                      75.7882145   60.41447  20.3%     -    1s
     0     2   60.41447    0  125   75.78821   60.41447  20.3%     -    1s
H  104   103                      75.7341705   60.64484  19.9%  20.8    3s
H  188   129                      65.4110293   60.64484  7.29%  24.4    3s
H  216   145                      65.3778914   60.64484  7.24%  23.7    4s
H  270   188                      65.0453009   60.75516  6.60%  23.2    4s
H  300   200                      64.2886058   60.76705  5.48%  22.6    4s
H  312   211                      64.2520063   60.76705  5.42%  22.5    4s
   322   223   62.63215   33   33   64.25201   60.76705  5.42%  22.2    5s
H  589   392                      63.8869647   60.90293  4.67%  26.0    7s
   607   404   62.49321   42  156   63.88696   60.90293  4.67%  25.2   10s
H  613   387                      63.8869638   60.90293  4.67%  25.0   11s
   731   411   61.43684   29   74   63.88696   61.20821  4.19%  44.3   15s
  1138   527   61.46099   22  134   63.88696   61.35205  3.97%  44.2   20s
H 1334   554                      63.8869631   61.38877  3.91%  44.6   22s
  1474   585   63.71482   39   80   63.88696   61.41086  3.88%  44.7   25s
  1795   632   61.52119   20  114   63.88696   61.45220  3.81%  44.2   30s
  2090   769   63.15386   39  113   63.88696   61.51831  3.71%  46.8   35s
  2466   954   63.50308   56   24   63.88696   61.64017  3.52%  46.3   40s
  2810  1108   61.80681   43  126   63.88696   61.73347  3.37%  47.7   45s
  3153  1286   63.73873   56   39   63.88696   61.77110  3.31%  48.0   50s
  3650  1512   62.60499   37   52   63.88696   61.82083  3.23%  47.8   55s
  4105  1695   62.99514   56   23   63.88696   61.85819  3.18%  47.5   60s
  4571  1918   63.24169   53   56   63.88696   61.92269  3.07%  47.3   65s
  4880  2033   62.42862   48   93   63.88696   61.94774  3.04%  47.6   70s
  5331  2220   63.33579   68   26   63.88696   61.98367  2.98%  47.0   75s
  5719  2397   63.26688   38   76   63.88696   62.00364  2.95%  46.8   80s
  6165  2580   62.88135   42   59   63.88696   62.02260  2.92%  47.1   85s
  6647  2763   62.50213   37   93   63.88696   62.04555  2.88%  47.0   90s
  7080  2936 infeasible   46        63.88696   62.06497  2.85%  47.2   95s
  7559  3106   62.15043   43  117   63.88696   62.08807  2.82%  47.0  100s
  7943  3276     cutoff   53        63.88696   62.10021  2.80%  46.8  105s
  8346  3440   62.61151   41   52   63.88696   62.12293  2.76%  47.2  110s
  8797  3600   62.22063   45   99   63.88696   62.13815  2.74%  47.3  115s
  9190  3759   62.49131   37  133   63.88696   62.15727  2.71%  47.3  120s
  9622  3871   63.17406   49  104   63.88696   62.16893  2.69%  47.7  125s
  9976  3982   63.22053   52   95   63.88696   62.17911  2.67%  48.1  130s
 10203  4080   62.30547   40  125   63.88696   62.18243  2.67%  48.2  143s
 10211  4085   63.40131   42  104   63.88696   62.18243  2.67%  48.1  145s
 10227  4096   63.82611   52  128   63.88696   62.18243  2.67%  48.0  150s
 10240  4105   63.15613   45  162   63.88696   62.18243  2.67%  48.0  155s
 10318  4112   62.18243   32  163   63.88696   62.18243  2.67%  49.5  160s

Cutting planes:
  Learned: 3
  Gomory: 19
  Cover: 41
  Implied bound: 18
  Projected implied bound: 1
  MIR: 75
  Mixing: 3
  Flow cover: 143
  Flow path: 3
  GUB cover: 2
  Inf proof: 1
  Zero half: 1
  Network: 2
  RLT: 10
  Relax-and-lift: 4

Explored 10539 nodes (530481 simplex iterations) in 164.99 seconds (85.63 work units)
Thread count was 1 (of 8 available processors)

Solution count 10: 63.887 63.887 63.887 ... 76.1206

Optimal solution found (tolerance 5.00e-03)
Best objective 6.388696310689e+01, best bound 6.357694157101e+01, gap 0.4853%
