
Gurobi 11.0.0 (win64) logging started Thu Aug 27 12:29:17 2026

Set parameter LogFile to value "C:\Users\celinep\Documents\GitHub\ChargeAndBreak\logs\VSS\RmediumCmanyTlarge_13_DET_20260827_113748_404_gurobi.log"
Gurobi Optimizer version 11.0.0 build v11.0.0rc2 (win64 - Windows 11+.0 (26200.2))

CPU model: 11th Gen Intel(R) Core(TM) i5-1145G7 @ 2.60GHz, instruction set [SSE2|AVX|AVX2|AVX512]
Thread count: 4 physical cores, 8 logical processors, using up to 1 threads

Optimize a model with 5294 rows, 2952 columns and 18090 nonzeros
Model fingerprint: 0xfed62641
Variable types: 1864 continuous, 1088 integer (1088 binary)
Coefficient statistics:
  Matrix range     [2e-02, 1e+03]
  Objective range  [1e+00, 1e+00]
  Bounds range     [1e+00, 1e+00]
  RHS range        [6e-03, 5e+02]
Presolve removed 1798 rows and 617 columns
Presolve time: 0.11s
Presolved: 3496 rows, 2335 columns, 15607 nonzeros
Variable types: 1393 continuous, 942 integer (941 binary)
Found heuristic solution: objective 128.3431722

Root relaxation: objective 6.268327e+01, 2266 iterations, 0.10 seconds (0.07 work units)

    Nodes    |    Current Node    |     Objective Bounds      |     Work
 Expl Unexpl |  Obj  Depth IntInf | Incumbent    BestBd   Gap | It/Node Time

     0     0   62.68327    0  129  128.34317   62.68327  51.2%     -    0s
H    0     0                     118.0931722   62.68327  46.9%     -    0s
     0     0   63.85241    0  112  118.09317   63.85241  45.9%     -    0s
H    0     0                      77.3113546   63.86430  17.4%     -    0s
     0     0   63.89410    0  115   77.31135   63.89410  17.4%     -    0s
     0     0   64.15484    0  130   77.31135   64.15484  17.0%     -    0s
H    0     0                      76.7409739   64.17217  16.4%     -    0s
     0     0   64.17243    0  129   76.74097   64.17243  16.4%     -    0s
     0     0   64.17264    0  129   76.74097   64.17264  16.4%     -    0s
     0     0   64.33162    0  134   76.74097   64.33162  16.2%     -    0s
     0     0   64.39249    0  133   76.74097   64.39249  16.1%     -    0s
     0     0   64.39249    0  143   76.74097   64.39249  16.1%     -    0s
     0     0   64.39249    0  130   76.74097   64.39249  16.1%     -    0s
     0     0   64.39249    0  132   76.74097   64.39249  16.1%     -    0s
     0     0   64.39249    0  130   76.74097   64.39249  16.1%     -    0s
     0     0   64.44325    0  130   76.74097   64.44325  16.0%     -    1s
     0     0   64.44325    0  140   76.74097   64.44325  16.0%     -    1s
     0     0   64.44325    0  131   76.74097   64.44325  16.0%     -    1s
     0     0   64.44325    0  131   76.74097   64.44325  16.0%     -    1s
     0     0   64.44325    0  131   76.74097   64.44325  16.0%     -    1s
     0     0   64.44325    0  152   76.74097   64.44325  16.0%     -    1s
     0     0   64.45778    0  155   76.74097   64.45778  16.0%     -    1s
     0     0   64.45974    0  155   76.74097   64.45974  16.0%     -    1s
     0     0   64.51302    0  149   76.74097   64.51302  15.9%     -    1s
     0     0   64.57133    0  151   76.74097   64.57133  15.9%     -    1s
     0     0   64.57133    0  148   76.74097   64.57133  15.9%     -    1s
     0     0   64.57133    0  149   76.74097   64.57133  15.9%     -    1s
     0     0   64.57133    0  140   76.74097   64.57133  15.9%     -    1s
     0     0   64.62360    0  149   76.74097   64.62360  15.8%     -    1s
     0     0   64.62360    0  139   76.74097   64.62360  15.8%     -    1s
     0     0   64.62360    0  139   76.74097   64.62360  15.8%     -    1s
     0     0   64.62360    0  139   76.74097   64.62360  15.8%     -    1s
     0     0   64.65373    0  134   76.74097   64.65373  15.8%     -    1s
     0     0   64.65373    0  149   76.74097   64.65373  15.8%     -    1s
H    0     0                      76.4131584   64.65373  15.4%     -    1s
     0     0   64.65373    0  149   76.41316   64.65373  15.4%     -    1s
     0     0   64.65373    0  145   76.41316   64.65373  15.4%     -    1s
     0     0   64.65373    0  152   76.41316   64.65373  15.4%     -    1s
     0     0   64.65373    0  151   76.41316   64.65373  15.4%     -    1s
H    0     0                      76.2802386   64.65373  15.2%     -    1s
     0     0   64.65373    0  152   76.28024   64.65373  15.2%     -    1s
     0     0   64.65373    0  148   76.28024   64.65373  15.2%     -    1s
     0     0   64.65373    0  148   76.28024   64.65373  15.2%     -    2s
H    0     0                      76.0227682   64.67013  14.9%     -    2s
     0     2   64.67013    0  118   76.02277   64.67013  14.9%     -    2s
   246   217   70.89294   88   15   76.02277   64.67013  14.9%  22.9    5s
H  397   340                      75.9873130   64.73372  14.8%  22.9    6s
H  513   434                      75.8612624   64.76304  14.6%  23.7    7s
H  564   342                      67.0974125   64.79810  3.43%  24.8    8s
   573   348   65.38321   17  175   67.09741   64.91752  3.25%  24.4   10s
   609   372   65.69702   23  141   67.09741   65.57783  2.26%  23.0   15s
   661   408   66.65625   28  105   67.09741   66.65625  0.66%  52.4   20s
H  712   416                      67.0306341   66.68496  0.52%  70.0   23s

Cutting planes:
  Gomory: 23
  Cover: 10
  Implied bound: 33
  Projected implied bound: 1
  MIR: 73
  Mixing: 1
  Flow cover: 107
  Flow path: 1
  Zero half: 1
  Mod-K: 1
  RLT: 12
  Relax-and-lift: 10

Explored 776 nodes (56422 simplex iterations) in 24.19 seconds (11.33 work units)
Thread count was 1 (of 8 available processors)

Solution count 10: 67.0306 67.0974 67.0974 ... 77.3114

Optimal solution found (tolerance 5.00e-03)
Best objective 6.703063406558e+01, best bound 6.671743605358e+01, gap 0.4672%
