
Gurobi 11.0.0 (win64) logging started Thu Aug 27 14:17:45 2026

Set parameter LogFile to value "C:\Users\celinep\Documents\GitHub\ChargeAndBreak\logs\VSS\RmediumCmediumTnone_2_DET_20260827_113748_561_gurobi.log"
Gurobi Optimizer version 11.0.0 build v11.0.0rc2 (win64 - Windows 11+.0 (26200.2))

CPU model: 11th Gen Intel(R) Core(TM) i5-1145G7 @ 2.60GHz, instruction set [SSE2|AVX|AVX2|AVX512]
Thread count: 4 physical cores, 8 logical processors, using up to 1 threads

Optimize a model with 4218 rows, 2350 columns and 14418 nonzeros
Model fingerprint: 0x8a9ea9e2
Variable types: 1486 continuous, 864 integer (864 binary)
Coefficient statistics:
  Matrix range     [1e-02, 1e+03]
  Objective range  [1e+00, 1e+00]
  Bounds range     [1e+00, 1e+00]
  RHS range        [2e-02, 2e+07]
Presolve removed 1444 rows and 525 columns
Presolve time: 0.08s
Presolved: 2774 rows, 1825 columns, 11532 nonzeros
Variable types: 1102 continuous, 723 integer (722 binary)
Found heuristic solution: objective 80.8934550

Root relaxation: objective 4.815505e+01, 1502 iterations, 0.06 seconds (0.04 work units)

    Nodes    |    Current Node    |     Objective Bounds      |     Work
 Expl Unexpl |  Obj  Depth IntInf | Incumbent    BestBd   Gap | It/Node Time

     0     0   48.15505    0  113   80.89345   48.15505  40.5%     -    0s
     0     0   48.36613    0  116   80.89345   48.36613  40.2%     -    0s
H    0     0                      79.9568759   48.36613  39.5%     -    0s
     0     0   49.40987    0   73   79.95688   49.40987  38.2%     -    0s
     0     0   49.41106    0   75   79.95688   49.41106  38.2%     -    0s
     0     0   49.42912    0   76   79.95688   49.42912  38.2%     -    0s
     0     0   49.66695    0   69   79.95688   49.66695  37.9%     -    0s
H    0     0                      68.8768629   49.67375  27.9%     -    0s
     0     0   49.67564    0   62   68.87686   49.67564  27.9%     -    0s
     0     0   49.68207    0   63   68.87686   49.68207  27.9%     -    0s
     0     0   49.68300    0   63   68.87686   49.68300  27.9%     -    0s
     0     0   49.75265    0   79   68.87686   49.75265  27.8%     -    0s
H    0     0                      67.5274238   49.77068  26.3%     -    0s
     0     0   49.77068    0   98   67.52742   49.77068  26.3%     -    0s
     0     0   49.77068    0   98   67.52742   49.77068  26.3%     -    0s
     0     0   49.77071    0   98   67.52742   49.77071  26.3%     -    0s
     0     0   49.83002    0   96   67.52742   49.83002  26.2%     -    0s
     0     0   49.86501    0  107   67.52742   49.86501  26.2%     -    0s
     0     0   49.86501    0  107   67.52742   49.86501  26.2%     -    0s
     0     0   49.86501    0   86   67.52742   49.86501  26.2%     -    0s
     0     0   49.88288    0   88   67.52742   49.88288  26.1%     -    1s
     0     0   49.88292    0  110   67.52742   49.88292  26.1%     -    1s
     0     0   49.88308    0  118   67.52742   49.88308  26.1%     -    1s
     0     0   49.88701    0  120   67.52742   49.88701  26.1%     -    1s
     0     0   49.88946    0   87   67.52742   49.88946  26.1%     -    1s
     0     0   49.88963    0   82   67.52742   49.88963  26.1%     -    1s
     0     0   49.89001    0   94   67.52742   49.89001  26.1%     -    1s
     0     0   49.89001    0   94   67.52742   49.89001  26.1%     -    1s
     0     0   49.89035    0   87   67.52742   49.89035  26.1%     -    1s
     0     0   49.92755    0   82   67.52742   49.92755  26.1%     -    1s
H    0     0                      66.7473641   49.92755  25.2%     -    1s
H    0     0                      66.6503301   49.92755  25.1%     -    1s
     0     2   49.92755    0   80   66.65033   49.92755  25.1%     -    1s
H   16    16                      58.3043272   49.92755  14.4%  21.7    2s
H   22    22                      57.4836634   49.92755  13.1%  21.2    2s
   322   243   51.97750  108    9   57.48366   49.93004  13.1%  12.4    5s
H  596   439                      57.3169967   50.06995  12.6%  10.8    7s
H  598   441                      57.3169960   50.06995  12.6%  10.8    7s
   621   461   52.58713   97   81   57.31700   50.22632  12.4%  10.6   10s
   647   478   50.31598    9   95   57.31700   50.31598  12.2%  10.1   15s
   741   521   50.63652   57   20   57.31700   50.38795  12.1%  31.8   20s
  1007   583   50.92069   81   52   57.31700   50.38960  12.1%  37.8   25s
  1362   651   50.57292   23   48   57.31700   50.43765  12.0%  37.5   30s
  1597   711   50.71948   50   55   57.31700   50.47931  11.9%  37.8   35s
  1735   714   50.65336   25   34   57.31700   50.49402  11.9%  38.4   40s
  1858   765   51.59169   87   22   57.31700   50.49402  11.9%  38.1   46s
  1977   782   50.54361   57   64   57.31700   50.50165  11.9%  40.2   50s
  2061   814   51.10323   99   37   57.31700   50.50165  11.9%  40.6   55s
H 2096   802                      57.3169960   50.51438  11.9%  40.4   56s
  2232   875   53.71349   22   62   57.31700   50.52499  11.8%  39.7   61s
  2259   902   53.68602   49   26   57.31700   50.52499  11.8%  39.6   66s
  2456  1076   50.78111   59    8   57.31700   50.52874  11.8%  38.4   70s
  2585  1169   51.15338   49   36   57.31700   50.53454  11.8%  37.7   75s
  3000  1487   50.56975   33   56   57.31700   50.55010  11.8%  36.8   80s
  3132  1582   51.89019   63   31   57.31700   50.55185  11.8%  37.6   85s
  3312  1702   52.03731   43   48   57.31700   50.56738  11.8%  37.0   90s
  3405  1750   50.76456   32   50   57.31700   50.58515  11.7%  37.4   95s
  3665  1943   52.68742   40   76   57.31700   50.59685  11.7%  37.0  100s
  3714  1971   53.60115   20   52   57.31700   50.60413  11.7%  37.0  105s
  3830  2028   53.79091   35   12   57.31700   50.62146  11.7%  38.5  110s
  3903  2077   51.21813   29  101   57.31700   50.65506  11.6%  39.2  116s
  4151  2259   51.72927   40   13   57.31700   50.66720  11.6%  39.5  120s
  4369  2397   51.59000   61   88   57.31700   50.69799  11.5%  40.2  125s
  4602  2531   54.40853   30   66   57.31700   50.71743  11.5%  41.3  130s
  4820  2656   51.15063   27  103   57.31700   50.73441  11.5%  41.6  135s
  5070  2790   50.96428   38   45   57.31700   50.75356  11.5%  42.7  140s
  5117  2820   56.91615   57  156   57.31700   50.75396  11.5%  42.4  145s
  5201  2846   51.40409   65   14   57.31700   50.75396  11.5%  44.1  150s
  5413  2834   51.05825   48   48   57.31700   50.75396  11.5%  43.7  155s
  5650  2826   50.75396   32  149   57.31700   50.75396  11.5%  43.6  160s
  5849  2895   50.85340   23  133   57.31700   50.75396  11.5%  45.0  165s
  6065  3012   52.36637   70   80   57.31700   50.75396  11.5%  44.5  170s
  6179  3056   51.15136   53   87   57.31700   50.75396  11.5%  44.4  175s
  6342  3145   51.96637   56  102   57.31700   50.75396  11.5%  44.1  180s
  6499  3205   51.10004   44  180   57.31700   50.75396  11.5%  44.2  185s
  6746  3305   54.04765  124   14   57.31700   50.75396  11.5%  44.1  190s
  7085  3404   50.89083   27   79   57.31700   50.75396  11.5%  43.8  195s
  7160  3436   51.52082   54   66   57.31700   50.75396  11.5%  43.7  200s
  7424  3550   52.60317   71   60   57.31700   50.75396  11.5%  43.7  205s
  7609  3601   52.94562   80   90   57.31700   50.77880  11.4%  44.4  210s
  7799  3648   51.48057   58   63   57.31700   50.78470  11.4%  44.3  215s
  7972  3687   50.87509   39  160   57.31700   50.80368  11.4%  44.8  220s
  8124  3730   52.02999   53  101   57.31700   50.81441  11.3%  45.3  225s
  8213  3747   54.64666   65   27   57.31700   50.82127  11.3%  45.7  230s
  8489  3832   54.35486   33   38   57.31700   50.82127  11.3%  47.1  235s
  8682  3876   54.97215   30   85   57.31700   50.82127  11.3%  48.3  240s
  8928  3953   53.86331   47   24   57.31700   50.82127  11.3%  49.3  245s
  9108  3987   53.58909   28   66   57.31700   50.82127  11.3%  50.7  250s
  9296  3999   53.51818   25   58   57.31700   50.82127  11.3%  51.4  255s
  9484  4013   51.04834   36  112   57.31700   50.82850  11.3%  52.7  260s
  9537  4012   52.12134   49   92   57.31700   50.82889  11.3%  52.7  266s
  9651  4022   50.94780   37  136   57.31700   50.83765  11.3%  52.9  270s
  9774  4069   54.09674   46   54   57.31700   50.84092  11.3%  53.1  275s
 10003  4116   50.98245   36  135   57.31700   50.86226  11.3%  54.2  280s
 10261  4163   53.82205   48   81   57.31700   50.89388  11.2%  54.6  285s
 10436  4207   53.74632   33   74   57.31700   50.90226  11.2%  54.9  290s
 10622  4248   53.41924   64  125   57.31700   50.92052  11.2%  55.1  295s
H10752  4104                      57.3169956   50.92410  11.2%  55.2  299s

Cutting planes:
  Learned: 2
  Gomory: 31
  Cover: 55
  Implied bound: 166
  Clique: 2
  MIR: 119
  Mixing: 9
  Flow cover: 420
  Inf proof: 4
  RLT: 17
  Relax-and-lift: 59

Explored 10760 nodes (596545 simplex iterations) in 300.00 seconds (100.82 work units)
Thread count was 1 (of 8 available processors)

Solution count 10: 57.317 57.317 57.317 ... 68.8769

Time limit reached
Best objective 5.731699559553e+01, best bound 5.092432851963e+01, gap 11.1532%
