
Gurobi 11.0.0 (win64) logging started Thu Aug 27 12:13:26 2026

Set parameter LogFile to value "C:\Users\celinep\Documents\GitHub\ChargeAndBreak\logs\VSS\RmediumCfewTtight_14_DET_20260827_113748_380_gurobi.log"
Gurobi Optimizer version 11.0.0 build v11.0.0rc2 (win64 - Windows 11+.0 (26200.2))

CPU model: 11th Gen Intel(R) Core(TM) i5-1145G7 @ 2.60GHz, instruction set [SSE2|AVX|AVX2|AVX512]
Thread count: 4 physical cores, 8 logical processors, using up to 1 threads

Optimize a model with 5271 rows, 2940 columns and 18124 nonzeros
Model fingerprint: 0x2c368ae7
Variable types: 1858 continuous, 1082 integer (1082 binary)
Coefficient statistics:
  Matrix range     [3e-02, 1e+03]
  Objective range  [1e+00, 1e+00]
  Bounds range     [1e+00, 1e+00]
  RHS range        [2e-01, 5e+02]
Presolve removed 1755 rows and 597 columns
Presolve time: 0.14s
Presolved: 3516 rows, 2343 columns, 15702 nonzeros
Variable types: 1407 continuous, 936 integer (935 binary)
Found heuristic solution: objective 123.3748805

Root relaxation: objective 6.130986e+01, 2455 iterations, 0.10 seconds (0.07 work units)

    Nodes    |    Current Node    |     Objective Bounds      |     Work
 Expl Unexpl |  Obj  Depth IntInf | Incumbent    BestBd   Gap | It/Node Time

     0     0   61.30986    0  152  123.37488   61.30986  50.3%     -    0s
     0     0   62.11991    0  129  123.37488   62.11991  49.6%     -    0s
H    0     0                      75.8878738   62.14830  18.1%     -    0s
     0     0   62.14830    0  131   75.88787   62.14830  18.1%     -    0s
     0     0   62.14951    0  133   75.88787   62.14951  18.1%     -    0s
     0     0   62.15610    0  133   75.88787   62.15610  18.1%     -    0s
     0     0   62.15615    0  144   75.88787   62.15615  18.1%     -    0s
     0     0   62.25947    0  140   75.88787   62.25947  18.0%     -    0s
     0     0   62.28213    0  157   75.88787   62.28213  17.9%     -    0s
     0     0   62.28213    0  159   75.88787   62.28213  17.9%     -    0s
     0     0   62.28213    0  159   75.88787   62.28213  17.9%     -    0s
     0     0   62.28213    0  159   75.88787   62.28213  17.9%     -    0s
     0     0   62.44706    0  172   75.88787   62.44706  17.7%     -    0s
H    0     0                      75.8335589   62.44900  17.6%     -    1s
     0     0   62.45531    0  166   75.83356   62.45531  17.6%     -    1s
     0     0   62.45607    0  166   75.83356   62.45607  17.6%     -    1s
     0     0   62.45634    0  165   75.83356   62.45634  17.6%     -    1s
     0     0   62.45634    0  165   75.83356   62.45634  17.6%     -    1s
     0     0   62.57954    0  163   75.83356   62.57954  17.5%     -    1s
     0     0   62.58138    0  195   75.83356   62.58138  17.5%     -    1s
     0     0   62.58286    0  189   75.83356   62.58286  17.5%     -    1s
     0     0   62.58286    0  184   75.83356   62.58286  17.5%     -    1s
     0     0   62.58681    0  177   75.83356   62.58681  17.5%     -    1s
     0     0   62.60588    0  177   75.83356   62.60588  17.4%     -    1s
     0     0   62.60588    0  175   75.83356   62.60588  17.4%     -    1s
     0     0   62.60588    0  170   75.83356   62.60588  17.4%     -    1s
     0     0   62.60588    0  170   75.83356   62.60588  17.4%     -    1s
     0     0   62.60588    0  171   75.83356   62.60588  17.4%     -    1s
H    0     0                      75.7861544   62.61474  17.4%     -    1s
     0     0   62.61474    0  172   75.78615   62.61474  17.4%     -    1s
     0     0   62.61474    0  157   75.78615   62.61474  17.4%     -    1s
     0     0   62.61825    0  180   75.78615   62.61825  17.4%     -    1s
     0     0   62.61825    0  172   75.78615   62.61825  17.4%     -    1s
     0     0   62.61825    0  172   75.78615   62.61825  17.4%     -    1s
     0     0   62.61825    0  172   75.78615   62.61825  17.4%     -    1s
     0     0   62.62335    0  172   75.78615   62.62335  17.4%     -    1s
     0     0   62.62335    0  174   75.78615   62.62335  17.4%     -    1s
     0     0   62.65198    0  174   75.78615   62.65198  17.3%     -    1s
     0     0   62.65198    0  174   75.78615   62.65198  17.3%     -    2s
H    0     0                      75.6729351   62.65198  17.2%     -    2s
     0     2   62.65198    0  144   75.67294   62.65198  17.2%     -    2s
H   67    65                      74.8793634   62.69752  16.3%  13.9    3s
H  106   104                      74.7960300   62.69752  16.2%  13.3    3s
H  183   100                      67.1571231   62.69752  6.64%  13.4    3s
H  203   107                      67.1043842   62.69752  6.57%  13.0    4s
H  297   168                      67.0490711   62.77417  6.38%  13.1    4s
   404   270   64.14338  134   30   67.04907   62.77417  6.38%  12.3    5s
H  432   276                      66.8870659   62.79998  6.11%  13.6    5s
H  436   183                      65.1650330   62.79998  3.63%  13.7    5s
H  445   192                      65.1439204   62.79998  3.60%  13.8    5s
H  494   221                      64.8883053   62.79998  3.22%  13.5    5s
H  513   235                      64.8447671   62.79998  3.15%  13.5    5s
H  540   247                      64.7703586   62.80287  3.04%  13.7    5s
H  564   269                      64.6712004   62.80287  2.89%  14.3    6s
   591   289   64.14564   20   82   64.67120   64.14564  0.81%  31.3   10s
   627   314   64.26425   66   69   64.67120   64.26425  0.63%  55.5   15s
H  688   312                      64.6614468   64.26425  0.61%  69.7   16s
H  689   291                      64.6087023   64.26425  0.53%  69.7   16s

Cutting planes:
  Learned: 2
  Gomory: 33
  Cover: 20
  Implied bound: 79
  Clique: 4
  MIR: 118
  Mixing: 15
  StrongCG: 1
  Flow cover: 218
  Flow path: 2
  Zero half: 1
  RLT: 17
  Relax-and-lift: 18
  PSD: 2

Explored 701 nodes (53439 simplex iterations) in 16.55 seconds (7.57 work units)
Thread count was 1 (of 8 available processors)

Solution count 10: 64.6087 64.6614 64.6712 ... 67.0491

Optimal solution found (tolerance 5.00e-03)
Best objective 6.460870227174e+01, best bound 6.428637492375e+01, gap 0.4989%
