
Gurobi 11.0.0 (win64) logging started Thu Aug 27 14:39:17 2026

Set parameter LogFile to value "C:\Users\celinep\Documents\GitHub\ChargeAndBreak\logs\VSS\RmediumCmediumTtight_22_DET_20260827_113748_589_gurobi.log"
Gurobi Optimizer version 11.0.0 build v11.0.0rc2 (win64 - Windows 11+.0 (26200.2))

CPU model: 11th Gen Intel(R) Core(TM) i5-1145G7 @ 2.60GHz, instruction set [SSE2|AVX|AVX2|AVX512]
Thread count: 4 physical cores, 8 logical processors, using up to 1 threads

Optimize a model with 4286 rows, 2388 columns and 14651 nonzeros
Model fingerprint: 0xf30ad960
Variable types: 1509 continuous, 879 integer (879 binary)
Coefficient statistics:
  Matrix range     [2e-02, 1e+03]
  Objective range  [1e+00, 1e+00]
  Bounds range     [1e+00, 1e+00]
  RHS range        [8e-02, 5e+02]
Presolve removed 1464 rows and 506 columns
Presolve time: 0.06s
Presolved: 2822 rows, 1882 columns, 12591 nonzeros
Variable types: 1133 continuous, 749 integer (748 binary)
Found heuristic solution: objective 104.0231838

Root relaxation: objective 5.064939e+01, 1831 iterations, 0.05 seconds (0.05 work units)

    Nodes    |    Current Node    |     Objective Bounds      |     Work
 Expl Unexpl |  Obj  Depth IntInf | Incumbent    BestBd   Gap | It/Node Time

     0     0   50.64939    0  115  104.02318   50.64939  51.3%     -    0s
H    0     0                     103.5774935   50.64939  51.1%     -    0s
     0     0   51.63881    0  122  103.57749   51.63881  50.1%     -    0s
H    0     0                      96.1031317   51.65732  46.2%     -    0s
     0     0   51.66009    0  103   96.10313   51.66009  46.2%     -    0s
     0     0   51.66090    0  109   96.10313   51.66090  46.2%     -    0s
     0     0   51.83859    0  109   96.10313   51.83859  46.1%     -    0s
     0     0   51.87442    0  112   96.10313   51.87442  46.0%     -    0s
     0     0   51.87442    0  112   96.10313   51.87442  46.0%     -    0s
     0     0   51.92611    0  135   96.10313   51.92611  46.0%     -    0s
H    0     0                      85.1546705   52.03701  38.9%     -    0s
     0     0   52.03701    0  130   85.15467   52.03701  38.9%     -    0s
     0     0   52.03701    0  113   85.15467   52.03701  38.9%     -    0s
     0     0   52.03701    0  113   85.15467   52.03701  38.9%     -    0s
     0     0   52.03701    0  134   85.15467   52.03701  38.9%     -    0s
     0     0   52.03782    0  113   85.15467   52.03782  38.9%     -    0s
     0     0   52.03782    0  147   85.15467   52.03782  38.9%     -    0s
     0     0   52.05735    0  131   85.15467   52.05735  38.9%     -    0s
     0     0   52.05735    0  131   85.15467   52.05735  38.9%     -    0s
     0     0   52.05735    0  133   85.15467   52.05735  38.9%     -    0s
     0     0   52.05735    0  136   85.15467   52.05735  38.9%     -    0s
H    0     0                      83.1546705   52.06491  37.4%     -    1s
     0     0   52.06491    0  136   83.15467   52.06491  37.4%     -    1s
     0     0   52.07161    0  135   83.15467   52.07161  37.4%     -    1s
H    0     0                      83.1055557   52.07971  37.3%     -    1s
     0     0   52.07971    0  133   83.10556   52.07971  37.3%     -    1s
     0     0   52.07971    0  133   83.10556   52.07971  37.3%     -    1s
     0     0   52.07971    0  133   83.10556   52.07971  37.3%     -    1s
     0     0   52.10150    0  133   83.10556   52.10150  37.3%     -    1s
     0     0   52.11202    0  108   83.10556   52.11202  37.3%     -    1s
H    0     0                      82.3417599   52.11202  36.7%     -    1s
     0     2   52.11202    0  108   82.34176   52.11202  36.7%     -    1s
H    3     3                      59.6674218   52.18208  12.5%  76.0    1s
H  128   105                      59.5809889   52.26482  12.3%  28.6    2s
H  216   152                      59.5240068   52.26482  12.2%  23.1    3s
   382   294   54.25561   67   15   59.52401   52.35951  12.0%  23.2    5s
H  397   295                      59.2967022   52.36163  11.7%  22.5    5s
H  405   298                      59.1300355   52.36163  11.4%  22.5    5s
H  597   454                      58.6300355   52.39154  10.6%  20.7    7s
   607   461   56.98875   64  123   58.63004   52.39154  10.6%  20.4   10s
   634   479   54.45767   72  212   58.63004   52.63874  10.2%  19.5   15s
H  636   455                      58.6300353   52.65404  10.2%  19.5   16s
   723   476   52.94042   17   98   58.63004   52.84561  9.87%  44.5   20s
   891   455   53.60501   16  122   58.63004   53.04961  9.52%  51.9   25s
H  979   436                      58.6300351   53.04961  9.52%  49.9   26s
H 1141   396                      58.6300349   53.28744  9.11%  54.3   29s
  1170   396   53.45090   17   87   58.63003   53.29753  9.10%  53.7   30s
H 1298   380                      58.6300346   53.53602  8.69%  52.2   32s
  1392   386   56.54407   27   56   58.63003   53.63632  8.52%  53.6   35s
  1577   351   57.81907   34   59   58.63003   53.96942  7.95%  59.5   40s
  1737   326   58.33804   22  143   58.63003   54.20643  7.54%  64.4   45s
  1904   353     cutoff   28        58.63003   54.41069  7.20%  66.3   50s
  2085   390   56.51489   24  110   58.63003   54.51711  7.02%  68.0   55s
  2254   416   56.87975   28   74   58.63003   54.96705  6.25%  69.6   60s
H 2419   374                      58.5467022   56.21282  3.99%  72.6   64s
  2426   379   58.28560   22   52   58.54670   56.21282  3.99%  72.9   65s
  2617   425   56.48868   31  130   58.54670   56.37806  3.70%  72.6   70s
H 2701   455                      58.5467021   56.39437  3.68%  71.6   72s
H 2782   476                      58.5467018   56.45507  3.57%  71.1   74s
H 2794   479                      58.5467012   56.45507  3.57%  70.9   74s
  2836   507   58.00397   43   43   58.54670   56.45507  3.57%  70.3   75s
  3047   545   57.50010   47   35   58.54670   56.50437  3.49%  69.9   80s
  3220   600   56.97720   26  110   58.54670   56.56664  3.38%  69.6   85s
H 3288   609                      58.5467003   56.60098  3.32%  69.0   86s
  3392   598   56.85177   37  111   58.54670   56.67404  3.20%  69.8   90s
  3594   599   57.60388   31  133   58.54670   56.82500  2.94%  70.6   95s
  3826   620     cutoff   33        58.54670   56.91673  2.78%  71.6  100s
  4078   631   57.83525   32  109   58.54670   57.03050  2.59%  72.5  105s
  4311   568     cutoff   21        58.54670   57.15819  2.37%  75.3  110s
  4499   513   58.43907   28  135   58.54670   57.28560  2.15%  76.8  115s
  4796   418   57.72813   17  142   58.54670   57.56467  1.68%  76.8  120s
  4990   389   58.02553   27  103   58.54670   57.65683  1.52%  78.3  125s
  5207   357     cutoff   14        58.54670   57.73943  1.38%  79.2  130s
  5456   363   57.88668   39  140   58.54670   57.83303  1.22%  78.2  135s
  5827   311   58.39198   40  134   58.54670   57.94122  1.03%  76.6  140s
  6073   254   58.19540   37  127   58.54670   58.05192  0.85%  76.3  145s

Cutting planes:
  Learned: 3
  Gomory: 53
  Cover: 74
  Implied bound: 236
  Clique: 1
  MIR: 159
  Mixing: 11
  Flow cover: 478
  Flow path: 1
  GUB cover: 1
  Inf proof: 4
  RLT: 12
  Relax-and-lift: 39
  PSD: 1

Explored 6308 nodes (481038 simplex iterations) in 149.44 seconds (55.71 work units)
Thread count was 1 (of 8 available processors)

Solution count 10: 58.5467 58.5467 58.5467 ... 59.13

Optimal solution found (tolerance 5.00e-03)
Best objective 5.854670030994e+01, best bound 5.825967915149e+01, gap 0.4902%
