
Gurobi 9.5.2 (linux64) logging started Wed Aug 26 23:25:00 2026

Set parameter LogFile to value "/mnt/beegfs/users/celinep/ChargeAndBreak/logs/VSS/RmediumCfewTlarge_4_DET_20260826_232302_019_gurobi.log"
Gurobi Optimizer version 9.5.2 build v9.5.2rc0 (linux64)
Thread count: 16 physical cores, 32 logical processors, using up to 1 threads
Optimize a model with 6121 rows, 3416 columns and 21062 nonzeros
Model fingerprint: 0xb90eae8d
Variable types: 2160 continuous, 1256 integer (1256 binary)
Coefficient statistics:
  Matrix range     [3e-02, 1e+03]
  Objective range  [1e+00, 1e+00]
  Bounds range     [1e+00, 1e+00]
  RHS range        [3e-02, 5e+02]
Presolve removed 2027 rows and 680 columns
Presolve time: 0.06s
Presolved: 4094 rows, 2736 columns, 18439 nonzeros
Variable types: 1640 continuous, 1096 integer (1095 binary)
Found heuristic solution: objective 140.6636289

Root relaxation: objective 6.890027e+01, 2991 iterations, 0.09 seconds (0.09 work units)

    Nodes    |    Current Node    |     Objective Bounds      |     Work
 Expl Unexpl |  Obj  Depth IntInf | Incumbent    BestBd   Gap | It/Node Time

     0     0   68.90027    0  180  140.66363   68.90027  51.0%     -    0s
     0     0   70.17337    0  169  140.66363   70.17337  50.1%     -    0s
     0     0   70.21550    0  166  140.66363   70.21550  50.1%     -    0s
     0     0   70.21585    0  166  140.66363   70.21585  50.1%     -    0s
     0     0   70.40480    0  236  140.66363   70.40480  49.9%     -    0s
     0     0   70.41055    0  207  140.66363   70.41055  49.9%     -    0s
     0     0   70.41134    0  208  140.66363   70.41134  49.9%     -    0s
     0     0   70.50384    0  170  140.66363   70.50384  49.9%     -    0s
H    0     0                     115.9437365   70.50384  39.2%     -    0s
     0     0   70.51480    0  221  115.94374   70.51480  39.2%     -    0s
     0     0   70.51601    0  218  115.94374   70.51601  39.2%     -    0s
     0     0   70.51621    0  215  115.94374   70.51621  39.2%     -    0s
     0     0   70.58056    0  209  115.94374   70.58056  39.1%     -    0s
H    0     0                     114.8095090   70.58056  38.5%     -    0s
     0     0   70.59371    0  193  114.80951   70.59371  38.5%     -    0s
     0     0   70.59605    0  191  114.80951   70.59605  38.5%     -    0s
     0     0   70.59610    0  188  114.80951   70.59610  38.5%     -    0s
     0     0   70.64702    0  164  114.80951   70.64702  38.5%     -    0s
H    0     0                      94.6599052   70.64702  25.4%     -    0s
     0     0   70.65314    0  177   94.65991   70.65314  25.4%     -    0s
     0     0   70.65332    0  177   94.65991   70.65332  25.4%     -    0s
     0     0   70.66018    0  176   94.65991   70.66018  25.4%     -    0s
     0     0   70.66060    0  181   94.65991   70.66060  25.4%     -    0s
     0     0   70.66068    0  180   94.65991   70.66068  25.4%     -    0s
     0     0   70.66205    0  175   94.65991   70.66205  25.4%     -    0s
H    0     0                      79.5550845   70.66205  11.2%     -    0s
H    0     0                      79.5377199   70.66205  11.2%     -    1s
     0     0   70.66223    0  175   79.53772   70.66223  11.2%     -    1s
     0     0   70.66376    0  178   79.53772   70.66376  11.2%     -    1s
     0     0   70.66385    0  180   79.53772   70.66385  11.2%     -    1s
     0     0   70.66440    0  180   79.53772   70.66440  11.2%     -    1s
     0     0   70.66440    0  180   79.53772   70.66440  11.2%     -    1s
H    0     0                      79.1183690   70.66440  10.7%     -    1s
H    0     0                      78.9281851   70.66440  10.5%     -    1s
H    0     0                      78.8175356   70.66440  10.3%     -    1s
     0     2   70.66440    0  119   78.81754   70.66440  10.3%     -    1s
H  433   401                      78.7097172   70.70688  10.2%  19.5    2s
H  510   469                      78.6605612   70.70710  10.1%  20.0    3s
   526   480   72.41724    8  146   78.66056   70.86497  9.91%  19.4    5s
   579   515   71.61378   48  325   78.66056   71.05769  9.67%  17.6   10s
   645   561   71.62634   54  239   78.66056   71.45682  9.16%  70.4   15s
   713   606   71.68868   19  215   78.66056   71.68868  8.86%  63.7   20s
   786   656   71.79113   20  161   78.66056   71.79113  8.73%  95.0   25s
   812   675   72.19961   33  191   78.66056   71.84812  8.66%   124   30s
H 1055   713                      78.5772279   71.92910  8.46%   117   34s
  1082   732   77.03389  177   47   78.57723   71.92910  8.46%   119   35s
H 1218   708                      78.5772271   72.11599  8.22%   122   37s
  1362   762   74.26748  147   45   78.57723   72.14096  8.19%   114   40s
H 1490   786                      78.4938946   72.16177  8.07%   110   42s
H 1517   764                      78.4938935   72.16177  8.07%   109   42s
  1679   838   73.17086  119  159   78.49389   72.25102  7.95%   104   45s
H 1706   823                      78.4867488   72.25102  7.94%   103   45s
H 1814   812                      78.4867477   72.26407  7.93%   109   47s
  1943   871   72.37507   60  200   78.48675   72.29014  7.90%   107   50s
  2104   918   72.36602   64  164   78.48675   72.33925  7.83%   114   55s
H 2113   896                      78.4867476   72.33925  7.83%   114   55s
  2390  1097   74.44287  109  132   78.48675   72.34481  7.83%   107   60s
  2549  1185   75.41861   98  146   78.48675   72.36159  7.80%   113   65s
  2673  1261 infeasible   82        78.48675   72.36200  7.80%   115   70s
  2852  1337   78.36356   49  118   78.48675   72.36584  7.80%   114   75s
  2981  1418   72.62570   44  247   78.48675   72.36646  7.80%   116   80s
  3129  1495 infeasible   37        78.48675   72.37045  7.79%   121   85s
  3248  1551   78.23117   41  123   78.48675   72.37371  7.79%   126   90s
  3498  1665   74.67789   57  146   78.48675   72.37698  7.78%   127   95s
  3835  1792   75.60364   92  106   78.48675   72.38772  7.77%   126  100s
  4040  1910   75.97872  135   41   78.48675   72.40162  7.75%   126  105s
  4232  1992   72.42808   74  123   78.48675   72.41244  7.74%   128  110s
  4364  2047   74.03741   85  181   78.48675   72.41495  7.74%   129  115s
  4551  2135   73.51586   46  155   78.48675   72.41557  7.74%   130  120s
  4696  2187     cutoff   79        78.48675   72.42109  7.73%   130  125s
  4947  2331   73.85158   96   60   78.48675   72.43378  7.71%   129  130s
  5161  2463 infeasible   86        78.48675   72.44013  7.70%   127  135s
  5371  2551   74.08256   79  120   78.48675   72.44796  7.69%   127  140s
  5534  2616   72.92829   86  149   78.48675   72.45399  7.69%   128  145s
  5739  2655   77.71631   75  109   78.48675   72.46876  7.67%   127  150s
  5918  2715   77.48446   90  115   78.48675   72.47173  7.66%   128  155s
  6215  2841   72.86718   88  189   78.48675   72.49056  7.64%   128  160s
  6415  2880   75.19294   82  148   78.48675   72.50051  7.63%   131  165s
  6651  2958   74.98073   48  115   78.48675   72.50930  7.62%   132  170s
  6871  2989   75.95927   83  130   78.48675   72.51606  7.61%   133  175s
  7099  3076   75.48466   74   93   78.48675   72.51929  7.60%   135  180s
  7316  3119   73.10521   73  137   78.48675   72.53088  7.59%   137  185s
  7749  3312   72.90660   57  127   78.48675   72.53973  7.58%   135  190s
  7942  3341   75.63151   88  166   78.48675   72.54852  7.57%   135  195s
  8182  3425   75.30530  116  157   78.48675   72.55758  7.55%   137  200s
  8400  3488   72.67996   71  207   78.48675   72.56820  7.54%   137  205s
  8602  3528   72.72967   84  259   78.48675   72.57747  7.53%   138  210s
  8787  3575   75.13765   63   59   78.48675   72.58954  7.51%   140  215s
  8955  3596   73.43531   56  157   78.48675   72.60805  7.49%   142  220s
  9176  3707 infeasible   53        78.48675   72.61656  7.48%   142  225s
  9399  3802   72.74583   56  213   78.48675   72.64053  7.45%   142  230s
  9729  3954   73.15490   58  210   78.48675   72.66003  7.42%   141  235s
 10203  4189   73.90140   70  180   78.48675   72.68005  7.40%   137  247s
 10229  4206   75.65109   93  139   78.48675   72.68005  7.40%   137  250s
 10259  4226   73.10534   83  204   78.48675   72.68005  7.40%   136  255s
 10278  4239   78.45733   58  225   78.48675   72.68005  7.40%   136  260s
 10300  4254   74.64029  103  218   78.48675   72.68005  7.40%   136  265s
 10326  4271   74.44286   42  182   78.48675   72.68005  7.40%   135  270s
 10347  4285   75.05422  144  210   78.48675   72.68005  7.40%   135  276s
 10352  4289   72.68005   47  287   78.48675   72.68005  7.40%   138  280s
 10361  4291   72.68005   52  209   78.48675   72.68005  7.40%   138  285s
 10392  4301   72.68005   68  158   78.48675   72.68005  7.40%   138  290s
 10636  4264   72.68005   57  202   78.48675   72.68005  7.40%   136  295s
 10939  4316   73.57924  114  234   78.48675   72.68005  7.40%   134  300s
H11025  4130                      78.4867443   72.68005  7.40%   133  301s
 11207  4158   72.87727   78  213   78.48674   72.68005  7.40%   132  305s
 11463  4174 infeasible  108        78.48674   72.68005  7.40%   131  310s
 11704  4200   73.87836  121   92   78.48674   72.68005  7.40%   130  315s
H11709  3987                      78.4867439   72.68005  7.40%   130  315s
 11892  3979   74.70795   62  167   78.48674   72.71347  7.36%   129  320s
H11918  3778                      78.4867438   72.71669  7.35%   129  321s
 12114  3769   73.61283  101  151   78.48674   72.86381  7.16%   129  325s
 12448  3763     cutoff  103        78.48674   72.95983  7.04%   127  330s
 12844  3525   77.44336   94   98   78.48674   73.35496  6.54%   126  335s
 13214  3428   75.01564   74  106   78.48674   73.78783  5.99%   125  340s
 13508  3281   76.13945   90  100   78.48674   74.07434  5.62%   125  345s
 13792  3182   76.04837   95  161   78.48674   74.53391  5.04%   125  350s
 14177  2975   76.43890   77  149   78.48674   75.36942  3.97%   124  355s
 14587  2615     cutoff   89        78.48674   76.29675  2.79%   124  360s

Cutting planes:
  Gomory: 49
  Cover: 48
  Implied bound: 146
  MIR: 196
  Flow cover: 606
  GUB cover: 1
  Inf proof: 7
  Zero half: 7
  RLT: 17
  Relax-and-lift: 74

Explored 14936 nodes (1816560 simplex iterations) in 362.28 seconds (347.22 work units)
Thread count was 1 (of 32 available processors)

Solution count 10: 78.4867 78.4867 78.4867 ... 78.5772

Optimal solution found (tolerance 5.00e-03)
Best objective 7.848674383434e+01, best bound 7.809897895784e+01, gap 0.4941%
