
Gurobi 9.5.2 (linux64) logging started Thu Aug 27 01:41:40 2026

Set parameter LogFile to value "/mnt/beegfs/users/celinep/ChargeAndBreak/logs/VSS/RmediumCmediumTmedium_20_DET_20260826_232302_237_gurobi.log"
Gurobi Optimizer version 9.5.2 build v9.5.2rc0 (linux64)
Thread count: 16 physical cores, 32 logical processors, using up to 1 threads
Optimize a model with 3873 rows, 2157 columns and 13242 nonzeros
Model fingerprint: 0xfd0917bc
Variable types: 1365 continuous, 792 integer (792 binary)
Coefficient statistics:
  Matrix range     [3e-02, 9e+02]
  Objective range  [1e+00, 1e+00]
  Bounds range     [1e+00, 1e+00]
  RHS range        [1e-01, 5e+02]
Presolve removed 1348 rows and 482 columns
Presolve time: 0.05s
Presolved: 2525 rows, 1675 columns, 11321 nonzeros
Variable types: 1012 continuous, 663 integer (662 binary)
Found heuristic solution: objective 86.6524923

Root relaxation: objective 4.492947e+01, 1573 iterations, 0.04 seconds (0.04 work units)

    Nodes    |    Current Node    |     Objective Bounds      |     Work
 Expl Unexpl |  Obj  Depth IntInf | Incumbent    BestBd   Gap | It/Node Time

     0     0   44.92947    0  120   86.65249   44.92947  48.1%     -    0s
H    0     0                      65.6557802   44.92947  31.6%     -    0s
H    0     0                      56.4380415   44.92947  20.4%     -    0s
     0     0   45.86026    0  103   56.43804   45.86026  18.7%     -    0s
H    0     0                      55.6034515   45.86026  17.5%     -    0s
     0     0   46.04719    0  113   55.60345   46.04719  17.2%     -    0s
     0     0   46.04927    0  114   55.60345   46.04927  17.2%     -    0s
     0     0   46.04927    0  114   55.60345   46.04927  17.2%     -    0s
     0     0   46.14350    0  133   55.60345   46.14350  17.0%     -    0s
     0     0   46.16029    0  137   55.60345   46.16029  17.0%     -    0s
     0     0   46.16059    0  138   55.60345   46.16059  17.0%     -    0s
     0     0   46.24431    0  138   55.60345   46.24431  16.8%     -    0s
     0     0   46.26398    0  158   55.60345   46.26398  16.8%     -    0s
     0     0   46.26637    0  142   55.60345   46.26637  16.8%     -    0s
     0     0   46.27104    0  139   55.60345   46.27104  16.8%     -    0s
     0     0   46.27105    0  140   55.60345   46.27105  16.8%     -    0s
     0     0   46.29984    0  125   55.60345   46.29984  16.7%     -    0s
     0     0   46.30193    0  142   55.60345   46.30193  16.7%     -    0s
     0     0   46.30197    0  139   55.60345   46.30197  16.7%     -    0s
     0     0   46.31068    0  138   55.60345   46.31068  16.7%     -    0s
     0     0   46.31239    0  102   55.60345   46.31239  16.7%     -    0s
     0     0   46.32374    0   89   55.60345   46.32374  16.7%     -    0s
     0     0   46.32449    0   90   55.60345   46.32449  16.7%     -    0s
     0     0   46.32469    0   96   55.60345   46.32469  16.7%     -    0s
     0     0   46.32641    0   91   55.60345   46.32641  16.7%     -    0s
     0     0   46.32718    0   93   55.60345   46.32718  16.7%     -    0s
     0     0   46.32725    0   94   55.60345   46.32725  16.7%     -    0s
     0     0   46.32984    0   95   55.60345   46.32984  16.7%     -    0s
     0     0   46.32984    0   95   55.60345   46.32984  16.7%     -    0s
H    0     0                      55.1325094   46.32984  16.0%     -    0s
H    0     0                      54.8597510   46.32984  15.5%     -    0s
     0     2   46.33059    0   95   54.85975   46.33059  15.5%     -    0s
H  297   265                      54.6960054   46.41130  15.1%  11.1    1s
H  406   334                      54.6282911   46.41681  15.0%  11.8    1s
   552   451   48.12422   54  154   54.62829   46.63321  14.6%  12.8    5s
  1130   587   48.49824   37   20   54.62829   47.46237  13.1%  42.0   10s
  1860   780   49.76300   50    5   54.62829   47.60422  12.9%  36.9   15s
  2598  1202   47.89702   25   80   54.62829   47.68280  12.7%  34.8   20s
H 2618  1220                      54.6282907   47.68280  12.7%  34.6   20s
  3480  1698   47.96511   18   97   54.62829   47.75724  12.6%  33.0   25s
  4353  2143   49.42503   47   68   54.62829   47.81117  12.5%  31.6   30s
  5414  2699   48.34018   33   31   54.62829   47.86279  12.4%  30.9   35s
  6777  3204   47.95678   25   63   54.62829   47.94586  12.2%  30.2   40s
  7931  3632   48.05968   25   19   54.62829   48.01792  12.1%  30.2   45s
  9181  4144   48.89616   29   78   54.62829   48.08470  12.0%  30.1   50s
H 9969  4447                      54.5803568   48.11860  11.8%  29.7   52s
 10203  4550   48.68975   38   95   54.58036   48.13151  11.8%  29.6   58s
 10218  4560   49.45558   45  106   54.58036   48.13151  11.8%  29.6   60s
 10248  4580   50.38195  107   80   54.58036   48.13151  11.8%  29.5   65s
 10286  4605   49.38873   51  169   54.58036   48.13151  11.8%  29.4   70s
 10434  4596   48.13151   53  103   54.58036   48.13151  11.8%  31.9   75s
H10724  4349                      54.4970234   48.26392  11.4%  32.6   77s
 11027  4252   53.17186   39   67   54.49702   51.37067  5.74%  33.8   80s

Cutting planes:
  Gomory: 25
  Cover: 53
  Implied bound: 64
  Projected implied bound: 1
  Clique: 1
  MIR: 80
  StrongCG: 1
  Flow cover: 219
  Zero half: 1
  Network: 1
  RLT: 7
  Relax-and-lift: 24

Explored 11293 nodes (395878 simplex iterations) in 81.62 seconds (72.14 work units)
Thread count was 1 (of 32 available processors)

Solution count 10: 54.497 54.5804 54.6283 ... 65.6558

Optimal solution found (tolerance 5.00e-03)
Best objective 5.449702342122e+01, best bound 5.423822090689e+01, gap 0.4749%
