
Gurobi 9.5.2 (linux64) logging started Wed Aug 26 23:47:13 2026

Set parameter LogFile to value "/mnt/beegfs/users/celinep/ChargeAndBreak/logs/VSS/RmediumCfewTnone_6_DET_20260826_232302_071_gurobi.log"
Gurobi Optimizer version 9.5.2 build v9.5.2rc0 (linux64)
Thread count: 16 physical cores, 32 logical processors, using up to 1 threads
Optimize a model with 5069 rows, 2827 columns and 17420 nonzeros
Model fingerprint: 0xe7ef1532
Variable types: 1789 continuous, 1038 integer (1038 binary)
Coefficient statistics:
  Matrix range     [4e-02, 1e+03]
  Objective range  [1e+00, 1e+00]
  Bounds range     [1e+00, 1e+00]
  RHS range        [2e-01, 2e+07]
Presolve removed 1671 rows and 582 columns
Presolve time: 0.04s
Presolved: 3398 rows, 2245 columns, 14141 nonzeros
Variable types: 1349 continuous, 896 integer (895 binary)
Found heuristic solution: objective 96.0597360

Root relaxation: objective 5.502033e+01, 1991 iterations, 0.05 seconds (0.06 work units)

    Nodes    |    Current Node    |     Objective Bounds      |     Work
 Expl Unexpl |  Obj  Depth IntInf | Incumbent    BestBd   Gap | It/Node Time

     0     0   56.21442    0  159   96.05974   56.21442  41.5%     -    0s
     0     0   57.54070    0  187   96.05974   57.54070  40.1%     -    0s
H    0     0                      95.3837283   57.54070  39.7%     -    0s
     0     0   57.59916    0  186   95.38373   57.59916  39.6%     -    0s
     0     0   57.59916    0  187   95.38373   57.59916  39.6%     -    0s
     0     0   57.74319    0  204   95.38373   57.74319  39.5%     -    0s
     0     0   57.76220    0  203   95.38373   57.76220  39.4%     -    0s
     0     0   57.76221    0  203   95.38373   57.76221  39.4%     -    0s
     0     0   57.98467    0  244   95.38373   57.98467  39.2%     -    0s
H    0     0                      73.1210706   57.98467  20.7%     -    0s
     0     0   58.02290    0  241   73.12107   58.02290  20.6%     -    0s
     0     0   58.02832    0  238   73.12107   58.02832  20.6%     -    0s
     0     0   58.02833    0  239   73.12107   58.02833  20.6%     -    0s
     0     0   58.12368    0  213   73.12107   58.12368  20.5%     -    0s
     0     0   58.13444    0  212   73.12107   58.13444  20.5%     -    0s
     0     0   58.14225    0  212   73.12107   58.14225  20.5%     -    0s
     0     0   58.14227    0  212   73.12107   58.14227  20.5%     -    0s
     0     0   58.17317    0  218   73.12107   58.17317  20.4%     -    0s
H    0     0                      72.1394524   58.17317  19.4%     -    0s
     0     0   58.18856    0  214   72.13945   58.18856  19.3%     -    0s
     0     0   58.19026    0  218   72.13945   58.19026  19.3%     -    0s
     0     0   58.19174    0  218   72.13945   58.19174  19.3%     -    0s
     0     0   58.19196    0  219   72.13945   58.19196  19.3%     -    0s
     0     0   58.19419    0  228   72.13945   58.19419  19.3%     -    0s
     0     0   58.20105    0  227   72.13945   58.20105  19.3%     -    0s
     0     0   58.20245    0  231   72.13945   58.20245  19.3%     -    0s
     0     0   58.20254    0  231   72.13945   58.20254  19.3%     -    0s
     0     0   58.21412    0  243   72.13945   58.21412  19.3%     -    0s
     0     0   58.21767    0  246   72.13945   58.21767  19.3%     -    0s
     0     0   58.21825    0  246   72.13945   58.21825  19.3%     -    0s
     0     0   58.21831    0  246   72.13945   58.21831  19.3%     -    0s
     0     0   58.22403    0  249   72.13945   58.22403  19.3%     -    0s
     0     0   58.22595    0  244   72.13945   58.22595  19.3%     -    0s
     0     0   58.23073    0  228   72.13945   58.23073  19.3%     -    0s
     0     0   58.23794    0  235   72.13945   58.23794  19.3%     -    0s
     0     0   58.23796    0  235   72.13945   58.23796  19.3%     -    0s
     0     0   58.25260    0  238   72.13945   58.25260  19.3%     -    1s
     0     0   58.25965    0  236   72.13945   58.25965  19.2%     -    1s
     0     0   58.26146    0  240   72.13945   58.26146  19.2%     -    1s
     0     0   58.26267    0  240   72.13945   58.26267  19.2%     -    1s
     0     0   58.26270    0  195   72.13945   58.26270  19.2%     -    1s
     0     0   58.26916    0  212   72.13945   58.26916  19.2%     -    1s
H    0     0                      72.1079940   58.26916  19.2%     -    1s
     0     0   58.27301    0  219   72.10799   58.27301  19.2%     -    1s
     0     0   58.27313    0  229   72.10799   58.27313  19.2%     -    1s
     0     0   58.27380    0  248   72.10799   58.27380  19.2%     -    1s
     0     0   58.27472    0  249   72.10799   58.27472  19.2%     -    1s
     0     0   58.28497    0  250   72.10799   58.28497  19.2%     -    1s
     0     0   58.28708    0  245   72.10799   58.28708  19.2%     -    1s
     0     0   58.28708    0  245   72.10799   58.28708  19.2%     -    1s
     0     0   58.28713    0  256   72.10799   58.28713  19.2%     -    1s
H    0     0                      71.4713476   58.28713  18.4%     -    1s
     0     0   58.28713    0  252   71.47135   58.28713  18.4%     -    1s
     0     0   58.28713    0  199   71.47135   58.28713  18.4%     -    1s
H    0     0                      71.4712625   58.28713  18.4%     -    1s
     0     2   58.28739    0  198   71.47126   58.28739  18.4%     -    1s
H  286   270                      71.3447695   58.29338  18.3%  19.0    2s
H  297   281                      71.2614361   58.29338  18.2%  18.5    2s
H  510   464                      71.1781028   58.29338  18.1%  18.1    3s
   522   471   61.09532    7  188   71.17810   58.67289  17.6%  17.7    5s
   561   497   67.01853   59  212   71.17810   59.56527  16.3%  16.5   10s
H  615   506                      62.3834481   61.83683  0.88%  62.3   14s
   618   508   62.38345   43  117   62.38345   61.83713  0.88%  62.0   15s
H  622   486                      62.2000033   61.83713  0.58%  85.2   15s
H  655   482                      62.0872715   61.84962  0.38%  80.9   18s

Cutting planes:
  Learned: 1
  Gomory: 15
  Cover: 7
  Implied bound: 21
  Clique: 1
  MIR: 63
  Flow cover: 122
  Zero half: 1
  Network: 1
  RLT: 15
  Relax-and-lift: 6

Explored 655 nodes (69018 simplex iterations) in 18.05 seconds (13.57 work units)
Thread count was 1 (of 32 available processors)

Solution count 10: 62.0873 62.2 62.3834 ... 72.1395

Optimal solution found (tolerance 5.00e-03)
Best objective 6.208727154993e+01, best bound 6.184961608232e+01, gap 0.3828%
