
Gurobi 11.0.0 (win64) logging started Wed Aug 26 23:14:58 2026

Set parameter LogFile to value "C:\Users\celinep\Documents\GitHub\ChargeAndBreak\logs\basecase\RmediumCfewTlarge_9_DET_20260826_231309_017_gurobi.log"
Gurobi Optimizer version 11.0.0 build v11.0.0rc2 (win64 - Windows 11+.0 (26200.2))

CPU model: 11th Gen Intel(R) Core(TM) i5-1145G7 @ 2.60GHz, instruction set [SSE2|AVX|AVX2|AVX512]
Thread count: 4 physical cores, 8 logical processors, using up to 1 threads

Optimize a model with 4685 rows, 2612 columns and 16095 nonzeros
Model fingerprint: 0x40ac93a9
Variable types: 1653 continuous, 959 integer (959 binary)
Coefficient statistics:
  Matrix range     [2e-02, 1e+03]
  Objective range  [1e+00, 1e+00]
  Bounds range     [1e+00, 1e+00]
  RHS range        [8e-02, 5e+02]
Presolve removed 1577 rows and 539 columns
Presolve time: 0.11s
Presolved: 3108 rows, 2073 columns, 13889 nonzeros
Variable types: 1248 continuous, 825 integer (824 binary)
Found heuristic solution: objective 105.1263866

Root relaxation: objective 5.249201e+01, 2069 iterations, 0.09 seconds (0.07 work units)

    Nodes    |    Current Node    |     Objective Bounds      |     Work
 Expl Unexpl |  Obj  Depth IntInf | Incumbent    BestBd   Gap | It/Node Time

     0     0   52.49201    0  133  105.12639   52.49201  50.1%     -    0s
H    0     0                      69.1423089   52.49201  24.1%     -    0s
     0     0   53.18058    0  126   69.14231   53.18058  23.1%     -    0s
H    0     0                      68.8786889   53.19783  22.8%     -    0s
     0     0   53.26556    0  120   68.87869   53.26556  22.7%     -    0s
     0     0   53.26654    0  124   68.87869   53.26654  22.7%     -    0s
     0     0   53.38474    0  133   68.87869   53.38474  22.5%     -    0s
     0     0   53.41452    0  125   68.87869   53.41452  22.5%     -    0s
     0     0   53.41504    0  135   68.87869   53.41504  22.5%     -    0s
     0     0   53.41504    0  135   68.87869   53.41504  22.5%     -    0s
     0     0   53.53866    0  132   68.87869   53.53866  22.3%     -    0s
     0     0   53.63712    0  118   68.87869   53.63712  22.1%     -    0s
     0     0   53.65787    0  124   68.87869   53.65787  22.1%     -    0s
     0     0   53.66327    0  128   68.87869   53.66327  22.1%     -    0s
     0     0   53.66385    0  128   68.87869   53.66385  22.1%     -    0s
     0     0   53.66467    0  128   68.87869   53.66467  22.1%     -    0s
     0     0   53.75427    0  123   68.87869   53.75427  22.0%     -    0s
H    0     0                      68.7788309   53.75758  21.8%     -    0s
     0     0   53.76886    0  127   68.77883   53.76886  21.8%     -    0s
     0     0   53.77118    0  127   68.77883   53.77118  21.8%     -    1s
     0     0   53.77253    0  129   68.77883   53.77253  21.8%     -    1s
     0     0   53.78968    0  187   68.77883   53.78968  21.8%     -    1s
     0     0   53.79264    0  188   68.77883   53.79264  21.8%     -    1s
     0     0   53.79272    0  186   68.77883   53.79272  21.8%     -    1s
     0     0   53.82025    0  164   68.77883   53.82025  21.7%     -    1s
     0     0   53.83589    0  159   68.77883   53.83589  21.7%     -    1s
     0     0   53.83589    0  162   68.77883   53.83589  21.7%     -    1s
     0     0   53.83589    0  163   68.77883   53.83589  21.7%     -    1s
     0     0   53.84515    0  160   68.77883   53.84515  21.7%     -    1s
     0     0   53.87031    0  163   68.77883   53.87031  21.7%     -    1s
     0     0   53.87031    0  163   68.77883   53.87031  21.7%     -    1s
     0     0   53.87031    0  165   68.77883   53.87031  21.7%     -    1s
H    0     0                      68.4808827   53.90792  21.3%     -    1s
     0     0   53.90792    0  164   68.48088   53.90792  21.3%     -    1s
     0     0   53.90792    0  170   68.48088   53.90792  21.3%     -    1s
     0     0   53.90792    0  170   68.48088   53.90792  21.3%     -    1s
     0     0   53.90792    0  168   68.48088   53.90792  21.3%     -    1s
     0     0   53.90792    0  167   68.48088   53.90792  21.3%     -    1s
     0     0   53.90792    0  160   68.48088   53.90792  21.3%     -    1s
     0     0   53.91360    0  162   68.48088   53.91360  21.3%     -    1s
     0     0   53.91360    0  163   68.48088   53.91360  21.3%     -    1s
     0     0   53.91360    0  181   68.48088   53.91360  21.3%     -    1s
     0     0   53.92051    0  181   68.48088   53.92051  21.3%     -    1s
     0     0   53.92051    0  179   68.48088   53.92051  21.3%     -    1s
     0     0   53.92051    0  179   68.48088   53.92051  21.3%     -    1s
     0     0   53.92051    0  178   68.48088   53.92051  21.3%     -    1s
     0     0   53.92051    0  156   68.48088   53.92051  21.3%     -    1s
H    0     0                      68.3889142   53.92051  21.2%     -    2s
H    0     0                      59.8794377   53.92078  10.0%     -    2s
H    0     0                      59.7403969   53.92078  9.74%     -    2s
     0     2   53.92078    0  141   59.74040   53.92078  9.74%     -    2s
H   27    27                      59.5283713   53.92078  9.42%  24.0    2s
H   81    65                      59.3770375   53.92078  9.19%  19.9    2s
H  297   201                      59.2872223   53.97770  8.96%  16.2    3s
   532   398   54.63304   39   96   59.28722   54.00614  8.91%  14.5    5s
   633   477   56.52736   55   94   59.28722   54.16250  8.64%  13.9   10s
   902   524   55.18580   18  141   59.28722   54.18392  8.61%  38.9   15s
H 1153   553                      59.2222476   54.19777  8.48%  47.0   18s
  1277   562   54.87335   55   19   59.22225   54.21649  8.45%  46.3   20s
H 1370   547                      59.2099769   54.23222  8.41%  46.2   21s
H 1506   528                      59.2099769   54.23382  8.40%  45.9   23s
H 1588   503                      59.1266436   54.23696  8.27%  45.7   24s
H 1632   488                      59.1205557   54.24711  8.24%  45.9   24s
  1642   491   59.00035   25   55   59.12056   54.26876  8.21%  46.1   25s
  1999   376   58.99236   30  102   59.12056   54.87816  7.18%  52.6   30s

Cutting planes:
  Learned: 3
  Gomory: 23
  Cover: 23
  Implied bound: 40
  MIR: 100
  Mixing: 3
  Flow cover: 156
  Inf proof: 1
  Zero half: 1
  RLT: 16
  Relax-and-lift: 20

Explored 2570 nodes (128569 simplex iterations) in 33.80 seconds (18.77 work units)
Thread count was 1 (of 8 available processors)

Solution count 10: 59.1206 59.1266 59.21 ... 59.8794

Optimal solution found (tolerance 5.00e-03)
Best objective 5.912055567613e+01, best bound 5.884498505697e+01, gap 0.4661%
