
Gurobi 11.0.0 (win64) logging started Thu Aug 27 14:31:39 2026

Set parameter LogFile to value "C:\Users\celinep\Documents\GitHub\ChargeAndBreak\logs\VSS\RmediumCmediumTtight_15_DET_20260827_113748_581_gurobi.log"
Gurobi Optimizer version 11.0.0 build v11.0.0rc2 (win64 - Windows 11+.0 (26200.2))

CPU model: 11th Gen Intel(R) Core(TM) i5-1145G7 @ 2.60GHz, instruction set [SSE2|AVX|AVX2|AVX512]
Thread count: 4 physical cores, 8 logical processors, using up to 1 threads

Optimize a model with 5563 rows, 3103 columns and 19096 nonzeros
Model fingerprint: 0x89d98bf1
Variable types: 1957 continuous, 1146 integer (1146 binary)
Coefficient statistics:
  Matrix range     [2e-02, 1e+03]
  Objective range  [1e+00, 1e+00]
  Bounds range     [1e+00, 1e+00]
  RHS range        [9e-02, 5e+02]
Presolve removed 1842 rows and 626 columns
Presolve time: 0.16s
Presolved: 3721 rows, 2477 columns, 16568 nonzeros
Variable types: 1486 continuous, 991 integer (990 binary)
Found heuristic solution: objective 129.0640794

Root relaxation: objective 6.744652e+01, 2511 iterations, 0.09 seconds (0.07 work units)

    Nodes    |    Current Node    |     Objective Bounds      |     Work
 Expl Unexpl |  Obj  Depth IntInf | Incumbent    BestBd   Gap | It/Node Time

     0     0   67.44652    0  194  129.06408   67.44652  47.7%     -    0s
H    0     0                     128.9224800   67.44652  47.7%     -    0s
     0     0   68.57501    0  207  128.92248   68.57501  46.8%     -    0s
H    0     0                     105.8277680   68.58037  35.2%     -    0s
     0     0   68.59126    0  202  105.82777   68.59126  35.2%     -    0s
     0     0   68.74429    0  231  105.82777   68.74429  35.0%     -    0s
     0     0   68.77155    0  256  105.82777   68.77155  35.0%     -    0s
     0     0   68.77423    0  244  105.82777   68.77423  35.0%     -    0s
     0     0   68.77472    0  241  105.82777   68.77472  35.0%     -    0s
     0     0   68.90262    0  201  105.82777   68.90262  34.9%     -    0s
     0     0   68.91023    0  209  105.82777   68.91023  34.9%     -    1s
     0     0   68.91023    0  213  105.82777   68.91023  34.9%     -    1s
     0     0   69.02656    0  226  105.82777   69.02656  34.8%     -    1s
     0     0   69.32837    0  231  105.82777   69.32837  34.5%     -    1s
     0     0   69.32837    0  243  105.82777   69.32837  34.5%     -    1s
     0     0   69.32837    0  239  105.82777   69.32837  34.5%     -    1s
     0     0   69.32837    0  240  105.82777   69.32837  34.5%     -    1s
     0     0   69.32837    0  264  105.82777   69.32837  34.5%     -    1s
     0     0   69.32837    0  272  105.82777   69.32837  34.5%     -    1s
     0     0   69.32837    0  273  105.82777   69.32837  34.5%     -    1s
     0     0   69.32837    0  275  105.82777   69.32837  34.5%     -    1s
     0     0   69.32837    0  233  105.82777   69.32837  34.5%     -    1s
     0     0   69.32837    0  234  105.82777   69.32837  34.5%     -    1s
     0     0   69.32837    0  241  105.82777   69.32837  34.5%     -    1s
     0     0   69.32837    0  231  105.82777   69.32837  34.5%     -    1s
H    0     0                     102.9406317   69.32837  32.7%     -    1s
     0     0   69.32837    0  223  102.94063   69.32837  32.7%     -    1s
     0     0   69.32837    0  236  102.94063   69.32837  32.7%     -    1s
     0     0   69.32837    0  236  102.94063   69.32837  32.7%     -    1s
     0     0   69.32837    0  183  102.94063   69.32837  32.7%     -    1s
     0     0   69.32837    0  182  102.94063   69.32837  32.7%     -    1s
     0     0   69.32837    0  183  102.94063   69.32837  32.7%     -    2s
     0     0   69.32837    0  182  102.94063   69.32837  32.7%     -    2s
H    0     0                     102.8409199   69.32837  32.6%     -    2s
H    0     0                      91.4589799   69.32837  24.2%     -    2s
     0     0   69.32837    0  184   91.45898   69.32837  24.2%     -    2s
     0     0   69.32837    0  164   91.45898   69.32837  24.2%     -    2s
     0     0   69.32837    0  164   91.45898   69.32837  24.2%     -    2s
     0     0   69.32837    0  184   91.45898   69.32837  24.2%     -    2s
     0     0   69.32837    0  183   91.45898   69.32837  24.2%     -    2s
     0     0   69.32837    0  183   91.45898   69.32837  24.2%     -    2s
     0     0   69.32837    0  217   91.45898   69.32837  24.2%     -    2s
     0     0   69.37755    0  215   91.45898   69.37755  24.1%     -    2s
     0     0   69.37755    0  208   91.45898   69.37755  24.1%     -    2s
     0     0   69.37755    0  208   91.45898   69.37755  24.1%     -    2s
     0     0   69.37755    0  206   91.45898   69.37755  24.1%     -    2s
     0     0   69.37755    0  204   91.45898   69.37755  24.1%     -    2s
     0     0   69.37834    0  201   91.45898   69.37834  24.1%     -    2s
     0     0   69.37834    0  200   91.45898   69.37834  24.1%     -    2s
     0     0   69.37834    0  209   91.45898   69.37834  24.1%     -    2s
     0     0   69.37834    0  203   91.45898   69.37834  24.1%     -    3s
H    0     0                      90.8251566   69.37834  23.6%     -    3s
     0     2   69.37834    0  202   90.82516   69.37834  23.6%     -    3s
H   78    59                      90.8145820   69.37834  23.6%  22.9    5s
H  104    70                      90.6433023   69.52441  23.3%  38.6    5s
H  299   235                      90.5300871   69.53437  23.2%  43.5    8s
H  300   207                      79.4644053   69.53437  12.5%  43.4    8s
H  380   274                      79.3784822   69.53774  12.4%  36.6    9s
H  392   286                      79.3283900   69.53774  12.3%  36.3    9s
H  407   291                      79.3203541   69.54558  12.3%  35.9    9s
   418   304   70.50011   18  204   79.32035   69.54558  12.3%  36.3   10s
H  434   277                      78.6147949   69.54558  11.5%  35.3   10s
H  494   326                      78.6147948   69.54558  11.5%  33.2   11s
H  576   388                      77.7390414   69.55339  10.5%  30.4   12s
   580   391   75.59135   77  137   77.73904   69.55339  10.5%  30.2   15s
   604   407   72.00056   66  201   77.73904   69.77172  10.2%  29.0   20s
   618   416   70.53898   12  270   77.73904   69.84836  10.2%  28.3   25s
   635   428   70.94412   15  231   77.73904   69.89317  10.1%  27.5   30s
   643   433   69.95104   28  205   77.73904   69.91933  10.1%  27.2   35s
   660   444   72.97344   57  236   77.73904   69.97279  10.0%  26.5   40s
   696   470   70.29721   31   81   77.73904   69.97279  10.0%  80.0   45s
   774   503   70.91917   19  217   77.73904   69.97279  10.0%  82.8   50s
H  785   484                      77.7390412   69.97279  10.0%  84.4   51s
   871   532   71.72843   68   15   77.73904   69.97279  10.0%  84.1   55s
   922   551   70.57982   28  147   77.73904   69.98878  10.0%  88.2   60s
  1036   604   70.01507   20  265   77.73904   69.99466  10.0%  86.6   65s
  1135   631   74.11431   71   15   77.73904   69.99466  10.0%  85.1   70s
  1199   622   70.11527   25  156   77.73904   70.00587  9.95%  87.2   75s
  1258   652   70.62763   54   73   77.73904   70.00587  9.95%  89.8   80s
  1339   685   70.77137   35  122   77.73904   70.01079  9.94%  91.2   85s
  1447   743   73.24293   89    5   77.73904   70.01079  9.94%  91.0   90s
  1501   754   70.22517   37  138   77.73904   70.01510  9.94%  92.7   95s
  1594   795   71.14446   28  188   77.73904   70.01697  9.93%  92.3  100s
  1675   831   71.07523   30  219   77.73904   70.07233  9.86%  90.3  105s
  1754   872   70.18581   25  183   77.73904   70.08016  9.85%  88.5  110s
  1844   923   72.48146  100   39   77.73904   70.08016  9.85%  87.2  115s
  1918   933   75.92034  152   25   77.73904   70.08016  9.85%  84.7  120s
  1965   958   71.16711   44  127   77.73904   70.09465  9.83%  84.1  125s
  2019  1004   71.24747   41  165   77.73904   70.09519  9.83%  83.7  130s
  2057  1032   73.72690   41  129   77.73904   70.10991  9.81%  84.3  135s
H 2100  1056                      77.6557081   70.11019  9.72%  84.1  138s
  2150  1095   70.20555   25  286   77.65571   70.11109  9.72%  82.9  140s
  2181  1126   71.61090   54  153   77.65571   70.11109  9.72%  82.5  145s
  2236  1166   71.71341   48  171   77.65571   70.12127  9.70%  82.0  150s
  2287  1204   75.18911   96   39   77.65571   70.12127  9.70%  80.7  155s
  2341  1242   71.41285   49  209   77.65571   70.12129  9.70%  80.1  160s
  2365  1266   72.10920   73  153   77.65571   70.12129  9.70%  79.7  166s
  2453  1334   75.63666  157   22   77.65571   70.12129  9.70%  77.3  170s
  2506  1339   70.22694   25  257   77.65571   70.13617  9.68%  79.2  175s
  2563  1388   71.94887   52  224   77.65571   70.13708  9.68%  79.1  180s
  2638  1440   70.21286   24  297   77.65571   70.14227  9.68%  78.6  185s
  2655  1457   71.70360   41  206   77.65571   70.14227  9.68%  78.8  190s
  2697  1483 infeasible   25        77.65571   70.16670  9.64%  78.6  195s
  2754  1518   76.69399   34   69   77.65571   70.16879  9.64%  79.2  200s
  2808  1550   77.30527   58   98   77.65571   70.17876  9.63%  79.1  206s
  2862  1588   73.44259   45  191   77.65571   70.18643  9.62%  78.9  210s
  2941  1628   70.21430   25  296   77.65571   70.19311  9.61%  78.3  215s
H 2976  1654                      77.6557079   70.19330  9.61%  78.0  220s
  3029  1695   77.62453   36   32   77.65571   70.19560  9.61%  78.1  225s
  3097  1730 infeasible   48        77.65571   70.19612  9.61%  78.1  230s
  3139  1741   70.59552   30  213   77.65571   70.20302  9.60%  77.9  235s
  3193  1755   71.34368   34  171   77.65571   70.21925  9.58%  78.5  240s
  3247  1786   72.12284   43  211   77.65571   70.22671  9.57%  79.0  246s
  3301  1839   74.18191   97  115   77.65571   70.22671  9.57%  78.1  250s
  3382  1874   77.17218   31  111   77.65571   70.23141  9.56%  78.0  255s
  3412  1891   77.41929   41   23   77.65571   70.23141  9.56%  77.9  261s
  3452  1911   71.49259   39  268   77.65571   70.23307  9.56%  79.2  265s
  3521  1958   70.62042   25  292   77.65571   70.23346  9.56%  78.5  271s
  3549  1986   71.54060   53  152   77.65571   70.23346  9.56%  78.1  275s
  3602  2019   71.53805   41  113   77.65571   70.24150  9.55%  78.1  281s
  3656  2059   75.47437   72   78   77.65571   70.24206  9.55%  77.9  285s
  3711  2086   70.77991   26  277   77.65571   70.24500  9.54%  77.9  290s
  3741  2093   71.20620   32  158   77.65571   70.24807  9.54%  78.0  295s
  3817  2115   71.17493   35  178   77.65571   70.25433  9.53%  77.6  300s

Cutting planes:
  Learned: 1
  Gomory: 36
  Cover: 62
  Implied bound: 119
  MIR: 227
  Mixing: 19
  Flow cover: 603
  GUB cover: 1
  Zero half: 3
  Network: 1
  RLT: 33
  Relax-and-lift: 92
  PSD: 1

Explored 3818 nodes (301753 simplex iterations) in 300.01 seconds (101.22 work units)
Thread count was 1 (of 8 available processors)

Solution count 10: 77.6557 77.6557 77.739 ... 79.4644

Time limit reached
Best objective 7.765570785225e+01, best bound 7.025433359962e+01, gap 9.5310%
