
Gurobi 9.5.2 (linux64) logging started Thu Aug 27 02:07:12 2026

Set parameter LogFile to value "/mnt/beegfs/users/celinep/ChargeAndBreak/logs/VSS/RmediumCmediumTtight_24_DET_20260826_232302_291_gurobi.log"
Gurobi Optimizer version 9.5.2 build v9.5.2rc0 (linux64)
Thread count: 16 physical cores, 32 logical processors, using up to 1 threads
Optimize a model with 4557 rows, 2540 columns and 15609 nonzeros
Model fingerprint: 0xeed54b72
Variable types: 1607 continuous, 933 integer (933 binary)
Coefficient statistics:
  Matrix range     [4e-02, 1e+03]
  Objective range  [1e+00, 1e+00]
  Bounds range     [1e+00, 1e+00]
  RHS range        [6e-03, 5e+02]
Presolve removed 1554 rows and 537 columns
Presolve time: 0.05s
Presolved: 3003 rows, 2003 columns, 13488 nonzeros
Variable types: 1206 continuous, 797 integer (796 binary)
Found heuristic solution: objective 105.6298528

Root relaxation: objective 5.170244e+01, 2071 iterations, 0.04 seconds (0.05 work units)

    Nodes    |    Current Node    |     Objective Bounds      |     Work
 Expl Unexpl |  Obj  Depth IntInf | Incumbent    BestBd   Gap | It/Node Time

     0     0   51.70244    0  137  105.62985   51.70244  51.1%     -    0s
H    0     0                      71.1556288   51.70244  27.3%     -    0s
     0     0   52.49730    0  170   71.15563   52.49730  26.2%     -    0s
H    0     0                      71.1059150   52.49730  26.2%     -    0s
     0     0   52.51831    0  151   71.10591   52.51831  26.1%     -    0s
     0     0   52.70804    0  135   71.10591   52.70804  25.9%     -    0s
     0     0   52.71845    0  154   71.10591   52.71845  25.9%     -    0s
     0     0   52.71957    0  153   71.10591   52.71957  25.9%     -    0s
     0     0   52.71969    0  152   71.10591   52.71969  25.9%     -    0s
     0     0   52.81650    0  159   71.10591   52.81650  25.7%     -    0s
H    0     0                      70.9360183   52.81650  25.5%     -    0s
     0     0   52.83563    0  164   70.93602   52.83563  25.5%     -    0s
     0     0   52.83685    0  155   70.93602   52.83685  25.5%     -    0s
     0     0   52.83700    0  156   70.93602   52.83700  25.5%     -    0s
     0     0   52.93531    0  145   70.93602   52.93531  25.4%     -    0s
     0     0   52.95763    0  149   70.93602   52.95763  25.3%     -    0s
     0     0   52.96442    0  146   70.93602   52.96442  25.3%     -    0s
     0     0   52.96531    0  142   70.93602   52.96531  25.3%     -    0s
     0     0   52.96562    0  148   70.93602   52.96562  25.3%     -    0s
     0     0   52.99844    0  157   70.93602   52.99844  25.3%     -    0s
H    0     0                      70.3945421   52.99844  24.7%     -    0s
     0     0   53.00468    0  170   70.39454   53.00468  24.7%     -    0s
     0     0   53.00664    0  157   70.39454   53.00664  24.7%     -    0s
     0     0   53.00677    0  155   70.39454   53.00677  24.7%     -    0s
     0     0   53.03239    0  190   70.39454   53.03239  24.7%     -    0s
     0     0   53.03518    0  190   70.39454   53.03518  24.7%     -    0s
     0     0   53.03559    0  181   70.39454   53.03559  24.7%     -    0s
     0     0   53.03559    0  182   70.39454   53.03559  24.7%     -    0s
     0     0   53.04378    0  153   70.39454   53.04378  24.6%     -    0s
     0     0   53.04996    0  196   70.39454   53.04996  24.6%     -    0s
     0     0   53.05008    0  196   70.39454   53.05008  24.6%     -    0s
     0     0   53.07970    0  139   70.39454   53.07970  24.6%     -    0s
     0     0   53.08072    0  143   70.39454   53.08072  24.6%     -    0s
     0     0   53.08084    0  143   70.39454   53.08084  24.6%     -    0s
     0     0   53.08931    0  135   70.39454   53.08931  24.6%     -    0s
     0     0   53.08938    0  136   70.39454   53.08938  24.6%     -    0s
     0     0   53.09527    0  137   70.39454   53.09527  24.6%     -    0s
     0     0   53.09547    0  143   70.39454   53.09547  24.6%     -    0s
     0     0   53.09895    0  148   70.39454   53.09895  24.6%     -    0s
     0     0   53.09917    0  148   70.39454   53.09917  24.6%     -    0s
     0     0   53.09962    0  136   70.39454   53.09962  24.6%     -    1s
     0     0   53.09962    0  104   70.39454   53.09962  24.6%     -    1s
H    0     0                      70.3905660   53.09962  24.6%     -    1s
     0     2   53.10047    0   99   70.39057   53.10047  24.6%     -    1s
H  234   218                      70.3720393   53.13855  24.5%  17.9    1s
*  453   398              91      70.2140133   53.13855  24.3%  15.3    2s
H  467   346                      60.2524269   53.16670  11.8%  15.6    2s
H  494   364                      59.8153234   53.16670  11.1%  15.4    2s
H  510   379                      59.7982926   53.16670  11.1%  15.5    2s
   547   404   53.65301   33  146   59.79829   53.55411  10.4%  14.4    5s
H  625   431                      59.3467732   59.10939  0.40%  12.6    8s

Cutting planes:
  Learned: 1
  Gomory: 10
  Cover: 15
  Implied bound: 34
  Clique: 1
  MIR: 52
  Flow cover: 125
  Zero half: 2
  RLT: 18
  Relax-and-lift: 13
  PSD: 1

Explored 625 nodes (35596 simplex iterations) in 8.58 seconds (6.50 work units)
Thread count was 1 (of 32 available processors)

Solution count 10: 59.3468 59.7983 59.8153 ... 71.1059

Optimal solution found (tolerance 5.00e-03)
Best objective 5.934677323594e+01, best bound 5.910938592090e+01, gap 0.4000%
