
Gurobi 9.5.2 (linux64) logging started Thu Aug 27 00:27:23 2026

Set parameter LogFile to value "/mnt/beegfs/users/celinep/ChargeAndBreak/logs/VSS/RmediumCmanyTlarge_5_DET_20260826_232302_120_gurobi.log"
Gurobi Optimizer version 9.5.2 build v9.5.2rc0 (linux64)
Thread count: 16 physical cores, 32 logical processors, using up to 1 threads
Optimize a model with 4345 rows, 2420 columns and 14750 nonzeros
Model fingerprint: 0x177959ff
Variable types: 1524 continuous, 896 integer (896 binary)
Coefficient statistics:
  Matrix range     [2e-02, 1e+03]
  Objective range  [1e+00, 1e+00]
  Bounds range     [1e+00, 1e+00]
  RHS range        [6e-03, 5e+02]
Presolve removed 1499 rows and 529 columns
Presolve time: 0.05s
Presolved: 2846 rows, 1891 columns, 12621 nonzeros
Variable types: 1126 continuous, 765 integer (764 binary)

Root relaxation: objective 5.728941e+01, 1992 iterations, 0.05 seconds (0.05 work units)

    Nodes    |    Current Node    |     Objective Bounds      |     Work
 Expl Unexpl |  Obj  Depth IntInf | Incumbent    BestBd   Gap | It/Node Time

     0     0   57.28941    0  105          -   57.28941      -     -    0s
H    0     0                      64.8539781   57.28941  11.7%     -    0s
     0     0   58.46543    0   95   64.85398   58.46543  9.85%     -    0s
     0     0   58.54522    0   97   64.85398   58.54522  9.73%     -    0s
     0     0   58.54841    0   94   64.85398   58.54841  9.72%     -    0s
     0     0   58.81909    0  120   64.85398   58.81909  9.31%     -    0s
H    0     0                      64.7648413   58.81909  9.18%     -    0s
     0     0   58.83775    0  116   64.76484   58.83775  9.15%     -    0s
     0     0   58.84181    0  116   64.76484   58.84181  9.15%     -    0s
     0     0   58.84181    0  116   64.76484   58.84181  9.15%     -    0s
     0     0   58.92614    0  100   64.76484   58.92614  9.02%     -    0s
H    0     0                      64.0117410   58.92614  7.94%     -    0s
     0     0   58.94747    0   96   64.01174   58.94747  7.91%     -    0s
     0     0   58.95396    0  111   64.01174   58.95396  7.90%     -    0s
     0     0   58.95403    0  111   64.01174   58.95403  7.90%     -    0s
     0     0   59.02932    0  130   64.01174   59.02932  7.78%     -    0s
     0     0   59.03743    0  136   64.01174   59.03743  7.77%     -    0s
     0     0   59.03748    0  140   64.01174   59.03748  7.77%     -    0s
     0     0   59.08463    0  126   64.01174   59.08463  7.70%     -    0s
     0     0   59.09681    0  131   64.01174   59.09681  7.68%     -    0s
     0     0   59.09814    0  136   64.01174   59.09814  7.68%     -    0s
     0     0   59.09814    0  136   64.01174   59.09814  7.68%     -    0s
     0     0   59.12165    0  124   64.01174   59.12165  7.64%     -    0s
     0     0   59.12203    0  132   64.01174   59.12203  7.64%     -    0s
     0     0   59.13013    0  125   64.01174   59.13013  7.63%     -    0s
     0     0   59.13013    0  125   64.01174   59.13013  7.63%     -    0s
     0     0   59.14501    0  138   64.01174   59.14501  7.60%     -    0s
     0     0   59.14630    0  138   64.01174   59.14630  7.60%     -    0s
     0     0   59.14892    0  141   64.01174   59.14892  7.60%     -    0s
     0     0   59.14945    0  141   64.01174   59.14945  7.60%     -    0s
     0     0   59.14976    0  137   64.01174   59.14976  7.60%     -    0s
     0     0   59.15575    0  132   64.01174   59.15575  7.59%     -    0s
H    0     0                      63.5955704   59.15575  6.98%     -    0s
     0     2   59.15605    0  114   63.59557   59.15605  6.98%     -    1s
H   51    36                      63.4562912   59.18851  6.73%  40.3    1s
*   69    49              27      63.3912640   59.18851  6.63%  32.0    1s
H  345   158                      63.3912640   59.55120  6.06%  32.0    2s
H  523   201                      63.3495815   60.29379  4.82%  32.7    2s
H  658   115                      63.3495814   62.73338  0.97%  29.8    3s
*  698   127              28      63.2507084   62.74745  0.80%  29.0    3s
H  712   117                      63.1971566   62.77222  0.67%  28.8    3s

Cutting planes:
  Learned: 1
  Gomory: 19
  Cover: 74
  Implied bound: 177
  Clique: 3
  MIR: 100
  Flow cover: 91
  Inf proof: 1
  RLT: 37
  Relax-and-lift: 3
  PSD: 1

Explored 853 nodes (27615 simplex iterations) in 4.02 seconds (3.27 work units)
Thread count was 1 (of 32 available processors)

Solution count 10: 63.1972 63.2507 63.3496 ... 64.7648

Optimal solution found (tolerance 5.00e-03)
Best objective 6.319715655312e+01, best bound 6.288465145593e+01, gap 0.4945%
