
Gurobi 9.5.2 (linux64) logging started Thu Aug 27 00:56:33 2026

Set parameter LogFile to value "/mnt/beegfs/users/celinep/ChargeAndBreak/logs/VSS/RmediumCmanyTnone_15_DET_20260826_232302_156_gurobi.log"
Gurobi Optimizer version 9.5.2 build v9.5.2rc0 (linux64)
Thread count: 16 physical cores, 32 logical processors, using up to 1 threads
Optimize a model with 3969 rows, 2210 columns and 13495 nonzeros
Model fingerprint: 0x60b9e586
Variable types: 1395 continuous, 815 integer (815 binary)
Coefficient statistics:
  Matrix range     [6e-02, 9e+02]
  Objective range  [1e+00, 1e+00]
  Bounds range     [1e+00, 1e+00]
  RHS range        [6e-03, 2e+07]
Presolve removed 1382 rows and 507 columns
Presolve time: 0.03s
Presolved: 2587 rows, 1703 columns, 10724 nonzeros
Variable types: 1028 continuous, 675 integer (674 binary)
Found heuristic solution: objective 80.5127327

Root relaxation: objective 4.742770e+01, 1730 iterations, 0.05 seconds (0.05 work units)

    Nodes    |    Current Node    |     Objective Bounds      |     Work
 Expl Unexpl |  Obj  Depth IntInf | Incumbent    BestBd   Gap | It/Node Time

     0     0   48.53638    0  105   80.51273   48.53638  39.7%     -    0s
H    0     0                      68.5362457   48.53638  29.2%     -    0s
     0     0   49.82929    0  110   68.53625   49.82929  27.3%     -    0s
H    0     0                      68.1480149   49.82929  26.9%     -    0s
     0     0   49.95237    0  107   68.14801   49.95237  26.7%     -    0s
     0     0   49.95504    0  108   68.14801   49.95504  26.7%     -    0s
     0     0   49.95533    0  108   68.14801   49.95533  26.7%     -    0s
     0     0   50.09112    0  128   68.14801   50.09112  26.5%     -    0s
     0     0   50.10924    0  123   68.14801   50.10924  26.5%     -    0s
     0     0   50.10933    0  123   68.14801   50.10933  26.5%     -    0s
     0     0   50.24038    0  146   68.14801   50.24038  26.3%     -    0s
     0     0   50.25469    0  148   68.14801   50.25469  26.3%     -    0s
     0     0   50.27940    0  143   68.14801   50.27940  26.2%     -    0s
     0     0   50.27979    0  141   68.14801   50.27979  26.2%     -    0s
     0     0   50.30497    0  143   68.14801   50.30497  26.2%     -    0s
     0     0   50.32016    0  138   68.14801   50.32016  26.2%     -    0s
     0     0   50.32694    0  136   68.14801   50.32694  26.2%     -    0s
     0     0   50.32750    0  137   68.14801   50.32750  26.1%     -    0s
     0     0   50.41175    0  130   68.14801   50.41175  26.0%     -    0s
H    0     0                      60.0984053   50.41175  16.1%     -    0s
     0     0   50.43856    0  123   60.09841   50.43856  16.1%     -    0s
     0     0   50.45278    0  109   60.09841   50.45278  16.0%     -    0s
     0     0   50.45363    0  110   60.09841   50.45363  16.0%     -    0s
     0     0   50.45365    0  110   60.09841   50.45365  16.0%     -    0s
     0     0   50.48078    0  131   60.09841   50.48078  16.0%     -    0s
     0     0   50.48854    0  123   60.09841   50.48854  16.0%     -    0s
     0     0   50.48949    0  123   60.09841   50.48949  16.0%     -    0s
     0     0   50.50406    0  121   60.09841   50.50406  16.0%     -    0s
     0     0   50.50991    0  120   60.09841   50.50991  16.0%     -    0s
     0     0   50.51039    0  121   60.09841   50.51039  16.0%     -    0s
     0     0   50.51149    0  128   60.09841   50.51149  16.0%     -    0s
     0     0   50.51149    0  128   60.09841   50.51149  16.0%     -    0s
     0     0   50.55973    0  130   60.09841   50.55973  15.9%     -    0s
     0     0   50.56270    0  138   60.09841   50.56270  15.9%     -    0s
     0     0   50.56272    0  138   60.09841   50.56272  15.9%     -    0s
     0     0   50.57331    0  128   60.09841   50.57331  15.8%     -    0s
     0     0   50.57441    0  133   60.09841   50.57441  15.8%     -    0s
     0     0   50.57462    0  133   60.09841   50.57462  15.8%     -    0s
     0     0   50.57565    0  132   60.09841   50.57565  15.8%     -    0s
     0     0   50.57565    0  132   60.09841   50.57565  15.8%     -    0s
     0     0   50.58646    0  129   60.09841   50.58646  15.8%     -    0s
     0     0   50.58767    0  135   60.09841   50.58767  15.8%     -    0s
     0     0   50.58783    0  142   60.09841   50.58783  15.8%     -    0s
     0     0   50.59340    0  132   60.09841   50.59340  15.8%     -    0s
     0     0   50.60111    0  159   60.09841   50.60111  15.8%     -    0s
     0     0   50.60173    0  144   60.09841   50.60173  15.8%     -    0s
     0     0   50.60173    0  144   60.09841   50.60173  15.8%     -    0s
     0     0   50.60191    0  134   60.09841   50.60191  15.8%     -    0s
     0     0   50.61667    0  133   60.09841   50.61667  15.8%     -    0s
     0     0   50.61722    0  138   60.09841   50.61722  15.8%     -    0s
     0     0   50.61722    0  138   60.09841   50.61722  15.8%     -    0s
     0     0   50.61729    0  135   60.09841   50.61729  15.8%     -    0s
     0     0   50.61729    0  135   60.09841   50.61729  15.8%     -    0s
     0     0   50.61729    0  109   60.09841   50.61729  15.8%     -    1s
H    0     0                      59.3323904   50.61729  14.7%     -    1s
     0     2   50.61729    0  107   59.33239   50.61729  14.7%     -    1s
H   30    30                      59.3292076   50.61729  14.7%  37.2    1s
H   81    73                      58.8824144   50.61729  14.0%  27.5    1s
H  324   248                      58.5212548   50.61748  13.5%  22.7    1s
H  351   261                      58.3140818   50.61748  13.2%  22.3    1s
H  378   282                      58.2378186   50.61748  13.1%  23.6    2s
H  400   297                      58.1851525   50.61748  13.0%  22.8    2s
H  510   378                      58.0780886   50.61748  12.8%  22.9    2s
   536   396   51.83873   17   98   58.07809   50.82618  12.5%  21.8    5s
H  539   377                      58.0780886   50.83222  12.5%  21.7    5s
   604   423   52.61729   51   99   58.07809   50.85127  12.4%  63.9   10s
   721   497   51.15847   90   45   58.07809   50.91424  12.3%  84.8   15s
H 1002   530                      57.9362179   50.93799  12.1%  87.9   17s
  1286   649   56.40579  149   21   57.93622   50.97256  12.0%  83.3   20s
H 1643   780                      57.9362170   51.08059  11.8%  73.9   23s
  1751   837   51.14424   60  125   57.93622   51.09585  11.8%  71.1   25s
  2054  1005   51.51893   61   95   57.93622   51.12341  11.8%  66.3   30s
  2341  1207   51.25367   69   70   57.93622   51.14020  11.7%  64.8   35s
  2620  1446   52.11865  118   12   57.93622   51.15133  11.7%  61.6   40s
H 2836  1589                      57.9362170   51.16986  11.7%  60.5   44s
  2992  1703   51.78356   74   72   57.93622   51.18391  11.7%  58.8   45s
  3736  2259   57.56577   94   34   57.93622   51.19561  11.6%  53.4   50s
  4258  2612   53.20899   57   72   57.93622   51.21744  11.6%  51.8   55s
  5461  3496   51.76045   67   96   57.93622   51.25527  11.5%  49.1   60s
  6558  4191   51.49265   88   44   57.93622   51.29230  11.5%  48.1   65s
  7533  4820   51.46294   61  124   57.93622   51.32598  11.4%  48.2   70s
  8407  5299   52.92134  108  123   57.93622   51.37222  11.3%  49.1   75s
  9122  5694   51.58579   87  117   57.93622   51.40512  11.3%  49.6   80s
  9978  5990   51.97275   74   68   57.93622   51.43677  11.2%  50.6   85s
 10203  6093   51.73831   65  109   57.93622   51.44259  11.2%  50.8   91s

Cutting planes:
  Learned: 1
  Gomory: 23
  Cover: 20
  Implied bound: 31
  MIR: 64
  Flow cover: 110
  Zero half: 5
  RLT: 7
  Relax-and-lift: 15
  PSD: 1

Explored 10206 nodes (526309 simplex iterations) in 92.24 seconds (82.28 work units)
Thread count was 1 (of 32 available processors)

Solution count 10: 57.9362 57.9362 57.9362 ... 58.8824

Optimal solution found (tolerance 5.00e-03)
Best objective 5.793621695134e+01, best bound 5.766308621202e+01, gap 0.4714%
