
Gurobi 9.5.2 (linux64) logging started Wed Aug 26 23:23:18 2026

Set parameter LogFile to value "/mnt/beegfs/users/celinep/ChargeAndBreak/logs/VSS/RmediumCfewTlarge_17_DET_20260826_232302_008_gurobi.log"
Gurobi Optimizer version 9.5.2 build v9.5.2rc0 (linux64)
Thread count: 16 physical cores, 32 logical processors, using up to 1 threads
Optimize a model with 4921 rows, 2744 columns and 16894 nonzeros
Model fingerprint: 0xc51e35eb
Variable types: 1736 continuous, 1008 integer (1008 binary)
Coefficient statistics:
  Matrix range     [3e-02, 1e+03]
  Objective range  [1e+00, 1e+00]
  Bounds range     [1e+00, 1e+00]
  RHS range        [4e-02, 5e+02]
Presolve removed 1665 rows and 574 columns
Presolve time: 0.05s
Presolved: 3256 rows, 2170 columns, 14660 nonzeros
Variable types: 1303 continuous, 867 integer (866 binary)
Found heuristic solution: objective 108.0786738

Root relaxation: objective 5.591117e+01, 2221 iterations, 0.06 seconds (0.06 work units)

    Nodes    |    Current Node    |     Objective Bounds      |     Work
 Expl Unexpl |  Obj  Depth IntInf | Incumbent    BestBd   Gap | It/Node Time

     0     0   55.91117    0  121  108.07867   55.91117  48.3%     -    0s
H    0     0                      75.1992825   55.91117  25.6%     -    0s
H    0     0                      73.6683663   55.91117  24.1%     -    0s
     0     0   56.62664    0  174   73.66837   56.62664  23.1%     -    0s
     0     0   56.72248    0  212   73.66837   56.72248  23.0%     -    0s
     0     0   56.72823    0  210   73.66837   56.72823  23.0%     -    0s
     0     0   56.85392    0  206   73.66837   56.85392  22.8%     -    0s
H    0     0                      73.5113114   56.85392  22.7%     -    0s
     0     0   56.86465    0  169   73.51131   56.86465  22.6%     -    0s
     0     0   56.87682    0  162   73.51131   56.87682  22.6%     -    0s
     0     0   57.03085    0  215   73.51131   57.03085  22.4%     -    0s
     0     0   57.07824    0  212   73.51131   57.07824  22.4%     -    0s
     0     0   57.08100    0  221   73.51131   57.08100  22.4%     -    0s
     0     0   57.08120    0  219   73.51131   57.08120  22.4%     -    0s
     0     0   57.16815    0  198   73.51131   57.16815  22.2%     -    0s
     0     0   57.18720    0  201   73.51131   57.18720  22.2%     -    0s
     0     0   57.18888    0  201   73.51131   57.18888  22.2%     -    0s
     0     0   57.18899    0  204   73.51131   57.18899  22.2%     -    0s
     0     0   57.19036    0  170   73.51131   57.19036  22.2%     -    0s
     0     0   57.19052    0  170   73.51131   57.19052  22.2%     -    0s
     0     0   57.19186    0  212   73.51131   57.19186  22.2%     -    0s
H    0     0                      63.4986079   57.19186  9.93%     -    0s
     0     0   57.19191    0  213   63.49861   57.19191  9.93%     -    0s
     0     0   57.19543    0  193   63.49861   57.19543  9.93%     -    0s
     0     0   57.19616    0  206   63.49861   57.19616  9.93%     -    0s
     0     0   57.19616    0  206   63.49861   57.19616  9.93%     -    0s
     0     0   57.20261    0  203   63.49861   57.20261  9.92%     -    0s
     0     0   57.20307    0  204   63.49861   57.20307  9.91%     -    0s
     0     0   57.20307    0  204   63.49861   57.20307  9.91%     -    0s
     0     0   57.21514    0  209   63.49861   57.21514  9.90%     -    1s
     0     0   57.21514    0  209   63.49861   57.21514  9.90%     -    1s
     0     0   57.22834    0  204   63.49861   57.22834  9.87%     -    1s
     0     0   57.22914    0  208   63.49861   57.22914  9.87%     -    1s
     0     0   57.23013    0  208   63.49861   57.23013  9.87%     -    1s
     0     0   57.23013    0  207   63.49861   57.23013  9.87%     -    1s
     0     0   57.23016    0  202   63.49861   57.23016  9.87%     -    1s
     0     0   57.23026    0  197   63.49861   57.23026  9.87%     -    1s
     0     0   57.23026    0  149   63.49861   57.23026  9.87%     -    1s
     0     2   57.23104    0  148   63.49861   57.23104  9.87%     -    1s
H  182   139                      63.4753780   57.29795  9.73%  20.7    1s
H  208   145                      63.3357489   57.29795  9.53%  20.2    1s
H  299   202                      62.5706031   57.30781  8.41%  21.6    2s
H  312   213                      62.5328447   57.30781  8.36%  21.2    2s
*  314   215              34      62.4783952   57.30781  8.28%  21.1    2s
*  317   214              34      62.4190822   57.30781  8.19%  21.0    2s
*  322   212              33      62.3813238   57.30781  8.13%  20.7    2s
H  443   281                      62.2036904   57.31131  7.87%  19.4    2s
H  463   294                      61.9350214   57.31131  7.47%  19.0    2s
H  510   312                      61.8707795   57.33035  7.34%  18.6    2s
   540   332   58.15347   33  179   61.87078   58.15347  6.01%  17.6    5s
H  623   369                      61.7440783   61.34295  0.65%  60.1    9s
H  645   356                      61.6794662   61.39991  0.45%  59.6    9s

Cutting planes:
  Gomory: 12
  Cover: 5
  Implied bound: 11
  MIR: 55
  Flow cover: 94
  Inf proof: 1
  Zero half: 1
  Network: 1
  RLT: 5
  Relax-and-lift: 5

Explored 646 nodes (42950 simplex iterations) in 9.76 seconds (7.43 work units)
Thread count was 1 (of 32 available processors)

Solution count 10: 61.6795 61.7441 61.8708 ... 62.5706

Optimal solution found (tolerance 5.00e-03)
Best objective 6.167946620685e+01, best bound 6.139990511321e+01, gap 0.4532%
