
Gurobi 9.5.2 (linux64) logging started Wed Aug 26 23:23:29 2026

Set parameter LogFile to value "/mnt/beegfs/users/celinep/ChargeAndBreak/logs/VSS/RshortCmediumTnone_21_DET_20260826_232246_263_gurobi.log"
Gurobi Optimizer version 9.5.2 build v9.5.2rc0 (linux64)
Thread count: 16 physical cores, 32 logical processors, using up to 1 threads
Optimize a model with 2198 rows, 1219 columns and 7417 nonzeros
Model fingerprint: 0x21cb1a3f
Variable types: 774 continuous, 445 integer (445 binary)
Coefficient statistics:
  Matrix range     [3e-02, 5e+02]
  Objective range  [1e+00, 1e+00]
  Bounds range     [1e+00, 1e+00]
  RHS range        [8e-02, 2e+07]
Presolve removed 847 rows and 339 columns
Presolve time: 0.03s
Presolved: 1351 rows, 880 columns, 5642 nonzeros
Variable types: 544 continuous, 336 integer (335 binary)
Found heuristic solution: objective 43.6316440

Root relaxation: objective 2.559476e+01, 748 iterations, 0.01 seconds (0.01 work units)

    Nodes    |    Current Node    |     Objective Bounds      |     Work
 Expl Unexpl |  Obj  Depth IntInf | Incumbent    BestBd   Gap | It/Node Time

     0     0   25.59476    0   42   43.63164   25.59476  41.3%     -    0s
H    0     0                      43.5035460   25.59476  41.2%     -    0s
     0     0   26.04721    0   32   43.50355   26.04721  40.1%     -    0s
H    0     0                      34.2668543   26.04721  24.0%     -    0s
     0     0   26.04808    0   24   34.26685   26.04808  24.0%     -    0s
     0     0   26.12298    0   33   34.26685   26.12298  23.8%     -    0s
H    0     0                      34.1712862   26.12298  23.6%     -    0s
H    0     0                      34.0046195   26.12298  23.2%     -    0s
     0     0   26.12962    0   33   34.00462   26.12962  23.2%     -    0s
     0     0   26.34441    0   23   34.00462   26.34441  22.5%     -    0s
     0     0   26.37608    0   25   34.00462   26.37608  22.4%     -    0s
     0     0   26.37847    0   27   34.00462   26.37847  22.4%     -    0s
H    0     0                      33.7364178   26.37847  21.8%     -    0s
     0     0   26.37876    0   29   33.73642   26.37876  21.8%     -    0s
     0     0   26.38034    0   35   33.73642   26.38034  21.8%     -    0s
     0     0   26.38175    0   30   33.73642   26.38175  21.8%     -    0s
     0     0   26.38638    0   28   33.73642   26.38638  21.8%     -    0s
H    0     0                      33.6616732   26.38638  21.6%     -    0s
     0     0   26.38771    0   27   33.66167   26.38771  21.6%     -    0s
     0     0   26.38776    0   28   33.66167   26.38776  21.6%     -    0s
     0     0   26.38824    0   32   33.66167   26.38824  21.6%     -    0s
H    0     0                      33.4950065   26.38824  21.2%     -    0s
     0     0   26.38824    0   32   33.49501   26.38824  21.2%     -    0s
     0     0   26.39304    0   32   33.49501   26.39304  21.2%     -    0s
     0     0   26.39329    0   31   33.49501   26.39329  21.2%     -    0s
     0     0   26.39331    0   32   33.49501   26.39331  21.2%     -    0s
     0     0   26.39343    0   32   33.49501   26.39343  21.2%     -    0s
     0     0   26.39344    0   32   33.49501   26.39344  21.2%     -    0s
     0     0   26.39344    0   32   33.49501   26.39344  21.2%     -    0s
     0     2   26.39344    0   32   33.49501   26.39344  21.2%     -    0s
*   82    50              13      33.4939913   30.70000  8.34%  12.1    0s
H  107    47                      33.4939913   30.86667  7.84%  12.4    0s
H  151    10                      33.4939913   33.24024  0.76%  13.0    0s

Cutting planes:
  Gomory: 6
  Cover: 4
  Implied bound: 8
  MIR: 26
  Flow cover: 26
  RLT: 8
  Relax-and-lift: 1

Explored 160 nodes (3440 simplex iterations) in 0.58 seconds (0.37 work units)
Thread count was 1 (of 32 available processors)

Solution count 10: 33.494 33.494 33.495 ... 43.6316

Optimal solution found (tolerance 5.00e-03)
Best objective 3.349399127224e+01, best bound 3.337246356072e+01, gap 0.3628%
