
Gurobi 9.5.2 (linux64) logging started Wed Aug 26 23:23:30 2026

Set parameter LogFile to value "/mnt/beegfs/users/celinep/ChargeAndBreak/logs/VSS/RshortCmediumTnone_5_DET_20260826_232246_270_gurobi.log"
Gurobi Optimizer version 9.5.2 build v9.5.2rc0 (linux64)
Thread count: 16 physical cores, 32 logical processors, using up to 1 threads
Optimize a model with 2498 rows, 1387 columns and 8459 nonzeros
Model fingerprint: 0xd379cb8c
Variable types: 880 continuous, 507 integer (507 binary)
Coefficient statistics:
  Matrix range     [2e-02, 6e+02]
  Objective range  [1e+00, 1e+00]
  Bounds range     [1e+00, 1e+00]
  RHS range        [6e-02, 2e+07]
Presolve removed 933 rows and 363 columns
Presolve time: 0.03s
Presolved: 1565 rows, 1024 columns, 6526 nonzeros
Variable types: 630 continuous, 394 integer (393 binary)
Found heuristic solution: objective 46.4575955

Root relaxation: objective 2.895373e+01, 892 iterations, 0.02 seconds (0.02 work units)

    Nodes    |    Current Node    |     Objective Bounds      |     Work
 Expl Unexpl |  Obj  Depth IntInf | Incumbent    BestBd   Gap | It/Node Time

     0     0   28.95373    0   66   46.45760   28.95373  37.7%     -    0s
H    0     0                      36.8071767   28.95373  21.3%     -    0s
     0     0   29.88328    0   31   36.80718   29.88328  18.8%     -    0s
H    0     0                      36.0238312   29.88328  17.0%     -    0s
     0     0   29.93201    0   31   36.02383   29.93201  16.9%     -    0s
     0     0   30.01658    0   75   36.02383   30.01658  16.7%     -    0s
     0     0   30.03103    0   57   36.02383   30.03103  16.6%     -    0s
     0     0   30.03103    0   57   36.02383   30.03103  16.6%     -    0s
     0     0   30.08178    0   52   36.02383   30.08178  16.5%     -    0s
     0     0   30.08820    0   61   36.02383   30.08820  16.5%     -    0s
     0     0   30.08884    0   64   36.02383   30.08884  16.5%     -    0s
     0     0   30.09265    0   66   36.02383   30.09265  16.5%     -    0s
     0     0   30.09265    0   67   36.02383   30.09265  16.5%     -    0s
     0     0   30.09270    0   50   36.02383   30.09270  16.5%     -    0s
     0     0   30.09270    0   50   36.02383   30.09270  16.5%     -    0s
     0     0   30.09270    0   50   36.02383   30.09270  16.5%     -    0s
     0     2   30.09296    0   37   36.02383   30.09296  16.5%     -    0s
*   66    49              13      36.0201502   32.46250  9.88%  12.0    0s
H  473    92                      36.0131661   35.72597  0.80%  12.2    0s
H  524    81                      35.9726066   35.75314  0.61%  12.2    1s

Cutting planes:
  Gomory: 13
  Cover: 9
  Implied bound: 28
  Clique: 2
  MIR: 33
  Flow cover: 37
  RLT: 21
  Relax-and-lift: 1

Explored 593 nodes (8790 simplex iterations) in 1.23 seconds (0.83 work units)
Thread count was 1 (of 32 available processors)

Solution count 6: 35.9726 36.0132 36.0202 ... 46.4576

Optimal solution found (tolerance 5.00e-03)
Best objective 3.597260659905e+01, best bound 3.579705180226e+01, gap 0.4880%
