
Gurobi 9.5.2 (linux64) logging started Wed Aug 26 23:23:28 2026

Set parameter LogFile to value "/mnt/beegfs/users/celinep/ChargeAndBreak/logs/VSS/RshortCmediumTnone_14_DET_20260826_232246_255_gurobi.log"
Gurobi Optimizer version 9.5.2 build v9.5.2rc0 (linux64)
Thread count: 16 physical cores, 32 logical processors, using up to 1 threads
Optimize a model with 2114 rows, 1172 columns and 7134 nonzeros
Model fingerprint: 0x02e9d538
Variable types: 744 continuous, 428 integer (428 binary)
Coefficient statistics:
  Matrix range     [3e-02, 5e+02]
  Objective range  [1e+00, 1e+00]
  Bounds range     [1e+00, 1e+00]
  RHS range        [8e-02, 2e+07]
Presolve removed 815 rows and 331 columns
Presolve time: 0.02s
Presolved: 1299 rows, 841 columns, 5419 nonzeros
Variable types: 520 continuous, 321 integer (320 binary)
Found heuristic solution: objective 52.8596500
Found heuristic solution: objective 42.5745562

Root relaxation: objective 2.445557e+01, 747 iterations, 0.01 seconds (0.01 work units)

    Nodes    |    Current Node    |     Objective Bounds      |     Work
 Expl Unexpl |  Obj  Depth IntInf | Incumbent    BestBd   Gap | It/Node Time

     0     0   24.45557    0   38   42.57456   24.45557  42.6%     -    0s
H    0     0                      42.5501555   24.45557  42.5%     -    0s
     0     0   24.85722    0   53   42.55016   24.85722  41.6%     -    0s
H    0     0                      33.8334644   24.85722  26.5%     -    0s
     0     0   24.85869    0   53   33.83346   24.85869  26.5%     -    0s
     0     0   24.99024    0   34   33.83346   24.99024  26.1%     -    0s
H    0     0                      32.8984948   24.99024  24.0%     -    0s
     0     0   24.99327    0   36   32.89849   24.99327  24.0%     -    0s
     0     0   25.07889    0   31   32.89849   25.07889  23.8%     -    0s
H    0     0                      32.8141539   25.07889  23.6%     -    0s
     0     0   25.09306    0   15   32.81415   25.09306  23.5%     -    0s
     0     0   25.13487    0   39   32.81415   25.13487  23.4%     -    0s
     0     0   25.13532    0   38   32.81415   25.13532  23.4%     -    0s
     0     0   25.13546    0   37   32.81415   25.13546  23.4%     -    0s
     0     0   25.13567    0   42   32.81415   25.13567  23.4%     -    0s
     0     0   25.13731    0   36   32.81415   25.13731  23.4%     -    0s
     0     0   25.13786    0   36   32.81415   25.13786  23.4%     -    0s
     0     0   25.13883    0   23   32.81415   25.13883  23.4%     -    0s
     0     0   25.13908    0   23   32.81415   25.13908  23.4%     -    0s
     0     0   25.13908    0   23   32.81415   25.13908  23.4%     -    0s
     0     0   25.14010    0   16   32.81415   25.14010  23.4%     -    0s
     0     0   25.14361    0   35   32.81415   25.14361  23.4%     -    0s
     0     0   25.14705    0   35   32.81415   25.14705  23.4%     -    0s
     0     0   25.14705    0   35   32.81415   25.14705  23.4%     -    0s
     0     0   25.14779    0   35   32.81415   25.14779  23.4%     -    0s
     0     0   25.14780    0   37   32.81415   25.14780  23.4%     -    0s
     0     0   25.14795    0   51   32.81415   25.14795  23.4%     -    0s
     0     0   25.14804    0   54   32.81415   25.14804  23.4%     -    0s
     0     0   25.14804    0   41   32.81415   25.14804  23.4%     -    0s
     0     2   25.14818    0   41   32.81415   25.14818  23.4%     -    0s

Cutting planes:
  Gomory: 7
  Cover: 2
  Implied bound: 15
  Clique: 2
  MIR: 19
  Flow cover: 30
  RLT: 17
  Relax-and-lift: 3

Explored 336 nodes (6388 simplex iterations) in 0.87 seconds (0.56 work units)
Thread count was 1 (of 32 available processors)

Solution count 7: 32.8142 32.8142 32.8985 ... 52.8597

Optimal solution found (tolerance 5.00e-03)
Best objective 3.281415392654e+01, best bound 3.266684870713e+01, gap 0.4489%
