
Gurobi 11.0.0 (win64) logging started Thu Aug 27 11:39:49 2026

Set parameter LogFile to value "C:\Users\celinep\Documents\GitHub\ChargeAndBreak\logs\VSS\RshortCmanyTnone_11_DET_20260827_113748_152_gurobi.log"
Gurobi Optimizer version 11.0.0 build v11.0.0rc2 (win64 - Windows 11+.0 (26200.2))

CPU model: 11th Gen Intel(R) Core(TM) i5-1145G7 @ 2.60GHz, instruction set [SSE2|AVX|AVX2|AVX512]
Thread count: 4 physical cores, 8 logical processors, using up to 1 threads

Optimize a model with 2444 rows, 1356 columns and 8191 nonzeros
Model fingerprint: 0x5f497eaa
Variable types: 857 continuous, 499 integer (499 binary)
Coefficient statistics:
  Matrix range     [3e-02, 6e+02]
  Objective range  [1e+00, 1e+00]
  Bounds range     [1e+00, 1e+00]
  RHS range        [4e-02, 2e+07]
Presolve removed 941 rows and 373 columns
Presolve time: 0.06s
Presolved: 1503 rows, 983 columns, 6237 nonzeros
Variable types: 604 continuous, 379 integer (378 binary)
Found heuristic solution: objective 47.8705495

Root relaxation: objective 3.280738e+01, 781 iterations, 0.02 seconds (0.02 work units)

    Nodes    |    Current Node    |     Objective Bounds      |     Work
 Expl Unexpl |  Obj  Depth IntInf | Incumbent    BestBd   Gap | It/Node Time

     0     0   32.80738    0   44   47.87055   32.80738  31.5%     -    0s
     0     0   32.80757    0   44   47.87055   32.80757  31.5%     -    0s
H    0     0                      47.6709185   32.80757  31.2%     -    0s
H    0     0                      47.5552184   32.80757  31.0%     -    0s
     0     0   33.48726    0   35   47.55522   33.48726  29.6%     -    0s
     0     0   33.51830    0   44   47.55522   33.51830  29.5%     -    0s
     0     0   33.51830    0   43   47.55522   33.51830  29.5%     -    0s
     0     0   33.54245    0   44   47.55522   33.54245  29.5%     -    0s
     0     0   33.54580    0   45   47.55522   33.54580  29.5%     -    0s
     0     0   33.56844    0   42   47.55522   33.56844  29.4%     -    0s
H    0     0                      47.3940099   33.60615  29.1%     -    0s
     0     0   33.60615    0   38   47.39401   33.60615  29.1%     -    0s
     0     0   33.60615    0   38   47.39401   33.60615  29.1%     -    0s
     0     0   33.60615    0   38   47.39401   33.60615  29.1%     -    0s
     0     0   33.60615    0   38   47.39401   33.60615  29.1%     -    0s
     0     0   33.60615    0   51   47.39401   33.60615  29.1%     -    0s
     0     0   33.66994    0   50   47.39401   33.66994  29.0%     -    0s
     0     0   33.66994    0   52   47.39401   33.66994  29.0%     -    0s
     0     0   33.66994    0   52   47.39401   33.66994  29.0%     -    0s
     0     0   33.66994    0   46   47.39401   33.66994  29.0%     -    0s
H    0     0                      47.1208278   33.68874  28.5%     -    0s
     0     0   33.68874    0   39   47.12083   33.68874  28.5%     -    0s
     0     0   33.68874    0   45   47.12083   33.68874  28.5%     -    0s
     0     0   33.68874    0   49   47.12083   33.68874  28.5%     -    0s
     0     0   33.68874    0   63   47.12083   33.68874  28.5%     -    0s
     0     0   33.68874    0   62   47.12083   33.68874  28.5%     -    0s
     0     0   33.68874    0   62   47.12083   33.68874  28.5%     -    0s
     0     0   33.68874    0   62   47.12083   33.68874  28.5%     -    0s
H    0     0                      39.0374945   33.68874  13.7%     -    0s
     0     0   33.68874    0   60   39.03749   33.68874  13.7%     -    0s
     0     0   33.68874    0   60   39.03749   33.68874  13.7%     -    0s
     0     0   33.68874    0   57   39.03749   33.68874  13.7%     -    0s
     0     0   33.68874    0   57   39.03749   33.68874  13.7%     -    0s
     0     0   33.68886    0   52   39.03749   33.68886  13.7%     -    0s
H    0     0                      38.1834905   33.69485  11.8%     -    0s
     0     0   33.69485    0   61   38.18349   33.69485  11.8%     -    0s
     0     0   33.69485    0   56   38.18349   33.69485  11.8%     -    0s
     0     0   33.69485    0   57   38.18349   33.69485  11.8%     -    0s
     0     0   33.70283    0   39   38.18349   33.70283  11.7%     -    0s
     0     0   33.70336    0   49   38.18349   33.70336  11.7%     -    0s
     0     0   33.70336    0   49   38.18349   33.70336  11.7%     -    0s
     0     0   33.70512    0   56   38.18349   33.70512  11.7%     -    0s
     0     0   33.71689    0   52   38.18349   33.71689  11.7%     -    0s
     0     0   33.71832    0   52   38.18349   33.71832  11.7%     -    0s
     0     0   33.71832    0   52   38.18349   33.71832  11.7%     -    0s
     0     0   33.72106    0   54   38.18349   33.72106  11.7%     -    0s
     0     0   33.72155    0   54   38.18349   33.72155  11.7%     -    0s
     0     0   33.72157    0   54   38.18349   33.72157  11.7%     -    0s
     0     0   33.74197    0   54   38.18349   33.74197  11.6%     -    0s
     0     0   33.74197    0   54   38.18349   33.74197  11.6%     -    0s
     0     0   33.74616    0   54   38.18349   33.74616  11.6%     -    1s
     0     2   33.74616    0   54   38.18349   33.74616  11.6%     -    1s
H   19    12                      38.1209073   33.74616  11.5%  18.5    1s
H   26    17                      38.1209073   33.74616  11.5%  18.6    1s
*  211   107              20      38.0757020   33.86147  11.1%  15.0    1s

Cutting planes:
  Learned: 1
  Gomory: 14
  Cover: 13
  Implied bound: 39
  MIR: 57
  Flow cover: 37
  RLT: 21
  Relax-and-lift: 5
  BQP: 3
  PSD: 2

Explored 317 nodes (5778 simplex iterations) in 2.18 seconds (0.99 work units)
Thread count was 1 (of 8 available processors)

Solution count 9: 38.0757 38.1209 38.1835 ... 47.8705

Optimal solution found (tolerance 5.00e-03)
Best objective 3.807570197912e+01, best bound 3.799267140675e+01, gap 0.2181%
