
Gurobi 11.0.0 (win64) logging started Thu Aug 27 11:38:44 2026

Set parameter LogFile to value "C:\Users\celinep\Documents\GitHub\ChargeAndBreak\logs\VSS\RshortCfewTtight_21_DET_20260827_113748_088_gurobi.log"
Gurobi Optimizer version 11.0.0 build v11.0.0rc2 (win64 - Windows 11+.0 (26200.2))

CPU model: 11th Gen Intel(R) Core(TM) i5-1145G7 @ 2.60GHz, instruction set [SSE2|AVX|AVX2|AVX512]
Thread count: 4 physical cores, 8 logical processors, using up to 1 threads

Optimize a model with 2217 rows, 1230 columns and 7526 nonzeros
Model fingerprint: 0x10ac6650
Variable types: 782 continuous, 448 integer (448 binary)
Coefficient statistics:
  Matrix range     [6e-02, 5e+02]
  Objective range  [1e+00, 1e+00]
  Bounds range     [1e+00, 1e+00]
  RHS range        [8e-02, 5e+02]
Presolve removed 841 rows and 327 columns
Presolve time: 0.05s
Presolved: 1376 rows, 903 columns, 6198 nonzeros
Variable types: 554 continuous, 349 integer (348 binary)
Found heuristic solution: objective 49.2274272
Found heuristic solution: objective 48.2232772

Root relaxation: objective 2.520395e+01, 824 iterations, 0.02 seconds (0.02 work units)

    Nodes    |    Current Node    |     Objective Bounds      |     Work
 Expl Unexpl |  Obj  Depth IntInf | Incumbent    BestBd   Gap | It/Node Time

     0     0   25.20395    0   44   48.22328   25.20395  47.7%     -    0s
H    0     0                      42.9910378   25.20395  41.4%     -    0s
H    0     0                      34.2812541   25.20395  26.5%     -    0s
     0     0   25.59308    0   66   34.28125   25.59308  25.3%     -    0s
     0     0   25.59335    0   60   34.28125   25.59335  25.3%     -    0s
     0     0   25.60571    0   52   34.28125   25.60571  25.3%     -    0s
     0     0   25.63096    0   54   34.28125   25.63096  25.2%     -    0s
     0     0   25.66132    0   45   34.28125   25.66132  25.1%     -    0s
     0     0   25.85031    0   82   34.28125   25.85031  24.6%     -    0s
H    0     0                      33.7477292   25.88464  23.3%     -    0s
     0     0   25.88464    0   45   33.74773   25.88464  23.3%     -    0s
     0     0   25.88464    0   45   33.74773   25.88464  23.3%     -    0s
     0     0   26.47711    0   42   33.74773   26.47711  21.5%     -    0s
     0     0   26.49531    0   37   33.74773   26.49531  21.5%     -    0s
     0     0   26.49553    0   37   33.74773   26.49553  21.5%     -    0s
     0     0   26.53529    0   45   33.74773   26.53529  21.4%     -    0s
     0     0   26.61423    0   60   33.74773   26.61423  21.1%     -    0s
     0     0   26.61423    0   64   33.74773   26.61423  21.1%     -    0s
     0     0   26.61423    0   68   33.74773   26.61423  21.1%     -    0s
     0     0   26.61423    0   70   33.74773   26.61423  21.1%     -    0s
     0     0   26.61834    0   63   33.74773   26.61834  21.1%     -    0s
     0     0   26.62948    0   63   33.74773   26.62948  21.1%     -    0s
     0     0   26.67674    0   61   33.74773   26.67674  21.0%     -    0s
     0     0   26.68615    0   62   33.74773   26.68615  20.9%     -    0s
     0     0   26.74991    0   61   33.74773   26.74991  20.7%     -    0s
     0     0   26.77636    0   62   33.74773   26.77636  20.7%     -    0s
     0     0   26.80046    0   69   33.74773   26.80046  20.6%     -    0s
     0     0   26.81066    0   59   33.74773   26.81066  20.6%     -    0s
     0     0   26.82023    0   59   33.74773   26.82023  20.5%     -    0s
     0     0   26.83949    0   63   33.74773   26.83949  20.5%     -    0s
     0     0   26.85254    0   55   33.74773   26.85254  20.4%     -    0s
H    0     0                      33.7123594   26.85254  20.3%     -    0s
     0     0   26.85800    0   56   33.71236   26.85800  20.3%     -    0s
     0     0   26.85800    0   61   33.71236   26.85800  20.3%     -    0s
     0     0   26.87607    0   56   33.71236   26.87607  20.3%     -    0s
H    0     0                      33.6481314   26.90691  20.0%     -    0s
     0     0   26.90691    0   65   33.64813   26.90691  20.0%     -    0s
     0     0   26.90691    0   61   33.64813   26.90691  20.0%     -    0s
     0     0   26.90691    0   59   33.64813   26.90691  20.0%     -    0s
     0     0   26.93360    0   62   33.64813   26.93360  20.0%     -    0s
H    0     0                      33.5876893   26.93439  19.8%     -    0s
     0     0   26.93626    0   64   33.58769   26.93626  19.8%     -    0s
     0     0   26.93626    0   64   33.58769   26.93626  19.8%     -    0s
     0     0   26.94895    0   64   33.58769   26.94895  19.8%     -    0s
     0     0   26.95035    0   67   33.58769   26.95035  19.8%     -    1s
     0     0   26.95175    0   66   33.58769   26.95175  19.8%     -    1s
     0     0   26.95315    0   66   33.58769   26.95315  19.8%     -    1s
     0     0   26.95380    0   66   33.58769   26.95380  19.8%     -    1s
     0     0   26.97175    0   67   33.58769   26.97175  19.7%     -    1s
     0     0   26.98026    0   67   33.58769   26.98026  19.7%     -    1s
     0     0   27.01257    0   69   33.58769   27.01257  19.6%     -    1s
     0     0   27.01285    0   63   33.58769   27.01285  19.6%     -    1s
     0     0   27.01285    0   64   33.58769   27.01285  19.6%     -    1s
     0     0   27.04767    0   69   33.58769   27.04767  19.5%     -    1s
     0     0   27.05460    0   67   33.58769   27.05460  19.5%     -    1s
     0     0   27.07550    0   67   33.58769   27.07550  19.4%     -    1s
     0     0   27.07868    0   67   33.58769   27.07868  19.4%     -    1s
     0     0   27.10943    0   68   33.58769   27.10943  19.3%     -    1s
     0     0   27.11003    0   67   33.58769   27.11003  19.3%     -    1s
     0     0   27.13564    0   70   33.58769   27.13564  19.2%     -    1s
     0     0   27.13642    0   69   33.58769   27.13642  19.2%     -    1s
     0     0   27.16219    0   70   33.58769   27.16219  19.1%     -    1s
     0     0   27.16279    0   69   33.58769   27.16279  19.1%     -    1s
     0     0   27.18562    0   71   33.58769   27.18562  19.1%     -    1s
     0     0   27.18630    0   71   33.58769   27.18630  19.1%     -    1s
     0     0   27.20779    0   72   33.58769   27.20779  19.0%     -    1s
     0     0   27.20831    0   71   33.58769   27.20831  19.0%     -    1s
     0     0   27.22841    0   71   33.58769   27.22841  18.9%     -    1s
     0     0   27.24666    0   70   33.58769   27.24666  18.9%     -    1s
     0     0   27.24667    0   71   33.58769   27.24667  18.9%     -    1s
     0     0   27.26226    0   72   33.58769   27.26226  18.8%     -    1s
     0     0   27.26264    0   71   33.58769   27.26264  18.8%     -    1s
     0     0   27.27904    0   72   33.58769   27.27904  18.8%     -    1s
     0     0   27.27912    0   72   33.58769   27.27912  18.8%     -    1s
     0     0   27.27918    0   72   33.58769   27.27918  18.8%     -    1s
     0     0   27.28829    0   72   33.58769   27.28829  18.8%     -    1s
     0     0   27.28932    0   72   33.58769   27.28932  18.8%     -    1s
     0     0   27.28932    0   72   33.58769   27.28932  18.8%     -    1s
     0     0   27.28936    0   71   33.58769   27.28936  18.8%     -    1s
     0     0   27.30345    0   72   33.58769   27.30345  18.7%     -    1s
     0     0   27.30366    0   71   33.58769   27.30366  18.7%     -    1s
     0     0   27.31622    0   72   33.58769   27.31622  18.7%     -    1s
     0     0   27.31651    0   71   33.58769   27.31651  18.7%     -    1s
     0     0   27.32807    0   73   33.58769   27.32807  18.6%     -    1s
     0     0   27.33857    0   72   33.58769   27.33857  18.6%     -    1s
     0     0   27.34808    0   75   33.58769   27.34808  18.6%     -    1s
     0     0   27.34857    0   74   33.58769   27.34857  18.6%     -    1s
     0     0   27.35775    0   76   33.58769   27.35775  18.5%     -    1s
     0     0   27.35807    0   71   33.58769   27.35807  18.5%     -    1s
     0     0   27.35819    0   74   33.58769   27.35819  18.5%     -    1s
     0     0   27.36725    0   75   33.58769   27.36725  18.5%     -    1s
     0     0   27.36736    0   74   33.58769   27.36736  18.5%     -    2s
     0     0   27.37597    0   76   33.58769   27.37597  18.5%     -    2s
     0     0   27.37608    0   75   33.58769   27.37608  18.5%     -    2s
     0     0   27.38363    0   76   33.58769   27.38363  18.5%     -    2s
     0     0   27.38419    0   70   33.58769   27.38419  18.5%     -    2s
     0     0   27.38429    0   71   33.58769   27.38429  18.5%     -    2s
     0     0   27.39194    0   84   33.58769   27.39194  18.4%     -    2s
     0     0   27.39203    0   83   33.58769   27.39203  18.4%     -    2s
     0     0   27.39862    0   84   33.58769   27.39862  18.4%     -    2s
     0     0   27.39980    0   83   33.58769   27.39980  18.4%     -    2s
     0     0   27.39980    0   84   33.58769   27.39980  18.4%     -    2s
     0     0   27.40393    0   83   33.58769   27.40393  18.4%     -    2s
     0     0   27.40694    0   78   33.58769   27.40694  18.4%     -    2s
H    0     0                      33.5714343   27.40694  18.4%     -    2s
     0     2   27.41602    0   64   33.57143   27.41602  18.3%     -    2s
H   56     6                      32.9267008   30.37917  7.74%   8.8    2s
*   71    11              11      32.8238114   32.69427  0.39%  11.1    2s

Cutting planes:
  Learned: 1
  Gomory: 7
  Cover: 7
  Implied bound: 11
  Clique: 1
  MIR: 43
  Flow cover: 15
  Network: 1
  RLT: 6
  Relax-and-lift: 13

Explored 72 nodes (4034 simplex iterations) in 2.70 seconds (1.05 work units)
Thread count was 1 (of 8 available processors)

Solution count 10: 32.8238 32.9267 33.5714 ... 48.2233

Optimal solution found (tolerance 5.00e-03)
Best objective 3.282381144847e+01, best bound 3.269426820259e+01, gap 0.3947%
