
Gurobi 11.0.0 (win64) logging started Thu Aug 27 11:40:06 2026

Set parameter LogFile to value "C:\Users\celinep\Documents\GitHub\ChargeAndBreak\logs\VSS\RshortCmanyTnone_24_DET_20260827_113748_166_gurobi.log"
Gurobi Optimizer version 11.0.0 build v11.0.0rc2 (win64 - Windows 11+.0 (26200.2))

CPU model: 11th Gen Intel(R) Core(TM) i5-1145G7 @ 2.60GHz, instruction set [SSE2|AVX|AVX2|AVX512]
Thread count: 4 physical cores, 8 logical processors, using up to 1 threads

Optimize a model with 2499 rows, 1387 columns and 8390 nonzeros
Model fingerprint: 0xf1563885
Variable types: 879 continuous, 508 integer (508 binary)
Coefficient statistics:
  Matrix range     [1e-02, 6e+02]
  Objective range  [1e+00, 1e+00]
  Bounds range     [1e+00, 1e+00]
  RHS range        [3e-02, 2e+07]
Presolve removed 989 rows and 403 columns
Presolve time: 0.05s
Presolved: 1510 rows, 984 columns, 6325 nonzeros
Variable types: 606 continuous, 378 integer (377 binary)
Found heuristic solution: objective 57.3950673
Found heuristic solution: objective 47.6001560

Root relaxation: objective 3.153822e+01, 746 iterations, 0.02 seconds (0.02 work units)

    Nodes    |    Current Node    |     Objective Bounds      |     Work
 Expl Unexpl |  Obj  Depth IntInf | Incumbent    BestBd   Gap | It/Node Time

     0     0   31.53822    0   28   47.60016   31.53822  33.7%     -    0s
H    0     0                      37.8589482   31.53822  16.7%     -    0s
     0     0   31.98656    0   38   37.85895   31.98656  15.5%     -    0s
     0     0   31.98656    0   38   37.85895   31.98656  15.5%     -    0s
H    0     0                      37.4751049   31.98656  14.6%     -    0s
     0     0   31.98656    0   37   37.47510   31.98656  14.6%     -    0s
     0     0   32.19280    0   38   37.47510   32.19280  14.1%     -    0s
     0     0   32.19280    0   43   37.47510   32.19280  14.1%     -    0s
H    0     0                      37.2766143   32.24681  13.5%     -    0s
     0     0   32.24681    0   49   37.27661   32.24681  13.5%     -    0s
     0     0   32.25344    0   25   37.27661   32.25344  13.5%     -    0s
     0     0   32.29308    0   26   37.27661   32.29308  13.4%     -    0s
     0     0   32.29308    0   26   37.27661   32.29308  13.4%     -    0s
     0     0   32.29308    0   26   37.27661   32.29308  13.4%     -    0s
     0     0   32.29308    0   27   37.27661   32.29308  13.4%     -    0s
     0     0   32.29308    0   27   37.27661   32.29308  13.4%     -    0s
     0     0   32.29641    0   27   37.27661   32.29641  13.4%     -    0s
     0     0   32.31107    0   28   37.27661   32.31107  13.3%     -    0s
     0     0   32.31107    0   28   37.27661   32.31107  13.3%     -    0s
     0     0   32.31107    0   27   37.27661   32.31107  13.3%     -    0s
     0     0   32.32233    0   27   37.27661   32.32233  13.3%     -    0s
     0     0   32.32233    0   28   37.27661   32.32233  13.3%     -    0s
     0     0   32.32233    0   28   37.27661   32.32233  13.3%     -    0s
     0     2   32.32233    0   26   37.27661   32.32233  13.3%     -    0s
*  167    79               9      37.2110818   32.79112  11.9%  15.6    1s

Cutting planes:
  Learned: 7
  Gomory: 4
  Cover: 8
  Implied bound: 35
  MIR: 28
  Flow cover: 46
  RLT: 14
  Relax-and-lift: 3

Explored 252 nodes (5532 simplex iterations) in 1.71 seconds (0.81 work units)
Thread count was 1 (of 8 available processors)

Solution count 6: 37.2111 37.2766 37.4751 ... 57.3951

Optimal solution found (tolerance 5.00e-03)
Best objective 3.721108182319e+01, best bound 3.702584093403e+01, gap 0.4978%
