
Gurobi 9.5.2 (linux64) logging started Wed Aug 26 23:23:14 2026

Set parameter LogFile to value "/mnt/beegfs/users/celinep/ChargeAndBreak/logs/VSS/RshortCmanyTnone_21_DET_20260826_232246_163_gurobi.log"
Gurobi Optimizer version 9.5.2 build v9.5.2rc0 (linux64)
Thread count: 16 physical cores, 32 logical processors, using up to 1 threads
Optimize a model with 2485 rows, 1379 columns and 8335 nonzeros
Model fingerprint: 0xf09b0fbf
Variable types: 872 continuous, 507 integer (507 binary)
Coefficient statistics:
  Matrix range     [2e-02, 6e+02]
  Objective range  [1e+00, 1e+00]
  Bounds range     [1e+00, 1e+00]
  RHS range        [1e-02, 2e+07]
Presolve removed 967 rows and 388 columns
Presolve time: 0.04s
Presolved: 1518 rows, 991 columns, 6314 nonzeros
Variable types: 611 continuous, 380 integer (379 binary)
Found heuristic solution: objective 57.9941216
Found heuristic solution: objective 48.7349680

Root relaxation: objective 3.239504e+01, 949 iterations, 0.02 seconds (0.02 work units)

    Nodes    |    Current Node    |     Objective Bounds      |     Work
 Expl Unexpl |  Obj  Depth IntInf | Incumbent    BestBd   Gap | It/Node Time

     0     0   32.39504    0   39   48.73497   32.39504  33.5%     -    0s
H    0     0                      38.6433387   32.39504  16.2%     -    0s
     0     0   33.04673    0   24   38.64334   33.04673  14.5%     -    0s
H    0     0                      38.5797841   33.04673  14.3%     -    0s
     0     0   33.07376    0   28   38.57978   33.07376  14.3%     -    0s
     0     0   33.20420    0   33   38.57978   33.20420  13.9%     -    0s
     0     0   33.20987    0   36   38.57978   33.20987  13.9%     -    0s
     0     0   33.21043    0   36   38.57978   33.21043  13.9%     -    0s
     0     0   33.24055    0   40   38.57978   33.24055  13.8%     -    0s
     0     0   33.24151    0   40   38.57978   33.24151  13.8%     -    0s
     0     0   33.24282    0   40   38.57978   33.24282  13.8%     -    0s
     0     0   33.24598    0   39   38.57978   33.24598  13.8%     -    0s
     0     0   33.25638    0   36   38.57978   33.25638  13.8%     -    0s
     0     0   33.25662    0   36   38.57978   33.25662  13.8%     -    0s
     0     0   33.25664    0   36   38.57978   33.25664  13.8%     -    0s
     0     0   33.25903    0   41   38.57978   33.25903  13.8%     -    0s
H    0     0                      38.3113052   33.25903  13.2%     -    0s
     0     0   33.26442    0   44   38.31131   33.26442  13.2%     -    0s
     0     0   33.26452    0   44   38.31131   33.26452  13.2%     -    0s
     0     0   33.26650    0   35   38.31131   33.26650  13.2%     -    0s
     0     0   33.26650    0   34   38.31131   33.26650  13.2%     -    0s
     0     0   33.26650    0   34   38.31131   33.26650  13.2%     -    0s
     0     0   33.26650    0   34   38.31131   33.26650  13.2%     -    0s
     0     0   33.26650    0   32   38.31131   33.26650  13.2%     -    0s
     0     0   33.26650    0   32   38.31131   33.26650  13.2%     -    0s
     0     2   33.27612    0   32   38.31131   33.27612  13.1%     -    0s
*   14    14              13      38.0812316   33.27612  12.6%  13.9    0s
*   15    13              13      38.0627535   33.27612  12.6%  13.0    0s
*   39    20              15      38.0246764   33.27612  12.5%  13.3    0s
H  158    93                      38.0246764   34.87500  8.28%  19.0    0s
*  534   120              17      37.9632877   37.70023  0.69%  18.0    1s
H  604   119                      37.9632876   37.70691  0.68%  17.7    1s

Cutting planes:
  Learned: 1
  Gomory: 15
  Cover: 3
  Implied bound: 49
  MIR: 49
  Flow cover: 33
  RLT: 19
  Relax-and-lift: 4

Explored 776 nodes (15543 simplex iterations) in 1.72 seconds (1.24 work units)
Thread count was 1 (of 32 available processors)

Solution count 10: 37.9633 37.9633 38.0247 ... 48.735

Optimal solution found (tolerance 5.00e-03)
Best objective 3.796328761864e+01, best bound 3.777687605335e+01, gap 0.4910%
