
Gurobi 11.0.0 (win64) logging started Thu Aug 27 11:39:31 2026

Set parameter LogFile to value "C:\Users\celinep\Documents\GitHub\ChargeAndBreak\logs\VSS\RshortCmanyTmedium_21_DET_20260827_113748_138_gurobi.log"
Gurobi Optimizer version 11.0.0 build v11.0.0rc2 (win64 - Windows 11+.0 (26200.2))

CPU model: 11th Gen Intel(R) Core(TM) i5-1145G7 @ 2.60GHz, instruction set [SSE2|AVX|AVX2|AVX512]
Thread count: 4 physical cores, 8 logical processors, using up to 1 threads

Optimize a model with 2853 rows, 1585 columns and 9610 nonzeros
Model fingerprint: 0xbadfd57e
Variable types: 1001 continuous, 584 integer (584 binary)
Coefficient statistics:
  Matrix range     [4e-02, 7e+02]
  Objective range  [1e+00, 1e+00]
  Bounds range     [1e+00, 1e+00]
  RHS range        [2e-02, 5e+02]
Presolve removed 1066 rows and 404 columns
Presolve time: 0.07s
Presolved: 1787 rows, 1181 columns, 7956 nonzeros
Variable types: 713 continuous, 468 integer (467 binary)
Found heuristic solution: objective 72.3873788

Root relaxation: objective 3.749817e+01, 1061 iterations, 0.04 seconds (0.02 work units)

    Nodes    |    Current Node    |     Objective Bounds      |     Work
 Expl Unexpl |  Obj  Depth IntInf | Incumbent    BestBd   Gap | It/Node Time

     0     0   37.49817    0   66   72.38738   37.49817  48.2%     -    0s
     0     0   38.28686    0   83   72.38738   38.28686  47.1%     -    0s
H    0     0                      65.0257896   38.59146  40.7%     -    0s
     0     0   38.59146    0   79   65.02579   38.59146  40.7%     -    0s
     0     0   38.59146    0   79   65.02579   38.59146  40.7%     -    0s
     0     0   38.59146    0   80   65.02579   38.59146  40.7%     -    0s
     0     0   38.59146    0   69   65.02579   38.59146  40.7%     -    0s
H    0     0                      41.8245559   38.89558  7.00%     -    0s
     0     0   38.89558    0   67   41.82456   38.89558  7.00%     -    0s
     0     0   38.89558    0   61   41.82456   38.89558  7.00%     -    0s
     0     0   38.89558    0   73   41.82456   38.89558  7.00%     -    0s
     0     0   38.89558    0   75   41.82456   38.89558  7.00%     -    0s
     0     0   38.89558    0   75   41.82456   38.89558  7.00%     -    0s
     0     0   38.89558    0   76   41.82456   38.89558  7.00%     -    0s
     0     0   38.89558    0   83   41.82456   38.89558  7.00%     -    0s
     0     0   38.89558    0   81   41.82456   38.89558  7.00%     -    0s
     0     0   38.89558    0   83   41.82456   38.89558  7.00%     -    0s
     0     0   38.89558    0   76   41.82456   38.89558  7.00%     -    0s
     0     0   38.89558    0   78   41.82456   38.89558  7.00%     -    0s
     0     0   38.89558    0   87   41.82456   38.89558  7.00%     -    0s
     0     0   38.89558    0   88   41.82456   38.89558  7.00%     -    0s
     0     0   38.89558    0  115   41.82456   38.89558  7.00%     -    0s
     0     0   38.89558    0  118   41.82456   38.89558  7.00%     -    0s
     0     0   38.89558    0  113   41.82456   38.89558  7.00%     -    0s
     0     0   38.89558    0  113   41.82456   38.89558  7.00%     -    0s
     0     0   38.89558    0  113   41.82456   38.89558  7.00%     -    0s
     0     0   38.89558    0  114   41.82456   38.89558  7.00%     -    0s
     0     0   38.89558    0  114   41.82456   38.89558  7.00%     -    0s
     0     0   38.89558    0  102   41.82456   38.89558  7.00%     -    1s
     0     0   38.89558    0   93   41.82456   38.89558  7.00%     -    1s
H    0     0                      41.7850018   38.89733  6.91%     -    1s
     0     2   38.89733    0   92   41.78500   38.89733  6.91%     -    1s
H  236   155                      41.7850017   39.56158  5.32%  36.0    2s
H  470   244                      41.7850016   39.67169  5.06%  41.9    3s
H  578   245                      41.5456804   39.69680  4.45%  41.6    4s
H  578   239                      41.5140447   39.69680  4.38%  41.6    4s
H  591   228                      41.3493919   39.69997  3.99%  43.3    4s
H  605   203                      41.0947780   39.70572  3.38%  43.6    4s
   641   208   39.86976   13   63   41.09478   39.71028  3.37%  44.2    5s
  1387   132   40.98278   12   77   41.09478   40.28926  1.96%  42.7   10s

Cutting planes:
  Learned: 9
  Gomory: 32
  Cover: 85
  Implied bound: 221
  Clique: 1
  MIR: 65
  Flow cover: 60
  Inf proof: 1
  RLT: 20
  Relax-and-lift: 7
  PSD: 1

Explored 1604 nodes (70124 simplex iterations) in 11.49 seconds (5.72 work units)
Thread count was 1 (of 8 available processors)

Solution count 9: 41.0948 41.3494 41.514 ... 72.3874

Optimal solution found (tolerance 5.00e-03)
Best objective 4.109477800748e+01, best bound 4.090385524997e+01, gap 0.4646%
