
Gurobi 9.5.2 (linux64) logging started Wed Aug 26 23:22:58 2026

Set parameter LogFile to value "/mnt/beegfs/users/celinep/ChargeAndBreak/logs/VSS/RshortCfewTnone_25_DET_20260826_232246_067_gurobi.log"
Gurobi Optimizer version 9.5.2 build v9.5.2rc0 (linux64)
Thread count: 16 physical cores, 32 logical processors, using up to 1 threads
Optimize a model with 2344 rows, 1301 columns and 7948 nonzeros
Model fingerprint: 0xa4ce3033
Variable types: 827 continuous, 474 integer (474 binary)
Coefficient statistics:
  Matrix range     [4e-02, 5e+02]
  Objective range  [1e+00, 1e+00]
  Bounds range     [1e+00, 1e+00]
  RHS range        [2e-01, 2e+07]
Presolve removed 886 rows and 354 columns
Presolve time: 0.03s
Presolved: 1458 rows, 947 columns, 6107 nonzeros
Variable types: 582 continuous, 365 integer (364 binary)
Found heuristic solution: objective 54.2833886
Found heuristic solution: objective 43.5589477

Root relaxation: objective 2.589970e+01, 848 iterations, 0.02 seconds (0.02 work units)

    Nodes    |    Current Node    |     Objective Bounds      |     Work
 Expl Unexpl |  Obj  Depth IntInf | Incumbent    BestBd   Gap | It/Node Time

     0     0   25.89970    0   58   43.55895   25.89970  40.5%     -    0s
H    0     0                      34.7828166   25.89970  25.5%     -    0s
     0     0   26.49134    0   44   34.78282   26.49134  23.8%     -    0s
H    0     0                      34.1163979   26.49134  22.4%     -    0s
     0     0   26.49217    0   45   34.11640   26.49217  22.3%     -    0s
     0     0   26.74643    0   39   34.11640   26.74643  21.6%     -    0s
H    0     0                      34.0465102   26.74643  21.4%     -    0s
     0     0   26.76008    0   39   34.04651   26.76008  21.4%     -    0s
     0     0   26.76020    0   39   34.04651   26.76020  21.4%     -    0s
     0     0   26.93372    0   50   34.04651   26.93372  20.9%     -    0s
H    0     0                      34.0200434   26.93372  20.8%     -    0s
     0     0   26.95047    0   50   34.02004   26.95047  20.8%     -    0s
     0     0   26.95182    0   52   34.02004   26.95182  20.8%     -    0s
     0     0   26.96490    0   47   34.02004   26.96490  20.7%     -    0s
     0     0   26.96585    0   45   34.02004   26.96585  20.7%     -    0s
     0     0   26.97082    0   53   34.02004   26.97082  20.7%     -    0s
     0     0   26.97280    0   50   34.02004   26.97280  20.7%     -    0s
     0     0   26.97403    0   53   34.02004   26.97403  20.7%     -    0s
     0     0   26.98853    0   56   34.02004   26.98853  20.7%     -    0s
H    0     0                      33.9950760   26.98853  20.6%     -    0s
     0     0   26.99046    0   26   33.99508   26.99046  20.6%     -    0s
     0     0   26.99455    0   27   33.99508   26.99455  20.6%     -    0s
     0     0   26.99478    0   27   33.99508   26.99478  20.6%     -    0s
     0     0   27.00196    0   46   33.99508   27.00196  20.6%     -    0s
     0     0   27.00348    0   55   33.99508   27.00348  20.6%     -    0s
     0     0   27.00348    0   55   33.99508   27.00348  20.6%     -    0s
     0     0   27.00964    0   59   33.99508   27.00964  20.5%     -    0s
     0     0   27.00993    0   56   33.99508   27.00993  20.5%     -    0s
     0     0   27.00993    0   55   33.99508   27.00993  20.5%     -    0s
     0     0   27.01101    0   56   33.99508   27.01101  20.5%     -    0s
H    0     0                      33.9851258   27.01101  20.5%     -    0s
     0     0   27.01102    0   56   33.98513   27.01102  20.5%     -    0s
     0     0   27.01104    0   58   33.98513   27.01104  20.5%     -    0s
     0     0   27.01164    0   53   33.98513   27.01164  20.5%     -    0s
     0     2   27.01422    0   53   33.98513   27.01422  20.5%     -    0s
H  411    73                      33.9606947   33.73401  0.67%  16.8    1s
*  438    70              56      33.9518726   33.73401  0.64%  16.5    1s
H  439    56                      33.9079215   33.73401  0.51%  16.5    1s

Cutting planes:
  Gomory: 4
  Cover: 3
  Implied bound: 47
  MIR: 51
  Flow cover: 41
  RLT: 23
  Relax-and-lift: 3

Explored 441 nodes (9039 simplex iterations) in 1.10 seconds (0.74 work units)
Thread count was 1 (of 32 available processors)

Solution count 10: 33.9079 33.9519 33.9607 ... 43.5589

Optimal solution found (tolerance 5.00e-03)
Best objective 3.390792145151e+01, best bound 3.374368742824e+01, gap 0.4844%
