
Gurobi 11.0.0 (win64) logging started Thu Aug 27 11:41:12 2026

Set parameter LogFile to value "C:\Users\celinep\Documents\GitHub\ChargeAndBreak\logs\VSS\RshortCmediumTlarge_8_DET_20260827_113748_223_gurobi.log"
Gurobi Optimizer version 11.0.0 build v11.0.0rc2 (win64 - Windows 11+.0 (26200.2))

CPU model: 11th Gen Intel(R) Core(TM) i5-1145G7 @ 2.60GHz, instruction set [SSE2|AVX|AVX2|AVX512]
Thread count: 4 physical cores, 8 logical processors, using up to 1 threads

Optimize a model with 2377 rows, 1319 columns and 8022 nonzeros
Model fingerprint: 0x3810cbfe
Variable types: 835 continuous, 484 integer (484 binary)
Coefficient statistics:
  Matrix range     [4e-02, 5e+02]
  Objective range  [1e+00, 1e+00]
  Bounds range     [1e+00, 1e+00]
  RHS range        [1e-02, 5e+02]
Presolve removed 902 rows and 351 columns
Presolve time: 0.06s
Presolved: 1475 rows, 968 columns, 6572 nonzeros
Variable types: 593 continuous, 375 integer (374 binary)
Found heuristic solution: objective 53.3652144

Root relaxation: objective 3.054495e+01, 812 iterations, 0.03 seconds (0.02 work units)

    Nodes    |    Current Node    |     Objective Bounds      |     Work
 Expl Unexpl |  Obj  Depth IntInf | Incumbent    BestBd   Gap | It/Node Time

     0     0   30.54495    0   46   53.36521   30.54495  42.8%     -    0s
H    0     0                      46.7322522   30.54495  34.6%     -    0s
H    0     0                      46.5736637   30.54495  34.4%     -    0s
     0     0   31.20867    0   50   46.57366   31.20867  33.0%     -    0s
H    0     0                      46.3369653   31.22151  32.6%     -    0s
     0     0   31.28601    0   52   46.33697   31.28601  32.5%     -    0s
     0     0   31.28663    0   52   46.33697   31.28663  32.5%     -    0s
     0     0   31.48944    0   69   46.33697   31.48944  32.0%     -    0s
H    0     0                      37.8531365   31.72303  16.2%     -    0s
     0     0   31.72303    0   70   37.85314   31.72303  16.2%     -    0s
     0     0   31.72303    0   69   37.85314   31.72303  16.2%     -    0s
     0     0   31.72303    0   69   37.85314   31.72303  16.2%     -    0s
     0     0   31.72303    0   71   37.85314   31.72303  16.2%     -    0s
     0     0   31.72303    0   69   37.85314   31.72303  16.2%     -    0s
     0     0   31.86181    0   66   37.85314   31.86181  15.8%     -    0s
     0     0   31.86181    0   67   37.85314   31.86181  15.8%     -    0s
     0     0   31.86181    0   64   37.85314   31.86181  15.8%     -    0s
     0     0   31.86181    0   64   37.85314   31.86181  15.8%     -    0s
     0     0   31.86181    0   86   37.85314   31.86181  15.8%     -    0s
     0     0   31.86181    0   84   37.85314   31.86181  15.8%     -    0s
H    0     0                      37.7443899   31.86181  15.6%     -    0s
     0     0   31.86181    0   79   37.74439   31.86181  15.6%     -    0s
     0     0   31.86181    0   78   37.74439   31.86181  15.6%     -    0s
     0     0   31.86181    0   78   37.74439   31.86181  15.6%     -    0s
     0     0   31.86181    0   70   37.74439   31.86181  15.6%     -    0s
     0     0   31.90130    0   74   37.74439   31.90130  15.5%     -    0s
     0     0   31.94982    0   65   37.74439   31.94982  15.4%     -    0s
     0     0   31.95006    0   65   37.74439   31.95006  15.4%     -    0s
     0     0   32.00243    0   80   37.74439   32.00243  15.2%     -    0s
     0     0   32.02172    0   79   37.74439   32.02172  15.2%     -    0s
     0     0   32.02172    0   85   37.74439   32.02172  15.2%     -    0s
     0     0   32.02172    0   82   37.74439   32.02172  15.2%     -    0s
     0     0   32.04311    0  107   37.74439   32.04311  15.1%     -    0s
     0     0   32.05045    0   95   37.74439   32.05045  15.1%     -    0s
     0     0   32.05052    0   95   37.74439   32.05052  15.1%     -    0s
     0     0   32.05951    0  107   37.74439   32.05951  15.1%     -    0s
H    0     0                      37.6729234   32.06468  14.9%     -    0s
     0     0   32.06536    0   80   37.67292   32.06536  14.9%     -    0s
     0     0   32.06662    0   80   37.67292   32.06662  14.9%     -    0s
     0     0   32.07294    0  103   37.67292   32.07294  14.9%     -    0s
     0     0   32.20683    0  108   37.67292   32.20683  14.5%     -    0s
     0     0   32.20683    0   82   37.67292   32.20683  14.5%     -    0s
     0     0   32.20683    0  109   37.67292   32.20683  14.5%     -    0s
     0     0   32.20683    0  106   37.67292   32.20683  14.5%     -    0s
     0     0   32.20683    0  106   37.67292   32.20683  14.5%     -    0s
     0     0   32.20683    0   86   37.67292   32.20683  14.5%     -    1s
H    0     0                      36.6598005   32.20683  12.1%     -    1s
H    0     0                      36.4995162   32.20683  11.8%     -    1s
H    0     0                      36.4550380   32.20683  11.7%     -    1s
     0     2   32.20683    0   86   36.45504   32.20683  11.7%     -    1s
H  271   131                      36.3966463   33.20776  8.76%  51.0    2s
H  276   127                      36.3966463   33.20776  8.76%  50.5    2s
H  303   147                      36.3734662   33.20776  8.70%  54.2    2s
*  314   150              22      36.2883714   33.20776  8.49%  52.8    2s
H  348   154                      36.2883714   33.20776  8.49%  54.8    3s
   589   226   34.70776   20   31   36.28837   33.45146  7.82%  59.5    5s
H  731   214                      36.2299797   33.70776  6.96%  59.6    5s
H  785   215                      36.2126737   33.74930  6.80%  58.9    6s
H  785   215                      36.2126737   33.74930  6.80%  58.9    6s

Cutting planes:
  Learned: 1
  Gomory: 13
  Cover: 77
  Implied bound: 226
  Clique: 7
  MIR: 83
  Flow cover: 71
  GUB cover: 1
  RLT: 11
  Relax-and-lift: 33
  BQP: 1

Explored 1181 nodes (66753 simplex iterations) in 8.30 seconds (4.21 work units)
Thread count was 1 (of 8 available processors)

Solution count 10: 36.2127 36.2127 36.23 ... 36.4995

Optimal solution found (tolerance 5.00e-03)
Best objective 3.621267374545e+01, best bound 3.606383595056e+01, gap 0.4110%
