
Gurobi 11.0.0 (win64) logging started Thu Aug 27 11:38:37 2026

Set parameter LogFile to value "C:\Users\celinep\Documents\GitHub\ChargeAndBreak\logs\VSS\RshortCfewTtight_1_DET_20260827_113748_075_gurobi.log"
Gurobi Optimizer version 11.0.0 build v11.0.0rc2 (win64 - Windows 11+.0 (26200.2))

CPU model: 11th Gen Intel(R) Core(TM) i5-1145G7 @ 2.60GHz, instruction set [SSE2|AVX|AVX2|AVX512]
Thread count: 4 physical cores, 8 logical processors, using up to 1 threads

Optimize a model with 2231 rows, 1238 columns and 7581 nonzeros
Model fingerprint: 0x948de287
Variable types: 789 continuous, 449 integer (449 binary)
Coefficient statistics:
  Matrix range     [4e-02, 5e+02]
  Objective range  [1e+00, 1e+00]
  Bounds range     [1e+00, 1e+00]
  RHS range        [1e-01, 5e+02]
Presolve removed 860 rows and 337 columns
Presolve time: 0.04s
Presolved: 1371 rows, 901 columns, 6194 nonzeros
Variable types: 556 continuous, 345 integer (344 binary)
Found heuristic solution: objective 44.9339759

Root relaxation: objective 2.334903e+01, 807 iterations, 0.02 seconds (0.02 work units)

    Nodes    |    Current Node    |     Objective Bounds      |     Work
 Expl Unexpl |  Obj  Depth IntInf | Incumbent    BestBd   Gap | It/Node Time

     0     0   23.34903    0   44   44.93398   23.34903  48.0%     -    0s
H    0     0                      41.1301150   23.34903  43.2%     -    0s
     0     0   23.58103    0   39   41.13011   23.58103  42.7%     -    0s
     0     0   23.59819    0   46   41.13011   23.59819  42.6%     -    0s
     0     0   23.68591    0   42   41.13011   23.68591  42.4%     -    0s
H    0     0                      33.0928208   23.69561  28.4%     -    0s
     0     0   23.69928    0   45   33.09282   23.69928  28.4%     -    0s
     0     0   23.79768    0   44   33.09282   23.79768  28.1%     -    0s
H    0     0                      32.9210805   23.81044  27.7%     -    0s
     0     0   23.81044    0   45   32.92108   23.81044  27.7%     -    0s
     0     0   23.83928    0   61   32.92108   23.83928  27.6%     -    0s
H    0     0                      32.8889562   23.85732  27.5%     -    0s
     0     0   23.85732    0   60   32.88896   23.85732  27.5%     -    0s
     0     0   23.85732    0   60   32.88896   23.85732  27.5%     -    0s
     0     0   23.86935    0   61   32.88896   23.86935  27.4%     -    0s
     0     0   23.90068    0   60   32.88896   23.90068  27.3%     -    0s
     0     0   23.90068    0   57   32.88896   23.90068  27.3%     -    0s
     0     0   23.90068    0   45   32.88896   23.90068  27.3%     -    0s
H    0     0                      32.0474060   23.90447  25.4%     -    0s
     0     0   23.90447    0   46   32.04741   23.90447  25.4%     -    0s
     0     0   23.90447    0   45   32.04741   23.90447  25.4%     -    0s
     0     0   23.90447    0   39   32.04741   23.90447  25.4%     -    0s
     0     0   23.91308    0   36   32.04741   23.91308  25.4%     -    0s
H    0     0                      31.8511818   23.94437  24.8%     -    0s
     0     0   23.94437    0   44   31.85118   23.94437  24.8%     -    0s
     0     0   23.94437    0   34   31.85118   23.94437  24.8%     -    0s
     0     0   23.94437    0   32   31.85118   23.94437  24.8%     -    0s
     0     0   23.94437    0   40   31.85118   23.94437  24.8%     -    0s
     0     0   23.94466    0   30   31.85118   23.94466  24.8%     -    0s
     0     0   23.94466    0   30   31.85118   23.94466  24.8%     -    0s
     0     0   23.94851    0   72   31.85118   23.94851  24.8%     -    0s
     0     0   23.95358    0   65   31.85118   23.95358  24.8%     -    0s
     0     0   23.95358    0   67   31.85118   23.95358  24.8%     -    0s
     0     0   23.95710    0   67   31.85118   23.95710  24.8%     -    0s
     0     0   23.95710    0   67   31.85118   23.95710  24.8%     -    0s
     0     0   23.95710    0   69   31.85118   23.95710  24.8%     -    0s
     0     0   23.96230    0   65   31.85118   23.96230  24.8%     -    0s
H    0     0                      31.8343963   23.96230  24.7%     -    0s
H    0     0                      31.7886880   25.71524  19.1%     -    0s
     0     2   25.71524    0   63   31.78869   25.71524  19.1%     -    0s
*  131    44              24      31.7624531   30.92042  2.65%  16.2    1s
H  165    11                      31.6519217   31.49189  0.51%  16.2    1s

Cutting planes:
  Gomory: 4
  Cover: 6
  Implied bound: 9
  Clique: 1
  MIR: 27
  Flow cover: 16
  RLT: 3
  Relax-and-lift: 15

Explored 169 nodes (4387 simplex iterations) in 1.29 seconds (0.70 work units)
Thread count was 1 (of 8 available processors)

Solution count 10: 31.6519 31.7625 31.7887 ... 41.1301

Optimal solution found (tolerance 5.00e-03)
Best objective 3.165192173124e+01, best bound 3.149704295815e+01, gap 0.4893%
