
Gurobi 9.5.2 (linux64) logging started Wed Aug 26 23:23:16 2026

Set parameter LogFile to value "/mnt/beegfs/users/celinep/ChargeAndBreak/logs/VSS/RshortCmanyTtight_11_DET_20260826_232246_177_gurobi.log"
Gurobi Optimizer version 9.5.2 build v9.5.2rc0 (linux64)
Thread count: 16 physical cores, 32 logical processors, using up to 1 threads
Optimize a model with 3001 rows, 1668 columns and 10136 nonzeros
Model fingerprint: 0x9c79717b
Variable types: 1054 continuous, 614 integer (614 binary)
Coefficient statistics:
  Matrix range     [5e-02, 7e+02]
  Objective range  [1e+00, 1e+00]
  Bounds range     [1e+00, 1e+00]
  RHS range        [3e-02, 5e+02]
Presolve removed 1087 rows and 400 columns
Presolve time: 0.04s
Presolved: 1914 rows, 1268 columns, 8515 nonzeros
Variable types: 764 continuous, 504 integer (503 binary)
Found heuristic solution: objective 73.8918690

Root relaxation: objective 3.905426e+01, 1404 iterations, 0.03 seconds (0.03 work units)

    Nodes    |    Current Node    |     Objective Bounds      |     Work
 Expl Unexpl |  Obj  Depth IntInf | Incumbent    BestBd   Gap | It/Node Time

     0     0   39.05426    0   80   73.89187   39.05426  47.1%     -    0s
H    0     0                      56.9802892   39.05426  31.5%     -    0s
     0     0   39.80363    0   48   56.98029   39.80363  30.1%     -    0s
     0     0   39.94770    0   65   56.98029   39.94770  29.9%     -    0s
     0     0   39.95401    0   67   56.98029   39.95401  29.9%     -    0s
     0     0   39.95712    0   70   56.98029   39.95712  29.9%     -    0s
     0     0   39.95742    0   65   56.98029   39.95742  29.9%     -    0s
     0     0   40.07171    0   47   56.98029   40.07171  29.7%     -    0s
     0     0   40.09783    0   48   56.98029   40.09783  29.6%     -    0s
     0     0   40.09983    0   47   56.98029   40.09983  29.6%     -    0s
     0     0   40.09983    0   48   56.98029   40.09983  29.6%     -    0s
     0     0   40.18992    0   83   56.98029   40.18992  29.5%     -    0s
H    0     0                      41.9952886   40.18992  4.30%     -    0s
     0     0   40.21340    0   68   41.99529   40.21340  4.24%     -    0s
     0     0   40.21361    0   65   41.99529   40.21361  4.24%     -    0s
     0     0   40.25270    0   96   41.99529   40.25270  4.15%     -    0s
     0     0   40.25609    0   83   41.99529   40.25609  4.14%     -    0s
     0     0   40.25649    0   83   41.99529   40.25649  4.14%     -    0s
     0     0   40.25760    0   83   41.99529   40.25760  4.14%     -    0s
     0     0   40.26248    0   77   41.99529   40.26248  4.13%     -    0s
     0     0   40.26354    0   74   41.99529   40.26354  4.12%     -    0s
     0     0   40.26354    0   72   41.99529   40.26354  4.12%     -    0s
     0     0   40.26925    0   70   41.99529   40.26925  4.11%     -    0s
     0     0   40.26940    0   69   41.99529   40.26940  4.11%     -    0s
     0     0   40.27125    0   69   41.99529   40.27125  4.11%     -    0s
     0     0   40.27133    0   70   41.99529   40.27133  4.11%     -    0s
     0     0   40.27187    0   69   41.99529   40.27187  4.10%     -    0s
     0     0   40.27187    0   69   41.99529   40.27187  4.10%     -    0s
     0     0   40.39028    0   93   41.99529   40.39028  3.82%     -    0s
     0     0   40.89344    0   98   41.99529   40.89344  2.62%     -    0s
     0     0   40.92412    0   93   41.99529   40.92412  2.55%     -    0s
     0     0   40.92600    0  103   41.99529   40.92600  2.55%     -    0s
     0     0   40.92605    0  109   41.99529   40.92605  2.55%     -    0s
     0     0   40.93571    0   89   41.99529   40.93571  2.52%     -    0s
     0     0   40.93697    0   95   41.99529   40.93697  2.52%     -    0s
     0     0   40.93700    0   94   41.99529   40.93700  2.52%     -    0s
     0     0   40.94407    0  101   41.99529   40.94407  2.50%     -    0s
     0     0   40.94473    0  101   41.99529   40.94473  2.50%     -    0s
     0     0   40.94515    0  101   41.99529   40.94515  2.50%     -    0s
     0     0   40.94519    0  101   41.99529   40.94519  2.50%     -    0s
     0     0   40.94545    0  101   41.99529   40.94545  2.50%     -    0s
     0     0   40.94546    0  101   41.99529   40.94546  2.50%     -    0s
     0     0   40.94546    0   76   41.99529   40.94546  2.50%     -    1s
     0     2   40.94658    0   76   41.99529   40.94658  2.50%     -    1s
*  269    20              18      41.9565640   41.72683  0.55%  85.4    2s

Cutting planes:
  Learned: 1
  Gomory: 10
  Cover: 14
  Implied bound: 49
  Clique: 3
  MIR: 42
  Flow cover: 42
  RLT: 13
  Relax-and-lift: 4
  PSD: 2

Explored 275 nodes (28238 simplex iterations) in 2.05 seconds (1.71 work units)
Thread count was 1 (of 32 available processors)

Solution count 5: 41.9566 41.9953 41.9953 ... 73.8919

Optimal solution found (tolerance 5.00e-03)
Best objective 4.195656396320e+01, best bound 4.179438223316e+01, gap 0.3865%
