
Gurobi 11.0.0 (win64) logging started Thu Aug 27 11:41:36 2026

Set parameter LogFile to value "C:\Users\celinep\Documents\GitHub\ChargeAndBreak\logs\VSS\RshortCmediumTmedium_22_DET_20260827_113748_239_gurobi.log"
Gurobi Optimizer version 11.0.0 build v11.0.0rc2 (win64 - Windows 11+.0 (26200.2))

CPU model: 11th Gen Intel(R) Core(TM) i5-1145G7 @ 2.60GHz, instruction set [SSE2|AVX|AVX2|AVX512]
Thread count: 4 physical cores, 8 logical processors, using up to 1 threads

Optimize a model with 2496 rows, 1386 columns and 8464 nonzeros
Model fingerprint: 0x3a6b8d9c
Variable types: 880 continuous, 506 integer (506 binary)
Coefficient statistics:
  Matrix range     [5e-02, 6e+02]
  Objective range  [1e+00, 1e+00]
  Bounds range     [1e+00, 1e+00]
  RHS range        [4e-02, 5e+02]
Presolve removed 956 rows and 374 columns
Presolve time: 0.06s
Presolved: 1540 rows, 1012 columns, 6949 nonzeros
Variable types: 619 continuous, 393 integer (392 binary)
Found heuristic solution: objective 52.8631413

Root relaxation: objective 2.856073e+01, 1016 iterations, 0.03 seconds (0.02 work units)

    Nodes    |    Current Node    |     Objective Bounds      |     Work
 Expl Unexpl |  Obj  Depth IntInf | Incumbent    BestBd   Gap | It/Node Time

     0     0   28.56073    0   60   52.86314   28.56073  46.0%     -    0s
H    0     0                      46.1282712   28.56073  38.1%     -    0s
H    0     0                      35.5106463   28.56073  19.6%     -    0s
     0     0   29.22433    0   51   35.51065   29.22433  17.7%     -    0s
     0     0   29.41535    0   43   35.51065   29.41535  17.2%     -    0s
     0     0   29.41535    0   46   35.51065   29.41535  17.2%     -    0s
     0     0   29.43408    0   38   35.51065   29.43408  17.1%     -    0s
     0     0   29.47458    0   37   35.51065   29.47458  17.0%     -    0s
     0     0   29.47458    0   43   35.51065   29.47458  17.0%     -    0s
     0     0   29.47461    0   50   35.51065   29.47461  17.0%     -    0s
     0     0   29.57187    0   71   35.51065   29.57187  16.7%     -    0s
     0     0   29.57331    0   58   35.51065   29.57331  16.7%     -    0s
     0     0   29.60974    0   59   35.51065   29.60974  16.6%     -    0s
     0     0   29.64032    0   55   35.51065   29.64032  16.5%     -    0s
     0     0   29.64542    0   41   35.51065   29.64542  16.5%     -    0s
     0     0   29.64542    0   45   35.51065   29.64542  16.5%     -    0s
     0     0   29.67716    0   37   35.51065   29.67716  16.4%     -    0s
     0     0   29.67743    0   41   35.51065   29.67743  16.4%     -    0s
     0     0   29.67979    0   47   35.51065   29.67979  16.4%     -    0s
     0     0   29.68068    0   74   35.51065   29.68068  16.4%     -    0s
     0     0   29.68339    0   74   35.51065   29.68339  16.4%     -    0s
     0     0   29.71211    0   74   35.51065   29.71211  16.3%     -    0s
     0     0   29.71211    0   46   35.51065   29.71211  16.3%     -    0s
     0     0   29.73565    0   46   35.51065   29.73565  16.3%     -    0s
     0     0   29.73565    0   43   35.51065   29.73565  16.3%     -    0s
H    0     0                      35.4219843   29.73565  16.1%     -    0s
     0     0   29.73565    0   50   35.42198   29.73565  16.1%     -    0s
     0     0   29.73565    0   50   35.42198   29.73565  16.1%     -    0s
     0     0   29.73565    0   50   35.42198   29.73565  16.1%     -    0s
     0     0   29.73565    0   50   35.42198   29.73565  16.1%     -    0s
     0     0   29.73565    0   48   35.42198   29.73565  16.1%     -    0s
     0     0   29.73565    0   79   35.42198   29.73565  16.1%     -    0s
     0     0   29.73565    0   79   35.42198   29.73565  16.1%     -    0s
     0     0   29.73565    0   81   35.42198   29.73565  16.1%     -    0s
     0     0   29.73565    0   82   35.42198   29.73565  16.1%     -    0s
     0     0   29.73565    0   69   35.42198   29.73565  16.1%     -    0s
     0     0   29.73565    0   66   35.42198   29.73565  16.1%     -    0s
H    0     0                      35.3865454   29.73565  16.0%     -    0s
     0     0   29.73565    0   80   35.38655   29.73565  16.0%     -    0s
     0     0   29.73565    0   47   35.38655   29.73565  16.0%     -    0s
     0     0   29.73565    0   47   35.38655   29.73565  16.0%     -    0s
     0     0   29.73565    0   47   35.38655   29.73565  16.0%     -    0s
     0     0   29.73565    0   77   35.38655   29.73565  16.0%     -    1s
     0     0   29.73565    0   77   35.38655   29.73565  16.0%     -    1s
H    0     0                      35.3109315   29.73565  15.8%     -    1s
     0     2   29.89230    0   66   35.31093   29.89230  15.3%     -    1s

Cutting planes:
  Learned: 2
  Gomory: 10
  Cover: 11
  Implied bound: 37
  MIR: 26
  Flow cover: 38
  Inf proof: 1
  RLT: 11
  Relax-and-lift: 3
  BQP: 1

Explored 30 nodes (3909 simplex iterations) in 1.47 seconds (0.71 work units)
Thread count was 1 (of 8 available processors)

Solution count 6: 35.3109 35.3865 35.422 ... 52.8631

Optimal solution found (tolerance 5.00e-03)
Best objective 3.531093153222e+01, best bound 3.520087027962e+01, gap 0.3117%
