
Gurobi 11.0.0 (win64) logging started Thu Aug 27 11:41:06 2026

Set parameter LogFile to value "C:\Users\celinep\Documents\GitHub\ChargeAndBreak\logs\VSS\RshortCmediumTlarge_25_DET_20260827_113748_217_gurobi.log"
Gurobi Optimizer version 11.0.0 build v11.0.0rc2 (win64 - Windows 11+.0 (26200.2))

CPU model: 11th Gen Intel(R) Core(TM) i5-1145G7 @ 2.60GHz, instruction set [SSE2|AVX|AVX2|AVX512]
Thread count: 4 physical cores, 8 logical processors, using up to 1 threads

Optimize a model with 2646 rows, 1470 columns and 8985 nonzeros
Model fingerprint: 0x0723ecd8
Variable types: 933 continuous, 537 integer (537 binary)
Coefficient statistics:
  Matrix range     [2e-02, 6e+02]
  Objective range  [1e+00, 1e+00]
  Bounds range     [1e+00, 1e+00]
  RHS range        [7e-02, 5e+02]
Presolve removed 986 rows and 371 columns
Presolve time: 0.06s
Presolved: 1660 rows, 1099 columns, 7438 nonzeros
Variable types: 673 continuous, 426 integer (425 binary)
Found heuristic solution: objective 62.8020523

Root relaxation: objective 3.002937e+01, 1010 iterations, 0.02 seconds (0.02 work units)

    Nodes    |    Current Node    |     Objective Bounds      |     Work
 Expl Unexpl |  Obj  Depth IntInf | Incumbent    BestBd   Gap | It/Node Time

     0     0   30.02937    0   55   62.80205   30.02937  52.2%     -    0s
H    0     0                      46.5897201   30.02937  35.5%     -    0s
     0     0   30.55988    0   62   46.58972   30.55988  34.4%     -    0s
H    0     0                      36.8722603   30.57429  17.1%     -    0s
     0     0   30.65479    0   59   36.87226   30.65479  16.9%     -    0s
     0     0   30.82421    0   56   36.87226   30.82421  16.4%     -    0s
     0     0   30.84939    0  103   36.87226   30.84939  16.3%     -    0s
     0     0   30.85167    0   83   36.87226   30.85167  16.3%     -    0s
     0     0   30.85183    0   83   36.87226   30.85183  16.3%     -    0s
     0     0   30.85291    0  103   36.87226   30.85291  16.3%     -    0s
     0     0   30.93019    0   80   36.87226   30.93019  16.1%     -    0s
H    0     0                      36.5590523   30.97452  15.3%     -    0s
     0     0   30.97452    0   84   36.55905   30.97452  15.3%     -    0s
     0     0   30.97452    0   84   36.55905   30.97452  15.3%     -    0s
     0     0   30.97452    0   84   36.55905   30.97452  15.3%     -    0s
     0     0   30.99457    0   52   36.55905   30.99457  15.2%     -    0s
     0     0   31.04311    0   51   36.55905   31.04311  15.1%     -    0s
     0     0   31.04311    0   51   36.55905   31.04311  15.1%     -    0s
     0     0   31.04311    0   51   36.55905   31.04311  15.1%     -    0s
     0     0   31.04311    0   51   36.55905   31.04311  15.1%     -    0s
     0     0   31.04311    0   49   36.55905   31.04311  15.1%     -    0s
     0     0   31.04311    0   56   36.55905   31.04311  15.1%     -    0s
     0     0   31.04311    0   56   36.55905   31.04311  15.1%     -    0s
     0     0   31.04311    0   68   36.55905   31.04311  15.1%     -    0s
     0     0   31.04311    0   68   36.55905   31.04311  15.1%     -    0s
     0     0   31.04311    0   64   36.55905   31.04311  15.1%     -    0s
     0     0   31.04311    0   67   36.55905   31.04311  15.1%     -    0s
     0     0   31.04311    0   67   36.55905   31.04311  15.1%     -    0s
     0     0   31.04311    0   65   36.55905   31.04311  15.1%     -    0s
     0     0   31.04834    0   65   36.55905   31.04834  15.1%     -    0s
     0     0   31.04834    0   74   36.55905   31.04834  15.1%     -    0s
     0     0   31.07589    0   73   36.55905   31.07589  15.0%     -    0s
     0     0   31.07589    0   69   36.55905   31.07589  15.0%     -    0s
     0     2   31.07589    0   69   36.55905   31.07589  15.0%     -    1s
H   59    24                      36.5571455   31.57108  13.6%  17.6    1s
H  105    61                      36.5571453   32.89167  10.0%  16.5    1s
H  329    34                      36.4054197   36.20099  0.56%  16.7    2s

Cutting planes:
  Learned: 2
  Gomory: 18
  Cover: 8
  Implied bound: 30
  MIR: 32
  Flow cover: 31
  RLT: 13
  Relax-and-lift: 8

Explored 337 nodes (7550 simplex iterations) in 2.17 seconds (1.15 work units)
Thread count was 1 (of 8 available processors)

Solution count 7: 36.4054 36.5571 36.5571 ... 62.8021

Optimal solution found (tolerance 5.00e-03)
Best objective 3.640541971125e+01, best bound 3.622542381856e+01, gap 0.4944%
