
Gurobi 9.5.2 (linux64) logging started Wed Aug 26 23:23:33 2026

Set parameter LogFile to value "/mnt/beegfs/users/celinep/ChargeAndBreak/logs/VSS/RshortCmediumTtight_21_DET_20260826_232246_288_gurobi.log"
Gurobi Optimizer version 9.5.2 build v9.5.2rc0 (linux64)
Thread count: 16 physical cores, 32 logical processors, using up to 1 threads
Optimize a model with 2578 rows, 1432 columns and 8752 nonzeros
Model fingerprint: 0xd60fe8cc
Variable types: 910 continuous, 522 integer (522 binary)
Coefficient statistics:
  Matrix range     [4e-02, 6e+02]
  Objective range  [1e+00, 1e+00]
  Bounds range     [1e+00, 1e+00]
  RHS range        [2e-02, 5e+02]
Presolve removed 978 rows and 381 columns
Presolve time: 0.04s
Presolved: 1600 rows, 1051 columns, 7213 nonzeros
Variable types: 643 continuous, 408 integer (407 binary)
Found heuristic solution: objective 54.1490928

Root relaxation: objective 2.782669e+01, 1166 iterations, 0.03 seconds (0.03 work units)

    Nodes    |    Current Node    |     Objective Bounds      |     Work
 Expl Unexpl |  Obj  Depth IntInf | Incumbent    BestBd   Gap | It/Node Time

     0     0   27.82669    0   60   54.14909   27.82669  48.6%     -    0s
H    0     0                      35.4224456   27.82669  21.4%     -    0s
     0     0   28.38370    0   38   35.42245   28.38370  19.9%     -    0s
H    0     0                      35.3223780   28.38370  19.6%     -    0s
     0     0   28.41256    0   42   35.32238   28.41256  19.6%     -    0s
     0     0   28.59755    0   46   35.32238   28.59755  19.0%     -    0s
H    0     0                      35.0574979   28.59755  18.4%     -    0s
     0     0   28.66317    0   39   35.05750   28.66317  18.2%     -    0s
     0     0   28.66611    0   44   35.05750   28.66611  18.2%     -    0s
     0     0   28.66667    0   45   35.05750   28.66667  18.2%     -    0s
     0     0   28.77004    0   56   35.05750   28.77004  17.9%     -    0s
H    0     0                      35.0472234   28.77004  17.9%     -    0s
     0     0   28.78916    0   57   35.04722   28.78916  17.9%     -    0s
     0     0   28.78972    0   57   35.04722   28.78972  17.9%     -    0s
     0     0   28.79878    0   55   35.04722   28.79878  17.8%     -    0s
     0     0   28.79896    0   55   35.04722   28.79896  17.8%     -    0s
     0     0   28.80169    0   79   35.04722   28.80169  17.8%     -    0s
     0     0   28.80232    0   65   35.04722   28.80232  17.8%     -    0s
     0     0   28.80282    0   65   35.04722   28.80282  17.8%     -    0s
     0     0   28.81028    0   64   35.04722   28.81028  17.8%     -    0s
H    0     0                      34.9667066   28.81028  17.6%     -    0s
     0     0   28.81038    0   65   34.96671   28.81038  17.6%     -    0s
     0     0   28.81059    0   64   34.96671   28.81059  17.6%     -    0s
     0     0   28.81143    0   78   34.96671   28.81143  17.6%     -    0s
     0     0   28.81143    0   78   34.96671   28.81143  17.6%     -    0s
     0     0   28.81181    0   62   34.96671   28.81181  17.6%     -    0s
     0     0   28.81236    0   62   34.96671   28.81236  17.6%     -    0s
     0     0   28.81243    0   63   34.96671   28.81243  17.6%     -    0s
     0     0   28.81252    0   63   34.96671   28.81252  17.6%     -    0s
     0     0   28.81252    0   44   34.96671   28.81252  17.6%     -    0s
     0     2   28.81252    0   44   34.96671   28.81252  17.6%     -    0s

Cutting planes:
  Gomory: 8
  Cover: 3
  Implied bound: 8
  MIR: 17
  Flow cover: 25
  RLT: 4
  Relax-and-lift: 3

Explored 112 nodes (3655 simplex iterations) in 0.73 seconds (0.49 work units)
Thread count was 1 (of 32 available processors)

Solution count 6: 34.9667 35.0472 35.0575 ... 54.1491

Optimal solution found (tolerance 5.00e-03)
Best objective 3.496670660651e+01, best bound 3.488624778555e+01, gap 0.2301%
