
Gurobi 9.5.2 (linux64) logging started Wed Aug 26 23:23:32 2026

Set parameter LogFile to value "/mnt/beegfs/users/celinep/ChargeAndBreak/logs/VSS/RshortCmediumTtight_15_DET_20260826_232246_281_gurobi.log"
Gurobi Optimizer version 9.5.2 build v9.5.2rc0 (linux64)
Thread count: 16 physical cores, 32 logical processors, using up to 1 threads
Optimize a model with 2089 rows, 1158 columns and 7040 nonzeros
Model fingerprint: 0x849eee25
Variable types: 736 continuous, 422 integer (422 binary)
Coefficient statistics:
  Matrix range     [3e-02, 5e+02]
  Objective range  [1e+00, 1e+00]
  Bounds range     [1e+00, 1e+00]
  RHS range        [6e-03, 5e+02]
Presolve removed 829 rows and 339 columns
Presolve time: 0.03s
Presolved: 1260 rows, 819 columns, 5660 nonzeros
Variable types: 505 continuous, 314 integer (313 binary)
Found heuristic solution: objective 50.4576008
Found heuristic solution: objective 49.6182648

Root relaxation: objective 2.500700e+01, 847 iterations, 0.02 seconds (0.02 work units)

    Nodes    |    Current Node    |     Objective Bounds      |     Work
 Expl Unexpl |  Obj  Depth IntInf | Incumbent    BestBd   Gap | It/Node Time

     0     0   25.00700    0   36   49.61826   25.00700  49.6%     -    0s
H    0     0                      35.0652924   25.00700  28.7%     -    0s
     0     0   25.57392    0   27   35.06529   25.57392  27.1%     -    0s
H    0     0                      34.9729993   25.57392  26.9%     -    0s
     0     0   25.59246    0   23   34.97300   25.59246  26.8%     -    0s
     0     0   25.66992    0   29   34.97300   25.66992  26.6%     -    0s
     0     0   25.67363    0   29   34.97300   25.67363  26.6%     -    0s
     0     0   25.67435    0   29   34.97300   25.67435  26.6%     -    0s
     0     0   25.76184    0   31   34.97300   25.76184  26.3%     -    0s
H    0     0                      34.0564228   25.76184  24.4%     -    0s
     0     0   25.76429    0   36   34.05642   25.76429  24.3%     -    0s
     0     0   25.78540    0   31   34.05642   25.78540  24.3%     -    0s
H    0     0                      32.4525198   25.78540  20.5%     -    0s
     0     0   25.78746    0   29   32.45252   25.78746  20.5%     -    0s
     0     0   25.78746    0   30   32.45252   25.78746  20.5%     -    0s
     0     0   25.78746    0   30   32.45252   25.78746  20.5%     -    0s
     0     0   25.78882    0   43   32.45252   25.78882  20.5%     -    0s
     0     0   25.78882    0   42   32.45252   25.78882  20.5%     -    0s
     0     2   25.78882    0   42   32.45252   25.78882  20.5%     -    0s
*  136     7               9      32.3806818   32.23435  0.45%  19.1    0s

Cutting planes:
  Learned: 1
  Gomory: 6
  Cover: 1
  Implied bound: 15
  MIR: 32
  StrongCG: 1
  Flow cover: 28
  RLT: 5
  Relax-and-lift: 1

Explored 137 nodes (3857 simplex iterations) in 0.53 seconds (0.40 work units)
Thread count was 1 (of 32 available processors)

Solution count 7: 32.3807 32.4525 34.0564 ... 50.4576

Optimal solution found (tolerance 5.00e-03)
Best objective 3.238068183565e+01, best bound 3.223434763025e+01, gap 0.4519%
