
Gurobi 11.0.0 (win64) logging started Thu Aug 27 11:42:48 2026

Set parameter LogFile to value "C:\Users\celinep\Documents\GitHub\ChargeAndBreak\logs\VSS\RshortCmediumTtight_4_DET_20260827_113748_294_gurobi.log"
Gurobi Optimizer version 11.0.0 build v11.0.0rc2 (win64 - Windows 11+.0 (26200.2))

CPU model: 11th Gen Intel(R) Core(TM) i5-1145G7 @ 2.60GHz, instruction set [SSE2|AVX|AVX2|AVX512]
Thread count: 4 physical cores, 8 logical processors, using up to 1 threads

Optimize a model with 2169 rows, 1203 columns and 7333 nonzeros
Model fingerprint: 0x4d90d8ed
Variable types: 766 continuous, 437 integer (437 binary)
Coefficient statistics:
  Matrix range     [7e-02, 5e+02]
  Objective range  [1e+00, 1e+00]
  Bounds range     [1e+00, 1e+00]
  RHS range        [5e-02, 5e+02]
Presolve removed 858 rows and 345 columns
Presolve time: 0.05s
Presolved: 1311 rows, 858 columns, 5925 nonzeros
Variable types: 530 continuous, 328 integer (327 binary)
Found heuristic solution: objective 49.4282059
Found heuristic solution: objective 46.5762216

Root relaxation: objective 2.301655e+01, 879 iterations, 0.02 seconds (0.02 work units)

    Nodes    |    Current Node    |     Objective Bounds      |     Work
 Expl Unexpl |  Obj  Depth IntInf | Incumbent    BestBd   Gap | It/Node Time

     0     0   23.01655    0   34   46.57622   23.01655  50.6%     -    0s
H    0     0                      31.7272562   23.01655  27.5%     -    0s
     0     0   23.47837    0   24   31.72726   23.47837  26.0%     -    0s
     0     0   23.51843    0   24   31.72726   23.51843  25.9%     -    0s
H    0     0                      31.7272197   23.51843  25.9%     -    0s
     0     0   23.51843    0   24   31.72722   23.51843  25.9%     -    0s
     0     0   23.53536    0   16   31.72722   23.53536  25.8%     -    0s
     0     0   23.56747    0   15   31.72722   23.56747  25.7%     -    0s
     0     0   23.58494    0   31   31.72722   23.58494  25.7%     -    0s
     0     0   23.61582    0   29   31.72722   23.61582  25.6%     -    0s
     0     0   23.61582    0   32   31.72722   23.61582  25.6%     -    0s
     0     0   23.61582    0   32   31.72722   23.61582  25.6%     -    0s
     0     0   23.61582    0   24   31.72722   23.61582  25.6%     -    0s
     0     0   23.61582    0   17   31.72722   23.61582  25.6%     -    0s
     0     0   23.61582    0   24   31.72722   23.61582  25.6%     -    0s
     0     0   23.61582    0   24   31.72722   23.61582  25.6%     -    0s
     0     0   23.61582    0   25   31.72722   23.61582  25.6%     -    0s
     0     0   23.61582    0   34   31.72722   23.61582  25.6%     -    0s
     0     0   23.61582    0   34   31.72722   23.61582  25.6%     -    0s
     0     0   23.61582    0   34   31.72722   23.61582  25.6%     -    0s
     0     0   23.61582    0   18   31.72722   23.61582  25.6%     -    0s
     0     0   23.62792    0   19   31.72722   23.62792  25.5%     -    0s
     0     0   23.65378    0   23   31.72722   23.65378  25.4%     -    0s
     0     0   23.65378    0   14   31.72722   23.65378  25.4%     -    0s
     0     0   23.65378    0   20   31.72722   23.65378  25.4%     -    0s
     0     0   23.65378    0   20   31.72722   23.65378  25.4%     -    0s
     0     0   23.65378    0   18   31.72722   23.65378  25.4%     -    0s
     0     0   23.65378    0   43   31.72722   23.65378  25.4%     -    0s
     0     0   23.65378    0   35   31.72722   23.65378  25.4%     -    0s
     0     2   23.66262    0   35   31.72722   23.66262  25.4%     -    0s

Cutting planes:
  Learned: 1
  Gomory: 5
  Cover: 5
  Implied bound: 16
  Clique: 2
  MIR: 18
  Flow cover: 20
  RLT: 5
  Relax-and-lift: 2
  BQP: 1

Explored 59 nodes (2287 simplex iterations) in 1.18 seconds (0.47 work units)
Thread count was 1 (of 8 available processors)

Solution count 4: 31.7272 31.7273 46.5762 49.4282 

Optimal solution found (tolerance 5.00e-03)
Best objective 3.172721965257e+01, best bound 3.167349835138e+01, gap 0.1693%
