
Gurobi 11.0.0 (win64) logging started Thu Aug 27 11:42:52 2026

Set parameter LogFile to value "C:\Users\celinep\Documents\GitHub\ChargeAndBreak\logs\VSS\RshortCmediumTtight_7_DET_20260827_113748_297_gurobi.log"
Gurobi Optimizer version 11.0.0 build v11.0.0rc2 (win64 - Windows 11+.0 (26200.2))

CPU model: 11th Gen Intel(R) Core(TM) i5-1145G7 @ 2.60GHz, instruction set [SSE2|AVX|AVX2|AVX512]
Thread count: 4 physical cores, 8 logical processors, using up to 1 threads

Optimize a model with 2718 rows, 1510 columns and 9208 nonzeros
Model fingerprint: 0xbc5cec46
Variable types: 956 continuous, 554 integer (554 binary)
Coefficient statistics:
  Matrix range     [3e-02, 6e+02]
  Objective range  [1e+00, 1e+00]
  Bounds range     [1e+00, 1e+00]
  RHS range        [2e-01, 5e+02]
Presolve removed 1007 rows and 382 columns
Presolve time: 0.07s
Presolved: 1711 rows, 1128 columns, 7641 nonzeros
Variable types: 687 continuous, 441 integer (440 binary)
Found heuristic solution: objective 66.7464380

Root relaxation: objective 3.288230e+01, 1070 iterations, 0.04 seconds (0.02 work units)

    Nodes    |    Current Node    |     Objective Bounds      |     Work
 Expl Unexpl |  Obj  Depth IntInf | Incumbent    BestBd   Gap | It/Node Time

     0     0   32.88230    0   59   66.74644   32.88230  50.7%     -    0s
     0     0   34.01291    0   64   66.74644   34.01291  49.0%     -    0s
H    0     0                      51.5211944   34.02158  34.0%     -    0s
     0     0   34.02158    0   68   51.52119   34.02158  34.0%     -    0s
     0     0   34.02479    0   67   51.52119   34.02479  34.0%     -    0s
     0     0   34.02479    0   67   51.52119   34.02479  34.0%     -    0s
     0     0   34.27680    0   57   51.52119   34.27680  33.5%     -    0s
H    0     0                      39.4790493   34.48936  12.6%     -    0s
     0     0   34.48936    0   63   39.47905   34.48936  12.6%     -    0s
     0     0   34.48936    0   63   39.47905   34.48936  12.6%     -    0s
     0     0   34.48936    0   71   39.47905   34.48936  12.6%     -    0s
     0     0   34.48936    0   67   39.47905   34.48936  12.6%     -    0s
     0     0   34.48936    0   68   39.47905   34.48936  12.6%     -    0s
     0     0   34.48936    0   68   39.47905   34.48936  12.6%     -    0s
     0     0   34.48936    0   75   39.47905   34.48936  12.6%     -    0s
     0     0   34.48936    0   69   39.47905   34.48936  12.6%     -    0s
     0     0   34.48936    0   88   39.47905   34.48936  12.6%     -    0s
     0     0   34.48936    0   72   39.47905   34.48936  12.6%     -    0s
     0     0   34.48936    0   77   39.47905   34.48936  12.6%     -    0s
     0     0   34.48936    0   69   39.47905   34.48936  12.6%     -    0s
     0     0   34.48936    0   73   39.47905   34.48936  12.6%     -    0s
     0     0   34.48936    0   69   39.47905   34.48936  12.6%     -    0s
     0     0   34.48936    0   74   39.47905   34.48936  12.6%     -    0s
     0     0   34.48936    0   75   39.47905   34.48936  12.6%     -    0s
     0     0   34.48936    0   75   39.47905   34.48936  12.6%     -    0s
     0     0   34.48936    0   73   39.47905   34.48936  12.6%     -    0s
     0     0   34.48936    0   85   39.47905   34.48936  12.6%     -    0s
     0     0   34.48936    0   83   39.47905   34.48936  12.6%     -    0s
     0     0   34.48936    0   82   39.47905   34.48936  12.6%     -    0s
     0     0   34.48936    0   81   39.47905   34.48936  12.6%     -    0s
     0     0   34.48936    0   79   39.47905   34.48936  12.6%     -    0s
     0     0   34.48936    0   83   39.47905   34.48936  12.6%     -    0s
     0     0   34.48936    0   84   39.47905   34.48936  12.6%     -    0s
     0     0   34.70970    0   39   39.47905   34.70970  12.1%     -    1s
     0     0   35.11375    0   25   39.47905   35.11375  11.1%     -    1s
     0     0   35.48915    0   53   39.47905   35.48915  10.1%     -    1s
H    0     0                      39.4197363   35.48915  10.0%     -    1s
     0     0   35.48915    0   42   39.41974   35.48915  10.0%     -    1s
     0     0   35.48915    0   37   39.41974   35.48915  10.0%     -    1s
     0     0   35.48915    0   31   39.41974   35.48915  10.0%     -    1s
     0     0   35.48915    0   45   39.41974   35.48915  10.0%     -    1s
     0     0   35.49314    0   71   39.41974   35.49314  10.0%     -    1s
     0     0   35.69437    0   64   39.41974   35.69437  9.45%     -    1s
     0     0   35.83603    0   68   39.41974   35.83603  9.09%     -    1s
     0     0   35.83603    0   70   39.41974   35.83603  9.09%     -    1s
     0     0   35.83603    0   59   39.41974   35.83603  9.09%     -    1s
     0     0   35.83603    0   66   39.41974   35.83603  9.09%     -    1s
     0     0   35.83603    0   64   39.41974   35.83603  9.09%     -    1s
     0     0   36.01827    0   94   39.41974   36.01827  8.63%     -    1s
     0     0   36.03960    0   95   39.41974   36.03960  8.57%     -    1s
     0     0   36.03960    0   88   39.41974   36.03960  8.57%     -    1s
     0     0   36.09181    0   90   39.41974   36.09181  8.44%     -    1s
     0     0   36.14707    0  107   39.41974   36.14707  8.30%     -    1s
     0     0   36.14707    0  108   39.41974   36.14707  8.30%     -    1s
     0     0   36.15939    0  104   39.41974   36.15939  8.27%     -    2s
     0     0   36.25808    0  101   39.41974   36.25808  8.02%     -    2s
     0     0   36.25808    0  107   39.41974   36.25808  8.02%     -    2s
     0     0   36.25808    0  107   39.41974   36.25808  8.02%     -    2s
     0     0   36.25808    0  107   39.41974   36.25808  8.02%     -    2s
     0     0   36.25808    0  107   39.41974   36.25808  8.02%     -    2s
     0     0   36.25808    0  105   39.41974   36.25808  8.02%     -    2s
     0     0   36.25808    0  105   39.41974   36.25808  8.02%     -    2s
     0     0   36.25808    0   89   39.41974   36.25808  8.02%     -    2s
     0     0   36.25808    0  103   39.41974   36.25808  8.02%     -    2s
     0     0   36.25808    0  101   39.41974   36.25808  8.02%     -    2s
     0     0   36.25808    0  101   39.41974   36.25808  8.02%     -    2s
     0     0   36.25808    0  101   39.41974   36.25808  8.02%     -    2s
     0     0   36.25808    0  101   39.41974   36.25808  8.02%     -    2s
     0     2   36.25808    0   99   39.41974   36.25808  8.02%     -    2s
H  164    48                      38.2459025   36.56025  4.41%  43.1    3s
H  191    50                      38.1625691   36.77200  3.64%  48.0    3s
H  439    32                      38.1063236   37.82866  0.73%  90.4    4s
   463    46   37.85580   15   71   38.10632   37.85580  0.66%  87.8    5s

Cutting planes:
  Learned: 3
  Gomory: 6
  Cover: 18
  Implied bound: 61
  Clique: 2
  MIR: 59
  Flow cover: 52
  RLT: 10
  Relax-and-lift: 47
  PSD: 1

Explored 493 nodes (48015 simplex iterations) in 5.13 seconds (2.56 work units)
Thread count was 1 (of 8 available processors)

Solution count 8: 38.1063 38.1626 38.2459 ... 66.7464

Optimal solution found (tolerance 5.00e-03)
Best objective 3.810632364230e+01, best bound 3.792188531333e+01, gap 0.4840%
