
Gurobi 11.0.0 (win64) logging started Thu Aug 27 11:40:32 2026

Set parameter LogFile to value "C:\Users\celinep\Documents\GitHub\ChargeAndBreak\logs\VSS\RshortCmanyTtight_17_DET_20260827_113748_183_gurobi.log"
Gurobi Optimizer version 11.0.0 build v11.0.0rc2 (win64 - Windows 11+.0 (26200.2))

CPU model: 11th Gen Intel(R) Core(TM) i5-1145G7 @ 2.60GHz, instruction set [SSE2|AVX|AVX2|AVX512]
Thread count: 4 physical cores, 8 logical processors, using up to 1 threads

Optimize a model with 2054 rows, 1138 columns and 6881 nonzeros
Model fingerprint: 0x318e846d
Variable types: 721 continuous, 417 integer (417 binary)
Coefficient statistics:
  Matrix range     [7e-02, 5e+02]
  Objective range  [1e+00, 1e+00]
  Bounds range     [1e+00, 1e+00]
  RHS range        [2e-02, 5e+02]
Presolve removed 815 rows and 330 columns
Presolve time: 0.05s
Presolved: 1239 rows, 808 columns, 5544 nonzeros
Variable types: 496 continuous, 312 integer (311 binary)
Found heuristic solution: objective 52.6108859

Root relaxation: objective 2.750532e+01, 742 iterations, 0.02 seconds (0.01 work units)

    Nodes    |    Current Node    |     Objective Bounds      |     Work
 Expl Unexpl |  Obj  Depth IntInf | Incumbent    BestBd   Gap | It/Node Time

     0     0   27.50532    0   41   52.61089   27.50532  47.7%     -    0s
     0     0   28.47446    0   31   52.61089   28.47446  45.9%     -    0s
H    0     0                      35.2040689   28.53557  18.9%     -    0s
     0     0   28.53557    0   31   35.20407   28.53557  18.9%     -    0s
     0     0   28.53557    0   47   35.20407   28.53557  18.9%     -    0s
     0     0   28.53803    0   44   35.20407   28.53803  18.9%     -    0s
     0     0   28.53892    0   46   35.20407   28.53892  18.9%     -    0s
     0     0   28.53892    0   46   35.20407   28.53892  18.9%     -    0s
     0     0   28.60340    0   48   35.20407   28.60340  18.7%     -    0s
H    0     0                      35.1711010   28.63810  18.6%     -    0s
     0     0   28.65308    0   57   35.17110   28.65308  18.5%     -    0s
     0     0   28.65735    0   57   35.17110   28.65735  18.5%     -    0s
     0     0   28.65735    0   57   35.17110   28.65735  18.5%     -    0s
     0     0   28.68811    0   52   35.17110   28.68811  18.4%     -    0s
     0     0   28.68934    0   57   35.17110   28.68934  18.4%     -    0s
     0     0   28.69337    0   47   35.17110   28.69337  18.4%     -    0s
     0     0   28.69342    0   55   35.17110   28.69342  18.4%     -    0s
     0     0   28.70761    0   65   35.17110   28.70761  18.4%     -    0s
     0     0   28.70762    0   53   35.17110   28.70762  18.4%     -    0s
H    0     0                      34.6512718   28.70762  17.2%     -    0s
     0     0   28.71084    0   68   34.65127   28.71084  17.1%     -    0s
     0     0   28.71209    0   48   34.65127   28.71209  17.1%     -    0s
     0     0   28.71209    0   71   34.65127   28.71209  17.1%     -    0s
     0     0   28.71212    0   67   34.65127   28.71212  17.1%     -    0s
     0     0   28.72039    0   55   34.65127   28.72039  17.1%     -    0s
     0     0   28.72039    0   53   34.65127   28.72039  17.1%     -    0s
     0     0   28.72039    0   51   34.65127   28.72039  17.1%     -    0s
     0     0   28.72039    0   56   34.65127   28.72039  17.1%     -    0s
     0     0   28.72039    0   58   34.65127   28.72039  17.1%     -    0s
     0     0   28.72039    0   61   34.65127   28.72039  17.1%     -    0s
     0     0   28.72039    0   55   34.65127   28.72039  17.1%     -    0s
     0     0   28.72039    0   55   34.65127   28.72039  17.1%     -    0s
H    0     0                      33.8670859   28.72039  15.2%     -    0s
H    0     0                      33.7853796   28.72039  15.0%     -    0s
     0     2   28.74033    0   54   33.78538   28.74033  14.9%     -    0s

Cutting planes:
  Learned: 1
  Gomory: 32
  Cover: 5
  Implied bound: 17
  MIR: 29
  Flow cover: 49
  GUB cover: 1
  RLT: 15
  Relax-and-lift: 1
  BQP: 1

Explored 769 nodes (15990 simplex iterations) in 3.72 seconds (1.79 work units)
Thread count was 1 (of 8 available processors)

Solution count 7: 33.7854 33.7854 33.8671 ... 52.6109

Optimal solution found (tolerance 5.00e-03)
Best objective 3.378537958966e+01, best bound 3.362857630332e+01, gap 0.4641%
