[fset] T: 144 features (126 state)
[scope] all: training on short, medium, long routes
[physics] learning from base, kwh300, kwh700, kwh900, kw150, kw700, kw1000, cs30, cs100, pmix
[data] rows 1339024  features 144
  fit   rows 1020420  instances 1960  decisions 181343
  stop  rows  107032  instances  202  decisions  18831
  test  rows  211572  instances  402  decisions  37512
[net] charger [256, 256, 128] aux [128, 128], g reads 90 of 144 inputs -> 3 heads, 206,245 parameters, 1,020,420 training rows / 181,343 decisions, 16 threads
[loss] batch 192 decisions, select by regret, lambda_list 1 (tau 0.25 h)
  ep   1  val cost 0.3874  feas 0.0643  tauc 0.0125  regret 1.15 min  list 0.8487  lr 1.0e-03  11s cost* feas* tauc*
  ep   2  val cost 0.2861  feas 0.0527  tauc 0.0122  regret 0.79 min  list 0.7702  lr 1.0e-03  23s cost* feas* tauc*
  ep   3  val cost 0.2187  feas 0.0481  tauc 0.0117  regret 0.78 min  list 0.7426  lr 1.0e-03  34s cost* feas* tauc*
  ep   4  val cost 0.2050  feas 0.0447  tauc 0.0116  regret 0.75 min  list 0.7333  lr 1.0e-03  46s cost* feas* tauc*
  ep   5  val cost 0.1997  feas 0.0432  tauc 0.0115  regret 0.94 min  list 0.7291  lr 1.0e-03  57s feas* tauc*
  ep   6  val cost 0.1882  feas 0.0410  tauc 0.0114  regret 0.60 min  list 0.7252  lr 1.0e-03  69s cost* feas* tauc*
  ep   7  val cost 0.1818  feas 0.0412  tauc 0.0112  regret 0.88 min  list 0.7216  lr 1.0e-03  80s tauc*
  ep   8  val cost 0.1851  feas 0.0392  tauc 0.0113  regret 0.60 min  list 0.7200  lr 1.0e-03  92s feas*
  ep   9  val cost 0.1774  feas 0.0372  tauc 0.0111  regret 0.61 min  list 0.7179  lr 1.0e-03  103s feas* tauc*
  ep  10  val cost 0.1824  feas 0.0369  tauc 0.0110  regret 0.77 min  list 0.7160  lr 5.0e-04  114s feas* tauc*
  ep  11  val cost 0.1638  feas 0.0356  tauc 0.0110  regret 0.61 min  list 0.7093  lr 5.0e-04  126s feas*
  ep  12  val cost 0.1624  feas 0.0363  tauc 0.0110  regret 0.58 min  list 0.7088  lr 5.0e-04  137s cost*
  ep  13  val cost 0.1617  feas 0.0354  tauc 0.0108  regret 0.57 min  list 0.7075  lr 5.0e-04  149s cost* feas* tauc*
  ep  14  val cost 0.1640  feas 0.0341  tauc 0.0110  regret 0.57 min  list 0.7068  lr 5.0e-04  160s feas*
  ep  15  val cost 0.1614  feas 0.0341  tauc 0.0108  regret 0.56 min  list 0.7060  lr 5.0e-04  172s cost*
  ep  16  val cost 0.1669  feas 0.0339  tauc 0.0107  regret 0.74 min  list 0.7053  lr 5.0e-04  183s feas* tauc*
  ep  17  val cost 0.1593  feas 0.0327  tauc 0.0109  regret 0.70 min  list 0.7045  lr 5.0e-04  195s feas*
  ep  18  val cost 0.1569  feas 0.0335  tauc 0.0107  regret 0.53 min  list 0.7041  lr 5.0e-04  206s cost* tauc*
  ep  19  val cost 0.1564  feas 0.0351  tauc 0.0108  regret 0.52 min  list 0.7035  lr 5.0e-04  217s cost*
  ep  20  val cost 0.1630  feas 0.0332  tauc 0.0107  regret 0.61 min  list 0.7028  lr 5.0e-04  229s
  ep  21  val cost 0.1558  feas 0.0322  tauc 0.0108  regret 0.56 min  list 0.7024  lr 5.0e-04  240s feas*
  ep  22  val cost 0.1563  feas 0.0325  tauc 0.0107  regret 0.71 min  list 0.7016  lr 5.0e-04  252s
  ep  23  val cost 0.1570  feas 0.0312  tauc 0.0107  regret 0.58 min  list 0.7013  lr 2.5e-04  263s feas*
  ep  24  val cost 0.1541  feas 0.0329  tauc 0.0106  regret 0.64 min  list 0.6981  lr 2.5e-04  275s tauc*
  ep  25  val cost 0.1536  feas 0.0315  tauc 0.0107  regret 0.61 min  list 0.6975  lr 2.5e-04  286s
  ep  26  val cost 0.1571  feas 0.0329  tauc 0.0108  regret 0.60 min  list 0.6973  lr 2.5e-04  297s
  ep  27  val cost 0.1515  feas 0.0321  tauc 0.0107  regret 0.54 min  list 0.6972  lr 1.3e-04  309s
  ep  28  val cost 0.1514  feas 0.0285  tauc 0.0107  regret 0.57 min  list 0.6955  lr 1.3e-04  320s feas*
  ep  29  val cost 0.1509  feas 0.0312  tauc 0.0107  regret 0.60 min  list 0.6953  lr 1.3e-04  332s
  ep  30  val cost 0.1512  feas 0.0300  tauc 0.0106  regret 0.59 min  list 0.6952  lr 1.3e-04  344s
  ep  31  val cost 0.1502  feas 0.0291  tauc 0.0107  regret 0.58 min  list 0.6950  lr 6.3e-05  355s
  ep  32  val cost 0.1509  feas 0.0305  tauc 0.0107  regret 0.59 min  list 0.6943  lr 6.3e-05  367s
  ep  33  val cost 0.1513  feas 0.0284  tauc 0.0107  regret 0.66 min  list 0.6940  lr 6.3e-05  378s feas*
  ep  34  val cost 0.1522  feas 0.0288  tauc 0.0107  regret 0.63 min  list 0.6940  lr 6.3e-05  391s
  ep  35  val cost 0.1505  feas 0.0294  tauc 0.0107  regret 0.61 min  list 0.6939  lr 3.1e-05  404s
  ep  36  val cost 0.1507  feas 0.0287  tauc 0.0107  regret 0.59 min  list 0.6936  lr 3.1e-05  417s
  ep  37  val cost 0.1502  feas 0.0288  tauc 0.0107  regret 0.63 min  list 0.6935  lr 3.1e-05  430s
  ep  38  val cost 0.1507  feas 0.0284  tauc 0.0107  regret 0.61 min  list 0.6934  lr 3.1e-05  443s feas*
  ep  39  val cost 0.1499  feas 0.0296  tauc 0.0107  regret 0.60 min  list 0.6934  lr 1.6e-05  457s
  ep  40  val cost 0.1501  feas 0.0285  tauc 0.0108  regret 0.61 min  list 0.6932  lr 1.6e-05  470s
  ep  41  val cost 0.1501  feas 0.0283  tauc 0.0107  regret 0.61 min  list 0.6932  lr 1.6e-05  482s feas*
  ep  42  val cost 0.1501  feas 0.0287  tauc 0.0108  regret 0.61 min  list 0.6932  lr 1.6e-05  493s
  ep  43  val cost 0.1502  feas 0.0290  tauc 0.0108  regret 0.62 min  list 0.6932  lr 7.8e-06  505s
  ep  44  val cost 0.1502  feas 0.0295  tauc 0.0108  regret 0.62 min  list 0.6932  lr 7.8e-06  516s
  ep  45  val cost 0.1502  feas 0.0299  tauc 0.0108  regret 0.61 min  list 0.6930  lr 7.8e-06  528s
  ep  46  val cost 0.1502  feas 0.0285  tauc 0.0108  regret 0.62 min  list 0.6930  lr 7.8e-06  539s
  ep  47  val cost 0.1501  feas 0.0292  tauc 0.0108  regret 0.61 min  list 0.6930  lr 3.9e-06  551s
  ep  48  val cost 0.1501  feas 0.0292  tauc 0.0108  regret 0.61 min  list 0.6930  lr 3.9e-06  563s
  ep  49  val cost 0.1501  feas 0.0290  tauc 0.0108  regret 0.62 min  list 0.6930  lr 3.9e-06  574s
  ep  50  val cost 0.1502  feas 0.0289  tauc 0.0108  regret 0.62 min  list 0.6930  lr 3.9e-06  586s
  ep  51  val cost 0.1503  feas 0.0289  tauc 0.0108  regret 0.61 min  list 0.6930  lr 2.0e-06  597s
[train] best epoch {'cost': 19, 'feas': 41, 'tauc': 24} of 51, val {'cost': 0.008592519909143448, 'feas': 0.02832898213395488, 'tauc': 0.010619192769618275} (cost by regret), 597s

========================================================================
OFFLINE POLICY METRICS (argmin over scored actions)
========================================================================
split   mean regret    top-1  decisions     always-go  dirty picks
fit         0.45 min    94.9%     181136       4.58 min          707
stop        0.71 min    94.9%      18823       4.81 min          122
test        0.75 min    94.9%      37487       4.38 min          219
[saved] /mnt/beegfs/users/celinep/ChargeAndBreak/ML/models/tmlp_T144_physpmix_charger_s2_torch.pt
