[fset] T: 144 features (126 state)
[scope] all: training on short, medium, long routes
[physics] learning from base, kwh300, kwh700, kwh900, kw150, kw700, kw1000, cs30, cs100, pmix
[data] rows 1362687  features 144
  fit   rows 1044083  instances 2002  decisions 185515
  stop  rows  107032  instances  202  decisions  18831
  test  rows  211572  instances  402  decisions  37512
[net] split [256, 256, 128] aux [128, 128] -> 3 heads, 206,339 parameters, 1,044,083 training rows / 185,515 decisions, 16 threads
[loss] batch 192 decisions, select by regret, lambda_list 1 (tau 0.25 h)
  ep   1  val cost 0.3648  feas 0.0627  tauc 0.0127  regret 0.96 min  list 0.8350  lr 1.0e-03  23s cost* feas* tauc*
  ep   2  val cost 0.2334  feas 0.0503  tauc 0.0119  regret 0.95 min  list 0.7593  lr 1.0e-03  50s cost* feas* tauc*
  ep   3  val cost 0.2044  feas 0.0522  tauc 0.0118  regret 0.82 min  list 0.7360  lr 1.0e-03  67s cost* tauc*
  ep   4  val cost 0.1941  feas 0.0457  tauc 0.0116  regret 0.64 min  list 0.7280  lr 1.0e-03  77s cost* feas* tauc*
  ep   5  val cost 0.1896  feas 0.0443  tauc 0.0114  regret 0.82 min  list 0.7231  lr 1.0e-03  87s feas* tauc*
  ep   6  val cost 0.1880  feas 0.0429  tauc 0.0112  regret 0.68 min  list 0.7203  lr 1.0e-03  123s feas* tauc*
  ep   7  val cost 0.1830  feas 0.0402  tauc 0.0111  regret 0.61 min  list 0.7172  lr 1.0e-03  141s cost* feas* tauc*
  ep   8  val cost 0.1781  feas 0.0404  tauc 0.0110  regret 0.70 min  list 0.7140  lr 1.0e-03  169s tauc*
  ep   9  val cost 0.1664  feas 0.0363  tauc 0.0108  regret 0.73 min  list 0.7118  lr 1.0e-03  190s feas* tauc*
  ep  10  val cost 0.1612  feas 0.0342  tauc 0.0109  regret 0.78 min  list 0.7103  lr 1.0e-03  217s feas*
  ep  11  val cost 0.1614  feas 0.0346  tauc 0.0109  regret 0.84 min  list 0.7085  lr 5.0e-04  244s
  ep  12  val cost 0.1541  feas 0.0341  tauc 0.0109  regret 0.55 min  list 0.7026  lr 5.0e-04  269s cost* feas*
  ep  13  val cost 0.1574  feas 0.0342  tauc 0.0109  regret 0.64 min  list 0.7014  lr 5.0e-04  292s
  ep  14  val cost 0.1553  feas 0.0330  tauc 0.0107  regret 0.60 min  list 0.7002  lr 5.0e-04  305s feas* tauc*
  ep  15  val cost 0.1518  feas 0.0317  tauc 0.0107  regret 0.67 min  list 0.6998  lr 5.0e-04  315s feas* tauc*
  ep  16  val cost 0.1485  feas 0.0341  tauc 0.0107  regret 0.67 min  list 0.6989  lr 2.5e-04  326s tauc*
  ep  17  val cost 0.1469  feas 0.0317  tauc 0.0107  regret 0.69 min  list 0.6960  lr 2.5e-04  337s feas*
  ep  18  val cost 0.1443  feas 0.0351  tauc 0.0106  regret 0.71 min  list 0.6951  lr 2.5e-04  348s tauc*
  ep  19  val cost 0.1448  feas 0.0320  tauc 0.0106  regret 0.67 min  list 0.6947  lr 2.5e-04  358s
  ep  20  val cost 0.1451  feas 0.0313  tauc 0.0106  regret 0.56 min  list 0.6946  lr 1.3e-04  369s feas*
  ep  21  val cost 0.1451  feas 0.0334  tauc 0.0106  regret 0.61 min  list 0.6929  lr 1.3e-04  383s tauc*
  ep  22  val cost 0.1439  feas 0.0332  tauc 0.0107  regret 0.70 min  list 0.6926  lr 1.3e-04  412s
  ep  23  val cost 0.1435  feas 0.0322  tauc 0.0107  regret 0.59 min  list 0.6923  lr 1.3e-04  432s
  ep  24  val cost 0.1420  feas 0.0368  tauc 0.0107  regret 0.63 min  list 0.6922  lr 6.3e-05  447s
  ep  25  val cost 0.1425  feas 0.0281  tauc 0.0106  regret 0.57 min  list 0.6914  lr 6.3e-05  468s feas*
  ep  26  val cost 0.1421  feas 0.0285  tauc 0.0106  regret 0.58 min  list 0.6912  lr 6.3e-05  487s
  ep  27  val cost 0.1417  feas 0.0292  tauc 0.0106  regret 0.58 min  list 0.6911  lr 6.3e-05  507s
  ep  28  val cost 0.1427  feas 0.0294  tauc 0.0106  regret 0.58 min  list 0.6911  lr 3.1e-05  532s tauc*
  ep  29  val cost 0.1415  feas 0.0285  tauc 0.0106  regret 0.60 min  list 0.6907  lr 3.1e-05  560s tauc*
  ep  30  val cost 0.1413  feas 0.0269  tauc 0.0106  regret 0.58 min  list 0.6906  lr 3.1e-05  587s feas*
  ep  31  val cost 0.1415  feas 0.0282  tauc 0.0107  regret 0.59 min  list 0.6906  lr 3.1e-05  608s
  ep  32  val cost 0.1409  feas 0.0273  tauc 0.0106  regret 0.62 min  list 0.6905  lr 1.6e-05  629s
  ep  33  val cost 0.1415  feas 0.0266  tauc 0.0107  regret 0.60 min  list 0.6904  lr 1.6e-05  650s feas*
  ep  34  val cost 0.1415  feas 0.0272  tauc 0.0106  regret 0.61 min  list 0.6902  lr 1.6e-05  679s
  ep  35  val cost 0.1415  feas 0.0283  tauc 0.0107  regret 0.58 min  list 0.6903  lr 1.6e-05  709s
  ep  36  val cost 0.1417  feas 0.0277  tauc 0.0106  regret 0.59 min  list 0.6903  lr 7.8e-06  746s
  ep  37  val cost 0.1411  feas 0.0272  tauc 0.0106  regret 0.59 min  list 0.6901  lr 7.8e-06  775s
  ep  38  val cost 0.1413  feas 0.0266  tauc 0.0106  regret 0.59 min  list 0.6901  lr 7.8e-06  801s feas*
  ep  39  val cost 0.1412  feas 0.0269  tauc 0.0106  regret 0.59 min  list 0.6901  lr 7.8e-06  823s
  ep  40  val cost 0.1411  feas 0.0266  tauc 0.0106  regret 0.59 min  list 0.6901  lr 3.9e-06  851s
  ep  41  val cost 0.1413  feas 0.0283  tauc 0.0106  regret 0.61 min  list 0.6901  lr 3.9e-06  874s
  ep  42  val cost 0.1413  feas 0.0272  tauc 0.0106  regret 0.61 min  list 0.6901  lr 3.9e-06  888s
  ep  43  val cost 0.1414  feas 0.0267  tauc 0.0106  regret 0.61 min  list 0.6901  lr 3.9e-06  907s
  ep  44  val cost 0.1414  feas 0.0270  tauc 0.0106  regret 0.59 min  list 0.6900  lr 2.0e-06  927s
  ep  45  val cost 0.1413  feas 0.0271  tauc 0.0106  regret 0.59 min  list 0.6900  lr 2.0e-06  966s
  ep  46  val cost 0.1413  feas 0.0279  tauc 0.0106  regret 0.59 min  list 0.6900  lr 2.0e-06  994s
  ep  47  val cost 0.1414  feas 0.0271  tauc 0.0106  regret 0.60 min  list 0.6901  lr 2.0e-06  1031s
  ep  48  val cost 0.1413  feas 0.0267  tauc 0.0106  regret 0.59 min  list 0.6900  lr 9.8e-07  1057s
[train] best epoch {'cost': 12, 'feas': 38, 'tauc': 29} of 48, val {'cost': 0.009240503422915936, 'feas': 0.026577466952649502, 'tauc': 0.010596325126354698} (cost by regret), 1057s

========================================================================
OFFLINE POLICY METRICS (argmin over scored actions)
========================================================================
split   mean regret    top-1  decisions     always-go  dirty picks
fit         0.57 min    94.9%     185307       4.61 min          767
stop        0.80 min    94.9%      18823       4.81 min          128
test        0.61 min    95.1%      37487       4.38 min          214
[saved] /mnt/beegfs/users/celinep/ChargeAndBreak/ML/models/tmlp_T144_physpmixall_split_list_s1_torch.pt
