
Gurobi 9.5.2 (linux64) logging started Fri Jul 31 01:40:34 2026

Set parameter LogFile to value "logs/oracle_RlongCmanyTtight_7_gurobi.log"
Gurobi Optimizer version 9.5.2 build v9.5.2rc0 (linux64)
Thread count: 16 physical cores, 32 logical processors, using up to 32 threads
Optimize a model with 9717 rows, 5290 columns and 180410 nonzeros
Model fingerprint: 0xe22e3771
Variable types: 3302 continuous, 1988 integer (1988 binary)
Coefficient statistics:
  Matrix range     [3e-02, 2e+03]
  Objective range  [1e+00, 1e+00]
  Bounds range     [1e+00, 6e+01]
  RHS range        [1e-02, 5e+02]

User MIP start did not produce a new incumbent solution
User MIP start violates constraint c_l_x14446_ by 1.000000000

Presolve removed 2846 rows and 941 columns
Presolve time: 3.22s
Presolved: 6871 rows, 4349 columns, 162760 nonzeros
Variable types: 2574 continuous, 1775 integer (1774 binary)
Root relaxation presolve removed 183 rows and 118 columns
Root relaxation presolved: 6688 rows, 4231 columns, 125389 nonzeros


Root simplex log...

Iteration    Objective       Primal Inf.    Dual Inf.      Time
    1023    6.0144889e+01   8.343913e+03   0.000000e+00      5s
    6295    1.0511486e+02   0.000000e+00   0.000000e+00      9s
    6298    1.0511486e+02   0.000000e+00   0.000000e+00      9s
Extra simplex iterations after uncrush: 3

Root relaxation: objective 1.051149e+02, 6298 iterations, 4.80 seconds (1.53 work units)
Another try with MIP start

    Nodes    |    Current Node    |     Objective Bounds      |     Work
 Expl Unexpl |  Obj  Depth IntInf | Incumbent    BestBd   Gap | It/Node Time

     0     0  105.11486    0  626          -  105.11486      -     -   15s
     0     0  109.18401    0  532          -  109.18401      -     -   24s
     0     0  109.28162    0  531          -  109.28162      -     -   26s
     0     0  109.29758    0  521          -  109.29758      -     -   26s
     0     0  109.29779    0  528          -  109.29779      -     -   26s
     0     0  110.93493    0  670          -  110.93493      -     -   29s
     0     0  111.05316    0  672          -  111.05316      -     -   31s
     0     0  111.09596    0  699          -  111.09596      -     -   31s
     0     0  111.10476    0  686          -  111.10476      -     -   32s
     0     0  111.10513    0  683          -  111.10513      -     -   32s
     0     0  111.90132    0  640          -  111.90132      -     -   38s
     0     0  111.96775    0  630          -  111.96775      -     -   40s
     0     0  111.98084    0  673          -  111.98084      -     -   40s
     0     0  111.98454    0  661          -  111.98454      -     -   40s
     0     0  111.98501    0  678          -  111.98501      -     -   41s
     0     0  112.58593    0  651          -  112.58593      -     -   46s
     0     0  112.62752    0  663          -  112.62752      -     -   47s
     0     0  112.62970    0  657          -  112.62970      -     -   47s
     0     0  112.63077    0  656          -  112.63077      -     -   48s
     0     0  113.18935    0  637          -  113.18935      -     -   51s
     0     0  113.22512    0  642          -  113.22512      -     -   52s
     0     0  113.23556    0  648          -  113.23556      -     -   52s
     0     0  113.23801    0  658          -  113.23801      -     -   52s
     0     0  113.23802    0  657          -  113.23802      -     -   53s
     0     0  113.95588    0  656          -  113.95588      -     -   58s
     0     0  114.03980    0  603          -  114.03980      -     -   59s
     0     0  114.04614    0  651          -  114.04614      -     -   59s
     0     0  114.04825    0  648          -  114.04825      -     -   59s
     0     0  114.04870    0  653          -  114.04870      -     -   59s
     0     0  114.35504    0  617          -  114.35504      -     -   64s
     0     0  114.37169    0  603          -  114.37169      -     -   65s
     0     0  114.37352    0  643          -  114.37352      -     -   65s
     0     0  114.48258    0  557          -  114.48258      -     -   68s
     0     0  114.50815    0  604          -  114.50815      -     -   69s
     0     0  114.51389    0  595          -  114.51389      -     -   69s
     0     0  114.51471    0  669          -  114.51471      -     -   70s
     0     0  114.62914    0  599          -  114.62914      -     -   75s
     0     0  114.66274    0  612          -  114.66274      -     -   76s
     0     0  114.66792    0  629          -  114.66792      -     -   76s
     0     0  114.67079    0  643          -  114.67079      -     -   76s
     0     0  114.67959    0  623          -  114.67959      -     -   77s
     0     0  114.67984    0  621          -  114.67984      -     -   77s
     0     0  114.78391    0  551          -  114.78391      -     -   82s
     0     0  114.81553    0  549          -  114.81553      -     -   83s
     0     0  114.81916    0  590          -  114.81916      -     -   84s
     0     0  114.81917    0  591          -  114.81917      -     -   84s
     0     0  114.89750    0  623          -  114.89750      -     -   87s
     0     0  114.91048    0  639          -  114.91048      -     -   88s
     0     0  114.92562    0  652          -  114.92562      -     -   88s
     0     0  114.92662    0  661          -  114.92662      -     -   88s
     0     0  115.05861    0  617          -  115.05861      -     -   94s
     0     0  115.07931    0  642          -  115.07931      -     -   95s
     0     0  115.08090    0  647          -  115.08090      -     -   95s
     0     0  115.15506    0  613          -  115.15506      -     -  100s
     0     0  115.16719    0  670          -  115.16719      -     -  101s
     0     0  115.16801    0  671          -  115.16801      -     -  101s
     0     0  115.22925    0  473          -  115.22925      -     -  106s
     0     0  115.23328    0  535          -  115.23328      -     -  106s
     0     0  115.23435    0  546          -  115.23435      -     -  107s
     0     0  115.31470    0  554          -  115.31470      -     -  111s
     0     0  115.32766    0  602          -  115.32766      -     -  112s
     0     0  115.33191    0  633          -  115.33191      -     -  112s
     0     0  115.33198    0  634          -  115.33198      -     -  112s
     0     0  115.37534    0  588          -  115.37534      -     -  117s
     0     0  115.38488    0  590          -  115.38488      -     -  118s
     0     0  115.38556    0  627          -  115.38556      -     -  118s
     0     0  115.43043    0  588          -  115.43043      -     -  122s
     0     0  115.43733    0  616          -  115.43733      -     -  123s
     0     0  115.43879    0  639          -  115.43879      -     -  123s
     0     0  115.48699    0  613          -  115.48699      -     -  128s
     0     0  115.48998    0  638          -  115.48998      -     -  129s
     0     0  115.49139    0  638          -  115.49139      -     -  129s
     0     0  115.50783    0  653          -  115.50783      -     -  134s
     0     0  115.51260    0  651          -  115.51260      -     -  135s
     0     0  115.51420    0  654          -  115.51420      -     -  135s
     0     0  115.52627    0  642          -  115.52627      -     -  139s
H    0     0                     680.3842226  115.52627  83.0%     -  142s
     0     0  115.52627    0  548  680.38422  115.52627  83.0%     -  144s
     0     2  115.52627    0  527  680.38422  115.52627  83.0%     -  148s
     1     4  115.86291    1  543  680.38422  115.52870  83.0%   918  150s
     7    16  115.57185    3  644  680.38422  115.54453  83.0%   845  156s
    31    48  115.66042    5  669  680.38422  115.59320  83.0%   776  162s
    47    64  115.68559    6  638  680.38422  115.66042  83.0%   820  165s
    63    80  115.72769    7  616  680.38422  115.66330  83.0%   772  178s
H   79    96                     679.2003290  115.71516  83.0%   791  182s
H   80    96                     679.1039823  115.71518  83.0%   801  182s
H   93    96                     669.2175560  115.72875  82.7%   844  182s
    95   112  116.12921    9  609  669.21756  115.73457  82.7%   866  187s
   111   128  115.85725   10  645  669.21756  115.78781  82.7%   937  195s
H  127   144                     667.4519619  115.85733  82.6%   961  208s
H  128   144                     185.5152132  115.85765  37.5%   965  208s
H  132   144                     183.3198770  115.91605  36.8%   982  208s
H  134   144                     175.3684974  115.91605  33.9%   994  209s
H  140   144                     171.5810410  115.91605  32.4%  1017  209s
   143   160  116.74180   12  599  171.58104  115.91609  32.4%  1035  215s
   159   176  116.14989   13  651  171.58104  116.02218  32.4%  1042  221s
H  175   192                     149.2415832  116.15010  22.2%  1065  245s
H  176   192                     148.3491347  116.15364  21.7%  1066  245s
   191   208  116.28396   15  661  148.34913  116.26040  21.6%  1096  252s
   207   224  116.40575   16  637  148.34913  116.28421  21.6%  1084  256s
H  223   240                     147.5452990  116.40635  21.1%  1060  368s
H  224   240                     146.5289394  116.41017  20.6%  1059  368s
H  227   240                     145.2124363  116.47085  19.8%  1062  368s
H  228   240                     144.9595848  116.47085  19.7%  1063  368s
   239   259  116.57470   18  652  144.95958  116.47088  19.7%  1075  375s
   258   287  119.17510   19  561  144.95958  116.57085  19.6%  1105  381s
   286   312  116.74108   21  544  144.95958  116.59392  19.6%  1086  387s
   311   345  119.09933   23  565  144.95958  116.61572  19.6%  1059  391s
H  344   361                     144.5833380  116.64040  19.3%  1028  413s
H  347   361                     144.3243850  116.68297  19.2%  1027  413s
H  348   361                     132.4988952  116.68297  11.9%  1029  413s
H  349   361                     132.3129148  116.68297  11.8%  1030  413s
   360   395  116.94623   30  544  132.31291  116.68297  11.8%  1029  422s
   394   423  119.50990   31  520  132.31291  116.68815  11.8%   983  430s
   422   444  116.71421   36  549  132.31291  116.71421  11.8%   988  437s
   443   485  116.71592   37  564  132.31291  116.71592  11.8%   984  444s
   484   524  116.95349   38  518  132.31291  116.72499  11.8%   976  452s
   523   572  116.94338   40  563  132.31291  116.74086  11.8%   979  459s
   557   572  117.05849   27  543  132.31291  116.76328  11.8%   955  460s
   571   630  116.76339   44  544  132.31291  116.76339  11.8%   944  467s
   629   701  116.93124   45  502  132.31291  116.78589  11.7%   911  474s
   700   761  117.80216   29  568  132.31291  116.82722  11.7%   869  487s
   760   856  116.85229   46  665  132.31291  116.84143  11.7%   838  499s
   855   920  119.70659   47  567  132.31291  116.85489  11.7%   799  508s
   919  1044  119.65274   26  398  132.31291  116.86636  11.7%   789  516s
  1043  1182  117.01815   16  539  132.31291  116.88051  11.7%   732  523s
  1181  1290  117.95794   37  545  132.31291  116.88776  11.7%   682  528s
  1289  1422  120.09925   24  548  132.31291  116.89209  11.7%   659  536s
  1421  1499  116.90060   35  526  132.31291  116.90060  11.6%   626  547s
H 1467  1499                     131.2794351  116.90060  11.0%   615  547s
  1498  1668  116.90060   37  526  131.27944  116.90060  11.0%   618  554s
  1667  1804  116.90182   38  525  131.27944  116.90182  11.0%   582  563s
  1803  1971  116.90348   39  539  131.27944  116.90348  11.0%   564  571s
  1970  2059  117.29590   40  501  131.27944  116.93298  10.9%   540  585s
H 2058  2059                     130.4761277  116.93622  10.4%   534  626s
  2059  2060  117.81835   47  548  130.47613  116.93622  10.4%   534  664s
  2061  2061  117.22396   16  350  130.47613  116.93622  10.4%   533  675s
  2062  2062  117.07334   41  421  130.47613  116.93622  10.4%   533  684s
  2063  2063  123.22779   41  517  130.47613  116.93622  10.4%   533  685s
  2065  2064  117.57667   24  476  130.47613  116.93622  10.4%   532  690s
  2071  2068  118.43181    6  525  130.47613  116.93622  10.4%   531  696s
  2077  2072  117.85586    8  608  130.47613  116.93622  10.4%   529  702s
  2078  2073  117.01108   47  481  130.47613  116.93622  10.4%   529  722s
  2080  2074  117.12364   13  534  130.47613  116.93622  10.4%   528  729s
  2081  2075  122.74615   27  417  130.47613  116.93622  10.4%   528  744s
  2082  2075  117.47364   33  533  130.47613  116.93622  10.4%   528  745s
  2084  2077  119.48624   30  567  130.47613  116.93622  10.4%   527  755s
  2085  2077  117.12032   21  427  130.47613  117.00260  10.3%   527  769s
  2086  2078  123.15544   49  469  130.47613  117.03039  10.3%   527  770s
  2088  2079  117.05223   51  549  130.47613  117.05223  10.3%   526  775s
  2089  2080  117.51168   42  447  130.47613  117.29362  10.1%   526  791s
H 2089  1975                     130.4139176  117.29362  10.1%   526  792s
  2093  1978  117.47779   34  457  130.41392  117.34573  10.0%   525  800s
  2094  1978  118.85380   43  431  130.41392  117.37074  10.0%   525  819s
  2095  1979  117.42728   26  538  130.41392  117.42728  10.0%   525  820s
  2096  1980  117.42975   52  573  130.41392  117.42975  10.0%   524  827s
  2097  1980  117.46063   28  540  130.41392  117.46063  9.93%   524  838s
  2099  1982  117.66202   12  641  130.41392  117.47616  9.92%   524  849s
  2100  1982  117.52773   24  482  130.41392  117.50129  9.90%   523  872s
  2103  1984  118.10672   49  566  130.41392  117.52069  9.89%   523  883s
  2104  1985  119.37981   46  482  130.41392  117.52970  9.88%   522  890s
  2105  1986  122.74615   18  488  130.41392  117.53137  9.88%   522  897s
  2106  1986  117.98033   29  474  130.41392  117.53186  9.88%   522  916s
  2107  1987  118.00076   21  472  130.41392  117.53186  9.88%   522  922s
  2108  1988  117.54645    8  472  130.41392  117.54645  9.87%   521  927s
  2109  1991  122.93270   11  464  130.41392  118.23004  9.34%   545  977s
  2111  1995  121.77765   12  521  130.41392  118.93930  8.80%   545 1025s
  2115  2000  119.02465   13  589  130.41392  119.02465  8.73%   548 1044s
  2123  2012  119.03022   14  596  130.41392  119.02630  8.73%   561 1058s
  2138  2019  119.03606   15  597  130.41392  119.03321  8.73%   572 1064s
  2154  2029  119.04305   16  588  130.41392  119.03682  8.72%   574 1071s
  2170  2040  119.05647   17  604  130.41392  119.04445  8.72%   578 1075s
H 2186  1948                     130.4022703  119.05686  8.70%   581 1080s
  2202  1966  119.06396   19  613  130.40227  119.06050  8.70%   583 1085s
  2247  1991  119.08731   22  638  130.40227  119.07443  8.69%   588 1094s
  2267  2008  119.08739   23  648  130.40227  119.08739  8.68%   595 1097s
  2290  2021  119.08791   25  646  130.40227  119.08791  8.68%   599 1101s
  2311  2029  122.09202   26  439  130.40227  119.09008  8.67%   604 1110s
  2328  2049  119.09700   29  665  130.40227  119.09530  8.67%   608 1119s
  2336  2047  119.29316   27  483  130.40227  119.10087  8.67%   607 1120s
H 2354  1970                     128.3524167  119.10087  7.21%   606 1125s
  2380  1952  119.13412   34  639  128.35242  119.12801  7.19%   608 1139s
  2408  1962  119.41526   35  498  128.35242  119.13722  7.18%   611 1162s
H 2417  1868                     127.4674462  119.15083  6.52%   612 1163s
  2431  1897  119.38863   38  540  127.46745  119.15117  6.52%   613 1168s
  2469  1917  121.87542   41  499  127.46745  119.18037  6.50%   617 1198s
  2502  1942  121.33830   45  537  127.46745  119.21534  6.47%   618 1208s
  2538  1944  119.25505   44  567  127.46745  119.24613  6.45%   619 1223s
  2556  1975  120.52797   45  492  127.46745  119.25775  6.44%   622 1239s
  2600  2004  119.33195   47  588  127.46745  119.33195  6.38%   624 1258s
  2644  2034  119.33422   48  562  127.46745  119.33422  6.38%   629 1274s
  2697  2025  123.64064   49  446  127.46745  119.34169  6.37%   629 1288s
  2715  2061  119.36024   52  579  127.46745  119.36024  6.36%   633 1311s
  2769  2071  119.75833   53  508  127.46745  119.39807  6.33%   636 1357s
  2803  2104  119.42369   56  447  127.46745  119.41961  6.31%   637 1378s
  2857  2134  121.00517   57  460  127.46745  119.43672  6.30%   642 1396s
  2910  2172  125.20021   61  378  127.46745  119.45708  6.28%   646 1417s
  2976  2258  120.13559   38  435  127.46745  119.48208  6.26%   651 1425s
  3089  2264  119.52603   22  498  127.46745  119.49519  6.25%   643 1443s
  3147  2353  119.69106   69  359  127.46745  119.51530  6.24%   645 1454s
  3286  2369  120.33637   40  437  127.46745  119.53569  6.22%   638 1496s
H 3362  2320                     127.4674462  119.54848  6.21%   642 1507s
  3429  2372  120.42953   42  572  127.46745  119.55988  6.20%   641 1522s
  3511  2564  119.64691   32  386  127.46745  119.57314  6.19%   644 1530s
  3760  2650  120.14781   41  364  127.46745  119.59246  6.18%   623 1547s
  3952  2673  120.84125   51  422  127.46745  119.60692  6.17%   611 1561s
  4045  2871  120.97283   52  450  127.46745  119.62085  6.16%   610 1571s
  4291  3087  124.80862   58  323  127.46745  119.63111  6.15%   594 1578s
  4634  3055  119.77401   24  654  127.46745  119.64666  6.14%   570 1596s
  4726  3279 infeasible   37       127.46745  119.66286  6.12%   571 1605s
  5046  3260  119.69057   74  309  127.46745  119.67417  6.11%   553 1630s
  5174  3223  119.76464   79  301  127.46745  119.69643  6.10%   550 1657s
  5200  3281  119.71545   54  401  127.46745  119.71545  6.08%   550 1685s
  5297  3341  120.71446   56  419  127.46745  119.73519  6.07%   550 1714s
  5428  3481     cutoff   79       127.46745  119.74931  6.05%   546 1727s
  5692  3782  120.07265   28  476  127.46745  119.76796  6.04%   535 1740s
  6239  3688  120.22264   39  415  127.46745  119.77990  6.03%   506 1767s
  6360  4024  119.94900   54  402  127.46745  119.79403  6.02%   505 1782s
H 6777  3826                     127.4674461  119.80538  6.01%   487 1783s
  6837  4137  119.95306   46  372  127.46745  119.80809  6.01%   486 1833s
H 7150  4137                     127.4674458  119.81703  6.00%   478 1833s
  7274  4215  119.90510   84  358  127.46745  119.82365  6.00%   474 1863s
  7394  4265  125.01462   48  423  127.46745  119.84152  5.98%   476 1885s
  7522  4692  120.77484   40  421  127.46745  119.85635  5.97%   476 1904s
  8054  4777  119.99886   56  352  127.46745  119.87316  5.96%   458 1928s
  8185  5247  120.42759   32  513  127.46745  119.89188  5.94%   459 1944s
  8931  5317     cutoff   50       127.46745  119.91283  5.93%   438 1974s
  9047  6149  119.94822   41  536  127.46745  119.92001  5.92%   439 1994s
 10062  6193  120.20521   24  560  127.46745  119.94476  5.90%   411 2028s
H10113  6193                     127.4674454  119.95348  5.89%   412 2028s
 10135  6283 infeasible   47       127.46745  119.95671  5.89%   413 2051s
 10301  6383  124.72605   27  354  127.46745  119.96206  5.89%   412 2075s
 10462  7206  119.97605   58  342  127.46745  119.97605  5.88%   412 2093s
 11480  7292     cutoff   72       127.46745  119.99455  5.86%   392 2140s
 11650  8185     cutoff   55       127.46745  120.00328  5.86%   392 2159s
 12759  8190  121.82752   58  380  127.46745  120.02327  5.84%   374 2191s
 12811  8276     cutoff   58       127.46745  120.03697  5.83%   375 2216s
 12935  8389     cutoff   27       127.46745  120.04468  5.82%   377 2247s
 13124  9334 infeasible   60       127.46745  120.05090  5.82%   377 2265s
 14343  9820 infeasible   61       127.46745  120.06429  5.81%   360 2285s
 14985  9920     cutoff   73       127.46745  120.07693  5.80%   355 2314s
 15206 10812  121.09402   30  417  127.46745  120.08654  5.79%   355 2334s
 16344 10867  120.13157   83  304  127.46745  120.10076  5.78%   345 2361s
 16488 11617  120.13367   42  594  127.46745  120.10942  5.77%   347 2388s
 17516 11810  120.15029   51  374  127.46745  120.12045  5.76%   340 2411s
 17776 12721     cutoff   21       127.46745  120.13067  5.76%   339 2432s
 19078 13814     cutoff   64       127.46745  120.14424  5.75%   331 2451s
 20565 14136  120.27608   61  407  127.46745  120.16049  5.73%   319 2487s
 21097 16185     cutoff   57       127.46745  120.16890  5.73%   319 2543s
 23959 16329  125.89293   40  459  127.46745  120.18995  5.71%   304 2575s
 24151 16388  123.23665   60  538  127.46745  120.20035  5.70%   305 2607s
 24277 16493  120.54959   38  423  127.46745  120.21354  5.69%   306 2639s
 24502 18021     cutoff   30       127.46745  120.22126  5.68%   307 2670s
 26467 18104  120.65127   32  465  127.46745  120.23490  5.67%   299 2724s
 26661 19104     cutoff   47       127.46745  120.24159  5.67%   300 2756s
 28174 19255     cutoff   54       127.46745  120.25147  5.66%   296 2787s
 28436 20641  121.26069   43  400  127.46745  120.26103  5.65%   298 2818s
 30317 20915  120.43267   85  311  127.46745  120.27232  5.64%   291 2847s
 30675 22027  121.20124   41  405  127.46745  120.28074  5.64%   292 2881s
 32382 23880  120.96641   37  418  127.46745  120.29442  5.63%   289 2914s
 33455 23880     cutoff   54       127.46745  120.30083  5.62%   285 2915s
 34635 23956     cutoff   43       127.46745  120.31033  5.61%   280 2944s
 34840 24146  120.33110   24  571  127.46745  120.31827  5.61%   281 2979s
 35256 25758     cutoff   32       127.46745  120.32253  5.61%   282 3013s
 37426 27478     cutoff   78       127.46745  120.33319  5.60%   276 3045s
 39824 27771     cutoff   70       127.46745  120.35636  5.58%   270 3087s
 40252 29062  121.20329   33  391  127.46745  120.36230  5.57%   270 3115s
 42132 31391     cutoff   37       127.46745  120.37309  5.57%   268 3181s
 45591 31585  126.07949   37  419  127.46745  120.39625  5.55%   263 3212s
 45951 31841  122.09158   58  507  127.46745  120.40043  5.54%   263 3254s
 46407 33922  120.41102   65  339  127.46745  120.40766  5.54%   264 3293s
 49230 34199     cutoff   96       127.46745  120.42036  5.53%   259 3319s
 49739 35877  120.79874   40  297  127.46745  120.42712  5.52%   260 3351s
 52270 35928  120.49177   32  381  127.46745  120.44242  5.51%   256 3389s
 52460 36179  120.48603   48  439  127.46745  120.44706  5.51%   256 3417s
 52880 37834     cutoff   66       127.46745  120.45381  5.50%   256 3452s
 55472 38250     cutoff   46       127.46745  120.46648  5.49%   253 3487s
 56268 39802  120.63502   51  399  127.46745  120.47119  5.49%   254 3526s
 58530 40038  120.70293   50  460  127.46745  120.48319  5.48%   252 3550s
 58928 42056  121.91636   73  435  127.46745  120.48728  5.48%   252 3582s
 61739 43507     cutoff   90       127.46745  120.49883  5.47%   248 3613s
 64050 43963  120.95844   51  361  127.46745  120.51227  5.46%   245 3658s
 64889 48998  120.94782   40  363  127.46745  120.51710  5.45%   246 3756s
 72585 49169  120.60613   56  413  127.46745  120.53468  5.44%   238 3784s
 73012 49408  122.42938   64  436  127.46745  120.54182  5.43%   239 3826s
 73515 50933  120.58061   96  284  127.46745  120.55413  5.42%   239 3857s
 75937 51741     cutoff   77       127.46745  120.56386  5.42%   238 3887s
 77215 51985 infeasible   69       127.46745  120.57081  5.41%   238 3916s
 77668 53540  123.34581   45  255  127.46745  120.57640  5.41%   238 3955s
 80088 53721     cutoff   83       127.46745  120.58438  5.40%   237 3989s
 80561 54054  120.85263   58  308  127.46745  120.58793  5.40%   237 4025s
 81151 56167  120.84721   32  398  127.46745  120.59131  5.39%   237 4062s
 84136 58009     cutoff   60       127.46745  120.59847  5.39%   235 4099s
 85898 58009     cutoff   45       127.46745  120.60138  5.39%   234 4100s
 86630 58486  121.02889   49  414  127.46745  120.60730  5.38%   234 4151s
H87007 58466                     127.4359068  120.61068  5.36%   234 4152s
 87488 63240     cutoff   60       127.43591  120.61197  5.35%   234 4248s
 95125 63334     cutoff   39       127.43591  120.63040  5.34%   230 4281s
H95172 63328                     127.4290856  120.63228  5.33%   230 4281s
 95447 63575  125.85470   78  362  127.42909  120.63720  5.33%   230 4320s
 95958 65013     cutoff   76       127.42909  120.64258  5.33%   230 4350s
 98157 65212 infeasible   60       127.42909  120.64966  5.32%   229 4375s
 98576 65808     cutoff   78       127.42909  120.65318  5.32%   230 4407s
 99580 66083  121.26293   33  401  127.42909  120.65706  5.31%   230 4449s
 100166 67469     cutoff   88       127.42909  120.65948  5.31%   231 4490s
 102818 68003  121.83475   65  366  127.42909  120.66455  5.31%   230 4519s
 103687 68643  121.22928   38  259  127.42909  120.67351  5.30%   230 4557s
 104898 69111  122.58647   52  344  127.42909  120.67820  5.30%   231 4590s
 105845 71295  120.73756   79  480  127.42909  120.68273  5.29%   231 4625s
 109293 71680  121.11576   71  288  127.42909  120.69115  5.29%   229 4671s
 110051 76446  120.87543   63  326  127.42909  120.69470  5.28%   230 4778s
 117633 76719     cutoff   95       127.42909  120.70328  5.28%   230 4803s
 118049 77150  121.23179   66  385  127.42909  120.71042  5.27%   230 4840s
H118264 77150                     127.4290856  120.71305  5.27%   230 4840s
H118556 77150                     127.4290855  120.71449  5.27%   231 4840s
 118809 77487  120.93514   36  445  127.42909  120.71851  5.27%   231 4880s
H118860 77487                     127.4290853  120.71851  5.27%   231 4881s
 119561 78705  120.85927   36  495  127.42909  120.72171  5.26%   231 4929s
 121864 79050     cutoff   61       127.42909  120.72619  5.26%   231 4966s
 122589 80364  120.86453   51  338  127.42909  120.73145  5.26%   232 5008s
 125255 80874  120.86818   65  478  127.42909  120.73988  5.25%   233 5048s
 126219 82740  120.99182   55  324  127.42909  120.74412  5.25%   233 5104s
 129290 83113     cutoff   43       127.42909  120.75180  5.24%   233 5156s
 130115 84964  120.79641   49  352  127.42909  120.75485  5.24%   234 5212s
 133334 85147  120.96776   74  280  127.42909  120.75863  5.23%   234 5245s
 133784 86663     cutoff   74       127.42909  120.76429  5.23%   235 5289s
 135757 86663     cutoff   28       127.42909  120.76572  5.23%   235 5290s
 136289 86905 infeasible  128       127.42909  120.77082  5.23%   234 5328s
 136825 88475  120.91951   76  422  127.42909  120.77212  5.22%   235 5380s
 139256 88693     cutoff   63       127.42909  120.77848  5.22%   235 5420s
 139854 90553     cutoff   56       127.42909  120.78203  5.22%   236 5469s
 141395 90553  120.81815   66  370  127.42909  120.78298  5.22%   235 5470s
 142941 90905  121.53262   36  480  127.42909  120.78522  5.21%   235 5507s
 143522 92483     cutoff   99       127.42909  120.78942  5.21%   235 5550s
 145932 93956     cutoff   87       127.42909  120.79339  5.21%   236 5604s
 147511 93956  123.86825   66  458  127.42909  120.79524  5.21%   235 5605s
 148329 94214     cutoff   89       127.42909  120.79848  5.20%   235 5654s
 149071 96110     cutoff   63       127.42909  120.80209  5.20%   236 5713s
 152089 96539 infeasible   85       127.42909  120.80799  5.20%   235 5769s
 152981 101234     cutoff   60       127.42909  120.81084  5.19%   236 5905s
 161186 101490  121.02827   41  360  127.42909  120.82378  5.18%   235 5953s
 161834 102813     cutoff   76       127.42909  120.82807  5.18%   236 6013s
 163892 103194     cutoff   61       127.42909  120.83147  5.18%   236 6082s
 164579 104718     cutoff   60       127.42909  120.83345  5.18%   236 6140s
 167217 104992     cutoff   68       127.42909  120.83611  5.17%   236 6187s
 167767 107153  121.07353   62  400  127.42909  120.84094  5.17%   237 6242s
 170944 107436  122.55006   37  473  127.42909  120.84622  5.17%   237 6294s
 171438 109227  121.37955   45  423  127.42909  120.84654  5.17%   237 6354s
 174441 110954     cutoff   44       127.42909  120.85260  5.16%   237 6419s
 177460 111224  120.98417   64  320  127.42909  120.85931  5.16%   237 6462s
 178073 112404     cutoff   73       127.42909  120.86179  5.15%   237 6515s
 180195 112729  121.05442   86  384  127.42909  120.86626  5.15%   237 6565s
 180958 114829  121.07241   74  367  127.42909  120.86984  5.15%   238 6625s
 184406 115135 infeasible  106       127.42909  120.87634  5.14%   238 6677s
 185083 116950     cutoff   63       127.42909  120.87811  5.14%   239 6738s
 188451 117287     cutoff   56       127.42909  120.88561  5.13%   239 6787s
 189186 118984 infeasible   74       127.42909  120.88743  5.13%   239 6846s
 192427 120458  120.98908   39  480  127.42909  120.89327  5.13%   239 6911s
 194851 120967  126.64421   69  300  127.42909  120.89697  5.13%   239 6966s
 195897 125004     cutoff   37       127.42909  120.89935  5.12%   240 7098s
 203226 125382     cutoff  123       127.42909  120.91074  5.12%   240 7153s
 204078 126362     cutoff   67       127.42909  120.91303  5.11%   240 7200s

Cutting planes:
  Learned: 4
  Gomory: 267
  Lift-and-project: 8
  Cover: 739
  Implied bound: 976
  Projected implied bound: 25
  MIR: 1912
  StrongCG: 3
  Flow cover: 3374
  GUB cover: 2
  Inf proof: 53
  Zero half: 36
  Network: 8
  RLT: 163
  Relax-and-lift: 244

Explored 205739 nodes (49448962 simplex iterations) in 7200.67 seconds (3167.79 work units)
Thread count was 32 (of 32 available processors)

Solution count 10: 127.429 127.429 127.429 ... 127.467

Time limit reached
Best objective 1.274290852979e+02, best bound 1.209156189138e+02, gap 5.1114%
