
Gurobi 9.5.2 (linux64) logging started Tue Aug 11 22:24:47 2026

Set parameter LogFile to value "/mnt/beegfs/users/celinep/ChargeAndBreak/logs/oracle_RlongCfewTtight_15__cs30_gurobi.log"
Gurobi Optimizer version 9.5.2 build v9.5.2rc0 (linux64)
Thread count: 16 physical cores, 32 logical processors, using up to 32 threads
Optimize a model with 10494 rows, 5570 columns and 161760 nonzeros
Model fingerprint: 0xd48f35bc
Variable types: 3424 continuous, 2146 integer (2146 binary)
Coefficient statistics:
  Matrix range     [8e-03, 2e+03]
  Objective range  [5e-01, 1e+00]
  Bounds range     [1e+00, 5e+01]
  RHS range        [1e-02, 5e+02]

User MIP start did not produce a new incumbent solution

Presolve removed 2922 rows and 950 columns
Presolve time: 2.62s
Presolved: 7572 rows, 4620 columns, 141299 nonzeros
Variable types: 2801 continuous, 1819 integer (1819 binary)
Root relaxation presolve removed 298 rows and 232 columns
Root relaxation presolved: 7274 rows, 4388 columns, 107689 nonzeros


Root simplex log...

Iteration    Objective       Primal Inf.    Dual Inf.      Time
    4293    7.8358110e+01   3.810442e+04   0.000000e+00      5s
    8590    9.9093963e+01   0.000000e+00   0.000000e+00      7s
    8590    9.9093963e+01   0.000000e+00   0.000000e+00      7s

Root relaxation: objective 9.909396e+01, 8590 iterations, 3.40 seconds (2.11 work units)
Another try with MIP start

    Nodes    |    Current Node    |     Objective Bounds      |     Work
 Expl Unexpl |  Obj  Depth IntInf | Incumbent    BestBd   Gap | It/Node Time

     0     0   99.09396    0 1008          -   99.09396      -     -    8s
     0     0  103.04719    0  689          -  103.04719      -     -   13s
     0     0  103.04942    0  684          -  103.04942      -     -   14s
     0     0  103.04943    0  679          -  103.04943      -     -   14s
     0     0  104.33013    0  650          -  104.33013      -     -   16s
     0     0  104.34165    0  692          -  104.34165      -     -   16s
     0     0  104.34677    0  720          -  104.34677      -     -   16s
     0     0  104.34677    0  715          -  104.34677      -     -   16s
     0     0  105.73734    0  627          -  105.73734      -     -   19s
     0     0  105.79501    0  666          -  105.79501      -     -   20s
     0     0  105.80080    0  658          -  105.80080      -     -   20s
     0     0  105.80101    0  656          -  105.80101      -     -   20s
     0     0  106.59101    0  538          -  106.59101      -     -   22s
     0     0  106.63201    0  500          -  106.63201      -     -   23s
     0     0  106.63933    0  531          -  106.63933      -     -   23s
     0     0  106.63964    0  523          -  106.63964      -     -   23s
     0     0  107.08309    0  453          -  107.08309      -     -   25s
     0     0  107.11451    0  443          -  107.11451      -     -   25s
     0     0  107.11801    0  456          -  107.11801      -     -   25s
     0     0  107.11801    0  455          -  107.11801      -     -   25s
     0     0  107.29526    0  437          -  107.29526      -     -   27s
     0     0  107.30218    0  422          -  107.30218      -     -   28s
     0     0  107.30336    0  429          -  107.30336      -     -   28s
     0     0  107.35532    0  387          -  107.35532      -     -   30s
     0     0  107.35689    0  410          -  107.35689      -     -   31s
     0     0  107.39884    0  408          -  107.39884      -     -   33s
     0     0  107.40099    0  409          -  107.40099      -     -   34s
     0     0  107.40795    0  475          -  107.40795      -     -   35s
     0     0  107.40856    0  437          -  107.40856      -     -   35s
     0     0  107.44466    0  404          -  107.44466      -     -   37s
     0     0  107.45337    0  417          -  107.45337      -     -   37s
     0     0  107.45353    0  429          -  107.45353      -     -   37s
     0     0  107.46851    0  409          -  107.46851      -     -   38s
     0     0  107.47011    0  383          -  107.47011      -     -   38s
     0     0  107.47394    0  355          -  107.47394      -     -   40s
     0     0  107.47443    0  393          -  107.47443      -     -   40s
     0     0  107.48308    0  343          -  107.48308      -     -   41s
H    0     0                     161.2046859  107.48308  33.3%     -   42s
     0     0  107.48308    0  225  161.20469  107.48308  33.3%     -   43s
H    0     2                     148.9964370  107.48308  27.9%     -   45s
     0     2  107.48308    0  225  148.99644  107.48308  27.9%     -   45s
    15    32  107.52763    4  403  148.99644  107.50079  27.9%   521   50s
H   31    48                     148.3855160  107.50766  27.5%   443   51s
H   32    48                     145.7692667  107.50783  26.2%   440   51s
H   33    48                     134.8618230  107.51197  20.3%   466   52s
    63    80  107.57013    7  420  134.86182  107.51553  20.3%   423   55s
H   79    96                     134.5139622  107.51644  20.1%   417   57s
H   83    96                     134.4592519  107.51715  20.0%   412   57s
H   87    96                     134.3771138  107.51715  20.0%   415   57s
H  130   147                     120.1933052  107.52151  10.5%   396   62s
H  132   147                     120.1922051  107.52155  10.5%   395   62s
H  183   200                     120.1712602  107.52425  10.5%   387   73s
H  183   200                     119.9285330  107.52425  10.3%   387   73s
H  184   200                     119.7381318  107.52489  10.2%   386   73s
H  194   200                     119.6141130  107.52562  10.1%   394   73s
   218   237  107.52776   16  446  119.61411  107.52615  10.1%   385   76s
H  236   264                     119.6141128  107.52776  10.1%   395   77s
H  237   264                     119.5921136  107.52776  10.1%   395   77s
H  244   264                     119.4809898  107.52934  10.0%   389   77s
   294   311  109.47876   21  334  119.48099  107.58444  10.0%   387   80s
H  295   311                     119.4285832  107.58444  9.92%   386   80s
H  362   374                     119.4285830  107.59107  9.91%   365   82s
   422   439  107.59989   27  392  119.42858  107.59941  9.90%   357   91s
H  425   439                     119.3981969  107.59989  9.88%   357   91s
   465   509  107.61238   29  419  119.39820  107.60905  9.87%   353   95s
   684   756  107.71819   25  308  119.39820  107.63243  9.85%   346  101s
   864   927  107.71774   33  279  119.39820  107.63920  9.85%   325  105s
  1127  1335  107.65079   22  426  119.39820  107.64865  9.84%   310  111s
  1553  1675  112.45893   21  253  119.39820  107.65288  9.84%   269  116s
  1910  2088  107.65569   40  441  119.39820  107.65364  9.84%   254  122s
  2100  2089  107.67682   11  225  119.39820  107.65575  9.83%   247  136s
  2102  2090  109.58120   34  193  119.39820  107.65575  9.83%   247  141s
  2103  2091  108.74783   16  212  119.39820  107.65575  9.83%   247  150s
  2109  2095  107.68195   25  451  119.39820  107.65575  9.83%   246  155s
  2110  2096  110.36748   33  313  119.39820  107.65575  9.83%   246  164s
  2112  2097  109.72880   41  331  119.39820  107.65575  9.83%   246  168s
  2113  2098  107.68596   29  321  119.39820  107.65575  9.83%   246  177s
  2116  2100  107.67322   28  398  119.39820  107.65575  9.83%   246  182s
  2117  2100  109.83543   36  279  119.39820  107.65575  9.83%   245  186s
  2120  2102  108.65375   10  283  119.39820  107.65575  9.83%   245  199s
  2121  2103  109.81124   40  324  119.39820  107.65575  9.83%   245  202s
  2122  2104  109.92307   42  321  119.39820  107.65575  9.83%   245  207s
  2124  2105  109.57571   31  292  119.39820  107.65575  9.83%   245  214s
  2127  2107  109.58885   32  425  119.39820  107.65575  9.83%   244  218s
  2128  2108  109.85802   41  318  119.39820  107.65575  9.83%   244  222s
  2131  2110  107.67743   12  459  119.39820  107.65575  9.83%   244  226s
  2132  2110  110.34711   23  371  119.39820  107.65575  9.83%   244  230s
  2134  2112  107.69826   35  431  119.39820  107.65715  9.83%   244  239s
  2135  2112  108.74766   33  476  119.39820  107.65839  9.83%   243  240s
  2137  2114  107.68607   47  328  119.39820  107.66168  9.83%   243  250s
  2140  2116  107.68151   45  289  119.39820  107.66663  9.83%   243  259s
  2141  2116  110.66873   27  348  119.39820  107.66797  9.82%   243  260s
  2143  2118  112.83530   21  327  119.39820  107.67061  9.82%   243  268s
  2144  2118  107.67818   32  391  119.39820  107.67100  9.82%   242  271s
  2145  2119  107.68763   42  416  119.39820  107.67287  9.82%   242  276s
  2147  2120  107.72598   24  428  119.39820  107.67340  9.82%   242  286s
  2148  2121  109.51085   39  425  119.39820  107.67340  9.82%   242  290s
  2150  2125  107.67960   12  417  119.39820  107.67960  9.81%   269  311s
  2152  2128  107.68535   13  315  119.39820  107.68535  9.81%   270  327s
  2156  2132  107.69828   14  423  119.39820  107.69828  9.80%   270  334s
  2163  2142  109.75713   15  369  119.39820  107.70224  9.80%   272  337s
  2192  2160  107.74271   17  405  119.39820  107.73813  9.77%   276  340s
  2208  2171  107.76054   18  401  119.39820  107.73828  9.77%   276  345s
  2240  2198  107.74876   20  379  119.39820  107.74307  9.76%   283  351s
  2262  2207  107.79272   21  356  119.39820  107.75516  9.75%   285  358s
  2278  2225  107.76658   23  442  119.39820  107.76198  9.75%   285  365s
H 2286  2115                     119.3908995  107.76780  9.74%   284  365s
  2326  2143  107.77853   26  449  119.39090  107.77853  9.73%   283  377s
  2342  2171  107.77898   27  448  119.39090  107.77898  9.73%   286  381s
H 2394  2081                     119.3908987  107.77983  9.73%   286  383s
  2406  2116  107.79041   32  359  119.39090  107.78235  9.72%   287  386s
  2445  2119  107.85681   35  360  119.39090  107.78824  9.72%   288  393s
H 2452  2020                     110.9187642  107.78847  2.82%   289  393s
  2507  2043 infeasible   39       110.91876  107.79618  2.82%   290  396s
H 2509  1951                     108.8513808  107.79707  0.97%   290  396s
H 2529  1857                     108.7124441  107.79822  0.84%   290  396s
H 2572  1760                     108.5729009  107.79972  0.71%   289  396s
H 2631  1712                     108.5680570  107.80429  0.70%   289  399s
H 2683  1620                     108.5297743  107.80660  0.67%   290  399s
  2727  1676  107.82153   37  414  108.52977  107.80799  0.67%   289  401s
  2939  1939 infeasible   22       108.52977  107.81531  0.66%   288  409s
  3278  1828  107.87100   32  225  108.52977  107.81823  0.66%   274  417s
  3280  1829  107.86288   22  236  108.52977  107.81823  0.66%   274  421s
  3281  1830  108.00783   30  272  108.52977  107.81823  0.66%   274  427s
  3287  1834  107.86265   29  333  108.52977  107.81823  0.66%   274  430s
  3288  1835  107.91017   42  296  108.52977  107.81823  0.66%   274  436s
  3291  1837  107.91870   50  316  108.52977  107.81823  0.66%   273  445s
  3293  1838  107.88572   26  313  108.52977  107.81823  0.66%   273  452s
  3295  1839  107.97602   32  310  108.52977  107.81823  0.66%   273  459s
  3296  1840  107.88040   28  333  108.52977  107.81823  0.66%   273  462s
  3297  1841  107.85409   24  329  108.52977  107.81823  0.66%   273  468s
  3298  1841  107.88703   41  364  108.52977  107.81823  0.66%   273  470s
  3299  1842  107.91568   34  333  108.52977  107.81823  0.66%   273  478s
  3300  1843  107.96334   43  333  108.52977  107.81823  0.66%   273  481s
  3302  1847  107.81823   21  310  108.52977  107.81823  0.66%   284  492s
  3304  1850  107.81947   22  371  108.52977  107.81947  0.65%   284  502s
  3308  1856  107.82684   23  364  108.52977  107.82684  0.65%   284  507s
  3316  1868  107.83552   24  360  108.52977  107.82684  0.65%   284  510s
  3395  1902  107.84643   29  454  108.52977  107.83349  0.64%   284  515s
H 3443  1827                     108.5143501  107.86079  0.60%   284  517s
H 3448  1737                     108.4887284  107.86079  0.58%   284  517s
H 3489  1683                     108.3799531  107.86236  0.48%   283  524s

Cutting planes:
  Gomory: 224
  Lift-and-project: 17
  Cover: 34
  Implied bound: 125
  Clique: 10
  MIR: 473
  StrongCG: 1
  Flow cover: 839
  GUB cover: 1
  Inf proof: 5
  Zero half: 11
  Network: 1
  RLT: 50
  Relax-and-lift: 45

Explored 3506 nodes (1019763 simplex iterations) in 524.53 seconds (240.53 work units)
Thread count was 32 (of 32 available processors)

Solution count 10: 108.38 108.489 108.514 ... 110.919

Optimal solution found (tolerance 5.00e-03)
Best objective 1.083799531026e+02, best bound 1.078654507381e+02, gap 0.4747%
