
Gurobi 9.5.2 (linux64) logging started Mon Aug  3 12:34:39 2026

Set parameter LogFile to value "logs/oracle_RshortCmanyTlarge_4__cs30_gurobi.log"
Gurobi Optimizer version 9.5.2 build v9.5.2rc0 (linux64)
Thread count: 16 physical cores, 32 logical processors, using up to 32 threads
Optimize a model with 2813 rows, 1571 columns and 16614 nonzeros
Model fingerprint: 0x1acce29b
Variable types: 957 continuous, 614 integer (614 binary)
Coefficient statistics:
  Matrix range     [3e-02, 5e+02]
  Objective range  [1e+00, 1e+00]
  Bounds range     [1e+00, 2e+01]
  RHS range        [1e-02, 5e+02]

User MIP start produced solution with objective 43.1797 (0.01s)
Loaded user MIP start with objective 43.1797

Presolve removed 971 rows and 408 columns
Presolve time: 0.17s
Presolved: 1842 rows, 1163 columns, 10611 nonzeros
Variable types: 708 continuous, 455 integer (453 binary)
Root relaxation presolve removed 48 rows and 48 columns
Root relaxation presolved: 1794 rows, 1115 columns, 10515 nonzeros

Extra simplex iterations after uncrush: 2

Root relaxation: objective 3.487926e+01, 1327 iterations, 0.14 seconds (0.05 work units)

    Nodes    |    Current Node    |     Objective Bounds      |     Work
 Expl Unexpl |  Obj  Depth IntInf | Incumbent    BestBd   Gap | It/Node Time

     0     0   34.87926    0   99   43.17970   34.87926  19.2%     -    0s
     0     0   34.93365    0  126   43.17970   34.93365  19.1%     -    0s
     0     0   34.93802    0  126   43.17970   34.93802  19.1%     -    1s
     0     0   34.99653    0  138   43.17970   34.99653  19.0%     -    1s
     0     0   35.00650    0  144   43.17970   35.00650  18.9%     -    1s
     0     0   35.09266    0  134   43.17970   35.09266  18.7%     -    2s
     0     0   35.11194    0  146   43.17970   35.11194  18.7%     -    2s
     0     0   35.11563    0  154   43.17970   35.11563  18.7%     -    2s
     0     0   35.11718    0  158   43.17970   35.11718  18.7%     -    2s
     0     0   35.11758    0  162   43.17970   35.11758  18.7%     -    2s
     0     0   35.11766    0  162   43.17970   35.11766  18.7%     -    2s
     0     0   35.16008    0  114   43.17970   35.16008  18.6%     -    3s
     0     0   35.16843    0  142   43.17970   35.16843  18.6%     -    3s
     0     0   35.17139    0  129   43.17970   35.17139  18.5%     -    3s
     0     0   35.17197    0  132   43.17970   35.17197  18.5%     -    3s
     0     0   35.17200    0  138   43.17970   35.17200  18.5%     -    3s
     0     0   35.18757    0  143   43.17970   35.18757  18.5%     -    4s
     0     0   35.19003    0  136   43.17970   35.19003  18.5%     -    4s
     0     0   35.19020    0  142   43.17970   35.19020  18.5%     -    4s
     0     0   35.25097    0  168   43.17970   35.25097  18.4%     -    5s
     0     0   35.27455    0  164   43.17970   35.27455  18.3%     -    5s
     0     2   35.27455    0  152   43.17970   35.27455  18.3%     -    5s
H   79    96                      43.0781864   35.40915  17.8%   245    9s
H   82    96                      42.6496361   35.49251  16.8%   245    9s
H   83    96                      42.2888539   35.49251  16.1%   245    9s
H  127   144                      42.2757626   35.59069  15.8%   230   10s
H  127   144                      41.7810834   35.59069  14.8%   230   10s
H  136   144                      40.4890008   35.66401  11.9%   227   10s
H  141   144                      38.4056675   35.66401  7.14%   224   10s
H  186   194                      38.3775012   35.86330  6.55%   206   11s
H  226   240                      38.2819162   35.92370  6.16%   196   12s
H  231   240                      38.2432975   35.92710  6.06%   195   12s
H  343   340                      37.9757200   36.07728  5.00%   180   14s
   345   356   36.08850   24  162   37.97572   36.08129  4.99%   182   15s
H  356   356                      37.9017264   36.08850  4.78%   183   15s
  1389  1423   36.84944   11   99   37.90173   36.31543  4.19%   123   20s
H 2041  1743                      36.9594275   36.36612  1.61%   111   23s
  2044  1745   36.51298   23  108   36.95943   36.36612  1.61%   111   25s
  2052  1751   36.41886   15  147   36.95943   36.36612  1.61%   110   30s
  2055  1753   36.52752   12  108   36.95943   36.36612  1.61%   110   35s
  2065  1760   36.56048   27   21   36.95943   36.36612  1.61%   113   40s
  2070  1764   36.55045   22   51   36.95943   36.36612  1.61%   112   45s
H 2070  1675                      36.9548508   36.36612  1.59%   112   45s
H 2101  1600                      36.6542696   36.37064  0.77%   119   49s

Cutting planes:
  Gomory: 44
  Lift-and-project: 2
  Cover: 15
  Implied bound: 38
  Projected implied bound: 8
  MIR: 191
  Flow cover: 372
  RLT: 30
  Relax-and-lift: 25

Explored 2154 nodes (258408 simplex iterations) in 49.62 seconds (12.96 work units)
Thread count was 32 (of 32 available processors)

Solution count 10: 36.6543 36.9549 36.9594 ... 38.4057

Optimal solution found (tolerance 5.00e-03)
Best objective 3.665426962292e+01, best bound 3.648691988634e+01, gap 0.4566%
