
Gurobi 9.5.2 (linux64) logging started Fri Aug 14 09:40:00 2026

Set parameter LogFile to value "/mnt/beegfs/users/celinep/ChargeAndBreak/logs/oracle_RlongCmanyTtight_6__kwh700_gurobi.log"
Gurobi Optimizer version 9.5.2 build v9.5.2rc0 (linux64)
Thread count: 16 physical cores, 32 logical processors, using up to 32 threads
Optimize a model with 8063 rows, 4249 columns and 127882 nonzeros
Model fingerprint: 0xcbddb30d
Variable types: 2678 continuous, 1571 integer (1571 binary)
Coefficient statistics:
  Matrix range     [3e-02, 2e+03]
  Objective range  [5e-01, 1e+00]
  Bounds range     [1e+00, 5e+01]
  RHS range        [6e-03, 7e+02]

User MIP start did not produce a new incumbent solution

Presolve removed 2503 rows and 792 columns
Presolve time: 2.51s
Presolved: 5560 rows, 3457 columns, 116044 nonzeros
Variable types: 2062 continuous, 1395 integer (1395 binary)
Root relaxation presolve removed 156 rows and 98 columns
Root relaxation presolved: 5404 rows, 3359 columns, 88290 nonzeros

Extra simplex iterations after uncrush: 1

Root relaxation: objective 9.009178e+01, 3838 iterations, 0.99 seconds (0.61 work units)
Another try with MIP start

    Nodes    |    Current Node    |     Objective Bounds      |     Work
 Expl Unexpl |  Obj  Depth IntInf | Incumbent    BestBd   Gap | It/Node Time

     0     0   90.09178    0  389          -   90.09178      -     -    4s
     0     0   91.67060    0  335          -   91.67060      -     -    6s
     0     0   91.69718    0  348          -   91.69718      -     -    7s
     0     0   91.69723    0  351          -   91.69723      -     -    7s
     0     0   92.05637    0  420          -   92.05637      -     -    8s
     0     0   92.08399    0  424          -   92.08399      -     -    9s
     0     0   92.09248    0  424          -   92.09248      -     -    9s
     0     0   92.09356    0  402          -   92.09356      -     -    9s
     0     0   92.09368    0  399          -   92.09368      -     -    9s
     0     0   92.29761    0  397          -   92.29761      -     -   11s
     0     0   92.30953    0  487          -   92.30953      -     -   11s
     0     0   92.31145    0  493          -   92.31145      -     -   11s
     0     0   92.31225    0  490          -   92.31225      -     -   11s
     0     0   92.31227    0  480          -   92.31227      -     -   11s
     0     0   92.41279    0  438          -   92.41279      -     -   14s
     0     0   92.42142    0  466          -   92.42142      -     -   14s
     0     0   92.42240    0  492          -   92.42240      -     -   14s
     0     0   92.42243    0  496          -   92.42243      -     -   14s
     0     0   92.63019    0  446          -   92.63019      -     -   16s
     0     0   92.65860    0  446          -   92.65860      -     -   16s
     0     0   92.66473    0  447          -   92.66473      -     -   16s
     0     0   92.66509    0  446          -   92.66509      -     -   16s
     0     0   92.89984    0  427          -   92.89984      -     -   19s
     0     0   92.92004    0  444          -   92.92004      -     -   19s
     0     0   92.92489    0  471          -   92.92489      -     -   19s
     0     0   92.92561    0  459          -   92.92561      -     -   19s
     0     0   92.92575    0  458          -   92.92575      -     -   19s
     0     0   93.05487    0  454          -   93.05487      -     -   22s
     0     0   93.07508    0  464          -   93.07508      -     -   22s
     0     0   93.07852    0  465          -   93.07852      -     -   22s
     0     0   93.07907    0  468          -   93.07907      -     -   22s
     0     0   93.10580    0  378          -   93.10580      -     -   24s
     0     0   93.10937    0  419          -   93.10937      -     -   25s
     0     0   93.11047    0  417          -   93.11047      -     -   25s
     0     0   93.11080    0  424          -   93.11080      -     -   25s
     0     0   93.14011    0  429          -   93.14011      -     -   27s
     0     0   93.14471    0  436          -   93.14471      -     -   28s
     0     0   93.14525    0  444          -   93.14525      -     -   28s
     0     0   93.15900    0  438          -   93.15900      -     -   30s
     0     0   93.16173    0  448          -   93.16173      -     -   30s
     0     0   93.16228    0  449          -   93.16228      -     -   30s
     0     0   93.17619    0  416          -   93.17619      -     -   32s
     0     0   93.17779    0  413          -   93.17779      -     -   32s
     0     0   93.17793    0  425          -   93.17793      -     -   32s
     0     0   93.19351    0  418          -   93.19351      -     -   35s
     0     0   93.19737    0  431          -   93.19737      -     -   35s
     0     0   93.20087    0  454          -   93.20087      -     -   35s
     0     0   93.20136    0  457          -   93.20136      -     -   35s
     0     0   93.21518    0  418          -   93.21518      -     -   36s
     0     0   93.21828    0  424          -   93.21828      -     -   36s
     0     0   93.21921    0  432          -   93.21921      -     -   37s
     0     0   93.21923    0  439          -   93.21923      -     -   37s
H    0     0                     152.5481061   93.21923  38.9%     -   38s
     0     0   93.23825    0  435  152.54811   93.23825  38.9%     -   38s
H    0     0                     141.3814395   93.24989  34.0%     -   39s
     0     0   93.24989    0  399  141.38144   93.24989  34.0%     -   39s
     0     0   93.25050    0  442  141.38144   93.25050  34.0%     -   39s
     0     0   93.27374    0  422  141.38144   93.27374  34.0%     -   41s
     0     0   93.27721    0  404  141.38144   93.27721  34.0%     -   41s
     0     0   93.27779    0  457  141.38144   93.27779  34.0%     -   41s
     0     0   93.28756    0  442  141.38144   93.28756  34.0%     -   42s
     0     0   93.28979    0  460  141.38144   93.28979  34.0%     -   43s
     0     0   93.29027    0  480  141.38144   93.29027  34.0%     -   43s
H    0     0                     136.4484125   93.29027  31.6%     -   45s
     0     0   93.31257    0  440  136.44841   93.31257  31.6%     -   45s
     0     0   93.31583    0  457  136.44841   93.31583  31.6%     -   45s
     0     0   93.31694    0  478  136.44841   93.31694  31.6%     -   45s
     0     0   93.31731    0  484  136.44841   93.31731  31.6%     -   45s
     0     0   93.37445    0  408  136.44841   93.37445  31.6%     -   47s
     0     0   93.37972    0  488  136.44841   93.37972  31.6%     -   47s
     0     0   93.38067    0  447  136.44841   93.38067  31.6%     -   47s
     0     0   93.39663    0  449  136.44841   93.39663  31.6%     -   49s
H    0     0                     134.2857434   93.39663  30.4%     -   50s
     0     0   93.39859    0  455  134.28574   93.39859  30.4%     -   50s
     0     0   93.39928    0  445  134.28574   93.39928  30.4%     -   50s
     0     0   93.41105    0  440  134.28574   93.41105  30.4%     -   52s
     0     0   93.41170    0  443  134.28574   93.41170  30.4%     -   52s
     0     0   93.42044    0  425  134.28574   93.42044  30.4%     -   54s
     0     0   93.42044    0  341  134.28574   93.42044  30.4%     -   56s
H    0     0                     132.2857434   93.42044  29.4%     -   57s
     0     2   93.42044    0  324  132.28574   93.42044  29.4%     -   57s
     3     8   93.46005    2  411  132.28574   93.43515  29.4%   380   60s
    31    48   93.49961    5  448  132.28574   93.49264  29.3%   762   66s
H   33    48                     120.4026796   93.49961  22.3%   754   66s
H   38    48                     119.9046713   93.49961  22.0%   736   66s
    63    80   93.53561    7  398  119.90467   93.52835  22.0%   823   71s
H   86    96                     119.5528394   93.66985  21.6%   773   73s
   111   128   93.78110   10  377  119.55284   93.73804  21.6%   766   76s
H  127   144                     118.8812327   93.75182  21.1%   750   79s
H  128   144                     118.7501115   93.75228  21.1%   746   79s
H  136   144                     118.6153647   93.75424  21.0%   767   79s
   143   160   93.93583   12  469  118.61536   93.75430  21.0%   778   80s
   176   193   94.48869   14  349  118.61536   93.78735  20.9%   787  102s
H  178   193                     118.4486981   93.81184  20.8%   780  102s
H  187   193                     117.1153647   93.81184  19.9%   775  102s
H  191   193                     115.6153647   93.81184  18.9%   773  102s
   192   209   93.87521   15  461  115.61536   93.81227  18.9%   775  105s
H  224   241                     104.4290626   93.89762  10.1%   812  111s
   256   275   94.15422   19  443  104.42906   94.10222  9.89%   839  116s
   302   330   94.16619   21  442  104.42906   94.16492  9.83%   830  122s
   346   383   96.80639   24  328  104.42906   94.17967  9.81%   851  127s
   429   482   96.45748   27  343  104.42906   94.31576  9.68%   787  132s
   539   596   94.62064   38  243  104.42906   94.38296  9.62%   740  135s
   785   834   94.51390   15  408  104.42906   94.49225  9.52%   642  141s
   916   912   94.53675   19  388  104.42906   94.53206  9.48%   606  166s
H  918   901                     103.6847006   94.53206  8.83%   606  166s
H  925   901                     103.6193207   94.53728  8.76%   608  166s
  1016  1082   94.56579   42  275  103.61932   94.54237  8.76%   585  172s
  1125  1229   95.66762   15  266  103.61932   94.55101  8.75%   559  175s
  1385  1449   94.59941   16  406  103.61932   94.56866  8.73%   504  180s
  1631  1699   94.58829   19  275  103.61932   94.58816  8.72%   471  185s
  1915  2000   96.50129   24  253  103.61932   94.60177  8.70%   441  190s
  2107  2001   97.62309   18  341  103.61932   94.60622  8.70%   418  227s
  2109  2002   94.92880   35  388  103.61932   94.60622  8.70%   418  232s
  2110  2003   95.33224   32  234  103.61932   94.60622  8.70%   418  235s
  2117  2008   95.06175   35  415  103.61932   94.60622  8.70%   416  240s
  2119  2009   96.31879   19  323  103.61932   94.60622  8.70%   416  247s
  2125  2013   95.24877   28  430  103.61932   94.60622  8.70%   415  252s
  2126  2014   95.01958   25  354  103.61932   94.60622  8.70%   414  260s
  2128  2015   95.08614   26  348  103.61932   94.60622  8.70%   414  270s
H 2130  1914                     103.5589142   94.60622  8.65%   414  275s
  2132  1916   94.69661   26  356  103.55891   94.60622  8.65%   413  283s
  2135  1918   94.97872   28  481  103.55891   94.60622  8.65%   413  288s
  2136  1918   96.54374    8  427  103.55891   94.60622  8.65%   412  297s
  2137  1919   94.75491   32  485  103.55891   94.60622  8.65%   412  300s
H 2137  1823                     103.5439694   94.60622  8.63%   412  302s
  2138  1824   99.36253   12  341  103.54397   94.60622  8.63%   412  308s
  2139  1824   96.18746   19  340  103.54397   94.60622  8.63%   412  313s
  2140  1825   95.21136   36  340  103.54397   94.60622  8.63%   412  316s
  2141  1829   94.60622   10  334  103.54397   94.60622  8.63%   423  331s
  2143  1831   94.69010   11  375  103.54397   94.60622  8.63%   424  352s
  2147  1835   94.69080   12  435  103.54397   94.69026  8.55%   425  359s
  2154  1838   94.70111   13  453  103.54397   94.69148  8.55%   428  367s
  2166  1847   94.92807   14  442  103.54397   94.73465  8.51%   430  371s
  2198  1860   94.85294   16  445  103.54397   94.83825  8.41%   438  377s
  2214  1864   94.85829   17  460  103.54397   94.85311  8.39%   444  380s
H 2232  1780                     103.5343202   94.85850  8.38%   446  384s
H 2234  1693                     103.5320314   94.85850  8.38%   447  384s
  2248  1702   97.00870   19  315  103.53203   94.85850  8.38%   452  386s
H 2285  1638                     103.4486981   94.85874  8.30%   458  393s
  2304  1648   94.85886   22  500  103.44870   94.85881  8.30%   463  397s
  2325  1658   94.85888   23  496  103.44870   94.85888  8.30%   467  401s
  2344  1662   94.86124   24  489  103.44870   94.86124  8.30%   471  405s
H 2346  1582                     103.2620414   94.86775  8.13%   471  405s
  2360  1587   94.87194   25  497  103.26204   94.87194  8.13%   477  410s
  2379  1590   94.87240   26  496  103.26204   94.87240  8.12%   477  416s
H 2385  1513                     103.2375822   94.87241  8.10%   477  416s
H 2392  1440                     103.0953747   94.87241  7.98%   479  416s
  2399  1448   94.92338   27  431  103.09537   94.87241  7.98%   479  428s
H 2404  1379                     103.0113431   94.87256  7.90%   479  428s
  2416  1403   94.87271   28  475  103.01134   94.87258  7.90%   480  439s
  2456  1417   94.93607   29  338  103.01134   94.87463  7.90%   483  443s
  2488  1436   94.94319   31  410  103.01134   94.87754  7.90%   487  446s
  2594  1493   95.39150   36  451  103.01134   94.90630  7.87%   484  453s
  2640  1532   96.78619   38  302  103.01134   94.95632  7.82%   487  455s
  2723  1532   95.40413   40  289  103.01134   94.97112  7.81%   485  461s
  2767  1537   95.08682   47  326  103.01134   95.03342  7.74%   485  473s
  2809  1563   95.08742   49  325  103.01134   95.08742  7.69%   487  477s
  2859  1660   95.11776   51  314  103.01134   95.10496  7.68%   486  480s
  3075  1722     cutoff   37       103.01134   95.15871  7.62%   478  485s
  3183  1705     cutoff   51       103.01134   95.17399  7.61%   476  499s
  3230  1705   95.67963   38  456  103.01134   95.18431  7.60%   482  509s
  3281  1714   95.23654   33  338  103.01134   95.19623  7.59%   485  516s
  3323  1800   95.20466   58  375  103.01134   95.20466  7.58%   486  520s
  3463  1775   98.80092   61  271  103.01134   95.20955  7.57%   484  536s
H 3490  1699                     102.7259907   95.22371  7.30%   489  536s
  3499  1692   96.04150   56  444  102.72599   95.22970  7.30%   492  548s
  3530  1702   95.23034   58  382  102.72599   95.23034  7.30%   495  554s
  3588  1700   96.58627   59  357  102.72599   95.24579  7.28%   499  563s
  3642  1711     cutoff   37       102.72599   95.26913  7.26%   502  571s
  3713  1693 infeasible   40       102.72599   95.27953  7.25%   505  618s
H 3715  1629                     102.6042250   95.27953  7.14%   504  618s
H 3718  1570                     102.5797659   95.27967  7.12%   504  618s
  3740  1607   96.09765   55  255  102.57977   95.28958  7.11%   507  629s
  3819  1615 infeasible   50       102.57977   95.31538  7.08%   506  636s
  3903  1628 infeasible   40       102.57977   95.33203  7.07%   505  643s
  4010  1625   95.35184   38  345  102.57977   95.34511  7.05%   503  652s
  4106  1808   95.41145   25  365  102.57977   95.36835  7.03%   502  657s
  4406  1921 infeasible   44       102.57977   95.38005  7.02%   487  661s
  4714  1823   99.60087   26  315  102.57977   95.41427  6.99%   475  667s
  4803  1812     cutoff   49       102.57977   95.43300  6.97%   479  673s
  4894  1810 infeasible   66       102.57977   95.46053  6.94%   484  679s
  4996  2002 infeasible   68       102.57977   95.47919  6.92%   486  684s
  5317  1948   96.51214   41  380  102.57977   95.49780  6.90%   474  690s
  5426  2204   95.76079   30  362  102.57977   95.50668  6.90%   475  695s
  5800  2238   95.54634   41  345  102.57977   95.52538  6.88%   461  703s
  5916  2503   95.54813   27  344  102.57977   95.52720  6.88%   461  709s
  6283  2495 infeasible   47       102.57977   95.54409  6.86%   453  719s
H 6304  2495                     102.5797659   95.55443  6.85%   454  719s
  6333  2467   95.83243   49  250  102.57977   95.56172  6.84%   455  728s
  6401  2485     cutoff   59       102.57977   95.57811  6.83%   456  737s
  6507  2531 infeasible   46       102.57977   95.59348  6.81%   458  756s
  6644  2544   95.76732   26  360  102.57977   95.61405  6.79%   462  764s
  6716  2544 infeasible   56       102.57977   95.62172  6.78%   468  765s
  6761  2559 infeasible   42       102.57977   95.62522  6.78%   468  773s
  6894  2637 infeasible   55       102.57977   95.63925  6.77%   472  782s
  7136  2631 infeasible   44       102.57977   95.65387  6.75%   472  794s
  7243  2661   95.70416   50  479  102.57977   95.67162  6.73%   478  809s
  7293  2661   95.69929   43  325  102.57977   95.67784  6.73%   478  810s
  7340  2969   95.78003   48  431  102.57977   95.68116  6.73%   481  824s
  7749  2978   97.64705   49  249  102.57977   95.70781  6.70%   471  836s
