
Gurobi 9.5.2 (linux64) logging started Thu Aug 13 02:22:14 2026

Set parameter LogFile to value "/mnt/beegfs/users/celinep/ChargeAndBreak/logs/oracle_RmediumCfewTtight_20__kw150_gurobi.log"
Gurobi Optimizer version 9.5.2 build v9.5.2rc0 (linux64)
Thread count: 16 physical cores, 32 logical processors, using up to 32 threads
Optimize a model with 6028 rows, 3174 columns and 75927 nonzeros
Model fingerprint: 0x93b7411f
Variable types: 2004 continuous, 1170 integer (1170 binary)
Coefficient statistics:
  Matrix range     [2e-02, 1e+03]
  Objective range  [5e-01, 1e+00]
  Bounds range     [1e+00, 4e+01]
  RHS range        [2e-02, 5e+02]

User MIP start did not produce a new incumbent solution

Presolve removed 1960 rows and 644 columns
Presolve time: 0.68s
Presolved: 4068 rows, 2530 columns, 65475 nonzeros
Variable types: 1518 continuous, 1012 integer (1012 binary)
Found heuristic solution: objective 1280.5461360
Root relaxation presolve removed 179 rows and 68 columns
Root relaxation presolved: 3889 rows, 2462 columns, 37099 nonzeros


Root relaxation: objective 8.071068e+01, 2740 iterations, 0.44 seconds (0.33 work units)
Another try with MIP start

    Nodes    |    Current Node    |     Objective Bounds      |     Work
 Expl Unexpl |  Obj  Depth IntInf | Incumbent    BestBd   Gap | It/Node Time

     0     0   80.71068    0   28 1280.54614   80.71068  93.7%     -    1s
H    0     0                     111.0885389   80.71068  27.3%     -    1s
     0     0   80.85268    0   94  111.08854   80.85268  27.2%     -    2s
H    0     0                     110.8898660   80.85268  27.1%     -    2s
     0     0   80.91562    0  143  110.88987   80.91562  27.0%     -    2s
     0     0   80.91587    0  145  110.88987   80.91587  27.0%     -    2s
H    0     0                     109.2552056   80.91587  25.9%     -    3s
     0     0   80.97068    0  122  109.25521   80.97068  25.9%     -    3s
     0     0   80.98336    0  138  109.25521   80.98336  25.9%     -    3s
     0     0   81.00788    0  175  109.25521   81.00788  25.9%     -    4s
     0     0   81.00901    0  158  109.25521   81.00901  25.9%     -    4s
     0     0   81.03390    0  172  109.25521   81.03390  25.8%     -    5s
     0     0   81.03520    0  111  109.25521   81.03520  25.8%     -    5s
     0     0   81.06527    0   94  109.25521   81.06527  25.8%     -    5s
H    0     0                     109.1398660   81.07814  25.7%     -    5s
     0     0   81.07814    0  139  109.13987   81.07814  25.7%     -    5s
H    0     0                     109.1238484   81.07814  25.7%     -    6s
     0     0   81.18920    0  129  109.12385   81.18920  25.6%     -    6s
     0     0   81.21418    0  106  109.12385   81.21418  25.6%     -    7s
     0     0   81.24270    0  117  109.12385   81.24270  25.6%     -    7s
     0     0   81.24352    0  124  109.12385   81.24352  25.5%     -    7s
     0     0   81.24363    0  124  109.12385   81.24363  25.5%     -    7s
     0     0   81.24696    0  159  109.12385   81.24696  25.5%     -    8s
     0     0   81.24934    0  167  109.12385   81.24934  25.5%     -    8s
     0     0   81.25117    0  125  109.12385   81.25117  25.5%     -    8s
     0     0   81.25117    0  125  109.12385   81.25117  25.5%     -    8s
     0     0   81.26291    0  164  109.12385   81.26291  25.5%     -    9s
     0     0   81.26597    0  176  109.12385   81.26597  25.5%     -    9s
     0     0   81.26631    0  180  109.12385   81.26631  25.5%     -    9s
     0     0   81.26631    0  179  109.12385   81.26631  25.5%     -    9s
H    0     0                      97.9571817   81.26631  17.0%     -   10s
     0     0   81.35484    0  141   97.95718   81.35484  16.9%     -   10s
     0     0   81.35583    0  141   97.95718   81.35583  16.9%     -   10s
     0     0   81.35612    0  144   97.95718   81.35612  16.9%     -   10s
     0     0   81.35617    0  139   97.95718   81.35617  16.9%     -   10s
     0     0   81.36157    0  140   97.95718   81.36157  16.9%     -   11s
     0     0   81.36196    0  149   97.95718   81.36196  16.9%     -   11s
     0     0   81.36219    0  142   97.95718   81.36219  16.9%     -   11s
     0     0   81.36219    0  161   97.95718   81.36219  16.9%     -   11s
     0     0   81.38412    0  167   97.95718   81.38412  16.9%     -   12s
     0     0   81.38558    0  155   97.95718   81.38558  16.9%     -   12s
     0     0   81.38558    0  155   97.95718   81.38558  16.9%     -   12s
     0     0   81.46375    0  151   97.95718   81.46375  16.8%     -   13s
     0     0   81.46375    0  128   97.95718   81.46375  16.8%     -   14s
     0     2   81.46375    0  127   97.95718   81.46375  16.8%     -   14s
     3     8   85.13482    2   71   97.95718   81.46375  16.8%   450   15s
H   79    96                      97.7183236   81.46375  16.6%   314   18s
H   82    96                      97.6474299   81.46375  16.6%   317   18s
H   89    94                      86.0516569   81.46375  5.33%   319   18s
   128    91   81.46375   11  193   86.05166   81.46375  5.33%   293   20s
H  189   130                      85.9683236   81.48786  5.21%   291   22s
   297   200   81.60843   20  221   85.96832   81.51059  5.19%   268   25s
   645   345 infeasible   13        85.96832   81.65458  5.02%   228   30s
  1150   480   81.73255   26  175   85.96832   81.69490  4.97%   194   35s
  1715   630     cutoff   36        85.96832   81.83023  4.81%   173   41s
H 1761   630                      85.9650586   81.85208  4.78%   175   41s
  2103   360     cutoff   18        85.96506   83.39028  3.00%   170   45s

Cutting planes:
  Learned: 6
  Gomory: 15
  Lift-and-project: 59
  Cover: 91
  Implied bound: 327
  Clique: 6
  MIR: 1459
  StrongCG: 4
  Flow cover: 1885
  GUB cover: 1
  Zero half: 63
  Network: 13
  RLT: 211
  Relax-and-lift: 81

Explored 2220 nodes (384396 simplex iterations) in 46.11 seconds (28.39 work units)
Thread count was 32 (of 32 available processors)

Solution count 10: 85.9651 85.9683 86.0517 ... 110.89

Optimal solution found (tolerance 5.00e-03)
Best objective 8.596505855670e+01, best bound 8.564334830045e+01, gap 0.3742%
