
Gurobi 9.5.2 (linux64) logging started Mon Aug  3 11:03:13 2026

Set parameter LogFile to value "logs/oracle_RmediumCmanyTlarge_8__diesel_gurobi.log"
Gurobi Optimizer version 9.5.2 build v9.5.2rc0 (linux64)
Thread count: 16 physical cores, 32 logical processors, using up to 32 threads
Optimize a model with 4710 rows, 2593 columns and 47860 nonzeros
Model fingerprint: 0xa070d15f
Variable types: 1622 continuous, 971 integer (971 binary)
Coefficient statistics:
  Matrix range     [2e-01, 1e+03]
  Objective range  [1e+00, 1e+00]
  Bounds range     [1e+00, 3e+01]
  RHS range        [6e-03, 5e+02]

User MIP start produced solution with objective 57.952 (0.01s)
Loaded user MIP start with objective 57.952

Presolve removed 2406 rows and 1041 columns
Presolve time: 0.37s
Presolved: 2304 rows, 1552 columns, 22881 nonzeros
Variable types: 921 continuous, 631 integer (631 binary)
Root relaxation presolve removed 1 rows and 0 columns
Root relaxation presolved: 2303 rows, 1552 columns, 22610 nonzeros


Root relaxation: objective 5.387653e+01, 1975 iterations, 0.16 seconds (0.14 work units)

    Nodes    |    Current Node    |     Objective Bounds      |     Work
 Expl Unexpl |  Obj  Depth IntInf | Incumbent    BestBd   Gap | It/Node Time

     0     0   53.87653    0   70   57.95203   53.87653  7.03%     -    0s
H    0     0                      55.4520297   53.87653  2.84%     -    1s
     0     0   53.96551    0  105   55.45203   53.96551  2.68%     -    1s
     0     0   53.96551    0  101   55.45203   53.96551  2.68%     -    1s
     0     0   54.01089    0   93   55.45203   54.01089  2.60%     -    1s
     0     0   54.02538    0   95   55.45203   54.02538  2.57%     -    1s
     0     0   54.12207    0  123   55.45203   54.12207  2.40%     -    2s
     0     0   54.12207    0   50   55.45203   54.12207  2.40%     -    2s
     0     0   54.12207    0   35   55.45203   54.12207  2.40%     -    3s
H    0     0                      55.2853630   54.12207  2.10%     -    3s
     0     0   54.17924    0   57   55.28536   54.17924  2.00%     -    3s
     0     0   54.17924    0   57   55.28536   54.17924  2.00%     -    3s
     0     0   54.18765    0   29   55.28536   54.18765  1.99%     -    3s
     0     0   54.18765    0   28   55.28536   54.18765  1.99%     -    3s
     0     0   54.19748    0   30   55.28536   54.19748  1.97%     -    4s
     0     0   54.19759    0   52   55.28536   54.19759  1.97%     -    4s
     0     0   54.21553    0   73   55.28536   54.21553  1.94%     -    5s
H    0     0                      54.5353630   54.21553  0.59%     -    5s
     0     0   54.22042    0   63   54.53536   54.22042  0.58%     -    5s
     0     0   54.22042    0   57   54.53536   54.22042  0.58%     -    5s
     0     0   54.22993    0   62   54.53536   54.22993  0.56%     -    5s
     0     0   54.22993    0   65   54.53536   54.22993  0.56%     -    5s
     0     0   54.25210    0   54   54.53536   54.25210  0.52%     -    5s
     0     0   54.25444    0   49   54.53536   54.25444  0.52%     -    5s
     0     0   54.25464    0   51   54.53536   54.25464  0.51%     -    5s
     0     0   54.25464    0   53   54.53536   54.25464  0.51%     -    5s
     0     0   54.29312    0   61   54.53536   54.29312  0.44%     -    6s

Cutting planes:
  Gomory: 26
  Lift-and-project: 15
  Cover: 25
  Implied bound: 23
  Clique: 3
  MIR: 68
  StrongCG: 2
  Flow cover: 116
  GUB cover: 1
  Zero half: 2
  RLT: 1
  Relax-and-lift: 24

Explored 1 nodes (5134 simplex iterations) in 6.18 seconds (2.21 work units)
Thread count was 32 (of 32 available processors)

Solution count 4: 54.5354 55.2854 55.452 57.952 

Optimal solution found (tolerance 5.00e-03)
Best objective 5.453536299999e+01, best bound 5.429311662290e+01, gap 0.4442%

Gurobi 11.0.0 (win64) logging started Mon Aug  3 16:01:10 2026

Set parameter LogFile to value "logs\oracle_RmediumCmanyTlarge_8__diesel_gurobi.log"
Gurobi Optimizer version 11.0.0 build v11.0.0rc2 (win64 - Windows 11+.0 (26200.2))

CPU model: 11th Gen Intel(R) Core(TM) i5-1145G7 @ 2.60GHz, instruction set [SSE2|AVX|AVX2|AVX512]
Thread count: 4 physical cores, 8 logical processors, using up to 8 threads

Optimize a model with 4710 rows, 2593 columns and 47918 nonzeros
Model fingerprint: 0x44cf47f5
Variable types: 1622 continuous, 971 integer (971 binary)
Coefficient statistics:
  Matrix range     [2e-01, 1e+03]
  Objective range  [1e+00, 1e+00]
  Bounds range     [1e+00, 3e+01]
  RHS range        [6e-03, 5e+02]

User MIP start produced solution with objective 58.2854 (0.02s)
User MIP start produced solution with objective 58.2854 (0.02s)
Loaded user MIP start with objective 58.2854

Presolve removed 2378 rows and 1009 columns
Presolve time: 0.88s
Presolved: 2332 rows, 1584 columns, 23170 nonzeros
Variable types: 924 continuous, 660 integer (660 binary)
Root relaxation presolve removed 1 rows and 0 columns
Root relaxation presolved: 2331 rows, 1584 columns, 22899 nonzeros


Root relaxation: objective 5.420585e+01, 1670 iterations, 0.31 seconds (0.11 work units)

    Nodes    |    Current Node    |     Objective Bounds      |     Work
 Expl Unexpl |  Obj  Depth IntInf | Incumbent    BestBd   Gap | It/Node Time

     0     0   54.20585    0   18   58.28536   54.20585  7.00%     -    1s
H    0     0                      57.7853630   54.20585  6.19%     -    1s
H    0     0                      57.2020297   54.20585  5.24%     -    2s
     0     0   54.25487    0   83   57.20203   54.25487  5.15%     -    2s
     0     0   54.28092    0   63   57.20203   54.28092  5.11%     -    2s
     0     0   54.28092    0   63   57.20203   54.28092  5.11%     -    2s
     0     0   54.28092    0   67   57.20203   54.28092  5.11%     -    2s
     0     0   54.28092    0   57   57.20203   54.28092  5.11%     -    2s
     0     0   54.28092    0   59   57.20203   54.28092  5.11%     -    2s
     0     0   54.28092    0   61   57.20203   54.28092  5.11%     -    2s
     0     0   54.28092    0   63   57.20203   54.28092  5.11%     -    2s
     0     0   54.28092    0   97   57.20203   54.28092  5.11%     -    2s
     0     0   54.28092    0   97   57.20203   54.28092  5.11%     -    2s
     0     0   54.28092    0   98   57.20203   54.28092  5.11%     -    2s
     0     0   54.28092    0   97   57.20203   54.28092  5.11%     -    2s
     0     0   54.28787    0   97   57.20203   54.28787  5.09%     -    3s
H    0     0                      56.1186963   54.28787  3.26%     -    3s
     0     0   54.34191    0   69   56.11870   54.34191  3.17%     -    4s
     0     0   54.42100    0   70   56.11870   54.42100  3.03%     -    4s
     0     0   54.42100    0   60   56.11870   54.42100  3.03%     -    4s
     0     0   54.55465    0   60   56.11870   54.55465  2.79%     -    5s
H    0     0                      55.9520297   54.55891  2.49%     -    5s
     0     0   54.55891    0   98   55.95203   54.55891  2.49%     -    5s
H    0     0                      55.2020297   54.55891  1.17%     -    6s
     0     0   54.57801    0   72   55.20203   54.57801  1.13%     -    7s
     0     0   54.57801    0    5   55.20203   54.57801  1.13%     -    8s
     0     0   54.58013    0   32   55.20203   54.58013  1.13%     -    8s
     0     0   54.61051    0   32   55.20203   54.61051  1.07%     -    8s
     0     0   54.63120    0   63   55.20203   54.63120  1.03%     -    8s
     0     0   54.63120    0   57   55.20203   54.63120  1.03%     -    8s
     0     0   54.63317    0   28   55.20203   54.63317  1.03%     -    8s
     0     0   54.63350    0   56   55.20203   54.63350  1.03%     -    9s
     0     0   54.63350    0   59   55.20203   54.63350  1.03%     -    9s
     0     0   54.63350    0   55   55.20203   54.63350  1.03%     -   10s
     0     0   54.63695    0   66   55.20203   54.63695  1.02%     -   10s
     0     0   54.66476    0   42   55.20203   54.66476  0.97%     -   11s
     0     0   54.67746    0   82   55.20203   54.67746  0.95%     -   11s
     0     0   54.76899    0   77   55.20203   54.76899  0.78%     -   12s
     0     0   54.82357    0   78   55.20203   54.82357  0.69%     -   13s
     0     0   54.86575    0   78   55.20203   54.86575  0.61%     -   14s
     0     0   54.89904    0   80   55.20203   54.89904  0.55%     -   14s
     0     0   54.89904    0   82   55.20203   54.89904  0.55%     -   14s
     0     0   54.89904    0   78   55.20203   54.89904  0.55%     -   15s
     0     0   54.89904    0   86   55.20203   54.89904  0.55%     -   15s
     0     0   54.89904    0   83   55.20203   54.89904  0.55%     -   15s
     0     0   54.89904    0   70   55.20203   54.89904  0.55%     -   16s
     0     0   54.89904    0   84   55.20203   54.89904  0.55%     -   16s
     0     0   54.89904    0  100   55.20203   54.89904  0.55%     -   16s
     0     0   54.89904    0  100   55.20203   54.89904  0.55%     -   16s
     0     0          -    0        55.20203   54.92972  0.49%     -   17s

Cutting planes:
  Gomory: 6
  Lift-and-project: 1
  Cover: 6
  Implied bound: 26
  Clique: 1
  MIR: 62
  Mixing: 4
  Flow cover: 52
  Flow path: 3
  Zero half: 38
  RLT: 2
  Relax-and-lift: 7

Explored 1 nodes (5123 simplex iterations) in 17.10 seconds (2.52 work units)
Thread count was 8 (of 8 available processors)

Solution count 7: 55.202 55.202 55.952 ... 58.2854

Optimal solution found (tolerance 5.00e-03)
Best objective 5.520202966667e+01, best bound 5.492972331027e+01, gap 0.4933%
