
Gurobi 9.5.2 (linux64) logging started Tue Aug 11 18:31:33 2026

Set parameter LogFile to value "/mnt/beegfs/users/celinep/ChargeAndBreak/logs/oracle_RlongCmanyTtight_13__diesel_gurobi.log"
Gurobi Optimizer version 9.5.2 build v9.5.2rc0 (linux64)
Thread count: 16 physical cores, 32 logical processors, using up to 32 threads
Optimize a model with 8047 rows, 4268 columns and 125304 nonzeros
Model fingerprint: 0xdd6a53f8
Variable types: 2686 continuous, 1582 integer (1582 binary)
Coefficient statistics:
  Matrix range     [2e-01, 2e+03]
  Objective range  [5e-01, 1e+00]
  Bounds range     [1e+00, 5e+01]
  RHS range        [8e-03, 5e+02]

User MIP start produced solution with objective 106.325 (0.13s)
Loaded user MIP start with objective 106.325

Presolve removed 3772 rows and 1467 columns
Presolve time: 2.06s
Presolved: 4275 rows, 2801 columns, 110709 nonzeros
Variable types: 1608 continuous, 1193 integer (1193 binary)
Root relaxation presolve removed 49 rows and 0 columns
Root relaxation presolved: 4226 rows, 2801 columns, 86474 nonzeros


Root relaxation: objective 9.659907e+01, 3136 iterations, 1.00 seconds (0.55 work units)

    Nodes    |    Current Node    |     Objective Bounds      |     Work
 Expl Unexpl |  Obj  Depth IntInf | Incumbent    BestBd   Gap | It/Node Time

     0     0   96.59907    0   70  106.32468   96.59907  9.15%     -    3s
H    0     0                     104.0052187   96.59907  7.12%     -    3s
     0     0   96.63636    0  126  104.00522   96.63636  7.09%     -    5s
     0     0   96.63637    0  121  104.00522   96.63637  7.09%     -    5s
     0     0   96.64718    0  149  104.00522   96.64718  7.07%     -    6s
     0     0   96.64920    0  112  104.00522   96.64920  7.07%     -    7s
     0     0   96.65009    0  138  104.00522   96.65009  7.07%     -    8s
     0     0   96.65011    0  137  104.00522   96.65011  7.07%     -    8s
     0     0   96.65186    0  112  104.00522   96.65186  7.07%     -   10s
     0     0   96.65189    0  112  104.00522   96.65189  7.07%     -   11s
     0     0   96.65654    0  163  104.00522   96.65654  7.07%     -   12s
     0     0   96.65783    0  122  104.00522   96.65783  7.06%     -   13s
     0     0   96.69615    0  120  104.00522   96.69615  7.03%     -   14s
     0     0   96.74753    0   84  104.00522   96.74753  6.98%     -   15s
     0     0   96.85183    0  116  104.00522   96.85183  6.88%     -   16s
     0     0   96.86189    0  120  104.00522   96.86189  6.87%     -   16s
     0     0   96.87352    0  132  104.00522   96.87352  6.86%     -   19s
     0     0   96.87596    0  138  104.00522   96.87596  6.85%     -   20s
     0     0   96.88590    0  136  104.00522   96.88590  6.85%     -   22s
     0     0   96.88995    0  119  104.00522   96.88995  6.84%     -   23s
     0     0   96.89789    0  148  104.00522   96.89789  6.83%     -   25s
     0     0   96.90339    0  180  104.00522   96.90339  6.83%     -   25s
     0     0   96.96045    0  156  104.00522   96.96045  6.77%     -   28s
     0     0   96.96760    0  169  104.00522   96.96760  6.77%     -   28s
     0     0   96.97013    0  179  104.00522   96.97013  6.76%     -   29s
     0     0   96.97068    0  183  104.00522   96.97068  6.76%     -   29s
     0     0   96.97068    0  185  104.00522   96.97068  6.76%     -   29s
     0     0   97.00017    0  161  104.00522   97.00017  6.74%     -   31s
     0     0   97.01034    0  146  104.00522   97.01034  6.73%     -   32s
     0     0   97.05968    0  115  104.00522   97.05968  6.68%     -   33s
     0     0   97.06259    0  116  104.00522   97.06259  6.68%     -   34s
     0     0   97.06315    0  148  104.00522   97.06315  6.67%     -   34s
     0     0   97.06333    0  127  104.00522   97.06333  6.67%     -   34s
     0     0   97.06334    0  127  104.00522   97.06334  6.67%     -   34s
     0     0   97.06761    0  117  104.00522   97.06761  6.67%     -   35s
     0     0   97.06804    0  125  104.00522   97.06804  6.67%     -   35s
     0     0   97.06824    0  166  104.00522   97.06824  6.67%     -   36s
     0     0   97.06845    0  130  104.00522   97.06845  6.67%     -   36s
     0     0   97.06848    0  132  104.00522   97.06848  6.67%     -   36s
H    0     0                     103.8103333   97.06848  6.49%     -   37s
     0     0   97.06949    0  151  103.81033   97.06949  6.49%     -   37s
     0     0   97.06970    0  153  103.81033   97.06970  6.49%     -   37s
     0     0   97.06973    0  154  103.81033   97.06973  6.49%     -   37s
     0     0   97.07299    0  141  103.81033   97.07299  6.49%     -   38s
     0     0   97.07332    0  143  103.81033   97.07332  6.49%     -   39s
     0     0   97.07378    0  125  103.81033   97.07378  6.49%     -   39s
     0     0   97.07444    0  183  103.81033   97.07444  6.49%     -   39s
     0     0   97.07457    0  173  103.81033   97.07457  6.49%     -   39s
     0     0   97.07673    0  196  103.81033   97.07673  6.49%     -   42s
     0     0   97.07820    0  186  103.81033   97.07820  6.49%     -   42s
     0     0   97.07871    0  155  103.81033   97.07871  6.48%     -   42s
     0     0   97.07880    0  156  103.81033   97.07880  6.48%     -   42s
     0     0   97.08150    0  163  103.81033   97.08150  6.48%     -   45s
     0     0   97.08536    0  181  103.81033   97.08536  6.48%     -   45s
     0     0   97.08566    0  202  103.81033   97.08566  6.48%     -   46s
     0     0   97.08610    0  168  103.81033   97.08610  6.48%     -   46s
     0     0   97.08622    0  169  103.81033   97.08622  6.48%     -   46s
     0     0   97.17095    0  189  103.81033   97.17095  6.40%     -   49s
     0     0   97.17973    0  163  103.81033   97.17973  6.39%     -   50s
     0     0   97.18118    0  180  103.81033   97.18118  6.39%     -   50s
     0     0   97.18213    0  165  103.81033   97.18213  6.38%     -   50s
     0     0   97.18274    0  163  103.81033   97.18274  6.38%     -   50s
     0     0   97.18316    0  180  103.81033   97.18316  6.38%     -   51s
     0     0   97.18319    0  181  103.81033   97.18319  6.38%     -   51s
     0     0   97.19785    0  184  103.81033   97.19785  6.37%     -   54s
     0     0   97.19874    0  189  103.81033   97.19874  6.37%     -   54s
     0     0   97.19884    0  196  103.81033   97.19884  6.37%     -   54s
     0     0   97.20313    0  181  103.81033   97.20313  6.36%     -   56s
     0     0   97.20414    0  193  103.81033   97.20414  6.36%     -   57s
     0     0   97.20424    0  203  103.81033   97.20424  6.36%     -   57s
     0     0   97.21434    0  133  103.81033   97.21434  6.35%     -   60s
     0     0   97.21569    0  141  103.81033   97.21569  6.35%     -   60s
     0     0   97.21664    0  151  103.81033   97.21664  6.35%     -   61s
     0     0   97.21668    0  143  103.81033   97.21668  6.35%     -   61s
     0     0   97.21668    0  157  103.81033   97.21668  6.35%     -   64s
     0     0   97.21668    0  159  103.81033   97.21668  6.35%     -   64s
     0     0   97.22543    0  188  103.81033   97.22543  6.34%     -   67s
     0     0   97.23053    0  136  103.81033   97.23053  6.34%     -   67s
     0     0   97.23310    0  182  103.81033   97.23310  6.34%     -   68s
     0     0   97.23331    0  185  103.81033   97.23331  6.34%     -   68s
     0     0   97.23336    0  181  103.81033   97.23336  6.34%     -   68s
     0     0   97.23497    0  193  103.81033   97.23497  6.33%     -   70s
     0     0   97.23498    0  198  103.81033   97.23498  6.33%     -   70s
     0     0   97.24692    0  183  103.81033   97.24692  6.32%     -   71s
     0     0   97.24936    0  188  103.81033   97.24936  6.32%     -   71s
     0     0   97.24965    0  177  103.81033   97.24965  6.32%     -   71s
     0     0   97.24965    0  182  103.81033   97.24965  6.32%     -   71s
     0     0   97.24965    0  179  103.81033   97.24965  6.32%     -   72s
     0     0   97.24965    0  182  103.81033   97.24965  6.32%     -   73s
     0     0   97.24965    0  223  103.81033   97.24965  6.32%     -   73s
     0     0   97.25895    0   83  103.81033   97.25895  6.31%     -   75s
     0     0   97.26331    0  109  103.81033   97.26331  6.31%     -   76s
     0     0   97.26352    0  106  103.81033   97.26352  6.31%     -   76s
     0     0   97.26353    0  131  103.81033   97.26353  6.31%     -   76s
     0     0   97.26353    0  139  103.81033   97.26353  6.31%     -   77s
     0     0   97.26353    0  151  103.81033   97.26353  6.31%     -   78s
     0     0   97.26353    0  151  103.81033   97.26353  6.31%     -   78s
     0     0   97.26353    0  139  103.81033   97.26353  6.31%     -   82s
     0     2   97.26353    0  123  103.81033   97.26353  6.31%     -   84s
     1     4   97.51622    1  148  103.81033   97.26353  6.31%   706   85s
    29    38   97.26359    5  165  103.81033   97.26357  6.31%   216   90s
    77    76   97.34252    8  218  103.81033   97.26471  6.31%   207   95s
   125   108   97.78993   10  113  103.81033   97.36002  6.21%   249  101s
   177   135  100.86635    8   73  103.81033   97.65008  5.93%   292  105s
   239   178   97.80672   14  207  103.81033   97.73264  5.85%   277  110s
   279   210   97.76640   16  214  103.81033   97.76445  5.82%   278  116s
   360   299   97.76640   19  210  103.81033   97.76640  5.82%   255  120s
   494   374   98.46272   30  187  103.81033   97.76640  5.82%   234  125s
   629   481   98.46272   33  188  103.81033   97.76640  5.82%   212  130s
   827   648   99.42400   47  161  103.81033   97.78833  5.80%   202  136s
  1032   791 infeasible   59       103.81033   97.93857  5.66%   190  140s
  1237   869   98.00007   47  216  103.81033   98.00007  5.60%   186  146s
  1350   971   98.82062   54  122  103.81033   98.00421  5.59%   185  150s
  1607  1161   98.12735   67  167  103.81033   98.10715  5.49%   180  155s
  1877  1374 infeasible   52       103.81033   98.19201  5.41%   182  162s
  2150  1474   99.20532   92  139  103.81033   98.21187  5.39%   174  182s
  2152  1475   99.12298   69  141  103.81033   98.21187  5.39%   174  188s
  2153  1476   98.52018   43  152  103.81033   98.21187  5.39%   174  192s
  2156  1478   98.49975   31  106  103.81033   98.21187  5.39%   174  203s
  2158  1479   99.21389   72  144  103.81033   98.21187  5.39%   173  205s
  2161  1481   98.85248   44  191  103.81033   98.21187  5.39%   173  211s
  2162  1482   98.58444   16  184  103.81033   98.21187  5.39%   173  221s
  2164  1483   98.81278   52  225  103.81033   98.21187  5.39%   173  226s
  2165  1484   99.42230   68  255  103.81033   98.21187  5.39%   173  236s
  2166  1485   98.54781   20  271  103.81033   98.21187  5.39%   173  242s
  2167  1485  101.25342   17  226  103.81033   98.21187  5.39%   173  254s
  2168  1486   98.97653   32  269  103.81033   98.21187  5.39%   173  255s
  2169  1487   98.84634   35  265  103.81033   98.21187  5.39%   173  260s
  2170  1487   98.80761   20  222  103.81033   98.21187  5.39%   173  265s
  2173  1489   99.10724   61  237  103.81033   98.21187  5.39%   172  280s
  2174  1490   98.59312   14  234  103.81033   98.21187  5.39%   172  288s
  2175  1491   99.94028   11  234  103.81033   98.21187  5.39%   172  290s
  2176  1493   98.21187   15  235  103.81033   98.21187  5.39%   181  306s
  2178  1494   98.49826   16  227  103.81033   98.49826  5.12%   181  318s
  2181  1493   98.72070   17  262  103.81033   98.72070  4.90%   183  323s
  2185  1493   98.72458   18  294  103.81033   98.72458  4.90%   183  330s
  2204  1502   98.81141   21  267  103.81033   98.76976  4.86%   185  338s
  2219  1502   99.68260   22  244  103.81033   98.81359  4.81%   187  341s
  2267  1519   99.04097   25  233  103.81033   99.04097  4.59%   189  346s
  2307  1530   99.11424   27  201  103.81033   99.11424  4.52%   191  350s
  2348  1550   99.34713   29  217  103.81033   99.11744  4.52%   193  355s
H 2358  1472                     103.8103333   99.15941  4.48%   195  355s
H 2362  1398                     103.5603333   99.15941  4.25%   195  355s
  2392  1426 infeasible   31       103.56033   99.19051  4.22%   198  362s
  2419  1433   99.29875   33  255  103.56033   99.24556  4.17%   200  365s
  2466  1469   99.34036   35  262  103.56033   99.34036  4.07%   203  370s
  2522  1490  101.70760   37  227  103.56033   99.69308  3.73%   208  376s
  2604  1506  100.42304   41  154  103.56033  100.06394  3.38%   214  382s
  2623  1519  100.68846   39  259  103.56033  100.28881  3.16%   216  386s
  2657  1530  100.49522   30  152  103.56033  100.36703  3.08%   219  391s
  2723  1535  100.86721   34  227  103.56033  100.46421  2.99%   222  395s
  2840  1561  103.25775   32  207  103.56033  100.64060  2.82%   224  404s
  2893  1576  100.69389   41  246  103.56033  100.69389  2.77%   226  407s
  3022  1613  101.85701   44  163  103.56033  100.81998  2.65%   229  412s
  3096  1643  101.39344   41  203  103.56033  100.96996  2.50%   230  415s
  3234  1646  101.40568   43  233  103.56033  101.17115  2.31%   231  420s
  3477  1657     cutoff   32       103.56033  101.32552  2.16%   228  427s
  3595  1676  101.63360   44  191  103.56033  101.43108  2.06%   226  433s
H 3599  1608                     103.3589021  101.43108  1.87%   226  433s
  3723  1606  101.72894   29  156  103.35890  101.50736  1.79%   225  436s
H 3756  1529                     103.1922354  101.53747  1.60%   224  436s
H 3772  1459                     103.0746803  101.53841  1.49%   224  436s
  3991  1435     cutoff   31       103.07468  101.72097  1.31%   222  441s
  4171  1423  101.86948   44  227  103.07468  101.77546  1.26%   219  447s
H 4334  1338                     103.0079588  101.90795  1.07%   217  449s
  4420  1306  101.94275   39  120  103.00796  101.92575  1.05%   216  450s
  4563  1321 infeasible   44       103.00796  101.96284  1.01%   212  456s
  5047  1250  102.28316   32  159  103.00796  102.14816  0.83%   204  461s
  5251  1304  102.53517   48  241  103.00796  102.22181  0.76%   201  467s
  5546  1291  102.22590   52  171  103.00796  102.22190  0.76%   196  471s
  5797  1463  102.66248   56  133  103.00796  102.27532  0.71%   192  475s
  6052  1857  102.92616   42  169  103.00796  102.37867  0.61%   188  482s
  6589  2143  102.47977   46  113  103.00796  102.40722  0.58%   177  486s
  7888  3233  102.71869   61  131  103.00796  102.43737  0.55%   156  493s
  8421  3760  102.46072   54  137  103.00796  102.45261  0.54%   150  497s
  9198  4031     cutoff   48       103.00796  102.46500  0.53%   143  502s
H 9671  4626                     103.0079588  102.47873  0.51%   139  507s

Cutting planes:
  Gomory: 40
  Lift-and-project: 4
  Cover: 113
  Implied bound: 501
  Clique: 19
  MIR: 563
  StrongCG: 2
  Flow cover: 1001
  Inf proof: 6
  Zero half: 76
  Network: 5
  RLT: 71
  Relax-and-lift: 72

Explored 10566 nodes (1414961 simplex iterations) in 508.62 seconds (167.70 work units)
Thread count was 32 (of 32 available processors)

Solution count 10: 103.008 103.008 103.075 ... 106.325

Optimal solution found (tolerance 5.00e-03)
Best objective 1.030079587725e+02, best bound 1.025000354364e+02, gap 0.4931%
