
Gurobi 9.5.2 (linux64) logging started Tue Jul 28 15:15:08 2026

Set parameter LogFile to value "logs/oracle_RshortCmanyTmedium_33_gurobi.log"
Gurobi Optimizer version 9.5.2 build v9.5.2rc0 (linux64)
Thread count: 16 physical cores, 32 logical processors, using up to 32 threads
Optimize a model with 2769 rows, 1585 columns and 9448 nonzeros
Model fingerprint: 0x08c88739
Variable types: 992 continuous, 593 integer (593 binary)
Coefficient statistics:
  Matrix range     [4e-02, 6e+02]
  Objective range  [1e+00, 1e+00]
  Bounds range     [1e+00, 1e+00]
  RHS range        [6e-02, 5e+02]
Presolve removed 989 rows and 400 columns
Presolve time: 0.03s
Presolved: 1780 rows, 1185 columns, 7858 nonzeros
Variable types: 717 continuous, 468 integer (468 binary)

Root relaxation: objective 3.431881e+01, 1762 iterations, 0.05 seconds (0.06 work units)

    Nodes    |    Current Node    |     Objective Bounds      |     Work
 Expl Unexpl |  Obj  Depth IntInf | Incumbent    BestBd   Gap | It/Node Time

     0     0   34.31881    0  143          -   34.31881      -     -    0s
     0     0   34.85495    0  129          -   34.85495      -     -    0s
     0     0   34.95361    0  130          -   34.95361      -     -    0s
     0     0   35.38125    0  150          -   35.38125      -     -    0s
     0     0   35.43426    0  150          -   35.43426      -     -    0s
     0     0   35.45557    0  148          -   35.45557      -     -    0s
H    0     0                      43.6112454   35.45557  18.7%     -    0s
H    0     0                      42.4445787   35.45557  16.5%     -    0s
     0     0   35.74140    0  135   42.44458   35.74140  15.8%     -    0s
     0     0   35.75219    0  127   42.44458   35.75219  15.8%     -    0s
     0     0   35.75227    0  128   42.44458   35.75227  15.8%     -    0s
H    0     0                      41.0078372   35.75227  12.8%     -    0s
     0     0   35.78813    0  122   41.00784   35.78813  12.7%     -    0s
H    0     0                      39.9814309   35.79603  10.5%     -    0s
     0     0   35.79603    0  121   39.98143   35.79603  10.5%     -    0s
     0     0   35.79677    0  126   39.98143   35.79677  10.5%     -    0s
     0     0   35.79677    0  127   39.98143   35.79677  10.5%     -    0s
     0     0   35.85217    0  129   39.98143   35.85217  10.3%     -    0s
H    0     0                      39.5382992   35.85217  9.32%     -    0s
     0     0   35.86196    0  133   39.53830   35.86196  9.30%     -    0s
     0     0   35.86295    0  133   39.53830   35.86295  9.30%     -    0s
     0     0   35.86305    0  131   39.53830   35.86305  9.30%     -    0s
     0     0   35.88258    0  135   39.53830   35.88258  9.25%     -    0s
     0     0   35.88433    0  135   39.53830   35.88433  9.24%     -    0s
     0     0   35.88443    0  135   39.53830   35.88443  9.24%     -    0s
     0     0   35.89572    0  133   39.53830   35.89572  9.21%     -    0s
H    0     0                      39.4859054   35.89572  9.09%     -    0s
     0     0   35.89670    0  135   39.48591   35.89670  9.09%     -    0s
     0     0   35.89690    0  135   39.48591   35.89690  9.09%     -    0s
     0     0   35.90194    0  128   39.48591   35.90194  9.08%     -    0s
     0     0   35.90195    0  128   39.48591   35.90195  9.08%     -    0s
     0     0   35.90306    0  127   39.48591   35.90306  9.07%     -    0s
     0     0   35.90555    0  128   39.48591   35.90555  9.07%     -    0s
     0     0   35.90556    0  128   39.48591   35.90556  9.07%     -    0s
     0     0   35.91184    0  125   39.48591   35.91184  9.05%     -    0s
     0     0   35.92638    0  133   39.48591   35.92638  9.01%     -    0s
     0     0   35.93225    0  135   39.48591   35.93225  9.00%     -    0s
     0     0   35.93225    0  136   39.48591   35.93225  9.00%     -    0s
     0     0   35.93369    0  135   39.48591   35.93369  9.00%     -    0s
     0     0   35.93369    0  135   39.48591   35.93369  9.00%     -    0s
     0     2   35.93417    0  135   39.48591   35.93417  8.99%     -    0s
H   79    78                      39.4563309   35.99361  8.78%  53.9    0s
H  185    95                      39.4563309   36.00979  8.74%  44.2    1s
H  192    95                      39.4009252   36.00979  8.61%  44.1    1s
H  259   108                      39.3931465   36.00979  8.59%  44.0    1s
H  304   110                      39.3179491   36.00979  8.41%  43.2    1s
H  363   109                      39.3179491   36.50634  7.15%  40.1    1s

Cutting planes:
  Learned: 2
  Gomory: 4
  Cover: 16
  Implied bound: 36
  MIR: 74
  StrongCG: 1
  Flow cover: 80
  RLT: 5
  Relax-and-lift: 4

Explored 949 nodes (33907 simplex iterations) in 1.80 seconds (1.72 work units)
Thread count was 32 (of 32 available processors)

Solution count 10: 39.3179 39.3179 39.3931 ... 41.0078

Optimal solution found (tolerance 5.00e-03)
Best objective 3.931794906370e+01, best bound 3.918029001904e+01, gap 0.3501%
