
Gurobi 9.5.2 (linux64) logging started Mon Aug  3 22:13:22 2026

Set parameter LogFile to value "/mnt/beegfs/users/celinep/ChargeAndBreak/logs/oracle_RshortCmanyTtight_8__nosplit_gurobi.log"
Gurobi Optimizer version 9.5.2 build v9.5.2rc0 (linux64)
Thread count: 16 physical cores, 32 logical processors, using up to 32 threads
Optimize a model with 3179 rows, 1605 columns and 21980 nonzeros
Model fingerprint: 0x27bc30e0
Variable types: 1077 continuous, 528 integer (528 binary)
Coefficient statistics:
  Matrix range     [5e-02, 7e+02]
  Objective range  [1e+00, 1e+00]
  Bounds range     [1e+00, 3e+01]
  RHS range        [6e-03, 5e+02]

User MIP start produced solution with objective 54.4297 (0.01s)
Loaded user MIP start with objective 54.4297

Presolve removed 1448 rows and 494 columns
Presolve time: 0.22s
Presolved: 1731 rows, 1111 columns, 12204 nonzeros
Variable types: 768 continuous, 343 integer (343 binary)
Root relaxation presolve removed 32 rows and 31 columns
Root relaxation presolved: 1699 rows, 1080 columns, 12004 nonzeros

Extra simplex iterations after uncrush: 1

Root relaxation: objective 3.963898e+01, 1692 iterations, 0.19 seconds (0.08 work units)

    Nodes    |    Current Node    |     Objective Bounds      |     Work
 Expl Unexpl |  Obj  Depth IntInf | Incumbent    BestBd   Gap | It/Node Time

     0     0   39.63898    0   34   54.42972   39.63898  27.2%     -    0s
     0     0   39.78290    0   63   54.42972   39.78290  26.9%     -    0s
     0     0   39.78305    0   64   54.42972   39.78305  26.9%     -    0s
     0     0   40.31181    0   86   54.42972   40.31181  25.9%     -    1s
     0     0   40.32100    0   87   54.42972   40.32100  25.9%     -    1s
     0     0   40.32100    0   88   54.42972   40.32100  25.9%     -    1s
     0     0   40.58400    0  106   54.42972   40.58400  25.4%     -    1s
     0     0   40.58876    0  118   54.42972   40.58876  25.4%     -    1s
     0     0   40.59337    0  131   54.42972   40.59337  25.4%     -    1s
     0     0   40.59397    0  130   54.42972   40.59397  25.4%     -    1s
     0     0   40.59402    0  127   54.42972   40.59402  25.4%     -    1s
     0     0   40.79640    0  125   54.42972   40.79640  25.0%     -    1s
     0     0   40.80597    0  109   54.42972   40.80597  25.0%     -    1s
     0     0   40.80637    0  108   54.42972   40.80637  25.0%     -    1s
     0     0   40.80852    0   90   54.42972   40.80852  25.0%     -    1s
     0     0   40.80926    0  112   54.42972   40.80926  25.0%     -    1s
     0     0   40.80926    0  113   54.42972   40.80926  25.0%     -    1s
     0     0   41.00633    0   59   54.42972   41.00633  24.7%     -    2s
     0     0   41.03100    0   57   54.42972   41.03100  24.6%     -    2s
     0     0   41.03908    0   59   54.42972   41.03908  24.6%     -    2s
     0     0   41.03908    0   59   54.42972   41.03908  24.6%     -    2s
     0     0   41.13203    0   56   54.42972   41.13203  24.4%     -    3s
H    0     0                      41.5531464   41.13203  1.01%     -    3s
     0     0   41.14733    0   59   41.55315   41.14733  0.98%     -    3s
     0     0   41.15068    0   64   41.55315   41.15068  0.97%     -    3s
     0     0   41.15153    0   63   41.55315   41.15153  0.97%     -    3s
     0     0   41.15156    0   62   41.55315   41.15156  0.97%     -    3s
     0     0   41.23740    0   46   41.55315   41.23740  0.76%     -    3s
     0     0   41.23740    0    7   41.55315   41.23740  0.76%     -    3s
     0     0   41.23740    0   24   41.55315   41.23740  0.76%     -    3s
H    0     0                      41.5033908   41.23740  0.64%     -    3s
     0     0   41.36623    0   22   41.50339   41.36623  0.33%     -    3s

Cutting planes:
  Gomory: 1
  Lift-and-project: 3
  Cover: 1
  Implied bound: 3
  MIR: 10
  Flow cover: 11
  Relax-and-lift: 1

Explored 1 nodes (4606 simplex iterations) in 3.65 seconds (1.44 work units)
Thread count was 32 (of 32 available processors)

Solution count 4: 41.5034 41.5531 41.5531 54.4297 

Optimal solution found (tolerance 5.00e-03)
Best objective 4.150339084498e+01, best bound 4.136623279090e+01, gap 0.3305%
