
Gurobi 9.5.2 (linux64) logging started Mon Aug  3 11:52:04 2026

Set parameter LogFile to value "logs/oracle_RshortCmanyTmedium_10__kw1000_gurobi.log"
Gurobi Optimizer version 9.5.2 build v9.5.2rc0 (linux64)
Thread count: 16 physical cores, 32 logical processors, using up to 32 threads
Optimize a model with 2437 rows, 1323 columns and 15383 nonzeros
Model fingerprint: 0x438249d4
Variable types: 827 continuous, 496 integer (496 binary)
Coefficient statistics:
  Matrix range     [4e-02, 5e+02]
  Objective range  [1e+00, 1e+00]
  Bounds range     [1e+00, 3e+01]
  RHS range        [6e-03, 5e+02]

User MIP start did not produce a new incumbent solution

Presolve removed 957 rows and 370 columns
Presolve time: 0.16s
Presolved: 1480 rows, 953 columns, 9321 nonzeros
Variable types: 578 continuous, 375 integer (373 binary)
Root relaxation presolve removed 21 rows and 21 columns
Root relaxation presolved: 1459 rows, 932 columns, 9279 nonzeros

Extra simplex iterations after uncrush: 1

Root relaxation: objective 3.557868e+01, 1790 iterations, 0.16 seconds (0.08 work units)
Another try with MIP start

    Nodes    |    Current Node    |     Objective Bounds      |     Work
 Expl Unexpl |  Obj  Depth IntInf | Incumbent    BestBd   Gap | It/Node Time

H    0     0                      36.8226839   35.57868  3.38%     -    0s
     0     0   35.57868    0   73   36.82268   35.57868  3.38%     -    0s
     0     0   35.81187    0   41   36.82268   35.81187  2.75%     -    0s
     0     0   35.96323    0   64   36.82268   35.96323  2.33%     -    1s
     0     0   35.96323    0   44   36.82268   35.96323  2.33%     -    1s
     0     0   35.96323    0   44   36.82268   35.96323  2.33%     -    1s
     0     0   36.04557    0   65   36.82268   36.04557  2.11%     -    1s
     0     0   36.04557    0   23   36.82268   36.04557  2.11%     -    1s
     0     0   36.04557    0   50   36.82268   36.04557  2.11%     -    1s
H    0     0                      36.6842814   36.04557  1.74%     -    1s
     0     0   36.04557    0   50   36.68428   36.04557  1.74%     -    1s
     0     0   36.04557    0   16   36.68428   36.04557  1.74%     -    2s
H    0     0                      36.3958993   36.04557  0.96%     -    2s
H    0     0                      36.1122969   36.04557  0.18%     -    2s
     0     0   36.04557    0   53   36.11230   36.04557  0.18%     -    2s

Cutting planes:
  Learned: 1
  Gomory: 12
  Lift-and-project: 3
  Cover: 7
  Implied bound: 11
  Projected implied bound: 1
  Clique: 2
  MIR: 11
  Flow cover: 28
  Zero half: 3
  RLT: 4
  Relax-and-lift: 4

Explored 1 nodes (5254 simplex iterations) in 2.16 seconds (0.52 work units)
Thread count was 32 (of 32 available processors)

Solution count 5: 36.1123 36.3959 36.6843 ... 36.8227

Optimal solution found (tolerance 5.00e-03)
Best objective 3.611229694621e+01, best bound 3.604556718283e+01, gap 0.1848%
