
Gurobi 9.5.2 (linux64) logging started Mon Aug  3 11:13:52 2026

Set parameter LogFile to value "logs/oracle_RmediumCfewTmedium_3__kw150_gurobi.log"
Gurobi Optimizer version 9.5.2 build v9.5.2rc0 (linux64)
Thread count: 16 physical cores, 32 logical processors, using up to 32 threads
Optimize a model with 5704 rows, 3111 columns and 67884 nonzeros
Model fingerprint: 0xb5a954a4
Variable types: 1947 continuous, 1164 integer (1164 binary)
Coefficient statistics:
  Matrix range     [2e-02, 1e+03]
  Objective range  [1e+00, 1e+00]
  Bounds range     [1e+00, 4e+01]
  RHS range        [2e-02, 5e+02]

User MIP start did not produce a new incumbent solution

Presolve removed 1791 rows and 622 columns
Presolve time: 0.37s
Presolved: 3913 rows, 2489 columns, 57685 nonzeros
Variable types: 1488 continuous, 1001 integer (1001 binary)
Root relaxation presolve removed 162 rows and 68 columns
Root relaxation presolved: 3751 rows, 2421 columns, 34315 nonzeros

Extra simplex iterations after uncrush: 4

Root relaxation: objective 5.870089e+01, 3987 iterations, 0.48 seconds (0.51 work units)
Another try with MIP start

    Nodes    |    Current Node    |     Objective Bounds      |     Work
 Expl Unexpl |  Obj  Depth IntInf | Incumbent    BestBd   Gap | It/Node Time

H    0     0                      79.6256593   58.70089  26.3%     -    2s
     0     0   58.70089    0  349   79.62566   58.70089  26.3%     -    2s
     0     0   62.41875    0  294   79.62566   62.41875  21.6%     -    3s
     0     0   62.74539    0  285   79.62566   62.74539  21.2%     -    3s
     0     0   62.81195    0  295   79.62566   62.81195  21.1%     -    3s
     0     0   62.82103    0  289   79.62566   62.82103  21.1%     -    3s
     0     0   62.82149    0  290   79.62566   62.82149  21.1%     -    3s
     0     0   63.65629    0  274   79.62566   63.65629  20.1%     -    3s
     0     0   63.76610    0  323   79.62566   63.76610  19.9%     -    3s
     0     0   63.77278    0  324   79.62566   63.77278  19.9%     -    3s
     0     0   63.77327    0  321   79.62566   63.77327  19.9%     -    3s
     0     0   64.46992    0  292   79.62566   64.46992  19.0%     -    4s
     0     0   64.54469    0  295   79.62566   64.54469  18.9%     -    4s
     0     0   64.55451    0  290   79.62566   64.55451  18.9%     -    4s
     0     0   64.55464    0  290   79.62566   64.55464  18.9%     -    4s
     0     0   64.99043    0  265   79.62566   64.99043  18.4%     -    5s
     0     0   65.06527    0  254   79.62566   65.06527  18.3%     -    5s
     0     0   65.06908    0  263   79.62566   65.06908  18.3%     -    5s
     0     0   65.06914    0  265   79.62566   65.06914  18.3%     -    5s
     0     0   65.31909    0  246   79.62566   65.31909  18.0%     -    5s
     0     0   65.33261    0  266   79.62566   65.33261  18.0%     -    5s
     0     0   65.33792    0  264   79.62566   65.33792  17.9%     -    5s
     0     0   65.33804    0  272   79.62566   65.33804  17.9%     -    5s
     0     0   65.58330    0  182   79.62566   65.58330  17.6%     -    6s
     0     0   65.70590    0  204   79.62566   65.70590  17.5%     -    6s
     0     0   65.71785    0  229   79.62566   65.71785  17.5%     -    6s
     0     0   65.72079    0  215   79.62566   65.72079  17.5%     -    6s
     0     0   65.72083    0  236   79.62566   65.72083  17.5%     -    6s
     0     0   65.93310    0  253   79.62566   65.93310  17.2%     -    7s
     0     0   65.94078    0  249   79.62566   65.94078  17.2%     -    7s
     0     0   65.94184    0  252   79.62566   65.94184  17.2%     -    7s
     0     0   66.02805    0  223   79.62566   66.02805  17.1%     -    8s
     0     0   66.03597    0  289   79.62566   66.03597  17.1%     -    8s
     0     0   66.04102    0  298   79.62566   66.04102  17.1%     -    8s
     0     0   66.04106    0  300   79.62566   66.04106  17.1%     -    8s
     0     0   66.13256    0  259   79.62566   66.13256  16.9%     -    8s
     0     0   66.14043    0  258   79.62566   66.14043  16.9%     -    8s
     0     0   66.14077    0  265   79.62566   66.14077  16.9%     -    8s
     0     0   66.22286    0  239   79.62566   66.22286  16.8%     -    9s
     0     0   66.22498    0  240   79.62566   66.22498  16.8%     -    9s
     0     0   66.27810    0  223   79.62566   66.27810  16.8%     -   10s
     0     0   66.28279    0  210   79.62566   66.28279  16.8%     -   10s
     0     0   66.28283    0  226   79.62566   66.28283  16.8%     -   10s
     0     0   66.31412    0  264   79.62566   66.31412  16.7%     -   10s
     0     0   66.31867    0  257   79.62566   66.31867  16.7%     -   10s
     0     0   66.31922    0  254   79.62566   66.31922  16.7%     -   10s
     0     0   66.34161    0  237   79.62566   66.34161  16.7%     -   11s
     0     0   66.34590    0  234   79.62566   66.34590  16.7%     -   11s
     0     0   66.34596    0  239   79.62566   66.34596  16.7%     -   11s
     0     0   66.37322    0  239   79.62566   66.37322  16.6%     -   12s
     0     0   66.37608    0  235   79.62566   66.37608  16.6%     -   12s
     0     0   66.37665    0  234   79.62566   66.37665  16.6%     -   12s
     0     0   66.38943    0  245   79.62566   66.38943  16.6%     -   12s
     0     0   66.39347    0  252   79.62566   66.39347  16.6%     -   13s
     0     0   66.39372    0  257   79.62566   66.39372  16.6%     -   13s
     0     0   66.43497    0  205   79.62566   66.43497  16.6%     -   13s
     0     0   66.44845    0  255   79.62566   66.44845  16.5%     -   14s
     0     0   66.45056    0  251   79.62566   66.45056  16.5%     -   14s
     0     0   66.46295    0  242   79.62566   66.46295  16.5%     -   14s
     0     0   66.46349    0  249   79.62566   66.46349  16.5%     -   14s
     0     0   66.49370    0  189   79.62566   66.49370  16.5%     -   15s
     0     0   66.49624    0  209   79.62566   66.49624  16.5%     -   15s
     0     0   66.49632    0  224   79.62566   66.49632  16.5%     -   15s
     0     0   66.50747    0  207   79.62566   66.50747  16.5%     -   16s
     0     0   66.50933    0  222   79.62566   66.50933  16.5%     -   16s
     0     0   66.52159    0  196   79.62566   66.52159  16.5%     -   17s
     0     0   66.52159    0  192   79.62566   66.52159  16.5%     -   17s
H    0     0                      77.5895491   66.52159  14.3%     -   17s
H    0     0                      77.5417211   66.52159  14.2%     -   17s
H    0     2                      77.4744937   66.52159  14.1%     -   18s
     0     2   66.52159    0  188   77.47449   66.52159  14.1%     -   18s
H   31    46                      77.3489260   66.53320  14.0%   259   20s
H   32    46                      77.2669183   66.53409  13.9%   271   20s
H   36    46                      77.2505458   66.56738  13.8%   273   20s
H   40    46                      77.2055130   66.56738  13.8%   269   20s
H   79    94                      76.7972107   66.61171  13.3%   250   23s
H   80    94                      76.7303301   66.61317  13.2%   247   23s
H   81    93                      67.6139332   66.61631  1.48%   251   23s
H  145    83                      67.5874688   66.65417  1.38%   205   24s
H  147    83                      67.5290160   66.65417  1.30%   206   24s
   195   139   66.67856   14  236   67.52902   66.67856  1.26%   190   25s
H 1076   969                      67.5271891   66.91435  0.91%   106   29s
  1306  1209   66.92984   18  198   67.52719   66.92635  0.89%  99.5   30s
H 1730  1474                      67.2425539   66.93965  0.45%  90.7   31s

Cutting planes:
  Learned: 3
  Gomory: 20
  Lift-and-project: 50
  Cover: 81
  Implied bound: 171
  Projected implied bound: 11
  Clique: 1
  MIR: 802
  StrongCG: 6
  Flow cover: 1222
  Flow path: 3
  GUB cover: 1
  Inf proof: 1
  Zero half: 19
  Network: 1
  RLT: 110
  Relax-and-lift: 80
  PSD: 3

Explored 1763 nodes (177819 simplex iterations) in 31.57 seconds (21.19 work units)
Thread count was 32 (of 32 available processors)

Solution count 10: 67.2426 67.5272 67.529 ... 77.2669

Optimal solution found (tolerance 5.00e-03)
Best objective 6.724255392164e+01, best bound 6.694355190916e+01, gap 0.4447%
