
Gurobi 9.5.2 (linux64) logging started Tue Aug 11 19:45:40 2026

Set parameter LogFile to value "/mnt/beegfs/users/celinep/ChargeAndBreak/logs/oracle_RlongCmanyTtight_7__diesel_gurobi.log"
Gurobi Optimizer version 9.5.2 build v9.5.2rc0 (linux64)
Thread count: 16 physical cores, 32 logical processors, using up to 32 threads
Optimize a model with 9543 rows, 5042 columns and 176279 nonzeros
Model fingerprint: 0x92bff9b6
Variable types: 3178 continuous, 1864 integer (1864 binary)
Coefficient statistics:
  Matrix range     [2e-01, 2e+03]
  Objective range  [5e-01, 1e+00]
  Bounds range     [1e+00, 6e+01]
  RHS range        [1e-02, 5e+02]

User MIP start did not produce a new incumbent solution
User MIP start violates constraint c_l_x14074_ by 1.000000000

Presolve removed 4429 rows and 1703 columns
Presolve time: 3.58s
Presolved: 5114 rows, 3339 columns, 155994 nonzeros
Variable types: 1918 continuous, 1421 integer (1421 binary)
Found heuristic solution: objective 2010.9777083
Root relaxation presolved: 5114 rows, 3339 columns, 155994 nonzeros


Root simplex log...

Iteration    Objective       Primal Inf.    Dual Inf.      Time
    1209    6.0145147e+01   1.626696e+04   0.000000e+00      5s
    3727    1.0417882e+02   0.000000e+00   0.000000e+00      6s
    3727    1.0417882e+02   0.000000e+00   0.000000e+00      6s

Root relaxation: objective 1.041788e+02, 3727 iterations, 1.59 seconds (0.89 work units)
Another try with MIP start

    Nodes    |    Current Node    |     Objective Bounds      |     Work
 Expl Unexpl |  Obj  Depth IntInf | Incumbent    BestBd   Gap | It/Node Time

H    0     0                     120.9777083  104.17882  13.9%     -    7s
     0     0  104.17882    0  140  120.97771  104.17882  13.9%     -    7s
     0     0  105.05968    0  210  120.97771  105.05968  13.2%     -   10s
     0     0  105.05968    0  206  120.97771  105.05968  13.2%     -   10s
     0     0  105.33610    0  202  120.97771  105.33610  12.9%     -   13s
     0     0  105.38070    0  225  120.97771  105.38070  12.9%     -   13s
     0     0  105.38173    0  220  120.97771  105.38173  12.9%     -   13s
     0     0  105.38173    0  220  120.97771  105.38173  12.9%     -   13s
     0     0  105.54242    0  261  120.97771  105.54242  12.8%     -   14s
     0     0  105.54242    0  212  120.97771  105.54242  12.8%     -   14s
     0     0  105.58795    0  310  120.97771  105.58795  12.7%     -   16s
     0     0  105.58856    0  308  120.97771  105.58856  12.7%     -   16s
     0     0  105.58856    0  318  120.97771  105.58856  12.7%     -   16s
     0     0  105.59923    0  300  120.97771  105.59923  12.7%     -   18s
     0     0  105.60103    0  291  120.97771  105.60103  12.7%     -   18s
     0     0  105.60112    0  295  120.97771  105.60112  12.7%     -   18s
     0     0  105.69298    0  281  120.97771  105.69298  12.6%     -   20s
     0     0  105.69305    0  288  120.97771  105.69305  12.6%     -   21s
     0     0  105.69388    0  289  120.97771  105.69388  12.6%     -   24s
H    0     0                     120.8773506  105.69388  12.6%     -   24s
     0     0  105.71085    0  261  120.87735  105.71085  12.5%     -   25s
     0     0  105.71605    0  284  120.87735  105.71605  12.5%     -   25s
     0     0  105.71642    0  302  120.87735  105.71642  12.5%     -   25s
     0     0  105.71676    0  304  120.87735  105.71676  12.5%     -   26s
     0     0  105.71677    0  323  120.87735  105.71677  12.5%     -   26s
     0     0  105.72110    0  308  120.87735  105.72110  12.5%     -   28s
     0     0  105.72166    0  334  120.87735  105.72166  12.5%     -   29s
     0     0  105.72166    0  336  120.87735  105.72166  12.5%     -   29s
     0     0  105.72468    0  323  120.87735  105.72468  12.5%     -   33s
     0     0  105.72478    0  335  120.87735  105.72478  12.5%     -   33s
     0     0  105.72478    0  351  120.87735  105.72478  12.5%     -   36s
     0     0  105.72478    0  345  120.87735  105.72478  12.5%     -   37s
     0     0  105.72530    0  330  120.87735  105.72530  12.5%     -   39s
     0     0  105.72530    0  295  120.87735  105.72530  12.5%     -   43s
     0     2  105.72530    0  291  120.87735  105.72530  12.5%     -   44s
     1     4  105.73506    1  265  120.87735  105.72530  12.5%   245   46s
     7    16  105.73507    3  377  120.87735  105.73377  12.5%   526   51s
H   31    48                     120.6273506  105.74574  12.3%   489   58s
    47    64  105.78679    6  300  120.62735  105.75936  12.3%   497   61s
    63    80  105.85182    7  276  120.62735  105.79287  12.3%   564   68s
    79    96  105.91546    8  330  120.62735  105.79973  12.3%   565   73s
H   80    96                     119.7106839  105.79973  11.6%   558   73s
H   93    96                     119.0610417  105.82585  11.1%   599   73s
    95   112  105.83872    9  399  119.06104  105.83872  11.1%   605   76s
H  127   144                     118.5610417  105.85652  10.7%   597   84s
H  127   144                     118.1443750  105.85652  10.4%   597   84s
   143   160  106.05709   12  367  118.14437  105.99980  10.3%   604   87s
   159   177  106.73113   13  307  118.14437  106.07147  10.2%   675   91s
   176   193  108.32117   10  163  118.14437  106.21853  10.1%   688   97s
   192   209  106.84420   12  274  118.14437  106.37266  10.0%   733  106s
   208   227  107.41083    9  137  118.14437  106.44311  9.90%   787  114s
   226   243  106.86943    8  245  118.14437  106.51030  9.85%   796  124s
   242   263  107.10219    8  157  118.14437  106.59851  9.77%   805  129s
   262   284  107.21954   12  203  118.14437  106.69743  9.69%   798  133s
   283   321  107.27193    8  173  118.14437  106.81312  9.59%   793  138s
   320   345  107.95062   13  162  118.14437  106.86042  9.55%   738  140s
   344   384  107.71250   15  167  118.14437  106.86042  9.55%   710  150s
   448   513  107.74826   17  153  118.14437  106.86130  9.55%   596  156s
   512   560  109.57084   20  162  118.14437  106.86130  9.55%   548  164s
   559   604  108.65728   21  164  118.14437  106.86140  9.55%   524  167s
   603   669  108.57211   24  157  118.14437  106.86161  9.55%   503  171s
   734   789  108.67924   29  152  118.14437  106.86603  9.55%   462  177s
   788   865  110.16712   34  165  118.14437  106.86635  9.55%   450  181s
   864   963  107.16171   39  199  118.14437  106.87458  9.54%   429  185s
  1043  1159  108.08757   19  106  118.14437  106.92296  9.50%   385  193s
  1158  1278  107.07092   25  160  118.14437  106.92296  9.50%   360  197s
  1279  1399  107.11696   32  139  118.14437  106.92297  9.50%   337  200s
H 1406  1484                     117.9777083  106.93629  9.36%   318  204s
  1491  1515  108.52968   35  120  117.97771  106.94917  9.35%   311  214s
  1522  1582  109.81427   44  158  117.97771  106.97381  9.33%   312  219s
  1589  1732  108.85847   46  161  117.97771  106.97381  9.33%   305  224s
  1739  1916  108.88209   48  166  117.97771  106.97381  9.33%   289  230s
  2076  2067  107.02729   18  295  117.97771  106.97381  9.33%   260  290s
  2078  2068  109.65870   28  193  117.97771  106.97381  9.33%   260  296s
  2079  2069  107.92296   39  186  117.97771  106.97381  9.33%   260  303s
  2080  2070  107.36955   10  199  117.97771  106.97381  9.33%   260  305s
  2083  2072  107.13071   46  269  117.97771  106.97381  9.33%   260  321s
  2085  2073  110.67960   14  299  117.97771  106.97381  9.33%   259  330s
H 2085  1969                     117.9777080  106.97381  9.33%   259  337s
  2086  1970  108.44592   16  217  117.97771  106.97381  9.33%   259  344s
  2088  1971  107.66880   32  253  117.97771  106.97381  9.33%   259  345s
  2092  1974  109.79047   21  331  117.97771  106.97381  9.33%   258  352s
  2093  1974  107.20510   46  275  117.97771  106.97381  9.33%   258  363s
  2097  1977  107.13107   16  396  117.97771  106.97381  9.33%   258  365s
  2099  1978  108.63608    9  410  117.97771  106.97381  9.33%   258  373s
H 2099  1878                     117.9777080  106.97381  9.33%   258  382s
  2100  1879  108.54755   53  313  117.97771  106.97381  9.33%   257  387s
  2105  1882  107.07121   15  382  117.97771  106.97381  9.33%   257  394s
  2106  1883  108.91724   63  308  117.97771  107.12986  9.19%   257  405s
  2110  1886  109.11804   36  409  117.97771  107.17746  9.15%   256  413s
  2111  1886  108.56602   11  399  117.97771  107.18786  9.15%   256  427s
  2113  1888  108.00592   19  365  117.97771  107.20632  9.13%   256  432s
  2114  1888  108.63637   32  306  117.97771  107.22385  9.12%   256  450s
  2115  1889  108.05547   32  306  117.97771  107.22385  9.12%   256  456s
  2117  1893  107.23957   14  303  117.97771  107.23957  9.10%   269  487s
  2119  1896  107.34277   15  303  117.97771  107.34277  9.01%   269  522s
  2123  1899  107.62629   16  308  117.97771  107.62629  8.77%   272  535s
  2130  1904  107.68494   17  304  117.97771  107.68494  8.72%   276  547s
  2142  1912  107.71713   18  295  117.97771  107.68497  8.72%   288  560s
  2158  1920  107.70160   19  378  117.97771  107.69870  8.71%   297  567s
  2174  1928  107.70639   20  400  117.97771  107.70370  8.71%   300  585s
  2206  1955  107.74696   22  399  117.97771  107.74421  8.67%   303  591s
  2231  1961  107.79936   23  372  117.97771  107.74956  8.67%   305  604s
  2247  1986  107.82176   24  371  117.97771  107.80647  8.62%   306  620s
  2277  1991  109.71003   26  281  117.97771  107.82225  8.61%   306  625s
  2293  2012  107.87332   26  346  117.97771  107.83630  8.60%   308  651s
  2338  2047  107.92536   31  330  117.97771  107.84664  8.59%   312  669s
  2371  2036  108.11050   23  311  117.97771  107.88735  8.55%   313  670s
  2445  2096  108.06572   34  360  117.97771  107.99600  8.46%   315  699s
  2477  2117  108.31076   36  340  117.97771  108.06640  8.40%   317  717s
  2510  2140  108.33568   37  361  117.97771  108.10622  8.37%   319  721s
  2547  2173  108.11155   37  319  117.97771  108.11100  8.36%   320  728s
  2594  2230  108.20840   38  244  117.97771  108.11182  8.36%   319  730s
  2763  2347  108.20879   48  276  117.97771  108.12429  8.35%   317  736s
H 2958  2300                     117.6443750  108.14780  8.07%   313  746s
H 2974  2238                     117.6443746  108.15020  8.07%   315  756s
H 2988  2147                     117.4777083  108.15179  7.94%   314  756s
  3130  2252  113.53520   38   98  117.47771  108.16394  7.93%   314  774s
  3154  2244  109.50816   59  219  117.47771  108.16850  7.92%   315  775s
H 3155  2161                     117.4777080  108.16850  7.92%   315  775s
  3345  2370  108.70798   39  264  117.47771  108.17345  7.92%   312  781s
  3462  2369     cutoff   33       117.47771  108.17865  7.92%   311  808s
  3505  2618  113.06760   25  142  117.47771  108.18261  7.91%   313  812s
  3777  2579  109.24830   33  267  117.47771  108.18694  7.91%   301  834s
  3840  2782  109.59914   45  208  117.47771  108.18994  7.91%   303  839s
  4075  2709  108.22650   24  376  117.47771  108.19444  7.90%   297  847s
  4094  2760  112.14306   37  186  117.47771  108.19875  7.90%   300  858s
  4157  3020  111.86933   39  114  117.47771  108.20237  7.90%   302  864s
  4453  3098  109.59883   40  146  117.47771  108.20493  7.89%   295  870s
  4645  3102  108.21317   45  194  117.47771  108.20903  7.89%   293  886s
  4720  3416  109.64256   38  116  117.47771  108.21169  7.89%   296  890s
  5107  3351  108.89637   52  225  117.47771  108.21670  7.88%   287  907s
  5189  3606  112.33863   27  125  117.47771  108.22044  7.88%   288  912s
  5489  3718  108.95504   37  219  117.47771  108.22323  7.88%   282  922s
  5711  3783  109.90949   47  202  117.47771  108.22661  7.87%   279  931s
  5868  4102  113.28027   55  191  117.47771  108.22986  7.87%   280  937s
  6290  4025  113.36911   51  184  117.47771  108.23376  7.87%   273  959s
  6388  4265  108.68443   54  230  117.47771  108.23898  7.86%   277  965s
  6696  4262  113.51456   62  186  117.47771  108.24443  7.86%   274  981s
  6821  4496     cutoff   49       117.47771  108.25087  7.85%   275  988s
  7088  4637     cutoff   32       117.47771  108.25978  7.85%   275 1002s
  7264  4783  108.26375   54  275  117.47771  108.26375  7.84%   275 1016s
  7440  5044  108.27377   31  207  117.47771  108.27267  7.84%   277 1026s
  7733  5078  111.74528   32  115  117.47771  108.28133  7.83%   274 1041s
  7787  5148  109.21340   63  199  117.47771  108.28874  7.82%   275 1056s
  7873  5491  109.14980   58  151  117.47771  108.29506  7.82%   277 1070s
  8275  5700  108.89920   48  171  117.47771  108.30152  7.81%   272 1079s
  8503  6214  109.57880   41  219  117.47771  108.31138  7.80%   271 1084s
  9078  6273  112.69525   38  153  117.47771  108.31997  7.80%   264 1103s
  9162  6510  108.84303   58  194  117.47771  108.32839  7.79%   266 1120s
  9405  6933  109.25677   44  217  117.47771  108.33812  7.78%   265 1129s
H 9478  6933                     117.4777079  108.33892  7.78%   264 1129s
  9915  7216  115.02307   40  180  117.47771  108.34591  7.77%   261 1151s
 10215  7776  112.35609   31  168  117.47771  108.35305  7.77%   260 1161s
 10841  7877  110.39564   37  201  117.47771  108.36114  7.76%   256 1184s
 10963  8325  111.23091   28  133  117.47771  108.36989  7.75%   257 1195s
 11484  8985  112.76815   50  121  117.47771  108.38053  7.74%   255 1203s
 12402  9132  112.75304   49  198  117.47771  108.39190  7.73%   247 1222s
 12568 10069  117.34825   37  264  117.47771  108.40004  7.73%   248 1238s
H12912 10069                     117.4777079  108.40438  7.72%   245 1238s
 13593 10894  112.76556   58  148  117.47771  108.40869  7.72%   237 1250s
 14596 10973  108.83303   38  241  117.47771  108.41509  7.71%   231 1267s
 14708 11135     cutoff   57       117.47771  108.42513  7.71%   232 1289s
 14891 11999  110.40597   66  111  117.47771  108.43140  7.70%   233 1302s
 15906 12920  109.82173   61  192  117.47771  108.43549  7.70%   228 1316s
 16961 13250  115.95093   80  227  117.47771  108.45492  7.68%   223 1333s
 17319 14238  112.77886   30  177  117.47771  108.46448  7.67%   223 1346s
 18593 14467  114.99768   47  156  117.47771  108.47388  7.66%   217 1369s
 18860 15370  109.13259   36   95  117.47771  108.48292  7.66%   218 1382s
 19971 16178  109.57394   61  269  117.47771  108.48985  7.65%   214 1399s
 20858 16369  114.93839   46  122  117.47771  108.49802  7.64%   213 1427s
 21079 19510  110.74103   71  125  117.47771  108.50332  7.64%   215 1490s
 24887 19593  109.30320   49  222  117.47771  108.53483  7.61%   213 1528s
 25001 19767  113.79490   49  138  117.47771  108.54495  7.60%   214 1558s
 25206 21130     cutoff   73       117.47771  108.55069  7.60%   215 1573s
 26770 22164  113.53562   40  121  117.47771  108.56406  7.59%   212 1590s
 27993 22258  109.88173   73  173  117.47771  108.57977  7.57%   210 1617s
H28105 22258                     117.4777078  108.58509  7.57%   210 1617s
 28124 23282  108.83480   72  207  117.47771  108.58552  7.57%   210 1637s
 29458 23465  112.12695   78  150  117.47771  108.59724  7.56%   210 1668s
 29702 24413  111.29232   58  211  117.47771  108.61296  7.55%   211 1691s
 30829 24774  108.87735   50  205  117.47771  108.63099  7.53%   211 1716s
 31266 26069 infeasible   92       117.47771  108.63611  7.53%   212 1742s
 32900 26394  109.32751   46  130  117.47771  108.65022  7.51%   211 1762s
 33317 26654  109.61510   45  240  117.47771  108.66147  7.50%   211 1787s
 33610 28072  110.06777   81   89  117.47771  108.66807  7.50%   212 1808s
 35460 29607  110.35433   48  235  117.47771  108.67381  7.49%   212 1837s
 37589 30281 infeasible   63       117.47771  108.69684  7.47%   209 1872s
 38379 31000  110.74876   32  265  117.47771  108.70835  7.46%   210 1920s
 39256 32787  115.37396   43  150  117.47771  108.72509  7.45%   210 1952s
 41385 33147  109.33708   92  204  117.47771  108.75093  7.43%   209 1990s
 41823 39364  111.05900   48  195  117.47771  108.76307  7.42%   210 2136s
H42320 39364                     117.4777078  108.76307  7.42%   210 2136s
 49720 39438  112.03692   40  190  117.47771  108.87711  7.32%   207 2175s
 49842 39707     cutoff   63       117.47771  108.89935  7.30%   208 2207s
 50187 39937  109.65654   56  310  117.47771  108.91726  7.29%   209 2246s
 50459 42327  112.43285   72   72  117.47771  108.94183  7.27%   209 2277s
 53452 44424  110.23103   45  126  117.47771  108.98234  7.23%   205 2307s
 55886 44688     cutoff   54       117.47771  109.01668  7.20%   204 2348s
 56201 46665  116.11550   47  196  117.47771  109.03643  7.19%   204 2377s
 58685 48077  112.86887   42  148  117.47771  109.05700  7.17%   202 2402s
 60532 48262  109.75974   65  124  117.47771  109.08346  7.15%   202 2434s
 60780 49716  111.57038   63   79  117.47771  109.09745  7.13%   202 2461s
 62827 50640  111.57039   77  137  117.47771  109.11784  7.12%   202 2512s
 63973 53231  110.71179   58  167  117.47771  109.13203  7.10%   203 2573s
 67442 53584     cutoff   54       117.47771  109.21211  7.04%   205 2614s
 67851 55740  111.37377   57  196  117.47771  109.22716  7.02%   205 2658s
 70579 56807  110.60592   75  172  117.47771  109.25658  7.00%   205 2688s
 71940 57243  110.64681   60  148  117.47771  109.27901  6.98%   205 2733s
 72646 59380  115.76532   31  251  117.47771  109.29154  6.97%   205 2772s
 75422 59729  110.76446   89  130  117.47771  109.32172  6.94%   204 2826s
 75868 61626 infeasible   53       117.47771  109.34653  6.92%   205 2861s
 78521 63534  115.09749   67  118  117.47771  109.38117  6.89%   204 2895s
 81196 63766  111.89713   50  191  117.47771  109.41147  6.87%   203 2919s
 81537 65779  110.28508   53  114  117.47771  109.42809  6.85%   203 2944s
 84691 68113  111.88383   48  110  117.47771  109.45209  6.83%   200 2984s
 87706 68297  112.43542   63  163  117.47771  109.49242  6.80%   200 3014s
 87946 70083 infeasible   72       117.47771  109.49905  6.79%   200 3044s
 90539 70909 infeasible   30       117.47771  109.52042  6.77%   197 3076s
 91597 72769  111.45600   39  186  117.47771  109.52654  6.77%   196 3097s
 94616 74243     cutoff   58       117.47771  109.54417  6.75%   193 3119s
 96831 74355  109.72596   41  242  117.47771  109.55428  6.74%   192 3154s
 97044 76134  110.84532   45  224  117.47771  109.55952  6.74%   192 3176s
 99599 77366  111.49089   74  155  117.47771  109.57018  6.73%   190 3195s
 101499 77436  110.79189   82  285  117.47771  109.57631  6.73%   188 3224s
 101544 77436  111.12323   72  117  117.47771  109.58165  6.72%   188 3225s
 101657 78773  114.55551   43  210  117.47771  109.58527  6.72%   189 3249s
 103735 78881  109.93772   82   81  117.47771  109.59327  6.71%   187 3270s
 103970 80792  109.93071   31  267  117.47771  109.59715  6.71%   187 3290s
 106887 84063     cutoff  130       117.47771  109.60977  6.70%   184 3335s
 112195 84099     cutoff   83       117.47771  109.62069  6.69%   180 3359s
 112280 84194     cutoff   55       117.47771  109.62170  6.69%   180 3378s
 112454 85501     cutoff   85       117.47771  109.63431  6.68%   180 3393s
 114532 86608     cutoff   78       117.47771  109.64451  6.67%   179 3408s
 116035 86709 infeasible   70       117.47771  109.64828  6.66%   178 3427s
 116202 87901  116.40042   52  173  117.47771  109.65544  6.66%   178 3440s
 117962 88672  110.26364   65  217  117.47771  109.65988  6.65%   177 3474s
 119247 88759  113.08820   64   82  117.47771  109.66830  6.65%   176 3489s
 119398 89936 infeasible   66       117.47771  109.67384  6.64%   176 3504s
 121201 90833 infeasible   85       117.47771  109.68398  6.63%   176 3523s
 122948 90941     cutoff   73       117.47771  109.68962  6.63%   175 3541s
 123142 92423     cutoff   55       117.47771  109.69302  6.63%   175 3561s
 125377 94129  109.98612   83   81  117.47771  109.70111  6.62%   174 3577s
 127726 94376  110.50811   52  226  117.47771  109.70667  6.61%   172 3613s
 128127 104340     cutoff   82       117.47771  109.70878  6.61%   172 3749s
 134133 104340     cutoff   81       117.47771  109.71028  6.61%   169 3750s
 143891 104433  111.93786   74  116  117.47771  109.73921  6.59%   165 3771s
 144069 104548  110.00595   44  113  117.47771  109.73999  6.59%   165 3810s
 144252 105980     cutoff   50       117.47771  109.74219  6.58%   165 3828s
 146362 106456  109.76624   47  217  117.47771  109.74853  6.58%   164 3859s
 147000 106600  111.37750   83  167  117.47771  109.74961  6.58%   164 3895s
 147190 108213  116.32669   66  141  117.47771  109.75094  6.58%   164 3913s
 149531 111322  110.77562   62  219  117.47771  109.75911  6.57%   163 3954s
 153553 112849  111.62722   46  153  117.47771  109.76944  6.56%   162 3973s
 155614 112920     cutoff   68       117.47771  109.77518  6.56%   161 3998s
 155787 114495     cutoff   82       117.47771  109.77760  6.55%   161 4019s
 157997 116023  111.64974   58  192  117.47771  109.78267  6.55%   160 4040s
 160083 116128  112.60413   91   99  117.47771  109.78772  6.55%   159 4068s
 160293 117707  110.07275   57  235  117.47771  109.79137  6.54%   160 4087s
 162816 119431 infeasible   54       117.47771  109.79716  6.54%   159 4107s
 165453 120569 infeasible   96       117.47771  109.80290  6.53%   157 4127s
 167470 120609  112.37484   70  206  117.47771  109.81184  6.53%   157 4162s
 167644 122066  111.94252  103  220  117.47771  109.81397  6.52%   157 4180s
 169708 122144  113.81032   62   84  117.47771  109.81789  6.52%   156 4207s
 169876 123449  110.82689   80  192  117.47771  109.81983  6.52%   156 4225s
 172003 126536  109.91293   78  158  117.47771  109.82397  6.52%   156 4266s
 176533 126631  110.32888   68  216  117.47771  109.83350  6.51%   155 4291s
 176756 128130 infeasible   64       117.47771  109.83572  6.51%   155 4312s
 179067 128420     cutoff   90       117.47771  109.84145  6.50%   154 4342s
 179511 129781 infeasible  111       117.47771  109.84371  6.50%   154 4364s
 181993 131004  111.64625   70   90  117.47771  109.84751  6.50%   153 4383s
 183827 131089  115.65523   49  151  117.47771  109.85101  6.49%   153 4406s
 184062 131492 infeasible   76       117.47771  109.85517  6.49%   153 4501s
 184782 131659  110.79154   62  274  117.47771  109.85736  6.49%   153 4535s
 185111 133518  110.25448   66   88  117.47771  109.85890  6.49%   153 4557s
 188192 135248 infeasible   68       117.47771  109.86522  6.48%   152 4579s
 191366 136789     cutoff  112       117.47771  109.87261  6.47%   151 4600s
 193995 137022  109.94082   48  307  117.47771  109.87959  6.47%   150 4635s
 194363 145655     cutoff  109       117.47771  109.88251  6.47%   150 4722s
 210140 145713     cutoff   78       117.47771  109.89691  6.45%   144 4742s
 210312 147083  111.79886   90  134  117.47771  109.89730  6.45%   144 4755s
 212633 147139     cutoff   87       117.47771  109.90007  6.45%   144 4790s
 212873 148654 infeasible   62       117.47771  109.90168  6.45%   144 4805s
 215269 151343     cutoff   58       117.47771  109.90535  6.45%   143 4841s
 220154 151358 infeasible   76       117.47771  109.91112  6.44%   142 4865s
 220339 153032  109.94359   44  237  117.47771  109.91493  6.44%   142 4881s
 223071 153096  110.80075   79  139  117.47771  109.92090  6.43%   141 4928s
 223241 154394  112.68059   70  167  117.47771  109.92393  6.43%   141 4947s
 225453 155794  110.21501   71  197  117.47771  109.92679  6.43%   141 4963s
 227898 155834     cutoff   80       117.47771  109.93152  6.42%   140 4988s
 228146 157352     cutoff   94       117.47771  109.93372  6.42%   140 5004s
 230662 157526     cutoff   54       117.47771  109.93705  6.42%   140 5020s
 231027 159194  110.90766   88  151  117.47771  109.94094  6.42%   140 5038s
 233895 159341     cutoff   65       117.47771  109.94539  6.41%   139 5059s
 234360 160692     cutoff  102       117.47771  109.94753  6.41%   139 5076s
 237227 163789  109.97878   39  264  117.47771  109.95227  6.41%   138 5106s
 242478 163841     cutoff   99       117.47771  109.96244  6.40%   137 5127s
 242661 165352  110.77399   55  128  117.47771  109.96570  6.39%   137 5136s
 244932 165408  111.94000   83   76  117.47771  109.96908  6.39%   137 5160s
 245129 167340  111.42397   86  308  117.47771  109.97101  6.39%   137 5176s
 248130 167857     cutoff   96       117.47771  109.97434  6.39%   136 5194s
 249064 168095  110.82413   69  300  117.47771  109.97576  6.39%   136 5212s
 249555 169517  112.65727   52  149  117.47771  109.97754  6.38%   136 5223s
 251923 170944     cutoff   68       117.47771  109.98193  6.38%   136 5239s
 254419 171032  112.70656   66  117  117.47771  109.98563  6.38%   135 5259s
 254638 172515  110.29156   57  217  117.47771  109.98934  6.37%   135 5277s
 257121 173831  110.28681   72  202  117.47771  109.99374  6.37%   135 5295s
 259474 173955     cutoff   31       117.47771  110.00019  6.37%   134 5337s
 259831 181727     cutoff   89       117.47771  110.00174  6.36%   135 5395s
 275819 181774     cutoff   87       117.47771  110.01561  6.35%   132 5407s
 276059 182749     cutoff   84       117.47771  110.01618  6.35%   132 5412s
 277857 182784     cutoff   84       117.47771  110.01823  6.35%   132 5419s
H278027 182784                     117.4777070  110.01906  6.35%   132 5419s
 278142 183213 infeasible   94       117.47771  110.02037  6.35%   132 5425s
 279125 184420     cutoff   91       117.47771  110.02248  6.35%   132 5430s
 281386 184434     cutoff   82       117.47771  110.02702  6.34%   132 5436s
 281832 191062 infeasible   49       117.47771  110.02969  6.34%   132 5472s
 295607 191122     cutoff  110       117.47771  110.04393  6.33%   130 5480s
 295915 191238     cutoff   90       117.47771  110.04425  6.33%   130 5485s
 296167 192619     cutoff   89       117.47771  110.04502  6.33%   130 5490s
 298662 194318  112.29251   69   91  117.47771  110.04884  6.32%   130 5497s
 301598 195717     cutoff   99       117.47771  110.05409  6.32%   130 5504s
 303967 195808     cutoff   63       117.47771  110.05849  6.32%   130 5518s
 304301 204373     cutoff   65       117.47771  110.06153  6.31%   130 5555s
 320166 204474     cutoff   85       117.47771  110.07474  6.30%   128 5561s
 320378 204541  110.74811   61  165  117.47771  110.07511  6.30%   128 5568s
 320663 206039 infeasible   94       117.47771  110.07557  6.30%   128 5573s
 323430 207522     cutoff   80       117.47771  110.08112  6.30%   128 5578s
 325850 207611     cutoff   95       117.47771  110.08463  6.29%   127 5594s
 326191 214286     cutoff  104       117.47771  110.08596  6.29%   127 5622s
 341606 214356  113.46699   88  179  117.47771  110.10012  6.28%   125 5631s
 341807 215655  112.23676   68   93  117.47771  110.10036  6.28%   125 5635s
 344019 215693  110.52201   52  171  117.47771  110.10309  6.28%   125 5646s
 344239 216784  112.77594  104  260  117.47771  110.10415  6.28%   125 5653s
 346547 219092     cutoff   69       117.47771  110.10745  6.27%   125 5664s
 350365 219143 infeasible   57       117.47771  110.11464  6.27%   125 5673s
 350626 220636     cutoff  106       117.47771  110.11583  6.27%   125 5680s
 353204 220645     cutoff   98       117.47771  110.11968  6.26%   125 5689s
 353502 222275     cutoff  125       117.47771  110.12222  6.26%   125 5697s
 356319 222321     cutoff   82       117.47771  110.12817  6.26%   125 5708s
 356616 223892     cutoff   76       117.47771  110.13054  6.25%   125 5717s
 359815 224933     cutoff   61       117.47771  110.13764  6.25%   125 5729s
 362121 224943     cutoff   33       117.47771  110.14175  6.24%   125 5740s
H362129 224943                     117.4777070  110.14198  6.24%   125 5740s
 362518 226322  110.20330   66  239  117.47771  110.14521  6.24%   125 5746s
H362705 226322                     117.4777060  110.14524  6.24%   125 5746s
 365349 227790 infeasible  105       117.47771  110.14982  6.24%   125 5753s
 367995 227854     cutoff   85       117.47771  110.15599  6.23%   125 5766s
 368431 233941  112.32823   53  185  117.47771  110.16022  6.23%   125 5793s
 383051 233966  114.59800   55  164  117.47771  110.17621  6.22%   123 5806s
 383397 233946     cutoff   54       117.47771  110.17644  6.22%   123 5813s
 383804 234780     cutoff   76       117.47771  110.17723  6.21%   124 5818s
 385639 235880     cutoff   62       117.47771  110.18233  6.21%   123 5823s
 388063 235930     cutoff   36       117.47771  110.18616  6.21%   123 5830s
 388297 237060     cutoff   82       117.47771  110.18855  6.20%   123 5837s
 390761 238906  112.87756  138  334  117.47771  110.19411  6.20%   123 5849s
 394592 238959  116.59918   81  175  117.47771  110.19988  6.20%   123 5857s
 394957 239543     cutoff   75       117.47771  110.20268  6.19%   123 5866s
 396255 241601  113.52209  109  144  117.47771  110.20578  6.19%   123 5876s
 400287 241692     cutoff   62       117.47771  110.21239  6.18%   123 5890s
 400647 243376     cutoff   73       117.47771  110.21423  6.18%   123 5899s
 403973 244928     cutoff  138       117.47771  110.22136  6.18%   123 5908s
 407115 245028     cutoff  128       117.47771  110.22816  6.17%   123 5918s
 407524 246015     cutoff   69       117.47771  110.22965  6.17%   123 5926s
 409989 247279  110.25047   45  191  117.47771  110.23354  6.17%   123 5933s
 412667 247448     cutoff   93       117.47771  110.24157  6.16%   123 5943s
 413622 252923     cutoff   97       117.47771  110.24435  6.16%   123 5967s
 425936 252967     cutoff   86       117.47771  110.25932  6.14%   122 5972s
 426343 254270     cutoff  117       117.47771  110.25971  6.14%   123 5977s
 429016 254314     cutoff   65       117.47771  110.26246  6.14%   123 5987s
 429318 255715 infeasible   59       117.47771  110.26549  6.14%   123 5993s
 432162 255892     cutoff   94       117.47771  110.27201  6.13%   123 6001s
 432605 256799 infeasible   95       117.47771  110.27253  6.13%   123 6008s
 434705 258353     cutoff   98       117.47771  110.27940  6.13%   123 6018s
 438534 258362  111.70697   50  195  117.47771  110.28421  6.12%   123 6024s
 438897 260071     cutoff  101       117.47771  110.29042  6.12%   123 6033s
 442064 260151  112.06806  110  206  117.47771  110.29475  6.11%   123 6041s
 442383 261670     cutoff   76       117.47771  110.29588  6.11%   123 6049s
 445160 263179     cutoff   94       117.47771  110.30162  6.11%   123 6055s
 448040 263225     cutoff   59       117.47771  110.30656  6.10%   123 6062s
 448351 264845  110.74261   39  219  117.47771  110.30774  6.10%   123 6070s
 451438 266420  110.96721   75  167  117.47771  110.31480  6.10%   123 6079s
 454482 266554     cutoff   90       117.47771  110.31853  6.09%   123 6089s
 454818 268173  112.73190   75  124  117.47771  110.32075  6.09%   123 6098s
 457825 269991     cutoff   95       117.47771  110.32440  6.09%   123 6110s
 461339 270033     cutoff   93       117.47771  110.33331  6.08%   123 6120s
 461679 272179     cutoff  101       117.47771  110.33538  6.08%   123 6130s
 465813 273032  111.57218   45   88  117.47771  110.34104  6.07%   122 6135s
 468098 274553     cutoff  122       117.47771  110.34652  6.07%   122 6144s
 471355 275948     cutoff   68       117.47771  110.35151  6.07%   122 6148s
 474188 276057  110.85798   66  161  117.47771  110.35837  6.06%   122 6153s
 474495 277337     cutoff   70       117.47771  110.35922  6.06%   122 6158s
 477521 278795  111.24238   52  132  117.47771  110.36271  6.06%   122 6162s
 480231 280982     cutoff   87       117.47771  110.36982  6.05%   122 6170s
 484977 282432     cutoff   78       117.47771  110.37802  6.04%   122 6180s
 488052 282520     cutoff   50       117.47771  110.38056  6.04%   122 6188s
 488314 283927  114.37638   61  153  117.47771  110.38302  6.04%   122 6193s
 491505 285164  112.45234   46  195  117.47771  110.39087  6.03%   122 6198s
 494302 285224  110.57881   59  279  117.47771  110.39437  6.03%   122 6203s
 494615 286700  110.84330   46  187  117.47771  110.39648  6.03%   122 6208s
 497869 287938  112.53595   73  136  117.47771  110.40465  6.02%   122 6214s
 500652 288132     cutoff   49       117.47771  110.40844  6.02%   122 6226s
 501357 294006     cutoff  130       117.47771  110.41223  6.01%   122 6252s
 516113 294095  110.66030   71  100  117.47771  110.42421  6.00%   121 6255s
 516489 295598 infeasible  129       117.47771  110.42437  6.00%   121 6260s
 520462 297454  112.01913   58  132  117.47771  110.43100  6.00%   121 6269s
 523562 297621     cutoff   49       117.47771  110.43440  6.00%   121 6279s
 524259 303346     cutoff   72       117.47771  110.43631  5.99%   121 6301s
 538031 303456     cutoff   70       117.47771  110.45073  5.98%   120 6307s
 538437 305286     cutoff  105       117.47771  110.45098  5.98%   120 6313s
 542357 305383     cutoff   91       117.47771  110.45469  5.98%   120 6318s
 542815 307133     cutoff   65       117.47771  110.45629  5.98%   120 6324s
 546830 309374  112.04135   69  159  117.47771  110.46133  5.97%   120 6331s
 550970 309422  112.22208   81  116  117.47771  110.46926  5.97%   120 6337s
 551296 311369     cutoff  111       117.47771  110.47119  5.96%   120 6342s
 555100 312430     cutoff   91       117.47771  110.47583  5.96%   120 6347s
 557664 312553  112.69250   63  120  117.47771  110.47835  5.96%   120 6351s
 558009 314187     cutoff   56       117.47771  110.47948  5.96%   120 6356s
 561249 315567 infeasible   89       117.47771  110.48326  5.95%   120 6361s
 564188 316630     cutoff   82       117.47771  110.48662  5.95%   120 6365s
 566604 316608 infeasible   55       117.47771  110.49395  5.94%   120 6372s
 567084 318168     cutoff   72       117.47771  110.49510  5.94%   120 6377s
 570602 320489     cutoff   61       117.47771  110.50136  5.94%   119 6385s
 575745 320527     cutoff   91       117.47771  110.50766  5.93%   119 6392s
 576078 321498     cutoff  118       117.47771  110.50916  5.93%   119 6396s
 578117 321524     cutoff   94       117.47771  110.51187  5.93%   119 6401s
 578487 323412     cutoff   79       117.47771  110.51361  5.93%   119 6408s
 582549 323476     cutoff   92       117.47771  110.51755  5.92%   119 6414s
 582878 325154  112.73234   73  134  117.47771  110.51948  5.92%   119 6420s
 587010 325055     cutoff   51       117.47771  110.52610  5.92%   119 6425s
 587460 326603 infeasible   76       117.47771  110.52720  5.92%   119 6431s
 590954 326672     cutoff  122       117.47771  110.53279  5.91%   119 6437s
 591373 328842  112.89271   71  153  117.47771  110.53404  5.91%   119 6444s
 595702 330155  110.86935   86  237  117.47771  110.53944  5.91%   119 6449s
 598545 330174     cutoff   86       117.47771  110.54524  5.90%   119 6457s
 598846 331390  112.29653   87  108  117.47771  110.54630  5.90%   119 6462s
 601931 333038  112.25156   80  116  117.47771  110.55152  5.90%   119 6467s
 605083 333212     cutoff  126       117.47771  110.55716  5.89%   119 6475s
 605517 334652  111.57264  118  124  117.47771  110.55817  5.89%   119 6481s
 608946 336199     cutoff  101       117.47771  110.56323  5.89%   120 6487s
 612507 337667  111.95708   62  129  117.47771  110.56676  5.88%   119 6494s
 616268 337654  113.98916   85   77  117.47771  110.57501  5.88%   119 6500s
 616709 339346 infeasible  111       117.47771  110.57752  5.87%   120 6506s
 620676 339340 infeasible  109       117.47771  110.58415  5.87%   120 6514s
 621082 340733     cutoff   67       117.47771  110.58648  5.87%   120 6520s
 624412 342221     cutoff  107       117.47771  110.59042  5.86%   120 6526s
 627670 342283     cutoff   54       117.47771  110.59709  5.86%   120 6531s
 628133 343981  113.27440   60  156  117.47771  110.59848  5.86%   120 6537s
 631987 344958     cutoff  107       117.47771  110.60430  5.85%   120 6542s
 634144 345082  110.67748   53  238  117.47771  110.60896  5.85%   120 6555s
 634665 352270     cutoff   97       117.47771  110.61010  5.85%   120 6585s
 649816 352257  113.48434   90  170  117.47771  110.62338  5.83%   119 6591s
 650174 352304     cutoff   83       117.47771  110.62388  5.83%   119 6597s
 650591 353900     cutoff  113       117.47771  110.62485  5.83%   119 6603s
 654003 355516     cutoff   87       117.47771  110.62981  5.83%   119 6609s
 657191 355550     cutoff   53       117.47771  110.63264  5.83%   119 6616s
 657737 363469     cutoff   64       117.47771  110.63493  5.82%   119 6646s
 673292 363466     cutoff  102       117.47771  110.64922  5.81%   119 6655s
 673501 363492     cutoff  111       117.47771  110.64942  5.81%   119 6661s
 674015 363562     cutoff  100       117.47771  110.65050  5.81%   119 6666s
 674500 365018     cutoff   84       117.47771  110.65150  5.81%   119 6673s
 678022 365807 infeasible   75       117.47771  110.65429  5.81%   119 6680s
 680242 366164     cutoff   83       117.47771  110.66002  5.80%   119 6690s
 681134 371250  114.05274   54  195  117.47771  110.66164  5.80%   119 6705s
 691419 371291  112.09596   64  137  117.47771  110.67042  5.79%   119 6713s
 691787 373263     cutoff   74       117.47771  110.67453  5.79%   119 6720s
 696199 373363     cutoff   62       117.47771  110.67973  5.79%   119 6727s
 696642 375358  112.02199  113  118  117.47771  110.68118  5.79%   119 6734s
 700666 376809     cutoff   89       117.47771  110.68487  5.78%   119 6742s
 703931 376838  111.86432   69  195  117.47771  110.68947  5.78%   119 6751s
 704434 380001  115.24162  109  160  117.47771  110.69145  5.78%   119 6761s
 711029 380032     cutoff   73       117.47771  110.69954  5.77%   119 6768s
 711380 381897     cutoff   57       117.47771  110.70059  5.77%   119 6775s
 715548 382063     cutoff   55       117.47771  110.70685  5.76%   119 6783s
 716252 383710     cutoff   73       117.47771  110.70799  5.76%   119 6789s
 719869 385348  112.46476   84  106  117.47771  110.71332  5.76%   119 6796s
 723648 385373  111.89466   77  116  117.47771  110.71953  5.75%   119 6803s
 724214 393720     cutoff   98       117.47771  110.72144  5.75%   119 6829s
 740230 393767     cutoff   89       117.47771  110.73372  5.74%   118 6835s
 740682 393959     cutoff   95       117.47771  110.73396  5.74%   118 6841s
 741598 395445     cutoff   56       117.47771  110.73592  5.74%   119 6847s
 745152 395481     cutoff   76       117.47771  110.73998  5.74%   119 6854s
 745733 403017     cutoff   87       117.47771  110.74171  5.73%   119 6880s
 760934 403006  112.58011  108  177  117.47771  110.75501  5.72%   118 6886s
 761239 403052  114.43363   63  219  117.47771  110.75528  5.72%   118 6890s
 761703 404443  116.41605   71  127  117.47771  110.75587  5.72%   118 6896s
 765176 404650     cutoff   77       117.47771  110.76068  5.72%   118 6905s
 765820 406495  113.04836   65  136  117.47771  110.76178  5.72%   118 6913s
 770193 408023     cutoff   85       117.47771  110.76680  5.71%   118 6919s
 773658 408089  113.52636   55  153  117.47771  110.77319  5.71%   118 6925s
 773981 409870     cutoff   74       117.47771  110.77402  5.71%   118 6931s
 778503 410735     cutoff   48       117.47771  110.77919  5.70%   118 6937s
 780536 412260     cutoff   81       117.47771  110.78133  5.70%   118 6943s
 784024 412320  113.93046   71  299  117.47771  110.78606  5.70%   118 6949s
 784443 414097  112.54064   74  179  117.47771  110.78684  5.70%   118 6955s
 788361 416254  112.64420   56  218  117.47771  110.79196  5.69%   118 6964s
 793397 416330 infeasible   69       117.47771  110.79664  5.69%   118 6971s
 793745 417721  111.22390   59  164  117.47771  110.79874  5.69%   118 6977s
 797044 417825     cutoff   97       117.47771  110.80094  5.68%   118 6984s
 797566 419611     cutoff   48       117.47771  110.80204  5.68%   118 6991s
 801406 421419     cutoff   57       117.47771  110.80692  5.68%   118 6997s
 805360 422007 infeasible   54       117.47771  110.81245  5.67%   118 7003s
 806631 423972  114.66272   49  179  117.47771  110.81343  5.67%   118 7011s
 810412 424112     cutoff   93       117.47771  110.81905  5.67%   118 7018s
 810948 430730  114.10850   77   98  117.47771  110.81985  5.67%   118 7041s
 826608 430760     cutoff   62       117.47771  110.83017  5.66%   118 7048s
 827041 430858 infeasible  102       117.47771  110.83036  5.66%   118 7053s
 827471 432677  112.11832   49  130  117.47771  110.83099  5.66%   118 7060s
 831455 434990     cutoff   89       117.47771  110.83470  5.65%   118 7069s
 836807 435062     cutoff   41       117.47771  110.84088  5.65%   118 7080s
 837269 436722     cutoff   72       117.47771  110.84217  5.65%   118 7087s
 841351 437054     cutoff   98       117.47771  110.84645  5.64%   118 7094s
 842510 438213     cutoff   65       117.47771  110.84899  5.64%   118 7101s
 845695 438273  112.42145  120  189  117.47771  110.85409  5.64%   118 7108s
 846157 440143     cutoff   91       117.47771  110.85496  5.64%   118 7116s
 850662 441589     cutoff  108       117.47771  110.86101  5.63%   118 7123s
 854995 441711     cutoff   72       117.47771  110.86669  5.63%   118 7130s
 855560 449329     cutoff  129       117.47771  110.86792  5.63%   118 7160s
 871576 449390     cutoff   98       117.47771  110.88018  5.62%   117 7168s
 872143 449462  110.89645   55  231  117.47771  110.88047  5.62%   117 7174s
 872638 451719     cutoff   64       117.47771  110.88141  5.61%   117 7181s
 877292 452300     cutoff   97       117.47771  110.88517  5.61%   117 7189s
 878737 454989     cutoff   58       117.47771  110.88815  5.61%   117 7200s

Cutting planes:
  Gomory: 74
  Lift-and-project: 12
  Cover: 808
  Implied bound: 2337
  MIR: 1296
  StrongCG: 1
  Flow cover: 2163
  Inf proof: 141
  Zero half: 109
  Network: 1
  RLT: 86
  Relax-and-lift: 196

Explored 884368 nodes (103790437 simplex iterations) in 7200.21 seconds (6400.80 work units)
Thread count was 32 (of 32 available processors)

Solution count 10: 117.478 117.478 117.478 ... 117.644

Time limit reached
Best objective 1.174777059733e+02, best bound 1.108928107081e+02, gap 5.6052%
