
Gurobi 9.5.2 (linux64) logging started Wed Jul 29 13:37:20 2026

Set parameter LogFile to value "logs/oracle_RshortCfewTmedium_3_diesel_gurobi.log"
Gurobi Optimizer version 9.5.2 build v9.5.2rc0 (linux64)
Thread count: 16 physical cores, 32 logical processors, using up to 32 threads
Optimize a model with 2370 rows, 1286 columns and 14809 nonzeros
Model fingerprint: 0xe60a9b89
Variable types: 807 continuous, 479 integer (479 binary)
Coefficient statistics:
  Matrix range     [2e-01, 5e+02]
  Objective range  [1e+00, 1e+00]
  Bounds range     [1e+00, 2e+01]
  RHS range        [2e-01, 5e+02]

User MIP start did not produce a new incumbent solution
User MIP start violates constraint c_l_x3608_ by 2.000000000

Presolve removed 885 rows and 335 columns
Presolve time: 0.04s
Presolved: 1485 rows, 951 columns, 9169 nonzeros
Variable types: 582 continuous, 369 integer (367 binary)
Root relaxation presolve removed 27 rows and 27 columns
Root relaxation presolved: 1458 rows, 924 columns, 9115 nonzeros

Extra simplex iterations after uncrush: 1

Root relaxation: objective 3.050569e+01, 1092 iterations, 0.04 seconds (0.04 work units)
Another try with MIP start

    Nodes    |    Current Node    |     Objective Bounds      |     Work
 Expl Unexpl |  Obj  Depth IntInf | Incumbent    BestBd   Gap | It/Node Time

H    0     0                      32.9732235   30.50569  7.48%     -    0s
     0     0   30.50569    0   94   32.97322   30.50569  7.48%     -    0s
     0     0   31.10896    0   91   32.97322   31.10896  5.65%     -    0s
     0     0   31.13605    0   97   32.97322   31.13605  5.57%     -    0s
     0     0   31.14558    0   98   32.97322   31.14558  5.54%     -    0s
     0     0   31.15059    0   99   32.97322   31.15059  5.53%     -    0s
     0     0   31.15081    0  100   32.97322   31.15081  5.53%     -    0s
     0     0   31.15085    0  100   32.97322   31.15085  5.53%     -    0s
     0     0   31.36674    0   91   32.97322   31.36674  4.87%     -    0s
     0     0   31.36992    0   98   32.97322   31.36992  4.86%     -    0s
     0     0   31.37134    0  107   32.97322   31.37134  4.86%     -    0s
     0     0   31.37136    0  109   32.97322   31.37136  4.86%     -    0s
     0     0   31.50375    0   93   32.97322   31.50375  4.46%     -    0s
     0     0   31.54264    0   99   32.97322   31.54264  4.34%     -    0s
     0     0   31.55382    0  115   32.97322   31.55382  4.30%     -    0s
     0     0   31.55441    0  117   32.97322   31.55441  4.30%     -    0s
     0     0   31.55441    0  116   32.97322   31.55441  4.30%     -    0s
     0     0   31.72855    0  118   32.97322   31.72855  3.77%     -    1s
     0     0   31.73343    0  102   32.97322   31.73343  3.76%     -    1s
     0     0   31.73536    0  110   32.97322   31.73536  3.75%     -    1s
     0     0   31.73674    0  110   32.97322   31.73674  3.75%     -    1s
     0     0   31.77680    0  126   32.97322   31.77680  3.63%     -    1s
     0     0   31.78538    0  106   32.97322   31.78538  3.60%     -    1s
     0     0   31.78603    0  118   32.97322   31.78603  3.60%     -    1s
     0     0   31.78635    0  124   32.97322   31.78635  3.60%     -    1s
     0     0   31.82749    0  102   32.97322   31.82749  3.47%     -    1s
     0     0   31.83067    0  104   32.97322   31.83067  3.47%     -    1s
     0     0   31.83067    0  105   32.97322   31.83067  3.47%     -    1s
     0     0   31.83292    0   83   32.97322   31.83292  3.46%     -    1s
H    0     0                      32.4195526   31.83293  1.81%     -    1s
     0     0   31.83293    0   83   32.41955   31.83293  1.81%     -    1s
H    0     0                      32.2380446   31.83293  1.26%     -    1s
     0     0   31.83335    0   83   32.23804   31.83335  1.26%     -    1s
     0     0   31.83335    0   83   32.23804   31.83335  1.26%     -    1s
     0     0   31.83335    0   78   32.23804   31.83335  1.26%     -    2s
     0     0   31.83335    0   67   32.23804   31.83335  1.26%     -    2s
     0     0   31.83335    0   85   32.23804   31.83335  1.26%     -    2s
     0     0   31.85215    0   57   32.23804   31.85215  1.20%     -    2s
     0     0   31.85443    0   57   32.23804   31.85443  1.19%     -    2s
     0     0   31.85489    0   57   32.23804   31.85489  1.19%     -    2s
     0     0   31.86442    0   78   32.23804   31.86442  1.16%     -    2s
     0     0   31.86857    0   74   32.23804   31.86857  1.15%     -    2s
     0     0   31.86877    0   70   32.23804   31.86877  1.15%     -    2s
     0     0   31.89134    0   67   32.23804   31.89134  1.08%     -    2s
     0     0   31.90190    0   65   32.23804   31.90190  1.04%     -    2s
     0     0   31.90398    0   68   32.23804   31.90398  1.04%     -    2s
     0     0   31.90398    0   68   32.23804   31.90398  1.04%     -    2s
H    0     0                      32.2298744   31.90398  1.01%     -    2s
     0     0   31.92100    0   42   32.22987   31.92100  0.96%     -    2s
     0     0   31.92106    0   42   32.22987   31.92106  0.96%     -    2s
     0     0   31.92164    0   36   32.22987   31.92164  0.96%     -    2s
     0     0   31.93165    0   36   32.22987   31.93165  0.93%     -    2s
H    0     0                      32.1600262   31.93165  0.71%     -    2s
     0     0   31.93176    0   39   32.16003   31.93176  0.71%     -    2s
     0     0   31.93488    0   38   32.16003   31.93488  0.70%     -    2s
     0     0   31.93945    0   30   32.16003   31.93945  0.69%     -    2s
     0     0   31.93945    0   29   32.16003   31.93945  0.69%     -    2s
     0     0   31.94131    0   23   32.16003   31.94131  0.68%     -    2s
     0     0   31.94131    0   31   32.16003   31.94131  0.68%     -    2s
H    0     0                      32.1341708   31.94131  0.60%     -    2s
     0     0   31.94131    0   25   32.13417   31.94131  0.60%     -    3s
     0     0   31.94131    0   34   32.13417   31.94131  0.60%     -    3s
     0     0   31.94131    0   63   32.13417   31.94131  0.60%     -    3s
     0     0   31.94131    0   13   32.13417   31.94131  0.60%     -    3s
     0     0   31.94131    0   41   32.13417   31.94131  0.60%     -    3s
H    0     0                      32.0871815   31.94131  0.45%     -    3s

Cutting planes:
  Learned: 1
  Gomory: 10
  Lift-and-project: 3
  Cover: 21
  Implied bound: 37
  Projected implied bound: 1
  MIR: 97
  StrongCG: 2
  Flow cover: 168
  RLT: 7
  Relax-and-lift: 21

Explored 1 nodes (9775 simplex iterations) in 3.37 seconds (2.12 work units)
Thread count was 32 (of 32 available processors)

Solution count 8: 32.0872 32.1342 32.16 ... 32.9732

Optimal solution found (tolerance 5.00e-03)
Best objective 3.208718152419e+01, best bound 3.194131242865e+01, gap 0.4546%
