
Gurobi 9.5.2 (linux64) logging started Wed Jul 29 12:19:06 2026

Set parameter LogFile to value "logs/oracle_RmediumCmediumTmedium_2_gurobi.log"
Gurobi Optimizer version 9.5.2 build v9.5.2rc0 (linux64)
Thread count: 16 physical cores, 32 logical processors, using up to 32 threads
Optimize a model with 4265 rows, 2455 columns and 14793 nonzeros
Model fingerprint: 0xe26ed8cc
Variable types: 1537 continuous, 918 integer (918 binary)
Coefficient statistics:
  Matrix range     [5e-02, 1e+03]
  Objective range  [1e+00, 1e+00]
  Bounds range     [1e+00, 1e+00]
  RHS range        [7e-02, 5e+02]
Presolve removed 1378 rows and 521 columns
Presolve time: 0.60s
Presolved: 2887 rows, 1934 columns, 12866 nonzeros
Variable types: 1159 continuous, 775 integer (775 binary)

Root relaxation: objective 4.692784e+01, 2440 iterations, 0.87 seconds (0.09 work units)

    Nodes    |    Current Node    |     Objective Bounds      |     Work
 Expl Unexpl |  Obj  Depth IntInf | Incumbent    BestBd   Gap | It/Node Time

     0     0   46.92784    0  267          -   46.92784      -     -    2s
     0     0   47.75620    0  264          -   47.75620      -     -    3s
     0     0   47.82163    0  275          -   47.82163      -     -    4s
     0     0   47.82163    0  273          -   47.82163      -     -    4s
     0     0   48.48804    0  239          -   48.48804      -     -    5s
     0     0   48.51351    0  221          -   48.51351      -     -    6s
     0     0   48.52165    0  221          -   48.52165      -     -    6s
     0     0   48.52176    0  223          -   48.52176      -     -    6s
     0     0   49.01841    0  226          -   49.01841      -     -    7s
     0     0   49.08958    0  237          -   49.08958      -     -    7s
     0     0   49.09431    0  238          -   49.09431      -     -    7s
     0     0   49.09434    0  238          -   49.09434      -     -    8s
     0     0   49.42859    0  217          -   49.42859      -     -    8s
     0     0   49.45334    0  224          -   49.45334      -     -    9s
     0     0   49.45708    0  216          -   49.45708      -     -    9s
     0     0   49.45708    0  216          -   49.45708      -     -    9s
     0     0   49.50910    0  213          -   49.50910      -     -    9s
     0     0   49.51656    0  220          -   49.51656      -     -   10s
     0     0   49.51861    0  209          -   49.51861      -     -   10s
     0     0   49.52085    0  211          -   49.52085      -     -   10s
     0     0   49.56290    0  230          -   49.56290      -     -   10s
H    0     0                      92.7391333   49.56685  46.6%     -   11s
     0     0   49.56685    0  227   92.73913   49.56685  46.6%     -   11s
     0     0   49.56694    0  230   92.73913   49.56694  46.6%     -   11s
     0     0   49.56999    0  228   92.73913   49.56999  46.5%     -   11s
     0     0   49.56999    0  228   92.73913   49.56999  46.5%     -   12s
     0     0   49.57169    0  227   92.73913   49.57169  46.5%     -   12s
     0     0   49.57169    0  207   92.73913   49.57169  46.5%     -   13s
     0     2   49.57169    0  203   92.73913   49.57169  46.5%     -   14s
     3     8   49.59344    2  198   92.73913   49.59344  46.5%   134   15s
H   79    94                      92.6557999   49.60277  46.5%  80.6   17s
H   81    94                      81.7328523   49.60277  39.3%  78.6   17s
H   82    94                      81.4178836   49.60277  39.1%  77.7   17s
H  127   142                      70.1763655   49.60277  29.3%  59.6   19s
H  135   142                      60.0012169   49.60277  17.3%  57.6   19s
H  139   142                      59.9372266   49.60277  17.2%  56.9   19s
H  175   159                      59.9263655   49.60277  17.2%  49.9   35s
H  175   159                      59.6202452   49.60277  16.8%  49.9   35s
H  177   159                      59.1720326   49.60277  16.2%  49.5   35s
H  182   159                      59.0749685   49.60277  16.0%  49.0   35s
H  187   159                      59.0297018   49.60277  16.0%  51.3   35s
H  189   159                      58.9625962   49.60277  15.9%  51.9   35s
   243   200   49.61010   18  201   58.96260   49.60277  15.9%  47.2   40s
   310   250   49.65653   20  219   58.96260   49.60277  15.9%  46.6   46s
   398   307   49.66160   25  221   58.96260   49.60277  15.9%  44.6   51s
   419   318   49.66160   26  251   58.96260   49.60277  15.9%  43.9   66s
H  430   318                      58.9212979   49.60277  15.8%  43.5   66s
H  511   381                      58.1362503   49.60277  14.7%  43.6   69s
H  512   381                      57.7293079   49.60277  14.1%  43.6   69s
H  523   381                      57.6859266   49.60277  14.0%  43.6   69s
   604   411   49.69655   38  271   57.68593   49.60277  14.0%  44.0   73s
   682   469   49.82638   41  221   57.68593   49.60277  14.0%  44.7   77s
   792   527   49.83578   49  231   57.68593   49.60277  14.0%  43.2   82s
   908   611   49.84042   59  238   57.68593   49.60277  14.0%  42.7   86s
  1253   867   52.04074   85  221   57.68593   49.60277  14.0%  39.9   91s
  2012  1004   52.89657  121  209   57.68593   49.60277  14.0%  37.9  107s
  2076  1068   53.01500  123  208   57.68593   49.60277  14.0%  37.8  112s
  3062  1532   49.93126   50  240   57.68593   49.79961  13.7%  38.3  115s
  4789  2042   56.95498   35  154   57.68593   51.99410  9.87%  40.1  120s
  6656  2437   56.65094   75  109   57.68593   53.06927  8.00%  39.7  125s
  7102  2438   57.49332   40  207   57.68593   53.20810  7.76%  39.5  133s
  7104  2439   53.31710   32  249   57.68593   53.20810  7.76%  39.4  138s
  7105  2440   55.49434  123  196   57.68593   53.20810  7.76%  39.4  141s
  7109  2443   56.77399   78  232   57.68593   53.20810  7.76%  39.4  146s
  7112  2445   53.70099   52  197   57.68593   53.20810  7.76%  39.4  150s
  7117  2448   56.55518  101  189   57.68593   53.20810  7.76%  39.4  158s
  7119  2449   54.44622   72  188   57.68593   53.20810  7.76%  39.4  160s
  7120  2453   53.20810   11  144   57.68593   53.20810  7.76%  40.9  169s
  7122  2456   53.24513   12  143   57.68593   53.20810  7.76%  40.9  174s
  7126  2461   53.37082   13  142   57.68593   53.20810  7.76%  41.0  175s
  7207  2525   54.49899   17  136   57.68593   53.20810  7.76%  41.3  181s
H 7213  2400                      57.6859265   53.20810  7.76%  41.4  181s
  7271  2442   54.64731   18  124   57.68593   53.20810  7.76%  41.4  198s
H 7292  2318                      57.6859264   53.20810  7.76%  41.3  198s
  7303  2346   54.87429   18  120   57.68593   53.20810  7.76%  41.3  209s
  7335  2393   54.67501   19  131   57.68593   53.20810  7.76%  41.3  210s
  8332  2638   55.73606   34   81   57.68593   53.20810  7.76%  39.7  218s
H 8354  2520                      57.6859260   53.20810  7.76%  39.6  218s
  8828  2833   55.95369   44   66   57.68593   53.20810  7.76%  38.7  220s
  9510  3259   56.46142   56   38   57.68593   53.20810  7.76%  37.0  225s
 13012  4754   53.20810   31   94   57.68593   53.20810  7.76%  31.3  230s
 18088  8780   55.21993   43   80   57.68593   53.20810  7.76%  26.6  235s
 21642 10929   53.20810   30  109   57.68593   53.20810  7.76%  24.8  244s
 21684 11287   53.20810   31  122   57.68593   53.20810  7.76%  24.8  245s
 26378 14611   53.63712   50   73   57.68593   53.20810  7.76%  22.9  250s
 28927 17618   53.20810   33  103   57.68593   53.20810  7.76%  22.2  257s
 33863 19672   54.22355   66   45   57.68593   53.20810  7.76%  21.0  260s
 37753 23738   53.20810   42   88   57.68593   53.20810  7.76%  20.1  265s
 45623 29384   54.47287   51   78   57.68593   53.20810  7.76%  18.7  270s
 50524 31664   54.24194   52   82   57.68593   53.20810  7.76%  18.4  275s
 55605 35204   54.99325   78   30   57.68593   53.20810  7.76%  18.0  280s
 59716 37645   53.20810   32  207   57.68593   53.20810  7.76%  17.6  293s
 59718 37646   53.41604   47  248   57.68593   53.20810  7.76%  17.6  297s
 59719 37647   54.08607   47  161   57.68593   53.20810  7.76%  17.6  300s
 59723 37650   54.17565   71  198   57.68593   53.20810  7.76%  17.6  305s
 59727 37652   53.20810   45  188   57.68593   53.20810  7.76%  17.6  311s
 59730 37654   53.72958   39  199   57.68593   53.20810  7.76%  17.6  315s
 59733 37656   54.57340   46  179   57.68593   53.20810  7.76%  17.6  321s
 59734 37659   53.20810   25  182   57.68593   53.20810  7.76%  17.7  328s
 59736 37659   53.20810   26  179   57.68593   53.20810  7.76%  17.7  332s
 59739 37659   53.20810   27  170   57.68593   53.20810  7.76%  17.7  337s
 59743 37661   53.20810   28  158   57.68593   53.20810  7.76%  17.8  342s
 59748 37662   53.20810   29  159   57.68593   53.20810  7.76%  17.8  345s
 59767 37668   53.20810   31  134   57.68593   53.20810  7.76%  17.8  352s
 59833 37661   53.20810   34  178   57.68593   53.20810  7.76%  17.8  355s
 59893 37669   53.20810   36  233   57.68593   53.20810  7.76%  17.9  360s
 59984 37701   57.18467   38  130   57.68593   53.20810  7.76%  17.9  366s
 60020 37708   53.20810   39  140   57.68593   53.20810  7.76%  17.9  383s
 60299 37825   53.21642   43  124   57.68593   53.20810  7.76%  18.0  385s
 60787 37970     cutoff   50        57.68593   53.20810  7.76%  18.1  390s
 63553 38990   54.62693   77   60   57.68593   53.20810  7.76%  18.4  400s
 65619 40002   53.20810   40  149   57.68593   53.20810  7.76%  18.5  405s
 70155 41887   53.58287   60   63   57.68593   53.20810  7.76%  18.5  410s
 74380 43632     cutoff   57        57.68593   53.20810  7.76%  18.5  415s
 79160 45557   54.83002   92   13   57.68593   53.20810  7.76%  18.7  420s
 83642 47489   56.15184   81   34   57.68593   53.20810  7.76%  18.8  425s
 88520 49192   56.79123   86   82   57.68593   53.20810  7.76%  18.9  430s
 90136 48654   55.69525  117  207   57.68593   53.20810  7.76%  18.9  529s
 90138 48655   53.89814   44  246   57.68593   53.20810  7.76%  18.9  532s
 90139 48656   54.23665   71  142   57.68593   53.20810  7.76%  18.9  536s
 90144 48659   56.45140   92  215   57.68593   53.20810  7.76%  18.9  546s
 90146 48661   54.51863   74  236   57.68593   53.20810  7.76%  18.9  550s
 90147 48661   53.20810   60  214   57.68593   53.20810  7.76%  18.9  556s
 90149 48663   53.93266   59  236   57.68593   53.20810  7.76%  18.9  565s
 90152 48665   55.06197   86  214   57.68593   53.20810  7.76%  18.9  575s
 90154 48666   55.49741   84  201   57.68593   53.20810  7.76%  18.9  585s
 90156 48667   54.14363   53  180   57.68593   53.20810  7.76%  18.9  592s
 90157 48668   53.20810   57  192   57.68593   53.20810  7.76%  18.9  595s
 90158 48669   53.96992   71  197   57.68593   53.20810  7.76%  18.9  600s
 90159 48669   54.52100   74  199   57.68593   53.20810  7.76%  18.9  606s
 90160 48670   53.20810   53  202   57.68593   53.20810  7.76%  18.9  610s
 90162 48671   53.58263   69  205   57.68593   53.20810  7.76%  18.9  616s
 90164 48673   57.65995  142  203   57.68593   53.20810  7.76%  18.9  621s
 90166 48674   55.74326   88  200   57.68593   53.20810  7.76%  18.9  626s
 90168 48675   56.81587   65  182   57.68593   53.20810  7.76%  18.9  632s
 90170 48677   56.17665   93  213   57.68593   53.20810  7.76%  18.9  637s
 90172 48678   53.55919   58  203   57.68593   53.20810  7.76%  18.9  642s
 90173 48679   55.45808   83  249   57.68593   53.20810  7.76%  18.9  645s
 90175 48680   54.40895   73  228   57.68593   53.20810  7.76%  18.9  652s
 90176 48681   53.31478   81  219   57.68593   53.20810  7.76%  18.9  655s
 90178 48682   55.02749   91  218   57.68593   53.20810  7.76%  18.9  661s
 90180 48683   56.08445   63  226   57.68593   53.37449  7.47%  18.9  667s
 90182 48685   53.94676   56  231   57.68593   53.42155  7.39%  18.9  671s
 90184 48686   57.68111   42  209   57.68593   53.57085  7.13%  18.9  677s
 90185 48687   53.73816   78  212   57.68593   53.62123  7.05%  18.9  680s
 90187 48688   54.10483   69  206   57.68593   53.83990  6.67%  18.9  689s
 90188 48689   55.81930  121  207   57.68593   53.89499  6.57%  18.9  692s
 90189 48689   53.98247   58  207   57.68593   53.98247  6.42%  18.9  695s
 90191 48691   54.00208   73  207   57.68593   54.00208  6.39%  18.9  703s
 90192 48691   54.08987   69  204   57.68593   54.08987  6.23%  18.9  706s
 90194 48693   55.83060  113  213   57.68593   54.25732  5.94%  18.9  715s
 90195 48693   55.92846   97  212   57.68593   54.33519  5.81%  18.9  720s
 90197 48695   56.11036   81  212   57.68593   54.40420  5.69%  18.9  727s
 90198 48695   54.43539   57  212   57.68593   54.43539  5.63%  18.9  733s
 90199 48696   55.56175   82  206   57.68593   54.43539  5.63%  18.9  736s
 90201 48699   54.43539   37  217   57.68593   54.43539  5.63%  19.1  750s
 90203 48700   55.45247   38  137   57.68593   54.43539  5.63%  19.1  755s
 90206 48700   55.47111   39  182   57.68593   54.43539  5.63%  19.1  760s
 90210 48701   55.56684   40  175   57.68593   54.43539  5.63%  19.1  769s
 90215 48701   55.90988   41  231   57.68593   54.43539  5.63%  19.1  775s
 90232 48708   56.01708   43  179   57.68593   54.43539  5.63%  19.2  785s
 90295 48709   56.05539   46  184   57.68593   54.43539  5.63%  19.2  791s
 90359 48724   56.33768   48  170   57.68593   54.43539  5.63%  19.2  795s
 90437 48743     cutoff   49        57.68593   54.43539  5.63%  19.3  801s
 90474 48740     cutoff   50        57.68593   54.43539  5.63%  19.3  825s
 91265 48940   54.43539   71   84   57.68593   54.43539  5.63%  19.5  833s
 91824 49138   54.69719   86   49   57.68593   54.43539  5.63%  19.6  835s
 93177 49167   54.43539   64  121   57.68593   54.43539  5.63%  20.0  840s
 95000 49045   54.43539   62  144   57.68593   54.43539  5.63%  20.6  845s
 97778 47012     cutoff   86        57.68593   54.43539  5.63%  21.0  850s
 100060 45419     cutoff   60        57.68593   56.70698  1.70%  21.1  855s

Cutting planes:
  Learned: 2
  Gomory: 103
  Cover: 44
  Implied bound: 62
  Projected implied bound: 5
  Clique: 7
  MIR: 213
  StrongCG: 2
  Flow cover: 516
  GUB cover: 1
  Inf proof: 1
  RLT: 21
  Relax-and-lift: 58

Explored 100121 nodes (2120427 simplex iterations) in 856.22 seconds (76.87 work units)
Thread count was 32 (of 32 available processors)

Solution count 10: 57.6859 57.6859 57.6859 ... 58.9626

Optimal solution found (tolerance 5.00e-03)
Best objective 5.768592657009e+01, best bound 5.768592657009e+01, gap 0.0000%
