
Gurobi 9.5.2 (linux64) logging started Tue Jul 28 15:27:50 2026

Set parameter LogFile to value "logs/oracle_RshortCmediumTtight_26_gurobi.log"
Gurobi Optimizer version 9.5.2 build v9.5.2rc0 (linux64)
Thread count: 16 physical cores, 32 logical processors, using up to 32 threads
Optimize a model with 2679 rows, 1535 columns and 9184 nonzeros
Model fingerprint: 0xfd1e7758
Variable types: 962 continuous, 573 integer (573 binary)
Coefficient statistics:
  Matrix range     [3e-02, 6e+02]
  Objective range  [1e+00, 1e+00]
  Bounds range     [1e+00, 1e+00]
  RHS range        [2e-02, 5e+02]
Presolve removed 948 rows and 384 columns
Presolve time: 0.03s
Presolved: 1731 rows, 1151 columns, 7685 nonzeros
Variable types: 698 continuous, 453 integer (453 binary)

Root relaxation: objective 2.910941e+01, 1611 iterations, 0.04 seconds (0.05 work units)

    Nodes    |    Current Node    |     Objective Bounds      |     Work
 Expl Unexpl |  Obj  Depth IntInf | Incumbent    BestBd   Gap | It/Node Time

     0     0   29.10941    0  142          -   29.10941      -     -    0s
     0     0   29.47669    0  136          -   29.47669      -     -    0s
H    0     0                      53.4910806   29.50811  44.8%     -    0s
     0     0   29.50811    0  131   53.49108   29.50811  44.8%     -    0s
     0     0   31.99267    0   77   53.49108   31.99267  40.2%     -    0s
     0     0   32.64204    0   68   53.49108   32.64204  39.0%     -    0s
     0     0   32.64204    0   64   53.49108   32.64204  39.0%     -    0s
H    0     0                      52.2505603   32.64204  37.5%     -    0s
     0     0   32.64204    0   40   52.25056   32.64204  37.5%     -    0s
     0     0   32.64204    0   57   52.25056   32.64204  37.5%     -    0s
H    0     0                      45.8333822   32.64204  28.8%     -    0s
     0     0   32.64204    0   47   45.83338   32.64204  28.8%     -    0s
     0     0   32.64204    0   31   45.83338   32.64204  28.8%     -    0s
H    0     0                      45.3276893   32.64204  28.0%     -    0s
     0     0   32.64204    0   49   45.32769   32.64204  28.0%     -    0s
     0     0   32.64204    0   25   45.32769   32.64204  28.0%     -    0s
H    0     0                      38.9235047   32.64204  16.1%     -    0s
     0     0   32.64204    0   33   38.92350   32.64204  16.1%     -    0s
     0     0   32.64204    0   24   38.92350   32.64204  16.1%     -    0s
     0     0   32.64204    0   46   38.92350   32.64204  16.1%     -    0s
     0     0   32.64204    0   29   38.92350   32.64204  16.1%     -    0s
     0     0   32.64204    0   19   38.92350   32.64204  16.1%     -    0s
     0     2   32.64204    0   17   38.92350   32.64204  16.1%     -    0s
H   41    48                      38.5765193   32.64204  15.4%   213    0s
H   79    92                      38.5507509   32.64204  15.3%   156    1s
H   81    92                      37.0962971   32.64204  12.0%   156    1s
H  126    98                      37.0705288   32.64204  11.9%   117    1s
H  126    98                      36.8083572   32.64204  11.3%   117    1s
H  315   180                      36.8083571   32.64204  11.3%  74.1    2s
H  315   180                      36.7925805   32.64204  11.3%  74.1    2s
H  756   265                      36.7925795   32.66833  11.2%  61.2    4s
  1167   402   33.38056   22   83   36.79258   32.66869  11.2%  57.4    5s
  9357   963   36.52977   34   80   36.79258   36.52977  0.71%  75.6   10s

Cutting planes:
  Learned: 1
  Gomory: 8
  Cover: 7
  Implied bound: 8
  Projected implied bound: 1
  MIR: 25
  Flow cover: 42
  Zero half: 1
  RLT: 4
  Relax-and-lift: 16

Explored 9633 nodes (740077 simplex iterations) in 11.15 seconds (13.11 work units)
Thread count was 32 (of 32 available processors)

Solution count 10: 36.7926 36.7926 36.7926 ... 38.5765

Optimal solution found (tolerance 5.00e-03)
Best objective 3.679257948915e+01, best bound 3.665183680992e+01, gap 0.3825%
