
Gurobi 9.5.2 (linux64) logging started Mon Aug  3 12:40:09 2026

Set parameter LogFile to value "logs/oracle_RshortCmanyTnone_6__cs30_gurobi.log"
Gurobi Optimizer version 9.5.2 build v9.5.2rc0 (linux64)
Thread count: 16 physical cores, 32 logical processors, using up to 32 threads
Optimize a model with 3610 rows, 2013 columns and 26427 nonzeros
Model fingerprint: 0xd81b5093
Variable types: 1232 continuous, 781 integer (781 binary)
Coefficient statistics:
  Matrix range     [3e-02, 7e+02]
  Objective range  [1e+00, 1e+00]
  Bounds range     [1e+00, 3e+01]
  RHS range        [1e-02, 2e+07]

User MIP start did not produce a new incumbent solution

Presolve removed 1252 rows and 501 columns
Presolve time: 0.53s
Presolved: 2358 rows, 1512 columns, 15208 nonzeros
Variable types: 925 continuous, 587 integer (585 binary)
Root relaxation presolve removed 61 rows and 60 columns
Root relaxation presolved: 2297 rows, 1452 columns, 14872 nonzeros


Root relaxation: objective 3.781059e+01, 2371 iterations, 0.62 seconds (0.17 work units)
Another try with MIP start

    Nodes    |    Current Node    |     Objective Bounds      |     Work
 Expl Unexpl |  Obj  Depth IntInf | Incumbent    BestBd   Gap | It/Node Time

H    0     0                      41.3404293   37.81059  8.54%     -    2s
     0     0   37.81059    0   90   41.34043   37.81059  8.54%     -    2s
     0     0   37.87983    0  170   41.34043   37.87983  8.37%     -    3s
     0     0   37.94859    0  168   41.34043   37.94859  8.20%     -    3s
     0     0   38.02942    0  206   41.34043   38.02942  8.01%     -    5s
     0     0   38.04687    0  201   41.34043   38.04687  7.97%     -    5s
     0     0   38.12598    0  167   41.34043   38.12598  7.78%     -    6s
     0     0   38.12964    0  167   41.34043   38.12964  7.77%     -    6s
     0     0   38.18394    0  160   41.34043   38.18394  7.64%     -    7s
     0     0   38.18584    0  161   41.34043   38.18584  7.63%     -    7s
     0     0   38.18906    0  154   41.34043   38.18906  7.62%     -    7s
     0     0   38.18917    0  156   41.34043   38.18917  7.62%     -    7s
     0     0   38.24331    0  137   41.34043   38.24331  7.49%     -    8s
     0     0   38.26261    0  183   41.34043   38.26261  7.45%     -    8s
     0     0   38.26398    0  180   41.34043   38.26398  7.44%     -    8s
     0     0   38.26400    0  182   41.34043   38.26400  7.44%     -    8s
     0     0   38.44089    0  169   41.34043   38.44089  7.01%     -    9s
     0     0   38.45974    0  169   41.34043   38.45974  6.97%     -   10s
     0     0   38.46085    0  183   41.34043   38.46085  6.97%     -   10s
     0     0   38.46096    0  184   41.34043   38.46096  6.97%     -   10s
     0     0   38.70953    0  176   41.34043   38.70953  6.36%     -   11s
     0     0   38.72546    0  167   41.34043   38.72546  6.33%     -   11s
     0     0   38.72805    0  170   41.34043   38.72805  6.32%     -   11s
     0     0   38.72870    0  171   41.34043   38.72870  6.32%     -   11s
     0     0   38.72870    0  171   41.34043   38.72870  6.32%     -   11s
     0     0   38.78218    0  179   41.34043   38.78218  6.19%     -   12s
     0     0   38.79331    0  168   41.34043   38.79331  6.16%     -   12s
     0     0   38.79396    0  174   41.34043   38.79396  6.16%     -   12s
     0     0   38.79412    0  174   41.34043   38.79412  6.16%     -   12s
     0     0   39.01389    0  168   41.34043   39.01389  5.63%     -   14s
     0     0   39.05825    0  169   41.34043   39.05825  5.52%     -   14s
     0     0   39.06458    0  180   41.34043   39.06458  5.51%     -   14s
     0     0   39.07038    0  175   41.34043   39.07038  5.49%     -   14s
     0     0   39.07055    0  177   41.34043   39.07055  5.49%     -   14s
     0     0   39.18705    0  167   41.34043   39.18705  5.21%     -   15s
     0     0   39.21151    0  165   41.34043   39.21151  5.15%     -   15s
     0     0   39.21282    0  164   41.34043   39.21282  5.15%     -   15s
     0     0   39.21306    0  162   41.34043   39.21306  5.15%     -   15s
     0     0   39.25615    0  166   41.34043   39.25615  5.04%     -   16s
     0     0   39.26529    0  173   41.34043   39.26529  5.02%     -   16s
     0     0   39.26857    0  170   41.34043   39.26857  5.01%     -   16s
     0     0   39.26971    0  176   41.34043   39.26971  5.01%     -   16s
     0     0   39.26972    0  178   41.34043   39.26972  5.01%     -   16s
     0     0   39.32230    0  167   41.34043   39.32230  4.88%     -   17s
     0     0   39.32626    0  167   41.34043   39.32626  4.87%     -   17s
     0     0   39.32675    0  171   41.34043   39.32675  4.87%     -   17s
     0     0   39.35348    0  170   41.34043   39.35348  4.81%     -   18s
     0     0   39.35831    0  170   41.34043   39.35831  4.79%     -   18s
     0     0   39.35845    0  173   41.34043   39.35845  4.79%     -   18s
     0     0   39.37098    0  173   41.34043   39.37098  4.76%     -   19s
     0     0   39.37165    0  187   41.34043   39.37165  4.76%     -   19s
     0     0   39.37279    0  190   41.34043   39.37279  4.76%     -   19s
     0     0   39.37280    0  190   41.34043   39.37280  4.76%     -   19s
     0     0   39.42043    0  177   41.34043   39.42043  4.64%     -   20s
     0     0   39.42813    0  184   41.34043   39.42813  4.63%     -   20s
     0     0   39.42898    0  186   41.34043   39.42898  4.62%     -   20s
     0     0   39.42915    0  186   41.34043   39.42915  4.62%     -   20s
     0     0   39.46080    0  181   41.34043   39.46080  4.55%     -   21s
     0     0   39.46428    0  179   41.34043   39.46428  4.54%     -   21s
     0     0   39.46429    0  180   41.34043   39.46429  4.54%     -   21s
     0     0   39.48975    0  155   41.34043   39.48975  4.48%     -   22s
     0     0   39.49722    0  184   41.34043   39.49722  4.46%     -   22s
     0     0   39.49923    0  174   41.34043   39.49923  4.45%     -   22s
     0     0   39.49963    0  178   41.34043   39.49963  4.45%     -   22s
     0     0   39.52900    0  159   41.34043   39.52900  4.38%     -   23s
     0     0   39.54407    0  182   41.34043   39.54407  4.35%     -   23s
     0     0   39.54567    0  182   41.34043   39.54567  4.34%     -   23s
     0     0   39.54658    0  160   41.34043   39.54658  4.34%     -   23s
     0     0   39.54681    0  160   41.34043   39.54681  4.34%     -   23s
     0     0   39.57785    0  164   41.34043   39.57785  4.26%     -   24s
     0     0   39.58956    0  164   41.34043   39.58956  4.24%     -   24s
     0     0   39.59200    0  164   41.34043   39.59200  4.23%     -   24s
     0     0   39.59225    0  174   41.34043   39.59225  4.23%     -   24s
     0     0   39.60669    0  183   41.34043   39.60669  4.19%     -   25s
     0     0   39.60917    0  187   41.34043   39.60917  4.19%     -   25s
     0     0   39.60949    0  182   41.34043   39.60949  4.19%     -   25s
     0     0   39.63150    0  160   41.34043   39.63150  4.13%     -   25s
     0     0   39.63317    0  145   41.34043   39.63317  4.13%     -   25s
     0     0   39.63338    0  163   41.34043   39.63338  4.13%     -   25s
     0     0   39.64324    0  138   41.34043   39.64324  4.11%     -   25s
     0     0   39.65170    0  140   41.34043   39.65170  4.08%     -   26s
     0     0   39.65172    0  140   41.34043   39.65172  4.08%     -   26s
     0     0   39.65230    0  147   41.34043   39.65230  4.08%     -   26s
     0     0   39.65283    0  149   41.34043   39.65283  4.08%     -   26s
     0     0   39.65329    0  150   41.34043   39.65329  4.08%     -   26s
     0     0   39.65329    0  100   41.34043   39.65329  4.08%     -   27s
     0     0   39.65329    0  120   41.34043   39.65329  4.08%     -   29s
     0     0   39.65329    0  221   41.34043   39.65329  4.08%     -   29s
     0     0   39.65329    0  113   41.34043   39.65329  4.08%     -   30s
     0     0   39.65329    0  116   41.34043   39.65329  4.08%     -   30s
     0     0   39.65329    0  137   41.34043   39.65329  4.08%     -   30s
     0     0   39.65518    0  129   41.34043   39.65518  4.08%     -   30s
     0     0   39.65533    0  129   41.34043   39.65533  4.08%     -   30s
     0     0   39.66122    0  172   41.34043   39.66122  4.06%     -   31s
     0     0   39.66202    0  173   41.34043   39.66202  4.06%     -   31s
     0     0   39.66225    0  162   41.34043   39.66225  4.06%     -   31s
     0     0   39.69511    0  154   41.34043   39.69511  3.98%     -   32s
     0     0   39.70524    0  164   41.34043   39.70524  3.96%     -   32s
     0     0   39.70557    0  163   41.34043   39.70557  3.95%     -   33s
     0     0   39.71992    0  156   41.34043   39.71992  3.92%     -   33s
     0     0   39.72409    0  168   41.34043   39.72409  3.91%     -   34s
     0     0   39.72435    0  174   41.34043   39.72435  3.91%     -   34s
     0     0   39.75840    0  127   41.34043   39.75840  3.83%     -   35s
     0     0   39.75958    0  117   41.34043   39.75958  3.82%     -   35s
     0     0   39.75961    0  119   41.34043   39.75961  3.82%     -   35s
     0     0   39.77059    0  112   41.34043   39.77059  3.80%     -   36s
     0     0   39.77651    0  139   41.34043   39.77651  3.78%     -   36s
     0     0   39.77687    0  142   41.34043   39.77687  3.78%     -   36s
     0     0   39.82036    0  142   41.34043   39.82036  3.68%     -   37s
     0     0   39.82431    0  130   41.34043   39.82431  3.67%     -   37s
     0     0   39.82436    0  114   41.34043   39.82436  3.67%     -   37s
     0     0   39.82743    0  108   41.34043   39.82743  3.66%     -   38s
     0     0   39.82805    0  110   41.34043   39.82805  3.66%     -   38s
     0     0   39.82906    0  120   41.34043   39.82906  3.66%     -   38s
     0     0   39.82906    0   90   41.34043   39.82906  3.66%     -   39s
     0     0   39.90080    0  118   41.34043   39.90080  3.48%     -   41s
     0     0   39.90080    0  155   41.34043   39.90080  3.48%     -   41s
     0     0   39.90080    0  114   41.34043   39.90080  3.48%     -   42s
     0     0   39.90080    0  104   41.34043   39.90080  3.48%     -   42s
     0     0   39.90080    0   91   41.34043   39.90080  3.48%     -   42s
     0     0   39.90080    0  115   41.34043   39.90080  3.48%     -   42s
     0     0   39.90080    0  108   41.34043   39.90080  3.48%     -   42s
     0     0   39.90080    0  120   41.34043   39.90080  3.48%     -   42s
     0     0   39.90080    0  111   41.34043   39.90080  3.48%     -   42s
     0     0   39.90080    0  113   41.34043   39.90080  3.48%     -   42s
     0     0   39.90080    0  115   41.34043   39.90080  3.48%     -   42s
     0     0   39.90080    0  102   41.34043   39.90080  3.48%     -   43s
     0     0   39.90080    0  129   41.34043   39.90080  3.48%     -   43s
     0     0   39.90080    0  125   41.34043   39.90080  3.48%     -   44s
     0     0   39.90080    0   76   41.34043   39.90080  3.48%     -   44s
     0     2   39.93168    0   74   41.34043   39.93168  3.41%     -   45s
H   77    82                      41.2134376   39.94979  3.07%  83.9   47s
H  128   126                      41.1099791   39.96272  2.79%  87.3   49s
H  133   126                      41.0349112   39.97133  2.59%  88.5   49s
H  142   125                      40.9287984   39.97133  2.34%  90.4   49s
   147   128   39.99495   12   64   40.92880   39.97149  2.34%  92.5   50s
*  729   711              33      40.1531681   40.15317  0.00%  63.6   52s

Cutting planes:
  Gomory: 38
  Lift-and-project: 9
  Cover: 12
  Implied bound: 91
  Projected implied bound: 12
  MIR: 638
  StrongCG: 1
  Flow cover: 925
  Zero half: 9
  RLT: 70
  Relax-and-lift: 49

Explored 800 nodes (74207 simplex iterations) in 52.76 seconds (10.93 work units)
Thread count was 32 (of 32 available processors)

Solution count 7: 40.1532 40.9288 41.0349 ... 41.3404

Optimal solution found (tolerance 5.00e-03)
Best objective 4.015316806758e+01, best bound 4.015316806758e+01, gap 0.0000%
