
Gurobi 9.5.2 (linux64) logging started Tue Aug 11 18:33:27 2026

Set parameter LogFile to value "/mnt/beegfs/users/celinep/ChargeAndBreak/logs/oracle_RlongCfewTnone_21__kwh300_gurobi.log"
Gurobi Optimizer version 9.5.2 build v9.5.2rc0 (linux64)
Thread count: 16 physical cores, 32 logical processors, using up to 32 threads
Optimize a model with 9271 rows, 4875 columns and 167044 nonzeros
Model fingerprint: 0xa8bb432f
Variable types: 3073 continuous, 1802 integer (1802 binary)
Coefficient statistics:
  Matrix range     [3e-02, 2e+03]
  Objective range  [5e-01, 1e+00]
  Bounds range     [1e+00, 6e+01]
  RHS range        [1e-01, 2e+07]

User MIP start did not produce a new incumbent solution

Presolve removed 2994 rows and 1045 columns
Presolve time: 2.86s
Presolved: 6277 rows, 3830 columns, 150245 nonzeros
Variable types: 2265 continuous, 1565 integer (1564 binary)
Found heuristic solution: objective 1957.7550265
Root relaxation presolve removed 138 rows and 77 columns
Root relaxation presolved: 6139 rows, 3753 columns, 116480 nonzeros

Extra simplex iterations after uncrush: 1

Root relaxation: objective 1.114204e+02, 3581 iterations, 1.23 seconds (0.78 work units)
Total elapsed time = 5.14s
Another try with MIP start

    Nodes    |    Current Node    |     Objective Bounds      |     Work
 Expl Unexpl |  Obj  Depth IntInf | Incumbent    BestBd   Gap | It/Node Time

     0     0  111.42036    0  198 1957.75503  111.42036  94.3%     -    5s
H    0     0                     200.7350222  111.42036  44.5%     -    7s
H    0     0                     198.1663196  113.83653  42.6%     -    7s
     0     0  113.83653    0  258  198.16632  113.83653  42.6%     -    7s
H    0     0                     185.1090097  113.83653  38.5%     -    7s
     0     0  113.86681    0  237  185.10901  113.86681  38.5%     -    7s
     0     0  113.88436    0  239  185.10901  113.88436  38.5%     -    7s
     0     0  113.88453    0  239  185.10901  113.88453  38.5%     -    7s
     0     0  114.36698    0  376  185.10901  114.36698  38.2%     -    8s
     0     0  114.40116    0  353  185.10901  114.40116  38.2%     -    9s
     0     0  114.40152    0  316  185.10901  114.40152  38.2%     -    9s
     0     0  114.55285    0  309  185.10901  114.55285  38.1%     -   11s
H    0     0                     172.9978081  114.55285  33.8%     -   11s
H    0     0                     172.3297443  114.55285  33.5%     -   11s
     0     0  114.59482    0  370  172.32974  114.59482  33.5%     -   11s
     0     0  114.62547    0  362  172.32974  114.62547  33.5%     -   12s
     0     0  114.62572    0  389  172.32974  114.62572  33.5%     -   12s
     0     0  114.68816    0  459  172.32974  114.68816  33.4%     -   13s
     0     0  114.71009    0  334  172.32974  114.71009  33.4%     -   14s
     0     0  114.71617    0  406  172.32974  114.71617  33.4%     -   14s
     0     0  114.71617    0  405  172.32974  114.71617  33.4%     -   14s
     0     0  114.75593    0  407  172.32974  114.75593  33.4%     -   16s
     0     0  114.75920    0  378  172.32974  114.75920  33.4%     -   16s
     0     0  114.75969    0  437  172.32974  114.75969  33.4%     -   16s
H    0     0                     153.0654061  114.75969  25.0%     -   19s
     0     0  114.88145    0  321  153.06541  114.88145  24.9%     -   19s
H    0     0                     153.0047204  114.88145  24.9%     -   19s
     0     0  114.90102    0  352  153.00472  114.90102  24.9%     -   19s
     0     0  114.90373    0  389  153.00472  114.90373  24.9%     -   20s
     0     0  114.90930    0  337  153.00472  114.90930  24.9%     -   20s
     0     0  114.90937    0  339  153.00472  114.90937  24.9%     -   20s
     0     0  114.92269    0  383  153.00472  114.92269  24.9%     -   22s
H    0     0                     140.2410054  114.92269  18.1%     -   22s
     0     0  114.92596    0  379  140.24101  114.92596  18.1%     -   23s
     0     0  114.92619    0  408  140.24101  114.92619  18.1%     -   23s
     0     0  114.93199    0  441  140.24101  114.93199  18.0%     -   25s
H    0     0                     140.1439544  114.93199  18.0%     -   25s
     0     0  114.93955    0  412  140.14395  114.93955  18.0%     -   25s
     0     0  114.94169    0  382  140.14395  114.94169  18.0%     -   26s
     0     0  114.94184    0  424  140.14395  114.94184  18.0%     -   26s
     0     0  114.94483    0  408  140.14395  114.94483  18.0%     -   27s
H    0     0                     139.0415985  114.94483  17.3%     -   27s
     0     0  114.94510    0  423  139.04160  114.94510  17.3%     -   27s
     0     0  114.94600    0  427  139.04160  114.94600  17.3%     -   30s
     0     0  114.94600    0  401  139.04160  114.94600  17.3%     -   31s
     0     0  114.94672    0  433  139.04160  114.94672  17.3%     -   33s
     0     0  114.94672    0  271  139.04160  114.94672  17.3%     -   34s
H    0     0                     139.0199619  114.94672  17.3%     -   35s
     0     2  114.94672    0  267  139.01996  114.94672  17.3%     -   35s
    15    32  116.35300    4  394  139.01996  114.95887  17.3%   636   40s
H   31    48                     138.9464652  114.95896  17.3%   529   42s
H   40    48                     138.6177274  114.95911  17.1%   512   42s
    63    80  117.25123    7  450  138.61773  114.95950  17.1%   536   47s
H   79    96                     138.2990590  114.95950  16.9%   536   49s
H   80    96                     138.2704557  114.95950  16.9%   542   49s
H   83    96                     138.1995660  114.95950  16.8%   528   49s
H   86    96                     137.9529688  114.95950  16.7%   544   49s
H   88    96                     129.0745452  114.95950  10.9%   545   49s
    95   112  116.35322    9  399  129.07455  114.95950  10.9%   554   50s
H  131   148                     127.0329947  114.96104  9.50%   543   52s
H  136   148                     126.7947634  114.96105  9.33%   542   52s
H  189   202                     126.7947634  114.96390  9.33%   520   58s
H  189   202                     126.7505036  114.96390  9.30%   520   58s
H  193   202                     126.7423970  114.96390  9.29%   521   58s
   221   234  114.98291   16  432  126.74240  114.96394  9.29%   540   61s
H  240   255                     126.6981372  114.97597  9.25%   541   63s
   282   295  114.98101   21  463  126.69814  114.98101  9.25%   562   66s
   358   371  117.54668   25  420  126.69814  114.99528  9.24%   571   73s
H  361   371                     126.6724358  114.99965  9.21%   572   73s
H  364   371                     126.5891025  115.00265  9.15%   585   73s
   397   423  115.01019   29  441  126.58910  115.01019  9.15%   605   76s
H  415   423                     126.5891025  115.02123  9.14%   598   76s
   426   439  115.02123   30  388  126.58910  115.02123  9.14%   594   82s
H  429   439                     126.5891023  115.02123  9.14%   595   82s
   466   479  115.02569   32  363  126.58910  115.02569  9.13%   610   87s
H  470   479                     126.5891023  115.02569  9.13%   611   87s
   510   554  115.02569   35  367  126.58910  115.02569  9.13%   617   91s
   593   631  115.02570   38  336  126.58910  115.02570  9.13%   628   96s
   702   720  115.02893   43  422  126.58910  115.02893  9.13%   607  101s
   788   832  118.49419   51  383  126.58910  115.03238  9.13%   609  106s
   885   912  115.05088   45  482  126.58910  115.05088  9.11%   598  110s
  1056  1189  117.07719   42  340  126.58910  115.06566  9.10%   590  116s
  1304  1413  115.07301   33  353  126.58910  115.07301  9.10%   534  120s
  1487  1594  115.32138   56  419  126.58910  115.08028  9.09%   525  125s
  1765  1886  115.10122   26  336  126.58910  115.08916  9.08%   497  131s
  1902  2153  116.65936   64  390  126.58910  115.09329  9.08%   488  135s
H 2198  2153                     126.5870980  115.09537  9.08%   456  145s
  2199  2154  115.10370   42  271  126.58710  115.09537  9.08%   456  153s
  2201  2155  117.00940   67  194  126.58710  115.09537  9.08%   455  156s
  2202  2156  116.63033   18  303  126.58710  115.09537  9.08%   455  160s
  2208  2160  116.92938   51  330  126.58710  115.09537  9.08%   454  171s
  2212  2163  117.36198    9  418  126.58710  115.09537  9.08%   453  176s
  2213  2163  117.02063   26  378  126.58710  115.09537  9.08%   453  184s
  2214  2164  115.33542   28  387  126.58710  115.12914  9.05%   452  185s
  2218  2167  119.53999   58  475  126.58710  115.14588  9.04%   452  191s
  2219  2167  117.37434   58  335  126.58710  115.18263  9.01%   451  201s
  2222  2169  115.38953   67  345  126.58710  115.20947  8.99%   451  205s
  2223  2170  115.21564   53  393  126.58710  115.21564  8.98%   451  215s
  2226  2172  116.90310   55  481  126.58710  115.21945  8.98%   450  220s
  2227  2173  117.21765   56  325  126.58710  115.22898  8.97%   450  227s
  2230  2175  115.51938   35  388  126.58710  115.23398  8.97%   449  232s
  2231  2175  117.38755   33  270  126.58710  115.25024  8.96%   449  240s
H 2233  2067                     126.5037647  115.25210  8.89%   449  249s
  2234  2067  117.39182   26  240  126.50376  115.25315  8.89%   448  252s
  2237  2069  115.40656   51  248  126.50376  115.25651  8.89%   448  255s
  2238  2070  116.21376   41  247  126.50376  115.26011  8.89%   448  265s
  2240  2071  115.26653   67  283  126.50376  115.26512  8.88%   447  270s
  2241  2072  115.26811   62  339  126.50376  115.26811  8.88%   447  275s
  2245  2075  116.57577   54  342  126.50376  115.27196  8.88%   446  289s
  2246  2075  125.26151   69  392  126.50376  115.27204  8.88%   446  293s
  2247  2076  116.73160   31  310  126.50376  115.27537  8.88%   446  302s
  2248  2077  116.94338   25  324  126.50376  115.27584  8.88%   446  306s
  2249  2077  116.45448   44  246  126.50376  115.27942  8.87%   445  314s
  2251  2079  119.13977   28  385  126.50376  115.28059  8.87%   445  319s
  2252  2079  116.51724   75  343  126.50376  115.28386  8.87%   445  331s
  2253  2080  116.35210   70  321  126.50376  115.28386  8.87%   445  342s
  2254  2081  117.37950   11  321  126.50376  115.28389  8.87%   444  345s
  2255  2084  115.28389   15  329  126.50376  115.28389  8.87%   472  362s
  2257  2088  115.29015   16  325  126.50376  115.29015  8.86%   472  387s
  2261  2094  115.31899   17  355  126.50376  115.31899  8.84%   472  396s
  2285  2114  115.32744   19  428  126.50376  115.32744  8.83%   473  402s
  2333  2142  115.41156   22  419  126.50376  115.32744  8.83%   482  406s
  2420  2206  117.74078   28  276  126.50376  115.34984  8.82%   487  414s
  2444  2231  115.34984   30  371  126.50376  115.34984  8.82%   488  415s
  2528  2269  117.31434   35  335  126.50376  115.35135  8.82%   492  422s
H 2534  2162                     126.5037635  115.35139  8.82%   493  422s
  2579  2202  115.35159   39  333  126.50376  115.35159  8.82%   497  426s
H 2585  2100                     126.4528126  115.35159  8.78%   495  426s
  2639  2137  115.41487   44  315  126.45281  115.35339  8.78%   498  449s
H 2645  2041                     126.3694793  115.35354  8.72%   499  449s
  2655  2077  115.35356   46  387  126.36948  115.35356  8.72%   500  450s
  2752  2115  115.36022   54  450  126.36948  115.36022  8.71%   498  467s
  2923  2276  115.91847   55  309  126.36948  115.38450  8.69%   497  470s
  3181  2454  119.21765   71  287  126.36948  115.40231  8.68%   484  475s
  3480  2770  115.54626   85  225  126.36948  115.41326  8.67%   483  482s
  3942  3153  115.92024   51  256  126.36948  115.41720  8.67%   458  487s
  4233  3237  117.66038   52  280  126.36948  115.41929  8.67%   445  490s
  4618  3616  117.77267   51  391  126.36948  115.42338  8.66%   445  495s
  5224  3714  116.89928   46  318  126.36948  115.42874  8.66%   426  501s
  5247  4101  115.59157   58  284  126.36948  115.43157  8.66%   428  505s
  6109  4381  120.37072   62  152  126.36948  115.43404  8.65%   399  512s
  6310  4701  115.46882   45  370  126.36948  115.43661  8.65%   396  516s
  6739  4856  116.75414   69  244  126.36948  115.43822  8.65%   383  521s
  7037  5244  116.86111   31  296  126.36948  115.43943  8.65%   378  525s
  7556  5445  116.87261   33  328  126.36948  115.44102  8.65%   369  530s
  8386  6261  119.54791   49  244  126.36948  115.44242  8.65%   359  538s
  8794  6790  124.39865   35  362  126.36948  115.44581  8.64%   356  543s
  9343  7389  117.83782   30  275  126.36948  115.44769  8.64%   349  547s
  9996  7990  118.81915   71  212  126.36948  115.44919  8.64%   340  553s
 10627  8029  116.22654   73  262  126.36948  115.45272  8.64%   334  559s
 10667  8542  115.77247   70  255  126.36948  115.45408  8.64%   335  563s
 11356  8993  116.75016   27  271  126.36948  115.45519  8.64%   329  568s
 11832  9537  115.47764   41  316  126.36948  115.45701  8.64%   327  573s
 12395 10016  121.25968   38  258  126.36948  115.46013  8.63%   327  578s
 12925 10620  115.75761   85  337  126.36948  115.46237  8.63%   324  585s
 13597 11292  117.15681   53  270  126.36948  115.46335  8.63%   321  591s
 14314 12064  117.85018   54  253  126.36948  115.46465  8.63%   318  598s
 15152 12693  117.57881   37  329  126.36948  115.46646  8.63%   314  608s
 15845 13099  119.91547   64  240  126.36948  115.46875  8.63%   310  621s
H15870 13099                     126.3694780  115.46875  8.63%   310  621s
 16278 14030  115.51808   76  246  126.36948  115.47009  8.63%   310  629s
 17306 14363  115.87806   36  371  126.36948  115.47231  8.62%   306  638s
 17651 15349  116.96805   57  312  126.36948  115.47447  8.62%   307  646s
 18694 16425  115.67921   47  322  126.36948  115.47671  8.62%   305  654s
 19084 16425  115.68020   30  369  126.36948  115.47757  8.62%   303  655s
 19870 16939  121.45887   38  288  126.36948  115.47852  8.62%   300  663s
 20425 18181  116.29734   65  267  126.36948  115.48136  8.62%   301  679s
 21968 18897  117.37802   68  123  126.36948  115.48372  8.61%   298  688s
 22743 19747  115.99055   57  251  126.36948  115.48666  8.61%   298  698s
 23778 20939  122.15510   39  296  126.36948  115.49050  8.61%   296  708s
 25137 21244  118.77936   56  337  126.36948  115.49424  8.61%   291  717s
 25474 22612  125.60171   60  206  126.36948  115.49635  8.60%   292  727s
 26978 23520  119.84068   68  305  126.36948  115.49925  8.60%   287  736s
 28000 24385  115.79544   51  317  126.36948  115.50201  8.60%   286  744s
 28896 25219  116.66673   68  218  126.36948  115.50441  8.60%   286  755s
 30062 26636  115.86656   84  161  126.36948  115.50808  8.59%   285  767s
 31751 27805  116.54340   66  316  126.36948  115.51275  8.59%   279  779s
 33005 29227  117.22150   93  140  126.36948  115.51749  8.59%   278  791s
 34582 29637  115.75414   38  449  126.36948  115.52159  8.58%   276  805s
 35012 31103  120.39316   29  248  126.36948  115.52298  8.58%   275  818s
 36709 32546  116.58279   62  375  126.36948  115.52668  8.58%   274  833s
 38317 33530  116.79823   54  238  126.36948  115.52999  8.58%   273  848s
 39491 35127  116.21623   70  251  126.36948  115.53459  8.57%   272  863s
 41351 37828  115.70074   87  303  126.36948  115.53830  8.57%   270  885s
 44284 39310  117.15627   56  339  126.36948  115.54268  8.57%   264  898s
 45903 40763  116.05749   85  284  126.36948  115.54694  8.56%   263  916s
 47591 41065  116.36366   87  145  126.36948  115.54964  8.56%   259  928s
 48071 42705  117.99630   68  330  126.36948  115.55173  8.56%   259  945s
 49890 44282  123.11353   31  214  126.36948  115.55574  8.56%   258  963s
 51688 45996  115.70721   75  224  126.36948  115.56209  8.55%   256  978s
 53590 47277  116.67860   52  166  126.36948  115.56604  8.55%   255  995s
 55202 48300  116.84388   38  197  126.36948  115.56961  8.55%   254 1013s
 56551 49963  121.27335   34  309  126.36948  115.57311  8.54%   255 1030s
 58386 51370  116.06500   76  293  126.36948  115.57898  8.54%   253 1047s
 59982 52712  115.88375   80  309  126.36948  115.58481  8.53%   252 1064s
 61514 53720  115.59132   43  362  126.36948  115.58664  8.53%   251 1080s
 62700 55408  115.99225   76  268  126.36948  115.58951  8.53%   251 1101s
 64664 57396  116.34756   44  250  126.36948  115.59144  8.53%   249 1118s
 66936 59041  116.68810   62  248  126.36948  115.59548  8.53%   247 1134s
 68818 59615  115.60131   61  299  126.36948  115.60001  8.52%   246 1148s
 69503 61259  115.69156   64  321  126.36948  115.60143  8.52%   246 1167s
 71391 62882  116.29582   45  279  126.36948  115.60631  8.52%   246 1184s
 73341 64607  116.41390   82  190  126.36948  115.61114  8.51%   245 1201s
 75267 66473  116.33635   35  321  126.36948  115.61435  8.51%   244 1220s
 77401 68285  115.62602   67  328  126.36948  115.61942  8.51%   243 1235s
 79502 70160  116.40918   81  140  126.36948  115.62276  8.50%   241 1248s
 81598 71499  115.65357   78  302  126.36948  115.62707  8.50%   240 1268s
 83525 72893  115.80247   66  281  126.36948  115.62988  8.50%   238 1289s
 85326 73894  115.82678   60  241  126.36948  115.63430  8.50%   238 1306s
 86564 74815  118.55216   72  291  126.36948  115.63767  8.49%   238 1325s
 87772 76014  115.90328   62  277  126.36948  115.64002  8.49%   238 1351s
 89163 77332  115.90278   76  171  126.36948  115.64379  8.49%   238 1376s
 90701 78598  115.78218   57  301  126.36948  115.64777  8.48%   238 1408s
 92156 80037  116.09606   82  209  126.36948  115.65232  8.48%   238 1438s
 93962 81659  117.96334   43  251  126.36948  115.65554  8.48%   239 1469s
 95845 83160  115.91451   66  181  126.36948  115.65878  8.48%   238 1500s
 97557 84645  118.53043   61  307  126.36948  115.66172  8.47%   238 1535s
 99270 86478  116.07045   55  287  126.36948  115.66557  8.47%   238 1564s
 101393 88044  116.09096   73  169  126.36948  115.66827  8.47%   238 1598s
 103166 89485  119.62545   91  305  126.36948  115.67141  8.47%   238 1630s
 104924 90475  118.39687   76  264  126.36948  115.67416  8.46%   238 1656s
 106124 90844  118.29033   62  181  126.36948  115.67700  8.46%   238 1709s
 106558 93196  116.15299   51  167  126.36948  115.67810  8.46%   238 1767s
 109396 95475  116.28808   65  332  126.36948  115.68275  8.46%   238 1808s
 112010 96974  116.40898   59  293  126.36948  115.68754  8.45%   238 1843s
H113279 96974                     126.3694780  115.68858  8.45%   238 1844s
 113868 99012  115.69443   53  282  126.36948  115.69039  8.45%   238 1884s
 116170 100813  116.31365   62  242  126.36948  115.69368  8.45%   237 1919s
 118380 102324  116.82429   76  267  126.36948  115.69419  8.45%   237 1953s
 120112 103837  117.69080   77  278  126.36948  115.69856  8.44%   237 1989s
 121938 105418  115.87173   75  254  126.36948  115.70236  8.44%   237 2023s
 123876 107032  115.96944   45  401  126.36948  115.70469  8.44%   237 2060s
 125825 110532  115.76699   79  216  126.36948  115.70893  8.44%   237 2093s
 129912 110988  118.16962   53  166  126.36948  115.71168  8.43%   234 2108s
 130456 111604  118.07417   31  425  126.36948  115.71489  8.43%   234 2125s
 131184 113634  116.12937   69  221  126.36948  115.71674  8.43%   235 2143s
 133503 114148  116.23111   27  409  126.36948  115.71764  8.43%   233 2158s
 134147 115009  117.51351   50  259  126.36948  115.71970  8.43%   233 2174s
 135129 117087  116.79298   70  129  126.36948  115.72176  8.43%   233 2191s
 137564 117487  116.95147   61  191  126.36948  115.72455  8.42%   232 2218s
 138035 118296  116.09708   81  241  126.36948  115.72566  8.42%   232 2240s
 139160 120476  116.11751   78  310  126.36948  115.72770  8.42%   232 2262s
 141789 121341  116.21579   69  154  126.36948  115.73104  8.42%   231 2280s
 142808 123924  118.52680   65  212  126.36948  115.73291  8.42%   231 2298s
 145827 124488  116.72998   55  253  126.36948  115.73571  8.41%   230 2319s
 146472 126505  118.96153   59  217  126.36948  115.73713  8.41%   230 2347s
 148792 127628  115.88527   93  327  126.36948  115.73982  8.41%   230 2370s
 150058 130334  117.15465   58  283  126.36948  115.74147  8.41%   230 2396s
 153594 131377  125.48197   80  275  126.36948  115.74519  8.41%   229 2418s
 154864 133636  116.07391   67  269  126.36948  115.74628  8.41%   229 2439s
 157829 134177  116.42678   48  221  126.36948  115.74937  8.40%   228 2462s
 158442 134997  117.95704   59  188  126.36948  115.75038  8.40%   228 2482s
 159381 137819  116.75205   51  244  126.36948  115.75195  8.40%   228 2505s
 162604 138619  116.11238   78  329  126.36948  115.75463  8.40%   227 2527s
 163613 140069  115.93435   77  233  126.36948  115.75625  8.40%   227 2550s
 165493 140983  120.02809   67  247  126.36948  115.75865  8.40%   227 2569s
 165917 140983  116.63218   90  310  126.36948  115.75898  8.40%   227 2570s
 166588 143936  116.62514   52  284  126.36948  115.76025  8.40%   227 2593s
 170208 145203  120.05696   68  254  126.36948  115.76382  8.39%   225 2620s
 171719 148936  115.82482   48  326  126.36948  115.76672  8.39%   225 2656s
 176105 149746  116.57180   75  323  126.36948  115.76897  8.39%   225 2677s
 177056 150664  119.77552   83  279  126.36948  115.77041  8.39%   225 2699s
 178172 153586  115.77345   86  290  126.36948  115.77252  8.39%   225 2719s
 181557 154394  116.13947   70  250  126.36948  115.77513  8.38%   224 2744s
 182481 155580  117.80929   48  298  126.36948  115.77704  8.38%   224 2765s
 183842 158324  119.48212   60  192  126.36948  115.77907  8.38%   224 2787s
 187378 159201  119.92120   52  200  126.36948  115.78202  8.38%   222 2805s
 188469 161904  125.74174   37  437  126.36948  115.78412  8.38%   222 2826s
 191941 162792  119.84570   73  202  126.36948  115.78626  8.37%   221 2849s
 193109 168040  117.68900   55  303  126.36948  115.78835  8.37%   221 2883s
 199270 168791  116.56071   80  202  126.36948  115.79435  8.37%   219 2902s
 200119 169590  115.86867   99  272  126.36948  115.79506  8.37%   219 2921s
 201096 170394  118.01983   42  219  126.36948  115.79726  8.37%   219 2939s
 202038 172635  116.03042   65  306  126.36948  115.79886  8.36%   219 2958s
 205434 173265  117.02391   63  276  126.36948  115.80196  8.36%   218 2974s
 206205 174294  116.12123   64  224  126.36948  115.80368  8.36%   218 2993s
 207534 175018  117.70774   85  197  126.36948  115.80609  8.36%   219 3010s
 208484 175865  115.92838   71  341  126.36948  115.80728  8.36%   219 3034s
 209421 176998  116.55817   51  108  126.36948  115.80835  8.36%   219 3053s
 210809 180303  120.61972   90  182  126.36948  115.81175  8.35%   218 3073s
 214711 181002  116.95424   70  264  126.36948  115.81507  8.35%   217 3097s
 215565 183320  117.46458   58  277  126.36948  115.81740  8.35%   217 3140s
 218512 188540  117.03481   28  447  126.36948  115.82133  8.35%   218 3175s
 225256 190558  116.44645   62  225  126.36948  115.82807  8.34%   216 3191s
 227666 191298  118.28847   53  269  126.36948  115.83238  8.34%   215 3207s
 228576 193884  118.65178   31  313  126.36948  115.83474  8.34%   215 3224s
 231506 194638  118.12725   68  278  126.36948  115.83694  8.33%   215 3239s
 232365 197024  116.02693   60  310  126.36948  115.83897  8.33%   215 3254s
 235123 198012  117.51189   77  143  126.36948  115.84258  8.33%   214 3274s
 236684 199523  119.60175   43  260  126.36948  115.84554  8.33%   214 3301s
 238629 203200  116.71755   77  247  126.36948  115.84861  8.33%   215 3326s
 243074 203802  118.46415   82  234  126.36948  115.85302  8.32%   214 3344s
 243836 204795  117.16497   50  305  126.36948  115.85595  8.32%   214 3363s
 245044 207095  117.30046   69  301  126.36948  115.85797  8.32%   214 3382s
 248525 207823  115.92266   46  284  126.36948  115.86130  8.32%   214 3398s
 249534 210391  115.95229   75  324  126.36948  115.86337  8.31%   214 3415s
 252756 211239  118.25302   48  342  126.36948  115.86670  8.31%   213 3430s
 253728 213350  116.23703   39  244  126.36948  115.86896  8.31%   213 3447s
 256535 214416  117.45872   73  264  126.36948  115.87149  8.31%   213 3467s
 257884 218415  125.84982   91  232  126.36948  115.87499  8.30%   213 3495s
 262866 219076  116.26545   64  200  126.36948  115.88179  8.30%   213 3514s
 263660 221249  116.14011   81  428  126.36948  115.88394  8.30%   213 3530s
 266324 222040  116.31403   89  293  126.36948  115.88708  8.30%   212 3544s
 267325 223892  126.02501   86  168  126.36948  115.88997  8.29%   212 3561s
 269553 224623  116.88831  105   83  126.36948  115.89208  8.29%   212 3576s
 270416 227066  116.57392   81  157  126.36948  115.89551  8.29%   213 3593s
 273386 227681  116.06381   51  418  126.36948  115.89957  8.29%   212 3610s
 274206 229846  116.85803   77  415  126.36948  115.90218  8.28%   213 3627s
 276886 230683  116.44363   82  315  126.36948  115.90503  8.28%   212 3641s
 277879 232736  116.48721   64  272  126.36948  115.90820  8.28%   212 3663s
 280442 233491  116.16792   80  362  126.36948  115.91100  8.28%   212 3677s
 281440 234423  116.00860   96  307  126.36948  115.91353  8.27%   213 3697s
 282659 237636  119.66603   75  238  126.36948  115.91519  8.27%   213 3719s
 286678 238392     cutoff   66       126.36948  115.92082  8.27%   212 3733s
 287654 239272  116.86759   95  184  126.36948  115.92314  8.27%   212 3750s
 288851 241692  116.62458   47  297  126.36948  115.92685  8.26%   213 3767s
 292021 242366  117.63103   61  436  126.36948  115.93054  8.26%   212 3786s
 292932 243233  117.64704   39  421  126.36948  115.93316  8.26%   213 3808s
 294058 245943  117.86098   74  233  126.36948  115.93493  8.26%   213 3834s
 297485 246920  123.38686   62  173  126.36948  115.93935  8.25%   213 3851s
 298625 249354  120.27640   56  272  126.36948  115.94063  8.25%   213 3873s
 301556 250050  116.86422   71  227  126.36948  115.94459  8.25%   213 3888s
 302467 251018     cutoff   87       126.36948  115.94683  8.25%   213 3907s
 303650 252426  122.84215   89  220  126.36948  115.94978  8.25%   213 3928s
 305501 253199  115.97336   90  335  126.36948  115.95210  8.24%   213 3947s
 306529 255834  125.63642   78  278  126.36948  115.95348  8.24%   213 3971s
 309799 256597  125.47010   64  230  126.36948  115.95785  8.24%   213 3990s
 310849 257450  117.07426   80  382  126.36948  115.96257  8.24%   214 4011s
 311893 258374  116.71975   54  287  126.36948  115.96604  8.23%   214 4037s
 313153 259549  125.27580   86  239  126.36948  115.96703  8.23%   214 4064s
 314643 262766  125.23371   74  140  126.36948  115.97199  8.23%   215 4090s
 318590 263760  116.35331   45  321  126.36948  115.97739  8.22%   214 4109s
 319805 264963  116.91227   44  237  126.36948  115.97875  8.22%   214 4134s
 321270 268595  116.58743   77  272  126.36948  115.98158  8.22%   215 4160s
 326055 269208 infeasible   39       126.36948  115.98610  8.22%   214 4180s
 326905 269952     cutoff   72       126.36948  115.98865  8.21%   214 4195s
 327900 270772  120.02545   60  254  126.36948  115.99059  8.21%   215 4214s
 328970 271594     cutoff   82       126.36948  115.99324  8.21%   215 4234s
 330098 272593  116.94886   74  155  126.36948  115.99630  8.21%   215 4257s
 331408 275718  116.45303   65  281  126.36948  115.99911  8.21%   215 4282s
 335280 276568  121.83575   60  239  126.36948  116.00400  8.20%   215 4306s
 336355 277563  116.48952   87  220  126.36948  116.00669  8.20%   215 4329s
 337688 278479  117.38691   58  413  126.36948  116.00935  8.20%   216 4352s
 338988 281250 infeasible   60       126.36948  116.01102  8.20%   216 4376s
 342512 282349  118.49107   88  339  126.36948  116.01480  8.19%   216 4400s
 343916 284121  117.94814   53  276  126.36948  116.01762  8.19%   216 4433s
 346198 285448  119.39151   62  259  126.36948  116.02246  8.19%   216 4463s
 348050 289594  116.21410   65  225  126.36948  116.02578  8.19%   217 4497s
 353265 290374  125.69259   69  195  126.36948  116.03235  8.18%   216 4519s
 354327 291351  122.21925   93  287  126.36948  116.03589  8.18%   217 4548s
 355542 294441  116.31220   89  263  126.36948  116.03851  8.18%   217 4573s
 359392 295296  116.36375   94  298  126.36948  116.04493  8.17%   216 4597s
 360608 296300  125.53938   61  221  126.36948  116.04760  8.17%   217 4619s
 361929 299289  116.29767   77  232  126.36948  116.04967  8.17%   217 4642s
 365907 300003  118.24891   66  233  126.36948  116.05330  8.16%   216 4666s
 366917 301832  118.20854   55  403  126.36948  116.05729  8.16%   216 4705s
 369331 307223  117.76979   57  289  126.36948  116.06205  8.16%   217 4746s
 376597 307754  123.36437   84  267  126.36948  116.07024  8.15%   216 4769s
 377409 308453  117.03405   93  217  126.36948  116.07537  8.15%   216 4789s
 378447 309175     cutoff   46       126.36948  116.07784  8.14%   216 4812s
 379591 311665     cutoff   47       126.36948  116.08123  8.14%   216 4835s
 382991 312207  116.55725   48  223  126.36948  116.08530  8.14%   216 4857s
 383927 312822     cutoff   97       126.36948  116.08958  8.13%   216 4894s
 384922 313743  117.28211   69  102  126.36948  116.09279  8.13%   217 4915s
 386156 316426     cutoff   71       126.36948  116.09443  8.13%   217 4942s
 390504 317059  116.85108   80  205  126.36948  116.09887  8.13%   216 4964s
 391473 318572  125.28669   91  267  126.36948  116.10288  8.12%   217 5006s
 393734 323735     cutoff   57       126.36948  116.10889  8.12%   217 5051s
 401239 324072  126.19856   88  279  126.36948  116.12123  8.11%   216 5073s
 401798 324632  116.21992   62  336  126.36948  116.12398  8.11%   216 5093s
 402815 325169  117.17989   36  245  126.36948  116.12721  8.11%   216 5113s
 403767 325635  125.57769   77  150  126.36948  116.12889  8.10%   217 5134s
 404662 326399     cutoff   73       126.36948  116.13325  8.10%   217 5153s
 405881 327016  117.59079   66  263  126.36948  116.13641  8.10%   217 5176s
 406930 329780 infeasible   84       126.36948  116.13902  8.10%   218 5196s
 410891 330578  117.74002   46  450  126.36948  116.14590  8.09%   218 5218s
 412273 331432 infeasible   98       126.36948  116.15051  8.09%   218 5243s
 413647 332560     cutoff   79       126.36948  116.15321  8.08%   218 5277s
 415508 336780  125.54240   88  141  126.36948  116.15832  8.08%   218 5308s
 421843 337381  116.41058   93  200  126.36948  116.16697  8.07%   218 5326s
 422803 338077  116.37613   31  461  126.36948  116.17185  8.07%   218 5351s
 423925 338766     cutoff   57       126.36948  116.17386  8.07%   218 5371s
 425050 341417  116.30636   76  322  126.36948  116.17706  8.07%   219 5393s
 429204 341989 infeasible   83       126.36948  116.18325  8.06%   218 5409s
 430115 342505  122.14783   69  178  126.36948  116.18517  8.06%   219 5431s
 431072 343234  121.54512   34  368  126.36948  116.18768  8.06%   219 5450s
 432341 346715 infeasible  101       126.36948  116.19088  8.05%   219 5473s
 437348 347422     cutoff   95       126.36948  116.19699  8.05%   218 5495s
 438465 348767     cutoff   66       126.36948  116.20015  8.05%   218 5532s
 440827 353686  116.64717   68  253  126.36948  116.20505  8.04%   219 5566s
 447996 354167     cutoff   94       126.36948  116.21274  8.04%   218 5583s
 448815 354704     cutoff   60       126.36948  116.21783  8.03%   218 5601s
 449929 355408     cutoff   38       126.36948  116.22038  8.03%   218 5619s
 451268 356044     cutoff   51       126.36948  116.22324  8.03%   219 5639s
 452408 356697  126.26159   92  254  126.36948  116.22651  8.03%   219 5659s
 453646 357370     cutoff   76       126.36948  116.23104  8.02%   219 5682s
 454950 360755  117.61419   80  275  126.36948  116.23402  8.02%   219 5707s
 459874 361367     cutoff   95       126.36948  116.24139  8.01%   219 5730s
 460964 362465 infeasible   63       126.36948  116.24423  8.01%   219 5768s
 462854 363471  116.51071   38  482  126.36948  116.24784  8.01%   220 5815s
 464514 364755  117.39747  100  205  126.36948  116.25251  8.01%   220 5858s
 467095 371293  118.06248   71  422  126.36948  116.25915  8.00%   220 5902s
 477942 371786     cutoff   73       126.36948  116.27041  7.99%   218 5923s
 478975 372315  117.27482   69  197  126.36948  116.27397  7.99%   219 5948s
 480151 372833     cutoff   99       126.36948  116.27779  7.99%   219 5974s
 481392 373434 infeasible   99       126.36948  116.28158  7.98%   219 5997s
 482738 374159  117.75467  106  282  126.36948  116.28568  7.98%   219 6028s
 484831 375233     cutoff   61       126.36948  116.29256  7.97%   220 6060s
 487185 378597  117.34424   82  217  126.36948  116.29839  7.97%   220 6088s
 493506 379161  117.70089   59  293  126.36948  116.31268  7.96%   219 6109s
 494680 379688  125.29174   94  224  126.36948  116.31659  7.96%   220 6129s
 495932 380233  117.06893   62  248  126.36948  116.31954  7.95%   220 6151s
 497383 380672     cutoff   72       126.36948  116.32400  7.95%   220 6174s
 498660 383484     cutoff   83       126.36948  116.32925  7.95%   220 6197s
 503406 383925  117.45071  104  220  126.36948  116.33857  7.94%   220 6225s
 504505 385025     cutoff   94       126.36948  116.34120  7.94%   220 6265s
 507141 385922     cutoff  117       126.36948  116.34872  7.93%   221 6305s
 509501 390432     cutoff   77       126.36948  116.35667  7.92%   221 6346s
 518305 390880     cutoff   73       126.36948  116.36993  7.91%   220 6369s
 519774 391160 infeasible   81       126.36948  116.37307  7.91%   220 6391s
 520891 391489 infeasible  100       126.36948  116.37717  7.91%   220 6411s
 522105 391873  117.97773   49  370  126.36948  116.38231  7.90%   220 6433s
 523455 392346     cutoff   84       126.36948  116.38912  7.90%   220 6461s
 524773 392766     cutoff   88       126.36948  116.39498  7.89%   221 6490s
 526115 396032     cutoff   74       126.36948  116.39892  7.89%   221 6536s
H531003 396032                     126.3694779  116.40011  7.89%   220 6537s
 533355 396262 infeasible   43       126.36948  116.41152  7.88%   220 6554s
 534404 396568     cutoff   68       126.36948  116.41534  7.88%   220 6570s
 535645 396875     cutoff  105       126.36948  116.41874  7.87%   220 6585s
 536918 397282 infeasible   93       126.36948  116.42370  7.87%   221 6608s
 538262 397494     cutoff   92       126.36948  116.42745  7.87%   221 6632s
 539752 397945  116.65908   69  252  126.36948  116.43259  7.86%   221 6655s
 541277 398242     cutoff   75       126.36948  116.43765  7.86%   221 6679s
 542837 398698 infeasible   67       126.36948  116.44589  7.85%   221 6706s
 544585 400741  118.24095   91  163  126.36948  116.45104  7.85%   221 6732s
 548889 400961  121.74882   79  252  126.36948  116.45996  7.84%   221 6760s
 550441 401447  123.13127   88  401  126.36948  116.46563  7.84%   221 6802s
 552600 401970 infeasible   74       126.36948  116.47287  7.83%   221 6838s
 555029 402443 infeasible   82       126.36948  116.48040  7.83%   222 6871s
 556944 404378     cutoff   49       126.36948  116.48323  7.82%   222 6897s
 561377 404643     cutoff   43       126.36948  116.49806  7.81%   222 6924s
 563128 404936 infeasible   77       126.36948  116.50296  7.81%   222 6943s
 564951 405389     cutoff   81       126.36948  116.51024  7.80%   222 6967s
 566704 405842  119.54376   51  309  126.36948  116.51514  7.80%   222 6997s
 568600 407992  122.78866   41  183  126.36948  116.52285  7.79%   222 7030s
 573697 408393  117.02177   80  226  126.36948  116.53364  7.78%   222 7061s
 575622 408841 infeasible   58       126.36948  116.53847  7.78%   222 7099s
 578304 409088 infeasible   44       126.36948  116.54519  7.77%   222 7128s
 580426 409759  116.78332  101  177  126.36948  116.55510  7.77%   223 7161s
 583388 411515     cutoff   95       126.36948  116.55891  7.76%   223 7192s
 588982 411443 infeasible   40       126.36948  116.57157  7.75%   222 7200s

Cutting planes:
  Learned: 21
  Gomory: 145
  Lift-and-project: 10
  Cover: 539
  Implied bound: 949
  Clique: 26
  MIR: 1158
  StrongCG: 14
  Flow cover: 2454
  GUB cover: 10
  Inf proof: 87
  Zero half: 195
  RLT: 119
  Relax-and-lift: 221
  PSD: 13

Explored 589603 nodes (130973995 simplex iterations) in 7200.18 seconds (4546.19 work units)
Thread count was 32 (of 32 available processors)

Solution count 10: 126.369 126.369 126.369 ... 126.589

Time limit reached
Best objective 1.263694779212e+02, best bound 1.165768253602e+02, gap 7.7492%
