
Gurobi 9.5.2 (linux64) logging started Tue Jul 28 15:05:59 2026

Set parameter LogFile to value "logs/oracle_RmediumCfewTlarge_13_gurobi.log"
Gurobi Optimizer version 9.5.2 build v9.5.2rc0 (linux64)
Thread count: 16 physical cores, 32 logical processors, using up to 32 threads
Optimize a model with 3709 rows, 2138 columns and 12877 nonzeros
Model fingerprint: 0xe0b98a02
Variable types: 1337 continuous, 801 integer (801 binary)
Coefficient statistics:
  Matrix range     [2e-02, 8e+02]
  Objective range  [1e+00, 1e+00]
  Bounds range     [1e+00, 1e+00]
  RHS range        [2e-01, 5e+02]
Presolve removed 1192 rows and 456 columns
Presolve time: 0.07s
Presolved: 2517 rows, 1682 columns, 11214 nonzeros
Variable types: 1011 continuous, 671 integer (671 binary)

Root relaxation: objective 3.972025e+01, 2937 iterations, 0.11 seconds (0.13 work units)

    Nodes    |    Current Node    |     Objective Bounds      |     Work
 Expl Unexpl |  Obj  Depth IntInf | Incumbent    BestBd   Gap | It/Node Time

     0     0   39.72025    0  226          -   39.72025      -     -    0s
H    0     0                      77.5672744   39.72025  48.8%     -    0s
H    0     0                      76.7924903   39.72025  48.3%     -    0s
     0     0   40.31903    0  222   76.79249   40.31903  47.5%     -    0s
H    0     0                      76.5623502   40.37428  47.3%     -    0s
     0     0   40.37428    0  226   76.56235   40.37428  47.3%     -    0s
     0     0   40.84854    0  242   76.56235   40.84854  46.6%     -    0s
     0     0   40.88509    0  246   76.56235   40.88509  46.6%     -    0s
     0     0   40.90426    0  238   76.56235   40.90426  46.6%     -    0s
     0     0   40.90547    0  244   76.56235   40.90547  46.6%     -    0s
     0     0   40.90595    0  246   76.56235   40.90595  46.6%     -    0s
     0     0   41.44522    0  234   76.56235   41.44522  45.9%     -    0s
     0     0   41.54202    0  210   76.56235   41.54202  45.7%     -    0s
     0     0   41.55520    0  207   76.56235   41.55520  45.7%     -    0s
     0     0   41.77961    0  207   76.56235   41.77961  45.4%     -    1s
     0     0   41.82061    0  215   76.56235   41.82061  45.4%     -    1s
     0     0   41.82632    0  213   76.56235   41.82632  45.4%     -    1s
     0     0   41.82678    0  214   76.56235   41.82678  45.4%     -    1s
     0     0   41.88360    0  224   76.56235   41.88360  45.3%     -    1s
     0     0   41.88867    0  222   76.56235   41.88867  45.3%     -    1s
     0     0   41.89014    0  218   76.56235   41.89014  45.3%     -    1s
     0     0   41.89032    0  218   76.56235   41.89032  45.3%     -    1s
     0     0   41.91385    0  196   76.56235   41.91385  45.3%     -    1s
     0     0   41.91906    0  207   76.56235   41.91906  45.2%     -    1s
     0     0   41.91941    0  206   76.56235   41.91941  45.2%     -    1s
     0     0   41.93420    0  206   76.56235   41.93420  45.2%     -    1s
     0     0   41.94492    0  215   76.56235   41.94492  45.2%     -    1s
     0     0   41.94551    0  209   76.56235   41.94551  45.2%     -    1s
     0     0   41.94844    0  209   76.56235   41.94844  45.2%     -    1s
H    0     0                      66.8133032   41.94938  37.2%     -    1s
H    0     0                      66.7218596   41.94938  37.1%     -    1s
     0     0   41.94938    0  214   66.72186   41.94938  37.1%     -    1s
     0     0   41.94971    0  214   66.72186   41.94971  37.1%     -    1s
     0     0   42.03335    0  215   66.72186   42.03335  37.0%     -    1s
     0     0   42.04454    0  222   66.72186   42.04454  37.0%     -    1s
     0     0   42.04773    0  223   66.72186   42.04773  37.0%     -    1s
     0     0   42.04831    0  225   66.72186   42.04831  37.0%     -    1s
     0     0   42.10279    0  201   66.72186   42.10279  36.9%     -    1s
     0     0   42.10423    0  205   66.72186   42.10423  36.9%     -    1s
     0     0   42.10586    0  202   66.72186   42.10586  36.9%     -    1s
     0     0   42.10592    0  202   66.72186   42.10592  36.9%     -    1s
     0     0   42.19505    0  205   66.72186   42.19505  36.8%     -    1s
     0     0   42.20572    0  216   66.72186   42.20572  36.7%     -    1s
     0     0   42.20712    0  216   66.72186   42.20712  36.7%     -    1s
     0     0   42.25381    0  218   66.72186   42.25381  36.7%     -    1s
     0     0   42.26167    0  213   66.72186   42.26167  36.7%     -    1s
     0     0   42.28583    0  211   66.72186   42.28583  36.6%     -    1s
     0     0   42.28900    0  210   66.72186   42.28900  36.6%     -    1s
     0     0   42.28910    0  211   66.72186   42.28910  36.6%     -    2s
     0     0   42.29936    0  213   66.72186   42.29936  36.6%     -    2s
H    0     0                      54.9178846   42.29936  23.0%     -    2s
     0     0   42.30295    0  211   54.91788   42.30295  23.0%     -    2s
     0     0   42.30997    0  212   54.91788   42.30997  23.0%     -    2s
     0     0   42.30997    0  213   54.91788   42.30997  23.0%     -    2s
     0     0   42.31091    0  214   54.91788   42.31091  23.0%     -    2s
     0     0   42.31091    0  162   54.91788   42.31091  23.0%     -    2s
H    0     0                      54.8061580   42.31091  22.8%     -    2s
     0     2   42.31091    0  160   54.80616   42.31091  22.8%     -    2s
H   31    44                      54.7834158   42.32637  22.7%  59.3    3s
H   35    44                      54.6435537   42.32641  22.5%  53.3    3s
H   43    44                      54.6208116   42.32641  22.5%  54.7    3s
H   80    88                      53.7664386   42.32641  21.3%  45.4    3s
H   86    88                      53.5942474   42.32641  21.0%  43.4    3s
H  129   131                      53.5490328   42.32641  21.0%  40.5    4s
H  132   131                      53.5321138   42.32641  20.9%  40.5    4s
H  138   131                      53.4747845   42.32641  20.8%  40.1    4s
H  176   173                      53.2247602   42.32641  20.5%  38.8    9s
H  230   199                      53.1916223   42.32641  20.4%  34.6   12s
H  232   199                      53.1795456   42.32641  20.4%  34.3   12s
H  244   199                      53.1594124   42.32641  20.4%  34.7   12s
H  246   199                      53.1082890   42.32641  20.3%  34.6   12s
H  310   254                      53.1082889   42.32642  20.3%  32.9   13s
H  320   254                      53.0780350   42.32642  20.3%  32.6   13s
   327   268   43.46638   23  170   53.07803   42.32642  20.3%  32.8   22s
H  334   268                      53.0768944   42.32642  20.3%  32.4   22s
H  343   268                      53.0760790   42.32642  20.3%  32.1   22s
   424   334   43.58967   29  168   53.07608   42.32681  20.3%  30.4   25s
H  443   334                      53.0760790   42.32681  20.3%  30.2   25s
   648   510   44.08510   43  166   53.07608   42.33594  20.2%  29.3   31s
  1349  1026   52.61813   82   88   53.07608   42.35464  20.2%  31.0   36s
  1810  1238   52.36914   29   91   53.07608   42.38973  20.1%  30.7   40s
  2091  1414   51.39939   51  207   53.07608   42.39424  20.1%  31.0   45s
  2134  1443   52.89755   61  121   53.07608   43.83031  17.4%  30.3   50s
  2155  1458   45.81815   16   72   53.07608   43.85080  17.4%  37.4   55s
  2189  1481   52.85906   82  196   53.07608   43.98315  17.1%  36.8   60s
  2200  1492   44.02979   32  177   53.07608   44.02979  17.0%  43.7   65s
  2343  1571   44.25799   38  187   53.07608   44.03093  17.0%  46.6   76s
  2527  1632   44.32253   41  242   53.07608   44.03129  17.0%  46.3   81s
H 2564  1544                      53.0497262   44.03157  17.0%  46.2   81s
H 2583  1504                      53.0497261   44.03207  17.0%  46.3   82s
  2715  1559   44.40182   43  225   53.04973   44.03207  17.0%  45.8   91s
H 2725  1488                      52.9935611   44.03207  16.9%  45.8   91s
  2957  1584   44.47469   45  230   52.99356   44.03207  16.9%  45.0   95s
H 3421  1691                      52.9935611   44.03207  16.9%  42.3   98s
  4046  1941     cutoff   64        52.99356   44.03207  16.9%  38.9  103s
  4750  2005   46.35581   80  151   52.99356   44.03207  16.9%  39.0  106s
H 4807  1976                      52.9935611   44.03207  16.9%  39.3  108s
H 4872  1896                      52.9935610   44.03207  16.9%  39.2  108s
  5181  1898     cutoff   91        52.99356   44.03207  16.9%  38.5  114s
H 5182  1843                      52.9935607   44.03207  16.9%  38.5  114s
  5228  1846     cutoff   92        52.99356   44.04326  16.9%  38.6  117s
  5883  2249   44.05919   65  134   52.99356   44.04418  16.9%  36.6  120s
  7157  2861   44.29028   52  149   52.99356   44.07409  16.8%  35.5  126s
  9640  4425     cutoff   58        52.99356   44.19178  16.6%  35.6  130s
 14080  6460 infeasible   95        52.99356   44.42092  16.2%  35.3  135s
 18854  8077   44.62238   90   66   52.99356   44.57378  15.9%  34.9  144s
 18902  8274     cutoff   91        52.99356   44.57581  15.9%  34.9  146s
 21752  9515 infeasible   96        52.99356   44.64904  15.7%  35.3  150s
 27833 12230 infeasible   53        52.99356   44.80702  15.4%  34.9  155s
 29502 14638   45.85675   45  174   52.99356   44.86216  15.3%  35.5  161s
 34533 15343   46.70847   62  161   52.99356   44.99249  15.1%  35.0  167s
 36213 15995   45.24292   80  123   52.99356   45.08269  14.9%  35.5  171s
 40278 17186   45.32922   74  107   52.99356   45.16736  14.8%  35.6  176s
 43460 18449   47.51901   68  166   52.99356   45.22864  14.7%  35.7  180s
 46444 19762   45.71506   65  166   52.99356   45.38419  14.4%  35.9  185s
 50128 20301   46.05340   93  131   52.99356   45.65041  13.9%  36.0  190s
 53272 19462 infeasible  104        52.99356   45.77852  13.6%  36.4  196s
 57655 16626 infeasible   76        52.99356   45.93200  13.3%  36.3  202s
 59824 16634     cutoff  118        52.99356   45.93428  13.3%  36.4  205s
 63605 16771   49.11367  102  162   52.99356   45.97585  13.2%  36.9  258s
 63607 16772   46.48118   48   39   52.99356   45.97585  13.2%  36.9  260s
 63610 16774   48.62297   52   99   52.99356   45.97585  13.2%  36.9  269s
 63611 16775   47.37098   75   62   52.99356   45.97585  13.2%  36.9  272s
 63612 16776   46.88240   44   46   52.99356   45.97585  13.2%  36.9  277s
 63613 16776   48.71194   68   32   52.99356   45.97585  13.2%  36.9  280s
 63614 16777   46.16369   99   65   52.99356   45.97585  13.2%  36.9  287s
 63616 16778   47.65402   53   65   52.99356   45.97585  13.2%  36.9  290s
 63619 16782   45.97585   46  111   52.99356   45.97585  13.2%  37.2  296s
 63628 16792   45.97585   48   99   52.99356   45.97585  13.2%  37.2  304s
 63638 16804   45.97585   49   92   52.99356   45.97585  13.2%  37.3  309s
 63656 16817   45.97585   50   65   52.99356   45.97585  13.2%  37.4  314s
 63688 16832   45.97585   51   50   52.99356   45.97585  13.2%  37.7  316s
 63720 16846   45.97585   52   84   52.99356   45.97585  13.2%  38.0  328s
 63784 16881   45.97585   53   54   52.99356   45.97585  13.2%  38.1  336s
 63984 17056   45.97585   56   27   52.99356   45.97585  13.2%  38.6  340s
 64835 17199   45.97585   61   47   52.99356   45.97585  13.2%  39.6  348s
 65102 17351   45.97585   62   94   52.99356   45.97585  13.2%  39.8  352s
 66078 17440   45.97585   83   90   52.99356   45.97585  13.2%  40.9  357s
 66519 17467   45.97585   88   99   52.99356   45.97585  13.2%  41.7  360s
 67347 17598   45.97585   87  107   52.99356   45.97585  13.2%  43.3  366s
 67770 17457   45.97585   53   91   52.99356   45.97585  13.2%  44.0  379s
 67827 17718   45.97585   54   83   52.99356   45.97585  13.2%  44.2  383s
 68435 17909   46.07321   71  192   52.99356   45.97585  13.2%  45.0  386s
 69542 18265   45.97585   71   72   52.99356   45.97585  13.2%  46.2  394s
 70087 18578   45.97585   81  129   52.99356   45.97585  13.2%  47.0  397s
 70893 18761   48.13459  100  128   52.99356   45.97585  13.2%  47.7  401s
 71629 18765   45.97585   66  155   52.99356   45.97585  13.2%  48.3  405s
 72046 18954   46.21209   61  141   52.99356   45.97585  13.2%  48.9  410s
 73336 19231 infeasible   66        52.99356   45.97585  13.2%  50.6  420s
 74108 19349   45.97585   77  150   52.99356   45.97585  13.2%  51.3  425s
 74810 19512   46.02365   65  117   52.99356   45.97585  13.2%  52.1  430s
 75491 19613   47.47207   93  152   52.99356   45.97585  13.2%  52.9  435s
 76195 19686   45.97585   53  183   52.99356   45.97585  13.2%  53.7  440s
 76780 19869   45.97585   58  166   52.99356   45.97585  13.2%  54.7  446s
 77444 20104   47.02265   60  114   52.99356   45.97585  13.2%  55.5  452s
 78156 20023   47.77637   61   76   52.99356   45.97585  13.2%  56.3  459s
 78534 20270   46.18377   70  134   52.99356   45.97585  13.2%  56.8  471s
 79119 20464     cutoff   72        52.99356   45.97585  13.2%  57.5  476s
 79888 20582   45.97585   71  141   52.99356   45.97585  13.2%  58.4  481s
 80642 20820 infeasible   68        52.99356   45.97585  13.2%  59.2  486s
 81522 21045   45.97585   66  145   52.99356   45.97585  13.2%  60.0  490s
 83443 21271   46.75755   58  116   52.99356   45.97585  13.2%  61.4  499s
 84573 21184   48.05525   81   65   52.99356   45.97585  13.2%  62.1  505s
 85352 21403   52.69559   67  158   52.99356   45.97585  13.2%  62.3  512s
 86837 21429   47.09692   73  123   52.99356   45.97585  13.2%  62.8  518s
 88491 21216   45.97585   77  141   52.99356   45.97585  13.2%  63.1  522s
 89903 21146   47.41090   68  143   52.99356   45.97585  13.2%  63.7  527s
 91266 20812   48.30658   57  126   52.99356   45.97585  13.2%  64.2  531s
 92346 20441     cutoff   61        52.99356   45.97585  13.2%  64.5  537s
 94075 19624     cutoff   86        52.99356   45.97585  13.2%  64.9  544s
 95714 18560     cutoff   72        52.99356   45.97585  13.2%  65.4  551s
 97486 17737   50.03794   74  189   52.99356   45.97585  13.2%  65.9  559s
 98607 16909   48.21803   83  173   52.99356   45.97585  13.2%  66.2  566s
 100326 15711     cutoff  113        52.99356   46.50597  12.2%  66.8  572s
 102192 14955     cutoff   60        52.99356   46.76253  11.8%  67.5  590s
 102390 14286   51.26556  107  136   52.99356   46.76253  11.8%  67.6  597s
 104291 13044     cutoff   88        52.99356   47.15169  11.0%  68.3  603s
 105561 11122   52.86787   66   85   52.99356   47.49702  10.4%  69.0  608s
 108220  7610     cutoff   59        52.99356   47.85320  9.70%  69.2  615s
 111385  4327     cutoff   92        52.99356   48.75860  7.99%  68.2  622s
 113720   253     cutoff   92        52.99356   50.07497  5.51%  67.9  627s

Cutting planes:
  Learned: 2
  Gomory: 195
  Cover: 156
  Implied bound: 428
  Projected implied bound: 18
  Clique: 4
  MIR: 630
  Flow cover: 1476
  GUB cover: 2
  Inf proof: 11
  Zero half: 2
  RLT: 63
  Relax-and-lift: 155

Explored 117085 nodes (7792809 simplex iterations) in 627.23 seconds (131.45 work units)
Thread count was 32 (of 32 available processors)

Solution count 10: 52.9936 52.9936 52.9936 ... 53.0761

Optimal solution found (tolerance 5.00e-03)
Best objective 5.299356111424e+01, best bound 5.284143177641e+01, gap 0.2871%
