
Gurobi 9.5.2 (linux64) logging started Tue Jul 28 11:43:01 2026

Set parameter LogFile to value "logs/oracle_RshortCmediumTlarge_27_gurobi.log"
Gurobi Optimizer version 9.5.2 build v9.5.2rc0 (linux64)
Thread count: 16 physical cores, 32 logical processors, using up to 32 threads
Optimize a model with 2026 rows, 1158 columns and 6912 nonzeros
Model fingerprint: 0x0fc14d66
Variable types: 727 continuous, 431 integer (431 binary)
Coefficient statistics:
  Matrix range     [8e-02, 5e+02]
  Objective range  [1e+00, 1e+00]
  Bounds range     [1e+00, 1e+00]
  RHS range        [2e-02, 5e+02]
Presolve removed 755 rows and 320 columns
Presolve time: 0.08s
Presolved: 1271 rows, 838 columns, 5648 nonzeros
Variable types: 515 continuous, 323 integer (323 binary)

Root relaxation: objective 2.358956e+01, 1162 iterations, 0.12 seconds (0.03 work units)

    Nodes    |    Current Node    |     Objective Bounds      |     Work
 Expl Unexpl |  Obj  Depth IntInf | Incumbent    BestBd   Gap | It/Node Time

     0     0   23.58956    0  101          -   23.58956      -     -    0s
     0     0   23.78331    0   82          -   23.78331      -     -    0s
H    0     0                      35.7667491   23.78331  33.5%     -    0s
     0     0   23.80354    0   82   35.76675   23.80354  33.4%     -    0s
     0     0   23.91856    0   95   35.76675   23.91856  33.1%     -    0s
     0     0   23.96742    0  103   35.76675   23.96742  33.0%     -    0s
     0     0   24.28135    0   61   35.76675   24.28135  32.1%     -    1s
H    0     0                      34.1448589   24.28135  28.9%     -    1s
     0     0   24.30646    0   65   34.14486   24.30646  28.8%     -    1s
     0     0   24.31178    0   65   34.14486   24.31178  28.8%     -    1s
     0     0   24.46107    0   48   34.14486   24.46107  28.4%     -    1s
     0     0   24.53774    0   71   34.14486   24.53774  28.1%     -    1s
     0     0   24.53784    0   75   34.14486   24.53784  28.1%     -    1s
     0     0   24.59713    0  106   34.14486   24.59713  28.0%     -    1s
     0     0   24.59868    0   66   34.14486   24.59868  28.0%     -    1s
     0     0   24.59954    0   76   34.14486   24.59954  28.0%     -    1s
     0     0   24.73903    0  102   34.14486   24.73903  27.5%     -    1s
     0     0   25.00477    0  102   34.14486   25.00477  26.8%     -    1s
     0     0   25.00477    0  103   34.14486   25.00477  26.8%     -    1s
     0     0   25.29361    0  100   34.14486   25.29361  25.9%     -    1s
     0     0   25.45831    0   94   34.14486   25.45831  25.4%     -    2s
H    0     0                      33.8546178   25.45831  24.8%     -    2s
H    0     0                      33.7669442   25.45831  24.6%     -    2s
     0     2   25.45831    0   94   33.76694   25.45831  24.6%     -    2s
H   34    40                      33.6717063   25.45831  24.4%  41.9    2s
H   48    40                      33.6620568   25.45831  24.4%  38.4    2s
H   98    76                      33.5787235   25.45831  24.2%  24.9    3s
H  144    86                      32.6212592   25.45831  22.0%  20.4    3s
H  145    86                      32.5457304   25.45831  21.8%  20.6    3s
*  308    62              20      32.4842029   25.45831  21.6%  20.6    4s
H  327    63                      32.4008696   25.45831  21.4%  20.1    4s

Cutting planes:
  Gomory: 6
  Cover: 8
  Implied bound: 27
  Clique: 2
  MIR: 59
  Flow cover: 74
  Inf proof: 2
  RLT: 5
  Relax-and-lift: 49

Explored 630 nodes (15286 simplex iterations) in 4.81 seconds (0.71 work units)
Thread count was 32 (of 32 available processors)

Solution count 10: 32.4009 32.4842 32.5457 ... 34.1449

Optimal solution found (tolerance 5.00e-03)
Best objective 3.240086959581e+01, best bound 3.240086959581e+01, gap 0.0000%
