
Gurobi 9.5.2 (linux64) logging started Tue Jul 28 15:20:52 2026

Set parameter LogFile to value "logs/oracle_RshortCmanyTtight_39_gurobi.log"
Gurobi Optimizer version 9.5.2 build v9.5.2rc0 (linux64)
Thread count: 16 physical cores, 32 logical processors, using up to 32 threads
Optimize a model with 2796 rows, 1603 columns and 9557 nonzeros
Model fingerprint: 0xce4beea6
Variable types: 1002 continuous, 601 integer (601 binary)
Coefficient statistics:
  Matrix range     [3e-02, 6e+02]
  Objective range  [1e+00, 1e+00]
  Bounds range     [1e+00, 1e+00]
  RHS range        [2e-02, 5e+02]
Presolve removed 980 rows and 399 columns
Presolve time: 0.03s
Presolved: 1816 rows, 1204 columns, 8015 nonzeros
Variable types: 725 continuous, 479 integer (479 binary)

Root relaxation: objective 3.583293e+01, 1602 iterations, 0.04 seconds (0.06 work units)

    Nodes    |    Current Node    |     Objective Bounds      |     Work
 Expl Unexpl |  Obj  Depth IntInf | Incumbent    BestBd   Gap | It/Node Time

     0     0   35.83293    0  141          -   35.83293      -     -    0s
     0     0   36.21493    0  155          -   36.21493      -     -    0s
     0     0   36.26476    0  150          -   36.26476      -     -    0s
     0     0   36.68461    0  153          -   36.68461      -     -    0s
     0     0   36.69999    0  151          -   36.69999      -     -    0s
     0     0   36.70009    0  151          -   36.70009      -     -    0s
     0     0   36.91534    0  142          -   36.91534      -     -    0s
     0     0   36.93282    0  144          -   36.93282      -     -    0s
     0     0   36.93346    0  152          -   36.93346      -     -    0s
     0     0   36.93350    0  153          -   36.93350      -     -    0s
H    0     0                      40.5971286   36.93350  9.02%     -    0s
     0     0   37.04406    0  142   40.59713   37.04406  8.75%     -    0s
     0     0   37.06977    0  116   40.59713   37.06977  8.69%     -    0s
     0     0   37.07066    0  117   40.59713   37.07066  8.69%     -    0s
     0     0   37.07373    0  126   40.59713   37.07373  8.68%     -    0s
     0     0   37.07418    0  125   40.59713   37.07418  8.68%     -    0s
     0     0   37.07420    0  126   40.59713   37.07420  8.68%     -    0s
     0     0   37.09042    0  155   40.59713   37.09042  8.64%     -    0s
     0     0   37.11196    0  120   40.59713   37.11196  8.58%     -    0s
     0     0   37.11203    0  120   40.59713   37.11203  8.58%     -    0s
     0     0   37.27783    0  147   40.59713   37.27783  8.18%     -    0s
     0     0   37.30114    0  116   40.59713   37.30114  8.12%     -    0s
     0     0   37.30218    0  117   40.59713   37.30218  8.12%     -    0s
     0     0   37.30324    0  118   40.59713   37.30324  8.11%     -    0s
     0     0   37.34558    0  120   40.59713   37.34558  8.01%     -    0s
     0     0   37.35394    0  116   40.59713   37.35394  7.99%     -    0s
     0     0   37.35509    0  117   40.59713   37.35509  7.99%     -    0s
     0     0   37.38275    0  104   40.59713   37.38275  7.92%     -    0s
     0     0   37.39158    0  106   40.59713   37.39158  7.90%     -    0s
     0     0   37.39193    0  106   40.59713   37.39193  7.90%     -    0s
     0     0   37.40559    0  105   40.59713   37.40559  7.86%     -    0s
     0     0   37.40559    0  106   40.59713   37.40559  7.86%     -    0s
     0     0   37.40559    0  106   40.59713   37.40559  7.86%     -    0s
     0     0   37.40559    0   91   40.59713   37.40559  7.86%     -    0s
     0     0   37.40680    0  156   40.59713   37.40680  7.86%     -    0s
     0     0   37.40680    0  126   40.59713   37.40680  7.86%     -    1s
     0     0   37.44177    0  105   40.59713   37.44177  7.77%     -    1s
     0     0   37.44761    0  107   40.59713   37.44761  7.76%     -    1s
     0     0   37.44776    0  103   40.59713   37.44776  7.76%     -    1s
     0     0   37.52130    0  103   40.59713   37.52130  7.58%     -    1s
     0     0   37.52220    0  105   40.59713   37.52220  7.57%     -    1s
     0     0   37.52248    0  105   40.59713   37.52248  7.57%     -    1s
     0     0   37.89291    0  130   40.59713   37.89291  6.66%     -    1s
     0     0   37.89683    0  131   40.59713   37.89683  6.65%     -    1s
     0     0   37.89685    0  131   40.59713   37.89685  6.65%     -    1s
     0     0   38.33512    0  121   40.59713   38.33512  5.57%     -    1s
     0     0   38.59586    0  123   40.59713   38.59586  4.93%     -    1s
     0     0   38.84145    0  128   40.59713   38.84145  4.32%     -    1s
     0     0   38.84360    0  137   40.59713   38.84360  4.32%     -    1s
     0     0   38.84360    0  138   40.59713   38.84360  4.32%     -    1s
     0     0   38.96368    0  139   40.59713   38.96368  4.02%     -    1s
     0     0   39.01669    0  142   40.59713   39.01669  3.89%     -    1s
     0     0   39.02021    0  132   40.59713   39.02021  3.88%     -    1s
     0     0   39.02104    0  132   40.59713   39.02104  3.88%     -    1s
     0     0   39.02358    0  127   40.59713   39.02358  3.88%     -    1s
     0     0   39.02420    0  126   40.59713   39.02420  3.87%     -    1s
     0     0   39.02625    0  124   40.59713   39.02625  3.87%     -    1s
     0     0   39.03308    0  133   40.59713   39.03308  3.85%     -    1s
     0     0   39.03308    0  133   40.59713   39.03308  3.85%     -    1s
     0     0   39.03570    0  132   40.59713   39.03570  3.85%     -    1s
     0     0   39.03582    0  130   40.59713   39.03582  3.85%     -    1s
     0     2   39.07221    0  112   40.59713   39.07221  3.76%     -    1s
H  149    89                      40.5110398   40.00447  1.25%  66.7    1s
H  978   374                      40.5110397   40.00447  1.25%  39.9    2s

Cutting planes:
  Gomory: 12
  Cover: 27
  Implied bound: 114
  Clique: 2
  MIR: 84
  Flow cover: 108
  GUB cover: 3
  Inf proof: 2
  RLT: 15
  Relax-and-lift: 26

Explored 3986 nodes (126984 simplex iterations) in 2.69 seconds (2.46 work units)
Thread count was 32 (of 32 available processors)

Solution count 4: 40.511 40.511 40.5971 40.5971 

Optimal solution found (tolerance 5.00e-03)
Best objective 4.051103973255e+01, best bound 4.033907741716e+01, gap 0.4245%
