
<<<<<<< HEAD
Gurobi 11.0.0 (win64) logging started Mon Aug  3 22:08:02 2026

Set parameter LogFile to value "C:\Users\celinep\Documents\GitHub\ChargeAndBreak\logs\oracle_RmediumCfewTmedium_4__nosplit_gurobi.log"
Gurobi Optimizer version 11.0.0 build v11.0.0rc2 (win64 - Windows 11+.0 (26200.2))

CPU model: 11th Gen Intel(R) Core(TM) i5-1145G7 @ 2.60GHz, instruction set [SSE2|AVX|AVX2|AVX512]
Thread count: 4 physical cores, 8 logical processors, using up to 8 threads

=======
Gurobi 9.5.2 (linux64) logging started Mon Aug  3 21:31:50 2026

Set parameter LogFile to value "/mnt/beegfs/users/celinep/ChargeAndBreak/logs/oracle_RmediumCfewTmedium_4__nosplit_gurobi.log"
Gurobi Optimizer version 9.5.2 build v9.5.2rc0 (linux64)
Thread count: 16 physical cores, 32 logical processors, using up to 32 threads
>>>>>>> 7de0927b38e33171faf5158606e8fd8770eff2b6
Optimize a model with 4992 rows, 2536 columns and 48124 nonzeros
Model fingerprint: 0x6da16fc0
Variable types: 1702 continuous, 834 integer (834 binary)
Coefficient statistics:
  Matrix range     [3e-02, 1e+03]
  Objective range  [1e+00, 1e+00]
  Bounds range     [1e+00, 3e+01]
  RHS range        [1e-02, 5e+02]

User MIP start did not produce a new incumbent solution

<<<<<<< HEAD
Presolve removed 2056 rows and 644 columns
Presolve time: 0.51s
Presolved: 2936 rows, 1892 columns, 37690 nonzeros
Variable types: 1292 continuous, 600 integer (600 binary)
Root relaxation presolve removed 130 rows and 56 columns
Root relaxation presolved: 2806 rows, 1836 columns, 24172 nonzeros

Extra simplex iterations after uncrush: 3

Root relaxation: objective 5.597988e+01, 2444 iterations, 0.55 seconds (0.24 work units)
=======
Presolve removed 2025 rows and 644 columns
Presolve time: 0.14s
Presolved: 2967 rows, 1892 columns, 37793 nonzeros
Variable types: 1292 continuous, 600 integer (600 binary)
Root relaxation presolve removed 130 rows and 56 columns
Root relaxation presolved: 2837 rows, 1836 columns, 24275 nonzeros


Root relaxation: objective 5.599103e+01, 2610 iterations, 0.17 seconds (0.28 work units)
Another try with MIP start
>>>>>>> 7de0927b38e33171faf5158606e8fd8770eff2b6

    Nodes    |    Current Node    |     Objective Bounds      |     Work
 Expl Unexpl |  Obj  Depth IntInf | Incumbent    BestBd   Gap | It/Node Time

<<<<<<< HEAD
     0     0   55.97988    0  116          -   55.97988      -     -    1s
Another try with MIP start
H    0     0                      70.5848783   55.97988  20.7%     -    2s
     0     0   56.62304    0  164   70.58488   56.62304  19.8%     -    4s
     0     0   56.64105    0  161   70.58488   56.64105  19.8%     -    4s
     0     0   56.64105    0  161   70.58488   56.64105  19.8%     -    4s
     0     0   57.32017    0  180   70.58488   57.32017  18.8%     -    5s
     0     0   57.32889    0  184   70.58488   57.32889  18.8%     -    5s
     0     0   57.80466    0  147   70.58488   57.80466  18.1%     -    7s
     0     0   57.83010    0  157   70.58488   57.83010  18.1%     -    7s
     0     0   57.83534    0  162   70.58488   57.83534  18.1%     -    7s
     0     0   57.83814    0  163   70.58488   57.83814  18.1%     -    7s
     0     0   57.83825    0  178   70.58488   57.83825  18.1%     -    7s
     0     0   58.28661    0  166   70.58488   58.28661  17.4%     -    8s
     0     0   58.44632    0  165   70.58488   58.44632  17.2%     -    9s
     0     0   58.44632    0  172   70.58488   58.44632  17.2%     -    9s
     0     0   58.44632    0  173   70.58488   58.44632  17.2%     -    9s
     0     0   58.64202    0  175   70.58488   58.64202  16.9%     -   10s
     0     0   58.71998    0  190   70.58488   58.71998  16.8%     -   10s
     0     0   58.72190    0  192   70.58488   58.72190  16.8%     -   10s
     0     0   58.72253    0  192   70.58488   58.72253  16.8%     -   10s
     0     0   58.98789    0  163   70.58488   58.98789  16.4%     -   12s
     0     0   59.03241    0  190   70.58488   59.03241  16.4%     -   12s
     0     0   59.03241    0  190   70.58488   59.03241  16.4%     -   12s
     0     0   59.03241    0  188   70.58488   59.03241  16.4%     -   12s
     0     0   59.03241    0  193   70.58488   59.03241  16.4%     -   12s
     0     0   59.18121    0  174   70.58488   59.18121  16.2%     -   14s
     0     0   59.19804    0  182   70.58488   59.19804  16.1%     -   14s
     0     0   59.19939    0  185   70.58488   59.19939  16.1%     -   14s
     0     0   59.19950    0  182   70.58488   59.19950  16.1%     -   14s
     0     0   59.33119    0  159   70.58488   59.33119  15.9%     -   16s
     0     0   59.34672    0  154   70.58488   59.34672  15.9%     -   17s
     0     0   59.34672    0  181   70.58488   59.34672  15.9%     -   17s
     0     0   59.34672    0  163   70.58488   59.34672  15.9%     -   17s
     0     0   59.34672    0  175   70.58488   59.34672  15.9%     -   17s
     0     0   59.42691    0  190   70.58488   59.42691  15.8%     -   18s
     0     0   59.44053    0  184   70.58488   59.44053  15.8%     -   19s
     0     0   59.44207    0  186   70.58488   59.44207  15.8%     -   19s
     0     0   59.44292    0  187   70.58488   59.44292  15.8%     -   19s
     0     0   59.47920    0  202   70.58488   59.47920  15.7%     -   20s
     0     0   59.51281    0  203   70.58488   59.51281  15.7%     -   21s
     0     0   59.51281    0  209   70.58488   59.51281  15.7%     -   21s
     0     0   59.54706    0  163   70.58488   59.54706  15.6%     -   22s
     0     0   59.57127    0  179   70.58488   59.57127  15.6%     -   23s
     0     0   59.57127    0  185   70.58488   59.57127  15.6%     -   23s
     0     0   59.57127    0  189   70.58488   59.57127  15.6%     -   23s
     0     0   59.57150    0  174   70.58488   59.57150  15.6%     -   24s
     0     0   59.59157    0  175   70.58488   59.59157  15.6%     -   25s
     0     0   59.59157    0  179   70.58488   59.59157  15.6%     -   25s
     0     0   59.59157    0  179   70.58488   59.59157  15.6%     -   25s
H    0     0                      63.4950795   59.59157  6.15%     -   27s
     0     0   59.64930    0  166   63.49508   59.64930  6.06%     -   27s
     0     0   59.67543    0  178   63.49508   59.67543  6.02%     -   27s
     0     0   59.67749    0  180   63.49508   59.67749  6.01%     -   27s
     0     0   59.67800    0  184   63.49508   59.67800  6.01%     -   27s
     0     0   59.72433    0  174   63.49508   59.72433  5.94%     -   30s
     0     0   59.75055    0  186   63.49508   59.75055  5.90%     -   30s
     0     0   59.75055    0  191   63.49508   59.75055  5.90%     -   30s
     0     0   59.78663    0  177   63.49508   59.78663  5.84%     -   33s
     0     0   59.79634    0  200   63.49508   59.79634  5.83%     -   34s
     0     0   59.79686    0  202   63.49508   59.79686  5.82%     -   34s
     0     0   59.81408    0  190   63.49508   59.81408  5.80%     -   36s
     0     0   59.82373    0  196   63.49508   59.82373  5.78%     -   36s
     0     0   59.82373    0  199   63.49508   59.82373  5.78%     -   36s
     0     0   59.82373    0  200   63.49508   59.82373  5.78%     -   36s
     0     0   59.85023    0  172   63.49508   59.85023  5.74%     -   39s
     0     0   59.86236    0  196   63.49508   59.86236  5.72%     -   39s
     0     0   59.86236    0  183   63.49508   59.86236  5.72%     -   39s
     0     0   59.86236    0  210   63.49508   59.86236  5.72%     -   39s
     0     0   59.87082    0  193   63.49508   59.87082  5.71%     -   42s
     0     0   59.87300    0  194   63.49508   59.87300  5.70%     -   42s
H    0     0                      63.0153944   59.87300  4.99%     -   44s
     0     0   59.88440    0  188   63.01539   59.88440  4.97%     -   44s
     0     0   59.91539    0  188   63.01539   59.91539  4.92%     -   44s
     0     0   59.91539    0  191   63.01539   59.91539  4.92%     -   44s
H    0     0                      62.9946480   59.91539  4.89%     -   46s
H    0     0                      62.3215390   59.91539  3.86%     -   46s
     0     0   59.91539    0  184   62.32154   59.91539  3.86%     -   46s
     0     0   59.91539    0  177   62.32154   59.91539  3.86%     -   48s
H    0     0                      61.8909640   59.91539  3.19%     -   48s
     0     0   59.91539    0   97   61.89096   59.91539  3.19%     -   50s
     0     0   59.91539    0  177   61.89096   59.91539  3.19%     -   51s
     0     0   59.91539    0  160   61.89096   59.91539  3.19%     -   52s
     0     0   59.91539    0  143   61.89096   59.91539  3.19%     -   52s
     0     0   59.91539    0  158   61.89096   59.91539  3.19%     -   52s
     0     0   59.91811    0  154   61.89096   59.91811  3.19%     -   52s
     0     0   59.92028    0  162   61.89096   59.92028  3.18%     -   52s
     0     0   59.92048    0  162   61.89096   59.92048  3.18%     -   52s
     0     0   59.95929    0  169   61.89096   59.95929  3.12%     -   53s
     0     0   59.96235    0  168   61.89096   59.96235  3.12%     -   54s
     0     0   59.96289    0  172   61.89096   59.96289  3.12%     -   54s
     0     0   59.97221    0  173   61.89096   59.97221  3.10%     -   56s
     0     0   59.97903    0  172   61.89096   59.97903  3.09%     -   56s
     0     0   59.97903    0  172   61.89096   59.97903  3.09%     -   56s
     0     0   59.99273    0  146   61.89096   59.99273  3.07%     -   58s
     0     0   60.00800    0  144   61.89096   60.00800  3.04%     -   59s
     0     0   60.00800    0  144   61.89096   60.00800  3.04%     -   59s
     0     0   60.00800    0  138   61.89096   60.00800  3.04%     -   61s
H    0     0                      61.7517351   60.01648  2.81%     -   61s
     0     0   60.01648    0  143   61.75174   60.01648  2.81%     -   61s
     0     0   60.01648    0  148   61.75174   60.01648  2.81%     -   61s
     0     0   60.01648    0  176   61.75174   60.01648  2.81%     -   64s
     0     0   60.02840    0  176   61.75174   60.02840  2.79%     -   64s
     0     0   60.02946    0   79   61.75174   60.02946  2.79%     -   66s
     0     0   60.02946    0  155   61.75174   60.02946  2.79%     -   67s
     0     0   60.02946    0  175   61.75174   60.02946  2.79%     -   67s
     0     0   60.02946    0  126   61.75174   60.02946  2.79%     -   67s
     0     0   60.02946    0  133   61.75174   60.02946  2.79%     -   67s
     0     0   60.02946    0  177   61.75174   60.02946  2.79%     -   68s
     0     0   60.02946    0  168   61.75174   60.02946  2.79%     -   68s
     0     0   60.02946    0  185   61.75174   60.02946  2.79%     -   68s
     0     0   60.04264    0  195   61.75174   60.04264  2.77%     -   69s
     0     0   60.04839    0  188   61.75174   60.04839  2.76%     -   69s
     0     0   60.04839    0  187   61.75174   60.04839  2.76%     -   69s
     0     0   60.04926    0  180   61.75174   60.04926  2.76%     -   71s
     0     0   60.06417    0  171   61.75174   60.06417  2.73%     -   72s
H    0     0                      61.0603930   60.06417  1.63%     -   72s
H    0     2                      60.7635164   60.06417  1.15%     -   73s
     0     2   60.06417    0  163   60.76352   60.06417  1.15%     -   73s
    11    16   60.10180    4  142   60.76352   60.09492  1.10%   120   75s
H   29    27                      60.5813319   60.14579  0.72%  96.1   76s
    59    39   60.18839   11  109   60.58133   60.18160  0.66%  80.4   80s
H   88    57                      60.5813318   60.19461  0.64%  65.5   80s
H  160   122                      60.5813318   60.20184  0.63%  50.5   82s
H  228   182                      60.5606795   60.23024  0.55%  52.5   84s
   243   227     cutoff   14        60.56068   60.23540  0.54%  52.3   85s
H  320   216                      60.2917344   60.24251  0.08%  50.6   85s
*  326   216              23      60.2425117   60.24251  0.00%  49.7   85s

Cutting planes:
  Learned: 6
  Gomory: 29
  Lift-and-project: 55
  Cover: 46
  Implied bound: 96
  Projected implied bound: 5
  Clique: 2
  MIR: 360
  Mixing: 29
  StrongCG: 1
  Flow cover: 506
  Flow path: 5
  Zero half: 4
  RLT: 49
  Relax-and-lift: 39

Explored 345 nodes (42637 simplex iterations) in 85.53 seconds (16.59 work units)
Thread count was 8 (of 8 available processors)

Solution count 10: 60.2425 60.2917 60.5607 ... 62.3215

Optimal solution found (tolerance 5.00e-03)
Best objective 6.024251171553e+01, best bound 6.024251171553e+01, gap 0.0000%
=======
H    0     0                      70.5848783   55.99103  20.7%     -    0s
     0     0   55.99103    0  139   70.58488   55.99103  20.7%     -    0s
     0     0   56.84706    0  158   70.58488   56.84706  19.5%     -    1s
     0     0   56.84706    0  158   70.58488   56.84706  19.5%     -    1s
     0     0   56.84822    0  159   70.58488   56.84822  19.5%     -    1s
     0     0   57.42759    0  138   70.58488   57.42759  18.6%     -    1s
     0     0   57.46321    0  143   70.58488   57.46321  18.6%     -    1s
     0     0   57.47909    0  145   70.58488   57.47909  18.6%     -    1s
     0     0   57.48697    0  143   70.58488   57.48697  18.6%     -    1s
     0     0   57.48758    0  149   70.58488   57.48758  18.6%     -    1s
     0     0   57.48758    0  148   70.58488   57.48758  18.6%     -    1s
     0     0   57.99630    0  156   70.58488   57.99630  17.8%     -    1s
     0     0   58.03097    0  159   70.58488   58.03097  17.8%     -    1s
     0     0   58.06161    0  163   70.58488   58.06161  17.7%     -    1s
     0     0   58.06169    0  163   70.58488   58.06169  17.7%     -    1s
     0     0   58.53960    0  181   70.58488   58.53960  17.1%     -    2s
     0     0   58.56166    0  174   70.58488   58.56166  17.0%     -    2s
     0     0   58.56556    0  175   70.58488   58.56556  17.0%     -    2s
     0     0   58.56690    0  175   70.58488   58.56690  17.0%     -    2s
     0     0   58.56695    0  175   70.58488   58.56695  17.0%     -    2s
     0     0   58.76661    0  164   70.58488   58.76661  16.7%     -    2s
     0     0   58.82900    0  170   70.58488   58.82900  16.7%     -    2s
     0     0   58.83529    0  175   70.58488   58.83529  16.6%     -    2s
     0     0   58.83650    0  173   70.58488   58.83650  16.6%     -    2s
     0     0   58.83650    0  175   70.58488   58.83650  16.6%     -    2s
     0     0   59.21394    0  172   70.58488   59.21394  16.1%     -    2s
     0     0   59.23728    0  173   70.58488   59.23728  16.1%     -    2s
     0     0   59.23980    0  176   70.58488   59.23980  16.1%     -    2s
     0     0   59.23991    0  177   70.58488   59.23991  16.1%     -    2s
     0     0   59.36900    0  158   70.58488   59.36900  15.9%     -    3s
     0     0   59.38366    0  162   70.58488   59.38366  15.9%     -    3s
     0     0   59.38590    0  166   70.58488   59.38590  15.9%     -    3s
     0     0   59.38640    0  167   70.58488   59.38640  15.9%     -    3s
     0     0   59.46302    0  156   70.58488   59.46302  15.8%     -    3s
     0     0   59.47961    0  162   70.58488   59.47961  15.7%     -    3s
     0     0   59.48222    0  169   70.58488   59.48222  15.7%     -    3s
     0     0   59.48266    0  164   70.58488   59.48266  15.7%     -    3s
     0     0   59.58472    0  140   70.58488   59.58472  15.6%     -    3s
     0     0   59.59861    0  158   70.58488   59.59861  15.6%     -    3s
     0     0   59.60041    0  170   70.58488   59.60041  15.6%     -    3s
     0     0   59.60066    0  170   70.58488   59.60066  15.6%     -    3s
     0     0   59.66017    0  147   70.58488   59.66017  15.5%     -    4s
     0     0   59.67623    0  160   70.58488   59.67623  15.5%     -    4s
     0     0   59.67656    0  161   70.58488   59.67656  15.5%     -    4s
     0     0   59.76579    0  146   70.58488   59.76579  15.3%     -    4s
     0     0   59.77532    0  154   70.58488   59.77532  15.3%     -    4s
     0     0   59.77656    0  151   70.58488   59.77656  15.3%     -    4s
     0     0   59.78768    0  148   70.58488   59.78768  15.3%     -    4s
     0     0   59.79084    0  156   70.58488   59.79084  15.3%     -    4s
     0     0   59.79087    0  159   70.58488   59.79087  15.3%     -    4s
     0     0   59.82218    0  136   70.58488   59.82218  15.2%     -    4s
H    0     0                      70.2583780   59.82218  14.9%     -    4s
     0     0   59.82992    0  149   70.25838   59.82992  14.8%     -    5s
     0     0   59.82993    0  155   70.25838   59.82993  14.8%     -    5s
     0     0   59.83460    0  138   70.25838   59.83460  14.8%     -    5s
     0     0   59.83768    0  143   70.25838   59.83768  14.8%     -    5s
     0     0   59.83797    0  144   70.25838   59.83797  14.8%     -    5s
     0     0   59.88574    0  147   70.25838   59.88574  14.8%     -    5s
     0     0   59.89166    0  163   70.25838   59.89166  14.8%     -    5s
     0     0   59.89273    0  164   70.25838   59.89273  14.8%     -    5s
     0     0   59.90250    0  149   70.25838   59.90250  14.7%     -    6s
     0     0   59.90538    0  166   70.25838   59.90538  14.7%     -    6s
     0     0   59.90850    0  172   70.25838   59.90850  14.7%     -    6s
     0     0   59.90885    0  169   70.25838   59.90885  14.7%     -    6s
     0     0   59.92841    0  147   70.25838   59.92841  14.7%     -    6s
     0     0   59.93652    0  142   70.25838   59.93652  14.7%     -    6s
     0     0   59.93861    0  145   70.25838   59.93861  14.7%     -    6s
     0     0   59.93877    0  147   70.25838   59.93877  14.7%     -    6s
     0     0   59.95191    0  150   70.25838   59.95191  14.7%     -    6s
     0     0   59.95569    0  151   70.25838   59.95569  14.7%     -    7s
     0     0   59.95663    0  151   70.25838   59.95663  14.7%     -    7s
     0     0   59.96250    0  147   70.25838   59.96250  14.7%     -    7s
     0     0   59.96447    0  149   70.25838   59.96447  14.7%     -    7s
     0     0   59.96490    0  152   70.25838   59.96490  14.7%     -    7s
     0     0   59.96786    0  154   70.25838   59.96786  14.6%     -    7s
     0     0   59.96786    0  139   70.25838   59.96786  14.6%     -    8s
H    0     0                      70.2392544   59.96786  14.6%     -    8s
     0     2   59.96786    0  137   70.23925   59.96786  14.6%     -    8s
H   31    48                      70.1085011   59.99077  14.4%   145    9s
H   33    48                      70.0303481   60.00245  14.3%   152    9s
H   41    48                      70.0244788   60.00245  14.3%   138    9s
H   46    48                      69.9331797   60.00245  14.2%   134    9s
    63    80   60.01405    7  180   69.93318   60.00814  14.2%   128   10s
H   79    96                      69.6514431   60.01405  13.8%   121   10s
H   81    95                      60.6028506   60.01929  0.96%   124   10s
H   92    95                      60.4016785   60.01929  0.63%   119   10s
H  145   134                      60.3848125   60.02171  0.60%   106   11s
H  255   230                      60.3154319   60.02239  0.49%  93.9   12s

Cutting planes:
  Learned: 5
  Gomory: 16
  Lift-and-project: 61
  Cover: 37
  Implied bound: 126
  Projected implied bound: 11
  Clique: 2
  MIR: 612
  Flow cover: 920
  GUB cover: 2
  Zero half: 3
  Network: 1
  RLT: 70
  Relax-and-lift: 49
  PSD: 1

Explored 260 nodes (36294 simplex iterations) in 12.50 seconds (11.25 work units)
Thread count was 32 (of 32 available processors)

Solution count 10: 60.3154 60.3848 60.4017 ... 70.2393

Optimal solution found (tolerance 5.00e-03)
Best objective 6.031543191734e+01, best bound 6.002239332600e+01, gap 0.4858%
>>>>>>> 7de0927b38e33171faf5158606e8fd8770eff2b6
