
Gurobi 9.5.2 (linux64) logging started Mon Aug  3 21:32:34 2026

Set parameter LogFile to value "/mnt/beegfs/users/celinep/ChargeAndBreak/logs/oracle_RmediumCfewTmedium_9__nosplit_gurobi.log"
Gurobi Optimizer version 9.5.2 build v9.5.2rc0 (linux64)
Thread count: 16 physical cores, 32 logical processors, using up to 32 threads
Optimize a model with 5415 rows, 2758 columns and 54940 nonzeros
Model fingerprint: 0x91dfc7b6
Variable types: 1847 continuous, 911 integer (911 binary)
Coefficient statistics:
  Matrix range     [3e-02, 1e+03]
  Objective range  [1e+00, 1e+00]
  Bounds range     [1e+00, 4e+01]
  RHS range        [2e-01, 5e+02]

User MIP start did not produce a new incumbent solution

Presolve removed 2161 rows and 681 columns
Presolve time: 0.14s
Presolved: 3254 rows, 2077 columns, 43615 nonzeros
Variable types: 1415 continuous, 662 integer (662 binary)
Root relaxation presolve removed 149 rows and 64 columns
Root relaxation presolved: 3105 rows, 2013 columns, 27224 nonzeros

Extra simplex iterations after uncrush: 4

Root relaxation: objective 5.755442e+01, 3025 iterations, 0.23 seconds (0.38 work units)
Another try with MIP start

    Nodes    |    Current Node    |     Objective Bounds      |     Work
 Expl Unexpl |  Obj  Depth IntInf | Incumbent    BestBd   Gap | It/Node Time

H    0     0                      75.6594181   57.55442  23.9%     -    1s
     0     0   57.55442    0  125   75.65942   57.55442  23.9%     -    1s
     0     0   59.09051    0  197   75.65942   59.09051  21.9%     -    1s
     0     0   59.31139    0  178   75.65942   59.31139  21.6%     -    1s
     0     0   59.34061    0  184   75.65942   59.34061  21.6%     -    1s
     0     0   59.34136    0  184   75.65942   59.34136  21.6%     -    1s
     0     0   59.86586    0  200   75.65942   59.86586  20.9%     -    1s
     0     0   59.91646    0  185   75.65942   59.91646  20.8%     -    1s
     0     0   59.91889    0  187   75.65942   59.91889  20.8%     -    1s
     0     0   59.91963    0  187   75.65942   59.91963  20.8%     -    1s
     0     0   59.91973    0  188   75.65942   59.91973  20.8%     -    1s
     0     0   60.29448    0  190   75.65942   60.29448  20.3%     -    2s
     0     0   60.33521    0  197   75.65942   60.33521  20.3%     -    2s
     0     0   60.34290    0  208   75.65942   60.34290  20.2%     -    2s
     0     0   60.34751    0  207   75.65942   60.34751  20.2%     -    2s
     0     0   60.34756    0  209   75.65942   60.34756  20.2%     -    2s
     0     0   60.93688    0  196   75.65942   60.93688  19.5%     -    2s
     0     0   60.95585    0  202   75.65942   60.95585  19.4%     -    2s
     0     0   60.96023    0  209   75.65942   60.96023  19.4%     -    2s
     0     0   60.96143    0  209   75.65942   60.96143  19.4%     -    2s
     0     0   60.96291    0  207   75.65942   60.96291  19.4%     -    2s
     0     0   60.96304    0  208   75.65942   60.96304  19.4%     -    2s
     0     0   61.27671    0  222   75.65942   61.27671  19.0%     -    2s
     0     0   61.30100    0  222   75.65942   61.30100  19.0%     -    2s
     0     0   61.30168    0  224   75.65942   61.30168  19.0%     -    3s
     0     0   61.46761    0  216   75.65942   61.46761  18.8%     -    3s
     0     0   61.49284    0  219   75.65942   61.49284  18.7%     -    3s
     0     0   61.49662    0  219   75.65942   61.49662  18.7%     -    3s
     0     0   61.49699    0  215   75.65942   61.49699  18.7%     -    3s
     0     0   61.61330    0  246   75.65942   61.61330  18.6%     -    3s
     0     0   61.63473    0  237   75.65942   61.63473  18.5%     -    4s
     0     0   61.63771    0  238   75.65942   61.63771  18.5%     -    4s
     0     0   61.63795    0  230   75.65942   61.63795  18.5%     -    4s
     0     0   61.70140    0  239   75.65942   61.70140  18.4%     -    4s
     0     0   61.71300    0  226   75.65942   61.71300  18.4%     -    4s
     0     0   61.71465    0  226   75.65942   61.71465  18.4%     -    4s
     0     0   61.71486    0  227   75.65942   61.71486  18.4%     -    4s
     0     0   61.79970    0  223   75.65942   61.79970  18.3%     -    4s
     0     0   61.82499    0  227   75.65942   61.82499  18.3%     -    4s
     0     0   61.82660    0  227   75.65942   61.82660  18.3%     -    4s
     0     0   61.82674    0  231   75.65942   61.82674  18.3%     -    4s
     0     0   61.86739    0  224   75.65942   61.86739  18.2%     -    5s
H    0     0                      75.4394904   61.86739  18.0%     -    5s
     0     0   61.87501    0  237   75.43949   61.87501  18.0%     -    5s
     0     0   61.87557    0  229   75.43949   61.87557  18.0%     -    5s
     0     0   61.91835    0  230   75.43949   61.91835  17.9%     -    5s
     0     0   61.93172    0  223   75.43949   61.93172  17.9%     -    5s
     0     0   61.93550    0  232   75.43949   61.93550  17.9%     -    5s
     0     0   61.93573    0  227   75.43949   61.93573  17.9%     -    5s
     0     0   61.95189    0  229   75.43949   61.95189  17.9%     -    5s
     0     0   61.95664    0  231   75.43949   61.95664  17.9%     -    5s
     0     0   61.95827    0  221   75.43949   61.95827  17.9%     -    5s
     0     0   61.95834    0  223   75.43949   61.95834  17.9%     -    5s
     0     0   61.98707    0  230   75.43949   61.98707  17.8%     -    6s
H    0     0                      75.3261121   61.98707  17.7%     -    6s
     0     0   61.99859    0  247   75.32611   61.99859  17.7%     -    6s
     0     0   61.99877    0  248   75.32611   61.99877  17.7%     -    6s
     0     0   62.00749    0  229   75.32611   62.00749  17.7%     -    6s
     0     0   62.00901    0  234   75.32611   62.00901  17.7%     -    6s
     0     0   62.00974    0  252   75.32611   62.00974  17.7%     -    6s
     0     0   62.03117    0  219   75.32611   62.03117  17.6%     -    6s
     0     0   62.03759    0  224   75.32611   62.03759  17.6%     -    7s
     0     0   62.03855    0  223   75.32611   62.03855  17.6%     -    7s
     0     0   62.04600    0  234   75.32611   62.04600  17.6%     -    7s
     0     0   62.05064    0  219   75.32611   62.05064  17.6%     -    7s
     0     0   62.05180    0  244   75.32611   62.05180  17.6%     -    7s
     0     0   62.05572    0  199   75.32611   62.05572  17.6%     -    7s
H    0     0                      74.8290078   62.05572  17.1%     -    7s
     0     0   62.05628    0  204   74.82901   62.05628  17.1%     -    7s
     0     0   62.06559    0  235   74.82901   62.06559  17.1%     -    8s
     0     0   62.07058    0  241   74.82901   62.07058  17.1%     -    8s
     0     0   62.07124    0  243   74.82901   62.07124  17.0%     -    8s
     0     0   62.07610    0  243   74.82901   62.07610  17.0%     -    8s
     0     0   62.07610    0  243   74.82901   62.07610  17.0%     -    8s
H    0     0                      74.7353415   62.07610  16.9%     -    8s
     0     2   62.07610    0  239   74.73534   62.07610  16.9%     -    9s
    31    46   62.13339    5  169   74.73534   62.13339  16.9%   219   10s
H   79    94                      74.2621919   62.16504  16.3%   181   11s
H   81    94                      73.7854955   62.17781  15.7%   178   11s
H  133   148                      73.5561557   62.24578  15.4%   161   12s
H  135   148                      73.2250301   62.27912  14.9%   160   12s
H  192   192                      73.0780547   62.33141  14.7%   157   13s
H  197   184                      63.2587638   62.33142  1.47%   155   13s
H 1297  1212                      63.2197516   62.60159  0.98%  96.5   14s
  1360  1300   62.63772   15  133   63.21975   62.60828  0.97%  95.2   15s
H 1480  1359                      63.1059262   62.61990  0.77%  92.8   15s
H 1496  1356                      63.0933032   62.62288  0.75%  92.6   15s
H 1501  1355                      63.0705854   62.62316  0.71%  92.6   15s
H 1682  1432                      63.0193138   62.63462  0.61%  89.8   16s
H 1683  1423                      62.9938384   62.63462  0.57%  89.8   16s
H 1684  1410                      62.9716619   62.63652  0.53%  89.8   16s

Cutting planes:
  Learned: 2
  Gomory: 47
  Lift-and-project: 27
  Cover: 96
  Implied bound: 199
  Projected implied bound: 22
  Clique: 11
  MIR: 949
  Flow cover: 1284
  GUB cover: 1
  Zero half: 3
  RLT: 162
  Relax-and-lift: 123

Explored 1955 nodes (181893 simplex iterations) in 16.72 seconds (18.73 work units)
Thread count was 32 (of 32 available processors)

Solution count 10: 62.9717 62.9938 63.0193 ... 73.225

Optimal solution found (tolerance 5.00e-03)
Best objective 6.297166189660e+01, best bound 6.266123415037e+01, gap 0.4930%
