
Gurobi 9.5.2 (linux64) logging started Thu Aug 13 17:24:23 2026

Set parameter LogFile to value "/mnt/beegfs/users/celinep/ChargeAndBreak/logs/oracle_RshortCmanyTtight_17__cs100_gurobi.log"
Gurobi Optimizer version 9.5.2 build v9.5.2rc0 (linux64)
Thread count: 16 physical cores, 32 logical processors, using up to 32 threads
Optimize a model with 2120 rows, 1104 columns and 13166 nonzeros
Model fingerprint: 0x150ae3c8
Variable types: 706 continuous, 398 integer (398 binary)
Coefficient statistics:
  Matrix range     [8e-02, 5e+02]
  Objective range  [5e-01, 1e+00]
  Bounds range     [1e+00, 2e+01]
  RHS range        [6e-02, 5e+02]

User MIP start did not produce a new incumbent solution

Presolve removed 889 rows and 325 columns
Presolve time: 0.16s
Presolved: 1231 rows, 779 columns, 7969 nonzeros
Variable types: 473 continuous, 306 integer (304 binary)
Found heuristic solution: objective 426.2328706
Found heuristic solution: objective 371.1495373
Found heuristic solution: objective 348.0002749
Found heuristic solution: objective 236.5914986
Root relaxation presolve removed 9 rows and 9 columns
Root relaxation presolved: 1222 rows, 770 columns, 7951 nonzeros


Root relaxation: objective 3.473224e+01, 912 iterations, 0.06 seconds (0.03 work units)
Another try with MIP start

    Nodes    |    Current Node    |     Objective Bounds      |     Work
 Expl Unexpl |  Obj  Depth IntInf | Incumbent    BestBd   Gap | It/Node Time

H    0     0                      35.1446622   34.73224  1.17%     -    0s
     0     0   34.73224    0   37   35.14466   34.73224  1.17%     -    0s
     0     0   35.01734    0    9   35.14466   35.01734  0.36%     -    0s

Cutting planes:
  Learned: 6
  Gomory: 20
  Cover: 4
  Implied bound: 13
  MIR: 9
  Flow cover: 42
  Flow path: 4
  RLT: 13
  Relax-and-lift: 4
  BQP: 1

Explored 1 nodes (1124 simplex iterations) in 0.60 seconds (0.13 work units)
Thread count was 32 (of 32 available processors)

Solution count 5: 35.1447 236.591 348 ... 426.233

Optimal solution found (tolerance 5.00e-03)
Best objective 3.514466220781e+01, best bound 3.501734287152e+01, gap 0.3623%
