
Gurobi 9.5.2 (linux64) logging started Mon Aug  3 11:12:40 2026

Set parameter LogFile to value "logs/oracle_RmediumCfewTlarge_5__cs90_gurobi.log"
Gurobi Optimizer version 9.5.2 build v9.5.2rc0 (linux64)
Thread count: 16 physical cores, 32 logical processors, using up to 32 threads
Optimize a model with 5153 rows, 2773 columns and 61745 nonzeros
Model fingerprint: 0x5819ade5
Variable types: 1757 continuous, 1016 integer (1016 binary)
Coefficient statistics:
  Matrix range     [2e-02, 1e+03]
  Objective range  [1e+00, 1e+00]
  Bounds range     [1e+00, 4e+01]
  RHS range        [7e-03, 5e+02]

User MIP start produced solution with objective 67.1202 (0.01s)
Loaded user MIP start with objective 67.1202

Presolve removed 1755 rows and 613 columns
Presolve time: 0.19s
Presolved: 3398 rows, 2160 columns, 52612 nonzeros
Variable types: 1291 continuous, 869 integer (869 binary)
Root relaxation presolve removed 129 rows and 39 columns
Root relaxation presolved: 3269 rows, 2121 columns, 31135 nonzeros

Extra simplex iterations after uncrush: 1

Root relaxation: objective 6.162074e+01, 2967 iterations, 0.26 seconds (0.36 work units)

    Nodes    |    Current Node    |     Objective Bounds      |     Work
 Expl Unexpl |  Obj  Depth IntInf | Incumbent    BestBd   Gap | It/Node Time

     0     0   61.62074    0   69   67.12023   61.62074  8.19%     -    0s
     0     0   63.05012    0  140   67.12023   63.05012  6.06%     -    0s
H    0     0                      66.8478799   63.13052  5.56%     -    0s
     0     0   63.13052    0  140   66.84788   63.13052  5.56%     -    0s
H    0     0                      66.3414092   63.13052  4.84%     -    1s
     0     0   63.72906    0  149   66.34141   63.72906  3.94%     -    1s
     0     0   63.85625    0  176   66.34141   63.85625  3.75%     -    1s
     0     0   63.86169    0  149   66.34141   63.86169  3.74%     -    1s
     0     0   63.96274    0  106   66.34141   63.96274  3.59%     -    1s
     0     0   63.98491    0  192   66.34141   63.98491  3.55%     -    1s
     0     0   63.98606    0  188   66.34141   63.98606  3.55%     -    1s
     0     0   63.98606    0  186   66.34141   63.98606  3.55%     -    1s
     0     0   64.08484    0  161   66.34141   64.08484  3.40%     -    2s
     0     0   64.08860    0  180   66.34141   64.08860  3.40%     -    2s
     0     0   64.08865    0  182   66.34141   64.08865  3.40%     -    2s
H    0     0                      66.3258744   64.08865  3.37%     -    2s
H    0     0                      66.2592805   64.08865  3.28%     -    2s
     0     0   64.13430    0  200   66.25928   64.13430  3.21%     -    2s
     0     0   64.13951    0  199   66.25928   64.13951  3.20%     -    2s
     0     0   64.14010    0  199   66.25928   64.14010  3.20%     -    2s
     0     0   64.14016    0  199   66.25928   64.14016  3.20%     -    2s
H    0     0                      66.0698545   64.14016  2.92%     -    2s
H    0     0                      65.7641933   64.14016  2.47%     -    2s
     0     0   64.15302    0  196   65.76419   64.15302  2.45%     -    2s
     0     0   64.15373    0  196   65.76419   64.15373  2.45%     -    2s
     0     0   64.15414    0  196   65.76419   64.15414  2.45%     -    2s
     0     0   64.15888    0  166   65.76419   64.15888  2.44%     -    3s
     0     0   64.15954    0  176   65.76419   64.15954  2.44%     -    3s
     0     0   64.15960    0  175   65.76419   64.15960  2.44%     -    3s
H    0     0                      65.4856878   64.15960  2.03%     -    3s
H    0     0                      64.8936178   64.15960  1.13%     -    3s
     0     0   64.20978    0   97   64.89362   64.20978  1.05%     -    3s
     0     0   64.20978    0   71   64.89362   64.20978  1.05%     -    4s
     0     0   64.20978    0  138   64.89362   64.20978  1.05%     -    4s
H    0     0                      64.7426551   64.20978  0.82%     -    4s
     0     0   64.20978    0  137   64.74266   64.20978  0.82%     -    4s
     0     0   64.21179    0  159   64.74266   64.21179  0.82%     -    4s
     0     0   64.21238    0  158   64.74266   64.21238  0.82%     -    4s
     0     0   64.21238    0  159   64.74266   64.21238  0.82%     -    4s
     0     0   64.22091    0  120   64.74266   64.22091  0.81%     -    4s
     0     0   64.22160    0  141   64.74266   64.22160  0.80%     -    4s
     0     0   64.22160    0  142   64.74266   64.22160  0.80%     -    4s
     0     0   64.28819    0  149   64.74266   64.28819  0.70%     -    4s
     0     0   64.29424    0  148   64.74266   64.29424  0.69%     -    4s
     0     0   64.29438    0  156   64.74266   64.29438  0.69%     -    4s
     0     0   64.32989    0  166   64.74266   64.32989  0.64%     -    5s
     0     0   64.33394    0  162   64.74266   64.33394  0.63%     -    5s
     0     0   64.33699    0  163   64.74266   64.33699  0.63%     -    5s
     0     0   64.33718    0  178   64.74266   64.33718  0.63%     -    5s
     0     0   64.34511    0  188   64.74266   64.34511  0.61%     -    5s
     0     0   64.34511    0   32   64.74266   64.34511  0.61%     -    5s
     0     0   64.34511    0   73   64.74266   64.34511  0.61%     -    5s
     0     0   64.34511    0   95   64.74266   64.34511  0.61%     -    5s
     0     0   64.34511    0   37   64.74266   64.34511  0.61%     -    5s
H    0     0                      64.4624942   64.34511  0.18%     -    6s

Cutting planes:
  Learned: 8
  Gomory: 7
  Lift-and-project: 11
  Cover: 31
  Implied bound: 29
  Projected implied bound: 1
  Clique: 4
  MIR: 53
  StrongCG: 1
  Flow cover: 78
  GUB cover: 2
  Zero half: 4
  RLT: 13
  Relax-and-lift: 14
  PSD: 1

Explored 1 nodes (13131 simplex iterations) in 6.03 seconds (4.32 work units)
Thread count was 32 (of 32 available processors)

Solution count 10: 64.4625 64.7427 64.8936 ... 66.8479

Optimal solution found (tolerance 5.00e-03)
Best objective 6.446249417446e+01, best bound 6.434510901681e+01, gap 0.1821%
