
Gurobi 9.5.2 (linux64) logging started Mon Aug  3 12:25:42 2026

Set parameter LogFile to value "logs/oracle_RshortCfewTnone_9__kw350_gurobi.log"
Gurobi Optimizer version 9.5.2 build v9.5.2rc0 (linux64)
Thread count: 16 physical cores, 32 logical processors, using up to 32 threads
Optimize a model with 3184 rows, 1730 columns and 24632 nonzeros
Model fingerprint: 0xf78de59e
Variable types: 1087 continuous, 643 integer (643 binary)
Coefficient statistics:
  Matrix range     [4e-02, 7e+02]
  Objective range  [1e+00, 1e+00]
  Bounds range     [1e+00, 2e+01]
  RHS range        [3e-02, 2e+07]

User MIP start produced solution with objective 37.4088 (0.02s)
Loaded user MIP start with objective 37.4088

Presolve removed 1145 rows and 417 columns
Presolve time: 0.20s
Presolved: 2039 rows, 1313 columns, 14601 nonzeros
Variable types: 798 continuous, 515 integer (515 binary)
Root relaxation presolve removed 56 rows and 35 columns
Root relaxation presolved: 1983 rows, 1278 columns, 12379 nonzeros


Root relaxation: objective 3.455108e+01, 2092 iterations, 0.17 seconds (0.14 work units)

    Nodes    |    Current Node    |     Objective Bounds      |     Work
 Expl Unexpl |  Obj  Depth IntInf | Incumbent    BestBd   Gap | It/Node Time

     0     0   34.56846    0  139   37.40883   34.56846  7.59%     -    0s
     0     0   34.81206    0  149   37.40883   34.81206  6.94%     -    1s
H    0     0                      37.2421677   34.81269  6.52%     -    1s
     0     0   34.81269    0  162   37.24217   34.81269  6.52%     -    1s
H    0     0                      37.2026302   35.01516  5.88%     -    1s
     0     0   35.01516    0  155   37.20263   35.01516  5.88%     -    1s
     0     0   35.03147    0  156   37.20263   35.03147  5.84%     -    1s
     0     0   35.03186    0  157   37.20263   35.03186  5.84%     -    1s
     0     0   35.03191    0  159   37.20263   35.03191  5.83%     -    1s
     0     0   35.19356    0  156   37.20263   35.19356  5.40%     -    2s
     0     0   35.20891    0  169   37.20263   35.20891  5.36%     -    2s
     0     0   35.21158    0  168   37.20263   35.21158  5.35%     -    2s
     0     0   35.21158    0  168   37.20263   35.21158  5.35%     -    2s
     0     0   35.36848    0  166   37.20263   35.36848  4.93%     -    2s
     0     0   35.37578    0  174   37.20263   35.37578  4.91%     -    2s
     0     0   35.37632    0  167   37.20263   35.37632  4.91%     -    2s
     0     0   35.37643    0  170   37.20263   35.37643  4.91%     -    2s
     0     0   35.45946    0  168   37.20263   35.45946  4.69%     -    3s
     0     0   35.46920    0  170   37.20263   35.46920  4.66%     -    3s
     0     0   35.47049    0  169   37.20263   35.47049  4.66%     -    3s
     0     0   35.47080    0  165   37.20263   35.47080  4.66%     -    3s
     0     0   35.47093    0  162   37.20263   35.47093  4.65%     -    3s
     0     0   35.54182    0  133   37.20263   35.54182  4.46%     -    4s
     0     0   35.55016    0  154   37.20263   35.55016  4.44%     -    4s
     0     0   35.55129    0  152   37.20263   35.55129  4.44%     -    4s
     0     0   35.55207    0  157   37.20263   35.55207  4.44%     -    4s
     0     0   35.55207    0  164   37.20263   35.55207  4.44%     -    4s
     0     0   35.59583    0  112   37.20263   35.59583  4.32%     -    4s
     0     0   35.60058    0  135   37.20263   35.60058  4.31%     -    4s
     0     0   35.60187    0  154   37.20263   35.60187  4.30%     -    4s
     0     0   35.60193    0  153   37.20263   35.60193  4.30%     -    4s
     0     0   35.62197    0  144   37.20263   35.62197  4.25%     -    5s
H    0     0                      36.8675114   35.62693  3.36%     -    5s
     0     0   35.62693    0  150   36.86751   35.62693  3.36%     -    5s
     0     0   35.62777    0  146   36.86751   35.62777  3.36%     -    5s
     0     0   35.62793    0  157   36.86751   35.62793  3.36%     -    5s
     0     0   35.63430    0  140   36.86751   35.63430  3.34%     -    5s
     0     0   35.63430    0  149   36.86751   35.63430  3.34%     -    6s
     0     0   35.63430    0  103   36.86751   35.63430  3.34%     -    6s
     0     0   35.63430    0  114   36.86751   35.63430  3.34%     -    6s
     0     0   35.63924    0  137   36.86751   35.63924  3.33%     -    6s
     0     0   35.64290    0  137   36.86751   35.64290  3.32%     -    6s
     0     0   35.64322    0  131   36.86751   35.64322  3.32%     -    6s
     0     0   35.65647    0  104   36.86751   35.65647  3.28%     -    6s
     0     0   35.65782    0  126   36.86751   35.65782  3.28%     -    6s
     0     0   35.65782    0  127   36.86751   35.65782  3.28%     -    6s
     0     0   35.66231    0  132   36.86751   35.66231  3.27%     -    7s
     0     0   35.66231    0  126   36.86751   35.66231  3.27%     -    7s
     0     2   35.67381    0  124   36.86751   35.67381  3.24%     -    7s
H   31    48                      36.2956592   35.73584  1.54%   107    8s
H   84    64                      36.2151894   35.80732  1.13%  98.5    9s
H  133    73                      36.0850037   35.87161  0.59%  83.1    9s

Cutting planes:
  Learned: 1
  Gomory: 17
  Lift-and-project: 9
  Cover: 16
  Implied bound: 51
  Projected implied bound: 3
  MIR: 358
  StrongCG: 1
  Flow cover: 513
  GUB cover: 1
  Zero half: 15
  RLT: 33
  Relax-and-lift: 23

Explored 207 nodes (22316 simplex iterations) in 9.96 seconds (3.93 work units)
Thread count was 32 (of 32 available processors)

Solution count 8: 36.085 36.2152 36.2957 ... 37.4088

Optimal solution found (tolerance 5.00e-03)
Best objective 3.608500369279e+01, best bound 3.590539129800e+01, gap 0.4977%
