
Gurobi 9.5.2 (linux64) logging started Thu Aug 13 05:38:41 2026

Set parameter LogFile to value "/mnt/beegfs/users/celinep/ChargeAndBreak/logs/oracle_RshortCmanyTtight_24__kwh300_gurobi.log"
Gurobi Optimizer version 9.5.2 build v9.5.2rc0 (linux64)
Thread count: 16 physical cores, 32 logical processors, using up to 32 threads
Optimize a model with 2788 rows, 1469 columns and 19030 nonzeros
Model fingerprint: 0xe00390b6
Variable types: 927 continuous, 542 integer (542 binary)
Coefficient statistics:
  Matrix range     [8e-02, 6e+02]
  Objective range  [5e-01, 1e+00]
  Bounds range     [1e+00, 3e+01]
  RHS range        [2e-02, 3e+02]

User MIP start produced solution with objective 44.6578 (0.01s)
Loaded user MIP start with objective 44.6578

Presolve removed 1112 rows and 419 columns
Presolve time: 0.22s
Presolved: 1676 rows, 1050 columns, 11354 nonzeros
Variable types: 637 continuous, 413 integer (411 binary)
Found heuristic solution: objective 44.1577696
Root relaxation presolve removed 20 rows and 20 columns
Root relaxation presolved: 1656 rows, 1030 columns, 11314 nonzeros

Extra simplex iterations after uncrush: 2

Root relaxation: objective 4.052592e+01, 1010 iterations, 0.10 seconds (0.03 work units)

    Nodes    |    Current Node    |     Objective Bounds      |     Work
 Expl Unexpl |  Obj  Depth IntInf | Incumbent    BestBd   Gap | It/Node Time

     0     0   40.58183    0   62   44.15777   40.58183  8.10%     -    0s
H    0     0                      42.2395880   40.58183  3.92%     -    0s
H    0     0                      42.0753023   41.41902  1.56%     -    0s
     0     0   41.41902    0   54   42.07530   41.41902  1.56%     -    0s
H    0     0                      42.0472551   41.41902  1.49%     -    0s
     0     0   41.41902    0   54   42.04726   41.41902  1.49%     -    0s
H    0     0                      42.0094219   41.41902  1.41%     -    0s
     0     0   41.55626    0   18   42.00942   41.55626  1.08%     -    1s
     0     0   41.55626    0   10   42.00942   41.55626  1.08%     -    1s
H    0     0                      41.9897079   41.55626  1.03%     -    1s
H    0     0                      41.8802547   41.55626  0.77%     -    1s
     0     0   41.55626    0   37   41.88025   41.55626  0.77%     -    1s
H    0     0                      41.8577046   41.55626  0.72%     -    1s
H    0     0                      41.8376947   41.55626  0.67%     -    1s
H    0     0                      41.5996769   41.55626  0.10%     -    1s
     0     0   41.55626    0   36   41.59968   41.55626  0.10%     -    1s

Cutting planes:
  Learned: 7
  Gomory: 7
  Lift-and-project: 2
  Cover: 9
  Implied bound: 21
  MIR: 5
  Flow cover: 13
  GUB cover: 1
  RLT: 3
  Relax-and-lift: 6
  BQP: 1

Explored 1 nodes (2477 simplex iterations) in 1.42 seconds (0.33 work units)
Thread count was 32 (of 32 available processors)

Solution count 10: 41.5997 41.8377 41.8577 ... 42.2396

Optimal solution found (tolerance 5.00e-03)
Best objective 4.159967694313e+01, best bound 4.155625954712e+01, gap 0.1044%
