
Gurobi 9.5.2 (linux64) logging started Thu Aug 13 16:12:38 2026

Set parameter LogFile to value "/mnt/beegfs/users/celinep/ChargeAndBreak/logs/oracle_RshortCfewTnone_25__cs100_gurobi.log"
Gurobi Optimizer version 9.5.2 build v9.5.2rc0 (linux64)
Thread count: 16 physical cores, 32 logical processors, using up to 32 threads
Optimize a model with 2226 rows, 1160 columns and 14593 nonzeros
Model fingerprint: 0x051a8a8f
Variable types: 744 continuous, 416 integer (416 binary)
Coefficient statistics:
  Matrix range     [5e-02, 5e+02]
  Objective range  [5e-01, 1e+00]
  Bounds range     [1e+00, 2e+01]
  RHS range        [3e-02, 2e+07]

User MIP start produced solution with objective 35.129 (0.01s)
Loaded user MIP start with objective 35.129

Presolve removed 920 rows and 334 columns
Presolve time: 0.17s
Presolved: 1306 rows, 826 columns, 8752 nonzeros
Variable types: 504 continuous, 322 integer (320 binary)
Root relaxation presolve removed 25 rows and 13 columns
Root relaxation presolved: 1281 rows, 813 columns, 7874 nonzeros


Root relaxation: objective 3.429871e+01, 721 iterations, 0.08 seconds (0.03 work units)

    Nodes    |    Current Node    |     Objective Bounds      |     Work
 Expl Unexpl |  Obj  Depth IntInf | Incumbent    BestBd   Gap | It/Node Time

     0     0   34.29871    0   15   35.12902   34.29871  2.36%     -    0s
H    0     0                      34.8552056   34.29871  1.60%     -    0s
     0     0   34.51077    0   21   34.85521   34.51077  0.99%     -    0s
     0     0   34.51388    0   22   34.85521   34.51388  0.98%     -    0s
H    0     0                      34.6735727   34.51388  0.46%     -    0s

Cutting planes:
  Gomory: 17
  Lift-and-project: 8
  Cover: 2
  Implied bound: 4
  Clique: 1
  MIR: 15
  Flow cover: 25
  RLT: 6

Explored 1 nodes (851 simplex iterations) in 0.67 seconds (0.15 work units)
Thread count was 32 (of 32 available processors)

Solution count 3: 34.6736 34.8552 35.129 

Optimal solution found (tolerance 5.00e-03)
Best objective 3.467357269653e+01, best bound 3.452831022527e+01, gap 0.4189%
