
Gurobi 9.5.2 (linux64) logging started Mon Aug  3 11:14:40 2026

Set parameter LogFile to value "logs/oracle_RmediumCfewTnone_5__kw150_gurobi.log"
Gurobi Optimizer version 9.5.2 build v9.5.2rc0 (linux64)
Thread count: 16 physical cores, 32 logical processors, using up to 32 threads
Optimize a model with 6336 rows, 3460 columns and 81394 nonzeros
Model fingerprint: 0x5e3a57da
Variable types: 2162 continuous, 1298 integer (1298 binary)
Coefficient statistics:
  Matrix range     [3e-02, 1e+03]
  Objective range  [1e+00, 1e+00]
  Bounds range     [1e+00, 4e+01]
  RHS range        [1e-01, 2e+07]

User MIP start did not produce a new incumbent solution

Presolve removed 1937 rows and 663 columns
Presolve time: 0.50s
Presolved: 4399 rows, 2797 columns, 71153 nonzeros
Variable types: 1669 continuous, 1128 integer (1128 binary)
Root relaxation presolve removed 196 rows and 76 columns
Root relaxation presolved: 4203 rows, 2721 columns, 39965 nonzeros

Extra simplex iterations after uncrush: 1

Root relaxation: objective 7.184344e+01, 4172 iterations, 0.62 seconds (0.67 work units)
Another try with MIP start

    Nodes    |    Current Node    |     Objective Bounds      |     Work
 Expl Unexpl |  Obj  Depth IntInf | Incumbent    BestBd   Gap | It/Node Time

H    0     0                      83.9418991   71.84344  14.4%     -    2s
     0     0   71.84344    0  359   83.94190   71.84344  14.4%     -    2s
     0     0   76.71002    0  258   83.94190   76.71002  8.62%     -    4s
     0     0   77.09512    0  266   83.94190   77.09512  8.16%     -    4s
     0     0   77.10993    0  272   83.94190   77.10993  8.14%     -    4s
     0     0   77.11268    0  272   83.94190   77.11268  8.14%     -    4s
     0     0   77.11413    0  268   83.94190   77.11413  8.13%     -    4s
     0     0   77.11417    0  270   83.94190   77.11417  8.13%     -    4s
     0     0   77.99003    0  262   83.94190   77.99003  7.09%     -    4s
     0     0   78.03174    0  280   83.94190   78.03174  7.04%     -    4s
     0     0   78.05274    0  274   83.94190   78.05274  7.02%     -    5s
     0     0   78.05668    0  278   83.94190   78.05668  7.01%     -    5s
     0     0   78.05693    0  279   83.94190   78.05693  7.01%     -    5s
     0     0   78.56072    0  272   83.94190   78.56072  6.41%     -    5s
     0     0   78.62965    0  275   83.94190   78.62965  6.33%     -    5s
     0     0   78.64286    0  274   83.94190   78.64286  6.31%     -    5s
     0     0   78.64794    0  282   83.94190   78.64794  6.31%     -    5s
     0     0   78.64796    0  285   83.94190   78.64796  6.31%     -    5s
     0     0   78.93661    0  259   83.94190   78.93661  5.96%     -    6s
     0     0   78.96492    0  258   83.94190   78.96492  5.93%     -    6s
     0     0   78.99244    0  262   83.94190   78.99244  5.90%     -    6s
     0     0   78.99282    0  268   83.94190   78.99282  5.90%     -    6s
     0     0   79.17889    0  296   83.94190   79.17889  5.67%     -    6s
     0     0   79.19964    0  291   83.94190   79.19964  5.65%     -    6s
     0     0   79.20224    0  290   83.94190   79.20224  5.65%     -    6s
     0     0   79.20323    0  291   83.94190   79.20323  5.65%     -    6s
     0     0   79.57660    0  254   83.94190   79.57660  5.20%     -    7s
     0     0   79.66632    0  271   83.94190   79.66632  5.09%     -    7s
     0     0   79.67817    0  275   83.94190   79.67817  5.08%     -    7s
     0     0   79.67841    0  276   83.94190   79.67841  5.08%     -    8s
     0     0   79.91065    0  298   83.94190   79.91065  4.80%     -    8s
     0     0   79.93824    0  306   83.94190   79.93824  4.77%     -    9s
     0     0   79.94615    0  305   83.94190   79.94615  4.76%     -    9s
     0     0   79.94683    0  310   83.94190   79.94683  4.76%     -    9s
     0     0   80.02441    0  292   83.94190   80.02441  4.67%     -    9s
     0     0   80.03682    0  272   83.94190   80.03682  4.65%     -    9s
     0     0   80.03783    0  272   83.94190   80.03783  4.65%     -    9s
     0     0   80.17767    0  280   83.94190   80.17767  4.48%     -   10s
     0     0   80.17984    0  276   83.94190   80.17984  4.48%     -   10s
     0     0   80.18083    0  276   83.94190   80.18083  4.48%     -   10s
     0     0   80.21801    0  300   83.94190   80.21801  4.44%     -   10s
     0     0   80.23114    0  197   83.94190   80.23114  4.42%     -   10s
     0     0   80.23153    0  253   83.94190   80.23153  4.42%     -   10s
     0     0   80.29317    0  246   83.94190   80.29317  4.35%     -   11s
     0     0   80.29999    0  259   83.94190   80.29999  4.34%     -   12s
     0     0   80.30209    0  244   83.94190   80.30209  4.34%     -   12s
     0     0   80.30442    0  273   83.94190   80.30442  4.33%     -   12s
     0     0   80.30482    0  267   83.94190   80.30482  4.33%     -   12s
     0     0   80.32018    0  265   83.94190   80.32018  4.31%     -   12s
     0     0   80.32746    0  278   83.94190   80.32746  4.31%     -   12s
     0     0   80.32856    0  272   83.94190   80.32856  4.30%     -   12s
     0     0   80.36078    0  259   83.94190   80.36078  4.27%     -   13s
     0     0   80.37029    0  256   83.94190   80.37029  4.25%     -   13s
     0     0   80.37182    0  260   83.94190   80.37182  4.25%     -   13s
     0     0   80.41702    0  245   83.94190   80.41702  4.20%     -   13s
     0     0   80.43027    0  280   83.94190   80.43027  4.18%     -   13s
     0     0   80.43380    0  299   83.94190   80.43380  4.18%     -   13s
     0     0   80.43427    0  299   83.94190   80.43427  4.18%     -   13s
     0     0   80.49325    0  219   83.94190   80.49325  4.11%     -   14s
     0     0   80.49826    0  265   83.94190   80.49826  4.10%     -   14s
     0     0   80.49981    0  265   83.94190   80.49981  4.10%     -   14s
     0     0   80.51392    0  273   83.94190   80.51392  4.08%     -   15s
     0     0   80.51421    0  276   83.94190   80.51421  4.08%     -   15s
     0     0   80.55701    0  271   83.94190   80.55701  4.03%     -   15s
H    0     0                      83.5494837   80.55701  3.58%     -   15s
     0     0   80.57193    0  243   83.54948   80.57193  3.56%     -   15s
     0     0   80.57406    0  247   83.54948   80.57406  3.56%     -   16s
     0     0   80.58657    0  274   83.54948   80.58657  3.55%     -   16s
     0     0   80.59236    0  259   83.54948   80.59236  3.54%     -   16s
     0     0   80.59417    0  304   83.54948   80.59417  3.54%     -   16s
     0     0   80.62076    0  262   83.54948   80.62076  3.51%     -   17s
     0     0   80.62547    0  274   83.54948   80.62547  3.50%     -   17s
     0     0   80.62589    0  285   83.54948   80.62589  3.50%     -   17s
     0     0   80.64646    0  257   83.54948   80.64646  3.47%     -   17s
     0     0   80.64646    0  208   83.54948   80.64646  3.47%     -   18s
H    0     0                      83.0964933   80.64646  2.95%     -   18s
H    0     0                      83.0411687   80.64646  2.88%     -   18s
H    0     2                      82.9422442   80.64646  2.77%     -   18s
     0     2   80.64646    0  195   82.94224   80.64646  2.77%     -   18s
    25    28   80.70635    5  263   82.94224   80.69429  2.71%   257   20s
H   41    40                      82.7290790   80.70635  2.45%   216   20s
H   89    79                      82.4642425   80.70850  2.13%   178   21s
H   91    79                      82.4516364   80.70862  2.11%   181   21s
H   98    79                      82.4185599   80.72206  2.06%   184   21s
H  142   117                      82.3352265   80.74087  1.94%   183   26s
H  142   117                      82.2449984   80.74087  1.83%   183   26s
H  152   117                      82.2274365   80.74501  1.80%   179   26s
H  153   117                      82.2247871   80.74501  1.80%   180   26s
H  157   117                      82.2182440   80.74501  1.79%   181   26s
H  218   185                      82.1352720   80.79279  1.63%   183   28s
H  274   232                      82.0584818   80.81007  1.52%   175   32s
H  286   232                      82.0126870   80.81022  1.47%   174   32s
   458   424   80.83164   27  292   82.01269   80.83164  1.44%   161   35s
   988   916   80.89009    8  278   82.01269   80.89009  1.37%   154   40s
H 1135   984                      81.9749528   80.89780  1.31%   151   46s
  1138   986   80.99509   21  321   81.97495   80.89780  1.31%   151   53s
  1145   991   80.94815   16  288   81.97495   80.89780  1.31%   150   55s
  1150   994   81.30148   21  185   81.97495   81.30148  0.82%   149   61s
  1157   999   81.48097   21  241   81.97495   81.48097  0.60%   148   65s

Cutting planes:
  Gomory: 61
  Lift-and-project: 7
  Cover: 22
  Implied bound: 45
  Projected implied bound: 7
  MIR: 444
  StrongCG: 1
  Flow cover: 587
  Inf proof: 2
  RLT: 20
  Relax-and-lift: 30

Explored 1157 nodes (206002 simplex iterations) in 67.62 seconds (37.06 work units)
Thread count was 32 (of 32 available processors)

Solution count 10: 81.975 82.0127 82.0585 ... 82.4186

Optimal solution found (tolerance 5.00e-03)
Best objective 8.197495275892e+01, best bound 8.157940874296e+01, gap 0.4825%
