
Gurobi 9.5.2 (linux64) logging started Tue Jul 28 17:51:08 2026

Set parameter LogFile to value "logs/oracle_RmediumCfewTtight_17_gurobi.log"
Gurobi Optimizer version 9.5.2 build v9.5.2rc0 (linux64)
Thread count: 16 physical cores, 32 logical processors, using up to 32 threads
Optimize a model with 5479 rows, 3158 columns and 19079 nonzeros
Model fingerprint: 0x39ae2f6e
Variable types: 1977 continuous, 1181 integer (1181 binary)
Coefficient statistics:
  Matrix range     [2e-02, 1e+03]
  Objective range  [1e+00, 1e+00]
  Bounds range     [1e+00, 1e+00]
  RHS range        [2e-02, 5e+02]
Presolve removed 1711 rows and 622 columns
Presolve time: 0.38s
Presolved: 3768 rows, 2536 columns, 16827 nonzeros
Variable types: 1514 continuous, 1022 integer (1022 binary)

Root relaxation: objective 5.560080e+01, 3796 iterations, 0.84 seconds (0.19 work units)

    Nodes    |    Current Node    |     Objective Bounds      |     Work
 Expl Unexpl |  Obj  Depth IntInf | Incumbent    BestBd   Gap | It/Node Time

     0     0   55.60080    0  340          -   55.60080      -     -    1s
     0     0   56.49544    0  300          -   56.49544      -     -    3s
     0     0   56.52271    0  301          -   56.52271      -     -    3s
     0     0   56.52276    0  301          -   56.52276      -     -    3s
     0     0   57.12921    0  370          -   57.12921      -     -    4s
     0     0   57.20457    0  378          -   57.20457      -     -    4s
     0     0   57.23608    0  371          -   57.23608      -     -    4s
     0     0   57.23694    0  372          -   57.23694      -     -    5s
     0     0   57.23711    0  382          -   57.23711      -     -    5s
     0     0   58.05620    0  334          -   58.05620      -     -    5s
     0     0   58.10740    0  318          -   58.10740      -     -    6s
     0     0   58.13605    0  347          -   58.13605      -     -    6s
     0     0   58.13794    0  350          -   58.13794      -     -    6s
     0     0   58.13987    0  348          -   58.13987      -     -    6s
     0     0   58.13987    0  346          -   58.13987      -     -    6s
     0     0   58.53676    0  331          -   58.53676      -     -    7s
     0     0   58.57135    0  340          -   58.57135      -     -    7s
     0     0   58.57775    0  354          -   58.57775      -     -    7s
     0     0   58.57825    0  357          -   58.57825      -     -    7s
     0     0   58.80867    0  364          -   58.80867      -     -    7s
     0     0   58.84935    0  342          -   58.84935      -     -    8s
H    0     0                      78.2502290   58.85119  24.8%     -    8s
     0     0   58.85119    0  341   78.25023   58.85119  24.8%     -    8s
     0     0   58.85211    0  338   78.25023   58.85211  24.8%     -    8s
     0     0   58.85400    0  339   78.25023   58.85400  24.8%     -    8s
     0     0   58.85401    0  340   78.25023   58.85401  24.8%     -    8s
     0     0   58.92889    0  333   78.25023   58.92889  24.7%     -    8s
     0     0   58.93830    0  333   78.25023   58.93830  24.7%     -    8s
     0     0   58.93849    0  335   78.25023   58.93849  24.7%     -    8s
     0     0   58.96535    0  342   78.25023   58.96535  24.6%     -    9s
     0     0   58.96837    0  358   78.25023   58.96837  24.6%     -    9s
     0     0   58.96883    0  361   78.25023   58.96883  24.6%     -    9s
     0     0   59.05366    0  310   78.25023   59.05366  24.5%     -    9s
     0     0   59.05936    0  311   78.25023   59.05936  24.5%     -    9s
     0     0   59.05996    0  311   78.25023   59.05996  24.5%     -    9s
     0     0   59.09573    0  327   78.25023   59.09573  24.5%     -   10s
     0     0   59.10581    0  332   78.25023   59.10581  24.5%     -   10s
     0     0   59.10865    0  327   78.25023   59.10865  24.5%     -   10s
     0     0   59.10895    0  336   78.25023   59.10895  24.5%     -   10s
     0     0   59.12822    0  336   78.25023   59.12822  24.4%     -   10s
     0     0   59.12959    0  335   78.25023   59.12959  24.4%     -   10s
     0     0   59.12976    0  350   78.25023   59.12976  24.4%     -   10s
     0     0   59.17727    0  330   78.25023   59.17727  24.4%     -   11s
     0     0   59.19447    0  356   78.25023   59.19447  24.4%     -   11s
     0     0   59.20294    0  348   78.25023   59.20294  24.3%     -   11s
     0     0   59.20371    0  345   78.25023   59.20371  24.3%     -   11s
     0     0   59.20591    0  354   78.25023   59.20591  24.3%     -   11s
     0     0   59.20980    0  355   78.25023   59.20980  24.3%     -   11s
     0     0   59.20983    0  357   78.25023   59.20983  24.3%     -   11s
     0     0   59.23095    0  356   78.25023   59.23095  24.3%     -   11s
     0     0   59.23148    0  356   78.25023   59.23148  24.3%     -   12s
     0     0   59.26933    0  368   78.25023   59.26933  24.3%     -   12s
     0     0   59.27209    0  358   78.25023   59.27209  24.3%     -   12s
     0     0   59.27620    0  362   78.25023   59.27620  24.2%     -   12s
     0     0   59.27624    0  372   78.25023   59.27624  24.2%     -   12s
     0     0   59.29971    0  367   78.25023   59.29971  24.2%     -   12s
     0     0   59.29982    0  368   78.25023   59.29982  24.2%     -   12s
     0     0   59.32096    0  364   78.25023   59.32096  24.2%     -   12s
     0     0   59.32140    0  365   78.25023   59.32140  24.2%     -   12s
     0     0   59.32831    0  368   78.25023   59.32831  24.2%     -   12s
     0     0   59.33017    0  366   78.25023   59.33017  24.2%     -   13s
     0     0   59.33053    0  365   78.25023   59.33053  24.2%     -   13s
     0     0   59.33341    0  366   78.25023   59.33341  24.2%     -   13s
     0     0   59.33341    0  286   78.25023   59.33341  24.2%     -   13s
     0     2   59.33341    0  250   78.25023   59.33341  24.2%     -   14s
     1     4   59.35749    1  238   78.25023   59.33733  24.2%   318   15s
H   78    82                      78.2379729   59.41831  24.1%  90.9   17s
H   82    82                      78.1903174   59.41831  24.0%  88.4   17s
H  125   128                      77.5536433   59.41831  23.4%  70.3   19s
H  130   128                      76.9934074   59.41831  22.8%  70.2   19s
   173   170   59.48034   14  316   76.99341   59.41831  22.8%  57.8   30s
H  174   170                      76.9155878   59.41831  22.7%  57.4   30s
H  175   170                      76.8962408   59.41831  22.7%  57.1   30s
H  179   170                      67.4548308   59.41831  11.9%  56.0   30s
H  185   170                      67.1190235   59.41831  11.5%  55.0   30s
   237   178   59.49066   18  319   67.11902   59.41831  11.5%  45.4   36s
H  238   178                      66.9554839   59.41831  11.3%  45.3   36s
H  243   178                      64.9259922   59.41831  8.48%  45.9   36s
H  249   178                      64.8890147   59.41831  8.43%  47.8   36s
  1271   384   59.74578   32  313   64.88901   59.44789  8.39%  49.4   40s
H 1286   384                      64.7119674   59.44789  8.13%  49.6   40s
H 2459   618                      64.6890656   59.77901  7.59%  45.0   43s
  3004   922   62.98627   35  265   64.68907   59.80844  7.54%  44.8   45s
H 4144  1359                      64.6739764   59.97858  7.26%  43.9   52s
  4145  1360   63.99187   46  286   64.67398   59.97858  7.26%  43.9   55s
  4147  1361   64.28671   65  136   64.67398   59.97858  7.26%  43.8   61s
  4148  1362   62.95219   45  322   64.67398   60.35017  6.69%  43.8   66s
  4154  1366   64.22265   56  316   64.67398   61.56701  4.80%  43.8   70s
  4161  1371   62.84125   43  331   64.67398   62.58558  3.23%  43.7   75s
  4167  1375   63.15533   47  224   64.67398   63.15533  2.35%  43.6   81s
  4174  1379   64.03265   40  247   64.67398   63.38601  1.99%  43.5   86s
  4183  1385   63.97747   48  108   64.67398   63.97747  1.08%  43.5   91s
  4192  1392   64.61377   40   44   64.67398   64.02917  1.00%  49.2   96s
  4195  1394   64.02917   25   50   64.67398   64.02917  1.00%  49.2  101s
  4198  1396   64.02917   37   70   64.67398   64.02917  1.00%  49.1  105s
  4202  1404   64.02917   20   87   64.67398   64.02917  1.00%  52.3  111s
  4206  1411   64.02917   21  118   64.67398   64.02917  1.00%  52.7  116s
H 4291  1399                      64.6521541   64.06979  0.90%  57.3  119s
H 4351  1373                      64.3682046   64.07842  0.45%  56.9  130s
H 4355  1309                      64.2848713   64.07842  0.32%  56.9  130s
H 4362  1247                      64.2702716   64.07842  0.30%  56.9  130s

Cutting planes:
  Learned: 1
  Gomory: 83
  Cover: 44
  Implied bound: 62
  Projected implied bound: 9
  MIR: 266
  StrongCG: 1
  Flow cover: 384
  Flow path: 3
  GUB cover: 1
  RLT: 29
  Relax-and-lift: 47

Explored 4383 nodes (258287 simplex iterations) in 130.72 seconds (15.71 work units)
Thread count was 32 (of 32 available processors)

Solution count 10: 64.2703 64.2849 64.3682 ... 64.926

Optimal solution found (tolerance 5.00e-03)
Best objective 6.427027158096e+01, best bound 6.407842462358e+01, gap 0.2985%
