
Gurobi 9.5.2 (linux64) logging started Mon Aug  3 11:51:29 2026

Set parameter LogFile to value "logs/oracle_RshortCfewTnone_9__kw1000_gurobi.log"
Gurobi Optimizer version 9.5.2 build v9.5.2rc0 (linux64)
Thread count: 16 physical cores, 32 logical processors, using up to 32 threads
Optimize a model with 3184 rows, 1730 columns and 24632 nonzeros
Model fingerprint: 0xbd2a7925
Variable types: 1087 continuous, 643 integer (643 binary)
Coefficient statistics:
  Matrix range     [4e-02, 7e+02]
  Objective range  [1e+00, 1e+00]
  Bounds range     [1e+00, 2e+01]
  RHS range        [3e-02, 2e+07]

User MIP start did not produce a new incumbent solution

Presolve removed 1190 rows and 438 columns
Presolve time: 0.36s
Presolved: 1994 rows, 1292 columns, 14471 nonzeros
Variable types: 784 continuous, 508 integer (508 binary)
Root relaxation presolve removed 32 rows and 31 columns
Root relaxation presolved: 1962 rows, 1261 columns, 14234 nonzeros

Extra simplex iterations after uncrush: 1

Root relaxation: objective 3.455235e+01, 2050 iterations, 0.48 seconds (0.14 work units)
Another try with MIP start

    Nodes    |    Current Node    |     Objective Bounds      |     Work
 Expl Unexpl |  Obj  Depth IntInf | Incumbent    BestBd   Gap | It/Node Time

H    0     0                      37.0058228   34.55235  6.63%     -    1s
     0     0   34.55235    0   75   37.00582   34.55235  6.63%     -    1s
     0     0   34.76381    0  102   37.00582   34.76381  6.06%     -    2s
     0     0   34.85034    0  124   37.00582   34.85034  5.82%     -    2s
     0     0   34.85364    0  119   37.00582   34.85364  5.82%     -    2s
     0     0   34.93367    0  112   37.00582   34.93367  5.60%     -    3s
     0     0   34.95565    0  119   37.00582   34.95565  5.54%     -    3s
     0     0   34.95991    0  114   37.00582   34.95991  5.53%     -    3s
     0     0   34.95995    0  118   37.00582   34.95995  5.53%     -    3s
     0     0   35.05668    0  119   37.00582   35.05668  5.27%     -    3s
     0     0   35.09313    0  116   37.00582   35.09313  5.17%     -    3s
     0     0   35.09568    0  123   37.00582   35.09568  5.16%     -    3s
     0     0   35.09629    0  124   37.00582   35.09629  5.16%     -    3s
     0     0   35.09629    0  123   37.00582   35.09629  5.16%     -    3s
     0     0   35.18993    0  143   37.00582   35.18993  4.91%     -    4s
H    0     0                      36.9059811   35.18993  4.65%     -    4s
     0     0   35.19102    0  140   36.90598   35.19102  4.65%     -    4s
     0     0   35.19141    0  143   36.90598   35.19141  4.65%     -    4s
     0     0   35.19141    0  145   36.90598   35.19141  4.65%     -    4s
     0     0   35.32834    0  130   36.90598   35.32834  4.27%     -    5s
     0     0   35.35732    0  136   36.90598   35.35732  4.20%     -    5s
     0     0   35.37183    0  125   36.90598   35.37183  4.16%     -    5s
     0     0   35.37363    0  128   36.90598   35.37363  4.15%     -    5s
     0     0   35.37416    0  128   36.90598   35.37416  4.15%     -    5s
     0     0   35.37417    0  129   36.90598   35.37417  4.15%     -    5s
     0     0   35.46469    0  106   36.90598   35.46469  3.91%     -    6s
     0     0   35.47314    0  106   36.90598   35.47314  3.88%     -    6s
     0     0   35.48005    0  120   36.90598   35.48005  3.86%     -    6s
     0     0   35.48056    0  124   36.90598   35.48056  3.86%     -    6s
     0     0   35.48060    0  125   36.90598   35.48060  3.86%     -    6s
     0     0   35.51926    0  100   36.90598   35.51926  3.76%     -    7s
     0     0   35.52161    0  102   36.90598   35.52161  3.75%     -    7s
     0     0   35.52244    0  136   36.90598   35.52244  3.75%     -    7s
     0     0   35.52266    0  136   36.90598   35.52266  3.75%     -    7s
     0     0   35.53094    0  110   36.90598   35.53094  3.73%     -    7s
     0     0   35.53465    0  104   36.90598   35.53465  3.72%     -    7s
     0     0   35.53554    0  101   36.90598   35.53554  3.71%     -    7s
     0     0   35.53561    0   89   36.90598   35.53561  3.71%     -    7s
     0     0   35.54400    0  126   36.90598   35.54400  3.69%     -    8s
     0     0   35.54667    0  106   36.90598   35.54667  3.68%     -    8s
     0     0   35.54689    0  139   36.90598   35.54689  3.68%     -    8s
     0     0   35.55258    0  158   36.90598   35.55258  3.67%     -    8s
H    0     0                      36.7013105   35.55258  3.13%     -    8s
     0     0   35.55317    0  142   36.70131   35.55317  3.13%     -    8s
     0     0   35.55379    0  148   36.70131   35.55379  3.13%     -    8s
     0     0   35.55379    0  145   36.70131   35.55379  3.13%     -    8s
     0     0   35.55499    0   97   36.70131   35.55499  3.12%     -    9s
     0     0   35.55588    0  102   36.70131   35.55588  3.12%     -    9s
     0     0   35.55589    0  104   36.70131   35.55589  3.12%     -    9s
     0     0   35.56257    0  123   36.70131   35.56257  3.10%     -    9s
     0     0   35.56484    0  102   36.70131   35.56484  3.10%     -    9s
     0     0   35.56484    0  109   36.70131   35.56484  3.10%     -    9s
     0     0   35.56621    0  112   36.70131   35.56621  3.09%     -   10s
     0     0   35.56621    0  101   36.70131   35.56621  3.09%     -   10s
H    0     0                      35.9143114   35.56621  0.97%     -   10s
     0     0   35.56697    0   83   35.91431   35.56697  0.97%     -   11s
     0     0   35.56697    0   68   35.91431   35.56697  0.97%     -   11s
     0     0   35.56697    0   84   35.91431   35.56697  0.97%     -   11s
     0     0   35.56697    0   79   35.91431   35.56697  0.97%     -   11s
     0     0   35.56697    0   77   35.91431   35.56697  0.97%     -   11s
     0     0   35.56697    0  102   35.91431   35.56697  0.97%     -   11s
     0     0   35.56697    0   87   35.91431   35.56697  0.97%     -   11s
     0     0   35.56697    0   88   35.91431   35.56697  0.97%     -   11s
     0     0   35.56707    0  107   35.91431   35.56707  0.97%     -   11s
     0     0   35.56709    0  106   35.91431   35.56709  0.97%     -   11s
     0     0   35.59003    0   95   35.91431   35.59003  0.90%     -   11s
     0     0   35.59086    0   95   35.91431   35.59086  0.90%     -   11s
     0     0   35.59120    0   97   35.91431   35.59120  0.90%     -   11s
     0     0   35.60679    0  100   35.91431   35.60679  0.86%     -   12s
     0     0   35.60760    0   97   35.91431   35.60760  0.85%     -   12s
     0     0   35.60781    0   99   35.91431   35.60781  0.85%     -   12s
     0     0   35.62789    0  104   35.91431   35.62789  0.80%     -   12s
     0     0   35.63042    0   82   35.91431   35.63042  0.79%     -   12s
     0     0   35.63044    0   97   35.91431   35.63044  0.79%     -   12s
     0     0   35.63419    0  109   35.91431   35.63419  0.78%     -   13s
     0     0   35.63489    0  105   35.91431   35.63489  0.78%     -   13s
     0     0   35.63492    0  110   35.91431   35.63492  0.78%     -   13s
     0     0   35.63769    0  106   35.91431   35.63769  0.77%     -   13s
     0     0   35.63769    0   94   35.91431   35.63769  0.77%     -   13s
     0     0   35.66616    0   79   35.91431   35.66616  0.69%     -   14s
     0     0   35.66616    0   90   35.91431   35.66616  0.69%     -   14s
     0     0   35.66616    0   80   35.91431   35.66616  0.69%     -   14s
     0     0   35.66616    0   72   35.91431   35.66616  0.69%     -   14s
     0     0   35.66616    0   80   35.91431   35.66616  0.69%     -   14s
     0     0   35.66616    0   69   35.91431   35.66616  0.69%     -   14s
     0     0   35.66616    0   87   35.91431   35.66616  0.69%     -   14s
     0     0   35.66616    0  114   35.91431   35.66616  0.69%     -   14s
     0     0   35.66616    0  112   35.91431   35.66616  0.69%     -   14s
     0     0   35.66616    0  106   35.91431   35.66616  0.69%     -   15s
     0     0   35.66616    0   99   35.91431   35.66616  0.69%     -   15s
     0     0   35.66616    0   99   35.91431   35.66616  0.69%     -   15s
     0     0   35.67081    0   98   35.91431   35.67081  0.68%     -   15s
     0     0   35.67236    0  102   35.91431   35.67236  0.67%     -   15s
     0     0   35.67254    0   97   35.91431   35.67254  0.67%     -   15s
     0     0   35.68416    0   93   35.91431   35.68416  0.64%     -   16s
     0     0   35.68589    0   90   35.91431   35.68589  0.64%     -   16s
     0     0   35.68632    0   91   35.91431   35.68632  0.63%     -   16s
     0     0   35.68687    0   93   35.91431   35.68687  0.63%     -   16s
     0     0   35.68721    0   93   35.91431   35.68721  0.63%     -   16s
     0     0   35.70058    0  105   35.91431   35.70058  0.60%     -   16s
     0     0   35.70447    0  107   35.91431   35.70447  0.58%     -   16s
     0     0   35.70584    0  113   35.91431   35.70584  0.58%     -   16s
     0     0   35.70584    0  114   35.91431   35.70584  0.58%     -   16s
     0     0   35.71698    0  109   35.91431   35.71698  0.55%     -   17s
     0     0   35.71800    0  116   35.91431   35.71800  0.55%     -   17s
     0     0   35.71800    0  118   35.91431   35.71800  0.55%     -   17s
     0     0   35.72093    0  114   35.91431   35.72093  0.54%     -   17s
     0     0   35.72119    0  117   35.91431   35.72119  0.54%     -   17s
     0     0   35.72384    0  117   35.91431   35.72384  0.53%     -   17s
     0     0   35.72384    0  106   35.91431   35.72384  0.53%     -   17s

Cutting planes:
  Learned: 2
  Gomory: 5
  Lift-and-project: 8
  Cover: 17
  Implied bound: 21
  Clique: 1
  MIR: 34
  StrongCG: 1
  Flow cover: 69
  Zero half: 7
  RLT: 3
  Relax-and-lift: 1

Explored 1 nodes (16575 simplex iterations) in 17.98 seconds (6.17 work units)
Thread count was 32 (of 32 available processors)

Solution count 4: 35.9143 36.7013 36.906 37.0058 

Optimal solution found (tolerance 5.00e-03)
Best objective 3.591431141348e+01, best bound 3.575361510227e+01, gap 0.4474%
