
Gurobi 9.5.2 (linux64) logging started Mon Aug  3 12:20:46 2026

Set parameter LogFile to value "logs/oracle_RshortCfewTlarge_10__cs30_gurobi.log"
Gurobi Optimizer version 9.5.2 build v9.5.2rc0 (linux64)
Thread count: 16 physical cores, 32 logical processors, using up to 32 threads
Optimize a model with 2958 rows, 1660 columns and 18109 nonzeros
Model fingerprint: 0xcf491dcf
Variable types: 1012 continuous, 648 integer (648 binary)
Coefficient statistics:
  Matrix range     [4e-02, 5e+02]
  Objective range  [1e+00, 1e+00]
  Bounds range     [1e+00, 2e+01]
  RHS range        [6e-03, 5e+02]

User MIP start did not produce a new incumbent solution

Presolve removed 985 rows and 409 columns
Presolve time: 0.27s
Presolved: 1973 rows, 1251 columns, 11269 nonzeros
Variable types: 766 continuous, 485 integer (483 binary)
Root relaxation presolve removed 56 rows and 56 columns
Root relaxation presolved: 1917 rows, 1195 columns, 11157 nonzeros

Extra simplex iterations after uncrush: 1

Root relaxation: objective 3.151790e+01, 1726 iterations, 0.32 seconds (0.09 work units)
Another try with MIP start

    Nodes    |    Current Node    |     Objective Bounds      |     Work
 Expl Unexpl |  Obj  Depth IntInf | Incumbent    BestBd   Gap | It/Node Time

H    0     0                      34.3558391   31.51790  8.26%     -    1s
     0     0   31.51790    0   66   34.35584   31.51790  8.26%     -    1s
     0     0   31.65803    0  104   34.35584   31.65803  7.85%     -    2s
     0     0   31.69289    0  104   34.35584   31.69289  7.75%     -    2s
     0     0   31.74449    0  176   34.35584   31.74449  7.60%     -    2s
     0     0   31.77293    0  176   34.35584   31.77293  7.52%     -    3s
     0     0   31.80876    0  169   34.35584   31.80876  7.41%     -    4s
     0     0   31.80876    0  165   34.35584   31.80876  7.41%     -    4s
H    0     0                      34.2940354   31.80876  7.25%     -    4s
     0     0   31.80876    0   84   34.29404   31.80876  7.25%     -    6s
     0     0   31.80876    0  139   34.29404   31.80876  7.25%     -    7s
     0     0   31.80876    0  171   34.29404   31.80876  7.25%     -    7s
     0     0   31.80876    0  184   34.29404   31.80876  7.25%     -    7s
     0     0   31.80876    0  183   34.29404   31.80876  7.25%     -    7s
     0     0   31.80876    0  186   34.29404   31.80876  7.25%     -    7s
     0     0   31.87864    0  151   34.29404   31.87864  7.04%     -    8s
     0     0   31.88523    0  182   34.29404   31.88523  7.02%     -    8s
     0     0   31.88579    0  192   34.29404   31.88579  7.02%     -    8s
     0     0   31.88579    0  192   34.29404   31.88579  7.02%     -    8s
     0     0   31.95716    0  206   34.29404   31.95716  6.81%     -   10s
H    0     0                      34.2719143   31.95716  6.75%     -   10s
     0     0   31.97175    0  197   34.27191   31.97175  6.71%     -   10s
     0     0   31.97427    0  195   34.27191   31.97427  6.70%     -   10s
     0     0   31.97427    0  197   34.27191   31.97427  6.70%     -   10s
     0     0   32.02361    0  188   34.27191   32.02361  6.56%     -   10s
     0     0   32.03523    0  193   34.27191   32.03523  6.53%     -   11s
     0     0   32.03736    0  194   34.27191   32.03736  6.52%     -   11s
     0     0   32.03798    0  195   34.27191   32.03798  6.52%     -   11s
     0     0   32.03857    0  205   34.27191   32.03857  6.52%     -   11s
     0     0   32.03874    0  206   34.27191   32.03874  6.52%     -   11s
     0     0   32.11286    0  158   34.27191   32.11286  6.30%     -   11s
     0     0   32.12978    0  186   34.27191   32.12978  6.25%     -   12s
     0     0   32.13451    0  205   34.27191   32.13451  6.24%     -   12s
     0     0   32.13506    0  207   34.27191   32.13506  6.23%     -   12s
     0     0   32.13507    0  207   34.27191   32.13507  6.23%     -   12s
     0     0   32.26368    0  195   34.27191   32.26368  5.86%     -   13s
     0     0   32.28427    0  194   34.27191   32.28427  5.80%     -   13s
     0     0   32.28666    0  198   34.27191   32.28666  5.79%     -   13s
     0     0   32.28666    0  198   34.27191   32.28666  5.79%     -   13s
     0     0   32.44663    0  161   34.27191   32.44663  5.33%     -   14s
     0     0   32.47543    0  181   34.27191   32.47543  5.24%     -   14s
     0     0   32.47800    0  185   34.27191   32.47800  5.23%     -   14s
     0     0   32.47949    0  184   34.27191   32.47949  5.23%     -   14s
     0     0   32.47983    0  186   34.27191   32.47983  5.23%     -   14s
     0     0   32.56526    0  190   34.27191   32.56526  4.98%     -   15s
     0     0   32.60713    0  195   34.27191   32.60713  4.86%     -   15s
     0     0   32.61044    0  187   34.27191   32.61044  4.85%     -   15s
     0     0   32.61101    0  195   34.27191   32.61101  4.85%     -   15s
     0     0   32.61112    0  193   34.27191   32.61112  4.85%     -   15s
     0     0   32.69536    0  173   34.27191   32.69536  4.60%     -   16s
     0     0   32.70508    0  180   34.27191   32.70508  4.57%     -   16s
     0     0   32.70616    0  181   34.27191   32.70616  4.57%     -   16s
     0     0   32.70631    0  175   34.27191   32.70631  4.57%     -   16s
     0     0   32.75554    0  176   34.27191   32.75554  4.42%     -   17s
     0     0   32.76849    0  181   34.27191   32.76849  4.39%     -   17s
     0     0   32.76998    0  179   34.27191   32.76998  4.38%     -   17s
     0     0   32.77020    0  185   34.27191   32.77020  4.38%     -   17s
     0     0   32.85039    0  164   34.27191   32.85039  4.15%     -   18s
     0     0   32.86346    0  171   34.27191   32.86346  4.11%     -   18s
     0     0   32.86676    0  167   34.27191   32.86676  4.10%     -   18s
     0     0   32.86678    0  168   34.27191   32.86678  4.10%     -   18s
     0     0   32.99804    0  146   34.27191   32.99804  3.72%     -   18s
     0     0   33.02704    0  147   34.27191   33.02704  3.63%     -   19s
     0     0   33.02797    0  150   34.27191   33.02797  3.63%     -   19s
     0     0   33.02842    0  150   34.27191   33.02842  3.63%     -   19s
     0     0   33.03956    0  136   34.27191   33.03956  3.60%     -   19s
     0     0   33.04350    0  133   34.27191   33.04350  3.58%     -   19s
     0     0   33.04368    0  134   34.27191   33.04368  3.58%     -   19s
     0     0   33.05010    0  152   34.27191   33.05010  3.57%     -   19s
     0     0   33.05112    0  143   34.27191   33.05112  3.56%     -   19s
     0     0   33.05135    0  145   34.27191   33.05135  3.56%     -   19s
     0     0   33.09337    0  150   34.27191   33.09337  3.44%     -   19s
     0     0   33.09649    0  153   34.27191   33.09649  3.43%     -   19s
     0     0   33.09713    0  152   34.27191   33.09713  3.43%     -   19s
     0     0   33.11209    0  148   34.27191   33.11209  3.38%     -   20s
     0     0   33.11427    0  150   34.27191   33.11427  3.38%     -   20s
     0     0   33.11516    0  149   34.27191   33.11516  3.38%     -   20s
     0     0   33.11528    0  152   34.27191   33.11528  3.37%     -   20s
     0     0   33.12380    0  167   34.27191   33.12380  3.35%     -   20s
     0     0   33.12535    0  171   34.27191   33.12535  3.35%     -   20s
     0     0   33.12535    0  171   34.27191   33.12535  3.35%     -   20s
H    0     0                      34.2629186   33.12535  3.32%     -   21s
     0     0   33.13552    0  142   34.26292   33.13552  3.29%     -   21s
H    0     0                      34.0587772   33.13552  2.71%     -   21s
     0     0   33.13610    0  151   34.05878   33.13610  2.71%     -   21s
     0     0   33.14084    0  153   34.05878   33.14084  2.70%     -   21s
     0     0   33.14085    0  119   34.05878   33.14085  2.70%     -   22s
     0     0   33.14085    0  118   34.05878   33.14085  2.70%     -   22s
H    0     0                      34.0432495   33.31516  2.14%     -   23s
     0     0   33.31516    0  124   34.04325   33.31516  2.14%     -   24s
     0     0   33.31516    0  171   34.04325   33.31516  2.14%     -   25s
     0     0   33.31516    0  107   34.04325   33.31516  2.14%     -   25s
     0     0   33.31516    0  111   34.04325   33.31516  2.14%     -   25s
     0     0   33.31516    0  134   34.04325   33.31516  2.14%     -   25s
     0     0   33.31516    0  129   34.04325   33.31516  2.14%     -   25s
     0     0   33.31516    0  129   34.04325   33.31516  2.14%     -   25s
     0     0   33.31516    0  135   34.04325   33.31516  2.14%     -   25s
     0     0   33.31516    0  135   34.04325   33.31516  2.14%     -   25s
     0     0   33.31516    0  120   34.04325   33.31516  2.14%     -   26s
     0     0   33.31516    0  119   34.04325   33.31516  2.14%     -   26s
     0     0   33.31516    0  128   34.04325   33.31516  2.14%     -   27s
     0     0   33.31516    0  116   34.04325   33.31516  2.14%     -   27s
     0     2   33.32557    0  115   34.04325   33.32557  2.11%     -   28s
    98    85   33.53667   10  121   34.04325   33.51916  1.54%   103   30s
H  142   123                      34.0398463   33.54423  1.46%  95.3   30s
H  146   123                      33.8325682   33.55064  0.83%  95.5   30s

Cutting planes:
  Gomory: 18
  Lift-and-project: 6
  Cover: 15
  Implied bound: 81
  Projected implied bound: 4
  MIR: 429
  StrongCG: 2
  Flow cover: 679
  Flow path: 1
  GUB cover: 1
  Zero half: 11
  RLT: 81
  Relax-and-lift: 42

Explored 319 nodes (42949 simplex iterations) in 31.62 seconds (6.79 work units)
Thread count was 32 (of 32 available processors)

Solution count 9: 33.8326 34.0398 34.0432 ... 34.3558

Optimal solution found (tolerance 5.00e-03)
Best objective 3.383256823751e+01, best bound 3.368921710261e+01, gap 0.4237%
