
Gurobi 9.5.2 (linux64) logging started Wed Jul 29 05:26:33 2026

Set parameter LogFile to value "logs/oracle_RlongCmediumTmedium_31_gurobi.log"
Gurobi Optimizer version 9.5.2 build v9.5.2rc0 (linux64)
Thread count: 16 physical cores, 32 logical processors, using up to 32 threads
Optimize a model with 9489 rows, 5173 columns and 171103 nonzeros
Model fingerprint: 0x2dffec9f
Variable types: 3227 continuous, 1946 integer (1946 binary)
Coefficient statistics:
  Matrix range     [4e-02, 2e+03]
  Objective range  [1e+00, 1e+00]
  Bounds range     [1e+00, 6e+01]
  RHS range        [6e-03, 5e+02]

User MIP start did not produce a new incumbent solution

Presolve removed 2768 rows and 920 columns
Presolve time: 4.57s
Presolved: 6721 rows, 4253 columns, 154556 nonzeros
Variable types: 2519 continuous, 1734 integer (1733 binary)
Root relaxation presolve removed 176 rows and 113 columns
Root relaxation presolved: 6545 rows, 4140 columns, 119373 nonzeros


Root simplex log...

Iteration    Objective       Primal Inf.    Dual Inf.      Time
       0    5.8137002e+01   2.023819e+04   0.000000e+00      6s
    7046    1.0343628e+02   0.000000e+00   0.000000e+00      9s
    7049    1.0343628e+02   0.000000e+00   0.000000e+00      9s
Extra simplex iterations after uncrush: 3

Root relaxation: objective 1.034363e+02, 7049 iterations, 3.80 seconds (1.68 work units)
Another try with MIP start

    Nodes    |    Current Node    |     Objective Bounds      |     Work
 Expl Unexpl |  Obj  Depth IntInf | Incumbent    BestBd   Gap | It/Node Time

H    0     0                     150.2102635  103.43628  31.1%     -   18s
     0     0  103.43628    0  617  150.21026  103.43628  31.1%     -   18s
     0     0  108.51973    0  544  150.21026  108.51973  27.8%     -   28s
     0     0  108.74485    0  560  150.21026  108.74485  27.6%     -   30s
     0     0  108.78387    0  569  150.21026  108.78387  27.6%     -   30s
     0     0  108.79187    0  541  150.21026  108.79187  27.6%     -   30s
     0     0  108.79341    0  565  150.21026  108.79341  27.6%     -   31s
     0     0  108.79362    0  555  150.21026  108.79362  27.6%     -   31s
     0     0  109.94695    0  603  150.21026  109.94695  26.8%     -   34s
     0     0  110.03838    0  568  150.21026  110.03838  26.7%     -   35s
     0     0  110.07570    0  612  150.21026  110.07570  26.7%     -   35s
     0     0  110.07934    0  605  150.21026  110.07934  26.7%     -   35s
     0     0  110.07973    0  604  150.21026  110.07973  26.7%     -   35s
     0     0  110.93134    0  579  150.21026  110.93134  26.1%     -   40s
     0     0  111.07086    0  635  150.21026  111.07086  26.1%     -   41s
     0     0  111.08458    0  643  150.21026  111.08458  26.0%     -   42s
     0     0  111.08482    0  646  150.21026  111.08482  26.0%     -   42s
     0     0  111.42622    0  633  150.21026  111.42622  25.8%     -   46s
     0     0  111.45978    0  669  150.21026  111.45978  25.8%     -   47s
     0     0  111.46973    0  665  150.21026  111.46973  25.8%     -   48s
     0     0  111.47267    0  669  150.21026  111.47267  25.8%     -   48s
     0     0  111.47371    0  667  150.21026  111.47371  25.8%     -   48s
     0     0  111.80027    0  656  150.21026  111.80027  25.6%     -   53s
H    0     0                     148.8129726  111.80027  24.9%     -   54s
     0     0  111.82088    0  652  148.81297  111.82088  24.9%     -   55s
     0     0  111.82634    0  646  148.81297  111.82634  24.9%     -   55s
     0     0  111.82739    0  650  148.81297  111.82739  24.9%     -   55s
     0     0  112.32920    0  641  148.81297  112.32920  24.5%     -   61s
     0     0  112.37532    0  602  148.81297  112.37532  24.5%     -   63s
     0     0  112.38280    0  651  148.81297  112.38280  24.5%     -   63s
     0     0  112.38502    0  657  148.81297  112.38502  24.5%     -   63s
     0     0  112.38533    0  656  148.81297  112.38533  24.5%     -   64s
     0     0  112.62182    0  558  148.81297  112.62182  24.3%     -   71s
     0     0  112.64742    0  637  148.81297  112.64742  24.3%     -   72s
     0     0  112.65008    0  640  148.81297  112.65008  24.3%     -   72s
     0     0  112.65047    0  639  148.81297  112.65047  24.3%     -   72s
     0     0  112.71175    0  646  148.81297  112.71175  24.3%     -   76s
     0     0  112.72932    0  657  148.81297  112.72932  24.2%     -   76s
     0     0  112.73808    0  665  148.81297  112.73808  24.2%     -   77s
     0     0  112.73898    0  657  148.81297  112.73898  24.2%     -   77s
     0     0  112.81965    0  663  148.81297  112.81965  24.2%     -   82s
     0     0  112.83699    0  634  148.81297  112.83699  24.2%     -   84s
     0     0  112.83928    0  617  148.81297  112.83928  24.2%     -   84s
     0     0  112.89359    0  544  148.81297  112.89359  24.1%     -   89s
     0     0  112.91403    0  645  148.81297  112.91403  24.1%     -   90s
     0     0  112.91498    0  658  148.81297  112.91498  24.1%     -   90s
     0     0  112.97338    0  635  148.81297  112.97338  24.1%     -   96s
     0     0  112.98160    0  664  148.81297  112.98160  24.1%     -   97s
     0     0  112.98424    0  653  148.81297  112.98424  24.1%     -   98s
     0     0  112.99458    0  610  148.81297  112.99458  24.1%     -  102s
     0     0  112.99877    0  653  148.81297  112.99877  24.1%     -  103s
     0     0  113.00065    0  657  148.81297  113.00065  24.1%     -  103s
     0     0  113.00819    0  635  148.81297  113.00819  24.1%     -  106s
     0     0  113.00819    0  564  148.81297  113.00819  24.1%     -  109s
H    0     0                     147.2347170  113.00819  23.2%     -  110s
     0     2  113.00819    0  549  147.23472  113.00819  23.2%     -  113s
     1     4  113.00819    1  547  147.23472  113.00819  23.2%   439  115s
     7    16  113.04461    3  665  147.23472  113.04461  23.2%   615  122s
    15    32  113.05917    4  684  147.23472  113.04759  23.2%   611  125s
    47    64  113.07837    6  689  147.23472  113.07837  23.2%   648  131s
    63    80  113.08112    7  661  147.23472  113.08112  23.2%   644  139s
H   79    96                     145.3791122  113.08112  22.2%   604  145s
H   81    96                     145.0091595  113.13272  22.0%   607  145s
H   84    96                     136.6950071  113.13272  17.2%   628  145s
H   87    96                     134.6055555  113.13272  16.0%   648  145s
H   88    96                     134.5973468  113.13272  15.9%   657  145s
   111   129  113.15936   10  613  134.59735  113.15318  15.9%   676  152s
H  128   145                     133.1650155  113.15960  15.0%   649  170s
H  128   145                     130.5763980  113.15960  13.3%   649  170s
H  143   145                     130.0925419  113.16725  13.0%   651  170s
   162   179  113.18582   13  641  130.09254  113.18422  13.0%   646  176s
H  178   203                     129.2200587  113.18582  12.4%   650  181s
   221   253  116.55501   18  571  129.22006  113.18583  12.4%   650  188s
   252   281  113.33889   21  585  129.22006  113.18920  12.4%   633  192s
H  258   281                     129.1249331  113.18920  12.3%   622  192s
   280   297  117.83930   22  569  129.12493  113.18937  12.3%   625  195s
   337   354  113.20534   27  609  129.12493  113.20534  12.3%   610  236s
H  338   354                     128.9776088  113.20534  12.2%   608  236s
H  343   354                     128.9582664  113.20534  12.2%   609  236s
H  350   354                     128.0415998  113.20534  11.6%   614  236s
   353   380  113.20687   28  615  128.04160  113.20687  11.6%   615  240s
   400   425  113.21506   30  599  128.04160  113.21506  11.6%   628  247s
   424   451  113.29350   31  609  128.04160  113.27264  11.5%   627  250s
   484   560  118.79889   33  525  128.04160  113.35648  11.5%   606  257s
   559   634  113.47343   35  578  128.04160  113.39043  11.4%   562  260s
   723   841  113.41689   40  619  128.04160  113.41689  11.4%   495  266s
   926  1038  113.93368   42  567  128.04160  113.45230  11.4%   431  271s
  1137  1257  113.67509   37  516  128.04160  113.48394  11.4%   391  277s
  1256  1390  115.00136   53  527  128.04160  113.48810  11.4%   373  280s
  1389  1601  113.73183   38  547  128.04160  113.49236  11.4%   353  285s
H 1460  1601                     127.0415998  113.49612  10.7%   343  285s
H 1588  1601                     125.8428596  113.49688  9.81%   327  285s
  1600  1913  114.84235   40  537  125.84286  113.49722  9.81%   328  290s
  2257  2252  117.31621   49  564  125.84286  113.50047  9.81%   270  365s
  2259  2253  113.63811    8  544  125.84286  113.50047  9.81%   270  375s
  2260  2254  114.71746   38  490  125.84286  113.50047  9.81%   270  384s
  2261  2255  114.93678   40  566  125.84286  113.50047  9.81%   270  385s
  2265  2257  114.08267   50  574  125.84286  113.50047  9.81%   269  390s
  2267  2259  114.98658   36  448  125.84286  113.50047  9.81%   269  408s
  2271  2261  113.51197   29  578  125.84286  113.50047  9.81%   269  418s
  2272  2262  113.95595   40  409  125.84286  113.95595  9.45%   269  434s
  2274  2263  113.99932   21  538  125.84286  113.99932  9.41%   268  435s
  2275  2264  114.30068   21  543  125.84286  114.00079  9.41%   268  443s
  2276  2265  114.12504   41  454  125.84286  114.12504  9.31%   268  456s
  2280  2267  114.22829   27  490  125.84286  114.16401  9.28%   268  463s
H 2280  2153                     125.8071628  114.16401  9.25%   268  474s
  2281  2154  114.30340   20  454  125.80716  114.30340  9.14%   268  484s
  2282  2155  114.74941   39  502  125.80716  114.35378  9.10%   267  486s
  2284  2156  114.36117   58  577  125.80716  114.36117  9.10%   267  497s
  2285  2157  115.81873   50  503  125.80716  114.41544  9.05%   267  521s
  2288  2159  114.64463   41  580  125.80716  114.42870  9.04%   267  529s
  2289  2159  117.29451   15  483  125.80716  114.46215  9.02%   267  539s
  2291  2161  114.83880   38  596  125.80716  114.47474  9.01%   266  549s
  2292  2161  114.49413   43  440  125.80716  114.49413  8.99%   266  568s
  2295  2163  114.50370   14  529  125.80716  114.50370  8.98%   266  578s
H 2295  2054                     125.4948703  114.50370  8.76%   266  586s
  2296  2055  114.61801   37  404  125.49487  114.51857  8.75%   266  592s
  2298  2056  114.52442   37  590  125.49487  114.52442  8.74%   266  597s
  2299  2057  114.53641   41  521  125.49487  114.53641  8.73%   265  610s
  2301  2058  115.35221   53  545  125.49487  114.54178  8.73%   265  620s
  2302  2059  118.15766   10  442  125.49487  114.55160  8.72%   265  646s
  2303  2060  114.55160   42  440  125.49487  114.55160  8.72%   265  660s
  2305  2064  114.79613   11  441  125.49487  114.79613  8.53%   288  713s
  2307  2066  115.24699   12  491  125.49487  115.24699  8.17%   289  783s
  2311  2070  115.80757   13  547  125.49487  115.80260  7.72%   291  793s
  2318  2079  115.90322   14  590  125.49487  115.85565  7.68%   295  799s
  2330  2086  116.21907   15  585  125.49487  115.90426  7.64%   299  804s
  2346  2096  115.92947   16  573  125.49487  115.92147  7.63%   308  810s
  2378  2117  115.94379   18  600  125.49487  115.94379  7.61%   323  822s
  2394  2134  118.17168   19  468  125.49487  115.94379  7.61%   335  829s
H 2412  2024                     125.4729177  115.94867  7.59%   340  829s
  2417  2039  116.10972   21  566  125.47292  115.95808  7.58%   344  836s
  2438  2051  116.11316   22  556  125.47292  116.11316  7.46%   351  841s
H 2460  1959                     125.4608837  116.15283  7.42%   357  874s
H 2461  1866                     125.4007696  116.15388  7.37%   357  874s
H 2465  1776                     125.3281091  116.18721  7.29%   359  874s
  2476  1801  116.19339   26  552  125.32811  116.19339  7.29%   373  877s
  2509  1804  117.53361   27  430  125.32811  116.19758  7.29%   375  892s
H 2510  1719                     125.3266758  116.19758  7.28%   375  892s
H 2511  1638                     125.3046066  116.21929  7.25%   376  892s
H 2517  1560                     125.2212733  116.22570  7.18%   377  892s
  2525  1590  116.22743   30  538  125.22127  116.22580  7.18%   381  895s
  2559  1606  118.39820   31  474  125.22127  116.23587  7.18%   387  900s
  2626  1631  118.28679   34  561  125.22127  116.35710  7.08%   408  913s
  2642  1659  116.36150   42  524  125.22127  116.36150  7.08%   416  918s
  2675  1692  118.62550   43  414  125.22127  116.38602  7.06%   428  927s
  2720  1697  119.35811   44  450  125.22127  116.40168  7.04%   440  931s
  2743  1726  121.12059   34  419  125.22127  116.63716  6.86%   450  935s
  2830  1796  122.06179   41  415  125.22127  116.68903  6.81%   467  946s
  2884  1823  119.59368   47  380  125.22127  116.70344  6.80%   478  951s
  2930  1881  121.99229   40  348  125.22127  116.82600  6.70%   489  956s
  3004  1905  120.61614   41  329  125.22127  116.85951  6.68%   497  961s
  3054  1931  123.85914   33  410  125.22127  116.90364  6.64%   508  969s
  3098  1985  116.94652   48  527  125.22127  116.94030  6.61%   528  975s
  3166  2028  119.08505   43  417  125.22127  116.94030  6.61%   539  982s
  3232  2074  121.39591   50  365  125.22127  116.96862  6.59%   552  988s
  3300  2123  123.07038   29  379  125.22127  116.99470  6.57%   566  994s
  3375  2205  117.01244   26  452  125.22127  117.01244  6.56%   578  999s
  3485  2170  122.38178   27  347  125.22127  117.02090  6.55%   581 1009s
  3501  2229  122.63843   37  333  125.22127  117.09055  6.49%   591 1017s
  3569  2224  124.15549   30  399  125.22127  117.11428  6.47%   608 1072s
H 3573  2149                     125.2212732  117.11617  6.47%   609 1072s
  3586  2273  117.20277   53  429  125.22127  117.11957  6.47%   615 1078s
  3717  2274  121.84543   36  381  125.22127  117.12824  6.46%   616 1086s
  3770  2316  122.11273   40  393  125.22127  117.16954  6.43%   626 1093s
  3840  2383     cutoff   58       125.22127  117.22008  6.39%   640 1100s
  3943  2422     cutoff   54       125.22127  117.25070  6.37%   649 1124s
  4023  2501  117.28968   56  495  125.22127  117.27348  6.35%   649 1132s
  4133  2598  122.45898   55  309  125.22127  117.29010  6.33%   658 1143s
  4279  2721  122.60131   49  308  125.22127  117.33042  6.30%   661 1154s
  4461  2805  119.74811   43  355  125.22127  117.35598  6.28%   661 1163s
  4609  2916  119.77846   44  372  125.22127  117.40718  6.24%   666 1170s
  4776  3103  124.57391   45  303  125.22127  117.42594  6.23%   661 1178s
  5031  3273  117.57871   89  452  125.22127  117.44927  6.21%   650 1187s
  5297  3199  119.78776   29  422  125.22127  117.47175  6.19%   637 1204s
  5316  3434  124.04088   58  382  125.22127  117.48507  6.18%   643 1212s
  5568  3542  120.61637   72  369  125.22127  117.49715  6.17%   635 1222s
  5773  3824  122.60200   39  332  125.22127  117.52053  6.15%   638 1232s
  6145  4123  120.60288   92  362  125.22127  117.54324  6.13%   621 1240s
  6575  4500  117.94467   89  438  125.22127  117.56238  6.12%   597 1249s
  7047  4542  124.58286   51  339  125.22127  117.57501  6.11%   572 1261s
H 7055  4542                     125.2212732  117.58102  6.10%   574 1261s
  7096  4752  117.59622   54  514  125.22127  117.59427  6.09%   578 1270s
  7317  5197  123.19682   31  296  125.22127  117.60165  6.08%   578 1279s
  7783  5784  117.65755   90  529  125.22127  117.62022  6.07%   559 1289s
  8395  6199  124.65513   60  283  125.22127  117.63326  6.06%   532 1299s
  8856  6569  117.68688   68  413  125.22127  117.64566  6.05%   518 1311s
  9239  7269  118.32463   70  398  125.22127  117.65591  6.04%   513 1322s
  9952  8257  117.86908   63  392  125.22127  117.67179  6.03%   489 1334s
 10964  8756  124.89144   60  241  125.22127  117.68419  6.02%   454 1347s
 11503  9454  124.58024   78  238  125.22127  117.69656  6.01%   444 1358s
 12252  9556  120.46636   35  371  125.22127  117.70384  6.00%   429 1373s
 12361 10293  121.17023   97  328  125.22127  117.71300  6.00%   429 1385s
 13161 10515  117.74258   19  452  125.22127  117.72022  5.99%   414 1414s
 13397 10567  124.77227   61  377  125.22127  117.72365  5.99%   413 1590s
 13453 10642  124.85312  101  295  125.22127  117.72594  5.99%   417 1619s
 13531 10744  124.84383  104  214  125.22127  117.72594  5.99%   420 1638s
 13638 10845  117.96103   97  374  125.22127  117.73436  5.98%   422 1668s
 13746 10957  124.70975   87  257  125.22127  117.73747  5.98%   425 1688s
 13860 11013  124.56462   82  338  125.22127  117.74232  5.97%   429 1722s
H13881 11013                     125.2212730  117.74253  5.97%   430 1722s
 13930 11165  117.74332  103  311  125.22127  117.74332  5.97%   432 1750s
 14095 11266  124.86603  108  252  125.22127  117.74453  5.97%   436 1774s
 14221 11393  117.77998   85  395  125.22127  117.75219  5.96%   443 1801s
 14350 11559  124.72907   86  308  125.22127  117.75652  5.96%   447 1819s
 14532 11703  123.99828  106  264  125.22127  117.76247  5.96%   452 1841s
 14693 11839  124.51538   75  311  125.22127  117.76558  5.95%   456 1861s
 14842 12026  124.22115  108  233  125.22127  117.77142  5.95%   461 1883s
 15038 12508  124.87097   83  322  125.22127  117.77339  5.95%   467 1903s
 15574 12899  117.78606   89  433  125.22127  117.78161  5.94%   476 1922s
 15998 12985  124.61794   84  321  125.22127  117.78855  5.94%   490 1948s
 16098 13389  117.79145  108  309  125.22127  117.79145  5.93%   491 1968s
 16570 13637  118.06299  105  441  125.22127  117.79765  5.93%   506 1990s
 16836 14015  117.83460   94  357  125.22127  117.80537  5.92%   516 2016s
 17264 14224  117.81004   87  379  125.22127  117.81004  5.92%   526 2052s
 17497 14669  124.93437  106  308  125.22127  117.81387  5.92%   534 2076s
 17992 15266  124.68371  107  277  125.22127  117.82288  5.91%   549 2103s
 18643 15545  124.95434   91  209  125.22127  117.83204  5.90%   560 2138s
 18950 15629  117.89071  104  295  125.22127  117.83882  5.90%   570 2191s
 19054 15938 infeasible   84       125.22127  117.84499  5.89%   573 2226s
 19396 16545  122.06307   64  302  125.22127  117.84930  5.89%   580 2251s
 20095 17012  117.91270   94  448  125.22127  117.85875  5.88%   592 2282s
 20683 17537  124.83287   91  217  125.22127  117.86756  5.87%   597 2318s
 21317 18433  124.53705   90  282  125.22127  117.87713  5.86%   614 2374s
 22408 19578  119.52424   95  327  125.22127  117.89017  5.85%   637 2438s
 23775 19737  124.67006   88  214  125.22127  117.91368  5.84%   645 2474s
 24003 20249  120.29142   52  383  125.22127  117.91875  5.83%   648 2530s
 24628 21371  121.79600   51  390  125.22127  117.92362  5.83%   657 2583s
 26066 22411  118.19694  101  436  125.22127  117.94397  5.81%   667 2631s
 27337 22883  125.13843   81  269  125.22127  117.95622  5.80%   682 2682s
 27940 22966  120.18393   50  395  125.22127  117.97256  5.79%   689 2766s
 28041 24059  121.38609   56  422  125.22127  117.97720  5.79%   692 2832s
 29487 24485  124.66462   76  335  125.22127  117.99068  5.77%   704 2890s
 30143 25642  118.36659  110  416  125.22127  118.00290  5.76%   717 2957s
 31745 26186  122.84045   24  338  125.22127  118.02029  5.75%   722 3017s
 32525 27539  124.95089   92  257  125.22127  118.03221  5.74%   729 3088s
 34409 28383  125.09540   77  359  125.22127  118.05913  5.72%   734 3157s
 35741 29021  124.79876   86  266  125.22127  118.07391  5.71%   736 3214s
 36661 30865  120.20290   67  305  125.22127  118.08296  5.70%   739 3292s
 39210 32126  125.13470  101  342  125.22127  118.10722  5.68%   731 3364s
 40724 32126  125.19802  106  288  125.22127  118.11056  5.68%   733 3365s
 41153 33157  123.88748  100  237  125.22127  118.12511  5.67%   735 3445s
 42642 35081  125.08234   95  278  125.22127  118.13629  5.66%   735 3535s
H45555 36371                     125.2212726  118.14666  5.65%   733 3609s
 47495 36941  123.60901   62  475  125.22127  118.15611  5.64%   730 3676s
 48227 37444     cutoff   88       125.22127  118.17817  5.62%   729 3796s
 48926 38785  118.22101   24  402  125.22127  118.18340  5.62%   727 3883s
 50740 40843 infeasible  108       125.22127  118.19132  5.61%   723 3952s
 53563 41498  125.12669   92  205  125.22127  118.21024  5.60%   716 4005s
 54480 42812  120.68221   74  383  125.22127  118.21380  5.60%   716 4077s
 56431 44398 infeasible   98       125.22127  118.22939  5.58%   719 4143s
 58759 45399  124.88287   95  234  125.22127  118.24521  5.57%   716 4204s
 60233 46010  118.32946  110  413  125.22127  118.26029  5.56%   717 4252s
 61215 47406  118.31266   68  558  125.22127  118.26725  5.55%   718 4317s
 63263 48928  118.60958   53  460  125.22127  118.28416  5.54%   719 4397s
 65614 49438 infeasible   88       125.22127  118.30165  5.53%   721 4447s
 66436 51030  120.48772   75  438  125.22127  118.30743  5.52%   724 4519s
 68802 52158  123.34050   42  261  125.22127  118.32295  5.51%   721 4595s
 70661 52699  118.38905   83  336  125.22127  118.33543  5.50%   723 4641s
 71490 53749  123.27863  101  306  125.22127  118.34487  5.49%   724 4706s
 73349 55090  118.81381   93  279  125.22127  118.35613  5.48%   726 4784s
 75459 55594  124.03561   93  263  125.22127  118.36499  5.48%   726 4848s
 76285 56978 infeasible  102       125.22127  118.37259  5.47%   728 4922s
 78351 57527 infeasible  102       125.22127  118.38470  5.46%   728 4975s
 79156 58755 infeasible  100       125.22127  118.39185  5.45%   731 5045s
 81119 59827 infeasible  110       125.22127  118.39872  5.45%   733 5124s
 82827 60304  119.13406   89  408  125.22127  118.41404  5.44%   735 5195s
 83611 61651  125.13463   85  236  125.22127  118.42349  5.43%   737 5280s
 85765 62102  124.99959   89  259  125.22127  118.43686  5.42%   737 5366s
 86563 64050 infeasible  112       125.22127  118.44494  5.41%   740 5545s
 90045 64681  118.74163   70  493  125.22127  118.46610  5.39%   745 5650s
 91049 66045  120.46470   78  434  125.22127  118.47547  5.39%   749 5788s
 93316 66679  124.90625   47  404  125.22127  118.48913  5.38%   752 5895s
 94308 67687 infeasible   75       125.22127  118.50040  5.37%   756 6032s
 96234 68234  120.47122   61  321  125.22127  118.50937  5.36%   761 6147s
 97345 68824  122.16732  114  111  125.22127  118.52428  5.35%   767 6255s
 98432 70010  119.03632   66  424  125.22127  118.53725  5.34%   771 6387s
 100727 70578 infeasible  109       125.22127  118.54560  5.33%   774 6501s
 101825 71590  118.88695   77  347  125.22127  118.56791  5.31%   777 6635s
 103461 72169  125.14848   69  504  125.22127  118.57506  5.31%   780 6746s
 104572 73563  120.47111  106  344  125.22127  118.59246  5.29%   783 6860s
 106827 74039 infeasible  106       125.22127  118.59968  5.29%   786 6952s
 107643 75617     cutoff  130       125.22127  118.60929  5.28%   788 7102s
 110066 76272  122.85045   86  259  125.22127  118.62928  5.26%   790 7200s

Cutting planes:
  Learned: 4
  Gomory: 226
  Lift-and-project: 5
  Cover: 288
  Implied bound: 588
  Projected implied bound: 21
  MIR: 1336
  StrongCG: 5
  Flow cover: 2555
  GUB cover: 2
  Inf proof: 6
  Zero half: 26
  RLT: 156
  Relax-and-lift: 154

Explored 111167 nodes (88244045 simplex iterations) in 7200.48 seconds (3092.33 work units)
Thread count was 32 (of 32 available processors)

Solution count 10: 125.221 125.221 125.221 ... 125.461

Time limit reached
Best objective 1.252212725655e+02, best bound 1.186369188776e+02, gap 5.2582%
