
Gurobi 9.5.2 (linux64) logging started Mon Aug  3 11:49:50 2026

Set parameter LogFile to value "logs/oracle_RshortCfewTlarge_3__kw1000_gurobi.log"
Gurobi Optimizer version 9.5.2 build v9.5.2rc0 (linux64)
Thread count: 16 physical cores, 32 logical processors, using up to 32 threads
Optimize a model with 2852 rows, 1549 columns and 20331 nonzeros
Model fingerprint: 0xce3f3912
Variable types: 972 continuous, 577 integer (577 binary)
Coefficient statistics:
  Matrix range     [3e-02, 6e+02]
  Objective range  [1e+00, 1e+00]
  Bounds range     [1e+00, 2e+01]
  RHS range        [8e-02, 5e+02]

User MIP start did not produce a new incumbent solution

Presolve removed 1075 rows and 400 columns
Presolve time: 0.33s
Presolved: 1777 rows, 1149 columns, 12046 nonzeros
Variable types: 699 continuous, 450 integer (448 binary)
Root relaxation presolve removed 30 rows and 29 columns
Root relaxation presolved: 1747 rows, 1120 columns, 11801 nonzeros


Root relaxation: objective 3.321982e+01, 1794 iterations, 0.20 seconds (0.09 work units)
Another try with MIP start

    Nodes    |    Current Node    |     Objective Bounds      |     Work
 Expl Unexpl |  Obj  Depth IntInf | Incumbent    BestBd   Gap | It/Node Time

H    0     0                      35.1371733   33.21982  5.46%     -    0s
     0     0   33.21982    0  101   35.13717   33.21982  5.46%     -    1s
     0     0   33.44467    0  117   35.13717   33.44467  4.82%     -    1s
     0     0   33.50990    0  116   35.13717   33.50990  4.63%     -    1s
     0     0   33.55793    0  115   35.13717   33.55793  4.49%     -    1s
     0     0   33.56922    0  104   35.13717   33.56922  4.46%     -    1s
     0     0   33.64498    0  103   35.13717   33.64498  4.25%     -    2s
     0     0   33.66765    0   94   35.13717   33.66765  4.18%     -    2s
     0     0   33.66772    0   93   35.13717   33.66772  4.18%     -    2s
     0     0   33.74228    0  126   35.13717   33.74228  3.97%     -    3s
     0     0   33.76806    0  123   35.13717   33.76806  3.90%     -    3s
     0     0   33.76851    0  121   35.13717   33.76851  3.90%     -    3s
     0     0   33.76859    0  121   35.13717   33.76859  3.89%     -    3s
     0     0   33.82868    0  114   35.13717   33.82868  3.72%     -    3s
     0     0   33.83845    0  134   35.13717   33.83845  3.70%     -    3s
     0     0   33.83906    0  135   35.13717   33.83906  3.69%     -    3s
     0     0   33.83906    0  137   35.13717   33.83906  3.69%     -    3s
     0     0   33.90290    0  116   35.13717   33.90290  3.51%     -    4s
     0     0   33.92394    0  127   35.13717   33.92394  3.45%     -    4s
     0     0   33.92615    0  127   35.13717   33.92615  3.45%     -    5s
     0     0   33.92629    0  133   35.13717   33.92629  3.45%     -    5s
     0     0   34.03040    0  129   35.13717   34.03040  3.15%     -    5s
     0     0   34.04598    0  119   35.13717   34.04598  3.11%     -    6s
     0     0   34.04612    0  126   35.13717   34.04612  3.11%     -    6s
     0     0   34.11069    0  122   35.13717   34.11069  2.92%     -    6s
     0     0   34.11779    0  130   35.13717   34.11779  2.90%     -    7s
     0     0   34.11907    0  124   35.13717   34.11907  2.90%     -    7s
     0     0   34.11910    0  125   35.13717   34.11910  2.90%     -    7s
     0     0   34.17397    0  115   35.13717   34.17397  2.74%     -    8s
H    0     0                      34.7460925   34.17397  1.65%     -    8s
     0     0   34.18297    0  133   34.74609   34.18297  1.62%     -    8s
     0     0   34.18420    0  134   34.74609   34.18420  1.62%     -    8s
     0     0   34.18449    0  139   34.74609   34.18449  1.62%     -    8s
     0     0   34.19238    0  107   34.74609   34.19238  1.59%     -    8s
     0     0   34.19260    0  120   34.74609   34.19260  1.59%     -    9s
     0     0   34.19801    0  114   34.74609   34.19801  1.58%     -    9s
     0     0   34.19824    0  116   34.74609   34.19824  1.58%     -    9s
     0     0   34.19840    0  136   34.74609   34.19840  1.58%     -   10s
     0     0   34.19841    0  137   34.74609   34.19841  1.58%     -   10s
     0     0   34.19861    0  142   34.74609   34.19861  1.58%     -   11s
     0     0   34.19861    0  140   34.74609   34.19861  1.58%     -   11s
H    0     0                      34.4236424   34.19861  0.65%     -   11s
     0     0   34.19861    0   50   34.42364   34.19861  0.65%     -   11s
     0     0   34.19861    0  100   34.42364   34.19861  0.65%     -   12s
     0     0   34.19861    0   87   34.42364   34.19861  0.65%     -   12s
     0     0   34.19861    0   35   34.42364   34.19861  0.65%     -   12s
     0     0   34.19861    0   69   34.42364   34.19861  0.65%     -   12s
     0     0   34.19861    0   70   34.42364   34.19861  0.65%     -   13s
     0     0   34.19861    0   91   34.42364   34.19861  0.65%     -   13s
     0     0   34.20663    0   81   34.42364   34.20663  0.63%     -   14s
     0     0   34.22837    0  100   34.42364   34.22837  0.57%     -   14s
     0     0   34.24694    0  101   34.42364   34.24694  0.51%     -   14s
     0     0   34.24819    0  111   34.42364   34.24819  0.51%     -   14s
     0     0   34.26402    0  103   34.42364   34.26402  0.46%     -   15s

Cutting planes:
  Learned: 1
  Gomory: 9
  Lift-and-project: 4
  Cover: 21
  Implied bound: 27
  Projected implied bound: 1
  MIR: 70
  StrongCG: 1
  Flow cover: 123
  GUB cover: 1
  Zero half: 3
  RLT: 9
  Relax-and-lift: 2

Explored 1 nodes (15034 simplex iterations) in 15.29 seconds (4.12 work units)
Thread count was 32 (of 32 available processors)

Solution count 4: 34.4236 34.4236 34.7461 35.1372 

Optimal solution found (tolerance 5.00e-03)
Best objective 3.442364240396e+01, best bound 3.426402468934e+01, gap 0.4637%
