
Gurobi 9.5.2 (linux64) logging started Mon Aug 10 15:13:49 2026

Set parameter LogFile to value "/mnt/beegfs/users/celinep/ChargeAndBreak/logs/oracle_RshortCfewTnone_20_gurobi.log"
Gurobi Optimizer version 9.5.2 build v9.5.2rc0 (linux64)
Thread count: 16 physical cores, 32 logical processors, using up to 32 threads
Optimize a model with 2225 rows, 1165 columns and 13494 nonzeros
Model fingerprint: 0xf1de64bf
Variable types: 739 continuous, 426 integer (426 binary)
Coefficient statistics:
  Matrix range     [6e-02, 5e+02]
  Objective range  [5e-01, 1e+00]
  Bounds range     [1e+00, 2e+01]
  RHS range        [2e-02, 2e+07]

User MIP start produced solution with objective 32.8845 (0.01s)
Loaded user MIP start with objective 32.8845

Presolve removed 882 rows and 329 columns
Presolve time: 0.10s
Presolved: 1343 rows, 836 columns, 8289 nonzeros
Variable types: 516 continuous, 320 integer (318 binary)
Root relaxation presolve removed 32 rows and 22 columns
Root relaxation presolved: 1311 rows, 814 columns, 8030 nonzeros


Root relaxation: objective 3.145789e+01, 865 iterations, 0.07 seconds (0.03 work units)

    Nodes    |    Current Node    |     Objective Bounds      |     Work
 Expl Unexpl |  Obj  Depth IntInf | Incumbent    BestBd   Gap | It/Node Time

     0     0   31.45789    0   59   32.88454   31.45789  4.34%     -    0s
H    0     0                      31.9762435   31.45789  1.62%     -    0s
     0     0   31.75957    0   12   31.97624   31.75957  0.68%     -    0s
     0     0   31.82274    0   17   31.97624   31.82274  0.48%     -    0s

Cutting planes:
  Learned: 3
  Gomory: 17
  Lift-and-project: 21
  Cover: 5
  Implied bound: 56
  Clique: 1
  MIR: 64
  Flow cover: 105
  GUB cover: 1
  RLT: 12
  Relax-and-lift: 4
  BQP: 1

Explored 1 nodes (1209 simplex iterations) in 0.51 seconds (0.18 work units)
Thread count was 32 (of 32 available processors)

Solution count 2: 31.9762 32.8845 

Optimal solution found (tolerance 5.00e-03)
Best objective 3.197624348857e+01, best bound 3.182273924786e+01, gap 0.4801%
