
Gurobi 9.5.2 (linux64) logging started Mon Aug  3 11:43:47 2026

Set parameter LogFile to value "logs/oracle_RmediumCmanyTtight_10__kw1000_gurobi.log"
Gurobi Optimizer version 9.5.2 build v9.5.2rc0 (linux64)
Thread count: 16 physical cores, 32 logical processors, using up to 32 threads
Optimize a model with 5203 rows, 2826 columns and 58311 nonzeros
Model fingerprint: 0x3976e905
Variable types: 1767 continuous, 1059 integer (1059 binary)
Coefficient statistics:
  Matrix range     [4e-02, 1e+03]
  Objective range  [1e+00, 1e+00]
  Bounds range     [1e+00, 4e+01]
  RHS range        [6e-03, 5e+02]

User MIP start did not produce a new incumbent solution

Presolve removed 1728 rows and 603 columns
Presolve time: 0.61s
Presolved: 3475 rows, 2223 columns, 47189 nonzeros
Variable types: 1324 continuous, 899 integer (899 binary)
Root relaxation presolve removed 119 rows and 50 columns
Root relaxation presolved: 3356 rows, 2173 columns, 29842 nonzeros

Extra simplex iterations after uncrush: 1

Root relaxation: objective 6.014388e+01, 3896 iterations, 0.83 seconds (0.39 work units)
Another try with MIP start

    Nodes    |    Current Node    |     Objective Bounds      |     Work
 Expl Unexpl |  Obj  Depth IntInf | Incumbent    BestBd   Gap | It/Node Time

     0     0   60.14388    0  189          -   60.14388      -     -    1s
     0     0   60.53291    0  271          -   60.53291      -     -    2s
     0     0   60.53882    0  270          -   60.53882      -     -    3s
     0     0   60.65785    0  301          -   60.65785      -     -    4s
     0     0   60.68122    0  299          -   60.68122      -     -    5s
     0     0   60.68122    0  285          -   60.68122      -     -    5s
     0     0   60.68122    0  283          -   60.68122      -     -    5s
     0     0   60.68122    0  279          -   60.68122      -     -    5s
     0     0   60.83958    0  260          -   60.83958      -     -    8s
     0     0   60.85737    0  248          -   60.85737      -     -    8s
     0     0   60.86569    0  266          -   60.86569      -     -    8s
     0     0   60.86571    0  252          -   60.86571      -     -    8s
     0     0   61.01439    0  276          -   61.01439      -     -   10s
     0     0   61.03689    0  307          -   61.03689      -     -   10s
     0     0   61.04061    0  316          -   61.04061      -     -   10s
     0     0   61.04070    0  318          -   61.04070      -     -   10s
     0     0   61.11626    0  300          -   61.11626      -     -   12s
     0     0   61.13015    0  256          -   61.13015      -     -   12s
     0     0   61.13073    0  240          -   61.13073      -     -   12s
     0     0   61.13073    0  242          -   61.13073      -     -   12s
     0     0   61.25231    0  226          -   61.25231      -     -   13s
     0     0   61.27986    0  261          -   61.27986      -     -   13s
     0     0   61.28255    0  255          -   61.28255      -     -   13s
     0     0   61.28362    0  256          -   61.28362      -     -   13s
     0     0   61.28380    0  268          -   61.28380      -     -   13s
     0     0   61.54120    0  231          -   61.54120      -     -   14s
     0     0   61.55792    0  253          -   61.55792      -     -   14s
     0     0   61.56166    0  235          -   61.56166      -     -   14s
     0     0   61.56286    0  223          -   61.56286      -     -   14s
     0     0   61.56386    0  228          -   61.56386      -     -   14s
     0     0   61.56424    0  230          -   61.56424      -     -   14s
     0     0   61.59024    0  235          -   61.59024      -     -   15s
     0     0   61.59487    0  247          -   61.59487      -     -   15s
     0     0   61.59583    0  243          -   61.59583      -     -   15s
     0     0   61.59602    0  256          -   61.59602      -     -   15s
     0     0   61.61799    0  251          -   61.61799      -     -   16s
     0     0   61.62402    0  252          -   61.62402      -     -   16s
     0     0   61.62551    0  268          -   61.62551      -     -   16s
     0     0   61.62565    0  270          -   61.62565      -     -   17s
     0     0   61.64660    0  270          -   61.64660      -     -   18s
     0     0   61.64931    0  234          -   61.64931      -     -   18s
     0     0   61.64974    0  238          -   61.64974      -     -   18s
     0     0   61.69176    0  264          -   61.69176      -     -   19s
     0     0   61.70921    0  267          -   61.70921      -     -   19s
     0     0   61.71269    0  281          -   61.71269      -     -   19s
     0     0   61.71331    0  282          -   61.71331      -     -   19s
     0     0   61.71332    0  283          -   61.71332      -     -   19s
     0     0   61.74688    0  265          -   61.74688      -     -   21s
     0     0   61.75784    0  274          -   61.75784      -     -   21s
     0     0   61.75861    0  247          -   61.75861      -     -   21s
     0     0   61.75865    0  277          -   61.75865      -     -   21s
     0     0   61.77311    0  250          -   61.77311      -     -   22s
     0     0   61.77623    0  260          -   61.77623      -     -   22s
     0     0   61.77729    0  266          -   61.77729      -     -   22s
     0     0   61.77762    0  263          -   61.77762      -     -   22s
     0     0   61.79308    0  251          -   61.79308      -     -   23s
     0     0   61.79664    0  257          -   61.79664      -     -   23s
     0     0   61.79707    0  261          -   61.79707      -     -   23s
     0     0   61.81780    0  223          -   61.81780      -     -   24s
     0     0   61.82140    0  275          -   61.82140      -     -   24s
     0     0   61.82157    0  227          -   61.82157      -     -   24s
     0     0   61.85018    0  296          -   61.85018      -     -   25s
     0     0   61.85211    0  306          -   61.85211      -     -   25s
     0     0   61.85233    0  299          -   61.85233      -     -   25s
     0     0   61.86042    0  292          -   61.86042      -     -   26s
     0     0   61.86157    0  292          -   61.86157      -     -   26s
     0     0   61.86405    0  264          -   61.86405      -     -   26s
     0     0   61.86414    0  261          -   61.86414      -     -   27s
     0     0   61.88106    0  286          -   61.88106      -     -   28s
     0     0   61.88632    0  257          -   61.88632      -     -   28s
     0     0   61.88634    0  260          -   61.88634      -     -   28s
     0     0   61.89310    0  282          -   61.89310      -     -   30s
     0     0   61.89673    0  282          -   61.89673      -     -   30s
     0     0   61.89768    0  290          -   61.89768      -     -   30s
     0     0   61.89794    0  300          -   61.89794      -     -   30s
     0     0   61.90817    0  271          -   61.90817      -     -   32s
     0     0   61.90929    0  280          -   61.90929      -     -   32s
     0     0   61.90975    0  276          -   61.90975      -     -   33s
     0     0   61.91834    0  270          -   61.91834      -     -   34s
     0     0   61.91898    0  295          -   61.91898      -     -   34s
     0     0   61.92378    0  284          -   61.92378      -     -   35s
     0     0   61.92378    0  259          -   61.92378      -     -   36s
     0     2   61.92378    0  258          -   61.92378      -     -   38s
    31    48   62.12649    5  191          -   61.94862      -   242   40s
   198   219   62.00236   15  287          -   61.98607      -   217   45s
   528   572   62.07344   18  198          -   62.04165      -   209   50s
  1449  1535   62.18563   19  176          -   62.07559      -   154   55s
  2090  2090   62.28073   22  184          -   62.08740      -   133   63s
  2091  2091   62.28423   19  253          -   62.08740      -   133   66s
  2098  2096   62.24197   10  273          -   62.08740      -   133   74s
  2100  2097   62.21895   14  295          -   62.08740      -   133   76s
  2101  2098   62.16904   20  261          -   62.08740      -   133   82s
  2104  2100   62.13300   13  247          -   62.08740      -   132   88s
  2107  2102   62.33484   24  283          -   62.08740      -   132   91s
  2108  2102   62.18829   14  242          -   62.08740      -   132   97s
  2112  2105   62.17484   17  272          -   62.10791      -   132  101s
  2113  2106   62.40585   14  260          -   62.13241      -   132  107s
  2117  2108   62.17863   17  319          -   62.15446      -   132  112s
  2118  2109   62.16944   21  311          -   62.16890      -   131  120s
  2121  2111   62.18621   20  308          -   62.18621      -   131  128s
  2125  2114   62.21077   15  296          -   62.19181      -   131  131s
  2126  2114   62.20043   21  301          -   62.20043      -   131  136s
  2132  2118   62.24346   17  249          -   62.22844      -   131  140s
  2138  2122   62.24091   22  257          -   62.23702      -   130  145s
  2140  2127   62.25891   13  233          -   62.25891      -  10.5  157s
  2142  2130   62.25891   14  215          -   62.25891      -  10.7  170s
  2154  2146   62.25891   16  205          -   62.25891      -  12.4  175s
H 2170  2050                      93.5714281   62.25891  33.5%  14.9  176s
H 2186  1958                      83.3461858   62.28268  25.3%  17.8  177s
H 2186  1861                      83.3036485   62.28268  25.2%  17.8  177s
H 2187  1770                      63.7490254   62.28303  2.30%  17.9  177s
H 2196  1679                      62.7133911   62.28536  0.68%  18.6  177s
H 2200  1596                      62.5329393   62.28536  0.40%  19.1  177s

Cutting planes:
  Learned: 3
  Gomory: 40
  Lift-and-project: 9
  Cover: 36
  Implied bound: 92
  Projected implied bound: 7
  MIR: 173
  StrongCG: 16
  Flow cover: 561
  GUB cover: 1
  Zero half: 12
  Mod-K: 1
  Network: 4
  RLT: 31
  Relax-and-lift: 15

Explored 2202 nodes (342306 simplex iterations) in 177.39 seconds (64.37 work units)
Thread count was 32 (of 32 available processors)

Solution count 6: 62.5329 62.7134 63.749 ... 93.5714

Optimal solution found (tolerance 5.00e-03)
Best objective 6.253293928459e+01, best bound 6.228535569497e+01, gap 0.3959%
