
Gurobi 9.5.2 (linux64) logging started Mon Aug  3 11:01:55 2026

Set parameter LogFile to value "logs/oracle_RmediumCfewTmedium_5__diesel_gurobi.log"
Gurobi Optimizer version 9.5.2 build v9.5.2rc0 (linux64)
Thread count: 16 physical cores, 32 logical processors, using up to 32 threads
Optimize a model with 5981 rows, 3288 columns and 73095 nonzeros
Model fingerprint: 0x547ee000
Variable types: 2057 continuous, 1231 integer (1231 binary)
Coefficient statistics:
  Matrix range     [2e-01, 1e+03]
  Objective range  [1e+00, 1e+00]
  Bounds range     [1e+00, 4e+01]
  RHS range        [9e-02, 5e+02]

User MIP start produced solution with objective 72.2007 (0.02s)
Loaded user MIP start with objective 72.2007

Presolve removed 2930 rows and 1292 columns
Presolve time: 0.42s
Presolved: 3051 rows, 1996 columns, 59940 nonzeros
Variable types: 1180 continuous, 816 integer (816 binary)
Root relaxation presolve removed 50 rows and 0 columns
Root relaxation presolved: 3001 rows, 1996 columns, 43214 nonzeros


Root relaxation: objective 5.943989e+01, 2384 iterations, 0.36 seconds (0.28 work units)

    Nodes    |    Current Node    |     Objective Bounds      |     Work
 Expl Unexpl |  Obj  Depth IntInf | Incumbent    BestBd   Gap | It/Node Time

     0     0   59.43989    0   33   72.20069   59.43989  17.7%     -    0s
H    0     0                      71.9813361   59.43989  17.4%     -    1s
H    0     0                      71.9304095   59.43989  17.4%     -    1s
     0     0   60.19968    0   50   71.93041   60.19968  16.3%     -    1s
H    0     0                      71.1804095   60.19968  15.4%     -    1s
     0     0   60.28402    0   81   71.18041   60.28402  15.3%     -    1s
     0     0   60.28402    0   82   71.18041   60.28402  15.3%     -    1s
     0     0   60.28402    0   68   71.18041   60.28402  15.3%     -    2s
     0     0   60.28402    0   27   71.18041   60.28402  15.3%     -    2s
H    0     0                      63.7313361   60.29970  5.38%     -    2s
     0     0   60.30236    0   33   63.73134   60.30236  5.38%     -    2s
H    0     0                      62.6804095   60.30236  3.79%     -    3s
     0     0   60.30236    0   28   62.68041   60.30236  3.79%     -    3s
     0     0   60.30236    0   29   62.68041   60.30236  3.79%     -    3s
     0     0   60.39142    0   56   62.68041   60.39142  3.65%     -    3s
     0     0   60.77797    0    7   62.68041   60.77797  3.04%     -    3s
     0     0   61.42419    0   43   62.68041   61.42419  2.00%     -    4s
H    0     0                      62.2006907   61.42419  1.25%     -    4s
     0     0   61.42419    0   47   62.20069   61.42419  1.25%     -    4s
     0     0   61.42419    0   47   62.20069   61.42419  1.25%     -    4s
     0     0   61.46908    0   39   62.20069   61.46908  1.18%     -    4s
H    0     0                      62.1804095   61.46908  1.14%     -    4s
     0     0   61.47144    0   42   62.18041   61.47144  1.14%     -    4s
     0     0   61.47144    0   62   62.18041   61.47144  1.14%     -    4s
     0     0   61.47144    0   63   62.18041   61.47144  1.14%     -    4s
     0     0   61.48088    0   60   62.18041   61.48088  1.13%     -    4s
     0     0   61.48088    0   43   62.18041   61.48088  1.13%     -    4s
     0     2   61.48088    0   41   62.18041   61.48088  1.13%     -    4s
    23    12   61.56220    9   34   62.18041   61.56220  0.99%  27.0    5s

Cutting planes:
  Gomory: 26
  Lift-and-project: 4
  Cover: 1
  Implied bound: 13
  MIR: 180
  Flow cover: 270
  Zero half: 1
  RLT: 1
  Relax-and-lift: 6

Explored 450 nodes (10869 simplex iterations) in 5.70 seconds (3.18 work units)
Thread count was 32 (of 32 available processors)

Solution count 9: 62.1804 62.2007 62.6804 ... 72.2007

Optimal solution found (tolerance 5.00e-03)
Best objective 6.218040952340e+01, best bound 6.194679620303e+01, gap 0.3757%

Gurobi 11.0.0 (win64) logging started Mon Aug  3 15:52:50 2026

Set parameter LogFile to value "logs\oracle_RmediumCfewTmedium_5__diesel_gurobi.log"
Gurobi Optimizer version 11.0.0 build v11.0.0rc2 (win64 - Windows 11+.0 (26200.2))

CPU model: 11th Gen Intel(R) Core(TM) i5-1145G7 @ 2.60GHz, instruction set [SSE2|AVX|AVX2|AVX512]
Thread count: 4 physical cores, 8 logical processors, using up to 8 threads

Optimize a model with 5981 rows, 3288 columns and 73171 nonzeros
Model fingerprint: 0x0d912e37
Variable types: 2057 continuous, 1231 integer (1231 binary)
Coefficient statistics:
  Matrix range     [2e-01, 1e+03]
  Objective range  [1e+00, 1e+00]
  Bounds range     [1e+00, 4e+01]
  RHS range        [9e-02, 5e+02]

User MIP start produced solution with objective 72.3674 (0.05s)
Loaded user MIP start with objective 72.3674

Presolve removed 2893 rows and 1251 columns
Presolve time: 0.72s
Presolved: 3088 rows, 2037 columns, 60300 nonzeros
Variable types: 1183 continuous, 854 integer (854 binary)
Root relaxation presolve removed 50 rows and 0 columns
Root relaxation presolved: 3038 rows, 2037 columns, 43574 nonzeros


Root relaxation: objective 5.999304e+01, 1947 iterations, 0.41 seconds (0.22 work units)

    Nodes    |    Current Node    |     Objective Bounds      |     Work
 Expl Unexpl |  Obj  Depth IntInf | Incumbent    BestBd   Gap | It/Node Time

     0     0   59.99304    0   42   72.36736   59.99304  17.1%     -    1s
H    0     0                      65.0646695   59.99304  7.79%     -    1s
H    0     0                      64.6173573   59.99304  7.16%     -    1s
     0     0   60.72540    0   76   64.61736   60.72540  6.02%     -    2s
H    0     0                      64.3146695   60.72540  5.58%     -    2s
     0     0   60.72540    0   39   64.31467   60.72540  5.58%     -    2s
H    0     0                      63.6804095   60.72540  4.64%     -    2s
     0     0   60.72540    0   41   63.68041   60.72540  4.64%     -    3s
H    0     0                      63.4304095   60.72540  4.26%     -    3s
H    0     0                      63.2637429   60.72540  4.01%     -    3s
     0     0   60.92330    0   95   63.26374   60.92330  3.70%     -    3s
     0     0   60.92339    0  132   63.26374   60.92339  3.70%     -    3s
     0     0   60.92459    0  112   63.26374   60.92459  3.70%     -    3s
     0     0   60.93562    0  128   63.26374   60.93562  3.68%     -    3s
     0     0   60.93562    0  129   63.26374   60.93562  3.68%     -    3s
     0     0   61.13296    0  103   63.26374   61.13296  3.37%     -    4s
     0     0   61.13303    0  102   63.26374   61.13303  3.37%     -    4s
     0     0   61.39595    0  118   63.26374   61.39595  2.95%     -    4s
     0     0   61.39595    0  118   63.26374   61.39595  2.95%     -    4s
H    0     0                      62.7840240   61.40773  2.19%     -    5s
     0     0   61.40773    0  125   62.78402   61.40773  2.19%     -    5s
     0     0   61.40773    0  144   62.78402   61.40773  2.19%     -    5s
     0     0   61.40773    0  145   62.78402   61.40773  2.19%     -    5s
     0     0   61.40773    0  145   62.78402   61.40773  2.19%     -    5s
     0     0   61.40773    0  144   62.78402   61.40773  2.19%     -    5s
     0     0   61.40773    0  149   62.78402   61.40773  2.19%     -    5s
     0     0   61.40773    0  152   62.78402   61.40773  2.19%     -    5s
     0     0   61.69927    0  120   62.78402   61.69927  1.73%     -    6s
     0     0   61.69927    0   14   62.78402   61.69927  1.73%     -    6s
     0     0   62.04806    0   57   62.78402   62.04806  1.17%     -    6s
     0     0   62.28472    0   39   62.78402   62.28472  0.80%     -    7s
     0     0   62.28745    0   40   62.78402   62.28745  0.79%     -    7s
     0     0   62.28936    0   47   62.78402   62.28936  0.79%     -    7s
     0     0   62.28985    0   60   62.78402   62.28985  0.79%     -    7s
     0     0   62.29768    0   83   62.78402   62.29768  0.77%     -    8s
     0     0   62.29790    0   85   62.78402   62.29790  0.77%     -    8s
     0     0   62.35616    0   67   62.78402   62.35616  0.68%     -    8s
     0     0   62.35800    0   72   62.78402   62.35800  0.68%     -    8s
     0     0   62.35915    0   74   62.78402   62.35915  0.68%     -    8s
     0     0   62.35915    0   74   62.78402   62.35915  0.68%     -    8s
     0     0   62.41962    0   47   62.78402   62.41962  0.58%     -    9s
     0     0   62.42643    0   68   62.78402   62.42643  0.57%     -    9s
     0     0   62.42643    0   68   62.78402   62.42643  0.57%     -    9s
     0     0   62.44013    0   70   62.78402   62.44013  0.55%     -    9s
     0     0   62.44355    0   69   62.78402   62.44355  0.54%     -   10s
     0     0   62.46202    0   17   62.78402   62.46202  0.51%     -   10s

Cutting planes:
  Gomory: 15
  Lift-and-project: 19
  Cover: 8
  Implied bound: 2
  MIR: 32
  Mixing: 2
  Flow cover: 44
  Zero half: 5
  RLT: 1

Explored 1 nodes (5681 simplex iterations) in 10.79 seconds (2.96 work units)
Thread count was 8 (of 8 available processors)

Solution count 10: 62.784 62.784 63.2637 ... 65.0647

Optimal solution found (tolerance 5.00e-03)
Best objective 6.278402399999e+01, best bound 6.247412018822e+01, gap 0.4936%
