
Gurobi 9.5.2 (linux64) logging started Tue Jul 28 18:33:38 2026

Set parameter LogFile to value "logs/oracle_RmediumCfewTtight_26_gurobi.log"
Gurobi Optimizer version 9.5.2 build v9.5.2rc0 (linux64)
Thread count: 16 physical cores, 32 logical processors, using up to 32 threads
Optimize a model with 4830 rows, 2783 columns and 16795 nonzeros
Model fingerprint: 0x6319a938
Variable types: 1742 continuous, 1041 integer (1041 binary)
Coefficient statistics:
  Matrix range     [4e-02, 1e+03]
  Objective range  [1e+00, 1e+00]
  Bounds range     [1e+00, 1e+00]
  RHS range        [9e-02, 5e+02]
Presolve removed 1521 rows and 558 columns
Presolve time: 0.52s
Presolved: 3309 rows, 2225 columns, 14781 nonzeros
Variable types: 1329 continuous, 896 integer (896 binary)

Root relaxation: objective 5.208120e+01, 3746 iterations, 1.39 seconds (0.18 work units)

    Nodes    |    Current Node    |     Objective Bounds      |     Work
 Expl Unexpl |  Obj  Depth IntInf | Incumbent    BestBd   Gap | It/Node Time

     0     0   52.08120    0  315          -   52.08120      -     -    2s
     0     0   53.16650    0  283          -   53.16650      -     -    4s
     0     0   53.21880    0  294          -   53.21880      -     -    4s
     0     0   53.21894    0  294          -   53.21894      -     -    4s
     0     0   53.77681    0  355          -   53.77681      -     -    5s
     0     0   53.79465    0  327          -   53.79465      -     -    6s
     0     0   53.82931    0  347          -   53.82931      -     -    6s
     0     0   53.83176    0  358          -   53.83176      -     -    6s
     0     0   53.83339    0  338          -   53.83339      -     -    6s
     0     0   53.83341    0  340          -   53.83341      -     -    6s
     0     0   54.65485    0  332          -   54.65485      -     -    7s
     0     0   54.73063    0  321          -   54.73063      -     -    8s
     0     0   54.73264    0  321          -   54.73264      -     -    8s
     0     0   54.73265    0  319          -   54.73265      -     -    8s
     0     0   55.00734    0  301          -   55.00734      -     -    9s
     0     0   55.04661    0  306          -   55.04661      -     -   10s
     0     0   55.06121    0  328          -   55.06121      -     -   10s
     0     0   55.06121    0  325          -   55.06121      -     -   10s
     0     0   55.14761    0  312          -   55.14761      -     -   10s
     0     0   55.15205    0  312          -   55.15205      -     -   11s
     0     0   55.15284    0  317          -   55.15284      -     -   11s
     0     0   55.19454    0  324          -   55.19454      -     -   11s
     0     0   55.19997    0  325          -   55.19997      -     -   12s
     0     0   55.20134    0  322          -   55.20134      -     -   12s
     0     0   55.20189    0  321          -   55.20189      -     -   12s
     0     0   55.24455    0  301          -   55.24455      -     -   12s
     0     0   55.24788    0  310          -   55.24788      -     -   13s
     0     0   55.24885    0  307          -   55.24885      -     -   13s
     0     0   55.24885    0  307          -   55.24885      -     -   13s
     0     0   55.29016    0  309          -   55.29016      -     -   13s
     0     0   55.29125    0  313          -   55.29125      -     -   13s
     0     0   55.29127    0  306          -   55.29127      -     -   13s
     0     0   55.30081    0  292          -   55.30081      -     -   14s
     0     0   55.30510    0  295          -   55.30510      -     -   14s
     0     0   55.30513    0  295          -   55.30513      -     -   14s
     0     0   55.31032    0  293          -   55.31032      -     -   14s
     0     0   55.31087    0  295          -   55.31087      -     -   15s
     0     0   55.31097    0  294          -   55.31097      -     -   15s
     0     0   55.31097    0  266          -   55.31097      -     -   16s
H    0     0                     100.0081929   55.31097  44.7%     -   29s
     0     2   55.31097    0  233  100.00819   55.31097  44.7%     -   30s
H   44    48                      99.0915262   55.32888  44.2%  89.2   31s
H   79    96                      80.6826663   55.32888  31.4%  68.0   31s
H   86    96                      79.0624220   55.32888  30.0%  63.2   31s
H  127   144                      75.7616319   55.32888  27.0%  52.5   34s
H  128   144                      75.1389545   55.32888  26.4%  52.4   34s
H  142   144                      74.9857636   55.32888  26.2%  48.7   34s
H  174   191                      74.6413125   55.32888  25.9%  43.0   41s
H  174   191                      74.5081429   55.32888  25.7%  43.0   41s
H  175   191                      65.4231448   55.32888  15.4%  42.9   41s
H  181   191                      65.2223150   55.32888  15.2%  41.9   41s
H  230   209                      64.8934163   55.32888  14.7%  37.6   43s
H  231   209                      64.7585820   55.32888  14.6%  37.5   43s
H  232   209                      64.7371958   55.32888  14.5%  37.4   43s
H  235   209                      64.7077050   55.32888  14.5%  37.0   43s
H  311   275                      64.6863177   55.32888  14.5%  35.5   44s
H  326   291                      64.6270873   55.32888  14.4%  34.6   58s
H  334   291                      64.6194463   55.32888  14.4%  34.4   58s
H  336   291                      64.5545916   55.32888  14.3%  34.8   58s
   409   366   60.85692   29  232   64.55459   55.32888  14.3%  31.7   60s
   504   458   61.01387   35  229   64.55459   55.32888  14.3%  28.6   65s
   611   545   61.21634   43  231   64.55459   55.32888  14.3%  26.5   70s
   709   616   59.19277    6  218   64.55459   55.34690  14.3%  27.5   76s
H  719   616                      64.5545915   55.34690  14.3%  27.3   76s
   834   727   59.53524   10  176   64.55459   55.34690  14.3%  26.0   84s
   850   824   59.77967   11  209   64.55459   55.34690  14.3%  26.1   85s
  2044  1589   56.36306   28  266   64.55459   55.35132  14.3%  23.6   93s
  2046  1590   62.70876   31  286   64.55459   55.35132  14.3%  23.6   98s
  2047  1591   63.26101   37  221   64.55459   55.67271  13.8%  23.6  101s
  2053  1595   56.65105   13  190   64.55459   56.65105  12.2%  23.5  105s
  2059  1599   62.67272   29  273   64.55459   56.95874  11.8%  23.5  110s
  2065  1603   61.77722   20  248   64.55459   57.10794  11.5%  23.4  116s
  2070  1606   59.95049   24  176   64.55459   57.30003  11.2%  23.3  123s
  2076  1610   61.08165   35  216   64.55459   57.56754  10.8%  23.3  127s
  2082  1614   60.23633   12  208   64.55459   57.62300  10.7%  23.2  132s
  2088  1618   60.46052   29  211   64.55459   57.67000  10.7%  23.1  136s
  2095  1623   57.95476   47  287   64.55459   57.71328  10.6%  23.1  140s
  2104  1629   59.70276   21  235   64.55459   57.77893  10.5%  23.0  146s
  2111  1634   57.79172   16  226   64.55459   57.79172  10.5%  22.9  150s
  2124  1642   61.58241   32  258   64.55459   57.82496  10.4%  22.7  156s
  2132  1648   59.58554   20  310   64.55459   57.83433  10.4%  22.7  160s
  2140  1653   60.09240   29  270   64.55459   57.87723  10.3%  22.6  165s
H 2143  1570                      64.5181346   57.87943  10.3%  22.5  167s
H 2144  1491                      64.5088784   57.88120  10.3%  22.5  168s
  2147  1493   63.26101   37  260   64.50888   57.88543  10.3%  22.5  171s
  2153  1497   57.89352   13  277   64.50888   57.89352  10.3%  22.4  175s
  2159  1501   62.67272   29  288   64.50888   57.89564  10.3%  22.4  180s
  2164  1505   60.80300   58  250   64.50888   57.89564  10.3%  37.1  189s
  2165  1506   61.77722   20  167   64.50888   57.89564  10.3%  37.1  193s
  2170  1509   59.95049   24  261   64.50888   57.89976  10.2%  37.0  195s
  2179  1515   60.01861   81  266   64.50888   57.94588  10.2%  36.8  200s
  2185  1519   60.34453   54  276   64.50888   57.95710  10.2%  36.7  205s
  2190  1523   61.65883   56  190   64.50888   57.99076  10.1%  36.6  211s
  2197  1527   61.42751   57  254   64.50888   57.99772  10.1%  36.5  215s
  2202  1531   64.15722   31  256   64.50888   58.00228  10.1%  36.4  222s
  2205  1533   61.93279   67  195   64.50888   58.00274  10.1%  36.4  227s
  2207  1534   59.94160   63  249   64.50888   58.00274  10.1%  36.4  231s
  2209  1535   61.18187   52  261   64.50888   58.00321  10.1%  36.3  235s
  2213  1538   59.39330   20  247   64.50888   58.00321  10.1%  36.3  240s
  2216  1540   60.43624   24  263   64.50888   58.00321  10.1%  36.2  245s
  2218  1544   58.13113   29  231   64.50888   58.01749  10.1%  45.8  259s
  2220  1547   59.02918   30  193   64.50888   58.19033  9.79%  46.1  264s
  2224  1552   59.12306   31  192   64.50888   58.35591  9.54%  46.6  266s
  2292  1568   61.06489   35   90   64.50888   59.08028  8.42%  53.0  272s
H 2298  1488                      63.4865613   59.08077  6.94%  53.5  272s
  2356  1490 infeasible   37        63.48656   59.08172  6.94%  56.3  277s
H 2358  1415                      63.4443062   59.08172  6.88%  56.2  277s
H 2359  1344                      63.4032280   59.08172  6.82%  56.4  277s
  2443  1324   62.18285   38  133   63.40323   59.08265  6.81%  58.3  280s
  2920  1284   63.32483   41   89   63.40323   59.14685  6.71%  61.8  285s
  3102  1256 infeasible   43        63.40323   59.31390  6.45%  61.9  302s
H 3103  1188                      63.3509877   59.31390  6.37%  61.9  302s
H 3116  1121                      63.3509877   59.31390  6.37%  61.9  302s
H 3152  1063                      63.3509868   59.31390  6.37%  62.2  304s
  3313  1138   61.36778   50  142   63.35099   59.68633  5.78%  62.0  305s
  3672  1289   62.51413   59  186   63.35099   59.68633  5.78%  62.6  310s
  3939  1308     cutoff   50        63.35099   59.69877  5.77%  63.1  324s
  4039  1356   61.21204   66   98   63.35099   59.69877  5.77%  63.3  325s
  4518  1390   61.29155   70   76   63.35099   59.69877  5.77%  62.4  330s
  5708  1601   61.92796   72  146   63.35099   60.31642  4.79%  60.9  335s
  7091  2106     cutoff   97        63.35099   60.41378  4.64%  59.2  340s
  8616  2607   61.98805   91  190   63.35099   60.41378  4.64%  59.6  348s
  9043  2882     cutoff   76        63.35099   60.58513  4.37%  59.7  351s
  9382  2834   61.91636   62  185   63.35099   60.58513  4.37%  60.0  357s
  9846  3003     cutoff   74        63.35099   60.58513  4.37%  60.7  361s
 11340  3094   61.94872   91  123   63.35099   60.67983  4.22%  60.9  365s
 13014  2909   61.72017   63  259   63.35099   60.94707  3.79%  60.4  371s
 14205  2943     cutoff  117        63.35099   61.10226  3.55%  60.0  375s
 16223  2695   62.69526  117  158   63.35099   61.42724  3.04%  59.4  386s
 17177  2319     cutoff  117        63.35099   61.58238  2.79%  58.9  391s
 19164  1161     cutoff   87        63.35099   61.98431  2.16%  57.4  395s
 22369   128 infeasible  136        63.35099   62.58109  1.22%  54.0  400s

Cutting planes:
  Learned: 1
  Gomory: 59
  Cover: 75
  Implied bound: 109
  Projected implied bound: 13
  MIR: 235
  StrongCG: 1
  Flow cover: 740
  GUB cover: 1
  Inf proof: 5
  Zero half: 2
  Network: 1
  RLT: 45
  Relax-and-lift: 108

Explored 22970 nodes (1235795 simplex iterations) in 402.76 seconds (47.17 work units)
Thread count was 32 (of 32 available processors)

Solution count 10: 63.351 63.351 63.351 ... 64.5546

Optimal solution found (tolerance 5.00e-03)
Best objective 6.335098680087e+01, best bound 6.335098680087e+01, gap 0.0000%
