
Gurobi 9.5.2 (linux64) logging started Thu Jul 30 09:56:56 2026

Set parameter LogFile to value "logs/oracle_RlongCmanyTnone_31_gurobi.log"
Gurobi Optimizer version 9.5.2 build v9.5.2rc0 (linux64)
Thread count: 16 physical cores, 32 logical processors, using up to 32 threads
Optimize a model with 9802 rows, 5342 columns and 183750 nonzeros
Model fingerprint: 0x6274c74a
Variable types: 3332 continuous, 2010 integer (2010 binary)
Coefficient statistics:
  Matrix range     [3e-02, 2e+03]
  Objective range  [1e+00, 1e+00]
  Bounds range     [1e+00, 6e+01]
  RHS range        [3e-02, 2e+07]

User MIP start did not produce a new incumbent solution

Presolve removed 2880 rows and 954 columns
Presolve time: 0.69s
Presolved: 6922 rows, 4388 columns, 166101 nonzeros
Variable types: 2598 continuous, 1790 integer (1789 binary)
Root relaxation presolve removed 182 rows and 118 columns
Root relaxation presolved: 6740 rows, 4270 columns, 128653 nonzeros

Extra simplex iterations after uncrush: 3

Root relaxation: objective 1.066277e+02, 7727 iterations, 1.47 seconds (2.29 work units)
Another try with MIP start

Gurobi 9.5.2 (linux64) logging started Thu Jul 30 09:57:00 2026

Set parameter LogFile to value "logs/oracle_RlongCmanyTnone_31_gurobi.log"
Gurobi Optimizer version 9.5.2 build v9.5.2rc0 (linux64)
Thread count: 16 physical cores, 32 logical processors, using up to 32 threads
Optimize a model with 9802 rows, 5342 columns and 183750 nonzeros
Model fingerprint: 0x6274c74a
Variable types: 3332 continuous, 2010 integer (2010 binary)
Coefficient statistics:
  Matrix range     [3e-02, 2e+03]
  Objective range  [1e+00, 1e+00]
  Bounds range     [1e+00, 6e+01]
  RHS range        [3e-02, 2e+07]

User MIP start did not produce a new incumbent solution

Presolve removed 2880 rows and 954 columns
Presolve time: 0.80s
Presolved: 6922 rows, 4388 columns, 166101 nonzeros
Variable types: 2598 continuous, 1790 integer (1789 binary)
Root relaxation presolve removed 182 rows and 118 columns
Root relaxation presolved: 6740 rows, 4270 columns, 128653 nonzeros


    Nodes    |    Current Node    |     Objective Bounds      |     Work
 Expl Unexpl |  Obj  Depth IntInf | Incumbent    BestBd   Gap | It/Node Time

H    0     0                     155.3300639  106.62778  31.4%     -    5s
     0     0  106.62778    0  588  155.33006  106.62778  31.4%     -    5s
Extra simplex iterations after uncrush: 3

Root relaxation: objective 1.066277e+02, 7727 iterations, 1.62 seconds (2.29 work units)
Another try with MIP start

    Nodes    |    Current Node    |     Objective Bounds      |     Work
 Expl Unexpl |  Obj  Depth IntInf | Incumbent    BestBd   Gap | It/Node Time

H    0     0                     155.3300639  106.62778  31.4%     -    5s
     0     0  106.62778    0  588  155.33006  106.62778  31.4%     -    5s
     0     0  112.10495    0  544  155.33006  112.10495  27.8%     -    8s
     0     0  112.37541    0  583  155.33006  112.37541  27.7%     -    8s
     0     0  112.40614    0  577  155.33006  112.40614  27.6%     -    8s
     0     0  112.41007    0  593  155.33006  112.41007  27.6%     -    9s
     0     0  112.41007    0  591  155.33006  112.41007  27.6%     -    9s
     0     0  113.17299    0  644  155.33006  113.17299  27.1%     -    9s
     0     0  113.23235    0  591  155.33006  113.23235  27.1%     -   10s
     0     0  113.23933    0  613  155.33006  113.23933  27.1%     -   10s
     0     0  113.24068    0  608  155.33006  113.24068  27.1%     -   10s
     0     0  113.24068    0  611  155.33006  113.24068  27.1%     -   10s
     0     0  112.10495    0  544  155.33006  112.10495  27.8%     -    7s
     0     0  112.37541    0  583  155.33006  112.37541  27.7%     -    7s
     0     0  112.40614    0  577  155.33006  112.40614  27.6%     -    8s
     0     0  112.41007    0  593  155.33006  112.41007  27.6%     -    8s
     0     0  112.41007    0  591  155.33006  112.41007  27.6%     -    8s
     0     0  114.10539    0  603  155.33006  114.10539  26.5%     -   11s
     0     0  114.15427    0  608  155.33006  114.15427  26.5%     -   11s
     0     0  114.17431    0  628  155.33006  114.17431  26.5%     -   12s
     0     0  113.17299    0  644  155.33006  113.17299  27.1%     -    8s
     0     0  114.17565    0  608  155.33006  114.17565  26.5%     -   12s
     0     0  113.23235    0  591  155.33006  113.23235  27.1%     -    9s
     0     0  113.23933    0  613  155.33006  113.23933  27.1%     -    9s
     0     0  113.24068    0  608  155.33006  113.24068  27.1%     -    9s
     0     0  113.24068    0  611  155.33006  113.24068  27.1%     -    9s
     0     0  114.77829    0  571  155.33006  114.77829  26.1%     -   13s
     0     0  114.82930    0  597  155.33006  114.82930  26.1%     -   13s
     0     0  114.10539    0  603  155.33006  114.10539  26.5%     -   10s
     0     0  114.84336    0  577  155.33006  114.84336  26.1%     -   13s
     0     0  114.84534    0  597  155.33006  114.84534  26.1%     -   14s
     0     0  114.15427    0  608  155.33006  114.15427  26.5%     -   10s
     0     0  114.84566    0  596  155.33006  114.84566  26.1%     -   14s
     0     0  114.17431    0  628  155.33006  114.17431  26.5%     -   10s
     0     0  114.17565    0  608  155.33006  114.17565  26.5%     -   11s
     0     0  115.23727    0  483  155.33006  115.23727  25.8%     -   15s
     0     0  114.77829    0  571  155.33006  114.77829  26.1%     -   12s
     0     0  115.27928    0  568  155.33006  115.27928  25.8%     -   15s
     0     0  115.28919    0  575  155.33006  115.28919  25.8%     -   15s
     0     0  115.29091    0  578  155.33006  115.29091  25.8%     -   15s
     0     0  114.82930    0  597  155.33006  114.82930  26.1%     -   12s
     0     0  114.84336    0  577  155.33006  114.84336  26.1%     -   12s
     0     0  114.84534    0  597  155.33006  114.84534  26.1%     -   12s
     0     0  114.84566    0  596  155.33006  114.84566  26.1%     -   12s
     0     0  115.23727    0  483  155.33006  115.23727  25.8%     -   13s
     0     0  115.76148    0  550  155.33006  115.76148  25.5%     -   17s
     0     0  115.27928    0  568  155.33006  115.27928  25.8%     -   14s
     0     0  115.28919    0  575  155.33006  115.28919  25.8%     -   14s
     0     0  115.29091    0  578  155.33006  115.29091  25.8%     -   14s
     0     0  115.80399    0  581  155.33006  115.80399  25.4%     -   17s
     0     0  115.80988    0  585  155.33006  115.80988  25.4%     -   17s
     0     0  115.81119    0  569  155.33006  115.81119  25.4%     -   18s
     0     0  115.76148    0  550  155.33006  115.76148  25.5%     -   16s
     0     0  116.10379    0  473  155.33006  116.10379  25.3%     -   19s
     0     0  115.80399    0  581  155.33006  115.80399  25.4%     -   16s
     0     0  115.80988    0  585  155.33006  115.80988  25.4%     -   16s
     0     0  115.81119    0  569  155.33006  115.81119  25.4%     -   16s
     0     0  116.12757    0  586  155.33006  116.12757  25.2%     -   20s
     0     0  116.13135    0  584  155.33006  116.13135  25.2%     -   20s
     0     0  116.13181    0  600  155.33006  116.13181  25.2%     -   20s
     0     0  116.10379    0  473  155.33006  116.10379  25.3%     -   18s
     0     0  116.27647    0  544  155.33006  116.27647  25.1%     -   21s
     0     0  116.12757    0  586  155.33006  116.12757  25.2%     -   18s
     0     0  116.13135    0  584  155.33006  116.13135  25.2%     -   18s
     0     0  116.13181    0  600  155.33006  116.13181  25.2%     -   18s
     0     0  116.31327    0  603  155.33006  116.31327  25.1%     -   22s
     0     0  116.31783    0  524  155.33006  116.31783  25.1%     -   22s
     0     0  116.31916    0  529  155.33006  116.31916  25.1%     -   22s
     0     0  116.27647    0  544  155.33006  116.27647  25.1%     -   20s
     0     0  116.44430    0  578  155.33006  116.44430  25.0%     -   23s
     0     0  116.45946    0  631  155.33006  116.45946  25.0%     -   23s
     0     0  116.31327    0  603  155.33006  116.31327  25.1%     -   20s
     0     0  116.46125    0  599  155.33006  116.46125  25.0%     -   23s
     0     0  116.31783    0  524  155.33006  116.31783  25.1%     -   20s
     0     0  116.31916    0  529  155.33006  116.31916  25.1%     -   20s
     0     0  116.44430    0  578  155.33006  116.44430  25.0%     -   21s
     0     0  116.45946    0  631  155.33006  116.45946  25.0%     -   21s
     0     0  116.46125    0  599  155.33006  116.46125  25.0%     -   21s
     0     0  116.55570    0  521  155.33006  116.55570  25.0%     -   25s
     0     0  116.57131    0  510  155.33006  116.57131  25.0%     -   25s
     0     0  116.57432    0  543  155.33006  116.57432  25.0%     -   26s
     0     0  116.57471    0  545  155.33006  116.57471  25.0%     -   26s
     0     0  116.55570    0  521  155.33006  116.55570  25.0%     -   23s
     0     0  116.57131    0  510  155.33006  116.57131  25.0%     -   23s
     0     0  116.57432    0  543  155.33006  116.57432  25.0%     -   23s
     0     0  116.57471    0  545  155.33006  116.57471  25.0%     -   23s
     0     0  116.64246    0  536  155.33006  116.64246  24.9%     -   27s
     0     0  116.66431    0  577  155.33006  116.66431  24.9%     -   27s
     0     0  116.66905    0  593  155.33006  116.66905  24.9%     -   27s
     0     0  116.67107    0  616  155.33006  116.67107  24.9%     -   27s
     0     0  116.64246    0  536  155.33006  116.64246  24.9%     -   24s
     0     0  116.66431    0  577  155.33006  116.66431  24.9%     -   24s
     0     0  116.66905    0  593  155.33006  116.66905  24.9%     -   25s
     0     0  116.67107    0  616  155.33006  116.67107  24.9%     -   25s
     0     0  116.72514    0  556  155.33006  116.72514  24.9%     -   29s
     0     0  116.72514    0  556  155.33006  116.72514  24.9%     -   26s
     0     0  116.73621    0  502  155.33006  116.73621  24.8%     -   29s
     0     0  116.73749    0  544  155.33006  116.73749  24.8%     -   29s
     0     0  116.73621    0  502  155.33006  116.73621  24.8%     -   26s
     0     0  116.73749    0  544  155.33006  116.73749  24.8%     -   26s
     0     0  116.77244    0  644  155.33006  116.77244  24.8%     -   27s
     0     0  116.78728    0  655  155.33006  116.78728  24.8%     -   27s
     0     0  116.78767    0  650  155.33006  116.78767  24.8%     -   27s
     0     0  116.77244    0  644  155.33006  116.77244  24.8%     -   31s
     0     0  116.78728    0  655  155.33006  116.78728  24.8%     -   31s
     0     0  116.78767    0  650  155.33006  116.78767  24.8%     -   31s
     0     0  116.82433    0  619  155.33006  116.82433  24.8%     -   29s
     0     0  116.83591    0  634  155.33006  116.83591  24.8%     -   30s
     0     0  116.84085    0  621  155.33006  116.84085  24.8%     -   30s
     0     0  116.84144    0  616  155.33006  116.84144  24.8%     -   30s
     0     0  116.82433    0  619  155.33006  116.82433  24.8%     -   34s
     0     0  116.83591    0  634  155.33006  116.83591  24.8%     -   35s
     0     0  116.84085    0  621  155.33006  116.84085  24.8%     -   35s
     0     0  116.91860    0  620  155.33006  116.91860  24.7%     -   32s
     0     0  116.84144    0  616  155.33006  116.84144  24.8%     -   35s
     0     0  116.96149    0  628  155.33006  116.96149  24.7%     -   33s
     0     0  116.96464    0  636  155.33006  116.96464  24.7%     -   33s
     0     0  116.96499    0  632  155.33006  116.96499  24.7%     -   33s
     0     0  116.91860    0  620  155.33006  116.91860  24.7%     -   39s
     0     0  116.96149    0  628  155.33006  116.96149  24.7%     -   40s
     0     0  117.02902    0  592  155.33006  117.02902  24.7%     -   37s
     0     0  116.96464    0  636  155.33006  116.96464  24.7%     -   40s
     0     0  116.96499    0  632  155.33006  116.96499  24.7%     -   40s
     0     0  117.05375    0  669  155.33006  117.05375  24.6%     -   38s
     0     0  117.05825    0  669  155.33006  117.05825  24.6%     -   38s
     0     0  117.05929    0  643  155.33006  117.05929  24.6%     -   38s

Cutting planes:
  Learned: 2
  Gomory: 15
  Lift-and-project: 8
  Cover: 53
  Implied bound: 50
  Projected implied bound: 18
  MIR: 356
  StrongCG: 1
  Flow cover: 609
  GUB cover: 1
  Zero half: 8
  Network: 2
  RLT: 21
  Relax-and-lift: 11

Explored 1 nodes (32563 simplex iterations) in 43.62 seconds (28.03 work units)
Thread count was 32 (of 32 available processors)

Solution count 1: 155.33 

Solve interrupted
Best objective 1.553300638797e+02, best bound 1.169649886328e+02, gap 24.6991%
     0     0  117.12820    0  612  155.33006  117.12820  24.6%     -   43s
     0     0  117.13611    0  621  155.33006  117.13611  24.6%     -   43s
     0     0  117.13709    0  628  155.33006  117.13709  24.6%     -   43s
     0     0          -    0       155.33006  117.13709  24.6%     -   47s

Cutting planes:
  Learned: 2
  Gomory: 15
  Lift-and-project: 7
  Cover: 49
  Implied bound: 52
  Projected implied bound: 15
  MIR: 310
  StrongCG: 1
  Flow cover: 621
  GUB cover: 1
  Zero half: 7
  Network: 2
  RLT: 20
  Relax-and-lift: 12

Explored 1 nodes (34938 simplex iterations) in 47.12 seconds (31.25 work units)
Thread count was 32 (of 32 available processors)

Solution count 1: 155.33 

Solve interrupted
Best objective 1.553300638797e+02, best bound 1.171370912485e+02, gap 24.5883%
