
Gurobi 9.5.2 (linux64) logging started Mon Aug  3 11:03:05 2026

Set parameter LogFile to value "logs/oracle_RmediumCmanyTlarge_3__diesel_gurobi.log"
Gurobi Optimizer version 9.5.2 build v9.5.2rc0 (linux64)
Thread count: 16 physical cores, 32 logical processors, using up to 32 threads
Optimize a model with 6356 rows, 3492 columns and 81468 nonzeros
Model fingerprint: 0x15a0c494
Variable types: 2182 continuous, 1310 integer (1310 binary)
Coefficient statistics:
  Matrix range     [2e-01, 1e+03]
  Objective range  [1e+00, 1e+00]
  Bounds range     [1e+00, 4e+01]
  RHS range        [2e-02, 5e+02]

User MIP start produced solution with objective 77.3164 (0.04s)
Loaded user MIP start with objective 77.3164

Presolve removed 3082 rows and 1357 columns
Presolve time: 0.94s
Presolved: 3274 rows, 2135 columns, 68661 nonzeros
Variable types: 1254 continuous, 881 integer (881 binary)
Root relaxation presolve removed 47 rows and 0 columns
Root relaxation presolved: 3227 rows, 2135 columns, 51497 nonzeros


Root relaxation: objective 7.256457e+01, 2628 iterations, 0.64 seconds (0.32 work units)

    Nodes    |    Current Node    |     Objective Bounds      |     Work
 Expl Unexpl |  Obj  Depth IntInf | Incumbent    BestBd   Gap | It/Node Time

     0     0   72.56457    0   34   77.31639   72.56457  6.15%     -    1s
     0     0   73.41630    0   54   77.31639   73.41630  5.04%     -    2s
     0     0   73.41658    0   69   77.31639   73.41658  5.04%     -    2s
     0     0   73.41658    0   72   77.31639   73.41658  5.04%     -    3s
H    0     0                      76.8783998   73.42813  4.49%     -    3s
     0     0   73.42813    0   81   76.87840   73.42813  4.49%     -    3s
     0     0   73.42813    0   80   76.87840   73.42813  4.49%     -    3s
     0     0   73.45337    0   64   76.87840   73.45337  4.46%     -    4s
     0     0   73.45402    0   61   76.87840   73.45402  4.45%     -    4s
     0     0   73.45402    0   60   76.87840   73.45402  4.45%     -    4s
     0     0   73.47812    0   97   76.87840   73.47812  4.42%     -    5s
     0     0   73.48819    0  100   76.87840   73.48819  4.41%     -    5s
     0     0   73.49246    0   32   76.87840   73.49246  4.40%     -    5s
     0     0   73.49259    0  106   76.87840   73.49259  4.40%     -    5s
H    0     0                      76.7117331   73.49259  4.20%     -    6s
     0     0   73.53524    0   94   76.71173   73.53524  4.14%     -    6s
     0     0   73.53679    0   78   76.71173   73.53679  4.14%     -    6s
     0     0   73.53689    0   81   76.71173   73.53689  4.14%     -    6s
     0     0   73.53894    0   87   76.71173   73.53894  4.14%     -    6s
H    0     0                      75.6725408   73.53894  2.82%     -    7s
     0     0   73.53898    0   84   75.67254   73.53898  2.82%     -    7s
     0     0   73.54116    0   76   75.67254   73.54116  2.82%     -    7s
H    0     0                      75.6497250   73.54116  2.79%     -    7s
     0     0   73.54116    0   79   75.64972   73.54116  2.79%     -    7s
     0     0   73.54118    0  102   75.64972   73.54118  2.79%     -    8s
H    0     0                      74.8930164   73.54118  1.81%     -    8s
     0     0   73.54197    0   99   74.89302   73.54197  1.80%     -    8s
     0     0   73.54200    0  103   74.89302   73.54200  1.80%     -    8s
     0     0   73.54576    0  105   74.89302   73.54576  1.80%     -    8s
     0     0   73.54609    0  112   74.89302   73.54609  1.80%     -    8s
     0     0   73.54609    0  113   74.89302   73.54609  1.80%     -    8s
     0     0   73.54809    0   93   74.89302   73.54809  1.80%     -    9s
     0     0   73.54816    0  104   74.89302   73.54816  1.80%     -    9s
     0     0   73.55461    0  106   74.89302   73.55461  1.79%     -   11s
     0     0   73.55461    0  114   74.89302   73.55461  1.79%     -   11s
     0     0   73.56174    0   81   74.89302   73.56174  1.78%     -   12s
     0     0   73.56174    0   92   74.89302   73.56174  1.78%     -   12s
     0     0   73.57710    0  137   74.89302   73.57710  1.76%     -   13s
     0     0   73.57727    0   70   74.89302   73.57727  1.76%     -   14s
     0     0   73.57727    0   59   74.89302   73.57727  1.76%     -   16s
     0     0   73.57727    0   81   74.89302   73.57727  1.76%     -   16s
     0     0   73.58190    0   99   74.89302   73.58190  1.75%     -   16s
     0     0   73.58190    0   99   74.89302   73.58190  1.75%     -   16s
     0     0   73.58953    0   76   74.89302   73.58953  1.74%     -   17s
     0     0   73.58953    0   76   74.89302   73.58953  1.74%     -   17s
     0     0   73.59424    0   78   74.89302   73.59424  1.73%     -   17s
     0     0   73.59459    0   75   74.89302   73.59459  1.73%     -   17s
     0     0   73.59459    0   74   74.89302   73.59459  1.73%     -   17s
     0     0   73.61631    0   58   74.89302   73.61631  1.70%     -   18s
     0     0   73.63391    0   57   74.89302   73.63391  1.68%     -   18s
     0     0   73.63391    0   61   74.89302   73.63391  1.68%     -   18s
     0     0   73.63598    0   60   74.89302   73.63598  1.68%     -   19s
     0     0   73.63658    0   72   74.89302   73.63658  1.68%     -   19s
     0     0   73.63658    0   72   74.89302   73.63658  1.68%     -   19s
     0     0   73.65270    0  152   74.89302   73.65270  1.66%     -   20s
     0     0   73.65893    0   94   74.89302   73.65893  1.65%     -   20s
     0     0   73.65951    0  159   74.89302   73.65951  1.65%     -   20s
     0     0   73.65966    0  160   74.89302   73.65966  1.65%     -   20s
     0     0   73.69065    0   72   74.89302   73.69065  1.61%     -   21s
     0     0   73.70081    0   79   74.89302   73.70081  1.59%     -   21s
     0     0   73.70081    0   76   74.89302   73.70081  1.59%     -   21s
     0     0   73.70124    0  133   74.89302   73.70124  1.59%     -   22s
     0     0   73.70211    0   69   74.89302   73.70211  1.59%     -   22s
     0     0   73.70211    0   68   74.89302   73.70211  1.59%     -   22s
     0     0   73.70233    0   67   74.89302   73.70233  1.59%     -   22s
     0     0   73.70233    0   66   74.89302   73.70233  1.59%     -   22s
H    0     0                      74.6430164   73.70233  1.26%     -   22s
     0     0   73.70315    0   54   74.64302   73.70315  1.26%     -   22s
     0     0   73.70320    0   62   74.64302   73.70320  1.26%     -   23s
     0     0   73.70320    0   51   74.64302   73.70320  1.26%     -   23s
     0     0   73.70320    0   53   74.64302   73.70320  1.26%     -   23s
     0     0   73.70338    0   89   74.64302   73.70338  1.26%     -   23s
     0     0   73.70338    0   72   74.64302   73.70338  1.26%     -   24s
     0     0   73.70338    0   40   74.64302   73.70338  1.26%     -   25s
     0     0   73.70338    0   61   74.64302   73.70338  1.26%     -   25s
     0     0   73.70650    0   70   74.64302   73.70650  1.25%     -   25s
     0     0   73.70705    0   71   74.64302   73.70705  1.25%     -   26s
     0     0   73.70705    0   72   74.64302   73.70705  1.25%     -   26s
     0     0   73.72687    0   61   74.64302   73.72687  1.23%     -   26s
     0     0   73.72690    0   62   74.64302   73.72690  1.23%     -   26s
     0     0   73.74580    0  100   74.64302   73.74580  1.20%     -   27s
     0     0   73.74589    0  100   74.64302   73.74589  1.20%     -   27s
     0     0   73.76194    0  100   74.64302   73.76194  1.18%     -   29s
     0     0   73.76207    0  103   74.64302   73.76207  1.18%     -   29s
     0     0   73.77755    0   71   74.64302   73.77755  1.16%     -   31s
     0     0   73.78066    0   73   74.64302   73.78066  1.16%     -   31s
     0     0   73.78086    0   95   74.64302   73.78086  1.16%     -   31s
     0     0   73.80428    0   79   74.64302   73.80428  1.12%     -   32s
     0     0   73.80475    0   99   74.64302   73.80475  1.12%     -   32s
     0     0   73.80492    0   95   74.64302   73.80492  1.12%     -   32s
     0     0   73.84063    0  127   74.64302   73.84063  1.07%     -   34s
     0     0   73.84078    0  104   74.64302   73.84078  1.07%     -   34s
     0     0   73.86198    0   87   74.64302   73.86198  1.05%     -   34s
     0     0   73.86265    0   87   74.64302   73.86265  1.05%     -   34s
     0     0   73.86266    0   87   74.64302   73.86266  1.05%     -   34s
     0     0   73.88040    0  100   74.64302   73.88040  1.02%     -   35s
     0     0   73.88043    0  114   74.64302   73.88043  1.02%     -   35s
     0     0   73.89454    0  119   74.64302   73.89454  1.00%     -   35s
     0     0   73.89454    0  120   74.64302   73.89454  1.00%     -   35s
     0     0   73.90535    0  103   74.64302   73.90535  0.99%     -   36s
     0     0   73.90567    0  108   74.64302   73.90567  0.99%     -   36s
     0     0   73.91445    0  119   74.64302   73.91445  0.98%     -   37s
     0     0   73.91466    0  121   74.64302   73.91466  0.98%     -   37s
     0     0   73.92189    0  115   74.64302   73.92189  0.97%     -   37s
     0     0   73.92205    0  107   74.64302   73.92205  0.97%     -   37s
     0     0   73.92829    0  100   74.64302   73.92829  0.96%     -   38s
     0     0   73.92840    0   98   74.64302   73.92840  0.96%     -   38s
     0     0   73.93378    0  128   74.64302   73.93378  0.95%     -   38s
     0     0   73.93378    0  128   74.64302   73.93378  0.95%     -   38s
     0     0   73.93838    0   89   74.64302   73.93838  0.94%     -   39s
     0     0   73.93839    0   96   74.64302   73.93839  0.94%     -   39s
     0     0   73.94227    0  104   74.64302   73.94227  0.94%     -   39s
     0     0   73.94227    0   85   74.64302   73.94227  0.94%     -   39s
     0     0   73.94243    0   53   74.64302   73.94243  0.94%     -   40s
     0     0   73.94243    0   48   74.64302   73.94243  0.94%     -   40s
     0     0   73.96045    0   69   74.64302   73.96045  0.91%     -   40s
     0     0   73.96175    0   70   74.64302   73.96175  0.91%     -   40s
     0     0   73.96177    0   86   74.64302   73.96177  0.91%     -   40s
     0     0   73.98772    0   91   74.64302   73.98772  0.88%     -   40s
     0     0   73.99065    0   97   74.64302   73.99065  0.87%     -   40s
     0     0   73.99065    0   97   74.64302   73.99065  0.87%     -   40s
     0     0   74.01528    0   64   74.64302   74.01528  0.84%     -   41s
     0     0   74.01528    0   64   74.64302   74.01528  0.84%     -   41s
     0     0   74.02882    0   93   74.64302   74.02882  0.82%     -   42s
     0     0   74.03075    0   98   74.64302   74.03075  0.82%     -   42s
     0     0   74.03103    0   83   74.64302   74.03103  0.82%     -   42s
     0     0   74.03103    0  102   74.64302   74.03103  0.82%     -   42s
     0     0   74.04202    0   90   74.64302   74.04202  0.81%     -   43s
     0     0   74.04266    0   92   74.64302   74.04266  0.80%     -   43s
     0     0   74.04274    0   94   74.64302   74.04274  0.80%     -   43s
     0     0   74.05749    0  137   74.64302   74.05749  0.78%     -   43s
     0     0   74.05795    0  151   74.64302   74.05795  0.78%     -   44s
     0     0   74.05823    0  146   74.64302   74.05823  0.78%     -   44s
     0     0   74.07270    0  154   74.64302   74.07270  0.76%     -   45s
     0     0   74.07340    0  164   74.64302   74.07340  0.76%     -   45s
     0     0   74.07344    0  164   74.64302   74.07344  0.76%     -   45s
     0     0   74.07551    0  168   74.64302   74.07551  0.76%     -   45s
     0     0   74.07551    0  119   74.64302   74.07551  0.76%     -   46s
     0     2   74.07551    0  116   74.64302   74.07551  0.76%     -   46s
H    9     7                      74.4763498   74.08496  0.53%   126   47s

Cutting planes:
  Gomory: 7
  Lift-and-project: 6
  Cover: 2
  Implied bound: 48
  Clique: 1
  MIR: 115
  Flow cover: 173
  Flow path: 3
  Zero half: 110
  RLT: 11
  Relax-and-lift: 22

Explored 13 nodes (19616 simplex iterations) in 48.04 seconds (17.59 work units)
Thread count was 32 (of 32 available processors)

Solution count 10: 74.4763 74.643 74.893 ... 76.8784

Optimal solution found (tolerance 5.00e-03)
Best objective 7.447634977094e+01, best bound 7.411195159650e+01, gap 0.4893%

Gurobi 11.0.0 (win64) logging started Mon Aug  3 15:59:58 2026

Set parameter LogFile to value "logs\oracle_RmediumCmanyTlarge_3__diesel_gurobi.log"
Gurobi Optimizer version 11.0.0 build v11.0.0rc2 (win64 - Windows 11+.0 (26200.2))

CPU model: 11th Gen Intel(R) Core(TM) i5-1145G7 @ 2.60GHz, instruction set [SSE2|AVX|AVX2|AVX512]
Thread count: 4 physical cores, 8 logical processors, using up to 8 threads

Optimize a model with 6356 rows, 3492 columns and 81548 nonzeros
Model fingerprint: 0x5be189e0
Variable types: 2182 continuous, 1310 integer (1310 binary)
Coefficient statistics:
  Matrix range     [2e-01, 1e+03]
  Objective range  [1e+00, 1e+00]
  Bounds range     [1e+00, 4e+01]
  RHS range        [2e-02, 5e+02]

User MIP start produced solution with objective 77.1497 (0.03s)
Loaded user MIP start with objective 77.1497

Presolve removed 3044 rows and 1312 columns
Presolve time: 1.00s
Presolved: 3312 rows, 2180 columns, 69026 nonzeros
Variable types: 1259 continuous, 921 integer (921 binary)
Root relaxation presolve removed 47 rows and 0 columns
Root relaxation presolved: 3265 rows, 2180 columns, 51862 nonzeros


Root relaxation: objective 7.300263e+01, 2042 iterations, 0.48 seconds (0.19 work units)

    Nodes    |    Current Node    |     Objective Bounds      |     Work
 Expl Unexpl |  Obj  Depth IntInf | Incumbent    BestBd   Gap | It/Node Time

     0     0   73.00263    0   41   77.14972   73.00263  5.38%     -    2s
H    0     0                      76.2330583   73.00263  4.24%     -    2s
     0     0   73.87541    0   41   76.23306   73.87541  3.09%     -    3s
H    0     0                      76.1283998   73.87541  2.96%     -    3s
     0     0   73.92405    0   72   76.12840   73.92405  2.90%     -    4s
     0     0   73.92405    0   34   76.12840   73.92405  2.90%     -    5s
H    0     0                      75.1283998   73.92405  1.60%     -    5s
     0     0   73.92405    0   30   75.12840   73.92405  1.60%     -    5s
     0     0   73.97106    0   39   75.12840   73.97106  1.54%     -    7s
     0     0   73.97566    0   30   75.12840   73.97566  1.53%     -    7s
     0     0   73.97566    0   38   75.12840   73.97566  1.53%     -    7s
     0     0   73.97566    0   39   75.12840   73.97566  1.53%     -    7s
     0     0   73.98034    0   74   75.12840   73.98034  1.53%     -    8s
     0     0   73.98034    0   73   75.12840   73.98034  1.53%     -    8s
     0     0   73.98065    0   73   75.12840   73.98065  1.53%     -    9s
     0     0   73.98705    0   79   75.12840   73.98705  1.52%     -   10s
     0     0   74.06167    0   70   75.12840   74.06167  1.42%     -   10s
     0     0   74.06167    0   74   75.12840   74.06167  1.42%     -   10s
     0     0   74.06167    0   87   75.12840   74.06167  1.42%     -   12s
     0     0   74.06167    0   33   75.12840   74.06167  1.42%     -   13s
     0     0   74.06167    0   92   75.12840   74.06167  1.42%     -   13s
     0     0   74.06167    0   80   75.12840   74.06167  1.42%     -   14s
     0     0   74.06167    0   84   75.12840   74.06167  1.42%     -   15s
     0     0   74.06167    0   83   75.12840   74.06167  1.42%     -   16s
     0     0   74.06167    0   76   75.12840   74.06167  1.42%     -   17s
     0     0   74.06167    0   57   75.12840   74.06167  1.42%     -   18s
H    0     0                      74.8997250   74.06167  1.12%     -   18s
     0     0   74.06167    0   67   74.89972   74.06167  1.12%     -   18s
     0     0   74.06167    0   82   74.89972   74.06167  1.12%     -   20s
     0     0   74.06167    0   75   74.89972   74.06167  1.12%     -   20s
     0     0   74.06167    0   88   74.89972   74.06167  1.12%     -   20s
     0     0   74.06167    0   65   74.89972   74.06167  1.12%     -   21s
     0     0   74.06167    0   58   74.89972   74.06167  1.12%     -   21s
     0     0   74.06167    0  124   74.89972   74.06167  1.12%     -   21s
     0     0   74.06167    0  124   74.89972   74.06167  1.12%     -   22s
     0     0   74.06167    0  132   74.89972   74.06167  1.12%     -   24s
     0     0   74.06167    0  138   74.89972   74.06167  1.12%     -   24s
     0     0   74.06167    0  111   74.89972   74.06167  1.12%     -   25s
     0     0   74.06167    0   70   74.89972   74.06167  1.12%     -   26s
     0     0   74.06167    0   91   74.89972   74.06167  1.12%     -   26s
     0     0   74.06167    0   93   74.89972   74.06167  1.12%     -   26s
     0     0   74.06167    0  102   74.89972   74.06167  1.12%     -   27s
     0     0   74.06167    0  103   74.89972   74.06167  1.12%     -   27s
     0     0   74.06167    0  104   74.89972   74.06167  1.12%     -   27s
H    0     0                      74.8930164   74.06167  1.11%     -   27s
     0     0   74.06167    0  106   74.89302   74.06167  1.11%     -   27s
     0     0   74.06167    0  152   74.89302   74.06167  1.11%     -   28s
     0     0   74.06167    0  154   74.89302   74.06167  1.11%     -   28s
     0     0   74.06167    0  150   74.89302   74.06167  1.11%     -   28s
     0     0   74.06167    0  137   74.89302   74.06167  1.11%     -   30s
     0     0   74.06340    0  115   74.89302   74.06340  1.11%     -   30s
     0     0   74.06351    0  121   74.89302   74.06351  1.11%     -   30s
     0     0   74.06945    0   75   74.89302   74.06945  1.10%     -   31s
     0     0   74.06997    0   75   74.89302   74.06997  1.10%     -   32s
     0     0   74.08378    0   63   74.89302   74.08378  1.08%     -   33s
     0     0   74.08378    0   63   74.89302   74.08378  1.08%     -   33s
     0     0   74.09113    0   91   74.89302   74.09113  1.07%     -   33s
     0     0   74.09185    0   97   74.89302   74.09185  1.07%     -   33s
     0     0   74.09185    0   99   74.89302   74.09185  1.07%     -   33s
     0     0   74.09481    0   77   74.89302   74.09481  1.07%     -   35s
     0     0   74.09755    0  103   74.89302   74.09755  1.06%     -   36s
     0     0   74.09755    0  101   74.89302   74.09755  1.06%     -   36s
     0     0   74.09756    0  100   74.89302   74.09756  1.06%     -   36s
     0     0   74.09756    0  106   74.89302   74.09756  1.06%     -   36s
     0     0   74.09756    0  105   74.89302   74.09756  1.06%     -   36s
     0     0   74.09757    0  104   74.89302   74.09757  1.06%     -   36s
     0     0   74.09789    0   57   74.89302   74.09789  1.06%     -   36s
     0     0   74.09792    0   52   74.89302   74.09792  1.06%     -   36s
     0     0   74.09793    0   63   74.89302   74.09793  1.06%     -   37s
     0     0   74.09892    0   62   74.89302   74.09892  1.06%     -   38s
     0     0   74.09892    0   80   74.89302   74.09892  1.06%     -   39s
     0     0   74.09892    0   72   74.89302   74.09892  1.06%     -   39s
     0     0   74.09892    0   72   74.89302   74.09892  1.06%     -   40s
     0     0   74.09926    0   39   74.89302   74.09926  1.06%     -   41s
     0     0   74.09926    0   80   74.89302   74.09926  1.06%     -   43s
     0     0   74.14759    0   48   74.89302   74.14759  1.00%     -   43s
     0     0   74.19678    0   69   74.89302   74.19678  0.93%     -   43s
     0     0   74.20629    0   56   74.89302   74.20629  0.92%     -   43s
     0     0   74.20629    0   57   74.89302   74.20629  0.92%     -   43s
     0     0   74.22714    0   82   74.89302   74.22714  0.89%     -   44s
     0     0   74.26719    0   41   74.89302   74.26719  0.84%     -   44s
     0     0   74.26719    0   59   74.89302   74.26719  0.84%     -   44s
     0     0   74.26719    0   37   74.89302   74.26719  0.84%     -   44s
     0     0   74.26719    0   37   74.89302   74.26719  0.84%     -   44s
     0     0   74.30673    0   80   74.89302   74.30673  0.78%     -   45s
     0     0   74.35581    0   69   74.89302   74.35581  0.72%     -   45s
     0     2   74.35581    0   66   74.89302   74.35581  0.72%     -   45s
H   29    22                      74.6430164   74.35704  0.38%  49.2   47s

Cutting planes:
  Learned: 1
  Gomory: 15
  Lift-and-project: 2
  Cover: 12
  Implied bound: 70
  Clique: 3
  MIR: 189
  Mixing: 21
  Flow cover: 273
  Flow path: 3
  Inf proof: 1
  Zero half: 2
  Network: 1
  RLT: 12
  Relax-and-lift: 26

Explored 32 nodes (13930 simplex iterations) in 47.45 seconds (12.33 work units)
Thread count was 8 (of 8 available processors)

Solution count 8: 74.643 74.893 74.893 ... 77.1497

Optimal solution found (tolerance 5.00e-03)
Best objective 7.464301643760e+01, best bound 7.435703601586e+01, gap 0.3831%
