
<<<<<<< HEAD
Gurobi 11.0.0 (win64) logging started Tue Aug  4 00:22:22 2026

Set parameter LogFile to value "C:\Users\celinep\Documents\GitHub\ChargeAndBreak\logs\oracle_RmediumCmanyTtight_5__nosplit_gurobi.log"
Gurobi Optimizer version 11.0.0 build v11.0.0rc2 (win64 - Windows 11+.0 (26200.2))

CPU model: 11th Gen Intel(R) Core(TM) i5-1145G7 @ 2.60GHz, instruction set [SSE2|AVX|AVX2|AVX512]
Thread count: 4 physical cores, 8 logical processors, using up to 8 threads

=======
Gurobi 9.5.2 (linux64) logging started Mon Aug  3 22:06:21 2026

Set parameter LogFile to value "/mnt/beegfs/users/celinep/ChargeAndBreak/logs/oracle_RmediumCmanyTtight_5__nosplit_gurobi.log"
Gurobi Optimizer version 9.5.2 build v9.5.2rc0 (linux64)
Thread count: 16 physical cores, 32 logical processors, using up to 32 threads
>>>>>>> 7de0927b38e33171faf5158606e8fd8770eff2b6
Optimize a model with 4315 rows, 2192 columns and 37067 nonzeros
Model fingerprint: 0xab183230
Variable types: 1467 continuous, 725 integer (725 binary)
Coefficient statistics:
  Matrix range     [3e-02, 9e+02]
  Objective range  [1e+00, 1e+00]
  Bounds range     [1e+00, 3e+01]
  RHS range        [1e-02, 5e+02]

User MIP start did not produce a new incumbent solution

Presolve removed 1849 rows and 590 columns
<<<<<<< HEAD
Presolve time: 0.40s
Presolved: 2466 rows, 1602 columns, 19289 nonzeros
Variable types: 1094 continuous, 508 integer (508 binary)
Found heuristic solution: objective 612.2762090
Root relaxation presolve removed 79 rows and 51 columns
Root relaxation presolved: 2387 rows, 1551 columns, 19004 nonzeros

Extra simplex iterations after uncrush: 3

Root relaxation: objective 5.295716e+01, 2034 iterations, 0.25 seconds (0.13 work units)
=======
Presolve time: 0.19s
Presolved: 2466 rows, 1602 columns, 19324 nonzeros
Variable types: 1094 continuous, 508 integer (508 binary)
Root relaxation presolve removed 52 rows and 51 columns
Root relaxation presolved: 2414 rows, 1551 columns, 19093 nonzeros

Extra simplex iterations after uncrush: 1

Root relaxation: objective 5.296219e+01, 2323 iterations, 0.16 seconds (0.16 work units)
Another try with MIP start
>>>>>>> 7de0927b38e33171faf5158606e8fd8770eff2b6

    Nodes    |    Current Node    |     Objective Bounds      |     Work
 Expl Unexpl |  Obj  Depth IntInf | Incumbent    BestBd   Gap | It/Node Time

<<<<<<< HEAD
     0     0   52.95716    0  115  612.27621   52.95716  91.4%     -    0s
Another try with MIP start
H    0     0                      63.7516712   52.95716  16.9%     -    2s
     0     0   54.38146    0  140   63.75167   54.38146  14.7%     -    3s
     0     0   54.49116    0  127   63.75167   54.49116  14.5%     -    3s
     0     0   54.49809    0  130   63.75167   54.49809  14.5%     -    3s
     0     0   54.49916    0  130   63.75167   54.49916  14.5%     -    3s
     0     0   54.49916    0  130   63.75167   54.49916  14.5%     -    3s
     0     0   55.07724    0  172   63.75167   55.07724  13.6%     -    4s
     0     0   55.11852    0  169   63.75167   55.11852  13.5%     -    4s
     0     0   55.12672    0  173   63.75167   55.12672  13.5%     -    4s
     0     0   55.12675    0  170   63.75167   55.12675  13.5%     -    4s
     0     0   55.68157    0  132   63.75167   55.68157  12.7%     -    5s
     0     0   55.73601    0  147   63.75167   55.73601  12.6%     -    6s
     0     0   55.74892    0  156   63.75167   55.74892  12.6%     -    6s
     0     0   55.75198    0  156   63.75167   55.75198  12.5%     -    6s
     0     0   55.76256    0  134   63.75167   55.76256  12.5%     -    6s
     0     0   55.76284    0  139   63.75167   55.76284  12.5%     -    6s
     0     0   56.30748    0  149   63.75167   56.30748  11.7%     -    8s
     0     0   56.32072    0  156   63.75167   56.32072  11.7%     -    8s
     0     0   56.32351    0  158   63.75167   56.32351  11.7%     -    8s
     0     0   56.32459    0  159   63.75167   56.32459  11.7%     -    8s
     0     0   56.41313    0  137   63.75167   56.41313  11.5%     -    9s
     0     0   56.43329    0  158   63.75167   56.43329  11.5%     -    9s
     0     0   56.43598    0  157   63.75167   56.43598  11.5%     -    9s
     0     0   56.43603    0  158   63.75167   56.43603  11.5%     -    9s
     0     0   56.54631    0  128   63.75167   56.54631  11.3%     -   11s
     0     0   56.58409    0  129   63.75167   56.58409  11.2%     -   12s
     0     0   56.58409    0  155   63.75167   56.58409  11.2%     -   12s
     0     0   56.58409    0  162   63.75167   56.58409  11.2%     -   12s
     0     0   56.60624    0  111   63.75167   56.60624  11.2%     -   13s
     0     0   56.63766    0  119   63.75167   56.63766  11.2%     -   14s
     0     0   56.63939    0  121   63.75167   56.63939  11.2%     -   14s
     0     0   56.64581    0  141   63.75167   56.64581  11.1%     -   15s
     0     0   56.64800    0  145   63.75167   56.64800  11.1%     -   15s
     0     0   56.64808    0  148   63.75167   56.64808  11.1%     -   15s
     0     0   56.67115    0  137   63.75167   56.67115  11.1%     -   16s
     0     0   56.67979    0  148   63.75167   56.67979  11.1%     -   16s
     0     0   56.67979    0  132   63.75167   56.67979  11.1%     -   16s
     0     0   56.69346    0  163   63.75167   56.69346  11.1%     -   18s
     0     0   56.69920    0  180   63.75167   56.69920  11.1%     -   19s
     0     0   56.70034    0  176   63.75167   56.70034  11.1%     -   19s
     0     0   56.72148    0  168   63.75167   56.72148  11.0%     -   20s
     0     0   56.73915    0  150   63.75167   56.73915  11.0%     -   20s
     0     0   56.73915    0  168   63.75167   56.73915  11.0%     -   20s
     0     0   56.73915    0  167   63.75167   56.73915  11.0%     -   20s
     0     0   56.73915    0  160   63.75167   56.73915  11.0%     -   22s
     0     0   56.74203    0  160   63.75167   56.74203  11.0%     -   22s
H    0     0                      62.9511889   56.74560  9.86%     -   23s
     0     2   56.74560    0  155   62.95119   56.74560  9.86%     -   23s
    11    16   56.84407    4  121   62.95119   56.81011  9.76%   189   25s
    56    59   56.96714    7  166   62.95119   56.95536  9.52%   187   30s
H   64    72                      58.4669841   56.96625  2.57%   174   30s
H   85    96                      58.4119981   56.97304  2.46%   153   31s
H   90    96                      58.3891245   56.97336  2.42%   148   31s
H   94    96                      58.2318290   56.97465  2.16%   147   31s
H  102   112                      57.7094814   56.97694  1.27%   143   31s
H  127   125                      57.6522830   56.98828  1.15%   128   32s
H  174   156                      57.6164875   57.01960  1.04%   115   33s
H  227   204                      57.4510256   57.05432  0.69%   115   34s
   240   212   57.07899    9   89   57.45103   57.05850  0.68%   113   35s
H  243   212                      57.3666044   57.05850  0.54%   112   35s

Cutting planes:
  Learned: 5
  Gomory: 15
  Lift-and-project: 66
  Cover: 92
  Implied bound: 106
  Projected implied bound: 7
  Clique: 10
  MIR: 523
  Mixing: 56
  StrongCG: 1
  Flow cover: 841
  Flow path: 1
  GUB cover: 2
  Zero half: 4
  Network: 2
  RLT: 60
  Relax-and-lift: 49

Explored 256 nodes (36589 simplex iterations) in 35.12 seconds (10.07 work units)
Thread count was 8 (of 8 available processors)

Solution count 10: 57.3666 57.451 57.6165 ... 62.9512

Optimal solution found (tolerance 5.00e-03)
Best objective 5.736660444592e+01, best bound 5.708091975400e+01, gap 0.4980%
=======
H    0     0                      63.7516712   52.96219  16.9%     -    1s
     0     0   52.96219    0  116   63.75167   52.96219  16.9%     -    1s
     0     0   54.32640    0  167   63.75167   54.32640  14.8%     -    2s
     0     0   54.41048    0  145   63.75167   54.41048  14.7%     -    2s
     0     0   54.42189    0  143   63.75167   54.42189  14.6%     -    2s
     0     0   54.42469    0  145   63.75167   54.42469  14.6%     -    2s
     0     0   54.42477    0  143   63.75167   54.42477  14.6%     -    2s
     0     0   54.95602    0  169   63.75167   54.95602  13.8%     -    2s
     0     0   54.96770    0  165   63.75167   54.96770  13.8%     -    2s
     0     0   54.96983    0  165   63.75167   54.96983  13.8%     -    2s
     0     0   55.27414    0  153   63.75167   55.27414  13.3%     -    3s
     0     0   55.28707    0  139   63.75167   55.28707  13.3%     -    3s
     0     0   55.28785    0  138   63.75167   55.28785  13.3%     -    3s
     0     0   55.28790    0  139   63.75167   55.28790  13.3%     -    3s
     0     0   55.79827    0  168   63.75167   55.79827  12.5%     -    3s
     0     0   55.82849    0  175   63.75167   55.82849  12.4%     -    3s
     0     0   55.83203    0  172   63.75167   55.83203  12.4%     -    3s
     0     0   55.83240    0  171   63.75167   55.83240  12.4%     -    3s
     0     0   55.96692    0  167   63.75167   55.96692  12.2%     -    4s
     0     0   55.99192    0  169   63.75167   55.99192  12.2%     -    4s
     0     0   55.99295    0  170   63.75167   55.99295  12.2%     -    4s
     0     0   56.12647    0  151   63.75167   56.12647  12.0%     -    5s
     0     0   56.17659    0  168   63.75167   56.17659  11.9%     -    5s
     0     0   56.17767    0  169   63.75167   56.17767  11.9%     -    5s
     0     0   56.33224    0  168   63.75167   56.33224  11.6%     -    6s
     0     0   56.34783    0  182   63.75167   56.34783  11.6%     -    6s
     0     0   56.35252    0  179   63.75167   56.35252  11.6%     -    6s
     0     0   56.35528    0  180   63.75167   56.35528  11.6%     -    6s
     0     0   56.35557    0  171   63.75167   56.35557  11.6%     -    6s
     0     0   56.42881    0  166   63.75167   56.42881  11.5%     -    7s
     0     0   56.44769    0  166   63.75167   56.44769  11.5%     -    7s
     0     0   56.44974    0  168   63.75167   56.44974  11.5%     -    7s
     0     0   56.44983    0  168   63.75167   56.44983  11.5%     -    7s
     0     0   56.46348    0  173   63.75167   56.46348  11.4%     -    7s
     0     0   56.46669    0  173   63.75167   56.46669  11.4%     -    8s
     0     0   56.46773    0  173   63.75167   56.46773  11.4%     -    8s
     0     0   56.47718    0  146   63.75167   56.47718  11.4%     -    8s
     0     0   56.48327    0  154   63.75167   56.48327  11.4%     -    8s
     0     0   56.48337    0  152   63.75167   56.48337  11.4%     -    8s
     0     0   56.53372    0  106   63.75167   56.53372  11.3%     -    9s
H    0     0                      63.0196770   56.53372  10.3%     -    9s
     0     0   56.53724    0  111   63.01968   56.53724  10.3%     -    9s
     0     0   56.53824    0  111   63.01968   56.53824  10.3%     -    9s
     0     0   56.55065    0  106   63.01968   56.55065  10.3%     -    9s
     0     0   56.56274    0  106   63.01968   56.56274  10.2%     -    9s
     0     0   56.56443    0  102   63.01968   56.56443  10.2%     -    9s
     0     0   56.56540    0  107   63.01968   56.56540  10.2%     -    9s
     0     0   56.59651    0  106   63.01968   56.59651  10.2%     -   10s
     0     0   56.60443    0  109   63.01968   56.60443  10.2%     -   10s
     0     0   56.60463    0  108   63.01968   56.60463  10.2%     -   10s
     0     0   56.61923    0  124   63.01968   56.61923  10.2%     -   10s
     0     0   56.62195    0  130   63.01968   56.62195  10.2%     -   10s
     0     0   56.62195    0  130   63.01968   56.62195  10.2%     -   10s
     0     0   56.62547    0  125   63.01968   56.62547  10.1%     -   11s
     0     0   56.62698    0  127   63.01968   56.62698  10.1%     -   11s
     0     0   56.62736    0  121   63.01968   56.62736  10.1%     -   11s
     0     0   56.63103    0  126   63.01968   56.63103  10.1%     -   11s
     0     0   56.63103    0  115   63.01968   56.63103  10.1%     -   12s
     0     2   56.63103    0  113   63.01968   56.63103  10.1%     -   12s
H   26    24                      57.8437423   56.66792  2.03%   149   14s
    27    37   56.67832    5  113   57.84374   56.67168  2.03%   151   15s
H   75    79                      57.7456365   56.68390  1.84%   162   16s
H   77    79                      57.7319748   56.72255  1.75%   168   16s
H   81    79                      57.7119034   56.72255  1.71%   173   16s
H  124   128                      57.6371434   56.83292  1.40%   194   18s
H  125   128                      57.4658264   56.83556  1.10%   193   18s
H  126   128                      57.4031736   56.84848  0.97%   192   18s
   257   248   56.99683   18  146   57.40317   56.90903  0.86%   184   20s
  1235  1136   57.05554   18  189   57.40317   57.05554  0.61%   122   25s
H 1241  1061                      57.2786322   57.05880  0.38%   122   25s

Cutting planes:
  Learned: 3
  Gomory: 27
  Lift-and-project: 54
  Cover: 60
  Implied bound: 189
  Projected implied bound: 16
  Clique: 8
  MIR: 884
  StrongCG: 3
  Flow cover: 1186
  Flow path: 1
  GUB cover: 2
  Zero half: 4
  Network: 9
  RLT: 105
  Relax-and-lift: 38
  PSD: 3

Explored 1269 nodes (162014 simplex iterations) in 25.04 seconds (11.02 work units)
Thread count was 32 (of 32 available processors)

Solution count 10: 57.2786 57.4032 57.4658 ... 63.7517

Optimal solution found (tolerance 5.00e-03)
Best objective 5.727863222650e+01, best bound 5.705982912852e+01, gap 0.3820%
>>>>>>> 7de0927b38e33171faf5158606e8fd8770eff2b6
