
Gurobi 9.5.2 (linux64) logging started Thu Aug 13 17:06:31 2026

Set parameter LogFile to value "/mnt/beegfs/users/celinep/ChargeAndBreak/logs/oracle_RshortCmanyTnone_3__cs100_gurobi.log"
Gurobi Optimizer version 9.5.2 build v9.5.2rc0 (linux64)
Thread count: 16 physical cores, 32 logical processors, using up to 32 threads
Optimize a model with 2564 rows, 1342 columns and 18432 nonzeros
Model fingerprint: 0x3cd5885f
Variable types: 857 continuous, 485 integer (485 binary)
Coefficient statistics:
  Matrix range     [3e-02, 6e+02]
  Objective range  [5e-01, 1e+00]
  Bounds range     [1e+00, 3e+01]
  RHS range        [6e-03, 2e+07]

User MIP start produced solution with objective 39.2631 (0.01s)
Loaded user MIP start with objective 39.2631

Presolve removed 1052 rows and 377 columns
Presolve time: 0.21s
Presolved: 1512 rows, 965 columns, 10599 nonzeros
Variable types: 588 continuous, 377 integer (375 binary)
Root relaxation presolve removed 29 rows and 21 columns
Root relaxation presolved: 1483 rows, 944 columns, 10190 nonzeros


Root relaxation: objective 3.839399e+01, 790 iterations, 0.07 seconds (0.03 work units)

    Nodes    |    Current Node    |     Objective Bounds      |     Work
 Expl Unexpl |  Obj  Depth IntInf | Incumbent    BestBd   Gap | It/Node Time

     0     0   38.39399    0   18   39.26310   38.39399  2.21%     -    0s
H    0     0                      39.2380980   38.39399  2.15%     -    0s
     0     0   38.72451    0   29   39.23810   38.72451  1.31%     -    0s
H    0     0                      38.8198016   38.72451  0.25%     -    0s

Cutting planes:
  Gomory: 18
  Lift-and-project: 10
  Cover: 6
  Implied bound: 20
  Clique: 2
  MIR: 13
  Flow cover: 47
  GUB cover: 1
  Zero half: 1
  RLT: 7
  Relax-and-lift: 9
  PSD: 1

Explored 1 nodes (925 simplex iterations) in 0.60 seconds (0.19 work units)
Thread count was 32 (of 32 available processors)

Solution count 3: 38.8198 39.2381 39.2631 

Optimal solution found (tolerance 5.00e-03)
Best objective 3.881980162467e+01, best bound 3.881980162467e+01, gap 0.0000%
