
Gurobi 9.5.2 (linux64) logging started Wed Aug 12 23:19:29 2026

Set parameter LogFile to value "/mnt/beegfs/users/celinep/ChargeAndBreak/logs/oracle_RlongCfewTtight_6__cs100_gurobi.log"
Gurobi Optimizer version 9.5.2 build v9.5.2rc0 (linux64)
Thread count: 16 physical cores, 32 logical processors, using up to 32 threads
Optimize a model with 8725 rows, 4569 columns and 168464 nonzeros
Model fingerprint: 0x1bfadfb8
Variable types: 2918 continuous, 1651 integer (1651 binary)
Coefficient statistics:
  Matrix range     [3e-02, 2e+03]
  Objective range  [5e-01, 1e+00]
  Bounds range     [1e+00, 6e+01]
  RHS range        [2e-01, 5e+02]

User MIP start did not produce a new incumbent solution

Presolve removed 2932 rows and 976 columns
Presolve time: 2.78s
Presolved: 5793 rows, 3593 columns, 152658 nonzeros
Variable types: 2117 continuous, 1476 integer (1476 binary)
Found heuristic solution: objective 1982.7053486
Root relaxation presolve removed 102 rows and 44 columns
Root relaxation presolved: 5691 rows, 3549 columns, 119548 nonzeros


Root simplex log...

Iteration    Objective       Primal Inf.    Dual Inf.      Time
    2956    5.7289390e+01   2.803860e+06   0.000000e+00      5s
    3907    1.1019171e+02   0.000000e+00   0.000000e+00      5s
    3907    1.1019171e+02   0.000000e+00   0.000000e+00      5s

Root relaxation: objective 1.101917e+02, 3907 iterations, 1.60 seconds (0.87 work units)
Another try with MIP start

    Nodes    |    Current Node    |     Objective Bounds      |     Work
 Expl Unexpl |  Obj  Depth IntInf | Incumbent    BestBd   Gap | It/Node Time

H    0     0                     134.5632044  110.19171  18.1%     -    7s
     0     0  110.19171    0  119  134.56320  110.19171  18.1%     -    7s
     0     0  111.34300    0  242  134.56320  111.34300  17.3%     -    9s
     0     0  111.68558    0  306  134.56320  111.68558  17.0%     -   11s
     0     0  111.69777    0  304  134.56320  111.69777  17.0%     -   12s
     0     0  111.70249    0  278  134.56320  111.70249  17.0%     -   12s
     0     0  111.70336    0  304  134.56320  111.70336  17.0%     -   13s
     0     0  111.70336    0  273  134.56320  111.70336  17.0%     -   13s
     0     0  111.78806    0  274  134.56320  111.78806  16.9%     -   14s
     0     0  111.81154    0  280  134.56320  111.81154  16.9%     -   15s
     0     0  111.81199    0  231  134.56320  111.81199  16.9%     -   15s
     0     0  111.81214    0  254  134.56320  111.81214  16.9%     -   15s
     0     0  111.87702    0  287  134.56320  111.87702  16.9%     -   16s
     0     0  111.87943    0  299  134.56320  111.87943  16.9%     -   16s
     0     0  111.87966    0  293  134.56320  111.87966  16.9%     -   17s
     0     0  111.90664    0  262  134.56320  111.90664  16.8%     -   18s
H    0     0                     134.4815113  111.90664  16.8%     -   18s
     0     0  111.91010    0  216  134.48151  111.91010  16.8%     -   18s
     0     0  111.91081    0  279  134.48151  111.91081  16.8%     -   18s
     0     0  111.91081    0  319  134.48151  111.91081  16.8%     -   19s
     0     0  111.93531    0  255  134.48151  111.93531  16.8%     -   20s
     0     0  111.94321    0  319  134.48151  111.94321  16.8%     -   21s
     0     0  111.94819    0  318  134.48151  111.94819  16.8%     -   21s
     0     0  111.94846    0  333  134.48151  111.94846  16.8%     -   21s
     0     0  111.95621    0  317  134.48151  111.95621  16.7%     -   23s
     0     0  111.96452    0  320  134.48151  111.96452  16.7%     -   23s
     0     0  111.96544    0  306  134.48151  111.96544  16.7%     -   24s
     0     0  111.96747    0  307  134.48151  111.96747  16.7%     -   24s
     0     0  111.96757    0  304  134.48151  111.96757  16.7%     -   24s
     0     0  111.97547    0  319  134.48151  111.97547  16.7%     -   26s
     0     0  111.97879    0  270  134.48151  111.97879  16.7%     -   27s
     0     0  111.97995    0  243  134.48151  111.97995  16.7%     -   27s
     0     0  111.98041    0  247  134.48151  111.98041  16.7%     -   27s
     0     0  111.98062    0  253  134.48151  111.98062  16.7%     -   27s
     0     0  111.98559    0  295  134.48151  111.98559  16.7%     -   28s
     0     0  111.98602    0  321  134.48151  111.98602  16.7%     -   29s
     0     0  111.98611    0  369  134.48151  111.98611  16.7%     -   29s
     0     0  111.99266    0  295  134.48151  111.99266  16.7%     -   30s
     0     0  111.99703    0  329  134.48151  111.99703  16.7%     -   31s
     0     0  111.99887    0  354  134.48151  111.99887  16.7%     -   31s
     0     0  111.99932    0  369  134.48151  111.99932  16.7%     -   31s
     0     0  111.99932    0  370  134.48151  111.99932  16.7%     -   31s
     0     0  112.00669    0  314  134.48151  112.00669  16.7%     -   32s
     0     0  112.01004    0  287  134.48151  112.01004  16.7%     -   33s
     0     0  112.01010    0  400  134.48151  112.01010  16.7%     -   34s
     0     0  112.03157    0  365  134.48151  112.03157  16.7%     -   36s
     0     0  112.03333    0  326  134.48151  112.03333  16.7%     -   36s
     0     0  112.03344    0  358  134.48151  112.03344  16.7%     -   37s
     0     0  112.03985    0  266  134.48151  112.03985  16.7%     -   39s
     0     0  112.04271    0  309  134.48151  112.04271  16.7%     -   39s
     0     0  112.04293    0  308  134.48151  112.04293  16.7%     -   39s
     0     0  112.05367    0  317  134.48151  112.05367  16.7%     -   41s
     0     0  112.05569    0  315  134.48151  112.05569  16.7%     -   42s
     0     0  112.05607    0  324  134.48151  112.05607  16.7%     -   42s
     0     0  112.05898    0  330  134.48151  112.05898  16.7%     -   44s
     0     0  112.06027    0  334  134.48151  112.06027  16.7%     -   45s
     0     0  112.06077    0  341  134.48151  112.06077  16.7%     -   45s
     0     0  112.06078    0  341  134.48151  112.06078  16.7%     -   45s
     0     0  112.07051    0  331  134.48151  112.07051  16.7%     -   48s
     0     0  112.07324    0  316  134.48151  112.07324  16.7%     -   48s
     0     0  112.07325    0  312  134.48151  112.07325  16.7%     -   48s
     0     0  112.07763    0  364  134.48151  112.07763  16.7%     -   50s
     0     0  112.07833    0  295  134.48151  112.07833  16.7%     -   50s
     0     0  112.07836    0  317  134.48151  112.07836  16.7%     -   51s
     0     0  112.08162    0  363  134.48151  112.08162  16.7%     -   52s
     0     0  112.08204    0  365  134.48151  112.08204  16.7%     -   52s
     0     0  112.08738    0  324  134.48151  112.08738  16.7%     -   54s
     0     0  112.08967    0  365  134.48151  112.08967  16.7%     -   55s
     0     0  112.08991    0  368  134.48151  112.08991  16.7%     -   55s
     0     0  112.09419    0  338  134.48151  112.09419  16.6%     -   57s
     0     0  112.09458    0  337  134.48151  112.09458  16.6%     -   57s
     0     0  112.09626    0  349  134.48151  112.09626  16.6%     -   59s
     0     0  112.09694    0  343  134.48151  112.09694  16.6%     -   60s
     0     0  112.09769    0  351  134.48151  112.09769  16.6%     -   60s
     0     0  112.09770    0  345  134.48151  112.09770  16.6%     -   60s
     0     0  112.09862    0  353  134.48151  112.09862  16.6%     -   62s
     0     0  112.09862    0  334  134.48151  112.09862  16.6%     -   64s
     0     2  112.09862    0  256  134.48151  112.09862  16.6%     -   66s
    15    32  112.11673    4  348  134.48151  112.09950  16.6%   408   70s
    63    80  112.11437    7  331  134.48151  112.11437  16.6%   396   75s
H   79    96                     126.2751955  112.11444  11.2%   383   77s
H   81    96                     123.1823827  112.11584  8.98%   387   77s
   111   129  112.13409   10  302  123.18238  112.13056  8.97%   404   80s
H  129   145                     123.0990494  112.13596  8.91%   409   82s
   160   179  113.22220   13  218  123.09905  112.13628  8.91%   463   85s
   222   239  112.14999   16  319  123.09905  112.14999  8.89%   455   91s
H  224   239                     123.0990494  112.14999  8.89%   453   91s
   285   302  112.15280   19  323  123.09905  112.15280  8.89%   451   99s
   301   319  112.15280   20  323  123.09905  112.15280  8.89%   453  101s
   368   393  112.15560   23  281  123.09905  112.15560  8.89%   467  114s
   392   413  112.72039   24  273  123.09905  112.15690  8.89%   478  117s
   452   458  112.25327   17  199  123.09905  112.16397  8.88%   476  120s
   531   548  113.79003   31  215  123.09905  112.16874  8.88%   467  128s
   547   573  114.27029   34  244  123.09905  112.16874  8.88%   478  130s
   684   718  112.63293   41  277  123.09905  112.17584  8.87%   463  137s
   717   734  112.20242   49  318  123.09905  112.17854  8.87%   484  160s
H  722   734                     123.0610405  112.17939  8.84%   486  160s
   775   822  118.51606   54  192  123.06104  112.18400  8.84%   497  166s
   909   930  113.93245   61  201  123.06104  112.19842  8.83%   471  172s
   929  1016  112.20266   25  212  123.06104  112.20266  8.82%   472  175s
  1015  1529  112.21000   16  343  123.06104  112.21000  8.82%   454  181s
  1568  1861  112.41871   18  269  123.06104  112.21000  8.82%   335  186s
  2105  2036  112.57364   24  334  123.06104  112.21299  8.82%   295  205s
  2108  2038  112.21814   72  172  123.06104  112.21299  8.82%   294  214s
  2110  2039  112.38296   17  180  123.06104  112.38296  8.68%   294  215s
  2118  2045  113.16567   49  217  123.06104  112.57807  8.52%   293  222s
  2122  2047  121.78522   39  303  123.06104  112.60750  8.49%   292  229s
  2123  2048  113.26431   41  253  123.06104  112.69611  8.42%   292  239s
  2124  2049  112.70477   39  309  123.06104  112.70477  8.42%   292  240s
  2127  2051  114.13784   37  286  123.06104  112.76332  8.37%   292  250s
  2131  2053  113.13525    7  278  123.06104  112.79986  8.34%   291  266s
  2134  2055  112.81598   28  294  123.06104  112.81598  8.33%   291  272s
  2136  2057  117.06270   48  343  123.06104  112.81673  8.32%   290  275s
  2137  2057  113.22234   27  256  123.06104  112.82653  8.32%   290  284s
  2139  2059  113.34531   25  301  123.06104  112.82772  8.32%   290  286s
  2142  2061  112.83579   26  367  123.06104  112.83579  8.31%   290  292s
  2143  2061  114.15180   26  291  123.06104  112.83978  8.31%   289  297s
  2145  2063  112.84073   40  345  123.06104  112.84073  8.31%   289  300s
H 2145  1959                     123.0610397  112.84073  8.31%   289  304s
  2146  1959  112.84409   52  344  123.06104  112.84409  8.30%   289  305s
H 2149  1862                     123.0610394  112.84556  8.30%   289  312s
  2150  1863  113.90037   34  302  123.06104  112.85074  8.30%   288  316s
  2152  1864  112.85171   17  332  123.06104  112.85171  8.30%   288  320s
  2153  1865  118.51436   47  228  123.06104  112.85690  8.29%   288  327s
  2154  1866  114.76383   13  237  123.06104  112.85738  8.29%   288  330s
  2155  1866  113.32037   41  216  123.06104  112.86062  8.29%   288  339s
  2156  1867  119.06158   30  267  123.06104  112.86100  8.29%   288  343s
  2157  1868  116.69718   44  271  123.06104  112.86371  8.29%   288  347s
  2158  1868  113.06046   35  296  123.06104  112.86373  8.29%   287  351s
  2159  1869  115.60510   23  301  123.06104  112.86620  8.28%   287  359s
  2160  1870  121.71780   29  281  123.06104  112.86620  8.28%   287  363s
  2162  1872  121.77154   14  334  123.06104  112.86620  8.28%   307  366s
  2164  1873  113.36073   15  111  123.06104  112.86620  8.28%   307  370s
  2165  1874  115.41449    5  236  123.06104  112.86620  8.28%   307  376s
  2172  1879  112.86620   26  152  123.06104  112.86620  8.28%   306  386s
  2178  1883  113.05348   26  247  123.06104  112.87135  8.28%   305  397s
  2181  1885  121.93258   20  290  123.06104  112.87313  8.28%   305  400s
  2182  1885  112.88729   38  174  123.06104  112.88729  8.27%   304  407s
  2184  1887  112.88846   31  233  123.06104  112.88846  8.27%   304  410s
  2185  1887  112.89858   33  265  123.06104  112.89858  8.26%   304  416s
  2188  1889  113.65721   40  187  123.06104  112.91020  8.25%   304  422s
  2191  1891  121.93258   28  330  123.06104  112.91210  8.25%   303  426s
  2192  1892  112.92195   26  272  123.06104  112.92195  8.24%   303  432s
  2193  1893  121.78522   42  242  123.06104  112.92210  8.24%   303  435s
  2198  1896  113.91937   14  299  123.06104  112.93451  8.23%   302  442s
  2199  1897  113.46876   39  250  123.06104  112.94183  8.22%   302  448s
  2200  1897  113.47748   30  301  123.06104  112.94202  8.22%   302  451s
  2201  1898  114.05442   12  220  123.06104  112.94689  8.22%   302  455s
  2203  1899  117.40768   20  271  123.06104  112.94988  8.22%   302  460s
  2205  1901  112.95224   24  268  123.06104  112.95224  8.21%   301  472s
  2206  1901  112.95239   15  363  123.06104  112.95239  8.21%   301  476s
  2207  1902  113.79956   21  261  123.06104  112.95361  8.21%   301  480s
  2209  1903  115.29010   57  278  123.06104  112.95470  8.21%   301  490s
  2210  1904  112.95470   17  273  123.06104  112.95470  8.21%   301  498s
  2211  1905  117.06270   48  273  123.06104  112.95837  8.21%   300  500s
  2212  1908  112.95837   21  221  123.06104  112.95837  8.21%   315  512s
  2214  1911  112.95901   22  216  123.06104  112.95901  8.21%   316  520s
  2236  1934  112.99680   25  243  123.06104  112.98617  8.19%   318  526s
  2252  1945  113.01584   26  241  123.06104  113.00149  8.17%   318  534s
  2268  1954  113.01126   27  230  123.06104  113.01126  8.17%   318  537s
  2300  1970  113.01441   29  252  123.06104  113.01146  8.17%   318  541s
  2369  2023  113.02719   34  119  123.06104  113.02626  8.15%   321  545s
  2413  2055  113.03037   36  173  123.06104  113.02752  8.15%   321  550s
  2542  2143  113.03701   48  157  123.06104  113.03701  8.15%   320  555s
  2597  2135  120.36428   49  107  123.06104  113.03823  8.14%   318  568s
  2613  2181  113.04047   54  167  123.06104  113.04047  8.14%   322  570s
  2791  2241  113.05139   68  134  123.06104  113.05139  8.13%   318  585s
  2952  2387  114.17865   70  194  123.06104  113.07809  8.11%   310  591s
  3413  2722  113.62415   77  144  123.06104  113.11176  8.08%   287  595s
  4258  3238  117.50887   44  223  123.06104  113.12486  8.07%   258  600s
  5269  4090  122.19687   79  114  123.06104  113.14064  8.06%   233  606s
  6210  4583  115.18775   45  193  123.06104  113.14361  8.06%   210  611s
  6743  4967  113.59534   50  162  123.06104  113.14945  8.05%   203  615s
  7866  5273  113.16970   31  189  123.06104  113.15143  8.05%   187  620s
  9406  6831  114.54431   50  184  123.06104  113.15362  8.05%   170  627s
  9821  7474  114.85246   52  179  123.06104  113.16011  8.05%   169  630s
 11179  8893  115.16083   58  227  123.06104  113.16311  8.04%   159  636s
 12890 10291  113.77316   44  193  123.06104  113.16791  8.04%   148  641s
 14547 11905  115.58235   70  147  123.06104  113.17172  8.04%   140  649s
 15278 11936  116.01445   45  176  123.06104  113.17333  8.03%   138  656s
 15309 12878  116.06180   51  169  123.06104  113.17491  8.03%   139  660s
 16286 12887  113.44080   54  193  123.06104  113.17692  8.03%   135  666s
 16302 13484  114.19980   72  118  123.06104  113.17798  8.03%   136  671s
 16937 14338  113.82757   41  245  123.06104  113.17880  8.03%   134  676s
 17827 15232  113.32302   39  207  123.06104  113.17978  8.03%   131  681s
 18762 16286  113.18343   44  216  123.06104  113.18167  8.03%   130  685s
 19982 17074  114.96921   54  147  123.06104  113.18268  8.03%   127  690s
 20836 18127  113.18799   71  212  123.06104  113.18445  8.03%   127  699s
 22149 18421  114.57010   66  199  123.06104  113.18584  8.02%   124  707s
 22454 20799  113.87463   59  132  123.06104  113.18817  8.02%   123  714s
 25020 22228  113.34687   71  197  123.06104  113.18936  8.02%   117  719s
 26571 23548  117.10846   57  111  123.06104  113.19148  8.02%   114  725s
 27986 24682  117.71108   66  163  123.06104  113.19322  8.02%   112  732s
 29207 25519  113.21950   40  142  123.06104  113.19353  8.02%   111  737s
 30163 25996  113.19922   51  217  123.06104  113.19576  8.02%   111  744s
 30693 27441  114.56879   50   88  123.06104  113.19692  8.02%   111  751s
 32235 28916  114.51400   38  181  123.06104  113.19809  8.01%   110  759s
 33776 29170  113.20106   50  238  123.06104  113.19952  8.01%   108  764s
 34061 30511  115.71820   57  152  123.06104  113.20008  8.01%   108  772s
 35463 32047  113.94730   96  139  123.06104  113.20154  8.01%   108  781s
 37103 33995  114.19695   39  254  123.06104  113.20293  8.01%   108  792s
 39172 35064  113.23474   29  243  123.06104  113.20518  8.01%   106  804s
 40342 36958  114.52509   62  164  123.06104  113.20645  8.01%   106  813s
 42433 39526  113.22426   44  151  123.06104  113.20767  8.01%   105  830s
 45170 41130  113.76514   77  152  123.06104  113.21079  8.00%   105  841s
 46892 43034  114.43733   67  163  123.06104  113.21294  8.00%   104  848s
 48899 45059  114.60216   58   54  123.06104  113.21425  8.00%   104  859s
 51079 45648  113.23352   39  210  123.06104  113.21624  8.00%   103  866s
 51780 47794  113.21798   56  244  123.06104  113.21788  8.00%   103  874s
 54195 49222  113.81309   85  227  123.06104  113.21961  8.00%   103  883s
 55898 50814  114.07492   44  144  123.06104  113.22111  8.00%   102  889s
 57924 52529  113.83713   55  164  123.06104  113.22243  7.99%   103  900s
 59785 54434  114.48944   45  194  123.06104  113.22319  7.99%   103  911s
 62038 56127  114.88716   42  152  123.06104  113.22431  7.99%   103  921s
 63876 58388  113.22535   40  246  123.06104  113.22535  7.99%   103  932s
 66353 59776  113.68890   41  261  123.06104  113.22535  7.99%   102  943s
 67805 60316  114.11740   51  243  123.06104  113.22779  7.99%   102  960s
 68424 63274  113.25250   46  146  123.06104  113.22883  7.99%   102  979s
 71650 65258  118.67676   49  162  123.06104  113.23023  7.99%   102  993s
 73805 66948  119.69105   65  114  123.06104  113.23123  7.99%   102 1010s
 75580 69286  115.17980   46  185  123.06104  113.23328  7.99%   103 1026s
 78312 71804  113.46579   57  147  123.06104  113.23473  7.98%   103 1041s
 81124 74167  119.05811  104  178  123.06104  113.23666  7.98%   102 1051s
H81342 74167                     123.0610394  113.23667  7.98%   102 1051s
 83587 76426  113.29623   51  216  123.06104  113.23869  7.98%   102 1061s
 86003 78825  113.28775   40  169  123.06104  113.24084  7.98%   102 1074s
 86749 78825  113.48758   46  151  123.06104  113.24097  7.98%   102 1075s
 88606 79488  113.24390   49  140  123.06104  113.24211  7.98%   102 1087s
 89319 81577  113.24253   31  354  123.06104  113.24247  7.98%   102 1099s
 91522 83513  113.27217   34  299  123.06104  113.24365  7.98%   103 1117s
 93636 85912  114.60852   98  258  123.06104  113.24528  7.98%   103 1132s
 96700 88058  114.19751   61  106  123.06104  113.24659  7.98%   103 1147s
 99010 90934  116.54796   47  121  123.06104  113.24797  7.97%   102 1162s
 102174 93112  114.66582   50  127  123.06104  113.24980  7.97%   102 1174s
 104619 96027  113.31136   46  156  123.06104  113.25200  7.97%   102 1188s
 107756 98878  115.51094   43  143  123.06104  113.25348  7.97%   101 1206s
 110761 99810  113.26368   70  244  123.06104  113.25492  7.97%   101 1222s
 111852 102513  113.25663   38  269  123.06104  113.25564  7.97%   101 1239s
 114735 104550  113.66861   74  215  123.06104  113.25676  7.97%   101 1253s
 116909 106787  113.41979   59  228  123.06104  113.25850  7.97%   101 1267s
 119388 107506  114.37247   63  277  123.06104  113.25964  7.96%   102 1285s
 120233 109735  113.74063   45  101  123.06104  113.26008  7.96%   102 1295s
 122639 112227  113.65842   59  177  123.06104  113.26143  7.96%   102 1309s
 125306 114299  116.06598   73   73  123.06104  113.26294  7.96%   102 1322s
 127723 116591  113.33008   40  162  123.06104  113.26396  7.96%   102 1336s
 130192 118773  113.78003   69   57  123.06104  113.26568  7.96%   102 1347s
 132589 120833  113.30969   33  292  123.06104  113.26703  7.96%   102 1358s
 134976 122832  114.08695   87  207  123.06104  113.26764  7.96%   103 1373s
 137440 123378  115.76566   48  119  123.06104  113.26959  7.96%   103 1387s
 138083 125508  121.35136   63  134  123.06104  113.27037  7.96%   103 1402s
 140435 127129  113.29530   51  228  123.06104  113.27151  7.96%   103 1413s
 142230 129785  113.94927   87  256  123.06104  113.27260  7.95%   103 1426s
 145298 131810  113.70776   77  192  123.06104  113.27400  7.95%   103 1441s
 147734 134354  113.28353   66  127  123.06104  113.27547  7.95%   103 1455s
 150512 136208  113.45620   69  309  123.06104  113.27682  7.95%   103 1468s
 152593 138571  113.78311   45  224  123.06104  113.27776  7.95%   103 1483s
 155158 140766  113.61867   98  185  123.06104  113.27931  7.95%   103 1495s
 157630 142854  114.75108   75  155  123.06104  113.28083  7.95%   104 1503s
 160014 144715  113.91564   68  161  123.06104  113.28200  7.95%   104 1516s
 162178 146927  119.74723   62  121  123.06104  113.28279  7.95%   104 1530s
 164625 149353  113.30379   33  246  123.06104  113.28427  7.94%   104 1543s
 167256 151485  113.33774   52  200  123.06104  113.28571  7.94%   104 1557s
 169524 152777  113.46279   59  170  123.06104  113.28671  7.94%   104 1577s
 170919 154755  113.57786   41  147  123.06104  113.28820  7.94%   104 1595s
 172999 157364  113.69284   89  161  123.06104  113.28970  7.94%   104 1615s
 175905 159305  116.03792   41  130  123.06104  113.29114  7.94%   104 1628s
 177966 161364  113.35976   40  258  123.06104  113.29266  7.94%   104 1640s
 180162 163009  114.83484   77  182  123.06104  113.29402  7.94%   104 1656s
 181905 165637  113.90967   50  222  123.06104  113.29461  7.94%   105 1668s
 184784 166994  113.32778   59  219  123.06104  113.29628  7.93%   104 1683s
 186299 168914  115.95701   45  193  123.06104  113.29780  7.93%   104 1697s
 188330 171229  113.58804   45  245  123.06104  113.29917  7.93%   105 1710s
 190861 173469  113.73429   60  224  123.06104  113.30070  7.93%   105 1723s
 193256 175103  113.36118   50  198  123.06104  113.30230  7.93%   105 1743s
 195035 177697  113.58316   45  138  123.06104  113.30326  7.93%   105 1764s
 197789 179324  113.70270   69  195  123.06104  113.30496  7.93%   105 1776s
 199626 179554  113.31836   48  226  123.06104  113.30588  7.93%   105 1799s
 199868 180245  113.91294   50  154  123.06104  113.30642  7.93%   105 1810s
 200599 181223  115.63934   44  143  123.06104  113.30690  7.93%   105 1825s
 201642 185373  113.75921   52  164  123.06104  113.30754  7.93%   105 1841s
 206271 188261  114.43685   58   95  123.06104  113.30972  7.92%   105 1858s
 209405 190842  115.67611   56   91  123.06104  113.31142  7.92%   105 1872s
 212263 193314  114.42404   68  161  123.06104  113.31329  7.92%   105 1885s
 214873 195481  113.70333   41  151  123.06104  113.31456  7.92%   105 1897s
 217276 197876  113.88275   70  178  123.06104  113.31613  7.92%   105 1913s
 219851 199289  115.97887   47  124  123.06104  113.31704  7.92%   105 1926s
 221390 202213  115.29462   76  210  123.06104  113.31761  7.92%   105 1938s
 224589 204779  115.70237   66   95  123.06104  113.31950  7.92%   105 1953s
 227387 207237  114.52820   75  194  123.06104  113.32153  7.91%   105 1966s
 230299 209091  113.72708   86  181  123.06104  113.32233  7.91%   105 1978s
 232521 210794  114.84602   53  162  123.06104  113.32398  7.91%   105 1991s
 234494 212498  113.96620   35  260  123.06104  113.32534  7.91%   105 2004s
 236037 212498  114.37504   37  233  123.06104  113.32569  7.91%   105 2005s
 236354 215230  113.98978   58  175  123.06104  113.32636  7.91%   105 2017s
 239299 218137  113.79554   84  162  123.06104  113.32848  7.91%   105 2039s
 242434 218640  113.41843   44  190  123.06104  113.32976  7.91%   105 2057s
 242979 221384  114.06849   47  239  123.06104  113.33081  7.91%   105 2076s
 245888 223284  114.01187   64  119  123.06104  113.33238  7.91%   105 2094s
 248116 224109  114.02308   68  194  123.06104  113.33337  7.90%   105 2107s
 249004 225909  114.65892   65  203  123.06104  113.33407  7.90%   105 2118s
 250953 228703  118.27806   91  154  123.06104  113.33502  7.90%   105 2139s
 253365 228703  113.65225   47  124  123.06104  113.33558  7.90%   105 2140s
 254144 230874  114.43654   51  200  123.06104  113.33699  7.90%   105 2156s
 256445 232991  113.61900   39  268  123.06104  113.33806  7.90%   105 2173s
 258911 235297  114.67712   49  231  123.06104  113.33923  7.90%   105 2193s
 261428 236890  116.05020   60  285  123.06104  113.34081  7.90%   105 2216s
 263196 240066  114.44206   51  208  123.06104  113.34173  7.90%   105 2239s
 266800 242806  116.63554   53  183  123.06104  113.34341  7.90%   105 2255s
 269739 245116  115.25084   76  128  123.06104  113.34504  7.90%   105 2266s
 272398 247414  114.64362   71  128  123.06104  113.34651  7.89%   105 2278s
 274952 249372  113.50488   32  327  123.06104  113.34769  7.89%   105 2288s
 277177 251153  113.35631   40  245  123.06104  113.34769  7.89%   106 2300s
 279133 253402  113.88571   43  212  123.06104  113.35018  7.89%   106 2312s
 281682 255487  114.05625   63  160  123.06104  113.35151  7.89%   106 2326s
 283921 257518  114.59568   41  141  123.06104  113.35328  7.89%   106 2343s
 286206 257666  113.82727   51  218  123.06104  113.35508  7.89%   106 2392s
 286359 260640  114.23916   49  204  123.06104  113.35570  7.89%   106 2415s
 289609 263156  113.92799   65  113  123.06104  113.35756  7.89%   106 2427s
 292424 265013  114.85560   78  146  123.06104  113.35933  7.88%   106 2442s
 294431 267591  113.73127   54  128  123.06104  113.36042  7.88%   106 2455s
 297284 269791  113.57853   49  162  123.06104  113.36232  7.88%   106 2467s
 299790 271957  114.36565   63  196  123.06104  113.36422  7.88%   106 2484s
 302360 274680  113.38901   69  191  123.06104  113.36528  7.88%   106 2502s
 305298 276224  115.27787   57  121  123.06104  113.36700  7.88%   106 2520s
 306977 279488  114.11144   62  172  123.06104  113.36815  7.88%   106 2543s
 310754 281796  113.66480   67  157  123.06104  113.37028  7.87%   106 2562s
 313333 284394  113.95691   92  116  123.06104  113.37183  7.87%   106 2579s
 316422 286788  115.97689   78  173  123.06104  113.37332  7.87%   106 2594s
H317520 286788                     123.0610392  113.37361  7.87%   106 2594s
 319023 289407  113.47475   65  166  123.06104  113.37491  7.87%   106 2607s
 321780 291830  115.10378   49  179  123.06104  113.37676  7.87%   106 2620s
 324412 293804  117.11334   45  184  123.06104  113.37848  7.87%   106 2636s
 326593 296040  114.10301   45   87  123.06104  113.38023  7.87%   106 2656s
 329163 298545  114.09129   69  149  123.06104  113.38200  7.87%   106 2671s
 331892 300563  113.97016   55   41  123.06104  113.38316  7.86%   106 2685s
 334175 303073  114.30865   60  143  123.06104  113.38416  7.86%   106 2697s
 336864 305251  113.71819   32  192  123.06104  113.38610  7.86%   106 2708s
 339257 307349  114.57455   59  114  123.06104  113.38742  7.86%   106 2723s
 341588 308843  115.07018   49  163  123.06104  113.38937  7.86%   106 2735s
 343226 309709  116.74828  103  104  123.06104  113.39013  7.86%   106 2746s
 344147 310538  116.36293   69  197  123.06104  113.39102  7.86%   106 2759s
 345024 311513  113.41988   27  214  123.06104  113.39177  7.86%   106 2770s
 346125 312447  113.50425   69  227  123.06104  113.39247  7.86%   106 2783s
 347203 313262  113.66652   75  197  123.06104  113.39368  7.86%   106 2797s
 348101 315688  114.34977   49  187  123.06104  113.39425  7.86%   107 2829s
 350713 318790  115.22716   90  183  123.06104  113.39582  7.85%   106 2854s
 354385 320551  116.27521   96  235  123.06104  113.39718  7.85%   106 2875s
 356351 325494  114.26937   40  164  123.06104  113.39904  7.85%   106 2905s
 362092 326572  114.39084   57  131  123.06104  113.40202  7.85%   106 2922s
 363279 330205  114.41030   46  208  123.06104  113.40295  7.85%   106 2940s
 367524 333238  116.41758   50  154  123.06104  113.40635  7.85%   106 2957s
 370864 334544  116.64600   40   68  123.06104  113.40922  7.84%   107 2970s
 372297 337019  113.77381   55  264  123.06104  113.41039  7.84%   107 2986s
 374960 340767  116.11715   37  203  123.06104  113.41213  7.84%   107 3008s
 379147 343074  113.98267   62  203  123.06104  113.41505  7.84%   107 3025s
 381787 345410  113.67989   66  244  123.06104  113.41733  7.84%   107 3044s
 384579 347181  114.79981   59  210  123.06104  113.41912  7.84%   107 3064s
 386566 349485  118.49872   81   89  123.06104  113.42075  7.83%   107 3076s
 389364 351342  113.54098   60  152  123.06104  113.42326  7.83%   107 3088s
 391359 353667  114.07311   76  102  123.06104  113.42496  7.83%   107 3105s
 394002 355583  113.76316   44  246  123.06104  113.42679  7.83%   107 3117s
 396133 357207  120.11711   51  173  123.06104  113.42959  7.83%   107 3132s
 398036 357961  113.99311   67  234  123.06104  113.43125  7.83%   107 3144s
 398847 359729  114.02265   65  203  123.06104  113.43227  7.82%   107 3152s
 400844 360738  119.83829   79  234  123.06104  113.43414  7.82%   107 3172s
 401987 363209  114.30626   81  134  123.06104  113.43585  7.82%   107 3184s
 404810 364798     cutoff   52       123.06104  113.43781  7.82%   107 3199s
 406539 365715  114.57245   49  176  123.06104  113.43934  7.82%   107 3212s
 407516 368406  114.43404   78  173  123.06104  113.44171  7.82%   107 3231s
 410772 370237  115.91025   40  150  123.06104  113.44432  7.81%   107 3243s
 412868 372218  113.61067   39  289  123.06104  113.44566  7.81%   107 3257s
 415158 374419  114.32143   53  213  123.06104  113.44731  7.81%   108 3271s
 417591 376339  116.17174   75  136  123.06104  113.45060  7.81%   108 3284s
 420047 376729  116.48626   83  135  123.06104  113.45231  7.81%   108 3301s
 420496 379108  114.43543   70  172  123.06104  113.45328  7.81%   108 3312s
 423090 380479  114.66663   54  110  123.06104  113.45461  7.81%   108 3329s
 424622 382095  116.34110   71  128  123.06104  113.45601  7.81%   108 3340s
 426528 384180  114.38174   69  145  123.06104  113.45837  7.80%   108 3356s
 429002 385067  118.25297   67  124  123.06104  113.46005  7.80%   108 3369s
 429976 387921     cutoff   61       123.06104  113.46118  7.80%   108 3380s
 433206 389114  114.13535   77  177  123.06104  113.46399  7.80%   108 3394s
 434591 391243  114.82540   41  155  123.06104  113.46503  7.80%   108 3406s
 436970 393164  119.69604   46  165  123.06104  113.46696  7.80%   108 3421s
 439214 395056  114.27282   76  201  123.06104  113.46925  7.79%   108 3434s
 441431 397190  115.90993   75  178  123.06104  113.47127  7.79%   109 3448s
 443805 399195 infeasible   72       123.06104  113.47347  7.79%   109 3458s
 446092 400713  114.79311   44  223  123.06104  113.47511  7.79%   109 3469s
 447781 402687  116.55298   48  136  123.06104  113.47723  7.79%   109 3482s
 450000 404767  116.98575   71  188  123.06104  113.47922  7.79%   109 3498s
 452513 405668  114.29376   67  334  123.06104  113.48218  7.78%   109 3513s
 453558 406528  120.36937   82  147  123.06104  113.48329  7.78%   109 3523s
 454501 408822  114.28510   55  158  123.06104  113.48415  7.78%   109 3534s
 457277 409818  116.82063   90  119  123.06104  113.48672  7.78%   110 3542s
 458401 413697  115.54536   64  166  123.06104  113.48866  7.78%   110 3561s
 462761 414973  114.01604   39  178  123.06104  113.49129  7.78%   110 3572s
 464214 416053  115.22268   49  135  123.06104  113.49372  7.77%   110 3583s
 465419 418922  114.83342   44  163  123.06104  113.49536  7.77%   110 3598s
 468755 421483  116.39124   43   75  123.06104  113.49834  7.77%   110 3612s
 471879 423470  115.58855   46  134  123.06104  113.50064  7.77%   110 3623s
 474231 425660  113.94366   56  154  123.06104  113.50289  7.77%   110 3634s
 476711 427747  114.04120   73  214  123.06104  113.50563  7.76%   110 3644s
 479089 429351  114.23042   47  217  123.06104  113.50721  7.76%   110 3656s
 480864 431574  115.48618   50  176  123.06104  113.51004  7.76%   111 3668s
 483414 433874  115.95544   36  153  123.06104  113.51169  7.76%   111 3680s
 486001 434793  113.75498   72  171  123.06104  113.51449  7.76%   111 3693s
 487091 436703  115.91239   73  125  123.06104  113.51644  7.76%   111 3705s
 489214 438922  115.15108   50  221  123.06104  113.51825  7.75%   111 3717s
 491916 439781  114.07152   64  165  123.06104  113.52152  7.75%   111 3729s
 492865 442225  117.72091   65  178  123.06104  113.52306  7.75%   111 3747s
 495569 443762  113.55371   54  150  123.06104  113.52516  7.75%   111 3760s
 497305 445554  113.97971   49  120  123.06104  113.52800  7.75%   112 3770s
 499414 446525  117.08245   46  120  123.06104  113.53031  7.74%   112 3782s
 500518 447347  119.64293   76  180  123.06104  113.53243  7.74%   112 3792s
 501422 451720  116.04958   97  105  123.06104  113.53403  7.74%   112 3817s
 507088 452630  114.03701   73  108  123.06104  113.53865  7.74%   112 3830s
 508093 454995  119.56084  103  182  123.06104  113.54177  7.74%   112 3841s
 510746 457044  115.46305   47  227  123.06104  113.54475  7.73%   112 3852s
 513034 457969  113.54839   42  154  123.06104  113.54802  7.73%   112 3861s
 514119 460189  113.88073   75  263  123.06104  113.54894  7.73%   113 3873s
 516595 462778  113.91712   70  191  123.06104  113.55178  7.73%   113 3887s
 519608 465115  113.95516   79  193  123.06104  113.55405  7.73%   113 3898s
 522285 465972     cutoff   81       123.06104  113.55619  7.72%   113 3909s
 523254 468966  114.76322   78  270  123.06104  113.55823  7.72%   113 3932s
 526600 470342  115.94338   69  214  123.06104  113.56179  7.72%   113 3946s
 528133 473208  115.07815   54  172  123.06104  113.56411  7.72%   113 3964s
 531475 476250  113.97291   80  185  123.06104  113.56833  7.71%   113 3982s
 534935 477510  113.82188   48  258  123.06104  113.57200  7.71%   114 3998s
 536382 480229  113.80656   33  191  123.06104  113.57409  7.71%   114 4015s
 539543 482591  114.78803   59  207  123.06104  113.57712  7.71%   114 4030s
 542388 485281  115.77523   78  114  123.06104  113.58037  7.70%   114 4042s
 545432 487100  115.51887   68  153  123.06104  113.58412  7.70%   114 4050s
 547663 489470  116.67689   77  174  123.06104  113.58678  7.70%   114 4062s
 550336 490918  115.79670   57  168  123.06104  113.58892  7.70%   114 4074s
 552027 491787  113.61720   88  174  123.06104  113.59161  7.69%   114 4084s
 552985 493904  116.54314   87  155  123.06104  113.59285  7.69%   114 4095s
 555466 496197  115.57059   44  166  123.06104  113.59510  7.69%   115 4107s
 558142 498158  113.72888   50  168  123.06104  113.59777  7.69%   115 4117s
 560325 498967  116.37717   81  132  123.06104  113.60048  7.69%   115 4127s
 561409 501553  114.88443   94  124  123.06104  113.60246  7.69%   115 4143s
 564529 502672  115.44584  117  194  123.06104  113.60536  7.68%   115 4156s
 565850 504903  114.87095   68  173  123.06104  113.60642  7.68%   115 4173s
 568470 506914  115.03834   47  141  123.06104  113.60868  7.68%   115 4185s
 570717 507725  113.61796   67  265  123.06104  113.61045  7.68%   115 4195s
 571630 510069  115.92593   60  227  123.06104  113.61176  7.68%   115 4207s
 574303 512014  115.09156   74  172  123.06104  113.61406  7.68%   115 4221s
 576560 514019  113.65016   61  355  123.06104  113.61645  7.67%   115 4236s
 578845 515987  114.33979   74  132  123.06104  113.61881  7.67%   116 4249s
 581088 516819     cutoff   50       123.06104  113.62232  7.67%   116 4263s
 582070 518949  114.22508   62  144  123.06104  113.62338  7.67%   116 4276s
 584598 521412  117.83975   46  247  123.06104  113.62584  7.67%   116 4291s
 587511 523457  115.73030   75  211  123.06104  113.62885  7.66%   116 4306s
 589969 524361     cutoff   44       123.06104  113.63191  7.66%   116 4317s
 591075 526658  114.88754   78  146  123.06104  113.63278  7.66%   116 4332s
 593829 528690  114.78036   39  263  123.06104  113.63618  7.66%   116 4349s
 596233 529771  114.09817   41  287  123.06104  113.63865  7.66%   116 4363s
 597512 532356  115.03841   70  201  123.06104  113.64010  7.66%   116 4380s
 600681 534762     cutoff   45       123.06104  113.64325  7.65%   117 4395s
 603568 535902     cutoff   64       123.06104  113.64543  7.65%   117 4407s
 604872 538663  114.51045   38  202  123.06104  113.64759  7.65%   117 4423s
 608085 540674  113.81836   65  177  123.06104  113.65015  7.65%   117 4440s
 610469 542889  114.14952   76  198  123.06104  113.65278  7.65%   117 4454s
 613336 543694  114.40333   51  261  123.06104  113.65615  7.64%   117 4468s
 614265 545457     cutoff   47       123.06104  113.65722  7.64%   117 4477s
 616405 546264  113.77117   64  224  123.06104  113.65954  7.64%   117 4489s
 617349 548384  120.38313   57  196  123.06104  113.66109  7.64%   117 4501s
 619974 550432  113.85128   32  314  123.06104  113.66270  7.64%   117 4514s
 622492 551252  116.52311   93  140  123.06104  113.66666  7.63%   117 4528s
 623441 553561     cutoff   58       123.06104  113.66887  7.63%   117 4544s
 626428 555189  114.57815   80  121  123.06104  113.67085  7.63%   118 4558s
 628597 556081  113.90889   63  226  123.06104  113.67379  7.63%   118 4567s
 629645 560568  114.19794   62  196  123.06104  113.67525  7.63%   118 4590s
 635001 562973     cutoff   69       123.06104  113.68118  7.62%   118 4607s
 637897 565034  115.54776   76  155  123.06104  113.68476  7.62%   118 4619s
 640347 565929     cutoff   51       123.06104  113.68725  7.62%   118 4633s
 641419 568290  113.98543   49   52  123.06104  113.68939  7.62%   118 4646s
 644195 570541  116.32642   60  136  123.06104  113.69255  7.61%   118 4662s
 646849 571569  117.42886   85  191  123.06104  113.69622  7.61%   119 4674s
 648075 573835  119.47565   49  200  123.06104  113.69738  7.61%   119 4689s
 650807 575726  114.31224   82  254  123.06104  113.70015  7.61%   119 4705s
 653134 577526  114.48169   77  145  123.06104  113.70268  7.60%   119 4717s
 655411 579512  113.74036   54  238  123.06104  113.70545  7.60%   119 4730s
 657937 580446     cutoff   67       123.06104  113.70870  7.60%   119 4743s
 659084 582615  120.07513   58  137  123.06104  113.71047  7.60%   119 4757s
 661729 584970  114.10629   56  121  123.06104  113.71388  7.60%   120 4771s
 664512 587012     cutoff   49       123.06104  113.71751  7.59%   120 4783s
 666939 587963     cutoff   82       123.06104  113.72051  7.59%   120 4796s
 668033 590177     cutoff   47       123.06104  113.72234  7.59%   120 4811s
 670679 592080     cutoff   46       123.06104  113.72500  7.59%   120 4827s
 673244 593930  114.31418   74   74  123.06104  113.72840  7.58%   120 4842s
 675494 594959  114.76302   90  158  123.06104  113.73088  7.58%   120 4855s
 676638 597485  114.53963   28  179  123.06104  113.73272  7.58%   120 4872s
 679850 599693  114.57675   84  145  123.06104  113.73646  7.58%   121 4888s
 682598 601868  116.67116   48  184  123.06104  113.73999  7.57%   121 4904s
 685285 603645  114.58115   50  174  123.06104  113.74283  7.57%   121 4917s
 687618 604671 infeasible   65       123.06104  113.74622  7.57%   121 4929s
 688924 606901  114.70270   61  215  123.06104  113.74837  7.57%   121 4944s
 691736 608800  116.01868   63  142  123.06104  113.75217  7.56%   121 4954s
 694218 609651     cutoff   68       123.06104  113.75451  7.56%   122 4965s
 695306 613879  115.95959   95  188  123.06104  113.75704  7.56%   122 4990s
 700591 614948  116.16118   61   66  123.06104  113.76277  7.56%   122 5006s
 701878 617399  117.17045   49  126  123.06104  113.76527  7.55%   122 5022s
 704970 619836     cutoff  117       123.06104  113.76820  7.55%   122 5038s
 708318 621883     cutoff   69       123.06104  113.77111  7.55%   122 5050s
 711037 623796  114.72998   65  228  123.06104  113.77405  7.55%   122 5063s
 713392 624818  117.68337   79  122  123.06104  113.77613  7.54%   122 5079s
 714601 625915     cutoff   93       123.06104  113.77863  7.54%   122 5093s
 716089 626691  120.17107   49  132  123.06104  113.77999  7.54%   123 5106s
 717084 628700  117.45237   99  137  123.06104  113.78159  7.54%   123 5132s
 719709 630719  116.29772   61  132  123.06104  113.78513  7.54%   123 5159s
 722186 632619  116.25204   75  164  123.06104  113.78949  7.53%   123 5185s
 724702 634603  114.91008   87   88  123.06104  113.79455  7.53%   123 5211s
 727302 636493     cutoff   58       123.06104  113.79795  7.53%   124 5233s
 729801 638347     cutoff   61       123.06104  113.80302  7.52%   124 5261s
 732205 640196  113.97193   67  116  123.06104  113.80567  7.52%   124 5284s
 734722 642166     cutoff   52       123.06104  113.80953  7.52%   124 5309s
 737165 642166  114.63478   50  209  123.06104  113.81212  7.52%   125 5310s
 737301 643007  115.54452   84  144  123.06104  113.81232  7.52%   125 5325s
 738472 644804  116.25915   62  107  123.06104  113.81499  7.51%   125 5350s
 740696 646891  114.35123   78  182  123.06104  113.81862  7.51%   125 5376s
 743311 648623     cutoff   96       123.06104  113.82209  7.51%   125 5400s
 745870 650241     cutoff   66       123.06104  113.82488  7.51%   125 5422s
 748154 651991     cutoff   70       123.06104  113.82981  7.50%   126 5446s
 750743 653626     cutoff   41       123.06104  113.83445  7.50%   126 5471s
 753151 655393  114.45151   67  172  123.06104  113.83861  7.49%   126 5495s
 755683 659499  119.56360   69  143  123.06104  113.84233  7.49%   126 5520s
 761574 660232     cutoff   84       123.06104  113.85001  7.48%   126 5534s
 762312 660232  117.89654   55  252  123.06104  113.85078  7.48%   126 5535s
 762679 664837  116.78314   38  153  123.06104  113.85309  7.48%   126 5562s
 770150 665151  114.57428   85  335  123.06104  113.85991  7.48%   126 5574s
 770833 665890     cutoff   48       123.06104  113.86176  7.48%   126 5586s
 771966 666570     cutoff   49       123.06104  113.86353  7.47%   126 5598s
 773008 667308     cutoff   64       123.06104  113.86510  7.47%   126 5611s
 774099 668353  114.60379   52  207  123.06104  113.86726  7.47%   126 5624s
 775582 669350  115.58754   55  154  123.06104  113.86970  7.47%   126 5640s
 777177 670563  113.93851   84  140  123.06104  113.87357  7.47%   127 5656s
 778966 671695  120.68529   43  202  123.06104  113.87585  7.46%   127 5674s
 780776 674657     cutoff   88       123.06104  113.87968  7.46%   127 5693s
 785735 675452     cutoff   92       123.06104  113.88545  7.46%   127 5706s
 787046 678758     cutoff   89       123.06104  113.88754  7.45%   127 5728s
 792670 679221     cutoff   78       123.06104  113.89557  7.45%   127 5740s
 793374 680225  118.97071   50  192  123.06104  113.89691  7.45%   127 5754s
 793602 680225     cutoff   53       123.06104  113.89703  7.45%   127 5755s
 794919 680975 infeasible   69       123.06104  113.89906  7.45%   127 5769s
 796262 681847     cutoff   66       123.06104  113.90185  7.44%   127 5785s
 797818 683577 infeasible   58       123.06104  113.90514  7.44%   127 5801s
 800584 684330     cutoff   75       123.06104  113.90946  7.44%   127 5815s
 801952 685446  116.26864   76  166  123.06104  113.91213  7.43%   127 5830s
 803727 688545 infeasible   49       123.06104  113.91505  7.43%   127 5848s
 808164 689286  118.65742   53  181  123.06104  113.92051  7.43%   127 5864s
 809389 691004  117.44948   77  155  123.06104  113.92335  7.43%   128 5882s
 812117 694865 infeasible   66       123.06104  113.92606  7.42%   128 5905s
 818246 695579     cutoff   59       123.06104  113.93480  7.42%   127 5919s
 819510 696331     cutoff   91       123.06104  113.93668  7.41%   128 5932s
 820889 697247  116.73991   55  120  123.06104  113.93927  7.41%   128 5947s
 822656 698214  115.43487   46  103  123.06104  113.94362  7.41%   128 5960s
 824328 699163  120.14589   60  161  123.06104  113.94662  7.41%   128 5973s
 825952 700495     cutoff   73       123.06104  113.94924  7.40%   128 5988s
 828153 703976  114.41800   48  191  123.06104  113.95427  7.40%   128 6004s
 833515 704671     cutoff   63       123.06104  113.96075  7.39%   128 6016s
 834814 706079     cutoff   74       123.06104  113.96354  7.39%   128 6038s
 837227 707691     cutoff   62       123.06104  113.96743  7.39%   128 6057s
 840001 713358     cutoff   61       123.06104  113.97021  7.39%   128 6080s
 848230 714273  118.64029   47  206  123.06104  113.98125  7.38%   128 6092s
 849778 715170  117.22103   60  200  123.06104  113.98298  7.38%   128 6103s
 851271 717032     cutoff   52       123.06104  113.98428  7.38%   128 6116s
 854338 717904     cutoff   90       123.06104  113.99014  7.37%   128 6127s
 855863 718958  118.87930   37  124  123.06104  113.99315  7.37%   128 6145s
 858140 720296     cutoff   61       123.06104  113.99610  7.37%   129 6163s
 860623 725873  114.70389   50  198  123.06104  114.00003  7.36%   129 6185s
 869339 726555     cutoff   58       123.06104  114.00927  7.36%   128 6196s
 870598 727386     cutoff   46       123.06104  114.01173  7.35%   128 6208s
 872298 728310  115.43408   40  129  123.06104  114.01394  7.35%   128 6221s
 874162 729276     cutoff   72       123.06104  114.01827  7.35%   129 6234s
 874976 729276  117.24123   37  146  123.06104  114.01855  7.35%   129 6235s
 875954 731468 infeasible   72       123.06104  114.02124  7.35%   129 6246s
 879371 732226 infeasible   87       123.06104  114.02560  7.34%   129 6256s
 880660 733130  114.90114   64  210  123.06104  114.02874  7.34%   129 6267s
 882290 735220     cutoff   75       123.06104  114.03108  7.34%   129 6281s
 885703 736205  114.48802   90   94  123.06104  114.03511  7.33%   129 6295s
 887368 738846     cutoff   62       123.06104  114.03723  7.33%   129 6309s
 891553 739887     cutoff   72       123.06104  114.04377  7.33%   129 6321s
 893304 742610  115.18572   74  156  123.06104  114.04759  7.32%   129 6334s
 897559 745107  119.92580   54  137  123.06104  114.05243  7.32%   129 6349s
 897958 745107  115.72584   84  211  123.06104  114.05268  7.32%   129 6350s
 901525 745671  115.96691   56  138  123.06104  114.05715  7.32%   129 6359s
 902671 746474     cutoff   56       123.06104  114.05957  7.31%   129 6373s
 904128 748893     cutoff   93       123.06104  114.06208  7.31%   129 6387s
 907861 749619     cutoff   60       123.06104  114.06681  7.31%   129 6398s
 909207 752035     cutoff   65       123.06104  114.06939  7.31%   129 6410s
 912868 752817  114.27554   77  226  123.06104  114.07367  7.30%   129 6419s
 914231 753668  114.66907   84  238  123.06104  114.07621  7.30%   129 6430s
 915843 756389  116.12410   75  129  123.06104  114.07879  7.30%   129 6445s
 920393 757218  117.23016   75  104  123.06104  114.08429  7.29%   129 6464s
 922058 758941     cutoff   64       123.06104  114.08735  7.29%   129 6486s
 925191 762678     cutoff   58       123.06104  114.09270  7.29%   129 6510s
 931590 763466  117.39460   85  161  123.06104  114.10041  7.28%   129 6525s
 933056 764520  114.30308   80  177  123.06104  114.10173  7.28%   129 6541s
 935135 765460  114.16533   89  124  123.06104  114.10368  7.28%   129 6558s
 936978 768543  115.16590  105  161  123.06104  114.10795  7.28%   129 6577s
 942186 769463  119.59184   96  177  123.06104  114.11471  7.27%   129 6592s
 943933 773089     cutoff   73       123.06104  114.11766  7.27%   129 6616s
 951328 773546  116.18261   55  158  123.06104  114.12404  7.26%   129 6628s
 952612 774160     cutoff   77       123.06104  114.12617  7.26%   129 6639s
 954090 774936  117.75374   79  107  123.06104  114.12899  7.26%   129 6650s
 955649 777079     cutoff   70       123.06104  114.13142  7.26%   129 6663s
 959808 777788  120.49668   82  206  123.06104  114.13641  7.25%   129 6677s
 961477 779795     cutoff   60       123.06104  114.13911  7.25%   129 6692s
 965814 780601  114.79915   51  210  123.06104  114.14421  7.25%   129 6705s
 967619 785052     cutoff   59       123.06104  114.14686  7.24%   129 6731s
 976096 785667     cutoff  106       123.06104  114.15547  7.24%   129 6743s
 977445 786137  116.01986   65  109  123.06104  114.15690  7.24%   129 6756s
 978490 786766  115.11246   96  147  123.06104  114.15868  7.23%   129 6770s
 979949 788545     cutoff   60       123.06104  114.16162  7.23%   129 6785s
 983637 789074     cutoff   61       123.06104  114.16589  7.23%   129 6799s
 985256 789866  114.64776   81  199  123.06104  114.16940  7.23%   129 6814s
 986862 791844  115.30102   68  270  123.06104  114.17180  7.22%   129 6836s
 990920 792203     cutoff   90       123.06104  114.17703  7.22%   129 6850s
 992162 792837  119.96825   87   73  123.06104  114.17952  7.22%   129 6866s
 993803 794048  115.56740   59  191  123.06104  114.18211  7.22%   130 6887s
 996548 795167 infeasible  112       123.06104  114.18552  7.21%   130 6904s
 999051 795167  115.90029   52  198  123.06104  114.18815  7.21%   130 6905s
 999250 796205  118.54577   50  177  123.06104  114.19049  7.21%   130 6923s
 1001598 799211     cutoff   65       123.06104  114.19435  7.21%   130 6945s
 1006943 800110  114.82116   84  218  123.06104  114.20104  7.20%   130 6965s
 1009041 801830  121.34125   57  161  123.06104  114.20411  7.20%   130 6984s
 1013396 802257     cutoff   79       123.06104  114.21090  7.19%   130 6999s
 1014349 802257     cutoff  101       123.06104  114.21141  7.19%   130 7000s
 1014736 804563     cutoff   79       123.06104  114.21207  7.19%   130 7018s
 1019099 805396  117.18742   91  110  123.06104  114.21789  7.19%   130 7030s
 1020945 807168  115.84679   63  136  123.06104  114.22014  7.18%   130 7045s
 1024808 807907  116.99957   92  108  123.06104  114.22545  7.18%   130 7058s
 1026576 809840  116.74276   95  168  123.06104  114.22801  7.18%   130 7076s
 1031151 811232  115.49005   72  124  123.06104  114.23267  7.17%   130 7093s
 1034893 811694     cutoff   81       123.06104  114.23810  7.17%   130 7106s
 1036730 812335     cutoff  108       123.06104  114.24182  7.17%   130 7120s
 1038865 813297     cutoff   91       123.06104  114.24330  7.17%   130 7138s
 1041865 813908  115.35724   79  226  123.06104  114.24817  7.16%   130 7157s
 1044497 814820     cutoff   66       123.06104  114.25309  7.16%   130 7174s
 1047231 815669     cutoff   51       123.06104  114.25572  7.16%   130 7191s
 1049957 816872     cutoff   99       123.06104  114.26137  7.15%   130 7200s

Cutting planes:
  Learned: 10
  Gomory: 105
  Lift-and-project: 2
  Cover: 406
  Implied bound: 1050
  Clique: 11
  MIR: 657
  StrongCG: 4
  Flow cover: 1491
  Inf proof: 160
  Zero half: 68
  Network: 2
  RLT: 63
  Relax-and-lift: 109
  BQP: 1
  PSD: 8

Explored 1052972 nodes (136471033 simplex iterations) in 7200.14 seconds (3817.58 work units)
Thread count was 32 (of 32 available processors)

Solution count 10: 123.061 123.061 123.061 ... 134.563

Time limit reached
Best objective 1.230610392449e+02, best bound 1.142648228172e+02, gap 7.1478%
