
Gurobi 9.5.2 (linux64) logging started Tue Jul 28 11:36:24 2026

Set parameter LogFile to value "logs/oracle_RshortCmanyTlarge_26_gurobi.log"
Gurobi Optimizer version 9.5.2 build v9.5.2rc0 (linux64)
Thread count: 16 physical cores, 32 logical processors, using up to 32 threads
Optimize a model with 3044 rows, 1742 columns and 10415 nonzeros
Model fingerprint: 0x34aee81c
Variable types: 1092 continuous, 650 integer (650 binary)
Coefficient statistics:
  Matrix range     [4e-02, 7e+02]
  Objective range  [1e+00, 1e+00]
  Bounds range     [1e+00, 1e+00]
  RHS range        [2e-02, 5e+02]
Presolve removed 1073 rows and 427 columns
Presolve time: 0.07s
Presolved: 1971 rows, 1315 columns, 8764 nonzeros
Variable types: 793 continuous, 522 integer (522 binary)

Root relaxation: objective 3.511088e+01, 1539 iterations, 0.10 seconds (0.05 work units)

    Nodes    |    Current Node    |     Objective Bounds      |     Work
 Expl Unexpl |  Obj  Depth IntInf | Incumbent    BestBd   Gap | It/Node Time

     0     0   35.11088    0  137          -   35.11088      -     -    0s
H    0     0                      53.4368221   35.11088  34.3%     -    0s
     0     0   35.71791    0  143   53.43682   35.71791  33.2%     -    0s
H    0     0                      50.5440423   35.71791  29.3%     -    0s
     0     0   35.74822    0  146   50.54404   35.74822  29.3%     -    0s
     0     0   35.74978    0  147   50.54404   35.74978  29.3%     -    0s
     0     0   36.52745    0  119   50.54404   36.52745  27.7%     -    1s
     0     0   36.54894    0  118   50.54404   36.54894  27.7%     -    1s
     0     0   36.55139    0  121   50.54404   36.55139  27.7%     -    1s
     0     0   36.55305    0  121   50.54404   36.55305  27.7%     -    1s
     0     0   36.55306    0  121   50.54404   36.55306  27.7%     -    1s
     0     0   36.92507    0  101   50.54404   36.92507  26.9%     -    1s
     0     0   36.97971    0  103   50.54404   36.97971  26.8%     -    1s
     0     0   36.98110    0  102   50.54404   36.98110  26.8%     -    1s
     0     0   36.98127    0  102   50.54404   36.98127  26.8%     -    1s
     0     0   37.24374    0  121   50.54404   37.24374  26.3%     -    2s
     0     0   37.24977    0  123   50.54404   37.24977  26.3%     -    2s
     0     0   37.24985    0  122   50.54404   37.24985  26.3%     -    2s
     0     0   37.27131    0  123   50.54404   37.27131  26.3%     -    2s
     0     0   37.27661    0  130   50.54404   37.27661  26.2%     -    2s
     0     0   37.27662    0  130   50.54404   37.27662  26.2%     -    2s
     0     0   37.28326    0  141   50.54404   37.28326  26.2%     -    2s
     0     0   37.28359    0  140   50.54404   37.28359  26.2%     -    2s
H    0     0                      41.5959889   37.28359  10.4%     -    2s
     0     0   37.28362    0  140   41.59599   37.28362  10.4%     -    2s
     0     0   37.28751    0  141   41.59599   37.28751  10.4%     -    2s
     0     0   37.29662    0  111   41.59599   37.29662  10.3%     -    3s
H    0     0                      41.5178715   37.29995  10.2%     -    3s
     0     2   37.29995    0  110   41.51787   37.29995  10.2%     -    4s
H   45    43                      41.4939315   37.42106  9.82%  41.9    4s
H   50    43                      41.1846401   37.42106  9.14%  41.1    4s
H   87    51                      41.1434759   37.54183  8.75%  31.7    4s
H   92    51                      41.0658412   37.54183  8.58%  32.2    4s
H  154    51                      41.0454595   37.54183  8.54%  26.3    4s
   217    56   40.39221    7   82   41.04546   37.55519  8.50%  25.2    5s
H  440    78                      41.0445653   37.55519  8.50%  21.4    5s
*  623    55              20      41.0414097   37.85436  7.77%  21.8    6s

Cutting planes:
  Learned: 2
  Gomory: 6
  Cover: 30
  Implied bound: 80
  Clique: 1
  MIR: 84
  Flow cover: 84
  Network: 2
  RLT: 16
  Relax-and-lift: 6

Explored 926 nodes (22733 simplex iterations) in 6.54 seconds (1.07 work units)
Thread count was 32 (of 32 available processors)

Solution count 10: 41.0414 41.0446 41.0455 ... 50.544

Optimal solution found (tolerance 5.00e-03)
Best objective 4.104140974265e+01, best bound 4.104140974265e+01, gap 0.0000%
