
Gurobi 9.5.2 (linux64) logging started Tue Jul 28 19:56:28 2026

Set parameter LogFile to value "logs/oracle_RmediumCmanyTlarge_12_gurobi.log"
Gurobi Optimizer version 9.5.2 build v9.5.2rc0 (linux64)
Thread count: 16 physical cores, 32 logical processors, using up to 32 threads
Optimize a model with 4400 rows, 2530 columns and 15189 nonzeros
Model fingerprint: 0x01aa6cb7
Variable types: 1582 continuous, 948 integer (948 binary)
Coefficient statistics:
  Matrix range     [4e-02, 1e+03]
  Objective range  [1e+00, 1e+00]
  Bounds range     [1e+00, 1e+00]
  RHS range        [6e-03, 5e+02]
Presolve removed 1441 rows and 545 columns
Presolve time: 0.27s
Presolved: 2959 rows, 1985 columns, 13144 nonzeros
Variable types: 1188 continuous, 797 integer (797 binary)

Root relaxation: objective 4.824006e+01, 3285 iterations, 0.58 seconds (0.13 work units)

    Nodes    |    Current Node    |     Objective Bounds      |     Work
 Expl Unexpl |  Obj  Depth IntInf | Incumbent    BestBd   Gap | It/Node Time

     0     0   48.24006    0  263          -   48.24006      -     -    1s
     0     0   49.32672    0  260          -   49.32672      -     -    2s
     0     0   49.36809    0  278          -   49.36809      -     -    2s
     0     0   49.37079    0  259          -   49.37079      -     -    2s
     0     0   50.43029    0  249          -   50.43029      -     -    2s
     0     0   50.47340    0  248          -   50.47340      -     -    3s
     0     0   50.47704    0  256          -   50.47704      -     -    3s
     0     0   50.47710    0  266          -   50.47710      -     -    3s
H    0     0                      79.4192944   51.26577  35.4%     -    3s
     0     0   51.26577    0  205   79.41929   51.26577  35.4%     -    3s
     0     0   51.32044    0  211   79.41929   51.32044  35.4%     -    4s
     0     0   51.34692    0  209   79.41929   51.34692  35.3%     -    4s
     0     0   51.34855    0  205   79.41929   51.34855  35.3%     -    4s
     0     0   51.64962    0  190   79.41929   51.64962  35.0%     -    5s
     0     0   51.73489    0  174   79.41929   51.73489  34.9%     -    5s
     0     0   51.75808    0  172   79.41929   51.75808  34.8%     -    5s
     0     0   51.76040    0  171   79.41929   51.76040  34.8%     -    5s
     0     0   51.76371    0  178   79.41929   51.76371  34.8%     -    5s
     0     0   51.76381    0  179   79.41929   51.76381  34.8%     -    5s
     0     0   51.79122    0  192   79.41929   51.79122  34.8%     -    6s
     0     0   51.80339    0  213   79.41929   51.80339  34.8%     -    6s
     0     0   51.80364    0  219   79.41929   51.80364  34.8%     -    6s
     0     0   51.87912    0  150   79.41929   51.87912  34.7%     -    6s
     0     0   51.88248    0  216   79.41929   51.88248  34.7%     -    6s
     0     0   51.88248    0  216   79.41929   51.88248  34.7%     -    6s
     0     0   51.90195    0  191   79.41929   51.90195  34.6%     -    7s
     0     0   51.90300    0  171   79.41929   51.90300  34.6%     -    7s
     0     0   51.90305    0  205   79.41929   51.90305  34.6%     -    7s
     0     0   51.92332    0  197   79.41929   51.92332  34.6%     -    7s
     0     0   51.92334    0  203   79.41929   51.92334  34.6%     -    7s
     0     0   51.92340    0  203   79.41929   51.92340  34.6%     -    8s
     0     0   51.93066    0  206   79.41929   51.93066  34.6%     -    8s
     0     0   51.93066    0  146   79.41929   51.93066  34.6%     -    9s
H    0     0                      78.9899447   51.93066  34.3%     -   10s
H    0     0                      73.6471848   51.93066  29.5%     -   11s
H    0     0                      72.5109578   51.93066  28.4%     -   11s
     0     2   51.93066    0  144   72.51096   51.93066  28.4%     -   11s
H   79    88                      72.4902716   52.00466  28.3%  86.7   15s
H   81    88                      72.4160513   52.00466  28.2%  85.6   15s
H   82    88                      72.3197583   52.00466  28.1%  84.7   15s
H   84    88                      72.2493846   52.00466  28.0%  83.5   15s
H  127   130                      64.3991671   52.00466  19.2%  65.2   17s
H  128   130                      62.5128745   52.00466  16.8%  64.9   17s
H  177   145                      61.3389395   52.00466  15.2%  52.9   27s
H  187   145                      60.4788791   52.00466  14.0%  54.6   27s
H  243   196                      60.1548752   52.00466  13.5%  54.4   30s
H  323   261                      60.1023811   52.00466  13.5%  51.2   31s
H  418   329                      60.0726959   52.00466  13.4%  46.7   34s
H  506   399                      60.0715419   52.00466  13.4%  43.1   38s
H  510   399                      60.0412239   52.00466  13.4%  43.1   38s
H  511   399                      60.0116069   52.00466  13.3%  43.0   38s
   621   473   58.37838   28  145   60.01161   52.00466  13.3%  41.7   42s
H  622   473                      60.0104529   52.00466  13.3%  41.6   42s
H  715   541                      59.9579588   52.00466  13.3%  41.1   46s
  1816  1022   53.18933    9  188   59.95796   52.06007  13.2%  40.5   50s
  4062  1496   53.75730   31  186   59.95796   52.10361  13.1%  39.9   55s
H 6205  1754                      59.8449403   52.31208  12.6%  39.8   60s
  6208  1746   59.46719   12  265   59.84494   52.31208  12.6%  39.8   68s
  6209  1747   58.73823   40  155   59.84494   52.31208  12.6%  39.8   72s
  6214  1750   58.75146   17  144   59.84494   52.90421  11.6%  39.7   76s
  6222  1756   59.35906   37  172   59.84494   53.47707  10.6%  39.7   80s
  6229  1760   59.55718   33  127   59.84494   53.78680  10.1%  39.6   86s
  6234  1764   59.75018   28  190   59.84494   53.85635  10.0%  39.6   90s
  6240  1768   58.74384   23  221   59.84494   53.88872  10.0%  39.6   95s
  6245  1771   59.61534   30  231   59.84494   53.89299  9.95%  39.5  100s
  6249  1775   59.62349   29  256   59.84494   53.89299  9.95%  41.6  106s
  6254  1779   59.60153   66  188   59.84494   53.89343  9.94%  41.6  110s
  6261  1783   57.28315   65  131   59.84494   53.94751  9.85%  41.5  116s
  6266  1787   56.43030   48  139   59.84494   53.96462  9.83%  41.5  121s
  6269  1792   54.50020   24  145   59.84494   54.22516  9.39%  42.8  131s
  6271  1794   54.53169   25  139   59.84494   54.53169  8.88%  42.8  138s
  6275  1800   54.53512   26  136   59.84494   54.53512  8.87%  42.9  141s
  6296  1830   54.55224   28  127   59.84494   54.54389  8.86%  43.6  147s
  6354  1871   54.55462   30  119   59.84494   54.55462  8.84%  45.4  155s
H 6374  1775                      59.8449395   54.55474  8.84%  45.7  155s
  6418  1812   54.55734   31  118   59.84494   54.55506  8.84%  46.5  172s
  6623  1948   54.57718   34  100   59.84494   54.57718  8.80%  48.7  175s
  7082  2191   54.60763   39   70   59.84494   54.59341  8.78%  50.4  181s
  7589  2460   54.61319   44  111   59.84494   54.59341  8.78%  52.2  185s
  8556  2727   54.94067   56   33   59.84494   54.59341  8.78%  53.7  190s
  9529  2969     cutoff   74        59.84494   54.59341  8.78%  55.2  197s
 10114  3304     cutoff   86        59.84494   54.59536  8.77%  54.8  200s
 11393  3619   56.63714   62  104   59.84494   54.59536  8.77%  55.1  205s
 12753  4535   57.53651   89  124   59.84494   54.68035  8.63%  55.6  210s
 14090  5390   55.39729   34  199   59.84494   54.85221  8.34%  56.6  215s
 15391  6123   55.63912   55  195   59.84494   54.85221  8.34%  57.9  221s
 16200  6673   56.75492   67   93   59.84494   54.85221  8.34%  58.8  226s
 17417  7247   56.49298   44  120   59.84494   55.03391  8.04%  61.5  231s
 18046  7657   57.54926   67  126   59.84494   55.03391  8.04%  62.7  235s
 19617  8267   57.39552   59  101   59.84494   55.29953  7.60%  64.0  254s
 19660  8460   57.39751   60   88   59.84494   55.29953  7.60%  64.2  257s
 20617  9168   58.54758   90   29   59.84494   55.34272  7.52%  64.4  261s
 22046  9934   58.23198   43  135   59.84494   55.38260  7.46%  65.2  266s
 23720 10499   57.13203   53  170   59.84494   55.39671  7.43%  65.1  271s
 24686 11454     cutoff   65        59.84494   55.52535  7.22%  65.6  276s
 25542 11680   56.85044   35  169   59.84494   55.52624  7.22%  65.9  283s
 26007 12280   56.86454   36  139   59.84494   55.52624  7.22%  66.1  286s
 28006 13250     cutoff   41        59.84494   55.56199  7.16%  66.4  292s
 28937 13746     cutoff   54        59.84494   55.59586  7.10%  66.9  295s
 30135 13769   58.50558   45  117   59.84494   55.59586  7.10%  67.3  317s
 30175 13789   58.50922   46  122   59.84494   55.59586  7.10%  67.4  332s
 30227 14344   58.55625   47  119   59.84494   55.60398  7.09%  67.4  336s
 33007 15662   56.83039   48  130   59.84494   55.64132  7.02%  68.0  342s
 34252 15989   59.01681   72   85   59.84494   55.64132  7.02%  68.4  346s
 35097 16430   56.70431   52  131   59.84494   55.65036  7.01%  69.1  350s
 36213 17066   58.43662   47  149   59.84494   55.66413  6.99%  69.7  355s
 38928 18405     cutoff   67        59.84494   55.72144  6.89%  70.5  362s
 40179 18880   57.14017   56  150   59.84494   55.72416  6.89%  71.5  366s
 41507 19381   57.45071   49  123   59.84494   55.72426  6.89%  72.3  371s
 42727 19921   59.05639   54   52   59.84494   55.72426  6.89%  72.8  376s
 44068 20564   59.16892   48  128   59.84494   55.78247  6.79%  73.8  381s
 45449 21074   58.54134   77   76   59.84494   55.79669  6.76%  74.7  386s
 47160 21451   59.26443   61  100   59.84494   55.83506  6.70%  75.3  391s
 48277 22089   58.22858   46  126   59.84494   55.83980  6.69%  76.1  396s
 49712 22614   57.60608   62   81   59.84494   55.83980  6.69%  77.4  404s
 51524 23350 infeasible   50        59.84494   55.89491  6.60%  78.3  411s
 53480 23998   57.23318   60  148   59.84494   55.92236  6.55%  78.9  418s
 55069 24893   56.90859   53  130   59.84494   56.00969  6.41%  79.1  425s
 57483 25980   57.16843   43  179   59.84494   56.07054  6.31%  79.2  433s
 60413 25981   57.21996   73  146   59.84494   56.13535  6.20%  78.5  493s
 60415 25982   58.19815   46  253   59.84494   56.13535  6.20%  78.5  495s
 60420 25986   57.15960   47  173   59.84494   56.13535  6.20%  78.5  500s
 60422 25987   58.28663   48  161   59.84494   56.13535  6.20%  78.5  506s
 60423 25988   57.30349   69  130   59.84494   56.13535  6.20%  78.5  510s
 60427 25990   58.03094   48  160   59.84494   56.13535  6.20%  78.5  517s
 60429 25992   57.64079   65  227   59.84494   56.13535  6.20%  78.5  520s
 60430 25992   57.51924   51  178   59.84494   56.13535  6.20%  78.5  525s
 60432 25994   58.10053   78  134   59.84494   56.13535  6.20%  78.5  532s
 60434 25995   59.19041   57  165   59.84494   56.13535  6.20%  78.5  538s
 60435 25996   58.07195   58  172   59.84494   56.13535  6.20%  78.5  541s
 60437 25997   57.02544   50  183   59.84494   56.13535  6.20%  78.5  546s
 60439 25998   56.84388   48  194   59.84494   56.13535  6.20%  78.5  550s
 60441 26000   59.28097   40  171   59.84494   56.13535  6.20%  78.5  555s
 60444 26002   56.64850   55  190   59.84494   56.13535  6.20%  78.5  563s
 60446 26003   57.72131   58  182   59.84494   56.13535  6.20%  78.5  566s
 60448 26004   58.36788   72  175   59.84494   56.13535  6.20%  78.5  571s
 60450 26006   56.62072   60  181   59.84494   56.13535  6.20%  78.5  576s
 60452 26007   58.13289   77  164   59.84494   56.13535  6.20%  78.5  582s
 60454 26008   58.05994   87  161   59.84494   56.13535  6.20%  78.5  586s
 60456 26010   59.77834   43  163   59.84494   56.13535  6.20%  78.5  590s
 60458 26011   57.78799   35  163   59.84494   56.13535  6.20%  78.5  595s
 60461 26016   56.13535   33  220   59.84494   56.13535  6.20%  78.7  607s
 60463 26018   56.13535   34  177   59.84494   56.13535  6.20%  78.7  613s
 60467 26019   56.22105   35  205   59.84494   56.13535  6.20%  78.7  622s
 60474 26019     cutoff   36        59.84494   56.13535  6.20%  78.7  629s
 60483 26021   56.83500   37  151   59.84494   56.13535  6.20%  78.7  636s
 60494 26027   56.93759   38  172   59.84494   56.13535  6.20%  78.8  641s
 60536 26045   57.00601   40  172   59.84494   56.13535  6.20%  78.8  648s
 60568 26055   57.06114   41  138   59.84494   56.13535  6.20%  78.8  650s
 60600 26065   57.64248   42  154   59.84494   56.13535  6.20%  78.9  657s
 60686 26095 infeasible   42        59.84494   56.13535  6.20%  78.9  661s
 60740 26107     cutoff   42        59.84494   56.13535  6.20%  78.9  665s
 61219 26120   56.30439   51  155   59.84494   56.13535  6.20%  78.8  670s
 61865 26107     cutoff   48        59.84494   56.24218  6.02%  78.9  675s
 62465 26050   57.72381   50  182   59.84494   56.24218  6.02%  78.8  682s
 62691 26067   57.73703   59  194   59.84494   56.24218  6.02%  78.8  685s
 62851 25998   57.75814   60  162   59.84494   56.24218  6.02%  78.9  749s
 62919 25968   57.75873   61  159   59.84494   56.24218  6.02%  78.9  754s
 62985 25960   57.76077   62  169   59.84494   56.24218  6.02%  78.9  758s
 63034 25997   57.76279   63  178   59.84494   56.24218  6.02%  78.9  760s
 63939 25899   58.72598   77  158   59.84494   56.24218  6.02%  78.9  765s
 65084 25484   57.28478   65  171   59.84494   56.57152  5.47%  79.0  770s
 66534 24825     cutoff   73        59.84494   57.27743  4.29%  78.9  776s
 67835 23959   57.51957   64  148   59.84494   57.29846  4.26%  78.8  780s

Cutting planes:
  Learned: 4
  Gomory: 87
  Cover: 98
  Implied bound: 87
  Projected implied bound: 2
  Clique: 6
  MIR: 198
  StrongCG: 1
  Flow cover: 461
  Inf proof: 2
  Zero half: 2
  Network: 1
  RLT: 14
  Relax-and-lift: 20

Explored 69178 nodes (5431253 simplex iterations) in 784.22 seconds (106.12 work units)
Thread count was 32 (of 32 available processors)

Solution count 10: 59.8449 59.8449 59.8449 ... 60.1024

Optimal solution found (tolerance 5.00e-03)
Best objective 5.984494027666e+01, best bound 5.984494027666e+01, gap 0.0000%
