
Gurobi 9.5.2 (linux64) logging started Mon Aug  3 11:13:04 2026

Set parameter LogFile to value "logs/oracle_RmediumCfewTnone_3__cs90_gurobi.log"
Gurobi Optimizer version 9.5.2 build v9.5.2rc0 (linux64)
Thread count: 16 physical cores, 32 logical processors, using up to 32 threads
Optimize a model with 5228 rows, 2813 columns and 63289 nonzeros
Model fingerprint: 0xe8ab465c
Variable types: 1782 continuous, 1031 integer (1031 binary)
Coefficient statistics:
  Matrix range     [3e-02, 1e+03]
  Objective range  [1e+00, 1e+00]
  Bounds range     [1e+00, 4e+01]
  RHS range        [2e-01, 2e+07]

User MIP start did not produce a new incumbent solution

Presolve removed 1761 rows and 613 columns
Presolve time: 0.39s
Presolved: 3467 rows, 2200 columns, 54432 nonzeros
Variable types: 1314 continuous, 886 integer (886 binary)
Found heuristic solution: objective 1149.6495529
Root relaxation presolve removed 133 rows and 36 columns
Root relaxation presolved: 3334 rows, 2164 columns, 31614 nonzeros


Root relaxation: objective 6.217067e+01, 2462 iterations, 0.35 seconds (0.32 work units)
Another try with MIP start

    Nodes    |    Current Node    |     Objective Bounds      |     Work
 Expl Unexpl |  Obj  Depth IntInf | Incumbent    BestBd   Gap | It/Node Time

H    0     0                      74.4202645   62.17067  16.5%     -    1s
     0     0   62.17067    0  130   74.42026   62.17067  16.5%     -    1s
     0     0   64.03252    0  128   74.42026   64.03252  14.0%     -    1s
     0     0   64.03641    0  127   74.42026   64.03641  14.0%     -    2s
     0     0   64.03729    0  117   74.42026   64.03729  14.0%     -    2s
     0     0   64.03729    0  121   74.42026   64.03729  14.0%     -    2s
     0     0   64.37334    0  141   74.42026   64.37334  13.5%     -    2s
     0     0   64.38993    0  152   74.42026   64.38993  13.5%     -    2s
     0     0   64.39601    0  167   74.42026   64.39601  13.5%     -    2s
     0     0   64.39613    0  165   74.42026   64.39613  13.5%     -    2s
     0     0   64.56676    0  169   74.42026   64.56676  13.2%     -    3s
     0     0   64.59246    0  152   74.42026   64.59246  13.2%     -    3s
     0     0   64.59354    0  151   74.42026   64.59354  13.2%     -    3s
     0     0   64.59354    0  151   74.42026   64.59354  13.2%     -    3s
     0     0   64.64259    0  191   74.42026   64.64259  13.1%     -    4s
     0     0   64.64735    0  183   74.42026   64.64735  13.1%     -    4s
     0     0   64.64847    0  174   74.42026   64.64847  13.1%     -    4s
     0     0   64.64853    0  163   74.42026   64.64853  13.1%     -    4s
     0     0   64.68803    0  221   74.42026   64.68803  13.1%     -    4s
     0     0   64.69144    0  219   74.42026   64.69144  13.1%     -    4s
     0     0   64.69283    0  215   74.42026   64.69283  13.1%     -    4s
     0     0   64.69308    0  215   74.42026   64.69308  13.1%     -    5s
     0     0   64.75115    0  238   74.42026   64.75115  13.0%     -    5s
     0     0   64.76549    0  216   74.42026   64.76549  13.0%     -    5s
     0     0   64.76721    0  236   74.42026   64.76721  13.0%     -    5s
     0     0   64.76721    0  236   74.42026   64.76721  13.0%     -    5s
     0     0   64.82062    0  204   74.42026   64.82062  12.9%     -    6s
     0     0   64.82527    0  153   74.42026   64.82527  12.9%     -    7s
     0     0   64.82624    0  156   74.42026   64.82624  12.9%     -    7s
     0     0   64.82652    0  157   74.42026   64.82652  12.9%     -    7s
     0     0   64.87621    0  198   74.42026   64.87621  12.8%     -    7s
     0     0   64.88294    0  207   74.42026   64.88294  12.8%     -    7s
     0     0   64.88361    0  243   74.42026   64.88361  12.8%     -    7s
     0     0   64.88379    0  239   74.42026   64.88379  12.8%     -    8s
     0     0   64.89215    0  257   74.42026   64.89215  12.8%     -    8s
     0     0   64.89564    0  254   74.42026   64.89564  12.8%     -    8s
     0     0   64.89614    0  250   74.42026   64.89614  12.8%     -    8s
     0     0   64.89889    0  276   74.42026   64.89889  12.8%     -    9s
     0     0   64.89966    0  273   74.42026   64.89966  12.8%     -    9s
     0     0   64.89969    0  256   74.42026   64.89969  12.8%     -    9s
     0     0   64.90463    0  271   74.42026   64.90463  12.8%     -    9s
     0     0   64.90463    0  184   74.42026   64.90463  12.8%     -    9s
H    0     0                      74.4009926   64.90463  12.8%     -   10s
     0     2   64.90463    0  183   74.40099   64.90463  12.8%     -   10s
H   32    42                      74.3942255   64.97171  12.7%   145   12s
H   42    41                      65.4204224   64.97171  0.69%   135   12s
H   78    40                      65.4204224   65.04398  0.58%   112   13s
H   85    40                      65.3942255   65.05417  0.52%   116   13s

Cutting planes:
  Learned: 7
  Gomory: 19
  Lift-and-project: 31
  Cover: 42
  Implied bound: 81
  Projected implied bound: 1
  Clique: 2
  MIR: 437
  Flow cover: 676
  Zero half: 27
  Network: 1
  RLT: 42
  Relax-and-lift: 39
  PSD: 3

Explored 112 nodes (19788 simplex iterations) in 13.34 seconds (7.86 work units)
Thread count was 32 (of 32 available processors)

Solution count 7: 65.3942 65.4204 65.4204 ... 1149.65

Optimal solution found (tolerance 5.00e-03)
Best objective 6.539422550474e+01, best bound 6.509024711203e+01, gap 0.4648%
