
Gurobi 9.5.2 (linux64) logging started Mon Aug  3 12:19:05 2026

Set parameter LogFile to value "logs/oracle_RmediumCmanyTtight_2__kw350_gurobi.log"
Gurobi Optimizer version 9.5.2 build v9.5.2rc0 (linux64)
Thread count: 16 physical cores, 32 logical processors, using up to 32 threads
Optimize a model with 6549 rows, 3567 columns and 87035 nonzeros
Model fingerprint: 0x7d8f6202
Variable types: 2227 continuous, 1340 integer (1340 binary)
Coefficient statistics:
  Matrix range     [2e-02, 1e+03]
  Objective range  [1e+00, 1e+00]
  Bounds range     [1e+00, 5e+01]
  RHS range        [1e-02, 5e+02]

User MIP start produced solution with objective 95.1369 (0.20s)
Loaded user MIP start with objective 95.1369

Presolve removed 2030 rows and 692 columns (presolve time = 5s) ...
Presolve removed 2029 rows and 691 columns
Presolve time: 5.18s
Presolved: 4520 rows, 2876 columns, 75543 nonzeros
Variable types: 1705 continuous, 1171 integer (1171 binary)
Root relaxation presolve removed 195 rows and 74 columns
Root relaxation presolved: 4325 rows, 2802 columns, 42283 nonzeros


Root simplex log...

Iteration    Objective       Primal Inf.    Dual Inf.      Time
       0    4.5936509e+01   9.051949e+02   0.000000e+00      7s
    4820    7.6457441e+01   0.000000e+00   0.000000e+00     10s
    4824    7.6457441e+01   0.000000e+00   0.000000e+00     10s
Extra simplex iterations after uncrush: 4

Root relaxation: objective 7.645744e+01, 4824 iterations, 4.07 seconds (0.66 work units)
Total elapsed time = 10.42s

    Nodes    |    Current Node    |     Objective Bounds      |     Work
 Expl Unexpl |  Obj  Depth IntInf | Incumbent    BestBd   Gap | It/Node Time

     0     0   76.45744    0  341   95.13690   76.45744  19.6%     -   11s
     0     0   77.77133    0  335   95.13690   77.77133  18.3%     -   19s
     0     0   77.83408    0  360   95.13690   77.83408  18.2%     -   20s
     0     0   77.83683    0  357   95.13690   77.83683  18.2%     -   20s
     0     0   78.25798    0  369   95.13690   78.25798  17.7%     -   25s
     0     0   78.28151    0  376   95.13690   78.28151  17.7%     -   26s
     0     0   78.28566    0  391   95.13690   78.28566  17.7%     -   26s
     0     0   78.28626    0  387   95.13690   78.28626  17.7%     -   26s
     0     0   78.28627    0  388   95.13690   78.28627  17.7%     -   26s
     0     0   78.46700    0  386   95.13690   78.46700  17.5%     -   31s
     0     0   78.48072    0  390   95.13690   78.48072  17.5%     -   32s
     0     0   78.48185    0  394   95.13690   78.48185  17.5%     -   32s
     0     0   78.48186    0  394   95.13690   78.48186  17.5%     -   33s
     0     0   78.67105    0  399   95.13690   78.67105  17.3%     -   37s
     0     0   78.68320    0  395   95.13690   78.68320  17.3%     -   38s
     0     0   78.68467    0  404   95.13690   78.68467  17.3%     -   38s
     0     0   78.68529    0  399   95.13690   78.68529  17.3%     -   38s
     0     0   78.82974    0  394   95.13690   78.82974  17.1%     -   42s
     0     0   78.83868    0  395   95.13690   78.83868  17.1%     -   43s
     0     0   78.83950    0  406   95.13690   78.83950  17.1%     -   44s
     0     0   78.83962    0  394   95.13690   78.83962  17.1%     -   44s
     0     0   79.05895    0  410   95.13690   79.05895  16.9%     -   51s
     0     0   79.08400    0  417   95.13690   79.08400  16.9%     -   53s
     0     0   79.08591    0  426   95.13690   79.08591  16.9%     -   53s
     0     0   79.08865    0  432   95.13690   79.08865  16.9%     -   53s
     0     0   79.08875    0  433   95.13690   79.08875  16.9%     -   53s
     0     0   79.23180    0  372   95.13690   79.23180  16.7%     -   61s
     0     0   79.26300    0  365   95.13690   79.26300  16.7%     -   63s
     0     0   79.27305    0  375   95.13690   79.27305  16.7%     -   64s
     0     0   79.27329    0  363   95.13690   79.27329  16.7%     -   64s
     0     0   79.34576    0  373   95.13690   79.34576  16.6%     -   69s
     0     0   79.34894    0  368   95.13690   79.34894  16.6%     -   70s
     0     0   79.35061    0  370   95.13690   79.35061  16.6%     -   70s
     0     0   79.35065    0  401   95.13690   79.35065  16.6%     -   70s
     0     0   79.38606    0  405   95.13690   79.38606  16.6%     -   72s
     0     0   79.38866    0  404   95.13690   79.38866  16.6%     -   73s
     0     0   79.38955    0  435   95.13690   79.38955  16.6%     -   73s
     0     0   79.38985    0  437   95.13690   79.38985  16.6%     -   73s
     0     0   79.41252    0  422   95.13690   79.41252  16.5%     -   75s
     0     0   79.41395    0  409   95.13690   79.41395  16.5%     -   75s
     0     0   79.41522    0  369   95.13690   79.41522  16.5%     -   75s
     0     0   79.41535    0  415   95.13690   79.41535  16.5%     -   76s
     0     0   79.43213    0  373   95.13690   79.43213  16.5%     -   78s
     0     0   79.43333    0  379   95.13690   79.43333  16.5%     -   78s
     0     0   79.43408    0  412   95.13690   79.43408  16.5%     -   78s
     0     0   79.47894    0  324   95.13690   79.47894  16.5%     -   80s
     0     0   79.48151    0  330   95.13690   79.48151  16.5%     -   81s
     0     0   79.48218    0  403   95.13690   79.48218  16.5%     -   81s
     0     0   79.51201    0  392   95.13690   79.51201  16.4%     -   84s
     0     0   79.51461    0  411   95.13690   79.51461  16.4%     -   84s
     0     0   79.51492    0  411   95.13690   79.51492  16.4%     -   84s
     0     0   79.52219    0  376   95.13690   79.52219  16.4%     -   86s
     0     0   79.52335    0  389   95.13690   79.52335  16.4%     -   87s
     0     0   79.52339    0  382   95.13690   79.52339  16.4%     -   87s
     0     0   79.52991    0  396   95.13690   79.52991  16.4%     -   89s
     0     0   79.53161    0  333   95.13690   79.53161  16.4%     -   89s
     0     0   79.53191    0  397   95.13690   79.53191  16.4%     -   90s
     0     0   79.53598    0  427   95.13690   79.53598  16.4%     -   92s
H    0     0                      95.0476883   79.53598  16.3%     -   95s
     0     0   79.53598    0  386   95.04769   79.53598  16.3%     -   96s
     0     2   79.53598    0  381   95.04769   79.53598  16.3%     -   97s
     7    16   79.60300    3  391   95.04769   79.58810  16.3%   485  101s
H   38    48                      95.0215834   79.61898  16.2%   534  104s
H   46    48                      95.0053014   79.61898  16.2%   537  104s
    63    80   79.93101    7  401   95.00530   79.62722  16.2%   506  107s
H   79    96                      84.5209707   79.62722  5.79%   459  110s
H   81    96                      82.2605603   79.63016  3.20%   463  110s
H   83    96                      81.8390818   79.63016  2.70%   456  110s
H  143   146                      81.5162792   79.67324  2.26%   383  127s
H  149   146                      81.4755494   79.67324  2.21%   389  127s
H  150   146                      81.4175108   79.67324  2.14%   388  127s
   208   214   79.67384   15  360   81.41751   79.67384  2.14%   350  130s
H  308   290                      81.3327402   79.71059  1.99%   309  134s
H  313   290                      81.1932733   79.72681  1.81%   307  134s
   325   339   79.74961   19  410   81.19327   79.72692  1.81%   304  135s
   548   586   79.95877   29  333   81.19327   79.91976  1.57%   284  140s
H  705   684                      81.1932733   79.97214  1.50%   257  148s
H  707   684                      81.1819155   79.97248  1.49%   256  148s
H  711   684                      81.0825240   79.97596  1.36%   256  148s
H  715   684                      81.0030300   79.97633  1.27%   256  148s
H  716   684                      80.9898249   79.97633  1.25%   256  148s
   777   754   80.85776   23  329   80.98982   79.99542  1.23%   250  150s
   886   844   80.22428   11  386   80.98982   80.02437  1.19%   237  165s
   888   845   80.20825   14  330   80.98982   80.02437  1.19%   237  174s
   889   846   80.09296    7  305   80.98982   80.02437  1.19%   236  179s
   890   847   80.35269   30  343   80.98982   80.02437  1.19%   236  181s
   894   849   80.34010   32  322   80.98982   80.02437  1.19%   235  191s
   897   851   80.35709   34  257   80.98982   80.02437  1.19%   234  202s
   900   853   80.27184   28  297   80.98982   80.02437  1.19%   233  206s
   901   854   80.80319   10  243   80.98982   80.03016  1.18%   233  212s
H  903   811                      80.9575592   80.04455  1.13%   233  217s
H  904   772                      80.9367461   80.08113  1.06%   232  220s
   907   774   80.20549   32  312   80.93675   80.10588  1.03%   232  226s
   911   777   80.51790   35  333   80.93675   80.14464  0.98%   231  233s
   913   778   80.42994   29  343   80.93675   80.15865  0.96%   230  237s
   916   780   80.71575   13  289   80.93675   80.18137  0.93%   229  243s
H  918   741                      80.8999052   80.19376  0.87%   229  244s
   920   743   80.21317   10  330   80.89991   80.20542  0.86%   228  249s
   921   743   80.20542   35  327   80.89991   80.20542  0.86%   228  253s
   923   746   80.21794   35  386   80.89991   80.21067  0.85%   252  255s
   927   749   80.34815   31  288   80.89991   80.21067  0.85%   251  260s
   930   751   80.21121   15  220   80.89991   80.21067  0.85%   250  266s
   932   752   80.79188   14  321   80.89991   80.21067  0.85%   249  277s
   935   754   80.78103   11  364   80.89991   80.24812  0.81%   249  281s
   936   755   80.27284   30  302   80.89991   80.27284  0.78%   248  287s
   938   756   80.27998   10  339   80.89991   80.27998  0.77%   248  290s
   941   758   80.29939   24  296   80.89991   80.28733  0.76%   247  296s
   942   759   80.43813   11  319   80.89991   80.29432  0.75%   247  300s
   947   763   80.29531   29   46   80.89991   80.29531  0.75%   267  306s
   950   765   80.29531   32   95   80.89991   80.29531  0.75%   266  315s
   952   767   80.29531   31  100   80.89991   80.29531  0.75%   265  320s
   957   775   80.29531   44  270   80.89991   80.29531  0.75%   287  329s
   961   782   80.32336   45  253   80.89991   80.30336  0.74%   292  331s
H 1045   814                      80.8186934   80.34261  0.59%   298  337s
H 1109   816                      80.8186933   80.36251  0.56%   287  342s
H 1118   779                      80.8185142   80.36775  0.56%   285  342s
H 1125   743                      80.8175430   80.36775  0.56%   284  342s

Cutting planes:
  Learned: 3
  Gomory: 196
  Lift-and-project: 1
  Cover: 64
  Implied bound: 199
  Projected implied bound: 15
  Clique: 5
  MIR: 553
  StrongCG: 4
  Flow cover: 1038
  GUB cover: 1
  Zero half: 8
  RLT: 86
  Relax-and-lift: 84

Explored 1412 nodes (366018 simplex iterations) in 343.52 seconds (90.54 work units)
Thread count was 32 (of 32 available processors)

Solution count 10: 80.8175 80.8185 80.8187 ... 80.9898

Optimal solution found (tolerance 5.00e-03)
Best objective 8.081754299672e+01, best bound 8.044751984065e+01, gap 0.4579%
