
Gurobi 9.5.2 (linux64) logging started Tue Jul 28 11:29:32 2026

Set parameter LogFile to value "logs/oracle_RshortCfewTlarge_37_gurobi.log"
Gurobi Optimizer version 9.5.2 build v9.5.2rc0 (linux64)
Thread count: 16 physical cores, 32 logical processors, using up to 32 threads
Optimize a model with 2176 rows, 1245 columns and 7453 nonzeros
Model fingerprint: 0x6ad8ea82
Variable types: 782 continuous, 463 integer (463 binary)
Coefficient statistics:
  Matrix range     [3e-02, 5e+02]
  Objective range  [1e+00, 1e+00]
  Bounds range     [1e+00, 1e+00]
  RHS range        [2e-01, 5e+02]
Presolve removed 789 rows and 325 columns
Presolve time: 0.20s
Presolved: 1387 rows, 920 columns, 6186 nonzeros
Variable types: 563 continuous, 357 integer (357 binary)

Root relaxation: objective 2.472162e+01, 1347 iterations, 0.18 seconds (0.04 work units)

    Nodes    |    Current Node    |     Objective Bounds      |     Work
 Expl Unexpl |  Obj  Depth IntInf | Incumbent    BestBd   Gap | It/Node Time

     0     0   24.72162    0   86          -   24.72162      -     -    0s
H    0     0                      35.8000674   24.96360  30.3%     -    0s
     0     0   24.98062    0  100   35.80007   24.98062  30.2%     -    1s
     0     0   24.98528    0   99   35.80007   24.98528  30.2%     -    1s
     0     0   25.23240    0  113   35.80007   25.23240  29.5%     -    1s
     0     0   25.25045    0  115   35.80007   25.25045  29.5%     -    1s
     0     0   25.26185    0  119   35.80007   25.26185  29.4%     -    1s
     0     0   25.26203    0  121   35.80007   25.26203  29.4%     -    1s
     0     0   25.49330    0   95   35.80007   25.49330  28.8%     -    1s
     0     0   25.51503    0  105   35.80007   25.51503  28.7%     -    2s
     0     0   25.53884    0  122   35.80007   25.53884  28.7%     -    2s
     0     0   25.53911    0  122   35.80007   25.53911  28.7%     -    2s
     0     0   25.53915    0  122   35.80007   25.53915  28.7%     -    2s
     0     0   25.64803    0  106   35.80007   25.64803  28.4%     -    2s
     0     0   25.65898    0  112   35.80007   25.65898  28.3%     -    2s
     0     0   25.65923    0  102   35.80007   25.65923  28.3%     -    2s
     0     0   25.65954    0  102   35.80007   25.65954  28.3%     -    2s
     0     0   25.67838    0   99   35.80007   25.67838  28.3%     -    2s
H    0     0                      34.6257032   25.67838  25.8%     -    2s
     0     0   25.67924    0   96   34.62570   25.67924  25.8%     -    3s
     0     0   25.68023    0   97   34.62570   25.68023  25.8%     -    3s
     0     0   25.69632    0  104   34.62570   25.69632  25.8%     -    3s
     0     0   25.69856    0  102   34.62570   25.69856  25.8%     -    3s
     0     0   25.70025    0  102   34.62570   25.70025  25.8%     -    3s
     0     0   25.70122    0  102   34.62570   25.70122  25.8%     -    3s
     0     0   25.70128    0  102   34.62570   25.70128  25.8%     -    3s
     0     0   25.70862    0   99   34.62570   25.70862  25.8%     -    3s
     0     0   25.70862    0   90   34.62570   25.70862  25.8%     -    3s
H    0     0                      34.5550900   25.71267  25.6%     -    4s
     0     2   25.71267    0   90   34.55509   25.71267  25.6%     -    4s
H   37    48                      34.2217566   25.80537  24.6%  61.7    4s
    63    78   25.87020    7   98   34.22176   25.87020  24.4%  47.6    5s
H   79    92                      34.0083464   25.91461  23.8%  42.7    5s
H   81    92                      33.9737520   25.94820  23.6%  43.0    5s
H   89    92                      33.9579197   25.94820  23.6%  41.0    5s
H  128   118                      33.5900945   26.02578  22.5%  37.0    5s
H  181   128                      33.4610972   26.06422  22.1%  32.2    6s
H  199   128                      33.4610971   26.06422  22.1%  32.1    6s
* 1374   727              53      33.4513190   29.17485  12.8%  25.1    9s
  1745   884   31.36301   45  103   33.45132   30.66224  8.34%  24.2   10s
* 1757   884              52      33.2789212   30.66224  7.86%  24.1   10s
* 2050   939              49      33.2408004   30.66224  7.76%  23.6   10s
* 2514   918              51      33.2245010   32.48386  2.23%  23.3   10s
* 4205   878              49      33.1683249   32.75513  1.25%  23.5   11s

Cutting planes:
  Learned: 1
  Gomory: 7
  Cover: 11
  Implied bound: 30
  MIR: 65
  Flow cover: 85
  RLT: 6
  Relax-and-lift: 15

Explored 5821 nodes (130830 simplex iterations) in 12.80 seconds (1.88 work units)
Thread count was 32 (of 32 available processors)

Solution count 10: 33.1683 33.2245 33.2408 ... 33.9738

Optimal solution found (tolerance 5.00e-03)
Best objective 3.316832493051e+01, best bound 3.300912371039e+01, gap 0.4800%
