
Gurobi 9.5.2 (linux64) logging started Tue Jul 28 11:44:10 2026

Set parameter LogFile to value "logs/oracle_RmediumCmanyTlarge_9_gurobi.log"
Gurobi Optimizer version 9.5.2 build v9.5.2rc0 (linux64)
Thread count: 16 physical cores, 32 logical processors, using up to 32 threads
Optimize a model with 3950 rows, 2269 columns and 13566 nonzeros
Model fingerprint: 0x732b027a
Variable types: 1417 continuous, 852 integer (852 binary)
Coefficient statistics:
  Matrix range     [4e-02, 9e+02]
  Objective range  [1e+00, 1e+00]
  Bounds range     [1e+00, 1e+00]
  RHS range        [2e-02, 5e+02]
Presolve removed 1312 rows and 504 columns
Presolve time: 0.04s
Presolved: 2638 rows, 1765 columns, 11651 nonzeros
Variable types: 1053 continuous, 712 integer (712 binary)

Root relaxation: objective 4.803341e+01, 2411 iterations, 0.07 seconds (0.08 work units)

    Nodes    |    Current Node    |     Objective Bounds      |     Work
 Expl Unexpl |  Obj  Depth IntInf | Incumbent    BestBd   Gap | It/Node Time

     0     0   48.03341    0  222          -   48.03341      -     -    0s
     0     0   48.97531    0  170          -   48.97531      -     -    0s
     0     0   49.00356    0  175          -   49.00356      -     -    0s
     0     0   49.00598    0  185          -   49.00598      -     -    0s
     0     0   49.90506    0  184          -   49.90506      -     -    0s
     0     0   49.96992    0  181          -   49.96992      -     -    0s
     0     0   49.96992    0  181          -   49.96992      -     -    0s
     0     0   50.77427    0  177          -   50.77427      -     -    0s
     0     0   50.81353    0  165          -   50.81353      -     -    0s
     0     0   50.82067    0  177          -   50.82067      -     -    0s
     0     0   50.82067    0  177          -   50.82067      -     -    0s
     0     0   50.95445    0  170          -   50.95445      -     -    0s
     0     0   50.97150    0  188          -   50.97150      -     -    0s
     0     0   50.97538    0  184          -   50.97538      -     -    0s
     0     0   50.97573    0  184          -   50.97573      -     -    0s
     0     0   50.99342    0  185          -   50.99342      -     -    0s
     0     0   50.99453    0  186          -   50.99453      -     -    0s
     0     0   50.99776    0  187          -   50.99776      -     -    0s
     0     0   51.00051    0  187          -   51.00051      -     -    1s
     0     0   51.04216    0  184          -   51.04216      -     -    1s
     0     0   51.05397    0  184          -   51.05397      -     -    1s
     0     0   51.05464    0  183          -   51.05464      -     -    1s
     0     0   51.07688    0  191          -   51.07688      -     -    1s
     0     0   51.08504    0  192          -   51.08504      -     -    1s
     0     0   51.08504    0  193          -   51.08504      -     -    1s
     0     0   51.08504    0  193          -   51.08504      -     -    1s
     0     0   51.08504    0  193          -   51.08504      -     -    1s
H    0     0                      79.5359784   51.08504  35.8%     -    1s
     0     0   51.08507    0  193   79.53598   51.08507  35.8%     -    1s
     0     0   51.08507    0  194   79.53598   51.08507  35.8%     -    1s
     0     0   51.08507    0  195   79.53598   51.08507  35.8%     -    1s
     0     0   51.08507    0  154   79.53598   51.08507  35.8%     -    1s
H    0     0                      78.9975727   51.08507  35.3%     -    1s
H    0     0                      78.3915364   51.08507  34.8%     -    1s
     0     2   51.08507    0  154   78.39154   51.08507  34.8%     -    1s
H   38    48                      78.3852112   51.14513  34.8%   200    1s
H   40    48                      78.3365500   51.14513  34.7%   195    1s
H   41    48                      76.3428752   51.14513  33.0%   194    1s
H   79    86                      76.3365500   51.14513  33.0%   138    1s
H   82    86                      75.6196032   51.14513  32.4%   135    1s
H  128   134                      74.8009931   51.14513  31.6%   114    2s
H  132   134                      73.4529366   51.14513  30.4%   112    2s
H  174   181                      61.0390843   51.14513  16.2%  99.0    2s
H  229   217                      60.7299262   51.14513  15.8%  88.1    3s
H  236   217                      60.5310442   51.14513  15.5%  89.2    3s
H  238   217                      59.2880808   51.14513  13.7%  88.5    3s
H  245   220                      59.2874829   51.14513  13.7%  86.9    7s
H  246   220                      59.2631213   51.14513  13.7%  86.5    7s
H  250   220                      59.1479033   51.14513  13.5%  86.5    7s
H  252   220                      59.0810186   51.14513  13.4%  86.9    7s
H  257   220                      58.2637192   51.14513  12.2%  85.6    7s
H  275   223                      58.1613190   51.14513  12.1%  81.9    7s
H  364   276                      58.1607211   51.14513  12.1%  79.9    8s
   552   407   51.92840   34  187   58.16072   51.14513  12.1%  64.3   11s
H  743   553                      58.1607211   51.14513  12.1%  57.7   14s
H  745   553                      58.1607211   51.14513  12.1%  57.7   14s
H  973   759                      58.1607210   51.14513  12.1%  52.5   15s
H  993   772                      58.1607210   51.14513  12.1%  53.5   18s
  1006   899   52.14859   54  190   58.16072   51.14513  12.1%  53.1   20s
H 1146   899                      58.1607209   51.14513  12.1%  50.3   20s
  2196  1425   57.68548    7  108   58.16072   52.16744  10.3%  45.8   25s
  2235  1451   54.20295    8  162   58.16072   52.82164  9.18%  45.0   30s
  2259  1467   53.93753   22  153   58.16072   52.85690  9.12%  44.6   35s
  2275  1479   56.54526   49  170   58.16072   52.94180  8.97%  51.7   40s
  2288  1488   53.69380   36  159   58.16072   52.94180  8.97%  51.4   45s
  2296  1495   53.89496   24  134   58.16072   52.94180  8.97%  54.9   52s
  2402  1567   57.01348   30  149   58.16072   54.48583  6.32%  62.0   56s
  2466  1602   55.22348   31  160   58.16072   54.70286  5.95%  63.1   64s
  2498  1641   54.73774   32  155   58.16072   54.73774  5.89%  63.9   65s
  3799  1533 infeasible   36        58.16072   55.04213  5.36%  64.0   71s
  5514  1597   56.52576   45   48   58.16072   55.13416  5.20%  68.2   75s
  7459  2045   56.74309   56   50   58.16072   56.14924  3.46%  78.1   80s
  9613  2808     cutoff   57        58.16072   56.39681  3.03%  85.3   85s
 13074  3793   56.85921   54   61   58.16072   56.52576  2.81%  91.7   90s
 16418  4593   57.60507   77   96   58.16072   56.59866  2.69%  95.6   95s
 21045  5347   56.73010   49   72   58.16072   56.68425  2.54%  93.8  100s
 24876  4810   56.91634   42  132   58.16072   56.80659  2.33%   100  105s
 28227  4256   57.16697   52   93   58.16072   56.92441  2.13%   102  111s
 31706  2607     cutoff   57        58.16072   57.14676  1.74%   102  115s
 34797  1448   57.83514   43  158   58.16072   57.53145  1.08%   101  121s

Cutting planes:
  Learned: 1
  Gomory: 68
  Cover: 115
  Implied bound: 152
  Projected implied bound: 14
  Clique: 1
  MIR: 248
  StrongCG: 3
  Flow cover: 524
  GUB cover: 1
  Inf proof: 14
  RLT: 37
  Relax-and-lift: 23

Explored 40417 nodes (3871353 simplex iterations) in 124.68 seconds (53.49 work units)
Thread count was 32 (of 32 available processors)

Solution count 10: 58.1607 58.1607 58.1607 ... 59.1479

Optimal solution found (tolerance 5.00e-03)
Best objective 5.816072107271e+01, best bound 5.795695302289e+01, gap 0.3504%
