
Gurobi 9.5.2 (linux64) logging started Wed Jul 29 18:30:25 2026

Set parameter LogFile to value "logs/oracle_RlongCmanyTlarge_32_gurobi.log"
Gurobi Optimizer version 9.5.2 build v9.5.2rc0 (linux64)
Thread count: 16 physical cores, 32 logical processors, using up to 32 threads
Optimize a model with 9965 rows, 5425 columns and 188448 nonzeros
Model fingerprint: 0xd2b02ea9
Variable types: 3382 continuous, 2043 integer (2043 binary)
Coefficient statistics:
  Matrix range     [2e-02, 2e+03]
  Objective range  [1e+00, 1e+00]
  Bounds range     [1e+00, 6e+01]
  RHS range        [3e-02, 5e+02]

User MIP start did not produce a new incumbent solution

Presolve removed 2916 rows and 964 columns
Presolve time: 0.75s
Presolved: 7049 rows, 4461 columns, 169860 nonzeros
Variable types: 2636 continuous, 1825 integer (1825 binary)
Root relaxation presolve removed 183 rows and 118 columns
Root relaxation presolved: 6866 rows, 4343 columns, 131369 nonzeros

Extra simplex iterations after uncrush: 2

Root relaxation: objective 1.097017e+02, 6585 iterations, 0.87 seconds (1.55 work units)
Another try with MIP start

    Nodes    |    Current Node    |     Objective Bounds      |     Work
 Expl Unexpl |  Obj  Depth IntInf | Incumbent    BestBd   Gap | It/Node Time

     0     0  109.70172    0  622          -  109.70172      -     -    4s
     0     0  114.52790    0  573          -  114.52790      -     -    7s
     0     0  115.02890    0  612          -  115.02890      -     -    7s
     0     0  115.06590    0  568          -  115.06590      -     -    8s
     0     0  115.07706    0  593          -  115.07706      -     -    8s
     0     0  115.07730    0  599          -  115.07730      -     -    8s
     0     0  116.36875    0  619          -  116.36875      -     -    9s
     0     0  116.44649    0  616          -  116.44649      -     -    9s
     0     0  116.45494    0  617          -  116.45494      -     -    9s
     0     0  116.45695    0  630          -  116.45695      -     -    9s
     0     0  116.45695    0  631          -  116.45695      -     -    9s
     0     0  117.27742    0  567          -  117.27742      -     -   11s
     0     0  117.33638    0  559          -  117.33638      -     -   11s
     0     0  117.33977    0  576          -  117.33977      -     -   11s
     0     0  117.34038    0  580          -  117.34038      -     -   11s
     0     0  118.07719    0  620          -  118.07719      -     -   12s
     0     0  118.13375    0  657          -  118.13375      -     -   13s
     0     0  118.14414    0  652          -  118.14414      -     -   13s
     0     0  118.14656    0  661          -  118.14656      -     -   13s
     0     0  118.14703    0  661          -  118.14703      -     -   13s
     0     0  118.72540    0  663          -  118.72540      -     -   14s
     0     0  118.80975    0  659          -  118.80975      -     -   15s
     0     0  118.82017    0  658          -  118.82017      -     -   15s
     0     0  118.82063    0  677          -  118.82063      -     -   15s
     0     0  119.36804    0  571          -  119.36804      -     -   16s
     0     0  119.44337    0  616          -  119.44337      -     -   17s
     0     0  119.46074    0  639          -  119.46074      -     -   17s
     0     0  119.46190    0  639          -  119.46190      -     -   17s
     0     0  120.05206    0  637          -  120.05206      -     -   19s
     0     0  120.11061    0  573          -  120.11061      -     -   20s
     0     0  120.12745    0  570          -  120.12745      -     -   20s
     0     0  120.13161    0  585          -  120.13161      -     -   20s
     0     0  120.13260    0  626          -  120.13260      -     -   20s
     0     0  120.38728    0  637          -  120.38728      -     -   22s
     0     0  120.43355    0  654          -  120.43355      -     -   22s
     0     0  120.43720    0  646          -  120.43720      -     -   22s
     0     0  120.44162    0  646          -  120.44162      -     -   22s
     0     0  120.44213    0  653          -  120.44213      -     -   22s
     0     0  120.65406    0  652          -  120.65406      -     -   24s
     0     0  120.67923    0  682          -  120.67923      -     -   25s
     0     0  120.68443    0  680          -  120.68443      -     -   25s
     0     0  120.68470    0  679          -  120.68470      -     -   25s
     0     0  120.83437    0  646          -  120.83437      -     -   28s
     0     0  120.85700    0  581          -  120.85700      -     -   29s
     0     0  120.86149    0  648          -  120.86149      -     -   29s
     0     0  120.86223    0  641          -  120.86223      -     -   29s
     0     0  121.05211    0  557          -  121.05211      -     -   32s
     0     0  121.08368    0  638          -  121.08368      -     -   33s
     0     0  121.08886    0  649          -  121.08886      -     -   33s
     0     0  121.09004    0  651          -  121.09004      -     -   33s
     0     0  121.25510    0  651          -  121.25510      -     -   36s
     0     0  121.27582    0  643          -  121.27582      -     -   36s
     0     0  121.27995    0  651          -  121.27995      -     -   37s
     0     0  121.28130    0  656          -  121.28130      -     -   37s
     0     0  121.35047    0  601          -  121.35047      -     -   41s
     0     0  121.36542    0  620          -  121.36542      -     -   41s
     0     0  121.36872    0  620          -  121.36872      -     -   41s
     0     0  121.43799    0  643          -  121.43799      -     -   44s
     0     0  121.44926    0  602          -  121.44926      -     -   45s
     0     0  121.45005    0  570          -  121.45005      -     -   45s
     0     0  121.51271    0  599          -  121.51271      -     -   50s
     0     0  121.52487    0  696          -  121.52487      -     -   50s
     0     0  121.52668    0  636          -  121.52668      -     -   50s
     0     0  121.56944    0  677          -  121.56944      -     -   53s
     0     0  121.57455    0  670          -  121.57455      -     -   54s
     0     0  121.57559    0  677          -  121.57559      -     -   54s
     0     0  121.65083    0  633          -  121.65083      -     -   59s
     0     0  121.67031    0  641          -  121.67031      -     -   60s
     0     0  121.67291    0  656          -  121.67291      -     -   60s
     0     0  121.75363    0  651          -  121.75363      -     -   65s
     0     0  121.76490    0  652          -  121.76490      -     -   66s
     0     0  121.76568    0  651          -  121.76568      -     -   66s
     0     0  121.81799    0  609          -  121.81799      -     -   71s
     0     0  121.82302    0  609          -  121.82302      -     -   71s
     0     0  121.82363    0  621          -  121.82363      -     -   71s
     0     0  121.85756    0  618          -  121.85756      -     -   76s
     0     0  121.86603    0  639          -  121.86603      -     -   77s
     0     0  121.86675    0  631          -  121.86675      -     -   77s
     0     0  121.96052    0  589          -  121.96052      -     -   80s
     0     0  121.96792    0  583          -  121.96792      -     -   80s
     0     0  121.97131    0  605          -  121.97131      -     -   81s
     0     0  122.02837    0  607          -  122.02837      -     -   83s
     0     0  122.03359    0  637          -  122.03359      -     -   83s
     0     0  122.03556    0  648          -  122.03556      -     -   83s
     0     0  122.15975    0  593          -  122.15975      -     -   85s
     0     0  122.18295    0  657          -  122.18295      -     -   86s
     0     0  122.18674    0  675          -  122.18674      -     -   87s
     0     0  122.29072    0  572          -  122.29072      -     -   91s
     0     0  122.35957    0  633          -  122.35957      -     -   92s
     0     0  122.37053    0  691          -  122.37053      -     -   92s
     0     0  122.37074    0  709          -  122.37074      -     -   92s
     0     0  122.43550    0  632          -  122.43550      -     -   96s
     0     0  122.44160    0  647          -  122.44160      -     -   97s
     0     0  122.44497    0  658          -  122.44497      -     -   97s
     0     0  122.45728    0  656          -  122.45728      -     -  100s
     0     0  122.45728    0  588          -  122.45728      -     -  101s
     0     2  122.45728    0  582          -  122.45728      -     -  106s
    31    48  122.49907    5  569          -  122.49439      -   437  110s
    95   115  122.53290    9  639          -  122.52660      -   515  115s
   188   207  122.65954   14  612          -  122.65954      -   504  120s
   298   316  122.79136   21  705          -  122.73651      -   514  126s
   366   394  123.32284   25  588          -  122.82973      -   552  130s
   488   515  126.22229   34  620          -  122.92972      -   594  136s
   579   605  126.08880   28  374          -  123.17478      -   603  141s
   720   771  123.24851   17  461          -  123.20499      -   564  146s
   817   936  126.12002   30  374          -  123.21861      -   557  150s
   999  1031  129.58524   27  401          -  123.22591      -   514  155s
  1183  1311  123.74068   28  463          -  123.24138      -   494  161s
  1433  1564  123.27937   24  535          -  123.25330      -   448  167s
  1715  1934  125.20701   32  478          -  123.26575      -   408  172s
  2115  2116  123.44248   24  588          -  123.27352      -   361  179s
  2117  2117  123.30838   34  591          -  123.27352      -   361  185s
  2119  2119  126.24115   34  499          -  123.27352      -   360  191s
  2122  2121  125.16744   41  555          -  123.27352      -   360  195s
  2126  2123  123.76942   32  553          -  123.27352      -   359  206s
  2129  2125  124.11604   19  581          -  123.27352      -   359  210s
  2130  2126  123.65915    7  459          -  123.27352      -   358  219s
  2131  2127  123.61199   10  558          -  123.30296      -   358  220s
  2136  2130  123.86434   36  561          -  123.52249      -   357  229s
  2137  2131  126.33204   16  591          -  123.58201      -   357  230s
  2141  2133  131.50767   28  412          -  123.73334      -   357  241s
  2146  2137  123.89477   30  546          -  123.89477      -   356  247s
  2147  2137  123.90630   14  455          -  123.90630      -   356  255s
  2153  2141  124.00655   42  591          -  124.00655      -   355  260s
  2154  2142  125.28955   25  544          -  124.04918      -   354  265s
  2157  2144  131.60240   34  598          -  124.07904      -   354  271s
  2158  2145  125.57625   26  571          -  124.09989      -   354  280s
  2162  2147  126.44164   29  568          -  124.16263      -   353  286s
  2163  2148  125.06304   29  462          -  124.18365      -   353  293s
  2165  2149  124.43369   37  486          -  124.21124      -   353  297s
  2166  2150  124.21581   31  444          -  124.21581      -   353  308s
  2167  2151  124.21792   31  475          -  124.21792      -   352  312s
H 2167  2042                     861.3161938  124.22074  85.6%   352  319s
  2168  2042  124.25697   22  525  861.31619  124.22074  85.6%   352  324s
  2169  2043  124.22074   28  523  861.31619  124.22074  85.6%   352  330s
H 2169  1940                     838.9828604  124.22074  85.2%   352  332s
  2171  1944  126.99086   10  470  838.98286  124.94425  85.1%   375  357s
  2173  1948  125.28365   11  541  838.98286  125.11423  85.1%   375  399s
  2177  1954  125.34047   12  612  838.98286  125.34047  85.1%   381  413s
  2185  1968  125.36536   13  666  838.98286  125.34120  85.1%   395  426s
  2201  1978  125.37895   14  673  838.98286  125.37895  85.1%   411  435s
H 2203  1880                     240.6682604  125.37895  47.9%   411  435s
H 2204  1786                     204.9591582  125.37895  38.8%   411  435s
  2217  1798  125.40010   15  612  204.95916  125.37904  38.8%   422  446s
H 2249  1731                     177.2436122  125.41620  29.2%   430  454s
H 2255  1645                     174.9683888  125.41635  28.3%   431  454s
  2265  1669  125.43189   18  581  174.96839  125.41688  28.3%   432  463s
H 2292  1598                     161.3954333  125.43286  22.3%   438  470s
H 2292  1522                     160.6328542  125.43286  21.9%   438  470s
  2310  1536  125.55459   21  646  160.63285  125.45379  21.9%   447  480s
H 2359  1496                     160.1801384  125.56744  21.6%   460  492s
H 2360  1426                     159.4301384  125.57000  21.2%   461  492s
H 2361  1361                     159.1858750  125.57214  21.1%   461  492s
H 2364  1299                     147.1025417  125.58893  14.6%   462  492s
  2378  1331  125.80863   26  583  147.10254  125.58895  14.6%   466  495s
H 2417  1291                     146.0192083  125.66202  13.9%   469  497s
  2447  1311  125.68437   29  648  146.01921  125.67118  13.9%   473  501s
  2477  1339  125.68620   30  638  146.01921  125.68620  13.9%   479  505s
H 2480  1282                     145.9503009  125.69171  13.9%   478  505s
H 2492  1225                     145.9088513  125.69171  13.9%   480  505s
  2550  1264  126.34504   42  440  145.90885  125.79653  13.8%   485  512s
H 2554  1213                     145.8983229  125.79794  13.8%   485  512s
H 2557  1164                     145.8399439  125.80200  13.7%   485  512s
  2574  1187  128.75986   47  439  145.83994  125.81234  13.7%   491  516s
  2603  1206  125.99205   45  427  145.83994  125.81323  13.7%   493  530s
H 2624  1154                     145.8371675  125.82536  13.7%   494  530s
H 2630  1109                     136.2181157  125.82536  7.63%   495  530s
  2632  1156  127.97467   48  446  136.21812  125.82651  7.63%   496  535s
H 2690  1111                     134.6699845  125.82876  6.57%   495  584s
H 2690  1072                     134.6008715  125.82876  6.52%   495  584s
H 2691  1035                     134.4506863  125.83136  6.41%   495  584s
H 2693   999                     133.6847980  125.84096  5.87%   495  584s
H 2694   965                     133.6727222  125.84201  5.86%   496  584s
H 2695   934                     133.6694329  125.84207  5.86%   496  584s
H 2697   903                     133.6664186  125.84266  5.85%   497  584s
H 2698   874                     133.6661398  125.84286  5.85%   497  584s
H 2704   845                     133.1033299  125.84414  5.45%   497  584s
  2706   782  125.84447   38  545  133.10333  125.84447  5.45%   498  590s
H 2742   753                     132.8059484  125.84512  5.24%   501  598s
H 2744   728                     132.7756492  125.84591  5.22%   500  598s
H 2751   702                     132.7568757  125.84591  5.21%   500  598s
H 2759   677                     132.7559543  125.84591  5.21%   500  598s
  2763   771  125.85056   41  547  132.75595  125.85040  5.20%   500  601s
  2885   784     cutoff   42       132.75595  125.86125  5.19%   486  606s
  3086   922  126.19321   29  476  132.75595  125.88393  5.18%   475  614s
  3229   973     cutoff   28       132.75595  125.89845  5.17%   464  619s
  3359  1066  126.21110   52  495  132.75595  125.91607  5.15%   456  623s
  3525  1205     cutoff   34       132.75595  125.92733  5.14%   443  627s
  3688  1282     cutoff   44       132.75595  125.93252  5.14%   431  630s
  3954  1574     cutoff   55       132.75595  125.94440  5.13%   417  637s
  4158  1575  125.97062   47  395  132.75595  125.95155  5.13%   404  650s
H 4181  1590                     132.7472305  125.95770  5.11%   405  658s
H 4184  1590                     132.7418678  125.95798  5.11%   405  658s
  4209  1799  125.97145   51  452  132.74187  125.96297  5.11%   405  662s
  4440  1966  126.21042   42  511  132.74187  125.96661  5.10%   392  669s
  4629  2270  126.10880   57  484  132.74187  125.97436  5.10%   384  673s
  4966  2480  131.49396   40  390  132.74187  125.97981  5.09%   366  680s
  5220  2703  126.16348   51  409  132.74187  125.98415  5.09%   356  685s
  5469  2727     cutoff   58       132.74187  125.99008  5.09%   347  705s
  5550  2757  126.07137   54  546  132.74187  125.99506  5.08%   347  727s
  5607  2785  126.26223   41  511  132.74187  126.00087  5.08%   347  745s
  5672  2818  127.49953   62  425  132.74187  126.00660  5.07%   346  752s
  5722  2818     cutoff   44       132.74187  126.01148  5.07%   347  775s
H 5729  2818                     132.7409416  126.01148  5.07%   347  775s
H 5748  2818                     132.6926246  126.01437  5.03%   346  775s
  5772  2854  126.01681   54  535  132.69262  126.01681  5.03%   347  802s
  5834  2890  129.54317   55  477  132.69262  126.02757  5.02%   348  809s
  5897  2929  126.13868   33  402  132.69262  126.03567  5.02%   347  815s
  5967  2973  126.05165   48  495  132.69262  126.04090  5.01%   347  841s
  6028  3024  126.22309   63  377  132.69262  126.04845  5.01%   347  860s
  6095  3049  126.05049   59  382  132.69262  126.05049  5.01%   347  873s
H 6099  3049                     132.6923469  126.05075  5.01%   347  873s
  6134  3102  126.05075   61  381  132.69235  126.05075  5.01%   348  879s
  6205  3670  130.34622   65  360  132.69235  126.06095  5.00%   347  887s
  6807  4119     cutoff   72       132.69235  126.06510  4.99%   325  892s
  7317  4265     cutoff   69       132.69235  126.06765  4.99%   312  897s
H 7318  4265                     132.6887924  126.06765  4.99%   312  897s
H 7324  4265                     132.6090136  126.06846  4.93%   312  897s
  7524  4656     cutoff   37       132.60901  126.07310  4.93%   309  908s
  7987  5096  127.57084   66  397  132.60901  126.08122  4.92%   301  914s
  8516  5132     cutoff   69       132.60901  126.08638  4.92%   291  936s
  8608  5675  129.64387   51  403  132.60901  126.09189  4.91%   292  946s
  9211  6246     cutoff   56       132.60901  126.09832  4.91%   282  956s
  9867  7045  126.35059   51  398  132.60901  126.10218  4.91%   272  966s
 10724  7040  127.56189   49  515  132.60901  126.10774  4.90%   259  992s
 10754  7101     cutoff   63       132.60901  126.10983  4.90%   259 1012s
 10863  7362     cutoff   43       132.60901  126.11281  4.90%   260 1043s
H10864  7362                     132.6054591  126.11281  4.90%   260 1043s
 11139  7442  126.14606   44  577  132.60546  126.11589  4.89%   257 1059s
 11261  8204  129.51750   43  468  132.60546  126.11976  4.89%   259 1069s
 12222  8890     cutoff   61       132.60546  126.12197  4.89%   248 1082s
H12900  8890                     132.5918090  126.12417  4.88%   241 1082s
 13022  9703  126.42820   81  477  132.59181  126.12541  4.88%   241 1095s
H13905 10256                     132.5758848  126.12969  4.86%   233 1110s
H14016 10256                     132.5549074  126.13021  4.85%   232 1110s
 14658 10349  126.23543   66  349  132.55491  126.13616  4.84%   229 1120s
 14797 10945  127.55177   34  406  132.55491  126.13958  4.84%   229 1138s
H15460 11950                     132.5383342  126.14136  4.83%   225 1158s
 16599 12696     cutoff   35       132.53833  126.14684  4.82%   218 1175s
H16627 12691                     132.4670353  126.14687  4.77%   218 1175s
 17460 13628     cutoff   56       132.46704  126.14984  4.77%   215 1192s
 18503 14526  126.37432   47  423  132.46704  126.15515  4.76%   211 1210s
 19576 15351  126.16076   37  370  132.46704  126.15797  4.76%   207 1229s
 19662 15351     cutoff   37       132.46704  126.15881  4.76%   207 1230s
 20726 15578  126.89271   60  354  132.46704  126.16396  4.76%   204 1272s
 21094 19089  126.52268   40  397  132.46704  126.16730  4.76%   204 1344s
 25427 19159     cutoff   57       132.46704  126.17900  4.75%   198 1364s
 25581 20531     cutoff   70       132.46704  126.18362  4.74%   198 1392s
 27222 21596     cutoff   72       132.46704  126.19091  4.74%   195 1413s
 28570 22517  126.81161   51  373  132.46704  126.19526  4.73%   193 1434s
 29790 23562  126.28386   49  480  132.46704  126.19941  4.73%   191 1456s
 31162 23593  126.59859   49  473  132.46704  126.20310  4.73%   190 1518s
H31190 23590                     132.4595568  126.20434  4.72%   190 1518s
H31216 23590                     132.4594922  126.20539  4.72%   190 1519s
 31229 23773     cutoff   69       132.45949  126.20606  4.72%   190 1542s
 31457 24923 infeasible   52       132.45949  126.20789  4.72%   190 1570s
 32921 26429     cutoff   44       132.45949  126.21328  4.72%   190 1598s
 34666 27676  126.49092   55  344  132.45949  126.21816  4.71%   188 1631s
 36239 28119  131.62818   53  507  132.45949  126.22392  4.71%   187 1660s
 36785 29723     cutoff   66       132.45949  126.22884  4.70%   187 1694s
 37280 29723     cutoff   46       132.45949  126.22986  4.70%   186 1695s
 38617 29964  126.86933   62  464  132.45949  126.23441  4.70%   186 1742s
 38923 31422     cutoff   46       132.45949  126.23650  4.70%   186 1781s
 40924 33212     cutoff   69       132.45949  126.24376  4.69%   186 1816s
 43234 35296  126.44116   68  348  132.45949  126.25083  4.69%   184 1877s
 45828 36810  126.31767   45  392  132.45949  126.25805  4.68%   184 1912s
 47607 38760  126.35503   57  311  132.45949  126.26468  4.68%   184 1951s
 49987 39006     cutoff   60       132.45949  126.26944  4.67%   182 1979s
 50299 40889  126.71465   35  390  132.45949  126.27296  4.67%   183 2033s
 52494 41263     cutoff   40       132.45949  126.27921  4.67%   182 2071s
 52992 42804  126.89914   97  392  132.45949  126.28219  4.66%   182 2118s
 55118 44289 infeasible   62       132.45949  126.28488  4.66%   183 2154s
 57060 45916     cutoff   34       132.45949  126.29042  4.66%   184 2193s
 59010 47518     cutoff  106       132.45949  126.29651  4.65%   184 2225s
 61070 48551  127.55541   91  302  132.45949  126.30149  4.65%   184 2266s
 62519 50445 infeasible   51       132.45949  126.30583  4.65%   184 2303s
 64841 50991  129.14756   72  408  132.45949  126.30998  4.64%   184 2344s
 64916 50991  126.37021   55  467  132.45949  126.31036  4.64%   184 2345s
 65509 57173     cutoff   52       132.45949  126.31310  4.64%   184 2493s
 70413 57173     cutoff   60       132.45949  126.31506  4.64%   185 2495s
 73232 57304  126.82526   60  485  132.45949  126.32737  4.63%   185 2556s
H73360 57267                     132.3663738  126.32896  4.56%   185 2556s
 73448 59145  130.79489   62  311  132.36637  126.33051  4.56%   185 2596s
 75843 60914  130.46312   62  380  132.36637  126.33680  4.56%   185 2639s
 78104 62395  126.35252   73  446  132.36637  126.34183  4.55%   185 2677s
 80187 63861  126.42105   68  333  132.36637  126.34652  4.55%   186 2725s
H80863 63859                     132.3601140  126.34737  4.54%   185 2725s
H81326 63858                     132.3597135  126.34774  4.54%   185 2725s
 82042 64159  126.43041   70  415  132.35971  126.34946  4.54%   185 2750s
 82426 66000  127.69141   48  449  132.35971  126.35233  4.54%   185 2804s
 84422 66000  128.41697   38  329  132.35971  126.35349  4.54%   185 2805s
 84830 67919     cutoff   61       132.35971  126.35564  4.54%   185 2844s
 87112 70253 infeasible   70       132.35971  126.36106  4.53%   186 2904s
 88450 70253  127.90536   70  471  132.35971  126.36220  4.53%   186 2905s
 89940 71606  126.79420   31  399  132.35971  126.36566  4.53%   186 2948s
 91550 71847  126.43840   79  315  132.35971  126.37050  4.52%   186 2990s
 91868 73925  127.10759   56  470  132.35971  126.37150  4.52%   186 3056s
 94448 75827     cutoff   51       132.35971  126.37448  4.52%   187 3108s
 97044 77571     cutoff   59       132.35971  126.37871  4.52%   187 3148s
 99408 79605  127.89541  107  384  132.35971  126.38279  4.52%   187 3193s
 101838 81631  129.74731   48  444  132.35971  126.38552  4.51%   186 3246s
 104276 83109     cutoff   50       132.35971  126.39017  4.51%   186 3292s
 106153 84959 infeasible  101       132.35971  126.39334  4.51%   186 3336s
 108614 85271     cutoff   39       132.35971  126.39718  4.50%   186 3387s
 109088 95921  126.48005   83  344  132.35971  126.39847  4.50%   186 3632s
H122564 96631                     132.3579014  126.41277  4.49%   186 3687s
 123465 97035  128.84829   92  249  132.35790  126.41724  4.49%   185 3722s
 123928 98649     cutoff   39       132.35790  126.41801  4.49%   186 3778s
 126263 100575     cutoff   48       132.35790  126.42111  4.49%   186 3834s
 128757 102181  128.27286   79  333  132.35790  126.42463  4.48%   186 3892s
H129685 102181                     132.3579014  126.42580  4.48%   186 3893s
 130627 104482     cutoff   51       132.35790  126.42696  4.48%   186 3965s
 133652 106270  127.69848   63  388  132.35790  126.43190  4.48%   186 4014s
 135991 108049  130.86654   56  400  132.35790  126.43493  4.47%   185 4064s
 138063 109941  126.44527   49  529  132.35790  126.43695  4.47%   185 4119s
 140375 111562  129.30983   71  349  132.35790  126.44112  4.47%   185 4180s
 142701 112274  126.46025   62  478  132.35790  126.44342  4.47%   185 4219s
 143564 114272  126.60651   56  354  132.35790  126.44507  4.47%   185 4270s
 145936 116152  126.45703   75  280  132.35790  126.44755  4.47%   185 4321s
 148511 117827  128.19309   72  291  132.35790  126.44986  4.46%   185 4374s
 150603 119538  126.81098   49  415  132.35790  126.45234  4.46%   185 4419s
 152615 120796  131.88733   72  354  132.35790  126.45557  4.46%   185 4476s
 154113 124479  130.92505   63  448  132.35790  126.45759  4.46%   185 4575s
 158676 126682     cutoff   33       132.35790  126.46230  4.45%   185 4619s
 161304 128177     cutoff   43       132.35790  126.46599  4.45%   185 4669s
 163210 130574     cutoff   72       132.35790  126.46830  4.45%   185 4724s
 166159 131688  127.69579   52  381  132.35790  126.47185  4.45%   185 4769s
 166718 131688     cutoff   63       132.35790  126.47241  4.45%   185 4770s
 167557 133891  127.53898   73  281  132.35790  126.47401  4.45%   185 4832s
 170536 135811  127.08689   64  347  132.35790  126.47693  4.44%   185 4881s
 173147 138190  126.92395   77  357  132.35790  126.47989  4.44%   185 4968s
 176186 138609  127.36353   71  336  132.35790  126.48234  4.44%   185 5001s
 176705 141344  128.15169   52  438  132.35790  126.48415  4.44%   185 5080s
 180115 143432  129.29698   68  382  132.35790  126.48714  4.44%   185 5140s
 182900 145217  126.49534   74  304  132.35790  126.48997  4.43%   185 5183s
 185377 146785  127.64125   62  402  132.35790  126.49247  4.43%   185 5237s
 187335 148661  127.48440   55  407  132.35790  126.49459  4.43%   185 5289s
 189688 150663  126.75973   53  261  132.35790  126.49643  4.43%   185 5344s
 192079 152031     cutoff   70       132.35790  126.49871  4.43%   185 5394s
 193818 154713  129.28969   62  344  132.35790  126.50098  4.43%   185 5464s
 197224 154722     cutoff   73       132.35790  126.50366  4.42%   185 5777s
H197237 154722                     132.3579014  126.50421  4.42%   185 5778s
 197246 154994  126.54915   56  373  132.35790  126.50453  4.42%   185 5820s
 197593 157062     cutoff   64       132.35790  126.50519  4.42%   185 5891s
 200087 159151  127.50364   73  276  132.35790  126.50728  4.42%   185 5961s
H201397 159151                     132.3579013  126.50769  4.42%   185 5961s
 202775 159506  128.90831   73  387  132.35790  126.50903  4.42%   185 5993s
 203236 161806  127.18833   88  212  132.35790  126.51007  4.42%   186 6058s
 206121 163504     cutoff   51       132.35790  126.51259  4.42%   185 6127s
 208222 165734  127.73026   91  406  132.35790  126.51432  4.41%   185 6185s
 211101 168078     cutoff   53       132.35790  126.51773  4.41%   185 6242s
 214021 170162  126.94965   78  265  132.35790  126.51969  4.41%   185 6308s
 216770 170996  127.28680   69  386  132.35790  126.52193  4.41%   185 6392s
 217860 176904  129.23601   60  313  132.35790  126.52321  4.41%   185 6565s
 225570 177273     cutoff   71       132.35790  126.52877  4.40%   185 6606s
 226054 179411  126.57257   75  354  132.35790  126.52978  4.40%   185 6675s
 228779 181697     cutoff   78       132.35790  126.53286  4.40%   185 6730s
 231618 183822  126.82605   57  491  132.35790  126.53540  4.40%   185 6790s
 234464 185996     cutoff   83       132.35790  126.53758  4.40%   185 6853s
 237207 188537     cutoff   69       132.35790  126.53949  4.40%   185 6921s
 240447 189071  126.69301   65  386  132.35790  126.54167  4.39%   185 6957s
 241121 191256     cutoff   71       132.35790  126.54278  4.39%   185 7034s
 242530 191256  127.52329   48  361  132.35790  126.54314  4.39%   185 7035s
 243963 193344  127.01534   55  398  132.35790  126.54490  4.39%   185 7105s
 246696 195307     cutoff   73       132.35790  126.54690  4.39%   185 7159s
 249234 196832     cutoff   47       132.35790  126.54887  4.39%   185 7200s

Cutting planes:
  Learned: 3
  Gomory: 189
  Lift-and-project: 5
  Cover: 591
  Implied bound: 856
  Projected implied bound: 19
  Clique: 1
  MIR: 1271
  StrongCG: 8
  Flow cover: 2495
  GUB cover: 1
  Inf proof: 18
  Zero half: 21
  RLT: 67
  Relax-and-lift: 250
  PSD: 1

Explored 251479 nodes (46592671 simplex iterations) in 7200.41 seconds (2493.24 work units)
Thread count was 32 (of 32 available processors)

Solution count 10: 132.358 132.358 132.358 ... 132.538

Time limit reached
Best objective 1.323579013198e+02, best bound 1.265502623059e+02, gap 4.3878%
