
Gurobi 9.5.2 (linux64) logging started Tue Jul 28 18:26:24 2026

Set parameter LogFile to value "logs/oracle_RlongCmediumTmedium_8_gurobi.log"
Gurobi Optimizer version 9.5.2 build v9.5.2rc0 (linux64)
Thread count: 16 physical cores, 32 logical processors, using up to 32 threads
Optimize a model with 9925 rows, 5551 columns and 136420 nonzeros
Model fingerprint: 0xf006657a
Variable types: 3467 continuous, 2084 integer (2084 binary)
Coefficient statistics:
  Matrix range     [3e-02, 2e+03]
  Objective range  [1e+00, 1e+00]
  Bounds range     [1e+00, 1e+00]
  RHS range        [3e-02, 5e+02]

User MIP start did not produce a new incumbent solution
User MIP start violates constraint c_e_x35_ by 0.000039813

Presolve removed 2899 rows and 985 columns
Presolve time: 2.86s
Presolved: 7026 rows, 4566 columns, 126824 nonzeros
Variable types: 2705 continuous, 1861 integer (1861 binary)
Root relaxation presolve removed 374 rows and 121 columns
Root relaxation presolved: 6652 rows, 4445 columns, 35226 nonzeros


Root simplex log...

Iteration    Objective       Primal Inf.    Dual Inf.      Time
    6852    1.1721141e+02   0.000000e+00   0.000000e+00      5s
    6858    1.1720709e+02   0.000000e+00   0.000000e+00      5s
    6880    1.1720709e+02   0.000000e+00   0.000000e+00      5s
Extra simplex iterations after uncrush: 22

Root relaxation: objective 1.172071e+02, 6880 iterations, 1.77 seconds (0.44 work units)
Another try with MIP start

    Nodes    |    Current Node    |     Objective Bounds      |     Work
 Expl Unexpl |  Obj  Depth IntInf | Incumbent    BestBd   Gap | It/Node Time

H    0     0                     150.5815306  117.20709  22.2%     -   17s
     0     0  117.20709    0  643  150.58153  117.20709  22.2%     -   17s
     0     0  122.60802    0  559  150.58153  122.60802  18.6%     -   26s
     0     0  123.61706    0  605  150.58153  123.61706  17.9%     -   27s
     0     0  123.75122    0  616  150.58153  123.75122  17.8%     -   28s
     0     0  123.76584    0  618  150.58153  123.76584  17.8%     -   28s
     0     0  123.76900    0  619  150.58153  123.76900  17.8%     -   28s
     0     0  123.76951    0  622  150.58153  123.76951  17.8%     -   28s
     0     0  124.84090    0  557  150.58153  124.84090  17.1%     -   30s
     0     0  124.91772    0  529  150.58153  124.91772  17.0%     -   31s
     0     0  124.92783    0  513  150.58153  124.92783  17.0%     -   31s
     0     0  124.92824    0  508  150.58153  124.92824  17.0%     -   31s
     0     0  125.48059    0  612  150.58153  125.48059  16.7%     -   33s
     0     0  125.50496    0  608  150.58153  125.50496  16.7%     -   33s
     0     0  125.51355    0  612  150.58153  125.51355  16.6%     -   34s
     0     0  125.51494    0  607  150.58153  125.51494  16.6%     -   34s
     0     0  125.82264    0  595  150.58153  125.82264  16.4%     -   37s
     0     0  125.86565    0  618  150.58153  125.86565  16.4%     -   37s
     0     0  125.87351    0  641  150.58153  125.87351  16.4%     -   38s
     0     0  125.87540    0  644  150.58153  125.87540  16.4%     -   38s
     0     0  125.87700    0  630  150.58153  125.87700  16.4%     -   38s
     0     0  126.12524    0  557  150.58153  126.12524  16.2%     -   41s
     0     0  126.15186    0  571  150.58153  126.15186  16.2%     -   42s
     0     0  126.16578    0  599  150.58153  126.16578  16.2%     -   42s
     0     0  126.16645    0  619  150.58153  126.16645  16.2%     -   42s
     0     0  126.53199    0  595  150.58153  126.53199  16.0%     -   46s
     0     0  126.56907    0  642  150.58153  126.56907  15.9%     -   47s
     0     0  126.58427    0  579  150.58153  126.58427  15.9%     -   47s
     0     0  126.58751    0  595  150.58153  126.58751  15.9%     -   48s
     0     0  126.58811    0  607  150.58153  126.58811  15.9%     -   48s
     0     0  126.77575    0  638  150.58153  126.77575  15.8%     -   53s
     0     0  126.80951    0  592  150.58153  126.80951  15.8%     -   53s
     0     0  126.81260    0  643  150.58153  126.81260  15.8%     -   54s
     0     0  126.81347    0  659  150.58153  126.81347  15.8%     -   54s
     0     0  126.87283    0  668  150.58153  126.87283  15.7%     -   57s
     0     0  126.88248    0  613  150.58153  126.88248  15.7%     -   58s
     0     0  126.88438    0  635  150.58153  126.88438  15.7%     -   58s
     0     0  127.02163    0  564  150.58153  127.02163  15.6%     -   61s
     0     0  127.03328    0  585  150.58153  127.03328  15.6%     -   62s
     0     0  127.03552    0  577  150.58153  127.03552  15.6%     -   62s
     0     0  127.13903    0  606  150.58153  127.13903  15.6%     -   64s
     0     0  127.15772    0  608  150.58153  127.15772  15.6%     -   64s
     0     0  127.15999    0  605  150.58153  127.15999  15.6%     -   64s
     0     0  127.19376    0  614  150.58153  127.19376  15.5%     -   65s
     0     0  127.20480    0  654  150.58153  127.20480  15.5%     -   66s
     0     0  127.20781    0  640  150.58153  127.20781  15.5%     -   66s
     0     0  127.22888    0  584  150.58153  127.22888  15.5%     -   70s
     0     0  127.23814    0  632  150.58153  127.23814  15.5%     -   71s
     0     0  127.23923    0  641  150.58153  127.23923  15.5%     -   71s
     0     0  127.26625    0  568  150.58153  127.26625  15.5%     -   74s
     0     0  127.27141    0  636  150.58153  127.27141  15.5%     -   75s
     0     0  127.27222    0  630  150.58153  127.27222  15.5%     -   75s
     0     0  127.29568    0  610  150.58153  127.29568  15.5%     -   77s
     0     0  127.30196    0  626  150.58153  127.30196  15.5%     -   78s
     0     0  127.30322    0  639  150.58153  127.30322  15.5%     -   79s
     0     0  127.34382    0  636  150.58153  127.34382  15.4%     -   83s
     0     0  127.35154    0  621  150.58153  127.35154  15.4%     -   84s
     0     0  127.35210    0  594  150.58153  127.35210  15.4%     -   84s
     0     0  127.38936    0  613  150.58153  127.38936  15.4%     -   88s
     0     0  127.38936    0  529  150.58153  127.38936  15.4%     -   91s
     0     2  127.38936    0  527  150.58153  127.38936  15.4%     -   93s
     1     4  127.39900    1  520  150.58153  127.38954  15.4%   529   95s
     7    16  127.44921    3  633  150.58153  127.41794  15.4%   576  100s
    31    48  127.52610    5  648  150.58153  127.48285  15.3%   556  105s
H   37    48                     150.5086217  127.48714  15.3%   507  105s
    63    80  127.49892    7  640  150.50862  127.48734  15.3%   465  114s
H   79    96                     147.1466739  127.49088  13.4%   441  119s
H   80    96                     146.6143198  127.49488  13.0%   436  119s
H   92    96                     145.9173627  127.49957  12.6%   417  119s
    95   112  127.51599    9  681  145.91736  127.49957  12.6%   420  122s
H  127   144                     145.3438039  127.53012  12.3%   433  144s
H  127   144                     143.8812232  127.53012  11.4%   433  144s
H  128   144                     142.2085395  127.53012  10.3%   435  144s
H  132   144                     142.1523352  127.54716  10.3%   440  144s
H  134   144                     142.0133548  127.54990  10.2%   441  144s
H  138   144                     141.8510220  127.54990  10.1%   443  144s
   143   160  127.57488   12  571  141.85102  127.54990  10.1%   458  147s
   159   176  127.55727   13  643  141.85102  127.55303  10.1%   451  150s
   175   192  127.56102   14  602  141.85102  127.55733  10.1%   452  155s
H  176   192                     141.8219867  127.55733  10.1%   449  155s
H  187   192                     141.7690130  127.56148  10.0%   452  155s
H  189   192                     140.9194623  127.56148  9.48%   452  155s
H  190   192                     140.9053201  127.56148  9.47%   451  156s
   216   233  127.57497   15  547  140.90532  127.56619  9.47%   463  161s
H  232   249                     140.8258941  127.57029  9.41%   481  167s
H  233   249                     140.7425608  127.57051  9.36%   480  167s
   248   265  127.59980   13  588  140.74256  127.57527  9.36%   490  170s
   264   371  127.90045   11  537  140.74256  127.58180  9.35%   515  175s
   376   387  127.64322   17  550  140.74256  127.58522  9.35%   442  181s
H  381   387                     140.6605518  127.58549  9.30%   445  181s
H  388   387                     140.5772185  127.58689  9.24%   450  181s
   392   408  128.02609   15  547  140.57722  127.58958  9.24%   455  186s
   413   424  127.65609   16  602  140.57722  127.59437  9.24%   457  190s
   429   440  127.71079   11  587  140.57722  127.60518  9.23%   463  201s
H  431   440                     140.5772184  127.60550  9.23%   462  201s
   461   512  127.76520   12  686  140.57722  127.61634  9.22%   491  209s
   517   563  127.72125   14  508  140.57722  127.63258  9.21%   477  213s
   568   615  128.77352   15  512  140.57722  127.64093  9.20%   468  216s
   620   671  127.79268   13  555  140.57722  127.64885  9.20%   459  220s
   728   800  127.71841   12  658  140.57722  127.66341  9.19%   454  226s
   805   862  128.13854   11  595  140.57722  127.66927  9.18%   439  232s
   867  1029  127.91471    6  531  140.57722  127.67480  9.18%   428  235s
  1037  1224  127.86331   13  606  140.57722  127.67891  9.18%   390  241s
  1234  1332  130.27067   24  616  140.57722  127.68291  9.17%   355  246s
  1342  1479  127.82182    8  568  140.57722  127.68522  9.17%   348  251s
  1489  1628  129.33377   16  560  140.57722  127.68898  9.17%   337  256s
  1638  1916  129.67404   15  498  140.57722  127.69414  9.16%   325  263s
  1936  1960  127.74700   11  536  140.57722  127.69657  9.16%   298  278s
  1980  2191  128.07464   20  615  140.57722  127.69907  9.16%   301  285s
  2212  2192  129.67404   31  529  140.57722  127.70126  9.16%   286  328s
  2214  2193  127.86195   25  177  140.57722  127.70126  9.16%   286  334s
  2215  2194  127.85423   27  436  140.57722  127.70126  9.16%   286  337s
  2221  2198  128.78530   22  539  140.57722  127.70126  9.16%   285  340s
  2222  2199  127.99422   10  493  140.57722  127.73184  9.14%   285  351s
  2226  2201  127.77827   21  630  140.57722  127.77827  9.10%   284  357s
  2227  2202  127.93112   24  486  140.57722  127.93112  9.00%   284  368s
  2231  2205  127.96972   20  560  140.57722  127.96972  8.97%   284  373s
  2232  2205  129.91605   24  461  140.57722  128.24683  8.77%   284  385s
  2237  2209  128.28770   22  576  140.57722  128.28770  8.74%   283  391s
  2238  2209  128.45509   17  392  140.57722  128.45509  8.62%   283  403s
  2240  2211  128.47373   18  455  140.57722  128.47373  8.61%   283  405s
  2242  2212  128.47816   14  543  140.57722  128.47816  8.61%   282  411s
  2243  2213  128.52851   24  403  140.57722  128.52851  8.57%   282  422s
  2246  2215  130.28181   22  524  140.57722  128.54923  8.56%   282  429s
  2247  2215  128.56158   35  460  140.57722  128.56158  8.55%   282  435s
  2250  2217  128.56735   21  486  140.57722  128.56735  8.54%   281  440s
  2251  2218  128.69984   20  428  140.57722  128.57577  8.54%   281  454s
  2252  2219  128.57677   15  622  140.57722  128.57677  8.54%   281  459s
  2253  2219  129.17396   30  425  140.57722  128.58282  8.53%   281  473s
  2256  2221  128.58884   50  466  140.57722  128.58884  8.53%   281  480s
  2257  2222  129.82200   20  397  140.57722  128.59428  8.52%   280  494s
  2259  2223  128.60225   21  537  140.57722  128.60225  8.52%   280  495s
  2261  2225  128.60498   20  545  140.57722  128.60498  8.52%   280  501s
  2262  2225  128.61041   12  424  140.57722  128.61041  8.51%   280  512s
  2265  2227  128.61757   14  634  140.57722  128.61757  8.51%   279  517s
  2266  2228  128.62002   18  448  140.57722  128.62002  8.51%   279  523s
  2269  2230  128.62489    7  538  140.57722  128.62489  8.50%   279  529s
  2270  2231  128.62994   26  448  140.57722  128.62994  8.50%   279  537s
  2272  2232  128.63625   31  496  140.57722  128.63625  8.49%   279  544s
  2273  2233  128.63840   31  452  140.57722  128.63840  8.49%   278  557s
  2274  2233  128.63840   24  430  140.57722  128.63840  8.49%   278  565s
  2276  2238  128.65277   15  429  140.57722  128.65277  8.48%   304  593s
  2278  2240  128.65912   16  527  140.57722  128.65912  8.48%   304  619s
  2282  2246  128.67431   17  553  140.57722  128.67431  8.47%   304  621s
  2289  2257  128.82903   18  607  140.57722  128.67431  8.47%   304  625s
  2319  2278  128.71602   20  561  140.57722  128.71524  8.44%   309  630s
  2335  2289  128.72152   21  562  140.57722  128.71677  8.44%   309  635s
  2393  2326  128.77755   24  543  140.57722  128.77755  8.39%   311  643s
  2409  2344  129.28272   25  544  140.57722  128.83568  8.35%   312  645s
H 2447  2244                     140.4938851  128.84540  8.29%   311  649s
H 2458  2150                     140.4938851  128.84540  8.29%   312  651s
  2497  2189  128.96536   30  553  140.49389  128.87401  8.27%   316  655s
  2556  2231  128.90525   32  451  140.49389  128.90267  8.25%   320  660s
  2670  2286  129.11284   35  490  140.49389  128.90918  8.25%   325  668s
  2696  2296  128.91420   40  473  140.49389  128.91404  8.24%   327  673s
  2714  2364  129.06269   41  460  140.49389  128.91481  8.24%   331  680s
  2807  2488  128.93217   43  403  140.49389  128.92109  8.24%   333  688s
  2946  2610  129.17389   44  493  140.49389  128.92168  8.24%   334  697s
  3117  2752  128.92436   39  457  140.49389  128.92287  8.24%   335  700s
  3343  2823  128.92461   39  500  140.49389  128.92414  8.24%   333  709s
  3469  3038  128.94440   40  421  140.49389  128.92477  8.23%   335  712s
  3733  3308  130.90319   42  367  140.49389  128.93084  8.23%   326  718s
  4093  3517  128.93147   36  516  140.49389  128.93147  8.23%   315  723s
  4430  3591  130.23874   37  390  140.49389  128.93256  8.23%   307  728s
  4623  3927  128.94748   41  351  140.49389  128.93483  8.23%   304  737s
  5040  3929  129.27906   45  365  140.49389  128.93644  8.23%   293  743s
  5189  4133  128.99267   40  439  140.49389  128.93796  8.23%   295  748s
  5449  4202  130.50852   40  402  140.49389  128.94029  8.22%   294  755s
  5620  4431  129.16842   39  524  140.49389  128.94192  8.22%   298  764s
  5840  4358  132.42411   49  351  140.49389  128.94401  8.22%   294  765s
  5908  4637  129.25395   45  379  140.49389  128.94463  8.22%   296  772s
  6215  4901  128.94983   25  539  140.49389  128.94610  8.22%   294  779s
  6593  5005  134.06236   43  296  140.49389  128.94794  8.22%   290  785s
  6829  5344  129.39238   55  417  140.49389  128.95036  8.22%   288  792s
  7254  5335  128.96175   47  424  140.49389  128.95250  8.21%   283  800s
  7425  6042  135.76210   45  371  140.49389  128.95544  8.21%   281  808s
  8225  6327  129.01144   46  418  140.49389  128.95705  8.21%   270  814s
  8795  6809  130.49080   50  303  140.49389  128.96001  8.21%   262  825s
  9333  7310  133.66460   51  317  140.49389  128.96285  8.21%   257  833s
  9862  7596  129.04309   48  379  140.49389  128.96412  8.21%   253  841s
 10158  8106 infeasible   38       140.49389  128.96677  8.20%   253  849s
 10685  8754  128.97953   44  255  140.49389  128.96837  8.20%   250  861s
 11359  9644  128.98373   46  328  140.49389  128.97021  8.20%   245  873s
 12284 10666  133.93543   26  421  140.49389  128.97285  8.20%   241  880s
 13373 11214  129.14560   58  354  140.49389  128.97700  8.20%   234  891s
 13933 12375  130.62012   44  352  140.49389  128.97948  8.20%   231  905s
 15139 12672  129.20857   41  400  140.49389  128.98212  8.19%   227  918s
 15442 12743  132.18712   52  325  140.49389  128.98349  8.19%   227  933s
 15528 12825  138.05845   45  228  140.49389  128.98493  8.19%   227  947s
H15585 12825                     140.4938830  128.98547  8.19%   228  947s
 15616 13863     cutoff   47       140.49388  128.98599  8.19%   229  961s
 16687 15625  138.05845   49  243  140.49388  128.98813  8.19%   223  974s
 18556 17533  128.99468   61  438  140.49388  128.99143  8.19%   214  989s
 20076 17533  129.01904   33  468  140.49388  128.99295  8.19%   206  990s
 20517 18839  129.13713   31  401  140.49388  128.99480  8.18%   205 1010s
 21858 20461  130.87259   44  276  140.49388  128.99582  8.18%   202 1030s
 23581 21676  132.32251   61  301  140.49388  128.99790  8.18%   195 1046s
 24839 23313  129.31305   46  472  140.49388  128.99919  8.18%   193 1061s
 26561 25074 infeasible   54       140.49388  129.00062  8.18%   189 1074s
 28437 25709  134.16963   42  372  140.49388  129.00270  8.18%   184 1088s
 29108 27545  139.01093   46  331  140.49388  129.00477  8.18%   183 1105s
 31068 28509  137.43027   63  254  140.49388  129.00651  8.18%   179 1120s
 32088 29901  129.00946   44  344  140.49388  129.00787  8.18%   179 1129s
 33530 30264  138.93875   47  348  140.49388  129.00885  8.17%   176 1142s
 33936 31504  132.04667   39  301  140.49388  129.00991  8.17%   177 1160s
 35217 33830  129.08013   56  383  140.49388  129.01143  8.17%   175 1178s
 37695 36239  129.05059   42  331  140.49388  129.01246  8.17%   170 1195s
 40240 37044  133.17499   41  358  140.49388  129.01523  8.17%   167 1211s
 41086 40451  132.73347   45  381  140.49388  129.01644  8.17%   169 1237s
 44772 41073  129.47488   53  402  140.49388  129.01748  8.17%   166 1254s
 45421 42339  130.75621   56  350  140.49388  129.01924  8.17%   166 1273s
 46712 44451  129.02221   48  296  140.49388  129.02062  8.17%   166 1297s
 48969 45911  131.71353   49  365  140.49388  129.02228  8.17%   165 1320s
 50494 47010  129.10066   50  478  140.49388  129.02321  8.16%   163 1344s
 51678 49954  129.18114   42  443  140.49388  129.02424  8.16%   163 1373s
 54807 51308  132.05003   51  316  140.49388  129.02545  8.16%   161 1396s
 56200 53819  132.61308   52  420  140.49388  129.02715  8.16%   161 1421s
 58830 54576  129.06640   31  384  140.49388  129.02900  8.16%   159 1448s
 59603 57094     cutoff   58       140.49388  129.02991  8.16%   158 1474s
 62176 59447  130.41510   43  347  140.49388  129.03150  8.16%   158 1511s
 64610 62282  131.92452   50  327  140.49388  129.03310  8.16%   157 1538s
 67594 65048  129.10564   38  376  140.49388  129.03468  8.16%   154 1563s
