
Gurobi 9.5.2 (linux64) logging started Tue Jul 28 17:52:30 2026

Set parameter LogFile to value "logs/oracle_RlongCmediumTmedium_5_gurobi.log"
Gurobi Optimizer version 9.5.2 build v9.5.2rc0 (linux64)
Thread count: 16 physical cores, 32 logical processors, using up to 32 threads
Optimize a model with 8361 rows, 4674 columns and 101393 nonzeros
Model fingerprint: 0x9e7f7f8b
Variable types: 2922 continuous, 1752 integer (1752 binary)
Coefficient statistics:
  Matrix range     [4e-02, 2e+03]
  Objective range  [1e+00, 1e+00]
  Bounds range     [1e+00, 1e+00]
  RHS range        [6e-02, 5e+02]

User MIP start did not produce a new incumbent solution
User MIP start violates constraint c_e_x37_ by 0.000029917

Presolve removed 2475 rows and 841 columns
Presolve time: 3.44s
Presolved: 5886 rows, 3833 columns, 92522 nonzeros
Variable types: 2272 continuous, 1561 integer (1561 binary)
Root relaxation presolve removed 304 rows and 103 columns
Root relaxation presolved: 5582 rows, 3730 columns, 28775 nonzeros


Root simplex log...

Iteration    Objective       Primal Inf.    Dual Inf.      Time
    2882    5.1478403e+01   1.182458e+05   0.000000e+00      5s
    5598    9.4548666e+01   0.000000e+00   0.000000e+00      6s
    5603    9.4548666e+01   0.000000e+00   0.000000e+00      7s
Extra simplex iterations after uncrush: 5

Root relaxation: objective 9.454867e+01, 5603 iterations, 2.62 seconds (0.51 work units)
Another try with MIP start

    Nodes    |    Current Node    |     Objective Bounds      |     Work
 Expl Unexpl |  Obj  Depth IntInf | Incumbent    BestBd   Gap | It/Node Time

     0     0   94.54867    0  537          -   94.54867      -     -    9s
     0     0   98.67648    0  418          -   98.67648      -     -   17s
     0     0   98.68480    0  435          -   98.68480      -     -   18s
     0     0   98.68480    0  448          -   98.68480      -     -   18s
     0     0  100.13622    0  421          -  100.13622      -     -   20s
     0     0  100.21870    0  421          -  100.21870      -     -   21s
     0     0  100.28234    0  408          -  100.28234      -     -   21s
     0     0  100.28257    0  405          -  100.28257      -     -   21s
     0     0  101.11692    0  411          -  101.11692      -     -   23s
     0     0  101.14556    0  418          -  101.14556      -     -   24s
     0     0  101.15576    0  409          -  101.15576      -     -   24s
     0     0  101.15956    0  412          -  101.15956      -     -   25s
     0     0  101.16034    0  416          -  101.16034      -     -   25s
     0     0  101.55512    0  453          -  101.55512      -     -   27s
     0     0  101.58395    0  443          -  101.58395      -     -   27s
     0     0  101.58691    0  436          -  101.58691      -     -   28s
     0     0  101.58806    0  433          -  101.58806      -     -   28s
     0     0  101.93505    0  433          -  101.93505      -     -   30s
     0     0  101.97045    0  440          -  101.97045      -     -   31s
     0     0  101.97332    0  431          -  101.97332      -     -   31s
     0     0  101.97393    0  434          -  101.97393      -     -   31s
     0     0  102.41902    0  395          -  102.41902      -     -   35s
     0     0  102.46895    0  410          -  102.46895      -     -   36s
     0     0  102.47125    0  424          -  102.47125      -     -   36s
     0     0  102.47173    0  437          -  102.47173      -     -   36s
     0     0  102.71792    0  410          -  102.71792      -     -   39s
     0     0  102.76485    0  426          -  102.76485      -     -   40s
     0     0  102.76824    0  430          -  102.76824      -     -   40s
     0     0  102.76866    0  415          -  102.76866      -     -   40s
     0     0  102.85554    0  419          -  102.85554      -     -   43s
     0     0  102.87103    0  457          -  102.87103      -     -   44s
     0     0  102.87677    0  486          -  102.87677      -     -   44s
     0     0  102.87737    0  486          -  102.87737      -     -   44s
     0     0  102.92259    0  466          -  102.92259      -     -   47s
     0     0  102.92898    0  464          -  102.92898      -     -   47s
     0     0  102.92910    0  477          -  102.92910      -     -   47s
     0     0  103.02392    0  446          -  103.02392      -     -   50s
     0     0  103.03519    0  378          -  103.03519      -     -   51s
     0     0  103.03837    0  492          -  103.03837      -     -   51s
     0     0  103.03914    0  380          -  103.03914      -     -   52s
     0     0  103.12566    0  430          -  103.12566      -     -   55s
     0     0  103.14387    0  421          -  103.14387      -     -   56s
     0     0  103.14554    0  424          -  103.14554      -     -   56s
     0     0  103.19691    0  431          -  103.19691      -     -   60s
     0     0  103.21407    0  404          -  103.21407      -     -   61s
     0     0  103.21990    0  429          -  103.21990      -     -   61s
     0     0  103.22116    0  429          -  103.22116      -     -   61s
     0     0  103.25516    0  431          -  103.25516      -     -   64s
     0     0  103.25939    0  444          -  103.25939      -     -   64s
     0     0  103.25980    0  446          -  103.25980      -     -   64s
     0     0  103.27928    0  431          -  103.27928      -     -   67s
     0     0  103.28338    0  417          -  103.28338      -     -   68s
     0     0  103.28594    0  397          -  103.28594      -     -   68s
     0     0  103.31818    0  382          -  103.31818      -     -   71s
     0     0  103.32527    0  385          -  103.32527      -     -   71s
     0     0  103.32614    0  417          -  103.32614      -     -   72s
     0     0  103.36886    0  428          -  103.36886      -     -   76s
     0     0  103.38454    0  414          -  103.38454      -     -   77s
     0     0  103.38944    0  388          -  103.38944      -     -   77s
     0     0  103.39013    0  403          -  103.39013      -     -   77s
     0     0  103.41054    0  429          -  103.41054      -     -   80s
     0     0  103.41954    0  442          -  103.41954      -     -   81s
     0     0  103.41991    0  438          -  103.41991      -     -   81s
     0     0  103.44015    0  426          -  103.44015      -     -   83s
     0     0  103.44274    0  431          -  103.44274      -     -   84s
     0     0  103.44306    0  446          -  103.44306      -     -   84s
     0     0  103.46200    0  412          -  103.46200      -     -   88s
     0     0  103.46954    0  435          -  103.46954      -     -   88s
     0     0  103.47122    0  454          -  103.47122      -     -   88s
     0     0  103.51150    0  414          -  103.51150      -     -   91s
     0     0  103.52190    0  455          -  103.52190      -     -   92s
     0     0  103.52216    0  435          -  103.52216      -     -   92s
     0     0  103.52590    0  449          -  103.52590      -     -   95s
     0     0  103.52924    0  446          -  103.52924      -     -   96s
     0     0  103.52949    0  389          -  103.52949      -     -   96s
     0     0  103.53835    0  412          -  103.53835      -     -   99s
     0     0  103.53835    0  412          -  103.53835      -     -  100s
     0     2  103.53835    0  381          -  103.53835      -     -  107s
     7    16  103.56203    3  396          -  103.54672      -   415  110s
    79    96  103.62650    8  460          -  103.57454      -   302  116s
   153   172  103.58204   12  470          -  103.58204      -   267  121s
   212   237  103.61015   16  481          -  103.58391      -   280  125s
   321   415  104.24199   21  473          -  103.61656      -   298  130s
   581   663  103.62377   29  430          -  103.62361      -   249  135s
   859   933  103.64888   32  422          -  103.62392      -   224  140s
  1022  1241  103.74597   23  460          -  103.63343      -   230  145s
  1539  1784  103.68153   26  507          -  103.63792      -   185  151s
  2094  2095  107.19527   15  412          -  103.64059      -   162  158s
  2096  2096  114.22759   36  134          -  103.64059      -   162  164s
  2097  2097  103.64574   24  313          -  103.64059      -   162  168s
  2099  2098  114.21870   26  467          -  103.64059      -   162  170s
  2104  2102  103.71057   19  308          -  103.71057      -   161  180s
  2109  2105  106.71080   15  427          -  103.72620      -   161  185s
  2110  2106  107.04242   30  329          -  103.94351      -   161  195s
  2114  2108  105.19907   43  486          -  103.97413      -   160  201s
  2115  2109  104.82624   25  334          -  104.11944      -   160  210s
  2119  2112  105.88497   35  353          -  104.27608      -   160  225s
  2124  2115  104.30651   37  440          -  104.30651      -   160  230s
  2125  2116  107.58662   15  312          -  104.34426      -   160  238s
  2127  2117  104.35568   16  270          -  104.35568      -   159  242s
  2128  2118  107.20841   28  203          -  104.37196      -   159  251s
  2131  2120  104.38848   32  242          -  104.38848      -   159  262s
  2134  2122  104.39283   32  359          -  104.39283      -   159  267s
  2135  2122  104.41782   26  340          -  104.41782      -   159  275s
  2139  2125  104.42916   14  431          -  104.42916      -   159  280s
  2140  2126  105.41108   29  345          -  104.43411      -   158  288s
  2142  2127  114.33638   18  430          -  104.43732      -   158  293s
  2143  2128  104.44532   34  342          -  104.44532      -   158  298s
  2145  2129  106.48184   36  390          -  104.44652      -   158  303s
  2146  2130  104.44835   23  388          -  104.44835      -   158  313s
  2148  2131  105.18938   21  396          -  104.44933      -   158  318s
  2149  2132  104.45104   20  363          -  104.45104      -   158  323s
  2150  2132  104.45111   23  392          -  104.45111      -   158  325s
  2152  2134  104.45642   16  420          -  104.45642      -   158  330s
H 2153  2026                     257.0408056  104.45950  59.4%   157  337s
  2155  2028  104.45950   52  356  257.04081  104.45950  59.4%   157  342s
  2159  2031  105.57676   23  166  257.04081  104.45950  59.4%   185  353s
  2160  2032  104.45950   15  235  257.04081  104.45950  59.4%   185  358s
  2164  2035  106.79055   15  365  257.04081  104.45950  59.4%   185  360s
  2167  2037  104.46193   24  345  257.04081  104.46193  59.4%   185  370s
  2169  2038  106.75348   23  369  257.04081  104.46286  59.4%   185  375s
  2170  2039  104.46514   22  309  257.04081  104.46514  59.4%   185  383s
  2171  2039  104.49168   36  328  257.04081  104.46516  59.4%   184  389s
  2172  2040  104.46861   20  342  257.04081  104.46861  59.4%   184  400s
H 2173  1938                     157.7739638  104.46910  33.8%   184  409s
  2174  1938  106.55064   34  334  157.77396  104.47331  33.8%   184  413s
  2176  1940  107.29813   27  376  157.77396  104.47495  33.8%   184  417s
  2177  1940  106.52982   25  357  157.77396  104.47806  33.8%   184  423s
  2180  1942  104.48110   12  371  157.77396  104.48110  33.8%   184  427s
  2183  1944  104.48351   15  391  157.77396  104.48351  33.8%   183  430s
  2186  1946  108.23988   19  460  157.77396  104.48507  33.8%   183  435s
  2187  1947  107.54166   26  407  157.77396  104.48544  33.8%   183  440s
H 2188  1850                     156.5583805  104.48544  33.3%   183  443s
H 2188  1757                     129.2386084  104.48544  19.2%   183  445s
H 2188  1669                     129.1552751  104.49720  19.1%   183  445s
  2190  1673  104.49865   30  387  129.15528  104.49865  19.1%   198  466s
  2192  1676  104.50546   31  403  129.15528  104.50546  19.1%   198  490s
  2204  1695  104.52355   33  364  129.15528  104.51080  19.1%   198  499s
  2220  1706  104.51529   34  446  129.15528  104.51195  19.1%   198  500s
  2252  1726  104.55161   36  344  129.15528  104.51347  19.1%   198  507s
H 2268  1653                     116.4660724  104.51419  10.3%   198  510s
H 2269  1573                     116.4022917  104.51419  10.2%   198  510s
H 2270  1496                     116.3511120  104.51440  10.2%   198  510s
H 2274  1423                     116.2489957  104.51440  10.1%   198  510s
H 2276  1354                     116.1978160  104.51440  10.1%   198  510s
H 2321  1319                     116.1144826  104.52456  10.0%   199  514s
  2329  1333  104.54263   40  409  116.11448  104.52571  10.0%   200  517s
H 2331  1270                     116.1129307  104.52681  10.0%   200  517s
H 2337  1209                     116.0863712  104.53306  10.0%   201  517s
H 2339  1153                     116.0513149  104.53306  9.93%   201  517s
H 2370  1131                     116.0309715  104.53681  9.91%   203  524s
  2419  1175  106.01937   46  313  116.03097  104.54135  9.90%   206  527s
  2449  1180  104.54415   49  393  116.03097  104.54305  9.90%   207  530s
H 2458  1126                     116.0309715  104.54432  9.90%   208  530s
H 2460  1077                     116.0232035  104.54432  9.89%   208  530s
  2548  1147  107.16831   56  232  116.02320  104.55364  9.89%   212  536s
  2608  1187  108.73293   61  263  116.02320  104.55661  9.88%   216  543s
  2624  1244  104.80150   64  315  116.02320  104.55681  9.88%   217  548s
H 2648  1191                     116.0232034  104.55738  9.88%   217  548s
  2689  1194  105.34547   65  320  116.02320  104.55740  9.88%   216  552s
  2779  1267  104.94086   71  289  116.02320  104.56179  9.88%   219  555s
  2934  1418  104.65135   78  376  116.02320  104.56377  9.88%   220  560s
  3152  1594  106.65861   94  242  116.02320  104.57441  9.87%   225  565s
H 3281  1533                     115.9463474  104.57557  9.81%   225  568s
  3309  1689  108.06253  117  312  115.94635  104.57606  9.81%   228  570s
H 3477  1608                     115.9447955  104.57668  9.80%   227  589s
  3493  1800  108.96250  126  303  115.94480  104.58202  9.80%   230  593s
H 3523  1748                     115.8417711  104.58236  9.72%   231  593s
  3692  1796  106.67361   72  199  115.84177  104.58331  9.72%   228  600s
  3806  2026  106.41136   65  254  115.84177  104.58379  9.72%   230  606s
  4383  2408  105.12146   71  249  115.84177  104.58455  9.72%   218  614s
  4708  2538  107.19961   68  217  115.84177  104.58908  9.71%   212  625s
H 4788  1636                     106.3785862  104.59035  1.68%   211  625s
  4847  1608     cutoff   67       106.37859  104.59118  1.68%   212  632s
  4963  1862     cutoff   74       106.37859  104.59398  1.68%   211  638s
  5315  1983  104.65778   43  297  106.37859  104.59601  1.68%   206  643s
  5526  2095  104.64082   45  391  106.37859  104.59893  1.67%   205  646s
  5687  2245  104.71249   37  337  106.37859  104.60134  1.67%   206  651s
  5874  2530  104.71872   44  336  106.37859  104.60435  1.67%   206  656s
  6203  2753  104.67666   37  334  106.37859  104.60733  1.67%   203  661s
  6487  2880  104.60878   41  242  106.37859  104.60878  1.66%   201  665s
  7058  3495  104.64198   41  395  106.37859  104.61447  1.66%   197  676s
  7377  3992  104.74714   48  219  106.37859  104.61697  1.66%   195  682s
  7966  4269  104.65272   40  414  106.37859  104.62202  1.65%   189  688s
  8311  4752  104.65513   46  312  106.37859  104.62446  1.65%   187  694s
  8867  5271  104.76715   48  331  106.37859  104.62830  1.65%   184  702s
  9531  5508  104.67085   47  313  106.37859  104.63411  1.64%   180  709s
  9845  6061     cutoff   45       106.37859  104.63661  1.64%   180  716s
 10541  6728  104.76688   54  307  106.37859  104.64028  1.63%   176  722s
 11302  6890     cutoff   68       106.37859  104.64354  1.63%   173  728s
 11511  7286  104.73746   49  261  106.37859  104.64609  1.63%   173  735s
 12015  7730     cutoff   52       106.37859  104.64967  1.63%   172  743s
H12113  6590                     105.1321868  104.65119  0.46%   172  743s

Cutting planes:
  Learned: 3
  Gomory: 149
  Lift-and-project: 2
  Cover: 143
  Implied bound: 212
  Projected implied bound: 18
  Clique: 2
  MIR: 541
  StrongCG: 3
  Flow cover: 1154
  GUB cover: 1
  Inf proof: 11
  Zero half: 6
  RLT: 41
  Relax-and-lift: 111

Explored 12554 nodes (2171471 simplex iterations) in 743.46 seconds (147.33 work units)
Thread count was 32 (of 32 available processors)

Solution count 10: 105.132 106.379 115.842 ... 116.051

Optimal solution found (tolerance 5.00e-03)
Best objective 1.051321868006e+02, best bound 1.046528650425e+02, gap 0.4559%
