
Gurobi 9.5.2 (linux64) logging started Mon Aug  3 12:42:46 2026

Set parameter LogFile to value "logs/oracle_RshortCmanyTmedium_4__kw150_gurobi.log"
Gurobi Optimizer version 9.5.2 build v9.5.2rc0 (linux64)
Thread count: 16 physical cores, 32 logical processors, using up to 32 threads
Optimize a model with 3137 rows, 1698 columns and 24146 nonzeros
Model fingerprint: 0x8cd93f52
Variable types: 1062 continuous, 636 integer (636 binary)
Coefficient statistics:
  Matrix range     [5e-02, 7e+02]
  Objective range  [1e+00, 1e+00]
  Bounds range     [1e+00, 3e+01]
  RHS range        [1e-02, 5e+02]

User MIP start did not produce a new incumbent solution

Presolve removed 1137 rows and 406 columns
Presolve time: 0.43s
Presolved: 2000 rows, 1292 columns, 14260 nonzeros
Variable types: 776 continuous, 516 integer (515 binary)
Root relaxation presolve removed 35 rows and 33 columns
Root relaxation presolved: 1965 rows, 1259 columns, 13816 nonzeros

Extra simplex iterations after uncrush: 1

Root relaxation: objective 3.955797e+01, 1548 iterations, 0.31 seconds (0.08 work units)
Another try with MIP start

    Nodes    |    Current Node    |     Objective Bounds      |     Work
 Expl Unexpl |  Obj  Depth IntInf | Incumbent    BestBd   Gap | It/Node Time

H    0     0                      44.6906335   39.55797  11.5%     -    3s
     0     0   39.55797    0  164   44.69063   39.55797  11.5%     -    3s
     0     0   41.10946    0  107   44.69063   41.10946  8.01%     -    4s
     0     0   41.25038    0   64   44.69063   41.25038  7.70%     -    4s
     0     0   41.25148    0   82   44.69063   41.25148  7.70%     -    4s
     0     0   41.25165    0   77   44.69063   41.25165  7.70%     -    4s
     0     0   41.40736    0   82   44.69063   41.40736  7.35%     -    5s
     0     0   41.40736    0   81   44.69063   41.40736  7.35%     -    6s
     0     0   41.40736    0   65   44.69063   41.40736  7.35%     -    6s
     0     0   41.45374    0   81   44.69063   41.45374  7.24%     -    6s
     0     0   41.46991    0   63   44.69063   41.46991  7.21%     -    6s
     0     0   41.47274    0   96   44.69063   41.47274  7.20%     -    6s
     0     0   41.47306    0   95   44.69063   41.47306  7.20%     -    6s
     0     0   41.81793    0   67   44.69063   41.81793  6.43%     -    7s
     0     0   41.82579    0   69   44.69063   41.82579  6.41%     -    7s
     0     0   41.82638    0   68   44.69063   41.82638  6.41%     -    7s
     0     0   42.02384    0   89   44.69063   42.02384  5.97%     -    7s
     0     0   42.03068    0   82   44.69063   42.03068  5.95%     -    7s
     0     0   42.03343    0   84   44.69063   42.03343  5.95%     -    7s
     0     0   42.03539    0   85   44.69063   42.03539  5.94%     -    7s
     0     0   42.03678    0   84   44.69063   42.03678  5.94%     -    7s
     0     0   42.15309    0   78   44.69063   42.15309  5.68%     -    7s
     0     0   42.15607    0   71   44.69063   42.15607  5.67%     -    7s
     0     0   42.15779    0   84   44.69063   42.15779  5.67%     -    7s
     0     0   42.15779    0   84   44.69063   42.15779  5.67%     -    7s
     0     0   42.30012    0   62   44.69063   42.30012  5.35%     -    8s
     0     0   42.30111    0   64   44.69063   42.30111  5.35%     -    8s
     0     0   42.30223    0   50   44.69063   42.30223  5.34%     -    9s
     0     0   42.30259    0   52   44.69063   42.30259  5.34%     -    9s
     0     0   42.30674    0   60   44.69063   42.30674  5.33%     -    9s
     0     0   42.30813    0   55   44.69063   42.30813  5.33%     -    9s
     0     0   42.30839    0   51   44.69063   42.30839  5.33%     -    9s
     0     0   42.30911    0   54   44.69063   42.30911  5.33%     -   10s
     0     0   42.30979    0   57   44.69063   42.30979  5.33%     -   10s
     0     0   42.31235    0   67   44.69063   42.31235  5.32%     -   11s
     0     0   42.31235    0   48   44.69063   42.31235  5.32%     -   11s
     0     2   42.31244    0   47   44.69063   42.31244  5.32%     -   11s
H   17    22                      42.5094954   42.42060  0.21%   108   12s

Cutting planes:
  Gomory: 34
  Lift-and-project: 35
  Cover: 16
  Implied bound: 19
  Projected implied bound: 7
  MIR: 203
  StrongCG: 2
  Flow cover: 254
  Network: 1
  RLT: 22
  Relax-and-lift: 10

Explored 26 nodes (8128 simplex iterations) in 12.73 seconds (2.00 work units)
Thread count was 32 (of 32 available processors)

Solution count 2: 42.5095 44.6906 

Optimal solution found (tolerance 5.00e-03)
Best objective 4.250949544459e+01, best bound 4.242291977636e+01, gap 0.2037%
