
Gurobi 9.5.2 (linux64) logging started Tue Aug 11 15:21:52 2026

Set parameter LogFile to value "/mnt/beegfs/users/celinep/ChargeAndBreak/logs/oracle_RlongCmanyTnone_15__diesel_gurobi.log"
Gurobi Optimizer version 9.5.2 build v9.5.2rc0 (linux64)
Thread count: 16 physical cores, 32 logical processors, using up to 32 threads
Optimize a model with 8139 rows, 4323 columns and 129554 nonzeros
Model fingerprint: 0x6c4e72d4
Variable types: 2723 continuous, 1600 integer (1600 binary)
Coefficient statistics:
  Matrix range     [2e-01, 2e+03]
  Objective range  [5e-01, 1e+00]
  Bounds range     [1e+00, 5e+01]
  RHS range        [6e-03, 2e+07]

User MIP start did not produce a new incumbent solution
User MIP start violates constraint c_l_x12174_ by 1.000000000

Presolve removed 3804 rows and 1482 columns
Presolve time: 3.35s
Presolved: 4335 rows, 2841 columns, 115105 nonzeros
Variable types: 1640 continuous, 1201 integer (1201 binary)
Found heuristic solution: objective 1721.5763347
Root relaxation presolve removed 50 rows and 0 columns
Root relaxation presolved: 4285 rows, 2841 columns, 89895 nonzeros


Root simplex log...

Iteration    Objective       Primal Inf.    Dual Inf.      Time
       0    5.4909668e+01   1.318460e+04   0.000000e+00      5s
    3120    8.7240070e+01   0.000000e+00   0.000000e+00      6s
    3120    8.7240070e+01   0.000000e+00   0.000000e+00      6s

Root relaxation: objective 8.724007e+01, 3120 iterations, 1.99 seconds (0.63 work units)
Another try with MIP start

    Nodes    |    Current Node    |     Objective Bounds      |     Work
 Expl Unexpl |  Obj  Depth IntInf | Incumbent    BestBd   Gap | It/Node Time

     0     0   87.24007    0   45 1721.57633   87.24007  94.9%     -    6s
H    0     0                     153.8263347   87.24007  43.3%     -    7s
     0     0   87.30717    0   62  153.82633   87.30717  43.2%     -    7s
H    0     0                     130.9930013   87.30717  33.3%     -    8s
     0     0   87.45515    0   93  130.99300   87.45515  33.2%     -    9s
     0     0   87.45741    0   95  130.99300   87.45741  33.2%     -    9s
     0     0   87.55325    0  209  130.99300   87.55325  33.2%     -   11s
H    0     0                     123.4930013   87.55325  29.1%     -   11s
     0     0   87.56043    0  124  123.49300   87.56043  29.1%     -   11s
     0     0   87.58120    0  108  123.49300   87.58120  29.1%     -   13s
     0     0   87.58135    0  124  123.49300   87.58135  29.1%     -   13s
     0     0   87.61019    0  193  123.49300   87.61019  29.1%     -   15s
     0     0   87.63858    0  185  123.49300   87.63858  29.0%     -   15s
H    0     0                     120.9096680   87.85419  27.3%     -   18s
     0     0   87.85481    0  158  120.90967   87.85481  27.3%     -   18s
     0     0   87.85481    0  173  120.90967   87.85481  27.3%     -   19s
     0     0   87.87164    0  190  120.90967   87.87164  27.3%     -   21s
     0     0   87.87164    0   31  120.90967   87.87164  27.3%     -   22s
H    0     0                     111.7430013   87.87164  21.4%     -   23s
     0     2   87.87164    0   31  111.74300   87.87164  21.4%     -   23s
     3     8   87.87164    2  124  111.74300   87.87164  21.4%   136   25s
H    9    16                     101.4930013   87.87164  13.4%   118   28s
H   31    48                     100.5763347   87.87164  12.6%   204   30s
H   32    48                      99.8263347   87.87164  12.0%   201   30s
    79    96   90.55603    8   98   99.82633   87.87164  12.0%   231   35s
H   85    96                      99.6596680   87.87164  11.8%   230   35s
H   87    96                      98.9096680   87.87164  11.2%   230   35s
H  127   144                      98.7430013   87.87164  11.0%   245   44s
H  133   144                      97.9930013   87.87164  10.3%   251   44s
   143   160   90.09807   12  107   97.99300   87.87164  10.3%   263   46s
H  176   193                      97.6596680   87.87164  10.0%   254   58s
   192   209   87.87164   15  216   97.65967   87.87164  10.0%   257   60s
   245   263   88.07817   18  238   97.65967   87.93271  10.0%   272   65s
   281   304   88.44219   20  185   97.65967   88.40297  9.48%   292   70s
   357   399   88.48854   24  205   97.65967   88.48854  9.39%   305   76s
   470   494   91.66375   31   71   97.65967   88.54479  9.33%   293   80s
   714   802   89.38973   30  103   97.65967   88.84312  9.03%   248   85s
  1022  1046   88.92282   37  138   97.65967   88.92282  8.95%   204   90s
  1237  1257   89.42235   41  110   97.65967   88.98751  8.88%   198   95s
  1595  1547   89.44204   15   56   97.65967   88.99376  8.87%   176  111s
  1804  1888   94.50346   22  102   97.65967   89.01751  8.85%   167  115s
  2156  2043   90.14737   11   31   97.65967   89.07087  8.79%   153  130s
  2159  2045   93.94112    8   89   97.65967   89.07087  8.79%   153  136s
  2164  2048   90.31215   45  197   97.65967   89.07087  8.79%   152  146s
  2175  2056   90.38573   44  280   97.65967   89.07087  8.79%   151  154s
  2176  2056   95.57999   23  193   97.65967   89.07087  8.79%   151  164s
  2178  2058   89.46181   36  292   97.65967   89.07087  8.79%   151  165s
  2180  2059   90.00323   53  243   97.65967   89.07087  8.79%   151  179s
  2182  2060   95.10104   49  283   97.65967   89.07087  8.79%   151  183s
  2183  2061   89.60971   40  227   97.65967   89.09892  8.77%   151  193s
  2185  2062   89.28281   56  239   97.65967   89.14306  8.72%   151  198s
  2186  2063   89.20552   39  247   97.65967   89.20552  8.66%   151  210s
  2187  2064   89.35120   19  245   97.65967   89.20552  8.66%   151  219s
  2188  2064   89.64489   50  245   97.65967   89.20742  8.65%   151  221s
  2189  2068   89.20998   14  234   97.65967   89.20998  8.65%   157  241s
  2191  2069   89.24497   15  301   97.65967   89.24497  8.62%   157  263s
  2195  2071   89.25492   16  290   97.65967   89.25492  8.61%   158  267s
  2201  2069   91.81885   17  165   97.65967   89.25492  8.61%   159  270s
  2230  2076   89.29383   20  280   97.65967   89.29383  8.57%   161  275s
  2278  2101   89.29813   23  274   97.65967   89.29681  8.56%   169  281s
  2321  2124   90.88417   25  199   97.65967   89.31237  8.55%   173  288s
  2360  2136   89.34963   29  275   97.65967   89.34692  8.51%   179  293s
  2376  2147   89.35021   30  275   97.65967   89.35021  8.51%   182  315s
H 2377  2042                      97.6596680   89.35052  8.51%   182  315s
  2432  2085   89.37350   33  290   97.65967   89.37324  8.49%   186  322s
  2493  2111   96.48642   39  184   97.65967   89.44776  8.41%   193  332s
  2561  2144   92.43320   43  165   97.65967   89.45567  8.40%   196  335s
  2713  2221   91.33835   52  218   97.65967   89.48216  8.37%   201  340s
  2895  2364   90.20881   74  211   97.65967   89.52335  8.33%   208  345s
  3124  2531   90.15916   65  237   97.65967   89.81017  8.04%   212  350s
  3464  2674   90.25217   45  220   97.65967   89.83702  8.01%   209  355s
  3872  2877   94.11672   42  199   97.65967   89.86376  7.98%   204  360s
  4163  2928   91.21070   67  118   97.65967   89.87473  7.97%   201  367s
  4312  3072     cutoff   51        97.65967   89.88272  7.96%   203  371s
  4547  3242   94.77931   73  143   97.65967   89.91058  7.93%   206  376s
  4805  3290   95.18094   58  230   97.65967   89.93816  7.91%   205  383s
  4978  3290   93.80975   62  191   97.65967   89.95008  7.89%   205  385s
  5156  3424   89.97314   79  276   97.65967   89.97314  7.87%   209  391s
  5367  3529   90.39656   80  227   97.65967   89.98468  7.86%   208  395s
  5930  3798     cutoff   39        97.65967   90.00980  7.83%   198  400s
  6466  4008   90.27310   52  216   97.65967   90.04497  7.80%   194  407s
  6774  4151   90.74632   66  171   97.65967   90.05560  7.79%   191  411s
  7383  4394 infeasible   71        97.65967   90.08326  7.76%   188  418s
  7700  4666   90.34119   61  181   97.65967   90.08950  7.75%   187  422s
  8227  4826 infeasible   42        97.65967   90.11346  7.73%   181  426s
  8574  4810     cutoff   34        97.65967   90.12750  7.71%   180  434s
  8617  5022   90.13197  107  196   97.65967   90.13197  7.71%   181  438s
  8917  5265   92.51666   51  211   97.65967   90.15607  7.68%   181  442s
  9233  5537   94.63334   65  175   97.65967   90.17173  7.67%   182  447s
  9691  5825     cutoff   71        97.65967   90.18207  7.66%   179  452s
 10072  6094     cutoff   45        97.65967   90.19029  7.65%   179  457s
 10476  6269     cutoff   65        97.65967   90.20774  7.63%   178  462s
 10817  6559   90.52699   72  221   97.65967   90.21964  7.62%   177  467s
 11251  6841   95.60801   77  166   97.65967   90.22780  7.61%   176  473s
 11682  7110   90.24461   31  242   97.65967   90.24461  7.59%   175  478s
 12152  7448     cutoff   32        97.65967   90.26179  7.58%   175  484s
 12738  7897     cutoff   42        97.65967   90.28942  7.55%   173  489s
 13370  8112     cutoff   74        97.65967   90.31346  7.52%   171  496s
 13847  8559     cutoff   93        97.65967   90.33563  7.50%   171  502s
 14578  8610   90.48985   80  155   97.65967   90.35538  7.48%   169  509s
 14697  9045   90.37406   93  214   97.65967   90.37406  7.46%   169  516s
 15467  9515   90.42258   99  271   97.65967   90.38859  7.45%   167  535s
 16199  9549     cutoff   60        97.65967   90.40622  7.43%   165  559s
 16302  9557     cutoff   49        97.65967   90.42372  7.41%   166  586s
 16368  9582     cutoff   86        97.65967   90.43468  7.40%   166  613s
 16477  9613   90.65705  100  205   97.65967   90.44333  7.39%   167  640s
 16610  9624     cutoff   76        97.65967   90.45400  7.38%   168  674s
 16738  9628     cutoff   64        97.65967   90.46920  7.36%   169  696s
 16882  9664   90.69756   79  165   97.65967   90.47990  7.35%   171  755s
 17037  9714     cutoff   45        97.65967   90.49744  7.33%   171  786s
 17178  9755   97.28168   42  247   97.65967   90.50663  7.32%   172  828s
 17338  9814 infeasible   69        97.65967   90.51639  7.31%   172  846s
 17462  9861     cutoff   59        97.65967   90.53147  7.30%   173  862s
 17631  9901   93.23796   48  184   97.65967   90.53956  7.29%   174  893s
 17760 10589   92.97610   54  197   97.65967   90.54774  7.28%   176  905s
 18948 11152   91.07510   85  184   97.65967   90.56260  7.27%   173  917s
 19940 11190   96.71161   75  209   97.65967   90.58195  7.25%   172  939s
 20042 11816     cutoff   80        97.65967   90.59678  7.23%   173  952s
 21216 11826   91.39892   46  247   97.65967   90.62474  7.20%   172  994s
 21362 14108   90.63847   44  244   97.65967   90.63847  7.19%   173 1094s
 25114 15525   90.72975   34  240   97.65967   90.70403  7.12%   170 1117s
 27563 16380     cutoff   77        97.65967   90.78183  7.04%   167 1133s
 29176 17388   91.15500  104  182   97.65967   90.80721  7.02%   165 1151s
 30977 18401 infeasible   70        97.65967   90.85032  6.97%   164 1168s
 32740 18399     cutoff   69        97.65967   90.88133  6.94%   162 1193s
 32915 18501   95.25709   97  152   97.65967   90.90435  6.92%   163 1223s
 33170 19286   96.88122   85  123   97.65967   90.92356  6.90%   164 1239s
 34582 20378   90.93021   72  205   97.65967   90.93021  6.89%   163 1253s
 36470 20504   91.02855  101  156   97.65967   90.96127  6.86%   161 1277s
 36739 21648   91.49858   95  210   97.65967   90.96221  6.86%   161 1295s
 38549 22709   92.70240   78  159   97.65967   91.00581  6.81%   161 1320s
 40467 22802     cutoff   77        97.65967   91.03999  6.78%   160 1338s
 40761 23988   97.61362  105  110   97.65967   91.05922  6.76%   161 1357s
 42797 24764 infeasible  110        97.65967   91.09427  6.72%   161 1386s
 44484 24839   91.11712   96  208   97.65967   91.11480  6.70%   162 1424s
 45026 26568   91.44436   97  226   97.65967   91.12350  6.69%   163 1459s
 45769 26568   93.73269   86  235   97.65967   91.12865  6.69%   163 1460s
 48565 26728   97.18629   90  102   97.65967   91.19118  6.62%   163 1496s
 48927 27735 infeasible  132        97.65967   91.20414  6.61%   164 1519s
 51618 28757     cutoff   56        97.65967   91.24730  6.57%   163 1539s
 52535 28757     cutoff   61        97.65967   91.24730  6.57%   163 1540s
 54047 28723 infeasible   79        97.65967   91.26717  6.55%   162 1565s
 54405 29862   93.67678   84  188   97.65967   91.30646  6.51%   163 1588s
 56621 29914     cutoff  112        97.65967   91.33729  6.47%   163 1612s
 57030 30564 infeasible   64        97.65967   91.34899  6.46%   163 1635s
 59026 30604     cutoff   95        97.65967   91.37419  6.44%   163 1669s
 59447 31920 infeasible   81        97.65967   91.38110  6.43%   164 1689s
 61992 32426     cutoff  116        97.65967   91.40196  6.41%   163 1710s
 63141 32569   91.52562  102  182   97.65967   91.43060  6.38%   163 1758s
 63707 33375   96.04883  115  140   97.65967   91.44069  6.37%   164 1787s
 65639 33471 infeasible   89        97.65967   91.45526  6.35%   164 1827s
 66141 35428 infeasible  101        97.65967   91.47040  6.34%   164 1858s
 69643 36806 infeasible  110        97.65967   91.50977  6.30%   162 1882s
 72039 36857   97.25774   50   82   97.65967   91.53385  6.27%   161 1923s
 72406 37867   91.62917   63  279   97.65967   91.54708  6.26%   161 1946s
 74690 37979 infeasible   54        97.65967   91.57515  6.23%   161 1979s
 75093 38869     cutoff   38        97.65967   91.58745  6.22%   161 2002s
 77211 39011   97.46737  111   55   97.65967   91.61372  6.19%   160 2043s
 77726 39825     cutoff  108        97.65967   91.62883  6.18%   160 2065s
 79772 39871     cutoff  105        97.65967   91.65560  6.15%   160 2114s
 79793 39871     cutoff   54        97.65967   91.65560  6.15%   160 2115s
 80096 40470 infeasible   90        97.65967   91.66229  6.14%   160 2141s
 81613 41667   92.16833   66  165   97.65967   91.68309  6.12%   160 2165s
 84002 41744   93.28869   70  198   97.65967   91.71259  6.09%   159 2214s
 84319 43343     cutoff  128        97.65967   91.72485  6.08%   159 2250s
 87832 43364 infeasible  121        97.65967   91.74781  6.05%   157 2282s
 88069 44156   92.04523   72  213   97.65967   91.75357  6.05%   157 2297s
 89793 44147   92.27341   94  169   97.65967   91.77287  6.03%   157 2335s
 90088 45113   97.57240   89   83   97.65967   91.78012  6.02%   157 2353s
 92095 45180     cutoff   68        97.65967   91.81107  5.99%   157 2382s
 92460 46022 infeasible   62        97.65967   91.81565  5.98%   157 2402s
 94587 47077 infeasible   71        97.65967   91.83330  5.97%   156 2421s
 97007 46998 infeasible   61        97.65967   91.85785  5.94%   155 2443s
 97438 47788 infeasible  103        97.65967   91.86773  5.93%   155 2460s
 99279 47831     cutoff   75        97.65967   91.88804  5.91%   154 2486s
 99571 48430   97.43330   61  116   97.65967   91.89805  5.90%   155 2506s
 101447 48451 infeasible  106        97.65967   91.91191  5.89%   154 2537s
 101811 48547     cutoff  105        97.65967   91.92084  5.88%   154 2611s
 102046 48566   95.54849  104  227   97.65967   91.92786  5.87%   154 2645s
 102471 48645 infeasible  109        97.65967   91.93613  5.86%   155 2678s
 102901 49408     cutoff   48        97.65967   91.94160  5.86%   155 2706s
 105577 51106 infeasible   80        97.65967   91.94799  5.85%   154 2741s
 109585 51086     cutoff  138        97.65967   91.98909  5.81%   152 2774s
 109798 51211 infeasible   50        97.65967   91.99903  5.80%   152 2816s
 110297 52046 infeasible   65        97.65967   92.00884  5.79%   152 2834s
 112234 53076 infeasible  104        97.65967   92.02280  5.77%   151 2852s
 114546 53051 infeasible   90        97.65967   92.04208  5.75%   150 2874s
 114901 53583   92.15912   58  241   97.65967   92.05280  5.74%   150 2903s
 116065 53579 infeasible   80        97.65967   92.05570  5.74%   150 2929s
 116487 54314   92.06327   82  225   97.65967   92.06109  5.73%   150 2949s
 118112 54303   95.83724  126  147   97.65967   92.07361  5.72%   149 2980s
 118746 55515 infeasible   75        97.65967   92.08074  5.71%   150 3002s
 121238 55513 infeasible  116        97.65967   92.08726  5.71%   148 3025s
 121574 56423 infeasible  107        97.65967   92.10331  5.69%   149 3042s
 123782 57479     cutoff  113        97.65967   92.12409  5.67%   148 3062s
 125897 57506   93.92530  111  158   97.65967   92.14409  5.65%   147 3081s
 126295 59442   92.45817   63  217   97.65967   92.14927  5.64%   147 3114s
 129158 59442 infeasible  107        97.65967   92.15165  5.64%   146 3115s
 130794 59413 infeasible   83        97.65967   92.17190  5.62%   145 3130s
 131097 60103 infeasible   89        97.65967   92.17769  5.61%   145 3142s
 132737 60111     cutoff  127        97.65967   92.18756  5.60%   144 3165s
 133070 60907   97.56262  100  112   97.65967   92.19445  5.60%   145 3180s
 134806 60861 infeasible   93        97.65967   92.20804  5.58%   144 3207s
 135149 61624     cutoff   69        97.65967   92.21222  5.58%   144 3225s
 136963 61630   96.02901   96  143   97.65967   92.21960  5.57%   144 3252s
 137283 62373     cutoff  121        97.65967   92.22656  5.56%   144 3271s
 139103 62387 infeasible  108        97.65967   92.23839  5.55%   144 3304s
 139491 63146   96.83979  104  193   97.65967   92.24244  5.55%   144 3320s
 141279 63045     cutoff  155        97.65967   92.25578  5.53%   143 3343s
 141764 63655   93.89209   96  110   97.65967   92.26291  5.53%   144 3361s
 143621 63592   94.94264   77  150   97.65967   92.26711  5.52%   144 3394s
 144052 64263   92.75898   71  192   97.65967   92.27761  5.51%   144 3415s
 146399 64034     cutoff  107        97.65967   92.29270  5.50%   143 3437s
 146950 64889 infeasible   56        97.65967   92.29977  5.49%   143 3459s
 148776 64889     cutoff   76        97.65967   92.30416  5.48%   142 3460s
 149689 64924     cutoff  152        97.65967   92.31476  5.47%   142 3494s
 150246 67236 infeasible   48        97.65967   92.31989  5.47%   142 3573s
 159037 67133     cutoff  109        97.65967   92.36298  5.42%   140 3607s
 159540 67056 infeasible  109        97.65967   92.36491  5.42%   140 3639s
 159751 67056 infeasible   66        97.65967   92.36605  5.42%   140 3640s
 160018 67865 infeasible  116        97.65967   92.36913  5.42%   140 3661s
 162396 68459 infeasible  138        97.65967   92.37938  5.41%   140 3680s
 164536 68391     cutoff  109        97.65967   92.40880  5.38%   139 3709s
 164973 69095 infeasible   54        97.65967   92.41151  5.37%   139 3727s
 167035 68997 infeasible   47        97.65967   92.42782  5.36%   139 3748s
 167535 69865   94.95131   80  177   97.65967   92.43308  5.35%   139 3762s
 169919 69823 infeasible  108        97.65967   92.44765  5.34%   139 3784s
 170234 71112     cutoff  118        97.65967   92.45258  5.33%   139 3811s
 173362 71054 infeasible   83        97.65967   92.47101  5.31%   138 3838s
 173756 71866 infeasible   56        97.65967   92.47711  5.31%   138 3856s
 175656 71827 infeasible   80        97.65967   92.49063  5.29%   138 3882s
 176068 72097     cutoff  134        97.65967   92.49692  5.29%   138 3900s
 177578 72191 infeasible   95        97.65967   92.50818  5.27%   138 3922s
 178139 73170 infeasible   95        97.65967   92.51568  5.27%   138 3949s
 180904 74168   97.24406   75  145   97.65967   92.53724  5.25%   137 3973s
 183446 74121 infeasible  110        97.65967   92.54567  5.24%   137 4031s
H183459 74121                      97.6596680   92.54678  5.24%   137 4031s
 183731 74062 infeasible   87        97.65967   92.55561  5.23%   137 4064s
 184050 73954   92.56095   72  218   97.65967   92.56095  5.22%   137 4092s
 184602 74582   97.62853  108  175   97.65967   92.56659  5.22%   137 4115s
 187100 74555   97.57957   85   80   97.65967   92.58725  5.19%   137 4140s
 187523 75609   93.59626   64  166   97.65967   92.59110  5.19%   137 4163s
 190194 75513 infeasible   84        97.65967   92.60590  5.17%   136 4189s
 190728 76855     cutoff  108        97.65967   92.61862  5.16%   136 4210s
 193906 76862 infeasible  103        97.65967   92.63329  5.15%   135 4238s
 194539 77949 infeasible   84        97.65967   92.63688  5.14%   135 4302s
 202861 77799 infeasible   82        97.65967   92.67213  5.11%   133 4329s
 203312 77779     cutoff  107        97.65967   92.67416  5.10%   133 4342s
 203770 78621 infeasible   86        97.65967   92.67789  5.10%   133 4358s
 206322 78808 infeasible  106        97.65967   92.69046  5.09%   133 4373s
 208437 78787 infeasible  127        97.65967   92.69785  5.08%   132 4394s
 208781 79673   92.81807  112  200   97.65967   92.70471  5.07%   133 4409s
 210784 79652 infeasible  120        97.65967   92.71473  5.06%   132 4431s
 211125 80361 infeasible   74        97.65967   92.71962  5.06%   132 4447s
 212956 80339 infeasible   83        97.65967   92.73195  5.05%   132 4468s
 213360 81194   93.83182   85  213   97.65967   92.73574  5.04%   132 4485s
 215475 80933 infeasible   97        97.65967   92.74305  5.03%   132 4520s
 216270 81889 infeasible  109        97.65967   92.74981  5.03%   132 4566s
 222423 81126 infeasible  102        97.65967   92.78221  4.99%   131 4605s
 223558 81075 infeasible  106        97.65967   92.78309  4.99%   131 4627s
 224084 82266 infeasible  130        97.65967   92.78490  4.99%   131 4649s
 226968 82209 infeasible  128        97.65967   92.79599  4.98%   131 4678s
 227408 83305     cutoff  143        97.65967   92.80283  4.97%   131 4698s
 229967 83204     cutoff  128        97.65967   92.81706  4.96%   130 4721s
 230486 84309   96.65642   97  138   97.65967   92.82274  4.95%   130 4747s
 233437 84222   95.01057  113  232   97.65967   92.83827  4.94%   130 4767s
 233882 85039   93.92299   87  160   97.65967   92.84186  4.93%   130 4788s
 236373 84962   93.49311  135  178   97.65967   92.85541  4.92%   130 4819s
 236937 86185 infeasible  115        97.65967   92.86007  4.91%   130 4891s
 245688 86065     cutoff   91        97.65967   92.89728  4.88%   128 4913s
 246225 86003 infeasible   94        97.65967   92.89876  4.88%   128 4937s
 246725 85847   93.13511  142  178   97.65967   92.90211  4.87%   128 4956s
 247328 86421     cutoff   90        97.65967   92.91196  4.86%   129 4979s
 247859 86421     cutoff  120        97.65967   92.91240  4.86%   128 4980s
 250060 86251   92.92507   70  145   97.65967   92.92507  4.85%   128 5003s
 250650 87063   97.13468   71   62   97.65967   92.92760  4.85%   128 5024s
 251565 87063 infeasible  132        97.65967   92.93164  4.84%   128 5025s
 253088 86979 infeasible   94        97.65967   92.94633  4.83%   128 5054s
 253612 87747 infeasible   69        97.65967   92.95141  4.82%   128 5075s
 256044 87713 infeasible   81        97.65967   92.96324  4.81%   127 5099s
 256601 88390 infeasible  124        97.65967   92.97123  4.80%   127 5121s
 258912 88492     cutoff  119        97.65967   92.97688  4.80%   127 5149s
 259831 90025 infeasible  140        97.65967   92.98606  4.79%   127 5203s
 265637 89891 infeasible  146        97.65967   93.00834  4.76%   126 5224s
 266087 89813     cutoff   80        97.65967   93.01779  4.75%   126 5252s
 266502 90670   93.45206   44  185   97.65967   93.02462  4.75%   126 5274s
 267516 90670   97.41302  120  104   97.65967   93.02644  4.74%   126 5275s
 269093 90613 infeasible  101        97.65967   93.03492  4.74%   126 5302s
 269865 91090     cutoff  139        97.65967   93.04417  4.73%   126 5324s
 272092 91090   93.56036   73  150   97.65967   93.04606  4.72%   126 5325s
 272443 90856 infeasible   97        97.65967   93.05587  4.71%   126 5366s
 273048 91470 infeasible   99        97.65967   93.06609  4.70%   126 5389s
 275615 91382   95.77457  150  128   97.65967   93.07972  4.69%   125 5412s
 276130 92032 infeasible   83        97.65967   93.08451  4.68%   125 5435s
 278432 91868 infeasible  115        97.65967   93.09855  4.67%   125 5464s
 278858 91868 infeasible  106        97.65967   93.10131  4.67%   125 5465s
 278913 92573 infeasible  103        97.65967   93.10529  4.66%   125 5487s
 281696 92329     cutoff   85        97.65967   93.11727  4.65%   125 5519s
 282521 92747     cutoff   95        97.65967   93.12227  4.65%   125 5585s
 287742 92599 infeasible  127        97.65967   93.13794  4.63%   124 5612s
 288347 92364   93.36471   70  246   97.65967   93.14778  4.62%   124 5645s
 289305 93149     cutoff  111        97.65967   93.16340  4.60%   124 5674s
 292518 93031 infeasible  124        97.65967   93.18353  4.58%   123 5702s
 293166 93482   93.97698   73  184   97.65967   93.18643  4.58%   123 5725s
 295374 93279 infeasible  103        97.65967   93.20104  4.57%   123 5746s
 296004 93955     cutoff  138        97.65967   93.20912  4.56%   123 5770s
 298558 93706 infeasible   63        97.65967   93.22257  4.54%   123 5792s
 299353 94463     cutoff  112        97.65967   93.23378  4.53%   123 5813s
 302499 94306     cutoff   84        97.65967   93.24985  4.52%   123 5842s
 303290 94938   97.37699  111   51   97.65967   93.25292  4.51%   123 5900s
 310701 94789 infeasible  103        97.65967   93.28970  4.47%   122 5926s
 311262 94541 infeasible  104        97.65967   93.29363  4.47%   122 5952s
 311783 94296   93.37766  106  181   97.65967   93.29766  4.47%   122 5972s
 312493 94878   94.29652  129  200   97.65967   93.30412  4.46%   122 5990s
 314946 94739   94.16152   78  173   97.65967   93.31793  4.45%   121 6019s
 315559 95293 infeasible  111        97.65967   93.32157  4.44%   122 6043s
 318148 95678 infeasible  107        97.65967   93.33672  4.43%   121 6063s
 320845 95307 infeasible  116        97.65967   93.35115  4.41%   121 6104s
 321645 95142 infeasible  100        97.65967   93.35539  4.41%   121 6132s
 322570 95835 infeasible   98        97.65967   93.37154  4.39%   121 6156s
 325268 95722 infeasible   82        97.65967   93.37984  4.38%   121 6184s
 326000 96031 infeasible   94        97.65967   93.38319  4.38%   121 6246s
 332395 95729 infeasible  131        97.65967   93.41364  4.35%   120 6267s
 333045 95521     cutoff  114        97.65967   93.42168  4.34%   120 6289s
 333514 95521 infeasible  102        97.65967   93.42432  4.34%   120 6290s
 334467 95052 infeasible  119        97.65967   93.43361  4.33%   120 6315s
 335706 94247 infeasible  115        97.65967   93.43992  4.32%   120 6337s
 337272 93682   93.79441   98  132   97.65967   93.45318  4.31%   120 6367s
 338662 93763 infeasible   89        97.65967   93.46235  4.30%   120 6387s
 341048 93498 infeasible  145        97.65967   93.47963  4.28%   120 6419s
 342151 93696 infeasible  121        97.65967   93.48864  4.27%   120 6440s
 344920 93022 infeasible   62        97.65967   93.50901  4.25%   119 6465s
 346375 92610 infeasible   86        97.65967   93.51650  4.24%   119 6490s
 347506 91953 infeasible  119        97.65967   93.53226  4.23%   119 6512s
 349032 91715   94.59795  111  223   97.65967   93.53915  4.22%   119 6534s
 350275 91185   93.80943   96  209   97.65967   93.55660  4.20%   119 6560s
 351602 90889 infeasible  110        97.65967   93.56695  4.19%   119 6583s
 352743 90861 infeasible  106        97.65967   93.57575  4.18%   119 6604s
 354715 90861     cutoff   82        97.65967   93.57884  4.18%   119 6605s
 355799 90464 infeasible   94        97.65967   93.59908  4.16%   119 6636s
 357381 90922 infeasible   80        97.65967   93.61093  4.15%   119 6672s
 361145 90656     cutoff  131        97.65967   93.63005  4.13%   119 6691s
 362080 90299 infeasible  125        97.65967   93.64558  4.11%   119 6724s
 363214 89970     cutoff  148        97.65967   93.64905  4.11%   119 6750s
 364301 89353     cutoff  163        97.65967   93.66130  4.09%   119 6785s
 365788 89024 infeasible  105        97.65967   93.66651  4.09%   119 6810s
 367049 88590 infeasible  106        97.65967   93.68590  4.07%   119 6833s
 368376 88264   96.36690   92  231   97.65967   93.70252  4.05%   119 6865s
 369747 87977 infeasible   88        97.65967   93.71722  4.04%   119 6900s
 371094 88619     cutoff  109        97.65967   93.72544  4.03%   119 6931s
 374408 89054 infeasible  106        97.65967   93.74152  4.01%   118 6958s
 376956 88540   93.99753  130  280   97.65967   93.75340  4.00%   118 6991s
 378456 88359   97.44747   79   35   97.65967   93.76325  3.99%   118 7025s
 379866 88914     cutoff  119        97.65967   93.77898  3.97%   118 7061s
 383515 88483 infeasible  161        97.65967   93.79621  3.96%   118 7088s
 384885 88144 infeasible  108        97.65967   93.80893  3.94%   118 7115s
 386114 87782 infeasible  121        97.65967   93.81734  3.93%   118 7143s
 387376 87397   97.59150   58   43   97.65967   93.83428  3.92%   118 7171s
 388977 87649   93.85063   92  141   97.65967   93.84731  3.90%   118 7199s
 391660 87649     cutoff  164        97.65967   93.85147  3.90%   118 7200s

Cutting planes:
  Gomory: 69
  Lift-and-project: 13
  Cover: 592
  Implied bound: 1906
  MIR: 1343
  StrongCG: 4
  Flow cover: 2108
  GUB cover: 1
  Inf proof: 57
  Zero half: 25
  Network: 1
  RLT: 97
  Relax-and-lift: 279

Explored 392007 nodes (46272985 simplex iterations) in 7201.02 seconds (2628.63 work units)
Thread count was 32 (of 32 available processors)

Solution count 10: 97.6597 97.6597 97.6597 ... 101.493

Time limit reached
Best objective 9.765966796054e+01, best bound 9.386855417146e+01, gap 3.8820%
