
Gurobi 9.5.2 (linux64) logging started Tue Jul 28 19:13:01 2026

Set parameter LogFile to value "logs/oracle_RmediumCfewTtight_45_gurobi.log"
Gurobi Optimizer version 9.5.2 build v9.5.2rc0 (linux64)
Thread count: 16 physical cores, 32 logical processors, using up to 32 threads
Optimize a model with 5771 rows, 3330 columns and 20108 nonzeros
Model fingerprint: 0x67083ed4
Variable types: 2082 continuous, 1248 integer (1248 binary)
Coefficient statistics:
  Matrix range     [3e-02, 1e+03]
  Objective range  [1e+00, 1e+00]
  Bounds range     [1e+00, 1e+00]
  RHS range        [1e-01, 5e+02]
Presolve removed 1773 rows and 637 columns
Presolve time: 0.38s
Presolved: 3998 rows, 2693 columns, 17819 nonzeros
Variable types: 1604 continuous, 1089 integer (1089 binary)

Root relaxation: objective 6.144098e+01, 4211 iterations, 1.21 seconds (0.21 work units)

    Nodes    |    Current Node    |     Objective Bounds      |     Work
 Expl Unexpl |  Obj  Depth IntInf | Incumbent    BestBd   Gap | It/Node Time

     0     0   61.44098    0  376          -   61.44098      -     -    2s
     0     0   62.29150    0  363          -   62.29150      -     -    3s
     0     0   62.36815    0  374          -   62.36815      -     -    3s
     0     0   62.37063    0  366          -   62.37063      -     -    3s
     0     0   62.37091    0  369          -   62.37091      -     -    3s
     0     0   63.73698    0  379          -   63.73698      -     -    4s
     0     0   63.79920    0  379          -   63.79920      -     -    5s
     0     0   63.81052    0  378          -   63.81052      -     -    5s
     0     0   63.81140    0  379          -   63.81140      -     -    5s
     0     0   63.81153    0  379          -   63.81153      -     -    5s
     0     0   64.50872    0  387          -   64.50872      -     -    6s
     0     0   64.57606    0  380          -   64.57606      -     -    6s
     0     0   64.60021    0  386          -   64.60021      -     -    6s
     0     0   64.60169    0  385          -   64.60169      -     -    7s
     0     0   64.60171    0  394          -   64.60171      -     -    7s
     0     0   64.94161    0  391          -   64.94161      -     -    8s
     0     0   64.98028    0  363          -   64.98028      -     -    8s
     0     0   64.98321    0  382          -   64.98321      -     -    8s
     0     0   64.98701    0  364          -   64.98701      -     -    8s
     0     0   64.98702    0  385          -   64.98702      -     -    8s
     0     0   65.03680    0  375          -   65.03680      -     -    9s
     0     0   65.03952    0  381          -   65.03952      -     -    9s
     0     0   65.04033    0  381          -   65.04033      -     -    9s
     0     0   65.08455    0  376          -   65.08455      -     -    9s
     0     0   65.09481    0  376          -   65.09481      -     -   10s
     0     0   65.09492    0  374          -   65.09492      -     -   10s
     0     0   65.16398    0  369          -   65.16398      -     -   10s
     0     0   65.17652    0  365          -   65.17652      -     -   10s
     0     0   65.17665    0  362          -   65.17665      -     -   10s
     0     0   65.21094    0  360          -   65.21094      -     -   11s
     0     0   65.21717    0  364          -   65.21717      -     -   11s
     0     0   65.21717    0  364          -   65.21717      -     -   11s
     0     0   65.27507    0  347          -   65.27507      -     -   11s
     0     0   65.29002    0  361          -   65.29002      -     -   12s
     0     0   65.29084    0  358          -   65.29084      -     -   12s
     0     0   65.29286    0  360          -   65.29286      -     -   12s
     0     0   65.29305    0  361          -   65.29305      -     -   12s
H    0     0                     103.4647972   65.29305  36.9%     -   12s
     0     0   65.29336    0  354  103.46480   65.29336  36.9%     -   12s
     0     0   65.29338    0  351  103.46480   65.29338  36.9%     -   13s
     0     0   65.30144    0  364  103.46480   65.30144  36.9%     -   13s
     0     0   65.30144    0  273  103.46480   65.30144  36.9%     -   14s
     0     2   65.30144    0  269  103.46480   65.30144  36.9%     -   16s
H   84    96                      92.4218386   65.34870  29.3%  87.2   19s
H  127   144                      92.2180291   65.34870  29.1%  67.7   23s
H  135   144                      84.0047997   65.34870  22.2%  64.4   23s
H  175   174                      81.9396723   65.34870  20.2%  54.1   29s
H  178   174                      81.3406357   65.34870  19.7%  53.5   29s
H  182   174                      81.1739691   65.34870  19.5%  52.7   29s
H  241   225                      79.1739691   65.34870  17.5%  47.3   51s
H  243   225                      79.0906357   65.34870  17.4%  47.1   51s
H  243   225                      78.7973271   65.34870  17.1%  47.1   51s
H  246   225                      78.5522746   65.34870  16.8%  46.6   51s
   311   279   65.44963   22  304   78.55227   65.34870  16.8%  44.2   57s
H  315   279                      78.5436527   65.34870  16.8%  43.9   57s
H  321   279                      77.2958510   65.34870  15.5%  43.8   57s
   392   357   65.73172   27  259   77.29585   65.34870  15.5%  41.0   63s
H  394   357                      77.2803740   65.34870  15.4%  40.8   63s
   488   445   65.75212   32  280   77.28037   65.34870  15.4%  37.1   71s
H  494   445                      77.2112041   65.34870  15.4%  36.7   71s
   568   507   65.76155   35  297   77.21120   65.34870  15.4%  34.2   80s
H  585   507                      77.2112041   65.34870  15.4%  33.8   80s
   684   601   65.76625   44  290   77.21120   65.34870  15.4%  31.7   87s
   809   709   65.81178   53  293   77.21120   65.34870  15.4%  30.2   96s
  1814  1593   65.74109   30  350   77.21120   65.36116  15.3%  27.7  100s
  1992  1609   65.96293   44  356   77.21120   65.36116  15.3%  27.4  107s
H 1993  1609                      77.2112041   65.36116  15.3%  27.4  107s
  2181  1756   68.79034   84  273   77.21120   65.36116  15.3%  27.4  122s
  2183  1757   66.37337   31  369   77.21120   65.36116  15.3%  27.3  127s
  2184  1758   71.13225  102  301   77.21120   65.36116  15.3%  27.3  132s
  2190  1762   76.37558    7  275   77.21120   66.90134  13.4%  27.2  138s
  2196  1766   77.02584  125  351   77.21120   67.08207  13.1%  27.2  140s
  2201  1769   67.56834   12  259   77.21120   67.56834  12.5%  27.1  145s
  2208  1774   72.38167   23  202   77.21120   67.78738  12.2%  27.0  154s
  2210  1775   73.33868   45  288   77.21120   67.81063  12.2%  27.0  155s
  2213  1777   76.19601   46  227   77.21120   67.88280  12.1%  27.0  160s
  2218  1781   72.29404   48  253   77.21120   67.94720  12.0%  26.9  165s
  2224  1785   67.99753   73  158   77.21120   67.99753  11.9%  26.8  171s
  2229  1788   68.02350   55  174   77.21120   68.02350  11.9%  26.8  176s
  2241  1796   68.05729   44  214   77.21120   68.05729  11.9%  26.6  180s
  2247  1800   73.25602   22  244   77.21120   68.08306  11.8%  26.6  185s
  2252  1803   68.10054   44  313   77.21120   68.10054  11.8%  26.5  190s
  2259  1808   71.88434   40  339   77.21120   68.11843  11.8%  26.4  195s
  2265  1812   76.11858  123  247   77.21120   68.13817  11.8%  26.3  203s
  2268  1814   68.14072   32  331   77.21120   68.14072  11.7%  26.3  205s
  2269  1815   68.15218    7  290   77.21120   68.15218  11.7%  26.3  210s
  2274  1818   69.83049   47  258   77.21120   68.25312  11.6%  26.2  215s
  2285  1825   68.32525   23  278   77.21120   68.32525  11.5%  26.1  221s
  2292  1830   68.36386   22  155   77.21120   68.36386  11.5%  26.0  225s
  2303  1837   68.40834   64  355   77.21120   68.40834  11.4%  25.9  230s
  2309  1841   68.45772   23  255   77.21120   68.45772  11.3%  25.8  235s
  2319  1848   75.19883   32  291   77.21120   68.54508  11.2%  25.7  240s
  2325  1852   68.58060   29  305   77.21120   68.58060  11.2%  25.7  245s
  2332  1857   75.90548   81  245   77.21120   68.61033  11.1%  25.6  252s
  2339  1861   75.77200   39  276   77.21120   68.62001  11.1%  25.5  257s
  2343  1864   69.14564   28  276   77.21120   68.62278  11.1%  25.5  263s
  2346  1866   73.24496   39  352   77.21120   68.62433  11.1%  25.4  265s
  2348  1867   76.43399   79  307   77.21120   68.62874  11.1%  25.4  270s
  2356  1873   68.63133   74  308   77.21120   68.63133  11.1%  25.3  277s
  2360  1875   71.38590   47  253   77.21120   68.63414  11.1%  25.3  280s
  2365  1879   76.11858  123  351   77.21120   68.63971  11.1%  25.2  285s
  2372  1883   68.65465    5  278   77.21120   68.65465  11.1%  25.2  291s
  2381  1889   68.79034   84  218   77.21120   68.67007  11.1%  25.1  296s
  2386  1893   75.96549   35  348   77.21120   68.67671  11.1%  25.0  303s
  2389  1895   75.42060   25  335   77.21120   68.67894  11.1%  25.0  306s
  2395  1899   68.68545   44  372   77.21120   68.68545  11.0%  24.9  310s
  2402  1904   71.42878   21   87   77.21120   68.68568  11.0%  50.6  319s
  2403  1905   68.68568   64  238   77.21120   68.68568  11.0%  50.6  322s
  2410  1910   73.33868   45  320   77.21120   68.68568  11.0%  50.4  325s
  2419  1916   75.19883   32  398   77.21120   68.71524  11.0%  50.2  330s
  2427  1921   68.75061   13  303   77.21120   68.75061  11.0%  50.1  335s
  2432  1924   75.90548   81  326   77.21120   68.75893  10.9%  50.0  340s
  2435  1926   68.76362   42  312   77.21120   68.76362  10.9%  49.9  345s
  2440  1930   71.99019   61  266   77.21120   68.76697  10.9%  49.8  350s
  2444  1932   76.53970   43  312   77.21120   68.76730  10.9%  49.7  355s
  2446  1934   73.24496   39  327   77.21120   68.76732  10.9%  49.7  360s
  2448  1935   76.43399   79  324   77.21120   68.79890  10.9%  49.6  366s
  2449  1939   68.79890   24  397   77.21120   68.79890  10.9%  59.4  385s
  2455  1948   68.79890   26  352   77.21120   68.79890  10.9%  59.6  390s
  2493  1967   68.88940   28  368   77.21120   68.81276  10.9%  62.0  395s
H 2502  1866                      77.2112041   68.81276  10.9%  62.9  395s
  2540  1896   68.86662   30  288   77.21120   68.84569  10.8%  66.1  400s
  2636  1960   68.87651   31  277   77.21120   68.87651  10.8%  70.7  406s
  2684  1970   68.89873   32  285   77.21120   68.87980  10.8%  70.9  423s
H 2709  1869                      77.1137361   68.87980  10.7%  71.3  423s
  2719  1895   69.79398   32  113   77.11374   68.89621  10.7%  71.4  433s
  2815  1963   68.92596   34  289   77.11374   68.89621  10.7%  73.3  435s
  3250  2214   70.50898   38  142   77.11374   68.89621  10.7%  76.3  440s
  3892  2498   69.25613   43  220   77.11374   68.89621  10.7%  77.0  445s
  4551  2706   69.31913   49  223   77.11374   68.89621  10.7%  76.1  452s
  4875  2842   69.33094   51  209   77.11374   68.89621  10.7%  76.7  455s
  5053  2808   69.33190   52  198   77.11374   68.89621  10.7%  76.4  465s
  5318  2940   69.40038   54  172   77.11374   68.89621  10.7%  75.7  473s
  5512  2996   69.40916   55  233   77.11374   68.89621  10.7%  76.4  476s
  5905  3246   70.51091   58  153   77.11374   68.89621  10.7%  77.1  482s
  6172  3180   71.46576   59  148   77.11374   68.89621  10.7%  76.5  487s
  6583  3624   71.47404   60  139   77.11374   68.89621  10.7%  74.9  490s
  7629  3927   71.51775   71  105   77.11374   68.89621  10.7%  72.0  500s
  8639  4600   70.59846   38  133   77.11374   68.97141  10.6%  71.7  506s
  8925  4837   70.66636   47   76   77.11374   68.97141  10.6%  71.6  511s
  9229  4866   70.71947   48   86   77.11374   68.97141  10.6%  71.7  522s
  9275  5146   70.90604   49   94   77.11374   68.97141  10.6%  71.8  525s
  9639  5311   71.00119   57  109   77.11374   68.97141  10.6%  71.4  559s
  9857  5677   72.00119   64   82   77.11374   68.97141  10.6%  71.4  563s
 10347  6111   72.17251   87  100   77.11374   68.97141  10.6%  71.5  567s
 10891  6573   72.58279  108   75   77.11374   68.97141  10.6%  70.8  571s
 11471  6881   74.49863  141   75   77.11374   69.01677  10.5%  69.9  580s
 11972  6935   69.04954   32  283   77.11374   69.01754  10.5%  69.4  589s
 12037  7305   69.07747   34  251   77.11374   69.01754  10.5%  69.8  594s
 12609  7659   69.13237   42  258   77.11374   69.01754  10.5%  69.7  597s
 13071  8061   69.42835   47  308   77.11374   69.01754  10.5%  70.0  604s
 13596  8336   69.49807   54  334   77.11374   69.01754  10.5%  70.2  608s
 14077  8461   72.64444   57  250   77.11374   69.01754  10.5%  71.1  615s
H14090  8461                      77.1137361   69.01754  10.5%  71.0  615s
 14285  8841   72.64507   58  261   77.11374   69.01754  10.5%  71.1  621s
 15000  9232   74.97924   69  217   77.11374   69.01754  10.5%  70.9  626s
 15655  9564   75.83659   76  175   77.11374   69.04954  10.5%  70.9  630s
 16852 10448   73.81657   51  237   77.11374   69.05017  10.5%  71.5  638s
 17555 10724   69.68401   36  261   77.11374   69.05119  10.5%  71.5  643s
 18025 11114   69.77673   40  246   77.11374   69.05204  10.5%  71.6  654s
 18584 11628   72.78457   48  131   77.11374   69.05204  10.5%  71.9  659s
 19397 11687   74.66702   71  105   77.11374   69.05204  10.5%  72.1  669s
 19502 12007   74.68131   72  129   77.11374   69.22453  10.2%  72.0  673s
 20028 12574   71.88254   49  147   77.11374   69.24038  10.2%  72.4  679s
 20816 13259   69.81959   49  218   77.11374   69.29182  10.1%  73.0  684s
 21777 13914   69.74297   45  242   77.11374   69.47957  9.90%  73.2  688s
 22664 14410 infeasible   44        77.11374   69.66437  9.66%  73.8  693s
 23329 14836   70.56140   47  235   77.11374   69.67817  9.64%  74.7  699s
 24118 15257   70.82309   50  243   77.11374   69.67817  9.64%  76.2  704s
 24967 15423     cutoff   58        77.11374   69.72955  9.58%  78.1  708s
 25738 15815   70.05923   71  163   77.11374   69.75864  9.54%  79.9  715s
 26507 16263   71.76486   77  128   77.11374   69.75864  9.54%  81.2  721s
 27430 16533   71.71812   51  262   77.11374   69.76245  9.53%  82.5  727s
 27917 16553   71.91057   60  306   77.11374   69.76245  9.53%  83.5  736s
 27969 17186   71.95182   61  281   77.11374   69.76245  9.53%  83.6  743s
 28913 17834   74.46959   85  229   77.11374   69.79445  9.49%  84.9  753s
 30001 18632 infeasible   63        77.11374   69.83879  9.43%  86.7  763s
 31326 19371   70.34440   65  235   77.11374   69.84580  9.42%  87.7  772s
 32788 20160   71.53205   81  280   77.11374   69.84580  9.42%  88.5  781s
 34220 20965     cutoff  123        77.11374   69.91116  9.34%  89.1  792s
 35470 21680   71.80006   77  252   77.11374   69.93553  9.31%  89.3  800s
 37103 23562   73.86263   47  247   77.11374   69.95726  9.28%  89.7  808s
 40113 24149   72.80954  133  256   77.11374   69.98864  9.24%  88.4  815s
 41334 24784   71.89579   57  185   77.11374   70.00980  9.21%  89.3  823s
 42331 25254   74.78871   77  284   77.11374   70.02224  9.20%  90.2  829s
 43598 25622   73.09728   79  314   77.11374   70.03548  9.18%  92.0  837s
 44969 26280   74.97612  115  307   77.11374   70.09094  9.11%  93.2  844s
 46340 26721   75.16402   62  248   77.11374   70.09673  9.10%  94.3  850s
 47606 27231   74.28914   74  258   77.11374   70.12058  9.07%  96.2  858s
 48930 28047     cutoff   90        77.11374   70.13696  9.05%  96.9  871s
 50713 28738   75.94424   95  241   77.11374   70.21445  8.95%  98.3  890s
 52445 29515   75.05553   64  189   77.11374   70.25013  8.90%   100  908s
 54433 30399   73.75962   53  243   77.11374   70.33795  8.79%   101  928s
 56417 31154   76.81419   83  241   77.11374   70.36687  8.75%   102  948s
 58425 31155   73.97182   85  273   77.11374   70.48014  8.60%   104 1089s
 58427 31156   71.88527   43   57   77.11374   70.48014  8.60%   104 1095s
 58428 31157   75.60526   59   76   77.11374   70.48014  8.60%   104 1102s
 58429 31158   73.34297   66  199   77.11374   70.48014  8.60%   104 1105s
 58430 31158   72.59856  111  258   77.11374   70.48014  8.60%   104 1118s
 58434 31161   74.02301  131  308   77.11374   70.48014  8.60%   104 1120s
 58439 31164   72.52412   63  278   77.11374   70.55797  8.50%   104 1131s
 58443 31167   72.91838   66  354   77.11374   70.60863  8.44%   104 1135s
 58444 31168   71.23047   65  303   77.11374   70.70212  8.31%   104 1144s
 58448 31170   74.14841   94  334   77.11374   70.73254  8.28%   104 1148s
 58449 31171   75.72256  144  286   77.11374   70.81067  8.17%   104 1157s
 58456 31176   73.77439  116  348   77.11374   70.84737  8.13%   104 1162s
 58457 31176   74.01153   50  337   77.11374   70.91065  8.04%   104 1169s
 58459 31178   72.01674   62  341   77.11374   71.01003  7.92%   104 1170s
 58464 31181   73.27163   53  323   77.11374   71.09453  7.81%   104 1177s
 58471 31186   74.03914   79  410   77.11374   71.11744  7.78%   104 1181s
 58472 31186   71.19677   53  283   77.11374   71.19677  7.67%   104 1185s
 58478 31190   74.69957   60  262   77.11374   71.44083  7.36%   104 1193s
 58482 31193   71.63555   50  334   77.11374   71.47181  7.32%   104 1196s
 58484 31194   73.71666   65  362   77.11374   71.63780  7.10%   104 1200s
 58490 31198   74.82426   83  313   77.11374   71.89448  6.77%   104 1208s
 58493 31200   72.22935   70  345   77.11374   71.90788  6.75%   104 1213s
 58494 31201   72.23361   35  341   77.11374   72.23361  6.33%   104 1217s
 58502 31206   72.45089   51  345   77.11374   72.45089  6.05%   104 1222s
 58503 31207   72.86814   41  291   77.11374   72.86814  5.51%   104 1226s
 58508 31210   75.54719   66  328   77.11374   73.47261  4.72%   104 1230s
 58509 31211   74.83427   61  265   77.11374   73.83141  4.26%   104 1238s

Cutting planes:
  Learned: 2
  Gomory: 34
  Cover: 37
  Implied bound: 46
  Projected implied bound: 3
  Clique: 2
  MIR: 158
  Flow cover: 396
  Zero half: 5
  Network: 1
  RLT: 13
  Relax-and-lift: 43

Explored 58509 nodes (6106469 simplex iterations) in 1239.37 seconds (143.98 work units)
Thread count was 32 (of 32 available processors)

Solution count 10: 77.1137 77.1137 77.1137 ... 78.5437

Optimal solution found (tolerance 5.00e-03)
Best objective 7.711373606052e+01, best bound 7.675068593646e+01, gap 0.4708%
