
Gurobi 9.5.2 (linux64) logging started Wed Jul 29 00:48:05 2026

Set parameter LogFile to value "logs/oracle_RlongCmanyTlarge_12_gurobi.log"
Gurobi Optimizer version 9.5.2 build v9.5.2rc0 (linux64)
Thread count: 16 physical cores, 32 logical processors, using up to 32 threads
Optimize a model with 9137 rows, 4976 columns and 160622 nonzeros
Model fingerprint: 0x74fc6535
Variable types: 3107 continuous, 1869 integer (1869 binary)
Coefficient statistics:
  Matrix range     [3e-02, 2e+03]
  Objective range  [1e+00, 1e+00]
  Bounds range     [1e+00, 6e+01]
  RHS range        [6e-03, 5e+02]

User MIP start did not produce a new incumbent solution

Presolve removed 2718 rows and 906 columns
Presolve time: 0.47s
Presolved: 6419 rows, 4070 columns, 145649 nonzeros
Variable types: 2406 continuous, 1664 integer (1664 binary)
Root relaxation presolve removed 165 rows and 103 columns
Root relaxation presolved: 6254 rows, 3967 columns, 111885 nonzeros

Extra simplex iterations after uncrush: 1

Root relaxation: objective 1.017844e+02, 5629 iterations, 0.59 seconds (1.23 work units)
Another try with MIP start

    Nodes    |    Current Node    |     Objective Bounds      |     Work
 Expl Unexpl |  Obj  Depth IntInf | Incumbent    BestBd   Gap | It/Node Time

     0     0  101.78444    0  574          -  101.78444      -     -    3s
     0     0  106.42687    0  433          -  106.42687      -     -    4s
     0     0  106.56802    0  475          -  106.56802      -     -    4s
     0     0  106.59319    0  463          -  106.59319      -     -    4s
     0     0  106.60004    0  471          -  106.60004      -     -    4s
     0     0  106.60004    0  453          -  106.60004      -     -    4s
     0     0  107.70155    0  416          -  107.70155      -     -    5s
     0     0  107.80747    0  424          -  107.80747      -     -    5s
     0     0  107.84496    0  416          -  107.84496      -     -    5s
     0     0  107.85084    0  415          -  107.85084      -     -    5s
     0     0  107.85113    0  418          -  107.85113      -     -    5s
     0     0  108.56671    0  465          -  108.56671      -     -    6s
     0     0  108.60306    0  485          -  108.60306      -     -    6s
     0     0  108.60604    0  527          -  108.60604      -     -    6s
     0     0  108.60674    0  527          -  108.60674      -     -    6s
     0     0  109.10409    0  497          -  109.10409      -     -    6s
     0     0  109.17650    0  472          -  109.17650      -     -    6s
     0     0  109.18072    0  479          -  109.18072      -     -    7s
     0     0  109.18173    0  476          -  109.18173      -     -    7s
     0     0  109.49230    0  485          -  109.49230      -     -    7s
     0     0  109.52008    0  504          -  109.52008      -     -    7s
     0     0  109.52421    0  513          -  109.52421      -     -    7s
     0     0  109.52432    0  517          -  109.52432      -     -    7s
     0     0  109.95613    0  531          -  109.95613      -     -    8s
     0     0  110.03506    0  463          -  110.03506      -     -    8s
     0     0  110.03751    0  462          -  110.03751      -     -    8s
     0     0  110.03865    0  470          -  110.03865      -     -    8s
     0     0  110.31115    0  392          -  110.31115      -     -    9s
     0     0  110.33272    0  395          -  110.33272      -     -    9s
     0     0  110.34135    0  456          -  110.34135      -     -    9s
     0     0  110.34350    0  469          -  110.34350      -     -    9s
     0     0  110.34385    0  459          -  110.34385      -     -    9s
     0     0  110.44693    0  496          -  110.44693      -     -   10s
     0     0  110.47079    0  427          -  110.47079      -     -   10s
     0     0  110.47639    0  465          -  110.47639      -     -   10s
     0     0  110.47705    0  454          -  110.47705      -     -   10s
     0     0  110.54795    0  463          -  110.54795      -     -   10s
     0     0  110.55217    0  491          -  110.55217      -     -   10s
     0     0  110.55483    0  501          -  110.55483      -     -   10s
     0     0  110.55489    0  501          -  110.55489      -     -   10s
     0     0  110.67625    0  426          -  110.67625      -     -   11s
     0     0  110.68483    0  438          -  110.68483      -     -   11s
     0     0  110.68744    0  429          -  110.68744      -     -   11s
     0     0  110.68808    0  428          -  110.68808      -     -   11s
     0     0  110.71957    0  479          -  110.71957      -     -   11s
     0     0  110.73047    0  523          -  110.73047      -     -   12s
     0     0  110.73161    0  528          -  110.73161      -     -   12s
     0     0  110.76060    0  412          -  110.76060      -     -   12s
     0     0  110.76517    0  458          -  110.76517      -     -   12s
     0     0  110.76529    0  472          -  110.76529      -     -   12s
     0     0  110.78412    0  483          -  110.78412      -     -   13s
     0     0  110.78687    0  495          -  110.78687      -     -   13s
     0     0  110.78734    0  495          -  110.78734      -     -   13s
     0     0  110.81195    0  495          -  110.81195      -     -   13s
     0     0  110.81660    0  442          -  110.81660      -     -   13s
     0     0  110.81736    0  461          -  110.81736      -     -   13s
     0     0  110.83221    0  468          -  110.83221      -     -   14s
     0     0  110.83498    0  509          -  110.83498      -     -   14s
     0     0  110.83560    0  521          -  110.83560      -     -   14s
     0     0  110.83943    0  528          -  110.83943      -     -   15s
H    0     0                     539.6825268  110.83943  79.5%     -   15s
     0     0  110.83943    0  447  539.68253  110.83943  79.5%     -   15s
     0     2  110.83943    0  419  539.68253  110.83943  79.5%     -   16s
H   35    48                     199.9062608  110.88451  44.5%   604   17s
H   79    96                     199.8747979  110.93610  44.5%   532   19s
H   80    96                     198.8804082  110.94046  44.2%   529   19s
H   85    96                     189.8388447  110.94046  41.6%   529   19s
H  129   146                     187.1673272  110.98892  40.7%   489   19s
H  130   146                     179.5534356  110.98892  38.2%   488   19s
H  131   146                     179.1274206  110.98892  38.0%   485   19s
H  132   146                     177.1274206  110.98892  37.3%   484   19s
H  135   146                     168.9373101  110.98892  34.3%   479   19s
   145   167  110.98923   13  510  168.93731  110.98923  34.3%   470   20s
H  191   208                     165.6664640  111.01729  33.0%   445   24s
H  191   208                     164.5972721  111.01729  32.6%   445   24s
H  192   208                     162.5590955  111.01729  31.7%   444   24s
H  205   208                     161.8404999  111.01946  31.4%   443   24s
   223   240  111.01961   19  498  161.84050  111.01961  31.4%   436   25s
H  239   256                     128.1232014  111.01961  13.3%   440   26s
H  304   318                     127.9401026  111.03906  13.2%   463   27s
H  352   365                     127.9145298  111.04885  13.2%   448   28s
H  421   444                     127.7229200  111.05914  13.0%   453   29s
H  493   510                     124.2627903  111.08362  10.6%   439   35s
H  502   510                     124.1847330  111.09384  10.5%   440   35s
H  639   646                     123.9253015  111.11349  10.3%   429   36s
   935  1066  115.41445   27  473  123.92530  111.12821  10.3%   438   40s
H 1788  1909                     123.8955785  111.13853  10.3%   327   43s
H 1830  1909                     123.7143819  111.13869  10.2%   323   43s
H 2093  2092                     123.6238761  111.14244  10.1%   315   48s
  2094  2093  115.14895   28  447  123.62388  111.14244  10.1%   315   51s
  2103  2099  113.66620   25  314  123.62388  111.14244  10.1%   313   57s
  2107  2102  112.34708   10  291  123.62388  111.25579  10.0%   313   61s
  2111  2104  111.38419   27  309  123.62388  111.38419  9.90%   312   65s
  2118  2109  111.46920   48  385  123.62388  111.46920  9.83%   311   70s
H 2118  2003                     123.5941531  111.46920  9.81%   311   71s
  2122  2006  112.90637   47  316  123.59415  111.49583  9.79%   311   75s
H 2122  1905                     123.5853100  111.49685  9.78%   311   76s
H 2125  1811                     123.4595659  111.50664  9.68%   310   79s
  2127  1812  111.51860   26  333  123.45957  111.51860  9.67%   310   81s
  2131  1815  112.24260   33  418  123.45957  111.52687  9.67%   309   85s
  2135  1817  112.95308   42  310  123.45957  111.53669  9.66%   309   90s
  2139  1820  111.54514   39  335  123.45957  111.54514  9.65%   308   96s
  2142  1824  111.56970   11  294  123.45957  111.56970  9.63%   330  103s
  2144  1825  111.57873   12  440  123.45957  111.57873  9.62%   330  111s
  2177  1855  111.61038   16  429  123.45957  111.60946  9.60%   331  115s
H 2225  1793                     123.3993447  111.61925  9.55%   332  117s
H 2231  1704                     123.3722550  111.62014  9.53%   332  117s
H 2268  1651                     123.3722550  111.64073  9.51%   333  118s
H 2274  1570                     123.3471787  111.64524  9.49%   334  118s
H 2335  1542                     123.3299154  111.65261  9.47%   339  122s
H 2335  1471                     123.2505715  111.65261  9.41%   339  122s
H 2343  1401                     123.1745172  111.65775  9.35%   341  122s
  2439  1498  111.66074   31  542  123.17452  111.66074  9.35%   348  125s
H 2459  1427                     123.1596114  111.69333  9.31%   347  125s
  2657  1527  111.82282   44  442  123.15961  111.81313  9.21%   352  130s
H 2691  1470                     117.9708906  111.83922  5.20%   355  132s
  2740  1389     cutoff   43       117.97089  111.87297  5.17%   357  135s
  3159  1454 infeasible   43       117.97089  112.05502  5.01%   361  141s
  3484  1521  117.69656   46  363  117.97089  112.53591  4.61%   401  145s
H 3824  1327                     115.9507960  112.57471  2.91%   400  147s
H 3827  1269                     115.4013746  112.57536  2.45%   401  147s
H 3941  1075                     114.3011546  112.64677  1.45%   402  149s
  4037  1107 infeasible   34       114.30115  112.68996  1.41%   398  150s
H 4197   928                     113.8449877  112.76706  0.95%   394  153s
  4200   930  113.17526   43  539  113.84499  112.76706  0.95%   393  156s
  4206   934  113.80039   54  264  113.84499  112.76706  0.95%   393  160s
  4212   938  113.56687   43  316  113.84499  112.76706  0.95%   392  167s
  4216   941  113.61148   57  295  113.84499  112.76706  0.95%   392  171s
  4222   945  113.43188   40  351  113.84499  112.78679  0.93%   391  176s
H 4222   897                     113.7752963  112.78679  0.87%   391  176s
H 4222   852                     113.7502199  112.78679  0.85%   391  176s
H 4223   810                     113.6623709  112.78793  0.77%   391  178s
  4224   810  113.66237   52  369  113.66237  112.79792  0.76%   391  180s
  4232   817  113.63044   39  183  113.66237  112.82724  0.73%   398  186s
  4239   822  113.66237   47  290  113.66237  112.82724  0.73%   398  190s
  4242   824  113.40173   50  267  113.66237  112.82724  0.73%   398  195s
  4245   826  113.07931   39  292  113.66237  112.82724  0.73%   397  202s
  4248   829  112.85473   40  297  113.66237  112.85473  0.71%   403  208s
  4250   830  112.90137   41  287  113.66237  112.90137  0.67%   403  211s
  4256   828  112.91209   43  429  113.66237  112.91209  0.66%   403  216s
  4270   836  112.94052   46  454  113.66237  112.93584  0.64%   403  220s
H 4336   817                     113.6275867  112.95595  0.59%   400  221s
H 4406   796                     113.6223313  112.98668  0.56%   398  221s
H 4447   787                     113.5592183  113.01963  0.48%   397  222s

Cutting planes:
  Learned: 4
  Gomory: 68
  Lift-and-project: 2
  Cover: 48
  Implied bound: 75
  Projected implied bound: 7
  Clique: 11
  MIR: 342
  StrongCG: 4
  Flow cover: 652
  GUB cover: 1
  Zero half: 7
  Network: 1
  RLT: 42
  Relax-and-lift: 32

Explored 4467 nodes (1790818 simplex iterations) in 222.47 seconds (452.45 work units)
Thread count was 32 (of 32 available processors)

Solution count 10: 113.559 113.622 113.628 ... 115.951

Optimal solution found (tolerance 5.00e-03)
Best objective 1.135592182553e+02, best bound 1.130196318918e+02, gap 0.4752%
