
Gurobi 11.0.0 (win64) logging started Tue Aug  4 00:34:01 2026

Set parameter LogFile to value "C:\Users\celinep\Documents\GitHub\ChargeAndBreak\logs\oracle_RshortCmanyTlarge_5__nosplit_gurobi.log"
Gurobi Optimizer version 11.0.0 build v11.0.0rc2 (win64 - Windows 11+.0 (26200.2))

CPU model: 11th Gen Intel(R) Core(TM) i5-1145G7 @ 2.60GHz, instruction set [SSE2|AVX|AVX2|AVX512]
Thread count: 4 physical cores, 8 logical processors, using up to 8 threads

Optimize a model with 2377 rows, 1207 columns and 13278 nonzeros
Model fingerprint: 0xba82126a
Variable types: 807 continuous, 400 integer (400 binary)
Coefficient statistics:
  Matrix range     [6e-02, 5e+02]
  Objective range  [1e+00, 1e+00]
  Bounds range     [1e+00, 2e+01]
  RHS range        [2e-02, 5e+02]

User MIP start did not produce a new incumbent solution

Presolve removed 1110 rows and 382 columns
Presolve time: 0.11s
Presolved: 1267 rows, 825 columns, 7565 nonzeros
Variable types: 574 continuous, 251 integer (249 binary)
Found heuristic solution: objective 395.4909486
Root relaxation presolve removed 27 rows and 27 columns
Root relaxation presolved: 1240 rows, 798 columns, 7511 nonzeros


Root relaxation: objective 3.382251e+01, 1144 iterations, 0.09 seconds (0.04 work units)

    Nodes    |    Current Node    |     Objective Bounds      |     Work
 Expl Unexpl |  Obj  Depth IntInf | Incumbent    BestBd   Gap | It/Node Time

     0     0   33.82251    0   59  395.49095   33.82251  91.4%     -    0s
Another try with MIP start
H    0     0                      36.1471299   33.82251  6.43%     -    0s
     0     0   34.09247    0   62   36.14713   34.09247  5.68%     -    0s
     0     0   34.12988    0   49   36.14713   34.12988  5.58%     -    0s
     0     0   34.35712    0   65   36.14713   34.35712  4.95%     -    1s
     0     0   34.52996    0   62   36.14713   34.52996  4.47%     -    1s
     0     0   34.52996    0   62   36.14713   34.52996  4.47%     -    1s
     0     0   34.52996    0   63   36.14713   34.52996  4.47%     -    1s
     0     0   34.88696    0   51   36.14713   34.88696  3.49%     -    1s
     0     0   34.88696    0   36   36.14713   34.88696  3.49%     -    2s
     0     0   34.88696    0   44   36.14713   34.88696  3.49%     -    2s
     0     0   34.88934    0   49   36.14713   34.88934  3.48%     -    2s
     0     0   34.92835    0   45   36.14713   34.92835  3.37%     -    2s
     0     0   34.93089    0   55   36.14713   34.93089  3.36%     -    2s
     0     0   34.93102    0   55   36.14713   34.93102  3.36%     -    2s
     0     0   35.04587    0   45   36.14713   35.04587  3.05%     -    2s
     0     0   35.06557    0   45   36.14713   35.06557  2.99%     -    2s
     0     0   35.06557    0   46   36.14713   35.06557  2.99%     -    2s
     0     0   35.06557    0   47   36.14713   35.06557  2.99%     -    2s
     0     0   35.12239    0   42   36.14713   35.12239  2.83%     -    3s
H    0     0                      35.9698609   35.16139  2.25%     -    3s
     0     0   35.16139    0   42   35.96986   35.16139  2.25%     -    3s
     0     0   35.16139    0   53   35.96986   35.16139  2.25%     -    3s
     0     0   35.16139    0   47   35.96986   35.16139  2.25%     -    3s
     0     0   35.20647    0   32   35.96986   35.20647  2.12%     -    3s
     0     0   35.22345    0   36   35.96986   35.22345  2.08%     -    3s
     0     0   35.23916    0   36   35.96986   35.23916  2.03%     -    3s
     0     0   35.24374    0   39   35.96986   35.24374  2.02%     -    3s
     0     0   35.24839    0   34   35.96986   35.24839  2.01%     -    3s
     0     0   35.24976    0   34   35.96986   35.24976  2.00%     -    3s
     0     0   35.25006    0   34   35.96986   35.25006  2.00%     -    3s
     0     0   35.25305    0   34   35.96986   35.25305  1.99%     -    3s
     0     0   35.32520    0   40   35.96986   35.32520  1.79%     -    4s
     0     0   35.33667    0   30   35.96986   35.33667  1.76%     -    4s
     0     0   35.34401    0   39   35.96986   35.34401  1.74%     -    4s
     0     0   35.34716    0   28   35.96986   35.34716  1.73%     -    4s
     0     0   35.34729    0   26   35.96986   35.34729  1.73%     -    4s
     0     0   35.34759    0   23   35.96986   35.34759  1.73%     -    4s
     0     0   35.38059    0   15   35.96986   35.38059  1.64%     -    4s
     0     0   35.38598    0   12   35.96986   35.38598  1.62%     -    4s
     0     0   35.38712    0   21   35.96986   35.38712  1.62%     -    4s
     0     0   35.38798    0   13   35.96986   35.38798  1.62%     -    4s
     0     0   35.38837    0   15   35.96986   35.38837  1.62%     -    4s
     0     0   35.38894    0   15   35.96986   35.38894  1.62%     -    4s
     0     0   35.41698    0   15   35.96986   35.41698  1.54%     -    4s
H    0     0                      35.8126967   35.41698  1.10%     -    4s
     0     0   35.41916    0   16   35.81270   35.41916  1.10%     -    5s
H    0     0                      35.8117413   35.41916  1.10%     -    5s
     0     0   35.41916    0   33   35.81174   35.41916  1.10%     -    5s
     0     0   35.41916    0   30   35.81174   35.41916  1.10%     -    5s
H    0     0                      35.7259819   35.41916  0.86%     -    5s
     0     0   35.41916    0    4   35.72598   35.41916  0.86%     -    5s
     0     0   35.41916    0   30   35.72598   35.41916  0.86%     -    5s
     0     0   35.41916    0    8   35.72598   35.41916  0.86%     -    5s
     0     0   35.41916    0    8   35.72598   35.41916  0.86%     -    5s
     0     2   35.41916    0    8   35.72598   35.41916  0.86%     -    6s
H   33    25                      35.7203086   35.41916  0.84%   148    6s
H   68    47                      35.7079488   35.52310  0.52%  90.4    6s

Cutting planes:
  Learned: 2
  Gomory: 20
  Lift-and-project: 24
  Cover: 16
  Implied bound: 35
  Projected implied bound: 2
  Clique: 1
  MIR: 158
  Mixing: 11
  StrongCG: 3
  Flow cover: 218
  RLT: 21
  Relax-and-lift: 18

Explored 79 nodes (13957 simplex iterations) in 7.00 seconds (1.34 work units)
Thread count was 8 (of 8 available processors)

Solution count 9: 35.7079 35.7203 35.726 ... 395.491

Optimal solution found (tolerance 5.00e-03)
Best objective 3.570794877468e+01, best bound 3.554685220462e+01, gap 0.4512%
