
Gurobi 9.5.2 (linux64) logging started Tue Jul 28 11:35:50 2026

Set parameter LogFile to value "logs/oracle_RshortCfewTtight_49_gurobi.log"
Gurobi Optimizer version 9.5.2 build v9.5.2rc0 (linux64)
Thread count: 16 physical cores, 32 logical processors, using up to 32 threads
Optimize a model with 2478 rows, 1420 columns and 8529 nonzeros
Model fingerprint: 0x956aba18
Variable types: 892 continuous, 528 integer (528 binary)
Coefficient statistics:
  Matrix range     [5e-02, 6e+02]
  Objective range  [1e+00, 1e+00]
  Bounds range     [1e+00, 1e+00]
  RHS range        [2e-01, 5e+02]
Presolve removed 886 rows and 366 columns
Presolve time: 0.14s
Presolved: 1592 rows, 1054 columns, 7117 nonzeros
Variable types: 645 continuous, 409 integer (409 binary)

Root relaxation: objective 2.625316e+01, 1465 iterations, 0.14 seconds (0.05 work units)

    Nodes    |    Current Node    |     Objective Bounds      |     Work
 Expl Unexpl |  Obj  Depth IntInf | Incumbent    BestBd   Gap | It/Node Time

     0     0   26.25316    0  100          -   26.25316      -     -    0s
H    0     0                      46.4692122   26.75766  42.4%     -    0s
     0     0   26.75766    0  140   46.46921   26.75766  42.4%     -    0s
     0     0   26.76172    0  138   46.46921   26.76172  42.4%     -    0s
H    0     0                      44.9655456   26.76172  40.5%     -    0s
     0     0   27.04433    0  133   44.96555   27.04433  39.9%     -    1s
     0     0   27.06685    0  134   44.96555   27.06685  39.8%     -    1s
     0     0   27.08855    0  130   44.96555   27.08855  39.8%     -    1s
     0     0   27.08914    0  129   44.96555   27.08914  39.8%     -    1s
     0     0   27.08922    0  129   44.96555   27.08922  39.8%     -    1s
     0     0   27.38378    0  110   44.96555   27.38378  39.1%     -    1s
H    0     0                      36.7776889   27.38378  25.5%     -    1s
     0     0   27.48961    0  116   36.77769   27.48961  25.3%     -    1s
     0     0   27.67798    0  134   36.77769   27.67798  24.7%     -    1s
     0     0   27.69246    0  122   36.77769   27.69246  24.7%     -    1s
     0     0   27.69261    0  122   36.77769   27.69261  24.7%     -    1s
     0     0   28.16284    0  137   36.77769   28.16284  23.4%     -    2s
     0     0   28.20785    0  137   36.77769   28.20785  23.3%     -    2s
     0     0   28.23583    0  132   36.77769   28.23583  23.2%     -    2s
     0     0   28.23640    0  132   36.77769   28.23640  23.2%     -    2s
     0     0   28.23746    0  128   36.77769   28.23746  23.2%     -    2s
     0     0   28.23746    0  127   36.77769   28.23746  23.2%     -    2s
     0     0   28.36306    0   78   36.77769   28.36306  22.9%     -    2s
     0     0   28.37229    0   92   36.77769   28.37229  22.9%     -    2s
H    0     0                      36.2612457   28.37322  21.8%     -    2s
     0     0   28.37322    0   82   36.26125   28.37322  21.8%     -    2s
     0     0   28.37322    0   82   36.26125   28.37322  21.8%     -    2s
     0     0   28.40909    0   96   36.26125   28.40909  21.7%     -    2s
     0     0   28.42558    0   94   36.26125   28.42558  21.6%     -    2s
     0     0   28.45013    0   92   36.26125   28.45013  21.5%     -    2s
     0     0   28.45286    0   99   36.26125   28.45286  21.5%     -    2s
     0     0   28.45301    0   99   36.26125   28.45301  21.5%     -    2s
     0     0   28.49972    0   82   36.26125   28.49972  21.4%     -    2s
     0     0   28.50172    0   85   36.26125   28.50172  21.4%     -    2s
     0     0   28.50185    0   86   36.26125   28.50185  21.4%     -    2s
     0     0   28.59051    0   77   36.26125   28.59051  21.2%     -    2s
     0     0   28.59119    0   79   36.26125   28.59119  21.2%     -    2s
     0     0   28.63780    0  121   36.26125   28.63780  21.0%     -    2s
     0     0   28.64532    0  125   36.26125   28.64532  21.0%     -    2s
     0     0   28.64568    0  126   36.26125   28.64568  21.0%     -    2s
     0     0   28.66063    0  129   36.26125   28.66063  21.0%     -    2s
     0     0   28.66788    0  133   36.26125   28.66788  20.9%     -    2s
     0     0   28.66951    0  136   36.26125   28.66951  20.9%     -    2s
     0     0   28.67020    0  135   36.26125   28.67020  20.9%     -    3s
     0     0   28.67040    0  135   36.26125   28.67040  20.9%     -    3s
     0     0   28.68978    0  108   36.26125   28.68978  20.9%     -    3s
     0     0   28.69063    0  109   36.26125   28.69063  20.9%     -    3s
     0     0   28.69063    0  109   36.26125   28.69063  20.9%     -    3s
     0     0   28.70245    0  120   36.26125   28.70245  20.8%     -    3s
     0     0   28.71662    0  122   36.26125   28.71662  20.8%     -    3s
     0     0   28.71668    0  123   36.26125   28.71668  20.8%     -    3s
     0     0   28.72013    0  123   36.26125   28.72013  20.8%     -    3s
     0     0   29.14936    0  113   36.26125   29.14936  19.6%     -    3s
H    0     0                      36.0314322   29.14936  19.1%     -    3s
     0     2   29.14936    0  111   36.03143   29.14936  19.1%     -    3s
H   79    96                      34.7262339   29.14936  16.1%  32.6    5s
H   84    96                      34.6094896   29.14936  15.8%  31.9    5s
H   90    96                      34.5645673   29.14936  15.7%  31.9    5s
*  381   192              22      34.5462383   29.41513  14.9%  24.7    5s
*  507   236              19      34.5227096   29.52669  14.5%  23.5    5s
*  612   260              26      34.5013160   29.52669  14.4%  22.9    5s
* 1529   448              37      34.4856461   30.55934  11.4%  24.3    6s
H 1723   466                      34.4372211   30.66522  11.0%  24.3    7s
H 1724   466                      34.4179826   30.66522  10.9%  24.3    7s
* 2080   492              63      34.3826400   31.28102  9.02%  23.9    8s
* 2698   479              61      34.3822210   32.43018  5.68%  24.0    8s
  3616    37     cutoff   18        34.38222   34.17872  0.59%  24.0   10s

Cutting planes:
  Learned: 1
  Gomory: 15
  Cover: 16
  Implied bound: 30
  Clique: 1
  MIR: 70
  Flow cover: 80
  GUB cover: 1
  Network: 1
  RLT: 12
  Relax-and-lift: 10

Explored 3842 nodes (93665 simplex iterations) in 10.17 seconds (1.72 work units)
Thread count was 32 (of 32 available processors)

Solution count 10: 34.3822 34.3826 34.418 ... 34.6095

Optimal solution found (tolerance 5.00e-03)
Best objective 3.438222104317e+01, best bound 3.431525323265e+01, gap 0.1948%
