
Gurobi 9.5.2 (linux64) logging started Mon Aug  3 12:40:19 2026

Set parameter LogFile to value "logs/oracle_RshortCfewTtight_3__kw150_gurobi.log"
Gurobi Optimizer version 9.5.2 build v9.5.2rc0 (linux64)
Thread count: 16 physical cores, 32 logical processors, using up to 32 threads
Optimize a model with 2094 rows, 1132 columns and 12140 nonzeros
Model fingerprint: 0x27e0cc7e
Variable types: 712 continuous, 420 integer (420 binary)
Coefficient statistics:
  Matrix range     [5e-02, 5e+02]
  Objective range  [1e+00, 1e+00]
  Bounds range     [1e+00, 2e+01]
  RHS range        [1e-01, 5e+02]

User MIP start produced solution with objective 34.7971 (0.01s)
Loaded user MIP start with objective 34.7971

Presolve removed 805 rows and 312 columns
Presolve time: 0.13s
Presolved: 1289 rows, 820 columns, 7664 nonzeros
Variable types: 506 continuous, 314 integer (312 binary)
Root relaxation presolve removed 25 rows and 23 columns
Root relaxation presolved: 1264 rows, 797 columns, 7605 nonzeros

Extra simplex iterations after uncrush: 1

Root relaxation: objective 2.937976e+01, 928 iterations, 0.13 seconds (0.04 work units)

    Nodes    |    Current Node    |     Objective Bounds      |     Work
 Expl Unexpl |  Obj  Depth IntInf | Incumbent    BestBd   Gap | It/Node Time

     0     0   29.38235    0   95   34.79712   29.38235  15.6%     -    0s
H    0     0                      33.6161598   30.21604  10.1%     -    1s
     0     0   30.21604    0   52   33.61616   30.21604  10.1%     -    1s
     0     0   30.21604    0   52   33.61616   30.21604  10.1%     -    1s
     0     0   30.42680    0   40   33.61616   30.42680  9.49%     -    1s
     0     0   30.45794    0   40   33.61616   30.45794  9.39%     -    1s
     0     0   30.46986    0   41   33.61616   30.46986  9.36%     -    1s
     0     0   30.46986    0   41   33.61616   30.46986  9.36%     -    1s
H    0     0                      33.5957560   30.46986  9.30%     -    1s
     0     0   30.68068    0   51   33.59576   30.68068  8.68%     -    1s
     0     0   30.70038    0   48   33.59576   30.70038  8.62%     -    1s
     0     0   30.70289    0   49   33.59576   30.70289  8.61%     -    1s
     0     0   30.90262    0   55   33.59576   30.90262  8.02%     -    2s
     0     0   30.92589    0   54   33.59576   30.92589  7.95%     -    2s
     0     0   31.01613    0   66   33.59576   31.01613  7.68%     -    2s
H    0     0                      33.5153526   31.05549  7.34%     -    3s
     0     0   31.05549    0   69   33.51535   31.05549  7.34%     -    3s
     0     0   31.06167    0   69   33.51535   31.06167  7.32%     -    3s
     0     0   31.06914    0   68   33.51535   31.06914  7.30%     -    3s
     0     0   31.07041    0   70   33.51535   31.07041  7.29%     -    3s
     0     0   31.07041    0   70   33.51535   31.07041  7.29%     -    3s
     0     0   31.12853    0   74   33.51535   31.12853  7.12%     -    3s
     0     0   31.13291    0   73   33.51535   31.13291  7.11%     -    3s
     0     0   31.13987    0   73   33.51535   31.13987  7.09%     -    3s
     0     0   31.22738    0   56   33.51535   31.22738  6.83%     -    4s
     0     0   31.24055    0   73   33.51535   31.24055  6.79%     -    4s
     0     0   31.24055    0   76   33.51535   31.24055  6.79%     -    4s
     0     0   31.24055    0   75   33.51535   31.24055  6.79%     -    4s
     0     0   31.24055    0   76   33.51535   31.24055  6.79%     -    4s
H    0     0                      33.4035763   31.24055  6.48%     -    5s
     0     0   31.25481    0   54   33.40358   31.25481  6.43%     -    5s
     0     0   31.26198    0   69   33.40358   31.26198  6.41%     -    5s
     0     0   31.26198    0   73   33.40358   31.26198  6.41%     -    5s
H    0     0                      33.3030624   31.26198  6.13%     -    5s
     0     0   31.33093    0   72   33.30306   31.33093  5.92%     -    5s
H    0     0                      33.0616764   31.33093  5.23%     -    5s
     0     0   31.33820    0   68   33.06168   31.33820  5.21%     -    5s
     0     0   31.35268    0   69   33.06168   31.35268  5.17%     -    5s
     0     0   31.35268    0   69   33.06168   31.35268  5.17%     -    5s
H    0     0                      31.9479056   31.36230  1.83%     -    6s
     0     0   31.36467    0   40   31.94791   31.36467  1.83%     -    6s
     0     0   31.36716    0   78   31.94791   31.36716  1.82%     -    6s
     0     0   31.37084    0   44   31.94791   31.37084  1.81%     -    6s
     0     0   31.37286    0   86   31.94791   31.37286  1.80%     -    6s
     0     0   31.37286    0   17   31.94791   31.37286  1.80%     -    7s
     0     0   31.37286    0   45   31.94791   31.37286  1.80%     -    7s
H    0     0                      31.8640396   31.37286  1.54%     -    7s
     0     0   31.37286    0   34   31.86404   31.37286  1.54%     -    7s
     0     0   31.37286    0    2   31.86404   31.37286  1.54%     -    7s
H    0     0                      31.6984689   31.37286  1.03%     -    7s
     0     0   31.37286    0   10   31.69847   31.37286  1.03%     -    7s
     0     0   31.37286    0    8   31.69847   31.37286  1.03%     -    8s
H    0     0                      31.4511083   31.37286  0.25%     -    8s

Cutting planes:
  Learned: 2
  Gomory: 4
  Lift-and-project: 7
  Cover: 3
  Implied bound: 3
  MIR: 31
  StrongCG: 2
  Flow cover: 33
  Zero half: 1
  RLT: 7
  Relax-and-lift: 1

Explored 1 nodes (5030 simplex iterations) in 8.16 seconds (1.32 work units)
Thread count was 32 (of 32 available processors)

Solution count 10: 31.4511 31.6985 31.864 ... 33.5958

Optimal solution found (tolerance 5.00e-03)
Best objective 3.145110831692e+01, best bound 3.137286388812e+01, gap 0.2488%
