
Gurobi 9.5.2 (linux64) logging started Mon Aug  3 12:22:04 2026

Set parameter LogFile to value "logs/oracle_RshortCfewTlarge_2__cs30_gurobi.log"
Gurobi Optimizer version 9.5.2 build v9.5.2rc0 (linux64)
Thread count: 16 physical cores, 32 logical processors, using up to 32 threads
Optimize a model with 3523 rows, 1968 columns and 24934 nonzeros
Model fingerprint: 0x7d74c13e
Variable types: 1207 continuous, 761 integer (761 binary)
Coefficient statistics:
  Matrix range     [5e-02, 7e+02]
  Objective range  [1e+00, 1e+00]
  Bounds range     [1e+00, 2e+01]
  RHS range        [1e-02, 5e+02]

User MIP start did not produce a new incumbent solution

Presolve removed 1179 rows and 476 columns
Presolve time: 0.34s
Presolved: 2344 rows, 1492 columns, 14724 nonzeros
Variable types: 912 continuous, 580 integer (578 binary)
Root relaxation presolve removed 64 rows and 62 columns
Root relaxation presolved: 2280 rows, 1430 columns, 14369 nonzeros


Root relaxation: objective 3.163586e+01, 2557 iterations, 0.66 seconds (0.22 work units)
Another try with MIP start

    Nodes    |    Current Node    |     Objective Bounds      |     Work
 Expl Unexpl |  Obj  Depth IntInf | Incumbent    BestBd   Gap | It/Node Time

H    0     0                      35.4578900   31.63586  10.8%     -    1s
     0     0   31.63586    0  173   35.45789   31.63586  10.8%     -    1s
     0     0   31.76063    0  203   35.45789   31.76063  10.4%     -    3s
     0     0   31.78286    0  198   35.45789   31.78286  10.4%     -    3s
     0     0   31.87421    0  226   35.45789   31.87421  10.1%     -    4s
     0     0   31.88163    0  236   35.45789   31.88163  10.1%     -    4s
     0     0   31.96070    0  244   35.45789   31.96070  9.86%     -    5s
     0     0   31.97117    0  231   35.45789   31.97117  9.83%     -    6s
     0     0   31.97340    0  243   35.45789   31.97340  9.83%     -    6s
     0     0   31.97347    0  245   35.45789   31.97347  9.83%     -    6s
     0     0   32.06548    0  220   35.45789   32.06548  9.57%     -    7s
     0     0   32.07994    0  225   35.45789   32.07994  9.53%     -    7s
     0     0   32.08033    0  225   35.45789   32.08033  9.53%     -    7s
     0     0   32.08033    0  227   35.45789   32.08033  9.53%     -    7s
     0     0   32.16264    0  195   35.45789   32.16264  9.29%     -    8s
     0     0   32.17270    0  200   35.45789   32.17270  9.27%     -    8s
     0     0   32.17508    0  217   35.45789   32.17508  9.26%     -    8s
     0     0   32.17649    0  220   35.45789   32.17649  9.25%     -    9s
     0     0   32.17649    0  226   35.45789   32.17649  9.25%     -    9s
     0     0   32.32810    0  200   35.45789   32.32810  8.83%     -   10s
     0     0   32.34825    0  208   35.45789   32.34825  8.77%     -   11s
     0     0   32.35472    0  208   35.45789   32.35472  8.75%     -   11s
     0     0   32.35490    0  206   35.45789   32.35490  8.75%     -   11s
     0     0   32.59796    0  201   35.45789   32.59796  8.07%     -   12s
     0     0   32.63013    0  213   35.45789   32.63013  7.97%     -   12s
     0     0   32.64151    0  223   35.45789   32.64151  7.94%     -   12s
     0     0   32.64196    0  223   35.45789   32.64196  7.94%     -   12s
     0     0   32.76922    0  187   35.45789   32.76922  7.58%     -   13s
     0     0   32.79120    0  207   35.45789   32.79120  7.52%     -   13s
     0     0   32.79374    0  215   35.45789   32.79374  7.51%     -   13s
     0     0   32.79397    0  219   35.45789   32.79397  7.51%     -   13s
     0     0   32.89862    0  190   35.45789   32.89862  7.22%     -   14s
     0     0   32.91201    0  207   35.45789   32.91201  7.18%     -   14s
     0     0   32.91763    0  209   35.45789   32.91763  7.16%     -   14s
     0     0   32.91811    0  211   35.45789   32.91811  7.16%     -   14s
     0     0   32.95379    0  185   35.45789   32.95379  7.06%     -   15s
     0     0   32.98635    0  212   35.45789   32.98635  6.97%     -   15s
     0     0   32.98953    0  233   35.45789   32.98953  6.96%     -   15s
     0     0   32.98961    0  233   35.45789   32.98961  6.96%     -   15s
     0     0   33.03560    0  190   35.45789   33.03560  6.83%     -   16s
     0     0   33.04754    0  219   35.45789   33.04754  6.80%     -   16s
     0     0   33.04857    0  212   35.45789   33.04857  6.79%     -   16s
     0     0   33.05029    0  224   35.45789   33.05029  6.79%     -   16s
     0     0   33.05107    0  224   35.45789   33.05107  6.79%     -   16s
     0     0   33.05114    0  224   35.45789   33.05114  6.79%     -   16s
     0     0   33.11804    0  228   35.45789   33.11804  6.60%     -   18s
     0     0   33.14413    0  221   35.45789   33.14413  6.53%     -   18s
     0     0   33.14436    0  225   35.45789   33.14436  6.52%     -   18s
     0     0   33.22182    0  223   35.45789   33.22182  6.31%     -   19s
     0     0   33.23540    0  220   35.45789   33.23540  6.27%     -   20s
     0     0   33.23564    0  222   35.45789   33.23564  6.27%     -   20s
     0     0   33.28951    0  215   35.45789   33.28951  6.12%     -   21s
     0     0   33.29720    0  216   35.45789   33.29720  6.09%     -   21s
     0     0   33.29729    0  221   35.45789   33.29729  6.09%     -   21s
     0     0   33.33082    0  216   35.45789   33.33082  6.00%     -   22s
H    0     0                      35.4578900   33.33082  6.00%     -   22s
     0     0   33.33917    0  213   35.45789   33.33917  5.98%     -   22s
     0     0   33.34217    0  215   35.45789   33.34217  5.97%     -   22s
     0     0   33.34301    0  223   35.45789   33.34301  5.96%     -   22s
     0     0   33.34316    0  222   35.45789   33.34316  5.96%     -   22s
     0     0   33.39274    0  216   35.45789   33.39274  5.82%     -   23s
     0     0   33.39545    0  188   35.45789   33.39545  5.82%     -   23s
     0     0   33.39708    0  220   35.45789   33.39708  5.81%     -   23s
     0     0   33.39710    0  221   35.45789   33.39710  5.81%     -   23s
     0     0   33.43345    0  216   35.45789   33.43345  5.71%     -   24s
     0     0   33.44034    0  210   35.45789   33.44034  5.69%     -   24s
     0     0   33.44158    0  217   35.45789   33.44158  5.69%     -   25s
     0     0   33.44162    0  219   35.45789   33.44162  5.69%     -   25s
H    0     0                      35.2973455   33.44162  5.26%     -   26s
     0     0   33.45518    0  212   35.29735   33.45518  5.22%     -   26s
     0     0   33.45630    0  213   35.29735   33.45630  5.22%     -   26s
     0     0   33.45673    0  216   35.29735   33.45673  5.21%     -   26s
     0     0   33.47062    0  222   35.29735   33.47062  5.18%     -   26s
H    0     0                      35.1409068   33.47062  4.75%     -   26s
     0     0   33.47397    0  216   35.14091   33.47397  4.74%     -   26s
     0     0   33.47423    0  221   35.14091   33.47423  4.74%     -   26s
     0     0   33.49305    0  214   35.14091   33.49305  4.69%     -   28s
     0     0   33.49515    0  215   35.14091   33.49515  4.68%     -   28s
     0     0   33.49637    0  219   35.14091   33.49637  4.68%     -   28s
     0     0   33.49643    0  219   35.14091   33.49643  4.68%     -   28s
     0     0   33.50262    0  214   35.14091   33.50262  4.66%     -   29s
     0     0   33.50444    0  217   35.14091   33.50444  4.66%     -   29s
     0     0   33.50504    0  219   35.14091   33.50504  4.66%     -   29s
     0     0   33.51013    0  161   35.14091   33.51013  4.64%     -   29s
     0     0   33.51960    0  218   35.14091   33.51960  4.61%     -   30s
     0     0   33.52089    0  225   35.14091   33.52089  4.61%     -   30s
     0     0   33.52097    0  232   35.14091   33.52097  4.61%     -   30s
     0     0   33.52486    0  228   35.14091   33.52486  4.60%     -   30s
     0     0   33.52670    0  178   35.14091   33.52670  4.59%     -   30s
     0     0   33.52687    0  176   35.14091   33.52687  4.59%     -   30s
     0     0   33.53818    0  161   35.14091   33.53818  4.56%     -   32s
     0     0   33.54325    0  155   35.14091   33.54325  4.55%     -   33s
     0     0   33.54399    0  160   35.14091   33.54399  4.54%     -   33s
     0     0   33.54616    0  159   35.14091   33.54616  4.54%     -   33s
     0     0   33.54616    0  138   35.14091   33.54616  4.54%     -   34s
     0     0   33.54616    0   37   35.14091   33.54616  4.54%     -   36s
H    0     0                      35.1291926   33.54616  4.51%     -   36s
H    0     0                      35.0662943   33.54616  4.34%     -   36s
     0     0   33.54616    0  157   35.06629   33.54616  4.34%     -   36s
H    0     0                      35.0511207   33.54616  4.29%     -   36s
     0     0   33.54616    0  191   35.05112   33.54616  4.29%     -   36s
     0     0   33.54616    0  155   35.05112   33.54616  4.29%     -   37s
     0     0   33.54616    0  129   35.05112   33.54616  4.29%     -   37s
     0     0   33.54759    0  138   35.05112   33.54759  4.29%     -   37s
     0     0   33.54797    0  136   35.05112   33.54797  4.29%     -   37s
     0     0   33.55046    0  143   35.05112   33.55046  4.28%     -   38s
     0     0   33.55046    0  146   35.05112   33.55046  4.28%     -   38s
     0     0   33.55065    0  149   35.05112   33.55065  4.28%     -   39s
     0     0   33.55087    0  150   35.05112   33.55087  4.28%     -   39s
     0     0   33.55199    0  150   35.05112   33.55199  4.28%     -   39s
     0     0   33.55199    0  150   35.05112   33.55199  4.28%     -   40s
H    0     0                      35.0370326   33.59149  4.13%     -   40s
     0     2   33.59149    0  142   35.03703   33.59149  4.13%     -   41s
H   89   100                      34.6929409   33.83943  2.46%   113   43s
H   90   100                      34.6481696   33.84047  2.33%   113   43s
H  106   108                      34.2664379   33.85045  1.21%   108   44s
   193   157   34.07741   14   47   34.26644   33.87738  1.14%  89.4   45s
H  244   192                      34.0061854   33.87759  0.38%  82.7   46s
H  256   185                      33.9600363   33.89673  0.19%  81.8   46s

Cutting planes:
  Gomory: 32
  Lift-and-project: 7
  Cover: 10
  Implied bound: 73
  Projected implied bound: 11
  Clique: 1
  MIR: 438
  StrongCG: 1
  Flow cover: 679
  Flow path: 2
  GUB cover: 1
  Zero half: 15
  RLT: 72
  Relax-and-lift: 34

Explored 261 nodes (40754 simplex iterations) in 46.48 seconds (9.76 work units)
Thread count was 32 (of 32 available processors)

Solution count 10: 33.96 34.0062 34.2664 ... 35.1409

Optimal solution found (tolerance 5.00e-03)
Best objective 3.396003634623e+01, best bound 3.389673425612e+01, gap 0.1864%
