
Gurobi 9.5.2 (linux64) logging started Mon Aug  3 11:13:30 2026

Set parameter LogFile to value "logs/oracle_RmediumCfewTtight_7__cs90_gurobi.log"
Gurobi Optimizer version 9.5.2 build v9.5.2rc0 (linux64)
Thread count: 16 physical cores, 32 logical processors, using up to 32 threads
Optimize a model with 4001 rows, 2149 columns and 39428 nonzeros
Model fingerprint: 0x8e2a2943
Variable types: 1362 continuous, 787 integer (787 binary)
Coefficient statistics:
  Matrix range     [8e-02, 9e+02]
  Objective range  [1e+00, 1e+00]
  Bounds range     [1e+00, 3e+01]
  RHS range        [4e-02, 5e+02]

User MIP start produced solution with objective 60.5538 (0.02s)
Loaded user MIP start with objective 60.5538

Presolve removed 1468 rows and 504 columns
Presolve time: 0.23s
Presolved: 2533 rows, 1645 columns, 21098 nonzeros
Variable types: 990 continuous, 655 integer (655 binary)
Found heuristic solution: objective 59.5538230
Root relaxation presolve removed 33 rows and 32 columns
Root relaxation presolved: 2500 rows, 1613 columns, 20875 nonzeros

Extra simplex iterations after uncrush: 1

Root relaxation: objective 5.361883e+01, 1774 iterations, 0.11 seconds (0.12 work units)

    Nodes    |    Current Node    |     Objective Bounds      |     Work
 Expl Unexpl |  Obj  Depth IntInf | Incumbent    BestBd   Gap | It/Node Time

     0     0   53.61883    0   52   59.55382   53.61883  10.0%     -    0s
H    0     0                      59.0895869   53.70091  9.12%     -    0s
     0     0   54.56355    0   61   59.08959   54.56355  7.66%     -    0s
     0     0   54.58097    0   56   59.08959   54.58097  7.63%     -    0s
     0     0   54.58112    0   56   59.08959   54.58112  7.63%     -    0s
     0     0   55.22530    0   79   59.08959   55.22530  6.54%     -    0s
     0     0   55.22896    0   79   59.08959   55.22896  6.53%     -    0s
     0     0   55.23051    0   81   59.08959   55.23051  6.53%     -    0s
     0     0   55.23081    0   82   59.08959   55.23081  6.53%     -    0s
     0     0   55.37567    0   79   59.08959   55.37567  6.29%     -    1s
H    0     0                      57.8532888   55.37567  4.28%     -    1s
     0     0   55.38425    0   98   57.85329   55.38425  4.27%     -    1s
     0     0   55.38435    0   99   57.85329   55.38435  4.27%     -    1s
     0     0   55.51320    0  102   57.85329   55.51320  4.04%     -    1s
H    0     0                      56.5752235   55.51320  1.88%     -    1s
     0     0   55.52783    0  105   56.57522   55.52783  1.85%     -    1s
     0     0   55.52783    0  103   56.57522   55.52783  1.85%     -    1s
     0     0   55.52783    0  110   56.57522   55.52783  1.85%     -    1s
     0     0   55.52783    0  110   56.57522   55.52783  1.85%     -    1s
     0     0   55.55526    0  104   56.57522   55.55526  1.80%     -    1s
     0     0   55.55526    0  113   56.57522   55.55526  1.80%     -    1s
     0     0   55.55526    0  107   56.57522   55.55526  1.80%     -    1s
     0     0   55.55526    0  107   56.57522   55.55526  1.80%     -    1s
     0     0   55.57995    0  103   56.57522   55.57995  1.76%     -    2s
H    0     0                      56.0978186   55.57995  0.92%     -    2s
     0     0   55.59071    0  109   56.09782   55.59071  0.90%     -    2s
     0     0   55.59071    0  117   56.09782   55.59071  0.90%     -    2s
     0     0   55.60657    0  111   56.09782   55.60657  0.88%     -    2s
H    0     0                      56.0938141   55.60657  0.87%     -    2s
     0     0   55.60657    0  112   56.09381   55.60657  0.87%     -    2s
     0     0   55.60657    0  114   56.09381   55.60657  0.87%     -    2s
     0     0   55.64038    0  111   56.09381   55.64038  0.81%     -    2s
     0     0   55.64038    0  115   56.09381   55.64038  0.81%     -    3s
     0     0   55.64038    0  113   56.09381   55.64038  0.81%     -    3s
     0     0   55.64038    0  114   56.09381   55.64038  0.81%     -    3s
     0     0   55.64038    0  115   56.09381   55.64038  0.81%     -    3s
     0     0   55.65184    0  109   56.09381   55.65184  0.79%     -    3s
     0     0   55.65187    0  111   56.09381   55.65187  0.79%     -    3s
     0     0   55.65187    0  111   56.09381   55.65187  0.79%     -    3s
     0     0   55.65187    0  111   56.09381   55.65187  0.79%     -    3s
     0     0   55.66815    0   86   56.09381   55.66815  0.76%     -    3s
     0     0   55.66815    0  115   56.09381   55.66815  0.76%     -    3s
     0     0   55.66815    0  115   56.09381   55.66815  0.76%     -    3s
     0     0   55.69297    0  100   56.09381   55.69297  0.71%     -    4s
H    0     0                      56.0126465   55.69297  0.57%     -    4s
     0     0   55.70052    0  105   56.01265   55.70052  0.56%     -    4s
     0     0   55.70267    0  103   56.01265   55.70267  0.55%     -    4s
     0     0   55.73052    0   77   56.01265   55.73052  0.50%     -    4s
     0     0   55.73052    0   62   56.01265   55.73052  0.50%     -    4s
     0     0   55.73052    0   68   56.01265   55.73052  0.50%     -    5s
     0     0   55.73052    0   57   56.01265   55.73052  0.50%     -    5s
     0     0   55.73052    0   69   56.01265   55.73052  0.50%     -    5s
     0     0   55.73052    0   57   56.01265   55.73052  0.50%     -    5s
     0     0   55.73052    0   65   56.01265   55.73052  0.50%     -    5s
     0     0   55.73052    0   95   56.01265   55.73052  0.50%     -    5s
H    0     0                      55.9327347   55.73052  0.36%     -    5s

Cutting planes:
  Learned: 6
  Gomory: 9
  Lift-and-project: 9
  Cover: 22
  Implied bound: 13
  Projected implied bound: 1
  Clique: 3
  MIR: 35
  Flow cover: 48
  RLT: 7
  Relax-and-lift: 3
  PSD: 1

Explored 1 nodes (7059 simplex iterations) in 5.77 seconds (3.31 work units)
Thread count was 32 (of 32 available processors)

Solution count 9: 55.9327 56.0126 56.0938 ... 60.5538

Optimal solution found (tolerance 5.00e-03)
Best objective 5.593273470095e+01, best bound 5.573051989125e+01, gap 0.3615%
