
Gurobi 9.5.2 (linux64) logging started Mon Aug  3 11:17:21 2026

Set parameter LogFile to value "logs/oracle_RshortCmanyTlarge_9__cs90_gurobi.log"
Gurobi Optimizer version 9.5.2 build v9.5.2rc0 (linux64)
Thread count: 16 physical cores, 32 logical processors, using up to 32 threads
Optimize a model with 2289 rows, 1224 columns and 14626 nonzeros
Model fingerprint: 0x0e2fd45f
Variable types: 777 continuous, 447 integer (447 binary)
Coefficient statistics:
  Matrix range     [5e-02, 5e+02]
  Objective range  [1e+00, 1e+00]
  Bounds range     [1e+00, 2e+01]
  RHS range        [2e-02, 5e+02]

User MIP start produced solution with objective 38.3054 (0.01s)
Loaded user MIP start with objective 38.3054

Presolve removed 931 rows and 354 columns
Presolve time: 0.15s
Presolved: 1358 rows, 870 columns, 8915 nonzeros
Variable types: 531 continuous, 339 integer (337 binary)
Root relaxation presolve removed 20 rows and 15 columns
Root relaxation presolved: 1338 rows, 855 columns, 8873 nonzeros


Root relaxation: objective 3.408107e+01, 805 iterations, 0.06 seconds (0.03 work units)

    Nodes    |    Current Node    |     Objective Bounds      |     Work
 Expl Unexpl |  Obj  Depth IntInf | Incumbent    BestBd   Gap | It/Node Time

     0     0   34.09515    0   35   38.30535   34.09515  11.0%     -    0s
H    0     0                      37.4817328   34.09515  9.04%     -    0s
     0     0   34.78960    0   32   37.48173   34.78960  7.18%     -    0s
H    0     0                      37.0433033   34.95248  5.64%     -    0s
     0     0   34.95248    0   52   37.04330   34.95248  5.64%     -    0s
     0     0   34.95680    0   51   37.04330   34.95680  5.63%     -    0s
     0     0   34.95698    0   57   37.04330   34.95698  5.63%     -    0s
H    0     0                      35.7418171   34.95698  2.20%     -    1s
     0     0   35.16010    0   55   35.74182   35.16010  1.63%     -    1s
     0     0   35.16010    0   31   35.74182   35.16010  1.63%     -    1s
     0     0   35.16010    0   39   35.74182   35.16010  1.63%     -    1s
     0     0   35.16010    0   33   35.74182   35.16010  1.63%     -    1s
     0     0   35.16010    0   23   35.74182   35.16010  1.63%     -    2s
     0     0   35.16010    0   32   35.74182   35.16010  1.63%     -    2s
     0     0   35.40508    0   61   35.74182   35.40508  0.94%     -    2s
     0     0   35.42916    0   51   35.74182   35.42916  0.87%     -    2s
     0     0   35.50690    0   68   35.74182   35.50690  0.66%     -    2s
     0     0   35.50690    0   78   35.74182   35.50690  0.66%     -    3s
     0     0   35.50690    0   79   35.74182   35.50690  0.66%     -    3s
     0     0   35.52322    0   59   35.74182   35.52322  0.61%     -    3s
     0     0   35.53160    0   62   35.74182   35.53160  0.59%     -    3s
     0     0   35.56073    0   55   35.74182   35.56073  0.51%     -    3s
     0     0   35.56476    0   54   35.74182   35.56476  0.50%     -    3s

Cutting planes:
  Learned: 3
  Gomory: 3
  Lift-and-project: 6
  Cover: 10
  Implied bound: 21
  Projected implied bound: 1
  Clique: 2
  MIR: 36
  Flow cover: 60
  Zero half: 9
  RLT: 4
  Relax-and-lift: 11

Explored 1 nodes (3620 simplex iterations) in 3.59 seconds (0.64 work units)
Thread count was 32 (of 32 available processors)

Solution count 5: 35.7418 35.7418 37.0433 ... 38.3054

Optimal solution found (tolerance 5.00e-03)
Best objective 3.574181705575e+01, best bound 3.556475933770e+01, gap 0.4954%
