
Gurobi 9.5.2 (linux64) logging started Wed Jul 29 08:48:16 2026

Set parameter LogFile to value "logs/oracle_RmediumCmanyTtight_5_gurobi.log"
Gurobi Optimizer version 9.5.2 build v9.5.2rc0 (linux64)
Thread count: 16 physical cores, 32 logical processors, using up to 32 threads
Optimize a model with 4080 rows, 2348 columns and 14090 nonzeros
Model fingerprint: 0xe664ec23
Variable types: 1467 continuous, 881 integer (881 binary)
Coefficient statistics:
  Matrix range     [3e-02, 9e+02]
  Objective range  [1e+00, 1e+00]
  Bounds range     [1e+00, 1e+00]
  RHS range        [1e-02, 5e+02]
Presolve removed 1326 rows and 506 columns
Presolve time: 0.49s
Presolved: 2754 rows, 1842 columns, 12198 nonzeros
Variable types: 1102 continuous, 740 integer (740 binary)

Root relaxation: objective 4.504980e+01, 2571 iterations, 0.90 seconds (0.10 work units)

    Nodes    |    Current Node    |     Objective Bounds      |     Work
 Expl Unexpl |  Obj  Depth IntInf | Incumbent    BestBd   Gap | It/Node Time

     0     0   45.04980    0  247          -   45.04980      -     -    2s
     0     0   45.43599    0  252          -   45.43599      -     -    3s
     0     0   45.44827    0  252          -   45.44827      -     -    3s
     0     0   45.91494    0  270          -   45.91494      -     -    4s
     0     0   45.96630    0  274          -   45.96630      -     -    5s
     0     0   45.97463    0  279          -   45.97463      -     -    5s
     0     0   45.97570    0  277          -   45.97570      -     -    5s
     0     0   45.97570    0  275          -   45.97570      -     -    5s
     0     0   46.74673    0  243          -   46.74673      -     -    7s
     0     0   46.81421    0  246          -   46.81421      -     -    8s
     0     0   46.81670    0  250          -   46.81670      -     -    8s
     0     0   46.81683    0  248          -   46.81683      -     -    8s
     0     0   47.01302    0  220          -   47.01302      -     -    9s
     0     0   47.05117    0  216          -   47.05117      -     -   10s
     0     0   47.05358    0  223          -   47.05358      -     -   10s
     0     0   47.05508    0  222          -   47.05508      -     -   10s
     0     0   47.05536    0  225          -   47.05536      -     -   10s
     0     0   47.10590    0  231          -   47.10590      -     -   10s
     0     0   47.11057    0  230          -   47.11057      -     -   11s
     0     0   47.11078    0  232          -   47.11078      -     -   11s
     0     0   47.13135    0  238          -   47.13135      -     -   11s
     0     0   47.14018    0  236          -   47.14018      -     -   11s
     0     0   47.14080    0  237          -   47.14080      -     -   11s
     0     0   47.14087    0  235          -   47.14087      -     -   12s
     0     0   47.16571    0  230          -   47.16571      -     -   12s
     0     0   47.17563    0  235          -   47.17563      -     -   12s
     0     0   47.17573    0  237          -   47.17573      -     -   12s
     0     0   47.21846    0  227          -   47.21846      -     -   13s
     0     0   47.23166    0  228          -   47.23166      -     -   13s
     0     0   47.23168    0  230          -   47.23168      -     -   13s
     0     0   47.24650    0  229          -   47.24650      -     -   13s
     0     0   47.24771    0  238          -   47.24771      -     -   14s
     0     0   47.24771    0  238          -   47.24771      -     -   14s
     0     0   47.25460    0  230          -   47.25460      -     -   14s
     0     0   47.25564    0  230          -   47.25564      -     -   15s
     0     0   47.28426    0  222          -   47.28426      -     -   15s
     0     0   47.29037    0  230          -   47.29037      -     -   15s
     0     0   47.29041    0  231          -   47.29041      -     -   15s
     0     0   47.34475    0  249          -   47.34475      -     -   16s
     0     0   47.35084    0  258          -   47.35084      -     -   16s
     0     0   47.35123    0  262          -   47.35123      -     -   16s
     0     0   47.38582    0  229          -   47.38582      -     -   16s
     0     0   47.39355    0  262          -   47.39355      -     -   16s
     0     0   47.39385    0  263          -   47.39385      -     -   16s
     0     0   47.39903    0  266          -   47.39903      -     -   17s
     0     0   47.39904    0  267          -   47.39904      -     -   17s
     0     0   47.40260    0  260          -   47.40260      -     -   17s
     0     0   47.40572    0  265          -   47.40572      -     -   17s
     0     0   47.40588    0  257          -   47.40588      -     -   17s
     0     0   47.41154    0  258          -   47.41154      -     -   18s
     0     0   47.43493    0  258          -   47.43493      -     -   18s
     0     0   47.43741    0  266          -   47.43741      -     -   18s
     0     0   47.43944    0  257          -   47.43944      -     -   18s
     0     0   47.43981    0  258          -   47.43981      -     -   18s
     0     0   47.44011    0  264          -   47.44011      -     -   18s
     0     0   47.44011    0  264          -   47.44011      -     -   18s
     0     0   47.44044    0  267          -   47.44044      -     -   19s
     0     0   47.44052    0  271          -   47.44052      -     -   19s
     0     0   47.44055    0  271          -   47.44055      -     -   19s
H    0     0                     172.6667779   47.44055  72.5%     -   20s
     0     0   47.44055    0  213  172.66678   47.44055  72.5%     -   20s
     0     2   47.44055    0  211  172.66678   47.44055  72.5%     -   21s
H   32    48                      88.5280879   47.52677  46.3%   119   23s
H   33    48                      79.8643092   47.52677  40.5%   116   23s
H   35    48                      69.7233669   47.52677  31.8%   109   23s
H   79    62                      69.6519481   47.52677  31.8%  58.8   24s
H   81    62                      69.6332241   47.52677  31.7%  57.6   24s
H   84    62                      69.5916120   47.52677  31.7%  56.0   24s
H   85    62                      69.4930411   47.52677  31.6%  55.4   24s
H  125   104                      69.3448431   47.52677  31.5%  48.7   24s
H  126   104                      69.2771514   47.52677  31.4%  48.4   24s
H  132   104                      67.3876521   47.52677  29.5%  46.8   24s
H  181   150                      67.1566856   47.52677  29.2%  39.1   27s
H  182   150                      67.1365643   47.52677  29.2%  39.0   27s
H  184   150                      65.6920463   47.52677  27.7%  38.7   27s
H  194   150                      64.8219641   47.52677  26.7%  37.4   27s
H  245   202                      63.0586884   47.52677  24.6%  31.9   30s
H  246   202                      63.0444762   47.52677  24.6%  31.8   30s
H  262   215                      62.9734938   47.52677  24.5%  31.2   41s
H  263   215                      60.8371089   47.52677  21.9%  31.1   41s
H  338   231                      60.6227652   47.52677  21.6%  27.2   44s
H  345   231                      60.6074266   47.52677  21.6%  26.9   44s
H  356   231                      58.0661724   47.52677  18.2%  29.1   44s
H  357   231                      57.4789923   47.52677  17.3%  30.4   44s
H  443   212                      57.3687308   47.52677  17.2%  29.7   46s
H  569   290                      57.2939708   47.52677  17.0%  32.0   49s
   655   296   48.38470   43  161   57.29397   47.52677  17.0%  31.3   51s
H  814   346                      57.2786322   47.52677  17.0%  30.5   54s
   930   421   49.09075   65  185   57.27863   47.52677  17.0%  31.3   58s
   951   430   49.14946   66  190   57.27863   47.52677  17.0%  31.5   79s
H  954   430                      57.1952989   47.52677  16.9%  31.4   79s
   972   416   49.17809   67  182   57.19530   47.52677  16.9%  32.1   82s
  1234   395   52.80366   87  183   57.19530   47.52677  16.9%  30.8   87s
  1857   622   48.78774   59  191   57.19530   47.64516  16.7%  36.0   90s
  3161   909   48.54418   46  188   57.19530   47.76798  16.5%  45.0   95s
  4220  1152   56.33937   15  213   57.19530   48.08787  15.9%  47.8  112s
  4222  1153   51.02533   45  227   57.19530   48.08787  15.9%  47.7  115s
  4229  1158   57.17257   21  146   57.19530   48.22676  15.7%  47.7  122s
  4234  1161   56.15652   20  212   57.19530   48.89060  14.5%  47.6  125s
  4241  1166   56.73551   27  150   57.19530   49.45461  13.5%  47.5  130s
  4246  1169   56.81590   17  143   57.19530   49.46169  13.5%  47.5  135s
  4248  1174   49.53618   13  131   57.19530   49.53618  13.4%  50.0  142s
  4250  1175   49.53618   14  120   57.19530   49.53618  13.4%  50.0  145s
  4269  1184   49.54939   17  139   57.19530   49.53618  13.4%  50.2  150s
  4337  1212   49.60390   20  168   57.19530   49.60390  13.3%  50.9  157s
  4401  1236   49.61037   21  127   57.19530   49.61037  13.3%  51.1  164s
  4433  1259   49.61199   22  131   57.19530   49.61199  13.3%  51.3  165s
  4693  1263   56.86427   25   99   57.19530   49.68619  13.1%  50.6  172s
  5536  1373     cutoff   46        57.19530   49.70881  13.1%  49.8  175s
  6516  1497   51.85773   43  117   57.19530   49.72778  13.1%  47.4  183s
  6563  1499   51.85832   44  115   57.19530   49.72778  13.1%  47.5  208s
H 6564  1440                      57.1952989   49.72778  13.1%  47.5  208s
  6606  1451   51.85834   45  116   57.19530   49.72778  13.1%  47.5  212s
  6853  1507   52.82010   49  111   57.19530   49.72778  13.1%  47.3  219s
  7132  1661     cutoff   51        57.19530   49.77050  13.0%  46.7  220s
  8574  2009   55.77620   74   76   57.19530   49.96190  12.6%  46.4  225s
 10049  2479   53.45038   53   84   57.19530   50.16818  12.3%  46.8  230s
 12335  2619   53.25676   46  161   57.19530   52.66782  7.92%  47.2  235s
 14871  2060   55.65389   68   72   57.19530   53.49899  6.46%  46.4  241s
 17050   917   56.51731   65   78   57.19530   54.95391  3.92%  45.6  245s
 19891   266   56.92206   25   96   57.19530   56.69073  0.88%  45.5  257s

Cutting planes:
  Learned: 3
  Gomory: 64
  Cover: 85
  Implied bound: 116
  Projected implied bound: 15
  Clique: 6
  MIR: 154
  StrongCG: 1
  Flow cover: 275
  Inf proof: 5
  Network: 1
  RLT: 42
  Relax-and-lift: 42

Explored 20737 nodes (935576 simplex iterations) in 258.61 seconds (26.34 work units)
Thread count was 32 (of 32 available processors)

Solution count 10: 57.1953 57.1953 57.1953 ... 60.6228

Optimal solution found (tolerance 5.00e-03)
Best objective 5.719529888734e+01, best bound 5.696744557201e+01, gap 0.3984%
