
Gurobi 9.5.2 (linux64) logging started Mon Aug  3 12:45:52 2026

Set parameter LogFile to value "logs/oracle_RshortCmanyTtight_5__kw150_gurobi.log"
Gurobi Optimizer version 9.5.2 build v9.5.2rc0 (linux64)
Thread count: 16 physical cores, 32 logical processors, using up to 32 threads
Optimize a model with 2441 rows, 1323 columns and 15244 nonzeros
Model fingerprint: 0x1b917a77
Variable types: 827 continuous, 496 integer (496 binary)
Coefficient statistics:
  Matrix range     [5e-02, 5e+02]
  Objective range  [1e+00, 1e+00]
  Bounds range     [1e+00, 2e+01]
  RHS range        [1e-02, 5e+02]

User MIP start produced solution with objective 47.2359 (0.01s)
Loaded user MIP start with objective 47.2359

Presolve removed 942 rows and 365 columns
Presolve time: 0.19s
Presolved: 1499 rows, 958 columns, 9318 nonzeros
Variable types: 584 continuous, 374 integer (372 binary)
Root relaxation presolve removed 25 rows and 25 columns
Root relaxation presolved: 1474 rows, 933 columns, 9268 nonzeros


Root relaxation: objective 3.567507e+01, 945 iterations, 0.14 seconds (0.03 work units)

    Nodes    |    Current Node    |     Objective Bounds      |     Work
 Expl Unexpl |  Obj  Depth IntInf | Incumbent    BestBd   Gap | It/Node Time

     0     0   35.67507    0   80   47.23591   35.67507  24.5%     -    0s
H    0     0                      47.2094977   35.67507  24.4%     -    1s
     0     0   36.03082    0   50   47.20950   36.03082  23.7%     -    1s
H    0     0                      40.9008556   36.29954  11.2%     -    1s
     0     0   36.29954    0  111   40.90086   36.29954  11.2%     -    1s
     0     0   36.31688    0  116   40.90086   36.31688  11.2%     -    1s
     0     0   36.32335    0  103   40.90086   36.32335  11.2%     -    1s
     0     0   36.32608    0   99   40.90086   36.32608  11.2%     -    1s
     0     0   36.32608    0  100   40.90086   36.32608  11.2%     -    1s
     0     0   36.66712    0   53   40.90086   36.66712  10.4%     -    2s
H    0     0                      38.5393785   36.66712  4.86%     -    2s
     0     0   36.78197    0   66   38.53938   36.78197  4.56%     -    2s
     0     0   36.80234    0   59   38.53938   36.80234  4.51%     -    2s
     0     0   36.80423    0   60   38.53938   36.80423  4.50%     -    3s
     0     0   36.80444    0   59   38.53938   36.80444  4.50%     -    3s
     0     0   37.02173    0   60   38.53938   37.02173  3.94%     -    3s
     0     0   37.05628    0   55   38.53938   37.05628  3.85%     -    3s
     0     0   37.06462    0   53   38.53938   37.06462  3.83%     -    3s
     0     0   37.06513    0   52   38.53938   37.06513  3.83%     -    3s
     0     0   37.06514    0   65   38.53938   37.06514  3.83%     -    3s
     0     0   37.21603    0   59   38.53938   37.21603  3.43%     -    4s
     0     0   37.22059    0   63   38.53938   37.22059  3.42%     -    4s
     0     0   37.22059    0   65   38.53938   37.22059  3.42%     -    4s
     0     0   37.34496    0   32   38.53938   37.34496  3.10%     -    5s
     0     0   37.35122    0   33   38.53938   37.35122  3.08%     -    5s
     0     0   37.35122    0   33   38.53938   37.35122  3.08%     -    5s
     0     0   37.35561    0   47   38.53938   37.35561  3.07%     -    5s
     0     0   37.35604    0   59   38.53938   37.35604  3.07%     -    6s
     0     0   37.36181    0   44   38.53938   37.36181  3.06%     -    6s
     0     0   37.36580    0   41   38.53938   37.36580  3.05%     -    6s
     0     0   37.36581    0   42   38.53938   37.36581  3.05%     -    6s
     0     0   37.37080    0   38   38.53938   37.37080  3.03%     -    6s
     0     0   37.37080    0   36   38.53938   37.37080  3.03%     -    6s
     0     0   37.37147    0   48   38.53938   37.37147  3.03%     -    7s
     0     0   37.37147    0   45   38.53938   37.37147  3.03%     -    7s
H    0     0                      37.4656598   37.37147  0.25%     -    7s

Cutting planes:
  Learned: 5
  Gomory: 3
  Lift-and-project: 13
  Cover: 14
  Implied bound: 36
  Clique: 3
  MIR: 61
  StrongCG: 3
  Flow cover: 123
  Flow path: 1
  GUB cover: 5
  Zero half: 6
  Network: 1
  RLT: 2
  Relax-and-lift: 10

Explored 1 nodes (2807 simplex iterations) in 7.78 seconds (1.12 work units)
Thread count was 32 (of 32 available processors)

Solution count 5: 37.4657 38.5394 40.9009 ... 47.2359

Optimal solution found (tolerance 5.00e-03)
Best objective 3.746565975484e+01, best bound 3.737237470629e+01, gap 0.2490%
