
Gurobi 9.5.2 (linux64) logging started Wed Jul 29 12:38:56 2026

Set parameter LogFile to value "logs/oracle_RmediumCmediumTmedium_24_gurobi.log"
Gurobi Optimizer version 9.5.2 build v9.5.2rc0 (linux64)
Thread count: 16 physical cores, 32 logical processors, using up to 32 threads
Optimize a model with 4793 rows, 2762 columns and 16639 nonzeros
Model fingerprint: 0x2f02d912
Variable types: 1727 continuous, 1035 integer (1035 binary)
Coefficient statistics:
  Matrix range     [3e-02, 1e+03]
  Objective range  [1e+00, 1e+00]
  Bounds range     [1e+00, 1e+00]
  RHS range        [6e-03, 5e+02]
Presolve removed 1524 rows and 566 columns
Presolve time: 0.53s
Presolved: 3269 rows, 2196 columns, 14535 nonzeros
Variable types: 1314 continuous, 882 integer (882 binary)

Root relaxation: objective 5.165411e+01, 3230 iterations, 1.40 seconds (0.14 work units)

    Nodes    |    Current Node    |     Objective Bounds      |     Work
 Expl Unexpl |  Obj  Depth IntInf | Incumbent    BestBd   Gap | It/Node Time

     0     0   51.65583    0  308          -   51.65583      -     -    2s
     0     0   52.81081    0  272          -   52.81081      -     -    4s
     0     0   52.82503    0  270          -   52.82503      -     -    5s
     0     0   53.49285    0  308          -   53.49285      -     -    6s
     0     0   53.51978    0  303          -   53.51978      -     -    6s
     0     0   53.52155    0  305          -   53.52155      -     -    6s
     0     0   53.52166    0  305          -   53.52166      -     -    6s
     0     0   54.04218    0  296          -   54.04218      -     -    8s
     0     0   54.15423    0  294          -   54.15423      -     -    9s
     0     0   54.17176    0  307          -   54.17176      -     -    9s
     0     0   54.17342    0  308          -   54.17342      -     -    9s
     0     0   54.17347    0  308          -   54.17347      -     -    9s
H    0     0                     111.5568858   54.17347  51.4%     -   10s
     0     0   54.50303    0  257  111.55689   54.50303  51.1%     -   10s
H    0     0                     102.1136991   54.54150  46.6%     -   10s
     0     0   54.54150    0  263  102.11370   54.54150  46.6%     -   10s
     0     0   54.54989    0  284  102.11370   54.54989  46.6%     -   11s
     0     0   54.55193    0  280  102.11370   54.55193  46.6%     -   11s
     0     0   54.55195    0  281  102.11370   54.55195  46.6%     -   11s
     0     0   54.60286    0  285  102.11370   54.60286  46.5%     -   11s
     0     0   54.62318    0  285  102.11370   54.62318  46.5%     -   11s
     0     0   54.62378    0  284  102.11370   54.62378  46.5%     -   11s
     0     0   54.68610    0  286  102.11370   54.68610  46.4%     -   12s
     0     0   54.68786    0  287  102.11370   54.68786  46.4%     -   12s
     0     0   54.68930    0  287  102.11370   54.68930  46.4%     -   12s
     0     0   54.68967    0  288  102.11370   54.68967  46.4%     -   12s
     0     0   54.72717    0  285  102.11370   54.72717  46.4%     -   12s
     0     0   54.73264    0  286  102.11370   54.73264  46.4%     -   13s
     0     0   54.73874    0  288  102.11370   54.73874  46.4%     -   13s
     0     0   54.74046    0  288  102.11370   54.74046  46.4%     -   13s
     0     0   54.74046    0  288  102.11370   54.74046  46.4%     -   13s
     0     0   54.74140    0  287  102.11370   54.74140  46.4%     -   13s
     0     0   54.74299    0  287  102.11370   54.74299  46.4%     -   13s
     0     0   54.78654    0  285  102.11370   54.78654  46.3%     -   14s
     0     0   54.79746    0  290  102.11370   54.79746  46.3%     -   14s
     0     0   54.79821    0  291  102.11370   54.79821  46.3%     -   14s
     0     0   54.79950    0  290  102.11370   54.79950  46.3%     -   14s
     0     0   54.79971    0  292  102.11370   54.79971  46.3%     -   15s
     0     0   54.80142    0  292  102.11370   54.80142  46.3%     -   15s
     0     0   54.80142    0  292  102.11370   54.80142  46.3%     -   15s
     0     0   54.80142    0  293  102.11370   54.80142  46.3%     -   16s
H    0     0                      93.3468254   54.80142  41.3%     -   16s
     0     0   54.80142    0  278   93.34683   54.80142  41.3%     -   16s
     0     2   54.80142    0  258   93.34683   54.80142  41.3%     -   19s
     3     8   54.81475    2  223   93.34683   54.81475  41.3%   170   20s
H   37    48                      86.2229064   54.82043  36.4%   120   21s
H   79    96                      76.0042515   54.82369  27.9%  81.6   23s
H   83    96                      75.9501354   54.82369  27.8%  79.4   23s
H   87    96                      75.9459426   54.82369  27.8%  77.3   23s
H  127   144                      73.9549229   54.82369  25.9%  66.8   25s
H  130   144                      73.8530866   54.82401  25.8%  66.4   25s
H  131   144                      71.1375139   54.82401  22.9%  66.2   25s
H  174   187                      70.8956159   54.82558  22.7%  58.3   38s
H  175   187                      62.7771877   54.82558  12.7%  58.1   38s
H  235   178                      62.0919393   54.82558  11.7%  46.5   43s
H  248   178                      62.0661508   54.82558  11.7%  46.6   43s
   309   214   58.56712   18  230   62.06615   54.82558  11.7%  43.5   48s
H  321   214                      62.0287876   54.82558  11.6%  42.4   48s
   404   257   58.56712   24  230   62.02879   54.82558  11.6%  36.5   54s
   426   305   58.56712   25  230   62.02879   54.82558  11.6%  35.6   55s
H  562   321                      62.0118062   54.82558  11.6%  29.2   58s
   668   336   61.32456   35  109   62.01181   54.82674  11.6%  26.4   66s
   743   367   61.49892   39   76   62.01181   54.82674  11.6%  26.0   74s
   952   563   59.53091    9  210   62.01181   54.82949  11.6%  26.4   75s
  1373   858   61.24040   21  140   62.01181   54.82949  11.6%  25.7   80s
  1517   862     cutoff   26        62.01181   54.82949  11.6%  25.8  104s
H 1518   862                      61.9054985   54.82949  11.4%  25.8  104s
H 1522   862                      61.8938095   54.82949  11.4%  25.9  104s
  1536   885   61.67435   26  108   61.89381   54.88476  11.3%  26.3  105s
  2631  1202   60.98013   38  278   61.89381   54.91139  11.3%  31.4  121s
  2633  1203   58.40435   18  306   61.89381   54.91139  11.3%  31.3  126s
  2634  1204   59.41272   44  219   61.89381   54.91139  11.3%  31.3  130s
  2646  1212   61.15057   22  165   61.89381   56.27164  9.08%  31.2  136s
  2652  1216   58.37382   14  158   61.89381   56.50152  8.71%  31.1  140s
  2661  1222   59.75020   32  264   61.89381   56.73997  8.33%  31.0  146s
  2666  1225   61.68747   50  243   61.89381   56.83780  8.17%  30.9  151s
  2675  1231   60.97271   39  261   61.89381   56.92440  8.03%  30.8  155s
  2682  1236   60.23475   34  315   61.89381   56.97955  7.94%  30.8  160s
  2684  1237   61.15057   22  288   61.89381   57.07669  7.78%  30.7  165s
  2691  1242   61.37897   33  285   61.89381   57.15453  7.66%  30.7  170s
  2697  1246   60.93224   19  263   61.89381   57.16968  7.63%  30.6  175s
  2703  1250   61.42492   45  274   61.89381   57.18942  7.60%  30.5  181s
  2706  1252   59.71363   32  281   61.89381   57.19495  7.59%  30.5  185s
  2709  1254   60.66184   47  249   61.89381   57.21173  7.56%  30.5  190s
  2716  1259   59.67101   24  249   61.89381   57.22919  7.54%  30.4  195s
  2722  1263   60.92710   27  254   61.89381   57.23482  7.53%  30.3  200s
  2726  1266   60.41961   44  273   61.89381   57.23482  7.53%  39.6  208s
  2727  1267   61.17297   39  168   61.89381   57.23482  7.53%  39.6  211s
  2735  1272   59.48522   44  161   61.89381   57.39065  7.28%  39.5  216s
  2743  1278   59.59278   12  181   61.89381   59.59278  3.72%  39.4  220s
H 2750  1217                      61.8938095   59.79938  3.38%  39.3  224s
  2752  1219   59.81953   14  211   61.89381   59.81953  3.35%  39.3  225s
  2758  1223   60.33975   39  154   61.89381   60.33975  2.51%  39.2  230s
  2768  1229   61.51022   23  146   61.89381   61.51022  0.62%  39.0  236s
  2775  1235   61.51679   39   40   61.89381   61.51679  0.61%  44.7  241s
  2782  1240   61.52192   34   80   61.89381   61.52192  0.60%  44.5  246s
  2790  1245   61.53322   19   96   61.89381   61.53322  0.58%  44.4  250s
  2797  1250   61.53473   19   93   61.89381   61.53473  0.58%  44.3  255s
  2802  1253   61.54062   33   82   61.89381   61.54062  0.57%  44.2  260s
  2807  1258   61.54215   46   86   61.89381   61.54215  0.57%  47.9  265s

Cutting planes:
  Learned: 3
  Gomory: 13
  Cover: 24
  Implied bound: 16
  Projected implied bound: 1
  Clique: 1
  MIR: 49
  Flow cover: 113
  Flow path: 1
  GUB cover: 1
  RLT: 10
  Relax-and-lift: 10

Explored 2816 nodes (141457 simplex iterations) in 266.75 seconds (21.82 work units)
Thread count was 32 (of 32 available processors)

Solution count 10: 61.8938 61.8938 61.8938 ... 62.0919

Optimal solution found (tolerance 5.00e-03)
Best objective 6.189380949603e+01, best bound 6.161397489189e+01, gap 0.4521%
