
Gurobi 9.5.2 (linux64) logging started Tue Jul 28 15:51:47 2026

Set parameter LogFile to value "logs/oracle_RmediumCfewTlarge_49_gurobi.log"
Gurobi Optimizer version 9.5.2 build v9.5.2rc0 (linux64)
Thread count: 16 physical cores, 32 logical processors, using up to 32 threads
Optimize a model with 4637 rows, 2672 columns and 16116 nonzeros
Model fingerprint: 0x91f2cb55
Variable types: 1672 continuous, 1000 integer (1000 binary)
Coefficient statistics:
  Matrix range     [3e-02, 1e+03]
  Objective range  [1e+00, 1e+00]
  Bounds range     [1e+00, 1e+00]
  RHS range        [2e-01, 5e+02]
Presolve removed 1474 rows and 550 columns
Presolve time: 0.23s
Presolved: 3163 rows, 2122 columns, 14108 nonzeros
Variable types: 1269 continuous, 853 integer (853 binary)

Root relaxation: objective 4.940066e+01, 3406 iterations, 0.52 seconds (0.15 work units)

    Nodes    |    Current Node    |     Objective Bounds      |     Work
 Expl Unexpl |  Obj  Depth IntInf | Incumbent    BestBd   Gap | It/Node Time

     0     0   49.40066    0  282          -   49.40066      -     -    1s
     0     0   50.11269    0  293          -   50.11269      -     -    1s
     0     0   50.17551    0  290          -   50.17551      -     -    2s
     0     0   50.17595    0  291          -   50.17595      -     -    2s
     0     0   50.17595    0  292          -   50.17595      -     -    2s
     0     0   50.90108    0  311          -   50.90108      -     -    3s
     0     0   50.96715    0  308          -   50.96715      -     -    3s
     0     0   50.99708    0  290          -   50.99708      -     -    3s
     0     0   50.99723    0  288          -   50.99723      -     -    4s
     0     0   51.74667    0  278          -   51.74667      -     -    5s
     0     0   51.83419    0  288          -   51.83419      -     -    5s
     0     0   51.85224    0  283          -   51.85224      -     -    5s
     0     0   51.85229    0  282          -   51.85229      -     -    5s
H    0     0                      87.7098770   52.26082  40.4%     -    6s
     0     0   52.26082    0  297   87.70988   52.26082  40.4%     -    6s
     0     0   52.31007    0  301   87.70988   52.31007  40.4%     -    6s
     0     0   52.31223    0  296   87.70988   52.31223  40.4%     -    6s
     0     0   52.31250    0  296   87.70988   52.31250  40.4%     -    6s
     0     0   52.38939    0  294   87.70988   52.38939  40.3%     -    7s
     0     0   52.40121    0  307   87.70988   52.40121  40.3%     -    7s
     0     0   52.40480    0  320   87.70988   52.40480  40.3%     -    7s
     0     0   52.40480    0  317   87.70988   52.40480  40.3%     -    7s
     0     0   52.42332    0  311   87.70988   52.42332  40.2%     -    8s
     0     0   52.43263    0  308   87.70988   52.43263  40.2%     -    8s
     0     0   52.43357    0  307   87.70988   52.43357  40.2%     -    8s
     0     0   52.43392    0  304   87.70988   52.43392  40.2%     -    8s
     0     0   52.44999    0  300   87.70988   52.44999  40.2%     -    8s
     0     0   52.45273    0  302   87.70988   52.45273  40.2%     -    9s
     0     0   52.45273    0  301   87.70988   52.45273  40.2%     -    9s
     0     0   52.46506    0  302   87.70988   52.46506  40.2%     -    9s
     0     0   52.47237    0  302   87.70988   52.47237  40.2%     -   10s
     0     0   52.47249    0  302   87.70988   52.47249  40.2%     -   10s
     0     0   52.47637    0  303   87.70988   52.47637  40.2%     -   10s
     0     0   52.47783    0  296   87.70988   52.47783  40.2%     -   10s
     0     0   52.47850    0  303   87.70988   52.47850  40.2%     -   10s
     0     0   52.48388    0  290   87.70988   52.48388  40.2%     -   11s
     0     0   52.48462    0  294   87.70988   52.48462  40.2%     -   11s
     0     0   52.50249    0  282   87.70988   52.50249  40.1%     -   11s
     0     0   52.50639    0  286   87.70988   52.50639  40.1%     -   12s
     0     0   52.50671    0  283   87.70988   52.50671  40.1%     -   12s
     0     0   52.52522    0  280   87.70988   52.52522  40.1%     -   12s
     0     0   52.52826    0  286   87.70988   52.52826  40.1%     -   12s
     0     0   52.52837    0  282   87.70988   52.52837  40.1%     -   12s
     0     0   52.54578    0  267   87.70988   52.54578  40.1%     -   13s
     0     0   52.54921    0  285   87.70988   52.54921  40.1%     -   13s
     0     0   52.55005    0  288   87.70988   52.55005  40.1%     -   13s
     0     0   52.55547    0  285   87.70988   52.55547  40.1%     -   13s
     0     0   52.55666    0  283   87.70988   52.55666  40.1%     -   14s
     0     0   52.55689    0  283   87.70988   52.55689  40.1%     -   14s
     0     0   52.55825    0  288   87.70988   52.55825  40.1%     -   14s
     0     0   52.55827    0  290   87.70988   52.55827  40.1%     -   14s
     0     0   52.56576    0  285   87.70988   52.56576  40.1%     -   15s
     0     0   52.56576    0  279   87.70988   52.56576  40.1%     -   15s
H    0     0                      86.9823547   52.56576  39.6%     -   17s
     0     2   52.56576    0  271   86.98235   52.56576  39.6%     -   18s
H   39    48                      86.7859619   52.56993  39.4%   104   19s
H   46    48                      85.4684426   52.56993  38.5%  98.5   19s
    47    64   52.57992    6  290   85.46844   52.56993  38.5%  98.3   20s
H   79    96                      84.9870994   52.56993  38.1%  73.2   21s
H  127   144                      84.9269617   52.56993  38.1%  60.8   25s
H  127   144                      84.6978343   52.56993  37.9%  60.8   25s
H  128   144                      72.9595876   52.56993  27.9%  61.0   25s
H  133   144                      71.1713132   52.56993  26.1%  60.1   25s
H  175   190                      71.0926152   52.56993  26.1%  53.5   26s
H  177   190                      70.2007032   52.56993  25.1%  53.0   26s
H  178   190                      70.1973349   52.56993  25.1%  52.9   26s
H  182   190                      61.8345316   52.56993  15.0%  52.6   26s
H  189   190                      61.5263089   52.56993  14.6%  51.4   26s
H  240   230                      60.8080044   52.56993  13.5%  44.9   29s
H  242   230                      60.6953125   52.56993  13.4%  45.0   30s
H  244   230                      60.5207964   52.56993  13.1%  44.7   30s
H  256   230                      60.4426731   52.56993  13.0%  45.8   30s
H  257   231                      60.2013465   52.56993  12.7%  46.2   39s
H  258   231                      59.8976022   52.56993  12.2%  46.1   39s
H  260   231                      59.8063897   52.56993  12.1%  45.9   39s
   286   235   52.65094   20  249   59.80639   52.56993  12.1%  44.2   40s
H  288   235                      59.8063897   52.56993  12.1%  43.9   40s
H  306   235                      59.7823062   52.56993  12.1%  42.5   40s
H  375   266                      59.7823062   52.56993  12.1%  40.5   42s
H  439   309                      59.7823062   52.56993  12.1%  38.8   44s
   546   373   52.98841   35  260   59.78231   52.56993  12.1%  36.8   47s
   672   420   52.99751   44  263   59.78231   52.56993  12.1%  34.9   50s
   956   565   53.03000   64  262   59.78231   52.56993  12.1%  33.8   57s
  1031   583   53.03051   67  262   59.78231   52.56993  12.1%  34.1   62s
  1057   577   53.08504   68  262   59.78231   52.56993  12.1%  33.9   79s
  1095   589   53.15859   69  262   59.78231   52.56993  12.1%  33.6   82s
  1315   652   53.17181   84  262   59.78231   52.56993  12.1%  32.7   85s
  1752   842   52.93872   25  244   59.78231   52.58483  12.0%  33.2   90s
H 2036   905                      59.7823060   52.58483  12.0%  33.4   93s
  2274  1058   53.18232   75  251   59.78231   52.58483  12.0%  33.0   96s
H 2478  1083                      59.7823058   52.60293  12.0%  32.1   99s
  2603  1069     cutoff   54        59.78231   52.60293  12.0%  32.1  103s
  2668  1107   59.77441   39  206   59.78231   52.61871  12.0%  32.1  105s
  3033  1143   59.41164   31  186   59.78231   52.62285  12.0%  31.9  111s
  3392  1216     cutoff   48        59.78231   52.62414  12.0%  31.9  117s
  4835  1632   57.67862   37  228   59.78231   52.80570  11.7%  34.0  120s
  5153  1633   58.94930   30  279   59.78231   52.80570  11.7%  34.6  130s
  5156  1635   59.20356   23  279   59.78231   52.80570  11.7%  34.6  136s
  5161  1638   56.32565   30  289   59.78231   53.47767  10.5%  34.6  141s
  5166  1642   58.87049   37  153   59.78231   53.96151  9.74%  34.6  145s
  5174  1647   55.02619   29  235   59.78231   54.24519  9.26%  34.5  150s
  5178  1650   58.50284   34  174   59.78231   54.26008  9.24%  34.5  155s
  5185  1654   54.34668   32  199   59.78231   54.30325  9.17%  34.4  161s
  5194  1660   58.84152   29  190   59.78231   54.39831  9.01%  34.4  165s
  5203  1666   57.81129   21  219   59.78231   54.46085  8.90%  34.3  170s
  5211  1672   58.73055   46  209   59.78231   54.96655  8.06%  34.3  175s
  5219  1677   58.08270   17  224   59.78231   55.01021  7.98%  34.2  180s
  5226  1682   59.36838   30  213   59.78231   55.05346  7.91%  34.2  186s
  5232  1686   55.65068   42  141   59.78231   55.65068  6.91%  34.1  191s
  5239  1690   58.04443   20  246   59.78231   55.95988  6.39%  34.1  195s
  5249  1697   59.07298   45  224   59.78231   56.22579  5.95%  34.0  201s
  5258  1703   58.36581   33  137   59.78231   56.91839  4.79%  34.0  205s
  5267  1710   59.30142   30   30   59.78231   59.30142  0.80%  39.8  211s
  5270  1712   59.30142   79   24   59.78231   59.30142  0.80%  39.8  216s
  5274  1715   59.30142   29   49   59.78231   59.30142  0.80%  39.7  221s
  5278  1718   59.31359   34   73   59.78231   59.31359  0.78%  39.7  225s
  5284  1721   59.39080   32   92   59.78231   59.34134  0.74%  42.4  231s
  5351  1746   59.47543   40  142   59.78231   59.41515  0.61%  42.6  235s
  5448  1755   59.72735   43  125   59.78231   59.42723  0.59%  42.5  248s
H 5480  1657                      59.7823058   59.42723  0.59%  42.4  248s
  6021  1421   59.73466   53   20   59.78231   59.42723  0.59%  41.2  250s

Cutting planes:
  Learned: 1
  Gomory: 28
  Cover: 33
  Implied bound: 36
  Projected implied bound: 3
  Clique: 2
  MIR: 84
  StrongCG: 1
  Flow cover: 185
  Flow path: 1
  Inf proof: 3
  Zero half: 1
  Network: 1
  RLT: 15
  Relax-and-lift: 18

Explored 6196 nodes (261404 simplex iterations) in 250.42 seconds (28.94 work units)
Thread count was 32 (of 32 available processors)

Solution count 10: 59.7823 59.7823 59.7823 ... 59.8064

Optimal solution found (tolerance 5.00e-03)
Best objective 5.978230577879e+01, best bound 5.961874451457e+01, gap 0.2736%
