
Gurobi 9.5.2 (linux64) logging started Wed Aug 12 00:10:52 2026

Set parameter LogFile to value "/mnt/beegfs/users/celinep/ChargeAndBreak/logs/oracle_RlongCfewTtight_20__kw150_gurobi.log"
Gurobi Optimizer version 9.5.2 build v9.5.2rc0 (linux64)
Thread count: 16 physical cores, 32 logical processors, using up to 32 threads
Optimize a model with 8000 rows, 4218 columns and 126303 nonzeros
Model fingerprint: 0x62ad14f0
Variable types: 2663 continuous, 1555 integer (1555 binary)
Coefficient statistics:
  Matrix range     [2e-02, 2e+03]
  Objective range  [5e-01, 1e+00]
  Bounds range     [1e+00, 5e+01]
  RHS range        [4e-02, 5e+02]

User MIP start did not produce a new incumbent solution

Presolve removed 2496 rows and 796 columns
Presolve time: 1.16s
Presolved: 5504 rows, 3422 columns, 113961 nonzeros
Variable types: 2051 continuous, 1371 integer (1371 binary)
Found heuristic solution: objective 1721.8106359
Root relaxation presolve removed 156 rows and 99 columns
Root relaxation presolved: 5348 rows, 3323 columns, 86812 nonzeros


Root relaxation: objective 1.079257e+02, 3617 iterations, 0.89 seconds (0.61 work units)
Another try with MIP start

    Nodes    |    Current Node    |     Objective Bounds      |     Work
 Expl Unexpl |  Obj  Depth IntInf | Incumbent    BestBd   Gap | It/Node Time

     0     0  107.92573    0   70 1721.81064  107.92573  93.7%     -    3s
     0     0  108.11038    0   85 1721.81064  108.11038  93.7%     -    4s
H    0     0                     172.6768016  108.11038  37.4%     -    4s
H    0     0                     149.9507374  108.21511  27.8%     -    5s
     0     0  108.21511    0  125  149.95074  108.21511  27.8%     -    5s
     0     0  108.22553    0  132  149.95074  108.22553  27.8%     -    5s
H    0     0                     140.5905186  108.26483  23.0%     -    6s
     0     0  108.26483    0  163  140.59052  108.26483  23.0%     -    6s
     0     0  108.27008    0  176  140.59052  108.27008  23.0%     -    6s
     0     0  108.29579    0  175  140.59052  108.29579  23.0%     -    7s
     0     0  108.29715    0  165  140.59052  108.29715  23.0%     -    8s
     0     0  108.30866    0  180  140.59052  108.30866  23.0%     -    9s
H    0     0                     137.1631060  108.30866  21.0%     -    9s
     0     0  108.31055    0  190  137.16311  108.31055  21.0%     -    9s
     0     0  108.43032    0  199  137.16311  108.43032  20.9%     -   11s
     0     0  108.48843    0  210  137.16311  108.48843  20.9%     -   12s
     0     0  108.69382    0  119  137.16311  108.69382  20.8%     -   13s
     0     0  108.72451    0  120  137.16311  108.72451  20.7%     -   13s
     0     0  108.72463    0  126  137.16311  108.72463  20.7%     -   13s
     0     0  108.73108    0  180  137.16311  108.73108  20.7%     -   15s
     0     0  108.73359    0  183  137.16311  108.73359  20.7%     -   15s
     0     0  108.73373    0  191  137.16311  108.73373  20.7%     -   15s
     0     0  108.73392    0  148  137.16311  108.73392  20.7%     -   16s
     0     0  108.73392    0  190  137.16311  108.73392  20.7%     -   16s
     0     0  108.73594    0  174  137.16311  108.73594  20.7%     -   18s
     0     0  108.73594    0  176  137.16311  108.73594  20.7%     -   18s
     0     0  108.73769    0  173  137.16311  108.73769  20.7%     -   19s
     0     0  108.73868    0  154  137.16311  108.73868  20.7%     -   20s
     0     0  108.73868    0  149  137.16311  108.73868  20.7%     -   20s
     0     0  108.73868    0  168  137.16311  108.73868  20.7%     -   21s
     0     0  108.73868    0  170  137.16311  108.73868  20.7%     -   21s
     0     0  108.73968    0  157  137.16311  108.73968  20.7%     -   23s
     0     0  108.73968    0  137  137.16311  108.73968  20.7%     -   23s
     0     2  108.73968    0  131  137.16311  108.73968  20.7%     -   24s
     1     4  108.73968    1  131  137.16311  108.73968  20.7%   231   25s
H   23    32                     136.6499924  108.74025  20.4%   388   28s
H   42    48                     125.9018858  108.74100  13.6%   387   29s
H   44    48                     124.9536181  108.74100  13.0%   386   29s
    47    64  112.57026    6  215  124.95362  108.74292  13.0%   404   30s
H   79    96                     124.7477693  108.74809  12.8%   387   33s
H   80    96                     124.6644359  108.74809  12.8%   396   33s
   128   145  108.77415   11  214  124.66444  108.77390  12.7%   401   36s
H  130   145                     124.2973587  108.77632  12.5%   405   36s
H  183   201                     124.2447031  108.80157  12.4%   400   38s
H  189   201                     124.1841727  108.80425  12.4%   404   38s
   243   260  108.85383   17  216  124.18417  108.85383  12.3%   395   43s
H  246   260                     124.0479497  108.85536  12.2%   396   43s
H  292   313                     123.9953297  108.87150  12.2%   395   45s
   523   561  108.90057   34  149  123.99533  108.90057  12.2%   361   50s
H  717   736                     113.4428109  108.91002  4.00%   350   54s
   739   576  108.99016   30  266  113.44281  108.91183  3.99%   349   55s
H  807   595                     113.3901909  108.92684  3.94%   343   56s
H  836   595                     113.3391303  108.92684  3.89%   341   56s
H  933   651                     113.2031770  108.93435  3.77%   331   58s
  1074   706  108.93732   46  270  113.20318  108.93732  3.77%   314   60s
H 1100   706                     113.1992701  108.93742  3.76%   314   60s
H 1123   706                     113.1971426  108.93742  3.76%   314   60s
H 1296   928                     113.1932358  108.95958  3.74%   293   63s
  1440  1172  109.02796   24  173  113.19324  108.96108  3.74%   274   65s
H 1639  1168                     113.1803188  108.96204  3.73%   251   65s
  2203  1507  108.98274   47  137  113.18032  108.97068  3.72%   217   77s
  2205  1508  108.98664   41   77  113.18032  108.97068  3.72%   217   82s
  2207  1510  110.92097   29  235  113.18032  108.97068  3.72%   216   85s
  2211  1512  109.31637   36  133  113.18032  109.02197  3.67%   216   90s
  2213  1514  110.09378   28   65  113.18032  109.13192  3.58%   216   97s
  2219  1518  109.16073   26   54  113.18032  109.16073  3.55%   215  100s
  2221  1519  109.19282   38   84  113.18032  109.19282  3.52%   215  105s
  2224  1521  109.23328   34  126  113.18032  109.23328  3.49%   215  113s
  2228  1524  109.28913   31  315  113.18032  109.28913  3.44%   214  117s
  2229  1524  111.60792   34  185  113.18032  109.30410  3.42%   214  123s
  2232  1526  109.32148   45  221  113.18032  109.32148  3.41%   214  126s
  2233  1527  109.33431   47  119  113.18032  109.33431  3.40%   214  132s
  2234  1528  109.34328   40  132  113.18032  109.34328  3.39%   214  135s
  2236  1529  109.35162   25  259  113.18032  109.35162  3.38%   214  140s
  2237  1530  109.35706   23  163  113.18032  109.35706  3.38%   214  147s
  2238  1530  112.34816   16  163  113.18032  109.35706  3.38%   213  150s
  2240  1532  109.35706   10  152  113.18032  109.35706  3.38%   227  161s
  2242  1532  109.35706   11  206  113.18032  109.35706  3.38%   227  171s
  2243  1532  109.35706   12  211  113.18032  109.35706  3.38%   227  184s
  2245  1532  109.35706   13  202  113.18032  109.35706  3.38%   227  190s
  2250  1531  109.46728   15  216  113.18032  109.35706  3.38%   228  195s
  2253  1531  109.35706   16  179  113.18032  109.35706  3.38%   228  200s
  2262  1531  109.35706   18  251  113.18032  109.35706  3.38%   229  205s
  2366  1526  109.36178   26  189  113.18032  109.36169  3.37%   230  210s
H 2373  1445                     113.0714187  109.36281  3.28%   231  210s
  2511  1455  109.40706   33  299  113.07142  109.37782  3.27%   228  215s
  2572  1454  109.39647   36  199  113.07142  109.39647  3.25%   227  222s
  2650  1490 infeasible   41       113.07142  109.39851  3.25%   226  225s
  2988  1530  109.48379   58  153  113.07142  109.46235  3.19%   217  230s
  3567  1692  109.53840   88   41  113.07142  109.53840  3.12%   211  235s
  4513  1688 infeasible   79       113.07142  109.63208  3.04%   198  240s
  5231  1749     cutoff   91       113.07142  109.69728  2.98%   187  245s
  5548  1765 infeasible  103       113.07142  109.75851  2.93%   184  250s
  6436  1858  109.92316   85  130  113.07142  109.81655  2.88%   175  256s
  7155  2301     cutoff   70       113.07142  109.87737  2.82%   167  260s
  7993  2692     cutoff   81       113.07142  109.92076  2.79%   161  265s
  9043  3282  109.95868  114  115  113.07142  109.95827  2.75%   153  271s
  9967  3870  109.98202  116   62  113.07142  109.98202  2.73%   147  275s
 11065  4244 infeasible   99       113.07142  110.01367  2.70%   141  281s
 12234  4919     cutoff  103       113.07142  110.04964  2.67%   135  285s
 13740  5592  110.12007  119   47  113.07142  110.08604  2.64%   129  290s
 14640  5910     cutoff  100       113.07142  110.09901  2.63%   126  295s
 15805  6174     cutoff   90       113.07142  110.12415  2.61%   123  302s
 15984  6407  110.17211  107  148  113.07142  110.13570  2.60%   123  305s
 17814  7177     cutoff  101       113.07142  110.15956  2.58%   118  312s
 18414  7343     cutoff   79       113.07142  110.16314  2.57%   117  315s
 19721  7742     cutoff  104       113.07142  110.19483  2.54%   116  323s
 20302  7490     cutoff  115       113.07142  110.20152  2.54%   116  326s
 21858  7231     cutoff   74       113.07142  110.34984  2.41%   119  333s
 22633  7167     cutoff  115       113.07142  110.37658  2.38%   120  337s
 23412  6992     cutoff  114       113.07142  110.44466  2.32%   121  342s
 24379  6858     cutoff   93       113.07142  110.50206  2.27%   121  346s
 24690  6829  111.57724  107   59  113.07142  110.53567  2.24%   121  350s
 26552  6921     cutoff   89       113.07142  110.66586  2.13%   122  360s
 27774  7161  110.91892   91  120  113.07142  110.75698  2.05%   123  365s
 28763  7372     cutoff  118       113.07142  110.85013  1.96%   122  370s
 31103  4722     cutoff   78       113.07142  111.15730  1.69%   120  376s
 35638  1158     cutoff  106       113.07142  111.86158  1.07%   109  380s

Cutting planes:
  Learned: 3
  Gomory: 101
  Lift-and-project: 20
  Cover: 118
  Implied bound: 395
  Clique: 4
  MIR: 671
  StrongCG: 4
  Flow cover: 1382
  GUB cover: 1
  Inf proof: 5
  Zero half: 21
  RLT: 96
  Relax-and-lift: 89
  PSD: 3

Explored 36591 nodes (3937509 simplex iterations) in 381.66 seconds (220.74 work units)
Thread count was 32 (of 32 available processors)

Solution count 10: 113.071 113.071 113.18 ... 113.443

Optimal solution found (tolerance 5.00e-03)
Best objective 1.130714187348e+02, best bound 1.125939990813e+02, gap 0.4222%
