
Gurobi 9.5.2 (linux64) logging started Mon Aug  3 11:31:25 2026

Set parameter LogFile to value "logs/oracle_RmediumCfewTnone_5__kw350_gurobi.log"
Gurobi Optimizer version 9.5.2 build v9.5.2rc0 (linux64)
Thread count: 16 physical cores, 32 logical processors, using up to 32 threads
Optimize a model with 6336 rows, 3460 columns and 81394 nonzeros
Model fingerprint: 0xe9fcf134
Variable types: 2162 continuous, 1298 integer (1298 binary)
Coefficient statistics:
  Matrix range     [3e-02, 1e+03]
  Objective range  [1e+00, 1e+00]
  Bounds range     [1e+00, 4e+01]
  RHS range        [1e-01, 2e+07]

User MIP start did not produce a new incumbent solution
User MIP start violates constraint c_l_x9452_ by 1.000000000

Presolve removed 1940 rows and 667 columns
Presolve time: 3.06s
Presolved: 4396 rows, 2793 columns, 71159 nonzeros
Variable types: 1666 continuous, 1127 integer (1127 binary)
Root relaxation presolve removed 194 rows and 74 columns
Root relaxation presolved: 4202 rows, 2719 columns, 39975 nonzeros


Root simplex log...

Iteration    Objective       Primal Inf.    Dual Inf.      Time
     757    4.0686550e+01   2.300804e+02   0.000000e+00      5s
    4806    7.1425849e+01   0.000000e+00   0.000000e+00      9s
    4809    7.1425849e+01   0.000000e+00   0.000000e+00     10s
Extra simplex iterations after uncrush: 3

Root relaxation: objective 7.142585e+01, 4809 iterations, 5.90 seconds (0.79 work units)
Total elapsed time = 10.12s
Another try with MIP start

    Nodes    |    Current Node    |     Objective Bounds      |     Work
 Expl Unexpl |  Obj  Depth IntInf | Incumbent    BestBd   Gap | It/Node Time

     0     0   71.42585    0  324          -   71.42585      -     -   19s
     0     0   72.45693    0  337          -   72.45693      -     -   27s
     0     0   72.67773    0  320          -   72.67773      -     -   28s
     0     0   72.69524    0  327          -   72.69524      -     -   29s
     0     0   72.69757    0  327          -   72.69757      -     -   29s
     0     0   72.69813    0  340          -   72.69813      -     -   29s
     0     0   72.69824    0  339          -   72.69824      -     -   29s
     0     0   72.97364    0  369          -   72.97364      -     -   33s
     0     0   72.99207    0  369          -   72.99207      -     -   34s
     0     0   73.00038    0  405          -   73.00038      -     -   34s
     0     0   73.00120    0  414          -   73.00120      -     -   34s
     0     0   73.00121    0  417          -   73.00121      -     -   35s
     0     0   73.29028    0  330          -   73.29028      -     -   39s
     0     0   73.30273    0  350          -   73.30273      -     -   40s
     0     0   73.30479    0  358          -   73.30479      -     -   40s
     0     0   73.30591    0  360          -   73.30591      -     -   41s
     0     0   73.30621    0  365          -   73.30621      -     -   41s
     0     0   73.44113    0  329          -   73.44113      -     -   45s
     0     0   73.48228    0  334          -   73.48228      -     -   46s
     0     0   73.48426    0  342          -   73.48426      -     -   46s
     0     0   73.48455    0  334          -   73.48455      -     -   47s
     0     0   73.68347    0  351          -   73.68347      -     -   52s
     0     0   73.69181    0  368          -   73.69181      -     -   53s
     0     0   73.69233    0  362          -   73.69233      -     -   53s
     0     0   73.87994    0  326          -   73.87994      -     -   59s
     0     0   73.88958    0  337          -   73.88958      -     -   60s
     0     0   73.89062    0  325          -   73.89062      -     -   60s
     0     0   73.89087    0  341          -   73.89087      -     -   60s
     0     0   74.06528    0  294          -   74.06528      -     -   67s
     0     0   74.08706    0  276          -   74.08706      -     -   68s
     0     0   74.09127    0  295          -   74.09127      -     -   69s
     0     0   74.09146    0  328          -   74.09146      -     -   69s
     0     0   74.15436    0  335          -   74.15436      -     -   75s
     0     0   74.16268    0  338          -   74.16268      -     -   76s
     0     0   74.16375    0  365          -   74.16375      -     -   76s
     0     0   74.16420    0  368          -   74.16420      -     -   76s
     0     0   74.19281    0  362          -   74.19281      -     -   82s
     0     0   74.19762    0  421          -   74.19762      -     -   83s
     0     0   74.19918    0  395          -   74.19918      -     -   84s
     0     0   74.19989    0  391          -   74.19989      -     -   84s
     0     0   74.22583    0  378          -   74.22583      -     -   88s
     0     0   74.23498    0  392          -   74.23498      -     -   89s
     0     0   74.23598    0  396          -   74.23598      -     -   89s
     0     0   74.23702    0  386          -   74.23702      -     -   89s
     0     0   74.23722    0  408          -   74.23722      -     -   89s
     0     0   74.30153    0  368          -   74.30153      -     -   93s
     0     0   74.31475    0  325          -   74.31475      -     -   95s
     0     0   74.31562    0  325          -   74.31562      -     -   95s
     0     0   74.31582    0  328          -   74.31582      -     -   95s
     0     0   74.33598    0  348          -   74.33598      -     -   99s
     0     0   74.34078    0  327          -   74.34078      -     -  100s
     0     0   74.34276    0  382          -   74.34276      -     -  101s
     0     0   74.34322    0  376          -   74.34322      -     -  101s
     0     0   74.36471    0  333          -   74.36471      -     -  106s
     0     0   74.36757    0  369          -   74.36757      -     -  107s
     0     0   74.36845    0  365          -   74.36845      -     -  107s
     0     0   74.36854    0  369          -   74.36854      -     -  107s
     0     0   74.38331    0  378          -   74.38331      -     -  114s
     0     0   74.38811    0  379          -   74.38811      -     -  115s
     0     0   74.38953    0  386          -   74.38953      -     -  116s
     0     0   74.38978    0  383          -   74.38978      -     -  116s
     0     0   74.40817    0  337          -   74.40817      -     -  119s
     0     0   74.41068    0  342          -   74.41068      -     -  120s
     0     0   74.41147    0  346          -   74.41147      -     -  120s
     0     0   74.41187    0  363          -   74.41187      -     -  121s
     0     0   74.43647    0  357          -   74.43647      -     -  124s
     0     0   74.44180    0  364          -   74.44180      -     -  125s
     0     0   74.44335    0  369          -   74.44335      -     -  125s
     0     0   74.44349    0  367          -   74.44349      -     -  126s
     0     0   74.50182    0  377          -   74.50182      -     -  132s
     0     0   74.51069    0  385          -   74.51069      -     -  133s
     0     0   74.51188    0  398          -   74.51188      -     -  134s
     0     0   74.51194    0  398          -   74.51194      -     -  134s
     0     0   74.52966    0  362          -   74.52966      -     -  138s
     0     0   74.53421    0  384          -   74.53421      -     -  139s
     0     0   74.53503    0  390          -   74.53503      -     -  140s
     0     0   74.53536    0  392          -   74.53536      -     -  140s
     0     0   74.56225    0  367          -   74.56225      -     -  146s
     0     0   74.56937    0  382          -   74.56937      -     -  147s
     0     0   74.57065    0  421          -   74.57065      -     -  148s
     0     0   74.57066    0  443          -   74.57066      -     -  148s
     0     0   74.59236    0  370          -   74.59236      -     -  153s
     0     0   74.60854    0  370          -   74.60854      -     -  154s
     0     0   74.61032    0  346          -   74.61032      -     -  154s
     0     0   74.61059    0  368          -   74.61059      -     -  155s
     0     0   74.61765    0  393          -   74.61765      -     -  159s
     0     0   74.61928    0  392          -   74.61928      -     -  160s
     0     0   74.62110    0  405          -   74.62110      -     -  160s
     0     0   74.62142    0  405          -   74.62142      -     -  160s
     0     0   74.63477    0  378          -   74.63477      -     -  165s
     0     0   74.63941    0  362          -   74.63941      -     -  166s
     0     0   74.63951    0  357          -   74.63951      -     -  166s
     0     0   74.64444    0  348          -   74.64444      -     -  172s
     0     0   74.64444    0  276          -   74.64444      -     -  175s
     0     2   74.64444    0  275          -   74.64444      -     -  183s
     1     4   74.73962    1  282          -   74.64444      -   679  185s
    63    80   74.66670    7  320          -   74.66670      -   318  191s
   111   128   74.79039   10  335          -   74.67798      -   359  195s
   179   205   75.00446   15  457          -   74.68453      -   363  200s
   247   276   74.77547   20  334          -   74.68592      -   335  205s
   331   362   74.68593   23  352          -   74.68593      -   310  210s
   464   500   75.57472   32  450          -   74.69991      -   300  216s
   576   622   74.77453   40  306          -   74.72553      -   286  221s
   732   786   74.73495   65  269          -   74.73495      -   264  225s
   963  1025   74.78609   62  276          -   74.78609      -   248  231s
  1163  1248   74.78633   66  284          -   74.78609      -   238  235s
  1585  1792   74.81462   20  251          -   74.80391      -   211  243s
  1791  2016   75.51714   32  412          -   74.80484      -   200  246s
  2229  2230   74.97418   45  276          -   74.80591      -   182  254s
H 2229  2118                    1305.8780688   74.80591  94.3%   182  255s
  2231  2119   78.56125   23  352 1305.87807   74.80591  94.3%   182  263s
  2232  2120   74.98146   23  213 1305.87807   74.80591  94.3%   182  269s
  2233  2121   74.91169   27  220 1305.87807   74.80591  94.3%   182  270s
H 2238  2018                     123.7233083   74.80591  39.5%   181  281s
  2239  2019   76.79928   62  248  123.72331   74.80591  39.5%   181  288s
  2242  2021   81.98927   20  286  123.72331   74.80591  39.5%   181  296s
H 2242  1919                     122.5592794   74.80591  39.0%   181  313s
  2246  1921   79.63508   30  303  122.55928   74.80591  39.0%   181  321s
  2247  1922   80.14154    9  248  122.55928   74.80680  39.0%   181  335s
  2252  1925   74.83634   26  284  122.55928   74.83634  38.9%   180  340s
  2253  1926   76.64444   42  243  122.55928   74.86563  38.9%   180  347s
  2257  1929   74.88917   54  305  122.55928   74.88917  38.9%   180  354s
  2258  1929   74.93809   26  321  122.55928   74.92167  38.9%   180  364s
  2262  1932   75.03093   24  364  122.55928   74.92943  38.9%   180  367s
H 2262  1835                     112.3071084   74.92943  33.3%   180  372s
H 2262  1743                      90.4475721   74.93646  17.1%   180  377s
  2265  1745   74.93945   27  380   90.44757   74.93945  17.1%   179  386s
  2266  1746   78.58251   33  358   90.44757   74.94191  17.1%   179  401s
  2268  1747   74.94607   11  363   90.44757   74.94607  17.1%   179  408s
H 2268  1659                      89.9513325   74.94778  16.7%   179  416s
  2270  1660   76.65247   29  365   89.95133   74.94849  16.7%   179  420s
  2271  1661   74.95113   31  346   89.95133   74.95113  16.7%   179  438s
  2272  1662   74.95113   27  346   89.95133   74.95113  16.7%   179  446s
H 2272  1578                      88.7685685   74.95602  15.6%   179  449s
  2274  1582   74.95602   12  327   88.76857   74.95602  15.6%   190  485s
  2276  1585   74.97063   13  320   88.76857   74.97063  15.5%   190  526s
  2283  1591   75.02083   14  320   88.76857   74.99905  15.5%   191  530s
  2304  1616   75.01873   16  263   88.76857   75.00386  15.5%   193  536s
H 2352  1568                      87.7782245   75.03181  14.5%   196  541s
H 2353  1493                      87.6451908   75.03201  14.4%   196  541s
H 2356  1418                      76.7592188   75.03258  2.25%   196  542s
H 2362  1345                      75.6909870   75.03258  0.87%   196  542s
  2393  1346   75.10921   21  308   75.69099   75.03788  0.86%   197  545s
H 2396  1281                      75.6426059   75.05951  0.77%   197  545s
  2442  1294 infeasible   25        75.64261   75.07692  0.75%   198  554s
H 2443  1232                      75.6169335   75.07692  0.71%   198  554s
H 2444  1172                      75.5972399   75.07692  0.69%   198  554s
H 2445  1117                      75.5772368   75.08238  0.65%   198  554s
H 2447  1063                      75.5033177   75.08238  0.56%   198  554s
H 2453  1011                      75.4454391   75.08238  0.48%   198  554s

Cutting planes:
  Learned: 4
  Gomory: 73
  Lift-and-project: 25
  Cover: 53
  Implied bound: 72
  Projected implied bound: 7
  Clique: 1
  MIR: 402
  StrongCG: 7
  Flow cover: 829
  GUB cover: 1
  Zero half: 11
  RLT: 40
  Relax-and-lift: 62

Explored 2460 nodes (516676 simplex iterations) in 554.75 seconds (89.93 work units)
Thread count was 32 (of 32 available processors)

Solution count 10: 75.4454 75.5033 75.5772 ... 87.7782

Optimal solution found (tolerance 5.00e-03)
Best objective 7.544543914853e+01, best bound 7.508237781862e+01, gap 0.4812%
