
Gurobi 9.5.2 (linux64) logging started Wed Jul 29 01:03:29 2026

Set parameter LogFile to value "logs/oracle_RlongCmediumTlarge_43_gurobi.log"
Gurobi Optimizer version 9.5.2 build v9.5.2rc0 (linux64)
Thread count: 16 physical cores, 32 logical processors, using up to 32 threads
Optimize a model with 9586 rows, 5223 columns and 175512 nonzeros
Model fingerprint: 0x905d4ed6
Variable types: 3262 continuous, 1961 integer (1961 binary)
Coefficient statistics:
  Matrix range     [2e-02, 2e+03]
  Objective range  [1e+00, 1e+00]
  Bounds range     [1e+00, 6e+01]
  RHS range        [7e-03, 5e+02]

User MIP start did not produce a new incumbent solution

Presolve removed 2818 rows and 939 columns
Presolve time: 4.88s
Presolved: 6768 rows, 4284 columns, 159047 nonzeros
Variable types: 2540 continuous, 1744 integer (1744 binary)
Root relaxation presolve removed 179 rows and 115 columns
Root relaxation presolved: 6589 rows, 4169 columns, 122717 nonzeros


Root simplex log...

Iteration    Objective       Primal Inf.    Dual Inf.      Time
       0    5.7046606e+01   2.071367e+04   0.000000e+00      7s
    4625    7.6744601e+01   7.886614e+05   0.000000e+00     10s
    6913    1.0141848e+02   0.000000e+00   0.000000e+00     12s
    6916    1.0141848e+02   0.000000e+00   0.000000e+00     12s
Extra simplex iterations after uncrush: 3

Root relaxation: objective 1.014185e+02, 6916 iterations, 5.50 seconds (1.79 work units)
Another try with MIP start

    Nodes    |    Current Node    |     Objective Bounds      |     Work
 Expl Unexpl |  Obj  Depth IntInf | Incumbent    BestBd   Gap | It/Node Time

     0     0  101.41848    0  632          -  101.41848      -     -   15s
     0     0  104.97199    0  477          -  104.97199      -     -   24s
     0     0  105.18537    0  455          -  105.18537      -     -   25s
     0     0  105.20276    0  479          -  105.20276      -     -   25s
     0     0  105.20290    0  481          -  105.20290      -     -   25s
     0     0  106.61516    0  575          -  106.61516      -     -   28s
     0     0  106.72462    0  581          -  106.72462      -     -   29s
     0     0  106.73775    0  575          -  106.73775      -     -   30s
     0     0  106.74466    0  569          -  106.74466      -     -   30s
     0     0  106.74479    0  561          -  106.74479      -     -   30s
     0     0  107.44648    0  608          -  107.44648      -     -   34s
     0     0  107.50262    0  594          -  107.50262      -     -   35s
     0     0  107.53474    0  588          -  107.53474      -     -   35s
     0     0  107.53611    0  589          -  107.53611      -     -   35s
     0     0  107.53687    0  588          -  107.53687      -     -   36s
     0     0  108.29214    0  588          -  108.29214      -     -   40s
     0     0  108.34673    0  612          -  108.34673      -     -   41s
     0     0  108.34966    0  609          -  108.34966      -     -   42s
     0     0  108.34973    0  610          -  108.34973      -     -   42s
     0     0  108.70292    0  560          -  108.70292      -     -   46s
     0     0  108.77449    0  587          -  108.77449      -     -   47s
     0     0  108.78015    0  590          -  108.78015      -     -   47s
     0     0  108.78127    0  600          -  108.78127      -     -   48s
     0     0  109.34155    0  524          -  109.34155      -     -   55s
     0     0  109.40666    0  555          -  109.40666      -     -   56s
     0     0  109.41299    0  590          -  109.41299      -     -   56s
     0     0  109.41372    0  552          -  109.41372      -     -   57s
     0     0  109.77220    0  562          -  109.77220      -     -   63s
     0     0  109.84492    0  613          -  109.84492      -     -   64s
     0     0  109.84847    0  611          -  109.84847      -     -   64s
     0     0  109.84948    0  604          -  109.84948      -     -   64s
     0     0  109.97789    0  552          -  109.97789      -     -   70s
     0     0  109.98961    0  587          -  109.98961      -     -   71s
     0     0  109.99392    0  555          -  109.99392      -     -   71s
     0     0  109.99504    0  561          -  109.99504      -     -   72s
     0     0  110.12905    0  566          -  110.12905      -     -   76s
     0     0  110.14762    0  604          -  110.14762      -     -   77s
     0     0  110.15051    0  611          -  110.15051      -     -   77s
     0     0  110.15075    0  612          -  110.15075      -     -   78s
     0     0  110.25225    0  569          -  110.25225      -     -   82s
     0     0  110.28205    0  626          -  110.28205      -     -   83s
     0     0  110.28613    0  630          -  110.28613      -     -   84s
     0     0  110.28650    0  629          -  110.28650      -     -   84s
     0     0  110.37913    0  593          -  110.37913      -     -   87s
     0     0  110.40294    0  593          -  110.40294      -     -   88s
     0     0  110.40495    0  599          -  110.40495      -     -   88s
     0     0  110.45142    0  594          -  110.45142      -     -   92s
     0     0  110.45490    0  605          -  110.45490      -     -   93s
     0     0  110.45541    0  603          -  110.45541      -     -   93s
     0     0  110.52442    0  525          -  110.52442      -     -   97s
     0     0  110.54659    0  565          -  110.54659      -     -   98s
     0     0  110.55055    0  548          -  110.55055      -     -   98s
     0     0  110.55071    0  565          -  110.55071      -     -   98s
     0     0  110.60061    0  560          -  110.60061      -     -  103s
     0     0  110.60784    0  594          -  110.60784      -     -  104s
     0     0  110.60914    0  602          -  110.60914      -     -  105s
     0     0  110.66676    0  580          -  110.66676      -     -  111s
     0     0  110.67493    0  598          -  110.67493      -     -  112s
     0     0  110.67593    0  589          -  110.67593      -     -  112s
     0     0  110.73222    0  524          -  110.73222      -     -  116s
     0     0  110.73778    0  564          -  110.73778      -     -  117s
     0     0  110.73992    0  581          -  110.73992      -     -  118s
     0     0  110.80848    0  548          -  110.80848      -     -  123s
     0     0  110.81735    0  560          -  110.81735      -     -  124s
     0     0  110.81759    0  589          -  110.81759      -     -  124s
     0     0  110.86555    0  584          -  110.86555      -     -  128s
     0     0  110.87912    0  550          -  110.87912      -     -  129s
     0     0  110.88001    0  552          -  110.88001      -     -  129s
     0     0  110.93439    0  538          -  110.93439      -     -  134s
     0     0  110.94082    0  511          -  110.94082      -     -  135s
     0     0  110.94398    0  516          -  110.94398      -     -  135s
     0     0  110.94437    0  518          -  110.94437      -     -  135s
     0     0  110.96721    0  547          -  110.96721      -     -  139s
H    0     0                     709.7456874  110.96721  84.4%     -  141s
     0     0  110.96721    0  408  709.74569  110.96721  84.4%     -  141s
H    0     0                     204.1901357  110.96721  45.7%     -  143s
     0     2  110.96721    0  389  204.19014  110.96721  45.7%     -  144s
     1     4  110.96721    1  388  204.19014  110.96721  45.7%   609  147s
     7    16  111.07685    3  509  204.19014  110.98377  45.6%   707  151s
    31    48  113.48993    5  562  204.19014  111.07179  45.6%   724  158s
H   32    48                     199.9846830  111.07179  44.5%   702  158s
    47    64  113.91264    6  562  199.98468  111.11729  44.4%   728  162s
    63    80  111.16692    7  517  199.98468  111.11760  44.4%   697  170s
H   80    96                     199.5504925  111.11971  44.3%   630  173s
H   87    96                     189.3971894  111.13343  41.3%   609  173s
    95   113  111.15603    9  615  189.39719  111.15173  41.3%   625  175s
H  128   145                     163.4129008  111.17045  32.0%   597  184s
H  130   145                     156.7564146  111.18340  29.1%   597  184s
H  137   145                     154.4735894  111.18340  28.0%   604  184s
   144   164  111.19056   12  630  154.47359  111.18348  28.0%   600  188s
   163   180  111.19056   13  634  154.47359  111.19056  28.0%   576  192s
H  179   196                     139.3964367  111.19066  20.2%   587  216s
H  189   196                     130.6017336  111.24681  14.8%   593  216s
   195   212  111.26973   15  614  130.60173  111.24838  14.8%   599  220s
H  228   245                     130.4384122  111.28196  14.7%   662  230s
H  230   245                     129.0607866  111.28556  13.8%   658  230s
   244   262  111.44273   18  566  129.06079  111.28583  13.8%   658  235s
   269   285  115.39195   18  547  129.06079  111.31037  13.8%   650  240s
   304   345  111.31346   21  554  129.06079  111.31346  13.8%   639  247s
H  344   364                     128.8912584  111.31469  13.6%   622  251s
H  345   364                     128.8883296  111.33052  13.6%   621  251s
H  348   364                     128.5134482  111.33377  13.4%   630  251s
H  354   364                     128.4301148  111.33377  13.3%   625  251s
   384   432  114.00380   24  514  128.43011  111.34734  13.3%   643  258s
   431   465  111.35231   29  642  128.43011  111.35231  13.3%   618  264s
H  439   465                     128.3438527  111.35237  13.2%   611  264s
H  455   465                     128.3382941  111.35238  13.2%   610  264s
   464   511  111.42396   36  591  128.33829  111.35242  13.2%   612  267s
   510   560  111.39682   42  660  128.33829  111.35728  13.2%   599  271s
   559   606  111.51367   17  513  128.33829  111.35957  13.2%   589  275s
H  605   648                     128.0613427  111.36337  13.0%   579  281s
H  627   648                     127.7791938  111.36541  12.8%   573  281s
   647   784  112.77561   15  508  127.77919  111.36785  12.8%   571  287s
   783   835  112.31685   19  550  127.77919  111.37094  12.8%   524  292s
H  786   835                     126.5178962  111.37154  12.0%   523  292s
   834   894  111.40180   44  681  126.51790  111.37410  12.0%   513  296s
   893  1006  111.38571   20  655  126.51790  111.37786  12.0%   508  302s
H 1005  1042                     126.4835518  111.37876  11.9%   493  309s
H 1009  1042                     126.4611372  111.38048  11.9%   491  309s
H 1028  1042                     125.1938250  111.38048  11.0%   488  309s
  1041  1193  111.71473   44  536  125.19383  111.38145  11.0%   495  315s
  1192  1450  111.44118   48  521  125.19383  111.38788  11.0%   462  323s
  1449  1816  113.09131   25  516  125.19383  111.39013  11.0%   417  333s
H 1815  2062                     125.0567490  111.39164  10.9%   362  344s
H 2032  2062                     124.8671421  111.39378  10.8%   347  344s
  2062  2063  112.54992   26  408  124.86714  111.39379  10.8%   345  451s
  2064  2064  113.52175    6  243  124.86714  111.39379  10.8%   345  460s
  2065  2065  117.67644   33  279  124.86714  111.39379  10.8%   344  465s
  2068  2067  111.56120   21  556  124.86714  111.39379  10.8%   344  470s
  2071  2069  113.19058   15  495  124.86714  111.42648  10.8%   343  489s
  2072  2070  111.49326   35  495  124.86714  111.44552  10.7%   343  490s
  2074  2071  115.49776   23  558  124.86714  111.45191  10.7%   343  497s
  2075  2072  111.74800   41  384  124.86714  111.74800  10.5%   343  515s
  2078  2074  113.53466   39  522  124.86714  111.78397  10.5%   342  523s
  2079  2074  121.54459   39  327  124.86714  111.99213  10.3%   342  536s
  2084  2078  112.07949   26  517  124.86714  112.07949  10.2%   341  546s
  2085  2078  121.38285   33  382  124.86714  112.11167  10.2%   341  558s
  2086  2079  112.26139   53  465  124.86714  112.26139  10.1%   341  560s
H 2088  1975                     124.7284378  112.28864  10.0%   341  561s
  2089  1976  112.28959   40  548  124.72844  112.28959  10.0%   341  569s
  2090  1977  112.31630   38  400  124.72844  112.31630  10.0%   340  583s
  2091  1977  123.19872   48  407  124.72844  112.31649  10.0%   340  592s
  2092  1978  121.40197   33  389  124.72844  112.33709  9.93%   340  610s
  2095  1980  113.18952   32  519  124.72844  112.34603  9.93%   340  617s
  2096  1981  114.84368   32  349  124.72844  112.36455  9.91%   339  632s
  2098  1982  112.37010   30  519  124.72844  112.37010  9.91%   339  638s
  2099  1983  112.64674   50  382  124.72844  112.37656  9.90%   339  654s
H 2099  1883                     124.6260969  112.37656  9.83%   339  654s
  2100  1883  112.37925   26  484  124.62610  112.37925  9.83%   339  655s
  2101  1884  112.37927   21  508  124.62610  112.37927  9.83%   339  661s
H 2101  1789                     124.6096616  112.37927  9.81%   339  669s
  2102  1790  112.38968   41  468  124.60966  112.38968  9.81%   338  679s
  2104  1791  112.54083   23  547  124.60966  112.39556  9.80%   338  686s
  2105  1792  112.40175   55  428  124.60966  112.40175  9.80%   338  700s
  2106  1792  112.40175   33  423  124.60966  112.40175  9.80%   338  706s
H 2106  1702                     124.2581336  112.41738  9.53%   338  711s
  2108  1707  112.41738   16  475  124.25813  112.41738  9.53%   361  770s
  2110  1710  112.44613   17  516  124.25813  112.44613  9.51%   361  820s
  2114  1716  112.45499   18  529  124.25813  112.45499  9.50%   361  826s
  2122  1724  112.48095   19  542  124.25813  112.45769  9.50%   364  830s
  2137  1731  113.42997   20  443  124.25813  112.48135  9.48%   368  835s
  2153  1741  112.49077   21  540  124.25813  112.48940  9.47%   372  841s
H 2185  1675                     124.2569079  112.49156  9.47%   381  847s
H 2186  1593                     124.2469790  112.49396  9.46%   381  847s
H 2187  1515                     124.1636457  112.50110  9.39%   382  847s
H 2192  1440                     124.0887594  112.50110  9.34%   383  847s
H 2193  1369                     123.8934627  112.50110  9.20%   383  847s
  2224  1404  116.23845   25  468  123.89346  112.51202  9.19%   390  852s
H 2247  1348                     123.8542047  112.51278  9.16%   395  854s
H 2248  1285                     123.8212911  112.51278  9.13%   396  854s
H 2250  1224                     123.7300470  112.51278  9.07%   397  854s
  2264  1243  112.52337   28  559  123.73005  112.51629  9.06%   399  858s
  2287  1266  116.23575   29  462  123.73005  112.52337  9.06%   405  869s
H 2296  1206                     123.6971334  112.52356  9.03%   405  869s
  2318  1233  112.52372   31  483  123.69713  112.52358  9.03%   408  873s
H 2332  1173                     123.6578754  112.52631  9.00%   410  873s
  2352  1182  112.62646   32  582  123.65788  112.52947  9.00%   412  883s
H 2353  1131                     123.6303801  112.52947  8.98%   412  883s
  2368  1140  112.53001   35  559  123.63038  112.52975  8.98%   415  891s
  2431  1200  117.18015   38  494  123.63038  112.54356  8.97%   424  897s
  2466  1230  114.08791   40  519  123.63038  112.54769  8.96%   431  900s
  2561  1293  112.66990   49  600  123.63038  112.56909  8.95%   439  908s
  2602  1308  113.77073   51  487  123.63038  112.57742  8.94%   448  913s
  2631  1314  113.08136   57  457  123.63038  112.57850  8.94%   456  920s
  2705  1389  115.38150   65  261  123.63038  112.58856  8.93%   464  927s
  2749  1398  117.77124   67  480  123.63038  112.60752  8.92%   469  932s
  2777  1412  112.74461   72  502  123.63038  112.61444  8.91%   477  937s
H 2797  1356                     123.6203689  112.61690  8.90%   479  937s
  2800  1398  112.85132   74  468  123.62037  112.61894  8.90%   481  941s
  2843  1426  113.01728   76  502  123.62037  112.63246  8.89%   485  947s
  2885  1512  112.93895   76  497  123.62037  112.64585  8.88%   493  951s
  2985  1548  112.81010   82  478  123.62037  112.64714  8.88%   488  956s
H 3020  1491                     123.6203689  112.65151  8.87%   488  956s
  3055  1577  112.91884   88  561  123.62037  112.65302  8.87%   488  960s
  3153  1563  112.67644   81  482  123.62037  112.66048  8.87%   484  968s
  3172  1700  112.72076   84  506  123.62037  112.66622  8.86%   490  973s
  3316  1756  112.67884   93  512  123.62037  112.67045  8.86%   481  976s
  3420  1826  115.21090   84  382  123.62037  112.67888  8.85%   482  981s
  3526  1872  115.35825   98  397  123.62037  112.68655  8.84%   485  988s
  3610  1985  114.09505   88  408  123.62037  112.69562  8.84%   492  995s
  3751  2167  114.50759   89  437  123.62037  112.69994  8.83%   488 1003s
  3982  2231  113.36836  101  424  123.62037  112.70383  8.83%   480 1010s
  4123  2273  116.74283  104  271  123.62037  112.70561  8.83%   481 1019s
  4213  2377  114.25087   97  434  123.62037  112.70941  8.83%   486 1028s
  4349  2346  114.25616   97  436  123.62037  112.71132  8.82%   490 1044s
  4365  2489  112.71530   66  482  123.62037  112.71308  8.82%   500 1050s
  4514  2529  115.83954   68  284  123.62037  112.71768  8.82%   500 1057s
  4603  2602  112.95265   88  498  123.62037  112.72618  8.81%   506 1064s
  4709  2636  114.13627  102  421  123.62037  112.73474  8.81%   518 1074s
  4788  2740  115.35825   69  289  123.62037  112.74180  8.80%   530 1081s
  4892  2917  113.52814  105  428  123.62037  112.75161  8.79%   538 1089s
  5070  3047  115.94269  108  308  123.62037  112.75368  8.79%   542 1098s
  5203  3117  115.94269  116  209  123.62037  112.77264  8.78%   554 1111s
  5273  3171  112.78053  115  431  123.62037  112.77438  8.77%   573 1124s
  5329  3290  112.78475  117  430  123.62037  112.78475  8.77%   584 1132s
  5450  3358  117.39123  119  363  123.62037  112.78475  8.77%   591 1144s
H 5481  3358                     123.6088784  112.80908  8.74%   599 1144s
  5518  3472  113.05535  125  464  123.60888  112.81626  8.73%   605 1152s
  5632  3487  112.98351  113  488  123.60888  112.82108  8.73%   615 1174s
  5648  3620  112.82216  119  447  123.60888  112.82216  8.73%   620 1184s
  5781  3831  114.75493  123  376  123.60888  112.82251  8.73%   625 1206s
  5995  3913  117.38074  124  405  123.60888  112.83487  8.72%   633 1217s
  6078  4197  117.38150  119  245  123.60888  112.84524  8.71%   648 1233s
  6366  4578  117.39123  127  363  123.60888  112.84704  8.71%   646 1248s
  6755  4734  117.38021  141  351  123.60888  112.85065  8.70%   643 1263s
  6911  4856  117.39123  129  354  123.60888  112.85375  8.70%   655 1276s
  7033  4890  113.05012  103  459  123.60888  112.88503  8.68%   666 1297s
  7067  5206  117.38150  127  305  123.60888  112.89080  8.67%   673 1314s
  7393  5428  117.38207  130  305  123.60888  112.89713  8.67%   672 1329s
  7615  5449  115.88146   64  292  123.60888  112.90390  8.66%   680 1349s
  7642  5605  115.38198   62  372  123.60888  112.92429  8.64%   687 1367s
  7800  5994  113.63584   79  409  123.60888  112.93261  8.64%   696 1382s
  8193  6244  115.83954   90  334  123.60888  112.94104  8.63%   687 1397s
  8449  6435  112.98477   80  486  123.60888  112.95832  8.62%   694 1411s
  8644  6791  113.12396   89  462  123.60888  112.97117  8.61%   704 1426s
  9023  6977  115.76748   62  371  123.60888  112.97177  8.61%   703 1441s
  9209  7104  115.76536   63  413  123.60888  113.00035  8.58%   721 1457s
  9340  7274  113.02597   52  498  123.60888  113.02597  8.56%   740 1472s
  9512  7775  115.35825   53  432  123.60888  113.04665  8.54%   751 1488s
 10017  7811  117.76748   80  320  123.60888  113.07465  8.52%   741 1510s
 10065  8536  115.46544   82  392  123.60888  113.10697  8.50%   750 1529s
 10812  9150  115.45373   85  320  123.60888  113.12938  8.48%   727 1552s
 11436  9453  115.77279   74  227  123.60888  113.17892  8.44%   715 1573s
 11758 10359  118.16607   76  348  123.60888  113.20083  8.42%   712 1595s
 12711 11086  114.05282  146  363  123.60888  113.21339  8.41%   683 1614s
 13471 11699 infeasible  130       123.60888  113.21772  8.41%   670 1634s
 14110 12839  116.68536  138  386  123.60888  113.24951  8.38%   664 1652s
 15281 13879  115.23810   35  479  123.60888  113.27214  8.36%   634 1671s
 16340 13934  115.84565   58  390  123.60888  113.28379  8.35%   613 1689s
 16397 14619  113.43898   50  504  123.60888  113.29005  8.35%   615 1714s
 17097 15362  116.81573   36  452  123.60888  113.29314  8.35%   601 1739s
 17877 16710  114.40317   45  437  123.60888  113.29768  8.34%   592 1769s
 19240 16979  113.47240   52  437  123.60888  113.30296  8.34%   566 1816s
H19365 16979                     123.6088781  113.30416  8.34%   565 1816s
 19531 18617  118.35914   92  251  123.60888  113.30594  8.34%   562 1842s
 21209 20159  113.34818   50  529  123.60888  113.30605  8.34%   534 1884s
 22818 21004  117.86629   70  378  123.60888  113.31565  8.33%   521 1905s
 23701 21760  118.83689   69  475  123.60888  113.32135  8.32%   512 1923s
 24490 22279  113.98469   47  425  123.60888  113.32727  8.32%   509 1940s
 25026 23426  117.86480   75  325  123.60888  113.33238  8.31%   507 1971s
 26204 24503  114.01130   41  460  123.60888  113.33704  8.31%   500 2002s
 27294 24519  113.65115   78  515  123.60888  113.34064  8.31%   497 2044s
 27310 24958  113.82955   87  453  123.60888  113.34064  8.31%   497 2070s
 27751 26325  113.67365   84  509  123.60888  113.34064  8.31%   497 2097s
 29154 28095 infeasible   75       123.60888  113.34120  8.31%   490 2128s
 31014 30000  113.43921   55  387  123.60888  113.34985  8.30%   478 2157s
 33006 31637  115.45048   55  373  123.60888  113.35556  8.29%   464 2180s
 34678 31830  114.02878   91  454  123.60888  113.36277  8.29%   456 2218s
H34738 31830                     123.6088772  113.36374  8.29%   456 2218s
H34746 21985                     115.6381573  113.36393  1.97%   456 2218s
 34877 22175     cutoff   48       115.63816  113.36479  1.97%   456 2243s
H35874 21777                     115.5833624  113.38082  1.91%   458 2270s
 36814 21289 infeasible   67       115.58336  113.42473  1.87%   460 2290s
 37782 20705     cutoff   70       115.58336  113.52885  1.78%   457 2312s
 38989 19844 infeasible   99       115.58336  113.71198  1.62%   451 2329s
 40086 19007     cutoff   46       115.58336  113.85493  1.50%   445 2348s
 41282 17991     cutoff   90       115.58336  113.97865  1.39%   438 2362s
 42588 16821 infeasible  112       115.58336  114.12612  1.26%   430 2390s
 44082 16285 infeasible  156       115.58336  114.24253  1.16%   419 2416s
 46003 16643 infeasible   95       115.58336  114.31554  1.10%   408 2443s
H47195  9214                     115.0649035  114.35118  0.62%   404 2460s
 47196  9215  114.51344   58  408  115.06490  114.35118  0.62%   404 2474s
 47198  9216  114.70660   45  353  115.06490  114.35118  0.62%   404 2478s
 47199  9217  114.65457   88  345  115.06490  114.35118  0.62%   404 2483s
 47204  9220  114.98531  150  403  115.06490  114.35118  0.62%   404 2485s
 47205  9221  114.85706   72  318  115.06490  114.35118  0.62%   404 2490s
 47206  9222  114.44964   62  387  115.06490  114.35118  0.62%   404 2495s
 47207  9222  114.59596  136  325  115.06490  114.35118  0.62%   404 2504s
 47208  9223  114.42489  132  367  115.06490  114.35118  0.62%   404 2506s
 47209  9224  114.47287   55  313  115.06490  114.35118  0.62%   404 2513s
 47210  9224  114.61134   64  334  115.06490  114.35118  0.62%   404 2516s
 47211  9225  114.85185   91  350  115.06490  114.35118  0.62%   404 2525s
 47213  9226  114.59928   65  349  115.06490  114.35118  0.62%   404 2530s
 47214  9228 infeasible   29       115.06490  114.35118  0.62%   405 2542s
 47216  9227     cutoff   30       115.06490  114.35118  0.62%   405 2554s
 47218  9228  114.35118   31  331  115.06490  114.35118  0.62%   405 2570s
 47220  9230  114.35118   32  346  115.06490  114.35118  0.62%   405 2585s
 47223  9231  114.35118   33  381  115.06490  114.35118  0.62%   405 2598s
 47229  9234  114.35118   34  364  115.06490  114.35118  0.62%   405 2605s
 47250  9249  114.37246   36  417  115.06490  114.35118  0.62%   405 2611s
 47298  9265  114.39088   39  428  115.06490  114.38968  0.59%   405 2615s
H47301  8802                     114.8998303  114.39088  0.44%   405 2615s

Cutting planes:
  Learned: 4
  Gomory: 129
  Lift-and-project: 2
  Cover: 84
  Implied bound: 78
  Projected implied bound: 8
  Clique: 7
  MIR: 349
  StrongCG: 6
  Flow cover: 771
  GUB cover: 3
  Inf proof: 1
  Zero half: 11
  RLT: 47
  Relax-and-lift: 34

Explored 47322 nodes (19175616 simplex iterations) in 2615.34 seconds (1016.61 work units)
Thread count was 32 (of 32 available processors)

Solution count 10: 114.9 115.065 115.583 ... 123.62

Optimal solution found (tolerance 5.00e-03)
Best objective 1.148998302752e+02, best bound 1.143908766635e+02, gap 0.4430%
