
Gurobi 9.5.2 (linux64) logging started Mon Aug  3 11:13:30 2026

Set parameter LogFile to value "logs/oracle_RmediumCfewTtight_9__cs90_gurobi.log"
Gurobi Optimizer version 9.5.2 build v9.5.2rc0 (linux64)
Thread count: 16 physical cores, 32 logical processors, using up to 32 threads
Optimize a model with 5773 rows, 3106 columns and 75706 nonzeros
Model fingerprint: 0x8aadcedd
Variable types: 1967 continuous, 1139 integer (1139 binary)
Coefficient statistics:
  Matrix range     [5e-02, 1e+03]
  Objective range  [1e+00, 1e+00]
  Bounds range     [1e+00, 4e+01]
  RHS range        [1e-01, 5e+02]

User MIP start did not produce a new incumbent solution

Presolve removed 1911 rows and 650 columns
Presolve time: 0.50s
Presolved: 3862 rows, 2456 columns, 65972 nonzeros
Variable types: 1464 continuous, 992 integer (992 binary)
Root relaxation presolve removed 149 rows and 36 columns
Root relaxation presolved: 3713 rows, 2420 columns, 37065 nonzeros

Extra simplex iterations after uncrush: 1

Root relaxation: objective 7.485861e+01, 2963 iterations, 0.43 seconds (0.44 work units)
Another try with MIP start

    Nodes    |    Current Node    |     Objective Bounds      |     Work
 Expl Unexpl |  Obj  Depth IntInf | Incumbent    BestBd   Gap | It/Node Time

H    0     0                      83.5000941   74.85861  10.3%     -    1s
     0     0   74.85861    0  108   83.50009   74.85861  10.3%     -    1s
     0     0   76.54532    0  155   83.50009   76.54532  8.33%     -    2s
     0     0   76.62221    0  139   83.50009   76.62221  8.24%     -    2s
     0     0   76.62300    0  139   83.50009   76.62300  8.24%     -    2s
     0     0   77.35224    0  149   83.50009   77.35224  7.36%     -    2s
     0     0   77.40119    0  159   83.50009   77.40119  7.30%     -    3s
     0     0   77.40693    0  164   83.50009   77.40693  7.30%     -    3s
     0     0   77.40717    0  167   83.50009   77.40717  7.30%     -    3s
     0     0   77.52877    0  142   83.50009   77.52877  7.15%     -    3s
H    0     0                      81.6385013   77.52877  5.03%     -    3s
     0     0   77.54067    0  140   81.63850   77.54067  5.02%     -    3s
     0     0   77.54088    0  138   81.63850   77.54088  5.02%     -    3s
     0     0   77.59833    0  214   81.63850   77.59833  4.95%     -    3s
     0     0   77.62408    0  218   81.63850   77.62408  4.92%     -    3s
     0     0   77.62723    0  220   81.63850   77.62723  4.91%     -    4s
     0     0   77.62821    0  223   81.63850   77.62821  4.91%     -    4s
     0     0   77.62868    0  223   81.63850   77.62868  4.91%     -    4s
     0     0   77.66366    0  204   81.63850   77.66366  4.87%     -    4s
     0     0   77.66743    0  215   81.63850   77.66743  4.86%     -    4s
     0     0   77.66935    0  215   81.63850   77.66935  4.86%     -    5s
     0     0   77.68819    0  212   81.63850   77.68819  4.84%     -    5s
     0     0   77.69370    0  197   81.63850   77.69370  4.83%     -    5s
     0     0   77.69650    0  213   81.63850   77.69650  4.83%     -    5s
     0     0   77.69670    0  213   81.63850   77.69670  4.83%     -    5s
     0     0   77.73870    0  155   81.63850   77.73870  4.78%     -    6s
H    0     0                      79.5682720   77.73870  2.30%     -    6s
     0     0   77.74269    0  166   79.56827   77.74269  2.29%     -    6s
     0     0   77.74302    0  165   79.56827   77.74302  2.29%     -    6s
     0     0   77.75760    0  163   79.56827   77.75760  2.28%     -    7s
     0     0   77.76425    0  165   79.56827   77.76425  2.27%     -    7s
     0     0   77.76438    0  167   79.56827   77.76438  2.27%     -    7s
     0     0   77.78692    0  139   79.56827   77.78692  2.24%     -    8s
     0     0   77.79133    0  157   79.56827   77.79133  2.23%     -    8s
     0     0   77.79161    0  139   79.56827   77.79161  2.23%     -    8s
     0     0   77.80480    0  133   79.56827   77.80480  2.22%     -    8s
     0     0   77.80782    0  177   79.56827   77.80782  2.21%     -    8s
     0     0   77.80896    0  174   79.56827   77.80896  2.21%     -    8s
     0     0   77.80896    0  174   79.56827   77.80896  2.21%     -    9s
     0     0   77.81698    0  147   79.56827   77.81698  2.20%     -    9s
     0     0   77.81939    0  159   79.56827   77.81939  2.20%     -    9s
     0     0   77.81986    0  159   79.56827   77.81986  2.20%     -    9s
     0     0   77.82977    0  150   79.56827   77.82977  2.18%     -   10s
     0     0   77.83150    0  163   79.56827   77.83150  2.18%     -   10s
     0     0   77.83254    0  144   79.56827   77.83254  2.18%     -   10s
     0     0   77.83298    0  143   79.56827   77.83298  2.18%     -   10s
     0     0   77.83693    0  156   79.56827   77.83693  2.18%     -   11s
     0     0   77.83693    0  160   79.56827   77.83693  2.18%     -   11s
     0     0   77.84256    0  158   79.56827   77.84256  2.17%     -   11s
     0     0   77.84262    0  158   79.56827   77.84262  2.17%     -   11s
     0     0   77.88476    0  142   79.56827   77.88476  2.12%     -   12s
     0     0   77.89488    0  154   79.56827   77.89488  2.10%     -   13s
     0     0   77.90086    0  176   79.56827   77.90086  2.10%     -   13s
     0     0   77.90257    0  177   79.56827   77.90257  2.09%     -   13s
     0     0   77.90259    0  176   79.56827   77.90259  2.09%     -   13s
     0     0   77.92196    0  166   79.56827   77.92196  2.07%     -   13s
     0     0   77.92794    0  142   79.56827   77.92794  2.06%     -   13s
     0     0   77.93255    0  135   79.56827   77.93255  2.06%     -   13s
     0     0   77.93255    0  130   79.56827   77.93255  2.06%     -   13s
     0     0   77.93710    0  130   79.56827   77.93710  2.05%     -   14s
     0     0   77.93915    0  141   79.56827   77.93915  2.05%     -   14s
     0     0   77.94016    0  134   79.56827   77.94016  2.05%     -   14s
     0     0   77.94026    0  171   79.56827   77.94026  2.05%     -   14s
     0     0   77.94213    0  158   79.56827   77.94213  2.04%     -   15s
     0     0   77.94341    0  166   79.56827   77.94341  2.04%     -   15s
     0     0   77.94341    0  160   79.56827   77.94341  2.04%     -   15s
     0     0   77.94446    0  167   79.56827   77.94446  2.04%     -   16s
     0     0   77.94446    0  141   79.56827   77.94446  2.04%     -   16s
H    0     0                      79.3771541   77.94446  1.80%     -   16s
     0     2   77.94446    0  128   79.37715   77.94446  1.80%     -   16s
H   44    44                      79.2483598   77.98244  1.60%   162   18s
H   85    85                      78.2399729   77.99546  0.31%   153   20s

Cutting planes:
  Learned: 4
  Gomory: 40
  Lift-and-project: 66
  Cover: 46
  Implied bound: 109
  Clique: 5
  MIR: 430
  Flow cover: 722
  Inf proof: 2
  Zero half: 28
  RLT: 63
  Relax-and-lift: 31
  BQP: 2

Explored 101 nodes (22517 simplex iterations) in 20.94 seconds (11.66 work units)
Thread count was 32 (of 32 available processors)

Solution count 6: 78.24 79.2484 79.3772 ... 83.5001

Optimal solution found (tolerance 5.00e-03)
Best objective 7.823997290596e+01, best bound 7.801613213719e+01, gap 0.2861%
