
Gurobi 9.5.2 (linux64) logging started Thu Aug 13 09:09:10 2026

Set parameter LogFile to value "/mnt/beegfs/users/celinep/ChargeAndBreak/logs/oracle_RshortCmanyTnone_24__kw150_gurobi.log"
Gurobi Optimizer version 9.5.2 build v9.5.2rc0 (linux64)
Thread count: 16 physical cores, 32 logical processors, using up to 32 threads
Optimize a model with 2622 rows, 1382 columns and 17692 nonzeros
Model fingerprint: 0x7d8cbcd7
Variable types: 874 continuous, 508 integer (508 binary)
Coefficient statistics:
  Matrix range     [1e-02, 6e+02]
  Objective range  [5e-01, 1e+00]
  Bounds range     [1e+00, 3e+01]
  RHS range        [2e-02, 2e+07]

User MIP start produced solution with objective 39.8366 (0.01s)
Loaded user MIP start with objective 39.8366

Presolve removed 1052 rows and 390 columns
Presolve time: 0.12s
Presolved: 1570 rows, 992 columns, 10424 nonzeros
Variable types: 612 continuous, 380 integer (378 binary)
Root relaxation presolve removed 36 rows and 35 columns
Root relaxation presolved: 1534 rows, 957 columns, 10365 nonzeros


Root relaxation: objective 3.975852e+01, 1188 iterations, 0.05 seconds (0.06 work units)

    Nodes    |    Current Node    |     Objective Bounds      |     Work
 Expl Unexpl |  Obj  Depth IntInf | Incumbent    BestBd   Gap | It/Node Time

     0     0   39.75852    0    9   39.83655   39.75852  0.20%     -    0s

Explored 1 nodes (1188 simplex iterations) in 0.20 seconds (0.13 work units)
Thread count was 32 (of 32 available processors)

Solution count 1: 39.8366 

Optimal solution found (tolerance 5.00e-03)
Best objective 3.983655483552e+01, best bound 3.975851945835e+01, gap 0.1959%
