
Gurobi 9.5.2 (linux64) logging started Thu Aug 13 11:29:32 2026

Set parameter LogFile to value "/mnt/beegfs/users/celinep/ChargeAndBreak/logs/oracle_RlongCmanyTtight_1__kwh900_gurobi.log"
Gurobi Optimizer version 9.5.2 build v9.5.2rc0 (linux64)
Thread count: 16 physical cores, 32 logical processors, using up to 32 threads
Optimize a model with 8208 rows, 4326 columns and 131558 nonzeros
Model fingerprint: 0xe27d4069
Variable types: 2724 continuous, 1602 integer (1602 binary)
Coefficient statistics:
  Matrix range     [3e-02, 2e+03]
  Objective range  [5e-01, 1e+00]
  Bounds range     [1e+00, 5e+01]
  RHS range        [6e-02, 9e+02]

User MIP start did not produce a new incumbent solution

Presolve removed 2564 rows and 815 columns
Presolve time: 1.15s
Presolved: 5644 rows, 3511 columns, 119084 nonzeros
Variable types: 2097 continuous, 1414 integer (1414 binary)
Found heuristic solution: objective 1549.2993950
Root relaxation presolve removed 159 rows and 102 columns
Root relaxation presolved: 5485 rows, 3409 columns, 91405 nonzeros


Root relaxation: objective 1.029871e+02, 5526 iterations, 0.71 seconds (0.87 work units)
Another try with MIP start

    Nodes    |    Current Node    |     Objective Bounds      |     Work
 Expl Unexpl |  Obj  Depth IntInf | Incumbent    BestBd   Gap | It/Node Time

H    0     0                     130.3300323  102.98709  21.0%     -    3s
     0     0  102.98709    0   54  130.33003  102.98709  21.0%     -    3s
     0     0  103.08545    0  186  130.33003  103.08545  20.9%     -    3s
     0     0  103.08545    0  180  130.33003  103.08545  20.9%     -    3s
     0     0  103.10662    0  151  130.33003  103.10662  20.9%     -    4s
     0     0  103.10665    0  176  130.33003  103.10665  20.9%     -    5s
     0     0  103.11695    0  197  130.33003  103.11695  20.9%     -    5s
     0     0  103.11928    0  176  130.33003  103.11928  20.9%     -    6s
     0     0  103.13452    0  200  130.33003  103.13452  20.9%     -    6s
     0     0  103.13467    0  205  130.33003  103.13467  20.9%     -    6s
     0     0  103.14350    0  228  130.33003  103.14350  20.9%     -    7s
     0     0  103.14375    0  235  130.33003  103.14375  20.9%     -    7s
     0     0  103.20273    0  257  130.33003  103.20273  20.8%     -    8s
     0     0  103.21228    0  275  130.33003  103.21228  20.8%     -    8s
     0     0  103.23362    0  296  130.33003  103.23362  20.8%     -    8s
     0     0  103.23419    0  314  130.33003  103.23419  20.8%     -    8s
     0     0  103.23931    0  311  130.33003  103.23931  20.8%     -    9s
     0     0  103.24057    0  340  130.33003  103.24057  20.8%     -    9s
     0     0  103.24865    0  261  130.33003  103.24865  20.8%     -    9s
H    0     0                     129.0791733  103.24865  20.0%     -    9s
     0     0  103.24972    0  254  129.07917  103.24972  20.0%     -    9s
     0     0  103.25119    0  272  129.07917  103.25119  20.0%     -   10s
     0     0  103.25216    0  276  129.07917  103.25216  20.0%     -   10s
     0     0  103.26847    0  256  129.07917  103.26847  20.0%     -   10s
     0     0  103.26971    0  305  129.07917  103.26971  20.0%     -   10s
     0     0  103.27213    0  280  129.07917  103.27213  20.0%     -   11s
     0     0  103.27253    0  271  129.07917  103.27253  20.0%     -   11s
     0     0  103.27860    0  270  129.07917  103.27860  20.0%     -   12s
     0     0  103.27917    0  261  129.07917  103.27917  20.0%     -   12s
     0     0  103.28469    0  230  129.07917  103.28469  20.0%     -   12s
     0     0  103.28542    0  233  129.07917  103.28542  20.0%     -   12s
     0     0  103.28661    0  235  129.07917  103.28661  20.0%     -   13s
     0     0  103.28695    0  248  129.07917  103.28695  20.0%     -   13s
     0     0  103.28892    0  239  129.07917  103.28892  20.0%     -   13s
     0     0  103.28980    0  245  129.07917  103.28980  20.0%     -   13s
     0     0  103.29260    0  233  129.07917  103.29260  20.0%     -   14s
     0     0  103.29313    0  240  129.07917  103.29313  20.0%     -   14s
     0     0  103.29408    0  240  129.07917  103.29408  20.0%     -   15s
     0     0  103.29494    0  221  129.07917  103.29494  20.0%     -   15s
     0     0  103.29565    0  222  129.07917  103.29565  20.0%     -   15s
     0     0  103.29604    0  215  129.07917  103.29604  20.0%     -   15s
     0     0  103.29761    0  285  129.07917  103.29761  20.0%     -   16s
     0     0  103.29793    0  279  129.07917  103.29793  20.0%     -   16s
     0     0  103.29941    0  233  129.07917  103.29941  20.0%     -   17s
     0     0  103.29946    0  245  129.07917  103.29946  20.0%     -   17s
     0     0  103.29996    0  275  129.07917  103.29996  20.0%     -   18s
     0     0  103.29997    0  276  129.07917  103.29997  20.0%     -   18s
     0     0  103.30351    0  274  129.07917  103.30351  20.0%     -   18s
     0     0  103.30363    0  278  129.07917  103.30363  20.0%     -   19s
     0     0  103.30885    0  244  129.07917  103.30885  20.0%     -   19s
     0     0  103.31115    0  292  129.07917  103.31115  20.0%     -   20s
     0     0  103.31301    0  312  129.07917  103.31301  20.0%     -   21s
     0     0  103.31404    0  304  129.07917  103.31404  20.0%     -   21s
H    0     0                     120.8445229  103.31404  14.5%     -   21s
     0     0  103.31429    0  323  120.84452  103.31429  14.5%     -   21s
     0     0  103.31436    0  327  120.84452  103.31436  14.5%     -   21s
     0     0  103.31594    0  316  120.84452  103.31594  14.5%     -   22s
     0     0  103.31697    0  292  120.84452  103.31697  14.5%     -   22s
     0     0  103.31710    0  295  120.84452  103.31710  14.5%     -   23s
     0     0  103.31710    0  302  120.84452  103.31710  14.5%     -   23s
     0     0  103.31710    0  302  120.84452  103.31710  14.5%     -   23s
     0     0  103.31734    0  303  120.84452  103.31734  14.5%     -   23s
     0     0  103.31734    0  270  120.84452  103.31734  14.5%     -   24s
     0     2  103.31734    0  265  120.84452  103.31734  14.5%     -   25s
H   31    48                     120.1732384  103.34398  14.0%   532   28s
    47    64  103.34448    6  324  120.17324  103.34441  14.0%   529   30s
H   79    96                     117.5602097  103.34514  12.1%   543   34s
H   80    96                     117.3540157  103.34514  11.9%   558   34s
H   83    96                     115.9526443  103.34516  10.9%   562   34s
    95   112  103.34522    9  344  115.95264  103.34522  10.9%   565   35s
H  127   146                     115.7918740  103.34524  10.7%   580   39s
H  128   146                     114.9585407  103.34547  10.1%   576   39s
H  132   146                     104.0102806  103.34553  0.64%   582   39s
   145   119  103.42663   12  360  104.01028  103.34725  0.64%   587   41s
H  216   156                     103.9978028  103.38747  0.59%   528   47s
H  217   156                     103.8370325  103.38749  0.43%   525   47s

Cutting planes:
  Learned: 1
  Gomory: 14
  Lift-and-project: 92
  Cover: 30
  Implied bound: 262
  Projected implied bound: 2
  Clique: 2
  MIR: 1844
  StrongCG: 3
  Flow cover: 2937
  Inf proof: 1
  Zero half: 18
  Network: 1
  RLT: 197
  Relax-and-lift: 83

Explored 235 nodes (142057 simplex iterations) in 47.31 seconds (42.85 work units)
Thread count was 32 (of 32 available processors)

Solution count 10: 103.837 103.998 104.01 ... 120.845

Optimal solution found (tolerance 5.00e-03)
Best objective 1.038370324887e+02, best bound 1.033874876254e+02, gap 0.4329%
