
Gurobi 9.5.2 (linux64) logging started Thu Aug 13 05:37:00 2026

Set parameter LogFile to value "/mnt/beegfs/users/celinep/ChargeAndBreak/logs/oracle_RshortCmanyTtight_22__kwh300_gurobi.log"
Gurobi Optimizer version 9.5.2 build v9.5.2rc0 (linux64)
Thread count: 16 physical cores, 32 logical processors, using up to 32 threads
Optimize a model with 2641 rows, 1384 columns and 18064 nonzeros
Model fingerprint: 0x79a2369c
Variable types: 875 continuous, 509 integer (509 binary)
Coefficient statistics:
  Matrix range     [2e-02, 6e+02]
  Objective range  [5e-01, 1e+00]
  Bounds range     [1e+00, 2e+01]
  RHS range        [6e-03, 3e+02]

User MIP start did not produce a new incumbent solution

Presolve removed 1039 rows and 387 columns
Presolve time: 0.11s
Presolved: 1602 rows, 997 columns, 10605 nonzeros
Variable types: 605 continuous, 392 integer (390 binary)
Found heuristic solution: objective 510.3184285
Found heuristic solution: objective 454.9850952
Found heuristic solution: objective 375.0217005
Found heuristic solution: objective 286.1648930
Root relaxation presolve removed 21 rows and 20 columns
Root relaxation presolved: 1581 rows, 977 columns, 10390 nonzeros


Root relaxation: objective 3.751974e+01, 1099 iterations, 0.13 seconds (0.04 work units)
Another try with MIP start

    Nodes    |    Current Node    |     Objective Bounds      |     Work
 Expl Unexpl |  Obj  Depth IntInf | Incumbent    BestBd   Gap | It/Node Time

H    0     0                      39.0824192   37.51974  4.00%     -    0s
     0     0   37.51974    0   64   39.08242   37.51974  4.00%     -    0s
H    0     0                      39.0388166   37.51974  3.89%     -    0s
H    0     0                      38.5003031   37.51974  2.55%     -    0s
     0     0   38.26434    0   42   38.50030   38.26434  0.61%     -    1s
     0     0   38.26434    0   13   38.50030   38.26434  0.61%     -    1s
     0     0   38.26434    0   19   38.50030   38.26434  0.61%     -    1s
     0     0   38.26434    0   19   38.50030   38.26434  0.61%     -    1s
     0     0   38.26434    0    9   38.50030   38.26434  0.61%     -    1s
     0     0   38.26434    0   31   38.50030   38.26434  0.61%     -    1s
H    0     0                      38.4204266   38.26434  0.41%     -    1s

Cutting planes:
  Learned: 5
  Gomory: 15
  Lift-and-project: 15
  Cover: 17
  Implied bound: 30
  Clique: 7
  MIR: 72
  Flow cover: 123
  Zero half: 3
  RLT: 23
  Relax-and-lift: 36
  BQP: 13
  PSD: 4

Explored 1 nodes (2630 simplex iterations) in 1.69 seconds (0.40 work units)
Thread count was 32 (of 32 available processors)

Solution count 9: 38.4204 38.5003 38.5003 ... 510.318

Optimal solution found (tolerance 5.00e-03)
Best objective 3.842042662285e+01, best bound 3.826433835335e+01, gap 0.4063%
