
Gurobi 9.5.2 (linux64) logging started Tue Jul 28 17:25:43 2026

Set parameter LogFile to value "logs/oracle_RlongCfewTlarge_5_gurobi.log"
Gurobi Optimizer version 9.5.2 build v9.5.2rc0 (linux64)
Thread count: 16 physical cores, 32 logical processors, using up to 32 threads
Optimize a model with 9131 rows, 5108 columns and 117743 nonzeros
Model fingerprint: 0x942c59ee
Variable types: 3192 continuous, 1916 integer (1916 binary)
Coefficient statistics:
  Matrix range     [3e-02, 2e+03]
  Objective range  [1e+00, 1e+00]
  Bounds range     [1e+00, 1e+00]
  RHS range        [7e-02, 5e+02]

User MIP start did not produce a new incumbent solution
User MIP start violates constraint c_e_x30_ by 0.000018766

Presolve removed 2675 rows and 907 columns
Presolve time: 3.37s
Presolved: 6456 rows, 4201 columns, 108358 nonzeros
Variable types: 2491 continuous, 1710 integer (1710 binary)
Root relaxation presolve removed 336 rows and 111 columns
Root relaxation presolved: 6120 rows, 4090 columns, 31824 nonzeros


Root simplex log...

Iteration    Objective       Primal Inf.    Dual Inf.      Time
    3569    5.8676999e+01   9.927285e+03   0.000000e+00      5s
    6135    9.9039127e+01   0.000000e+00   0.000000e+00      6s
    6165    9.9039127e+01   0.000000e+00   0.000000e+00      6s
Extra simplex iterations after uncrush: 30

Root relaxation: objective 9.903913e+01, 6165 iterations, 2.21 seconds (0.38 work units)
Another try with MIP start

    Nodes    |    Current Node    |     Objective Bounds      |     Work
 Expl Unexpl |  Obj  Depth IntInf | Incumbent    BestBd   Gap | It/Node Time

     0     0   99.03913    0  574          -   99.03913      -     -   14s
     0     0  104.38791    0  437          -  104.38791      -     -   22s
     0     0  104.64133    0  456          -  104.64133      -     -   23s
     0     0  104.68624    0  518          -  104.68624      -     -   23s
     0     0  104.70840    0  532          -  104.70840      -     -   24s
     0     0  104.70920    0  526          -  104.70920      -     -   24s
     0     0  104.70920    0  526          -  104.70920      -     -   24s
     0     0  105.48145    0  554          -  105.48145      -     -   26s
     0     0  105.53495    0  557          -  105.53495      -     -   27s
     0     0  105.54182    0  549          -  105.54182      -     -   27s
     0     0  105.54241    0  538          -  105.54241      -     -   27s
     0     0  106.07353    0  557          -  106.07353      -     -   30s
     0     0  106.11626    0  552          -  106.11626      -     -   30s
     0     0  106.12200    0  570          -  106.12200      -     -   30s
     0     0  106.12640    0  576          -  106.12640      -     -   31s
     0     0  106.12667    0  575          -  106.12667      -     -   31s
     0     0  106.50554    0  579          -  106.50554      -     -   33s
     0     0  106.57678    0  607          -  106.57678      -     -   34s
     0     0  106.58368    0  590          -  106.58368      -     -   34s
     0     0  106.58579    0  585          -  106.58579      -     -   34s
     0     0  106.58579    0  585          -  106.58579      -     -   34s
     0     0  106.93342    0  611          -  106.93342      -     -   37s
     0     0  106.97778    0  596          -  106.97778      -     -   37s
     0     0  106.99399    0  607          -  106.99399      -     -   37s
     0     0  106.99618    0  635          -  106.99618      -     -   37s
     0     0  106.99702    0  617          -  106.99702      -     -   38s
     0     0  107.50342    0  570          -  107.50342      -     -   41s
     0     0  107.55863    0  613          -  107.55863      -     -   42s
     0     0  107.56696    0  607          -  107.56696      -     -   42s
     0     0  107.56981    0  607          -  107.56981      -     -   42s
     0     0  107.57020    0  605          -  107.57020      -     -   42s
     0     0  107.78140    0  530          -  107.78140      -     -   47s
     0     0  107.81871    0  532          -  107.81871      -     -   48s
     0     0  107.82031    0  508          -  107.82031      -     -   48s
     0     0  108.00202    0  582          -  108.00202      -     -   53s
     0     0  108.04669    0  588          -  108.04669      -     -   54s
     0     0  108.05158    0  549          -  108.05158      -     -   54s
     0     0  108.05401    0  544          -  108.05401      -     -   54s
     0     0  108.05478    0  536          -  108.05478      -     -   55s
     0     0  108.12398    0  590          -  108.12398      -     -   56s
     0     0  108.14116    0  523          -  108.14116      -     -   57s
     0     0  108.14182    0  554          -  108.14182      -     -   57s
     0     0  108.22218    0  576          -  108.22218      -     -   60s
     0     0  108.24200    0  592          -  108.24200      -     -   60s
     0     0  108.24591    0  584          -  108.24591      -     -   61s
     0     0  108.24603    0  576          -  108.24603      -     -   61s
     0     0  108.31646    0  599          -  108.31646      -     -   65s
     0     0  108.33747    0  555          -  108.33747      -     -   66s
     0     0  108.33863    0  558          -  108.33863      -     -   66s
     0     0  108.40997    0  543          -  108.40997      -     -   70s
     0     0  108.42449    0  595          -  108.42449      -     -   71s
     0     0  108.42549    0  586          -  108.42549      -     -   72s
     0     0  108.49451    0  600          -  108.49451      -     -   77s
     0     0  108.50581    0  579          -  108.50581      -     -   78s
     0     0  108.50790    0  632          -  108.50790      -     -   78s
     0     0  108.52072    0  564          -  108.52072      -     -   82s
     0     0  108.52269    0  551          -  108.52269      -     -   83s
     0     0  108.54484    0  483          -  108.54484      -     -   86s
     0     0  108.55125    0  548          -  108.55125      -     -   86s
     0     0  108.55325    0  532          -  108.55325      -     -   87s
     0     0  108.58548    0  567          -  108.58548      -     -   90s
     0     0  108.58887    0  562          -  108.58887      -     -   91s
     0     0  108.58968    0  568          -  108.58968      -     -   91s
     0     0  108.63374    0  507          -  108.63374      -     -   95s
     0     0  108.64421    0  528          -  108.64421      -     -   96s
     0     0  108.64438    0  521          -  108.64438      -     -   97s
     0     0  108.66201    0  520          -  108.66201      -     -  100s
     0     0  108.66484    0  521          -  108.66484      -     -  101s
     0     0  108.66496    0  521          -  108.66496      -     -  102s
     0     0  108.68029    0  503          -  108.68029      -     -  106s
     0     0  108.68556    0  537          -  108.68556      -     -  107s
     0     0  108.68623    0  519          -  108.68623      -     -  108s
     0     0  108.70339    0  429          -  108.70339      -     -  113s
     0     0  108.70730    0  551          -  108.70730      -     -  114s
     0     0  108.70750    0  550          -  108.70750      -     -  114s
     0     0  108.71078    0  500          -  108.71078      -     -  117s
     0     0  108.71078    0  321          -  108.71078      -     -  120s
     0     2  108.71078    0  315          -  108.71078      -     -  131s
    15    32  108.73845    4  517          -  108.72398      -   352  135s
    63    80  110.54401    7  526          -  108.76850      -   400  141s
   111   128  111.81959   10  501          -  108.81278      -   392  146s
   162   180  108.84525   13  595          -  108.84525      -   382  152s
   179   197  108.86290   14  601          -  108.84589      -   384  156s
   216   241  108.86405   16  622          -  108.86399      -   395  162s
   262   290  111.14269   18  459          -  108.86627      -   394  168s
   289   306  108.86727   19  562          -  108.86727      -   396  171s
   331   356  109.80529   21  528          -  108.86904      -   407  176s
   355   382  110.79461   23  479          -  108.87697      -   415  181s
   407   447  108.89504   30  587          -  108.89240      -   404  187s
   446   482  108.95017   32  541          -  108.89609      -   395  190s
   528   581  108.93331   38  593          -  108.92364      -   378  195s
   682   723  108.95156   40  604          -  108.93663      -   339  200s
   827   941  110.99904   20  523          -  108.94362      -   318  206s
   940   976  111.70746   18  455          -  108.94678      -   300  210s
  1033  1090  111.51501   42  540          -  108.95172      -   303  216s
  1224  1448  109.63041   30  482          -  108.96069      -   286  224s
  1447  1648  109.17250   28  484          -  108.96121      -   261  227s
  1647  1836  108.96197   14  414          -  108.96197      -   244  230s
  2084  2085  109.47986   35  321          -  108.96718      -   217  240s
  2086  2086  109.09386   45  102          -  108.96718      -   217  250s
  2087  2087  110.51289   19  136          -  108.96718      -   216  259s
  2088  2088  111.82500   19  417          -  108.96718      -   216  266s
  2091  2090  109.06889   25  504          -  108.96718      -   216  270s
  2096  2093  119.13827   25  388          -  109.11577      -   215  288s
  2098  2094  109.47324   18  499          -  109.15313      -   215  290s
  2100  2096  109.55973   15  327          -  109.32744      -   215  308s
  2103  2098  109.35201   37  499          -  109.35201      -   215  315s
  2104  2098  109.42419   14  406          -  109.42419      -   215  331s
  2107  2100  109.46516   16  569          -  109.46516      -   214  336s
  2108  2101  109.58476   47  357          -  109.58476      -   214  344s
  2109  2102  109.60359   28  436          -  109.60359      -   214  345s
  2111  2103  113.04092   27  491          -  109.61279      -   214  351s
  2112  2104  109.64445   34  344          -  109.64445      -   214  362s
  2114  2105  109.65058   25  451          -  109.65058      -   214  366s
  2115  2106  111.43863   40  355          -  109.68204      -   214  371s
  2119  2108  109.68992   33  538          -  109.68992      -   213  376s
  2120  2109  119.20530   26  338          -  109.70029      -   213  383s
  2121  2110  110.03719   19  493          -  109.70105      -   213  388s
  2122  2110  111.68054   23  323          -  109.72797      -   213  397s
  2124  2112  110.39190   22  465          -  109.73290      -   213  403s
  2125  2112  109.74806   23  333          -  109.74806      -   213  425s
  2127  2114  110.14902   34  496          -  109.75301      -   212  430s
  2128  2114  109.76145   27  328          -  109.76145      -   212  442s
  2130  2116  109.76367   23  422          -  109.76367      -   212  448s
  2131  2116  109.91973   39  291          -  109.76567      -   212  457s
  2134  2118  109.77512   56  540          -  109.77512      -   212  462s
  2135  2119  109.78118   49  398          -  109.78118      -   212  472s
  2138  2121  109.78407   20  496          -  109.78407      -   211  475s
  2139  2122  118.94622   39  403          -  109.78894      -   211  481s
  2140  2122  109.78977   33  488          -  109.78977      -   211  485s
  2141  2123  110.29065   34  413          -  109.79266      -   211  492s
  2143  2124  110.44685   28  523          -  109.79603      -   211  499s
  2144  2125  112.52299   37  354          -  109.80055      -   211  512s
  2145  2126  109.80117   25  406          -  109.80117      -   211  517s
H 2145  2018                     206.1832786  109.80830  46.7%   211  527s
  2146  2018  109.80830   37  459  206.18328  109.80830  46.7%   210  531s
  2147  2019  109.80830   39  457  206.18328  109.80830  46.7%   210  535s
H 2147  1917                     187.1599345  109.80830  41.3%   210  536s
  2149  1921  109.81975   13  443  187.15993  109.81975  41.3%   242  559s
  2151  1925  109.81975   14  479  187.15993  109.81975  41.3%   242  585s
  2163  1945  109.82994   16  483  187.15993  109.82935  41.3%   243  593s
  2179  1955  109.85228   17  466  187.15993  109.82994  41.3%   244  597s
  2211  1977  109.87557   19  416  187.15993  109.83089  41.3%   249  601s
H 2227  1890                     137.4669985  109.83108  20.1%   251  604s
H 2231  1797                     136.5933732  109.83115  19.6%   252  604s
  2238  1795  112.52747   20  484  136.59337  109.83115  19.6%   253  605s
  2264  1832  109.83116   22  511  136.59337  109.83116  19.6%   256  610s
H 2289  1754                     124.4755796  109.83119  11.8%   258  615s
H 2298  1667                     123.8521902  109.83492  11.3%   260  615s
H 2303  1586                     122.7063888  109.83492  10.5%   261  615s
H 2304  1511                     122.4825307  109.83492  10.3%   261  615s
  2334  1547  109.83621   26  535  122.48253  109.83621  10.3%   262  620s
H 2336  1475                     121.6008268  109.83621  9.67%   261  620s
  2384  1506  109.85977   30  445  121.60083  109.83672  9.67%   266  635s
H 2388  1437                     121.5767799  109.85224  9.64%   267  635s
H 2395  1370                     121.5174934  109.85224  9.60%   268  635s
  2447  1414  109.85978   35  485  121.51749  109.85978  9.59%   268  643s
  2463  1463  110.76514   36  438  121.51749  109.85978  9.59%   271  645s
  2554  1519  110.26910   40  504  121.51749  109.88304  9.57%   273  650s
H 2672  1544                     110.7794603  109.91929  0.78%   277  655s
  2877  1458 infeasible   40       110.77946  109.93534  0.76%   273  661s
H 3021  1420                     110.7736054  109.94362  0.75%   268  662s
  3152  1460  109.96069   29  402  110.77361  109.95235  0.74%   264  666s
  3314  1543     cutoff   29       110.77361  109.96651  0.73%   260  670s
  3689  1703 infeasible   44       110.77361  109.98663  0.71%   250  675s
  4112  1865  110.07298   41  303  110.77361  110.00277  0.70%   241  681s
  4454  1978  110.50821   35  404  110.77361  110.01655  0.68%   235  685s
  4834  2168 infeasible   35       110.77361  110.02929  0.67%   229  691s
  5055  2096  110.13913   33  321  110.77361  110.03410  0.67%   226  708s
  5057  2097  110.21649   33  116  110.77361  110.03410  0.67%   226  713s
  5058  2098  110.18129   59   84  110.77361  110.03410  0.67%   226  719s
  5059  2099  110.05935   42  226  110.77361  110.03410  0.67%   226  720s
  5060  2099  110.09584   53  166  110.77361  110.03410  0.67%   226  738s
  5061  2100  110.06079   37  179  110.77361  110.03410  0.67%   226  744s
  5062  2101  110.19881   46  106  110.77361  110.03410  0.67%   226  764s
  5063  2101  110.16243   35  161  110.77361  110.03410  0.67%   226  771s
  5064  2102  110.35329   60  127  110.77361  110.03410  0.67%   225  790s
  5065  2103  110.18511   37  127  110.77361  110.03410  0.67%   225  798s
  5066  2103  110.15628   48  127  110.77361  110.03410  0.67%   225  802s
  5069  2106  110.11443   45   84  110.77361  110.03410  0.67%   233  810s
  5070  2107  110.18377   33  115  110.77361  110.03410  0.67%   233  819s
  5071  2108  110.04602   34  180  110.77361  110.03410  0.67%   233  822s
  5072  2108  110.13350   51   85  110.77361  110.03410  0.67%   233  849s
  5073  2109  110.24458   62  213  110.77361  110.03410  0.67%   233  858s
  5074  2110  110.18800   50  101  110.77361  110.03410  0.67%   233  877s
  5075  2110  110.14231   34  167  110.77361  110.03410  0.67%   233  884s
  5076  2111  110.07171   47  144  110.77361  110.03410  0.67%   232  899s
  5077  2112  110.06450   27  144  110.77361  110.03410  0.67%   232  918s
  5078  2112  110.10944   45  144  110.77361  110.03410  0.67%   232  921s
  5079  2116  110.03410   33  139  110.77361  110.03410  0.67%   240  929s
  5081  2118  110.03410   34  213  110.77361  110.03410  0.67%   241  943s
  5085  2122  110.03410   35  282  110.77361  110.03410  0.67%   242  978s
  5092  2123 infeasible   36       110.77361  110.03410  0.67%   245  992s
  5104  2132  110.03410   37  439  110.77361  110.03410  0.67%   248  995s
  5119  2132 infeasible   38       110.77361  110.03410  0.67%   254 1000s
  5135  2142  110.03410   38  271  110.77361  110.03410  0.67%   259 1005s
  5151  2151  110.03410   38  434  110.77361  110.03410  0.67%   262 1012s
  5167  2192  110.03410   39  310  110.77361  110.03410  0.67%   266 1024s
  5216  2302 infeasible   40       110.77361  110.03410  0.67%   278 1043s
H 5245  2186                     110.7495585  110.03410  0.65%   283 1043s
  5364  2417  110.04607   41  353  110.74956  110.03410  0.65%   290 1061s
  5651  2535  110.65871   44  288  110.74956  110.03410  0.65%   297 1085s
H 5734  2405                     110.6695112  110.03410  0.57%   301 1085s
H 5876  2342                     110.6666891  110.03410  0.57%   306 1123s
H 5951  2226                     110.6575925  110.03410  0.56%   310 1124s
  5975  2457  110.06181   43  323  110.65759  110.03410  0.56%   311 1154s
H 6013  2359                     110.6575924  110.03410  0.56%   311 1154s
H 6170  2224                     110.6575924  110.03410  0.56%   319 1154s
  6223  2504  110.03723   48  278  110.65759  110.03410  0.56%   319 1185s
  6537  2422  110.03410   39  218  110.65759  110.03410  0.56%   329 1298s
H 6538  2338                     110.6415181  110.03410  0.55%   329 1298s
  6560  2723  110.06115   48  423  110.64152  110.03410  0.55%   332 1332s
H 6598  2637                     110.6415180  110.03410  0.55%   333 1332s
H 6810  2490                     110.6174713  110.03410  0.53%   336 1332s
  6978  2845  110.03410   49  403  110.61747  110.03410  0.53%   338 1374s
H 7056  2752                     110.6174712  110.03410  0.53%   338 1374s
H 7079  2681                     110.6174711  110.03410  0.53%   338 1375s
H 7254  2563                     110.6174710  110.03410  0.53%   340 1375s
H 7346  2473                     110.5978131  110.03410  0.51%   342 1375s
  7421  2603  110.13303   51  343  110.59781  110.03410  0.51%   346 1403s
H 7424  2547                     110.5978131  110.03410  0.51%   347 1403s
H 7483  2477                     110.5978128  110.03410  0.51%   348 1403s
  7621  2869  110.03410   43  311  110.59781  110.03410  0.51%   349 1443s
  8088  3244  110.42326   46  337  110.59781  110.03410  0.51%   357 1483s
  8639  3689  110.22528   48  428  110.59781  110.03410  0.51%   365 1529s
  9147  4168  110.04448   47  333  110.59781  110.03410  0.51%   370 1563s
H 9436  4168                     110.5978128  110.03410  0.51%   373 1563s
  9680  4615  110.18512   53  346  110.59781  110.03410  0.51%   372 1609s
H 9870  4615                     110.5978127  110.03410  0.51%   373 1609s
 10209  5067  110.03410   45  421  110.59781  110.03410  0.51%   374 1646s
H10254  5067                     110.5978122  110.03410  0.51%   374 1646s
 10730  5377  110.08571   43  327  110.59781  110.03410  0.51%   375 1684s
 11100  5770  110.14478   46  283  110.59781  110.03410  0.51%   377 1725s
 11554  6522  110.14067   59  334  110.59781  110.03410  0.51%   377 1765s
 12474  7085  110.03410   47  383  110.59781  110.03410  0.51%   365 1795s
H12615  7085                     110.5978119  110.03410  0.51%   363 1795s
 13243  7394  110.13081   51  388  110.59781  110.03410  0.51%   353 1827s

Cutting planes:
  Learned: 3
  Gomory: 383
  Lift-and-project: 3
  Cover: 252
  Implied bound: 892
  Projected implied bound: 26
  Clique: 15
  MIR: 1353
  StrongCG: 3
  Flow cover: 2209
  GUB cover: 2
  Inf proof: 22
  Zero half: 4
  RLT: 160
  Relax-and-lift: 179
  PSD: 2

Explored 13746 nodes (4861376 simplex iterations) in 1827.68 seconds (340.33 work units)
Thread count was 32 (of 32 available processors)

Solution count 10: 110.598 110.598 110.598 ... 110.617

Optimal solution found (tolerance 5.00e-03)
Best objective 1.105978119266e+02, best bound 1.100959098674e+02, gap 0.4538%

Gurobi 9.5.2 (linux64) logging started Tue Jul 28 19:03:06 2026

Set parameter LogFile to value "logs/oracle_RlongCfewTlarge_5_gurobi.log"
Gurobi Optimizer version 9.5.2 build v9.5.2rc0 (linux64)
Thread count: 16 physical cores, 32 logical processors, using up to 32 threads
Optimize a model with 9325 rows, 5108 columns and 165564 nonzeros
Model fingerprint: 0x0ede975d
Variable types: 3192 continuous, 1916 integer (1916 binary)
Coefficient statistics:
  Matrix range     [3e-02, 2e+03]
  Objective range  [1e+00, 1e+00]
  Bounds range     [1e+00, 5e+01]
  RHS range        [7e-02, 5e+02]

User MIP start did not produce a new incumbent solution

Presolve removed 2696 rows and 906 columns (presolve time = 5s) ...
Presolve removed 2696 rows and 906 columns
Presolve time: 6.33s
Presolved: 6629 rows, 4202 columns, 152256 nonzeros
Variable types: 2492 continuous, 1710 integer (1710 binary)
Root relaxation presolve removed 174 rows and 111 columns
Root relaxation presolved: 6455 rows, 4091 columns, 117397 nonzeros


Root simplex log...

Iteration    Objective       Primal Inf.    Dual Inf.      Time
       0    5.4791454e+01   1.934794e+04   0.000000e+00      9s
    2682    5.5813384e+01   2.876754e+04   0.000000e+00     10s
    6176    9.9039127e+01   0.000000e+00   0.000000e+00     13s
    6177    9.9039127e+01   0.000000e+00   0.000000e+00     14s
Extra simplex iterations after uncrush: 1

Root relaxation: objective 9.903913e+01, 6177 iterations, 5.77 seconds (1.40 work units)
Another try with MIP start

    Nodes    |    Current Node    |     Objective Bounds      |     Work
 Expl Unexpl |  Obj  Depth IntInf | Incumbent    BestBd   Gap | It/Node Time

H    0     0                     127.1643846   99.03913  22.1%     -   29s
     0     0   99.03913    0  574  127.16438   99.03913  22.1%     -   29s
     0     0  104.34804    0  500  127.16438  104.34804  17.9%     -   46s
     0     0  104.58224    0  480  127.16438  104.58224  17.8%     -   48s
     0     0  104.59078    0  535  127.16438  104.59078  17.8%     -   48s
     0     0  104.59124    0  531  127.16438  104.59124  17.8%     -   48s
     0     0  105.15430    0  570  127.16438  105.15430  17.3%     -   53s
     0     0  105.23657    0  571  127.16438  105.23657  17.2%     -   54s
     0     0  105.27765    0  599  127.16438  105.27765  17.2%     -   55s
     0     0  105.27937    0  595  127.16438  105.27937  17.2%     -   55s
     0     0  105.27937    0  595  127.16438  105.27937  17.2%     -   55s
     0     0  105.90934    0  584  127.16438  105.90934  16.7%     -   60s
     0     0  105.97834    0  604  127.16438  105.97834  16.7%     -   62s
     0     0  105.98123    0  604  127.16438  105.98123  16.7%     -   62s
     0     0  105.98251    0  598  127.16438  105.98251  16.7%     -   63s
     0     0  106.30514    0  620  127.16438  106.30514  16.4%     -   68s
     0     0  106.34169    0  611  127.16438  106.34169  16.4%     -   70s
     0     0  106.34670    0  611  127.16438  106.34670  16.4%     -   70s
     0     0  106.34686    0  613  127.16438  106.34686  16.4%     -   71s
     0     0  106.60252    0  587  127.16438  106.60252  16.2%     -   78s
     0     0  106.64880    0  616  127.16438  106.64880  16.1%     -   79s
     0     0  106.65313    0  622  127.16438  106.65313  16.1%     -   80s
     0     0  106.65384    0  628  127.16438  106.65384  16.1%     -   80s
     0     0  107.17384    0  612  127.16438  107.17384  15.7%     -   89s
     0     0  107.24227    0  594  127.16438  107.24227  15.7%     -   91s
     0     0  107.24919    0  586  127.16438  107.24919  15.7%     -   92s
     0     0  107.25512    0  585  127.16438  107.25512  15.7%     -   92s
     0     0  107.25976    0  591  127.16438  107.25976  15.7%     -   93s
     0     0  107.25997    0  607  127.16438  107.25997  15.7%     -   93s
     0     0  107.54316    0  613  127.16438  107.54316  15.4%     -  101s
     0     0  107.60758    0  545  127.16438  107.60758  15.4%     -  103s
     0     0  107.61905    0  572  127.16438  107.61905  15.4%     -  104s
     0     0  107.62004    0  571  127.16438  107.62004  15.4%     -  104s
     0     0  107.69628    0  592  127.16438  107.69628  15.3%     -  110s
     0     0          -    0       127.16438  107.69628  15.3%     -  112s

Cutting planes:
  Learned: 3
  Gomory: 8
  Lift-and-project: 10
  Cover: 52
  Implied bound: 48
  Projected implied bound: 13
  Clique: 1
  MIR: 356
  StrongCG: 2
  Flow cover: 573
  GUB cover: 1
  Zero half: 2
  RLT: 32
  Relax-and-lift: 15

Explored 1 nodes (20532 simplex iterations) in 112.52 seconds (15.48 work units)
Thread count was 32 (of 32 available processors)

Solution count 1: 127.164 

Solve interrupted
Best objective 1.271643845958e+02, best bound 1.076962797408e+02, gap 15.3094%
