
Gurobi 9.5.2 (linux64) logging started Sat Aug 15 12:07:45 2026

Set parameter LogFile to value "/mnt/beegfs/users/celinep/ChargeAndBreak/logs/oracle_RshortCmanyTtight_2__kwh900_gurobi.log"
Gurobi Optimizer version 9.5.2 build v9.5.2rc0 (linux64)
Thread count: 16 physical cores, 32 logical processors, using up to 32 threads
Optimize a model with 3052 rows, 1602 columns and 22911 nonzeros
Model fingerprint: 0xfe62b309
Variable types: 1011 continuous, 591 integer (591 binary)
Coefficient statistics:
  Matrix range     [2e-02, 9e+02]
  Objective range  [5e-01, 1e+00]
  Bounds range     [1e+00, 3e+01]
  RHS range        [2e-02, 9e+02]

User MIP start produced solution with objective 45.1307 (0.01s)
Loaded user MIP start with objective 45.1307

Presolve removed 1167 rows and 401 columns
Presolve time: 0.22s
Presolved: 1885 rows, 1201 columns, 13135 nonzeros
Variable types: 728 continuous, 473 integer (471 binary)
Root relaxation presolve removed 31 rows and 30 columns
Root relaxation presolved: 1854 rows, 1171 columns, 12884 nonzeros


Root relaxation: objective 3.936833e+01, 1395 iterations, 0.14 seconds (0.06 work units)

    Nodes    |    Current Node    |     Objective Bounds      |     Work
 Expl Unexpl |  Obj  Depth IntInf | Incumbent    BestBd   Gap | It/Node Time

     0     0   39.36833    0   14   45.13066   39.36833  12.8%     -    0s
H    0     0                      41.8549701   39.36833  5.94%     -    0s
H    0     0                      41.8537378   39.36833  5.94%     -    0s
     0     0   39.37555    0   20   41.85374   39.37555  5.92%     -    0s
H    0     0                      41.2985294   39.37555  4.66%     -    0s
H    0     0                      39.4232979   39.37555  0.12%     -    0s
     0     0   39.37888    0   21   39.42330   39.37888  0.11%     -    0s

Cutting planes:
  Gomory: 6
  Cover: 3
  Implied bound: 13
  Clique: 13
  MIR: 16
  Flow cover: 33
  RLT: 1
  Relax-and-lift: 1

Explored 1 nodes (1496 simplex iterations) in 0.63 seconds (0.27 work units)
Thread count was 32 (of 32 available processors)

Solution count 5: 39.4233 41.2985 41.8537 ... 45.1307

Optimal solution found (tolerance 5.00e-03)
Best objective 3.942329785537e+01, best bound 3.937888395441e+01, gap 0.1127%
