
Gurobi 9.5.2 (linux64) logging started Tue Jul 28 15:16:34 2026

Set parameter LogFile to value "logs/oracle_RshortCmanyTnone_17_gurobi.log"
Gurobi Optimizer version 9.5.2 build v9.5.2rc0 (linux64)
Thread count: 16 physical cores, 32 logical processors, using up to 32 threads
Optimize a model with 2506 rows, 1432 columns and 8522 nonzeros
Model fingerprint: 0xd97f212f
Variable types: 897 continuous, 535 integer (535 binary)
Coefficient statistics:
  Matrix range     [4e-02, 6e+02]
  Objective range  [1e+00, 1e+00]
  Bounds range     [1e+00, 1e+00]
  RHS range        [1e-02, 2e+07]
Presolve removed 938 rows and 392 columns
Presolve time: 0.03s
Presolved: 1568 rows, 1040 columns, 6539 nonzeros
Variable types: 640 continuous, 400 integer (400 binary)
Found heuristic solution: objective 48.9827419

Root relaxation: objective 2.876995e+01, 1130 iterations, 0.02 seconds (0.03 work units)

    Nodes    |    Current Node    |     Objective Bounds      |     Work
 Expl Unexpl |  Obj  Depth IntInf | Incumbent    BestBd   Gap | It/Node Time

     0     0   28.76995    0  119   48.98274   28.76995  41.3%     -    0s
H    0     0                      46.8539861   28.76995  38.6%     -    0s
     0     0   29.50730    0  114   46.85399   29.50730  37.0%     -    0s
H    0     0                      46.5384189   29.50730  36.6%     -    0s
     0     0   29.53540    0  115   46.53842   29.53540  36.5%     -    0s
     0     0   29.53567    0  114   46.53842   29.53567  36.5%     -    0s
     0     0   29.95610    0  107   46.53842   29.95610  35.6%     -    0s
H    0     0                      46.5261455   30.06549  35.4%     -    0s
     0     0   30.06549    0   86   46.52615   30.06549  35.4%     -    0s
     0     0   30.06549    0   85   46.52615   30.06549  35.4%     -    0s
     0     0   30.41374    0   98   46.52615   30.41374  34.6%     -    0s
     0     0   30.46221    0  105   46.52615   30.46221  34.5%     -    0s
     0     0   30.46734    0  108   46.52615   30.46734  34.5%     -    0s
     0     0   30.47530    0  109   46.52615   30.47530  34.5%     -    0s
     0     0   30.60446    0   99   46.52615   30.60446  34.2%     -    0s
     0     0   30.62760    0  108   46.52615   30.62760  34.2%     -    0s
     0     0   30.63450    0  108   46.52615   30.63450  34.2%     -    0s
     0     0   30.63514    0  109   46.52615   30.63514  34.2%     -    0s
     0     0   30.66991    0  102   46.52615   30.66991  34.1%     -    0s
     0     0   30.67179    0  110   46.52615   30.67179  34.1%     -    0s
     0     0   30.67179    0  104   46.52615   30.67179  34.1%     -    0s
     0     0   30.68997    0  102   46.52615   30.68997  34.0%     -    0s
H    0     0                      46.1637793   30.68997  33.5%     -    0s
     0     0   30.69009    0  100   46.16378   30.69009  33.5%     -    0s
     0     0   30.74228    0   97   46.16378   30.74228  33.4%     -    0s
H    0     0                      46.1194221   30.74228  33.3%     -    0s
     0     0   30.74893    0  101   46.11942   30.74893  33.3%     -    0s
     0     0   30.74978    0  102   46.11942   30.74978  33.3%     -    0s
     0     0   30.75042    0  102   46.11942   30.75042  33.3%     -    0s
     0     0   30.75153    0  103   46.11942   30.75153  33.3%     -    0s
     0     0   30.75186    0  103   46.11942   30.75186  33.3%     -    0s
     0     0   30.77647    0  101   46.11942   30.77647  33.3%     -    0s
     0     0   30.77676    0  101   46.11942   30.77676  33.3%     -    0s
     0     0   30.80030    0  104   46.11942   30.80030  33.2%     -    0s
     0     0   30.80188    0   99   46.11942   30.80188  33.2%     -    0s
     0     0   30.80310    0  102   46.11942   30.80310  33.2%     -    0s
     0     0   30.80310    0  102   46.11942   30.80310  33.2%     -    0s
     0     0   30.82157    0  110   46.11942   30.82157  33.2%     -    0s
     0     0   30.82170    0  101   46.11942   30.82170  33.2%     -    0s
     0     0   30.82201    0  113   46.11942   30.82201  33.2%     -    0s
     0     0   30.82201    0  113   46.11942   30.82201  33.2%     -    0s
     0     0   30.82215    0  113   46.11942   30.82215  33.2%     -    0s
     0     0   30.82215    0   87   46.11942   30.82215  33.2%     -    0s
H    0     0                      37.9655802   30.82215  18.8%     -    0s
     0     2   30.82334    0   86   37.96558   30.82334  18.8%     -    0s
H   32    44                      37.9137793   30.82334  18.7%  41.5    0s
H   34    44                      37.8974653   30.82334  18.7%  40.6    0s
H   40    44                      37.8694221   30.82334  18.6%  40.4    0s
H  127   121                      37.3570457   30.82334  17.5%  32.4    0s
H  128   121                      37.1883959   30.82334  17.1%  32.2    0s
H  132   121                      37.0855561   30.82334  16.9%  32.1    0s
H  179   117                      36.9886665   30.82334  16.7%  28.2    1s
H  723   238                      36.9886664   30.83209  16.6%  27.0    3s

Cutting planes:
  Gomory: 13
  Cover: 21
  Implied bound: 48
  MIR: 69
  StrongCG: 1
  Flow cover: 98
  Inf proof: 2
  RLT: 36
  Relax-and-lift: 6

Explored 3998 nodes (105876 simplex iterations) in 4.79 seconds (4.69 work units)
Thread count was 32 (of 32 available processors)

Solution count 10: 36.9887 36.9887 37.0856 ... 46.1194

Optimal solution found (tolerance 5.00e-03)
Best objective 3.698866643627e+01, best bound 3.683092283902e+01, gap 0.4265%
