
Gurobi 9.5.2 (linux64) logging started Sat Aug 15 01:09:44 2026

Set parameter LogFile to value "/mnt/beegfs/users/celinep/ChargeAndBreak/logs/oracle_RlongCfewTmedium_14_gurobi.log"
Gurobi Optimizer version 9.5.2 build v9.5.2rc0 (linux64)
Thread count: 16 physical cores, 32 logical processors, using up to 32 threads
Optimize a model with 9630 rows, 5066 columns and 179308 nonzeros
Model fingerprint: 0x7633637b
Variable types: 3194 continuous, 1872 integer (1872 binary)
Coefficient statistics:
  Matrix range     [1e-02, 2e+03]
  Objective range  [5e-01, 1e+00]
  Bounds range     [1e+00, 6e+01]
  RHS range        [2e-02, 5e+02]

User MIP start did not produce a new incumbent solution

Presolve removed 2971 rows and 945 columns
Presolve time: 2.98s
Presolved: 6659 rows, 4121 columns, 161856 nonzeros
Variable types: 2461 continuous, 1660 integer (1660 binary)
Found heuristic solution: objective 2041.2713820
Root relaxation presolve removed 180 rows and 117 columns
Root relaxation presolved: 6479 rows, 4004 columns, 125381 nonzeros


Root simplex log...

Iteration    Objective       Primal Inf.    Dual Inf.      Time
    2708    6.0350249e+01   9.009208e+04   0.000000e+00      5s
    5024    1.0894100e+02   0.000000e+00   0.000000e+00      6s
    5024    1.0894100e+02   0.000000e+00   0.000000e+00      6s

Root relaxation: objective 1.089410e+02, 5024 iterations, 2.05 seconds (1.07 work units)
Another try with MIP start

    Nodes    |    Current Node    |     Objective Bounds      |     Work
 Expl Unexpl |  Obj  Depth IntInf | Incumbent    BestBd   Gap | It/Node Time

H    0     0                     135.6441853  108.94100  19.7%     -   11s
     0     0  108.94100    0  286  135.64419  108.94100  19.7%     -   11s
     0     0  110.93129    0  340  135.64419  110.93129  18.2%     -   15s
     0     0  110.95135    0  324  135.64419  110.95135  18.2%     -   16s
     0     0  110.95612    0  275  135.64419  110.95612  18.2%     -   16s
     0     0  110.95709    0  279  135.64419  110.95709  18.2%     -   16s
     0     0  110.95713    0  279  135.64419  110.95713  18.2%     -   16s
     0     0  111.13861    0  453  135.64419  111.13861  18.1%     -   17s
     0     0  111.15068    0  483  135.64419  111.15068  18.1%     -   18s
     0     0  111.15318    0  450  135.64419  111.15318  18.1%     -   18s
     0     0  111.15341    0  450  135.64419  111.15341  18.1%     -   18s
     0     0  111.44853    0  364  135.64419  111.44853  17.8%     -   20s
     0     0  111.51993    0  355  135.64419  111.51993  17.8%     -   20s
     0     0  111.53419    0  317  135.64419  111.53419  17.8%     -   21s
     0     0  111.53509    0  315  135.64419  111.53509  17.8%     -   21s
     0     0  111.53524    0  289  135.64419  111.53524  17.8%     -   21s
     0     0  111.67765    0  349  135.64419  111.67765  17.7%     -   22s
     0     0  111.71642    0  323  135.64419  111.71642  17.6%     -   23s
     0     0  111.72799    0  360  135.64419  111.72799  17.6%     -   23s
     0     0  111.72854    0  351  135.64419  111.72854  17.6%     -   23s
     0     0  111.72866    0  365  135.64419  111.72866  17.6%     -   23s
     0     0  111.85951    0  328  135.64419  111.85951  17.5%     -   25s
     0     0  111.87150    0  367  135.64419  111.87150  17.5%     -   25s
     0     0  111.87326    0  360  135.64419  111.87326  17.5%     -   25s
     0     0  111.87368    0  350  135.64419  111.87368  17.5%     -   25s
     0     0  111.91748    0  354  135.64419  111.91748  17.5%     -   28s
     0     0  111.92101    0  427  135.64419  111.92101  17.5%     -   28s
     0     0  111.92322    0  422  135.64419  111.92322  17.5%     -   28s
     0     0  111.92436    0  428  135.64419  111.92436  17.5%     -   28s
     0     0  111.92478    0  425  135.64419  111.92478  17.5%     -   28s
     0     0  111.96419    0  393  135.64419  111.96419  17.5%     -   31s
     0     0  111.97054    0  408  135.64419  111.97054  17.5%     -   31s
     0     0  111.97243    0  394  135.64419  111.97243  17.5%     -   31s
     0     0  111.97261    0  424  135.64419  111.97261  17.5%     -   31s
     0     0  111.98518    0  398  135.64419  111.98518  17.4%     -   33s
     0     0  111.99439    0  433  135.64419  111.99439  17.4%     -   33s
     0     0  111.99535    0  444  135.64419  111.99535  17.4%     -   33s
     0     0  111.99535    0  444  135.64419  111.99535  17.4%     -   34s
     0     0  112.01772    0  406  135.64419  112.01772  17.4%     -   36s
     0     0  112.01933    0  388  135.64419  112.01933  17.4%     -   37s
     0     0  112.01964    0  394  135.64419  112.01964  17.4%     -   37s
     0     0  112.02485    0  417  135.64419  112.02485  17.4%     -   39s
     0     0  112.02576    0  423  135.64419  112.02576  17.4%     -   40s
     0     0  112.02615    0  423  135.64419  112.02615  17.4%     -   40s
     0     0  112.03337    0  431  135.64419  112.03337  17.4%     -   42s
     0     0  112.03390    0  428  135.64419  112.03390  17.4%     -   42s
     0     0  112.04789    0  395  135.64419  112.04789  17.4%     -   45s
     0     0  112.05123    0  386  135.64419  112.05123  17.4%     -   45s
     0     0  112.05210    0  420  135.64419  112.05210  17.4%     -   45s
     0     0  112.05218    0  426  135.64419  112.05218  17.4%     -   45s
     0     0  112.05706    0  427  135.64419  112.05706  17.4%     -   47s
     0     0  112.05754    0  429  135.64419  112.05754  17.4%     -   48s
     0     0  112.07047    0  381  135.64419  112.07047  17.4%     -   50s
     0     0  112.07205    0  431  135.64419  112.07205  17.4%     -   51s
     0     0  112.07245    0  425  135.64419  112.07245  17.4%     -   51s
     0     0  112.07697    0  380  135.64419  112.07697  17.4%     -   53s
     0     0  112.07806    0  392  135.64419  112.07806  17.4%     -   54s
     0     0  112.07811    0  399  135.64419  112.07811  17.4%     -   54s
     0     0  112.08270    0  396  135.64419  112.08270  17.4%     -   55s
     0     0  112.08270    0  356  135.64419  112.08270  17.4%     -   56s
     0     2  112.08270    0  354  135.64419  112.08270  17.4%     -   57s
     7    16  112.10665    3  492  135.64419  112.10298  17.4%   451   60s
    63    80  113.35822    7  434  135.64419  112.11575  17.3%   393   66s
H   79    96                     135.3444470  112.11674  17.2%   383   68s
H   81    96                     135.2391553  112.12517  17.1%   383   68s
H   82    96                     124.4334520  112.12517  9.89%   379   68s
   111   131  112.13784   10  458  124.43345  112.13410  9.88%   396   70s
   130   147  112.15167   11  489  124.43345  112.13809  9.88%   399   75s
H  132   147                     124.4044324  112.15178  9.85%   396   75s
H  133   147                     124.2784395  112.15178  9.76%   393   75s
H  186   204                     124.2763246  112.16184  9.75%   389   79s
H  188   204                     124.2045894  112.16682  9.69%   389   79s
   203   222  113.72322   15  423  124.20459  112.16798  9.69%   401   81s
H  247   264                     124.1820082  112.18335  9.66%   397   84s
H  248   264                     124.1316371  112.18715  9.62%   399   84s
   263   297  112.19795   21  440  124.13164  112.19309  9.62%   402   86s
H  296   313                     124.1197243  112.19621  9.61%   394   90s
H  297   313                     124.0522078  112.19621  9.56%   393   90s
H  351   371                     124.0311428  112.22550  9.52%   425   95s
H  355   371                     124.0196193  112.22733  9.51%   426   95s
   413   436  112.97781   14  259  124.01962  112.25576  9.49%   445  100s
H  416   436                     123.9856971  112.25640  9.46%   443  100s
   470   487  112.27491   26  484  123.98570  112.27491  9.45%   454  106s
   506   550  112.47036   28  458  123.98570  112.28203  9.44%   464  110s
   582   630  112.56691   30  413  123.98570  112.30613  9.42%   464  115s
   753   822  115.92952   30  352  123.98570  112.32750  9.40%   447  122s
   821   891  112.33929   37  388  123.98570  112.33149  9.40%   438  125s
   972  1088  116.62893   27  358  123.98570  112.33950  9.39%   415  131s
  1144  1291  112.69535   45  397  123.98570  112.34759  9.39%   402  137s
  1296  1423  112.69288   36  408  123.98570  112.34798  9.39%   386  140s
H 1434  1524                     123.8890243  112.35130  9.31%   375  144s
  1530  1681  114.86354   54  415  123.88902  112.35549  9.31%   370  147s
  1687  1801  112.36289   24  361  123.88902  112.35964  9.31%   356  150s
  1937  2065  112.36773   28  360  123.88902  112.36773  9.30%   343  159s
  2072  2066  113.11675   36  356  123.88902  112.37149  9.30%   334  174s
  2074  2067  113.74508   24  113  123.88902  112.37149  9.30%   334  180s
  2075  2068  113.43748   29  326  123.88902  112.37149  9.30%   333  186s
  2082  2073  112.45629   21  469  123.88902  112.37149  9.30%   332  190s
  2085  2075  113.34482   16  307  123.88902  112.37149  9.30%   332  202s
  2088  2077  113.05372   72  393  123.88902  112.38029  9.29%   331  208s
  2089  2077  112.46447   49  315  123.88902  112.43887  9.24%   331  221s
  2093  2080  112.45639   33  531  123.88902  112.45639  9.23%   331  227s
  2094  2081  113.01326   31  398  123.88902  112.50067  9.19%   330  238s
  2097  2083  114.51514   33  436  123.88902  112.51437  9.18%   330  244s
  2098  2083  116.32094   21  335  123.88902  112.54366  9.16%   330  254s
  2099  2084  112.55126   28  388  123.88902  112.55126  9.15%   330  255s
  2101  2085  112.92562   39  427  123.88902  112.55419  9.15%   329  261s
  2102  2086  113.04224   44  329  123.88902  112.58744  9.12%   329  272s
  2104  2087  113.26571    6  427  123.88902  112.59291  9.12%   329  277s
  2105  2088  116.93176   28  441  123.88902  112.60681  9.11%   329  289s
  2107  2089  113.40027   24  432  123.88902  112.61108  9.10%   328  290s
  2108  2090  112.85318   58  429  123.88902  112.61227  9.10%   328  295s
  2109  2091  115.84337   42  289  123.88902  112.62955  9.09%   328  306s
  2110  2091  112.91144   29  402  123.88902  112.63025  9.09%   328  312s
  2111  2092  112.78510   34  384  123.88902  112.65467  9.07%   328  326s
H 2113  1987                     123.8777222  112.66379  9.05%   327  333s
  2115  1989  113.33923   12  418  123.87772  112.68080  9.04%   327  343s
  2119  1991  113.13673   15  490  123.87772  112.69279  9.03%   327  349s
  2120  1992  115.94606   42  371  123.87772  112.71646  9.01%   326  362s
  2122  1993  113.46288   56  480  123.87772  112.72222  9.01%   326  367s
  2123  1994  113.34482   16  469  123.87772  112.73874  8.99%   326  373s
H 2124  1895                     123.8776282  112.74131  8.99%   326  380s
  2126  1896  117.58928   33  412  123.87763  112.76497  8.97%   325  392s
  2129  1898  115.24840   28  503  123.87763  112.77162  8.97%   325  398s
  2130  1899  116.12312   40  379  123.87763  112.80668  8.94%   325  413s
  2132  1900  112.81345   14  499  123.87763  112.81345  8.93%   325  420s
  2133  1901  113.19129   14  370  123.87763  112.89221  8.87%   324  437s
  2138  1904  116.22989   38  538  123.87763  112.91628  8.85%   324  445s
  2139  1905  112.95334   39  414  123.87763  112.95334  8.82%   324  459s
  2140  1905  112.96537   26  418  123.87763  112.96537  8.81%   323  460s
  2143  1907  113.23456   20  436  123.87763  112.99416  8.79%   323  468s
  2144  1908  117.37863   11  425  123.87763  113.05592  8.74%   323  483s
  2147  1910  113.07278   67  536  123.87763  113.07278  8.72%   322  490s
  2148  1911  113.10026   27  439  123.87763  113.10026  8.70%   322  498s
  2150  1912  114.18993   28  467  123.87763  113.10470  8.70%   322  505s
  2151  1913  113.20401   14  424  123.87763  113.13244  8.67%   322  516s
  2155  1915  114.06560   49  479  123.87763  113.15216  8.66%   321  522s
  2156  1916  113.76122   18  424  123.87763  113.19259  8.63%   321  539s
  2157  1917  113.76159   21  432  123.87763  113.19343  8.62%   321  545s
  2158  1917  114.27345   28  390  123.87763  113.19925  8.62%   321  553s
  2160  1919  117.42645   17  468  123.87763  113.21195  8.61%   320  559s
  2161  1919  113.69750    7  393  123.87763  113.22039  8.60%   320  572s
  2164  1921  113.22907   25  452  123.87763  113.22907  8.60%   320  581s
  2165  1922  113.23713   36  497  123.87763  113.23713  8.59%   320  596s
  2166  1923  113.23743   42  524  123.87763  113.23743  8.59%   319  602s
  2167  1923  113.24406   40  490  123.87763  113.24406  8.58%   319  611s
  2170  1925  113.25244   18  529  123.87763  113.25244  8.58%   319  619s
  2171  1926  116.80761   54  474  123.87763  113.26186  8.57%   319  632s
  2172  1927  113.26290   36  525  123.87763  113.26290  8.57%   319  639s
  2173  1927  114.35691   13  450  123.87763  113.26565  8.57%   318  647s
  2177  1930  113.27363   22  514  123.87763  113.27363  8.56%   318  652s
  2178  1931  113.27586   35  485  123.87763  113.27586  8.56%   318  663s
  2179  1931  114.30534   12  461  123.87763  113.27586  8.56%   318  666s
  2180  1932  113.27586   26  461  123.87763  113.27586  8.56%   317  674s
  2181  1935  113.27586   12  418  123.87763  113.27586  8.56%   359  725s
  2183  1937  113.38743   13  502  123.87763  113.38743  8.47%   360  785s
  2186  1941  113.56802   14  475  123.87763  113.53067  8.35%   360  792s
  2192  1947  113.57111   15  527  123.87763  113.56854  8.32%   362  800s
  2203  1957  113.57423   16  496  123.87763  113.57195  8.32%   364  806s
  2219  1967  113.57713   17  511  123.87763  113.57446  8.32%   368  811s
  2235  1974  113.76824   18  441  123.87763  113.57743  8.31%   371  816s
H 2267  1891                     123.8776282  113.57971  8.31%   381  824s
  2283  1908  113.58010   21  530  123.87763  113.58010  8.31%   381  827s
  2308  1915  113.58063   22  523  123.87763  113.58063  8.31%   383  834s
H 2313  1821                     123.8679087  113.58122  8.30%   383  834s
  2324  1835  113.58276   23  532  123.86791  113.58276  8.30%   384  838s
  2344  1855  113.93323   25  425  123.86791  113.58298  8.30%   387  842s
  2371  1868  113.67037   26  493  123.86791  113.67037  8.23%   390  846s
H 2422  1799                     123.8679086  113.68135  8.22%   393  869s
H 2435  1710                     123.7316181  113.74096  8.07%   395  869s
  2441  1740  113.75765   31  481  123.73162  113.74146  8.07%   397  873s
  2473  1749  113.76082   33  485  123.73162  113.76082  8.06%   397  881s
  2495  1776  113.84025   34  449  123.73162  113.81497  8.01%   400  885s
  2561  1842  114.07384   37  466  123.73162  113.84756  7.99%   408  892s
  2619  1865  113.97785   39  436  123.73162  113.86062  7.98%   408  897s
  2746  1986  114.71857   52  413  123.73162  113.87493  7.97%   409  902s
  2828  2020  113.88607   53  484  123.73162  113.88607  7.96%   407  916s
  2889  2030  114.08733   39  478  123.73162  113.89611  7.95%   407  936s
  2919  2054  115.00907   46  391  123.73162  113.90121  7.94%   414  950s
  2953  2074  114.34578   33  362  123.73162  113.90506  7.94%   418  964s
  2985  2111  113.90607   36  407  123.73162  113.90607  7.94%   423  980s
  3033  2134  113.90788   39  404  123.73162  113.90788  7.94%   423  993s
  3072  2167  114.38431   42  349  123.73162  113.90788  7.94%   425 1009s
  3121  2194  114.19556   44  393  123.73162  113.91600  7.93%   427 1026s
  3167  2222  114.20643   37  405  123.73162  113.92400  7.93%   429 1033s
  3220  2216  114.40609   41  416  123.73162  113.93232  7.92%   434 1049s
  3236  2282  114.00748   42  469  123.73162  113.93617  7.92%   435 1065s
  3309  2315  119.77202   27  382  123.73162  113.93893  7.91%   436 1082s
  3368  2466  114.21407   48  458  123.73162  113.94158  7.91%   441 1088s
  3547  2489  113.94619   41  527  123.73162  113.94604  7.91%   433 1109s
  3630  2654  113.99024   31  473  123.73162  113.94901  7.91%   431 1115s
  3854  2787  117.77696   37  569  123.73162  113.95237  7.90%   427 1124s
  4069  3014  115.17041   40  464  123.73162  113.95642  7.90%   421 1132s
  4373  2980 infeasible   32       123.73162  113.95993  7.90%   409 1139s
  4442  3090  114.05967   48  377  123.73162  113.96294  7.90%   413 1147s
  4589  3337  120.44853   31  418  123.73162  113.96696  7.89%   412 1160s
  4885  3316  114.21145   45  416  123.73162  113.96961  7.89%   404 1171s
  4968  3482  114.04544   39  475  123.73162  113.97281  7.89%   410 1180s
  5631  3759  114.10225   41  383  123.73162  113.98053  7.88%   391 1195s
  5707  3990  120.65138   56  479  123.73162  113.98279  7.88%   395 1205s
  6008  4179  114.46864   32  315  123.73162  113.98291  7.88%   389 1212s
  6313  4324  114.17024   52  433  123.73162  113.98899  7.87%   381 1227s
  6580  4576  114.00239   32  392  123.73162  113.99233  7.87%   377 1236s
  6930  4550  116.21691   35  431  123.73162  113.99623  7.87%   370 1263s
  7008  4830  114.17099   54  442  123.73162  114.00213  7.86%   372 1273s
  7326  4859  116.29356   65  505  123.73162  114.00576  7.86%   368 1287s
  7364  4948  114.47449   51  468  123.73162  114.00880  7.86%   369 1296s
  7469  5551  114.06767   45  402  123.73162  114.01153  7.86%   372 1308s
  8096  5997  114.19210   30  279  123.73162  114.01454  7.85%   359 1317s
  8587  6706  114.01663   56  437  123.73162  114.01663  7.85%   351 1328s
  9324  6776  121.65712   58  464  123.73162  114.02043  7.85%   336 1346s
  9400  7327  114.26883   64  362  123.73162  114.02387  7.85%   339 1359s
  9986  7712  114.17055   33  292  123.73162  114.02625  7.84%   330 1375s
 10386  7909  117.68562   59  484  123.73162  114.02917  7.84%   325 1398s
 10597  9029  114.21029   29  361  123.73162  114.03228  7.84%   325 1413s
 11781  9995  114.35533   33  427  123.73162  114.03427  7.84%   305 1427s
 12825 10979  115.29737   68  382  123.73162  114.03651  7.84%   293 1443s
 13880 11073  114.21758   41  328  123.73162  114.03996  7.83%   282 1455s
 13986 11939  114.21987   43  470  123.73162  114.04303  7.83%   285 1474s
 14931 11947  114.28920   42  431  123.73162  114.04533  7.83%   277 1493s
 14950 12060  114.80301   39  389  123.73162  114.04673  7.83%   279 1512s
 15067 12207 infeasible   48       123.73162  114.04835  7.83%   281 1536s
 15222 12534  114.20211   40  426  123.73162  114.05003  7.82%   283 1602s
 15570 12650  114.15446   58  367  123.73162  114.05209  7.82%   283 1624s
 15713 13628  114.05500   46  394  123.73162  114.05379  7.82%   285 1645s
 16784 14867  114.32250   35  369  123.73162  114.05791  7.82%   281 1665s
 18112 15012  120.74359   50  468  123.73162  114.06171  7.82%   272 1687s
 18274 15699  114.82124   36  420  123.73162  114.06580  7.81%   274 1707s
 19054 17139  114.29965   54  391  123.73162  114.06813  7.81%   270 1729s
 20576 19411  114.43776   48  265  123.73162  114.07097  7.81%   261 1777s
 23083 19523  114.33186   47  401  123.73162  114.07482  7.80%   251 1793s
 23207 20543  114.23468   31  465  123.73162  114.07722  7.80%   253 1812s
 24327 20700  114.09835   63  425  123.73162  114.07914  7.80%   249 1833s
 24494 21394  115.35415   65  352  123.73162  114.08099  7.80%   252 1854s
 25350 21418  120.30493   23  550  123.73162  114.08465  7.80%   251 1880s
 25387 21558  115.59299   36  373  123.73162  114.08586  7.80%   252 1914s
 25544 22419  114.78506   49  283  123.73162  114.08773  7.79%   254 1936s
 26647 23531  121.91261   49  459  123.73162  114.08976  7.79%   254 1962s
 28005 24963  117.49296   50  377  123.73162  114.09239  7.79%   251 1990s
 29631 25122  120.93342   46  418  123.73162  114.09667  7.79%   245 2017s
 29831 26552  115.01702   50  384  123.73162  114.09897  7.79%   247 2046s
 31337 27531  115.68308   50  405  123.73162  114.10121  7.78%   243 2082s
H31839 27531                     123.7316181  114.10211  7.78%   242 2082s
H32194 27529                     123.7192157  114.10244  7.77%   241 2083s
 32426 28035  121.41666   30  428  123.71922  114.10400  7.77%   241 2108s
 32968 29828  116.12066   47  471  123.71922  114.10644  7.77%   240 2140s
 34915 31138 infeasible   46       123.71922  114.10992  7.77%   235 2169s
 34964 31138  115.06602   52  321  123.71922  114.10996  7.77%   235 2170s
 36460 32805  114.37375   60  488  123.71922  114.11374  7.76%   234 2196s
 38324 33014  114.91119   58  409  123.71922  114.11656  7.76%   231 2226s
 38555 34931  114.13305   51  510  123.71922  114.12007  7.76%   233 2256s
 40658 34980     cutoff   43       123.71922  114.12452  7.76%   229 2287s
 40733 36971  117.61328   55  431  123.71922  114.12744  7.75%   230 2320s
 42915 37782  114.19372   41  283  123.71922  114.12940  7.75%   226 2376s
 43811 44371  115.66143   40  433  123.71922  114.13195  7.75%   227 2484s
 44233 44371  114.18498   31  593  123.71922  114.13195  7.75%   226 2485s
 51043 44579  114.27634   71  426  123.71922  114.13903  7.74%   218 2513s
 51283 46224  114.15209   38  387  123.71922  114.14443  7.74%   219 2543s
H53102 46313                     123.7192156  114.14698  7.74%   219 2581s
H53132 46313                     123.7192155  114.14879  7.74%   219 2581s
H53161 46313                     123.7192147  114.14888  7.74%   219 2581s
H53195 46312                     123.7094961  114.14981  7.73%   219 2581s
 53207 47527  114.32661   54  271  123.70950  114.14991  7.73%   219 2626s
 54572 47759  114.28307   64  405  123.70950  114.15320  7.72%   219 2670s
H54731 47759                     123.7094961  114.15420  7.72%   219 2670s
 54825 50125 infeasible   42       123.70950  114.15461  7.72%   220 2707s
 57503 52512  116.09046   38  352  123.70950  114.15743  7.72%   217 2745s
 60186 52766  117.49650   56  431  123.70950  114.16099  7.72%   214 2783s
 60461 54989  114.16262   52  485  123.70950  114.16249  7.72%   214 2824s
 60923 54989  114.65949   37  365  123.70950  114.16262  7.72%   214 2825s
 62904 55778  114.17618   50  428  123.70950  114.16547  7.71%   212 2854s
 63895 58642     cutoff   50       123.70950  114.16828  7.71%   212 2909s
 65074 58642  114.90893   55  350  123.70950  114.16925  7.71%   211 2910s
 67177 58829  114.17586   37  587  123.70950  114.17201  7.71%   211 2949s
 67400 60860 infeasible   51       123.70950  114.17395  7.71%   211 2982s
 69779 62817  114.88070   30  344  123.70950  114.17655  7.71%   210 3018s
 72035 63021 infeasible   57       123.70950  114.17864  7.70%   209 3057s
H72218 63021                     123.7094954  114.17996  7.70%   209 3057s
 72267 64820  115.22022   52  348  123.70950  114.18023  7.70%   209 3092s
 74355 66308 infeasible   40       123.70950  114.18244  7.70%   208 3128s
 76252 66437  114.51922   58  289  123.70950  114.18589  7.70%   209 3206s
 76413 66673  115.84333   54  410  123.70950  114.18695  7.70%   209 3272s
 76724 68827 infeasible   59       123.70950  114.18755  7.70%   209 3317s
 79134 69363  114.27044   63  390  123.70950  114.18965  7.70%   208 3357s
 79741 71367 infeasible   53       123.70950  114.19057  7.69%   208 3396s
 81953 73304  115.79150   37  403  123.70950  114.19176  7.69%   208 3431s
 84178 74087 infeasible   53       123.70950  114.19457  7.69%   207 3464s
 85187 76413  114.42157   41  393  123.70950  114.19598  7.69%   208 3520s
 87909 76624 infeasible   41       123.70950  114.19843  7.69%   207 3558s
 88184 79207  114.52491   42  392  123.70950  114.19981  7.69%   208 3601s
 91290 79353     cutoff   69       123.70950  114.20233  7.69%   207 3638s
 91494 81745  114.32358   48  418  123.70950  114.20416  7.68%   207 3679s
 94272 82008  114.41881   55  452  123.70950  114.20677  7.68%   206 3724s
H94328 82008                     123.7094950  114.20759  7.68%   206 3724s
H94544 82003                     123.6939591  114.20793  7.67%   206 3724s
 94600 83699  114.64963   41  329  123.69396  114.20829  7.67%   206 3763s
 96753 83929  114.22733   61  482  123.69396  114.21004  7.67%   206 3815s
 97121 85779  115.34440   69  328  123.69396  114.21224  7.67%   207 3859s
 97206 85779  114.77590   91  484  123.69396  114.21240  7.67%   207 3860s
 99389 88234  114.33724   65  349  123.69396  114.21418  7.66%   207 3900s
 102252 88542     cutoff   62       123.69396  114.21597  7.66%   206 3947s
 102598 90603 infeasible   61       123.69396  114.21730  7.66%   206 3989s
 104399 90603  114.51233   56  390  123.69396  114.21806  7.66%   206 3990s
 105262 92241  115.64130   61  383  123.69396  114.21889  7.66%   206 4030s
 107647 94005  114.28775   41  461  123.69396  114.22085  7.66%   206 4110s
H109180 94005                     123.6939584  114.22153  7.66%   206 4110s
 109843 94387  120.05411   63  419  123.69396  114.22202  7.66%   206 4168s
 110299 98225  114.37995   37  435  123.69396  114.22407  7.66%   207 4238s
 114861 100500 infeasible   74       123.69396  114.22694  7.65%   206 4283s
 117458 100737  114.74120   30  386  123.69396  114.23011  7.65%   206 4328s
 117752 102913  114.32510   63  369  123.69396  114.23100  7.65%   206 4380s
 120400 104740  114.25088   47  458  123.69396  114.23286  7.65%   206 4423s
 122571 104740  118.48823   50  273  123.69396  114.23417  7.65%   206 4425s
 122717 104815 infeasible   67       123.69396  114.23417  7.65%   206 4523s
 122828 105124  114.67636   46  406  123.69396  114.23526  7.65%   206 4576s
 123182 107224 infeasible   61       123.69396  114.23610  7.65%   207 4629s
 124849 107224     cutoff   61       123.69396  114.23662  7.65%   207 4630s
 125715 109326 infeasible   57       123.69396  114.23813  7.64%   207 4682s
 128286 109692  114.34304   40  412  123.69396  114.24012  7.64%   207 4767s
 128770 120511 infeasible   59       123.69396  114.24154  7.64%   207 5005s
 142795 120796  114.62930   73  302  123.69396  114.25072  7.63%   209 5052s
 143143 121054  117.14861   53  364  123.69396  114.25241  7.63%   209 5113s
 143462 123236     cutoff   67       123.69396  114.25394  7.63%   209 5168s
 146166 123442  114.51913   57  370  123.69396  114.25652  7.63%   210 5228s
 146425 125807  115.30669   59  370  123.69396  114.25765  7.63%   210 5289s
 149417 126167     cutoff   65       123.69396  114.25941  7.63%   210 5353s
 149831 138571 infeasible   49       123.69396  114.26073  7.63%   211 5624s
 150832 138571 infeasible   57       123.69396  114.26076  7.63%   211 5625s
 165789 138784 infeasible   49       123.69396  114.26893  7.62%   210 5684s
 166083 139019  114.27006   67  392  123.69396  114.27006  7.62%   211 5732s
 166478 139270  114.57611   68  381  123.69396  114.27103  7.62%   211 5793s
 166874 142020     cutoff   73       123.69396  114.27237  7.62%   212 5852s
 170116 144704  114.43105   55  488  123.69396  114.27392  7.62%   211 5913s
 173499 144940  114.32713   68  318  123.69396  114.27665  7.61%   211 5959s
 173809 146988  115.37320   59  369  123.69396  114.27736  7.61%   212 6009s
 173990 146988  114.75431   70  413  123.69396  114.27749  7.61%   212 6010s
 176644 147333  118.08368   62  548  123.69396  114.27901  7.61%   212 6065s
 177080 149626  115.66031   49  328  123.69396  114.28034  7.61%   212 6118s
 180240 151648  114.32975   89  372  123.69396  114.28256  7.61%   212 6170s
 182879 151955  114.70040   74  417  123.69396  114.28435  7.61%   212 6242s
 183291 154259 infeasible   55       123.69396  114.28501  7.61%   212 6293s
 186246 156589 infeasible   47       123.69396  114.28636  7.61%   212 6349s
 189272 156856  116.46304   78  299  123.69396  114.28891  7.60%   212 6407s
 189613 159143  117.09058   64  345  123.69396  114.29017  7.60%   212 6456s
 192349 161888  116.34329   63  423  123.69396  114.29137  7.60%   212 6523s
 195825 162142  117.96237   67  355  123.69396  114.29351  7.60%   211 6586s
 196171 164604  114.51210   61  344  123.69396  114.29430  7.60%   212 6637s
 199239 164967  116.76426   54  273  123.69396  114.29612  7.60%   211 6691s
 199680 167481 infeasible   53       123.69396  114.29689  7.60%   212 6748s
 202896 169059  114.41762   62  423  123.69396  114.29924  7.60%   211 6795s
 205135 169625  114.57405   62  340  123.69396  114.30046  7.59%   211 6844s
 205891 171471  116.33716   78  439  123.69396  114.30128  7.59%   212 6894s
 208663 173571     cutoff   55       123.69396  114.30305  7.59%   212 6948s
 211366 173905     cutoff   57       123.69396  114.30389  7.59%   212 6989s
 211814 175906  114.66467   66  420  123.69396  114.30521  7.59%   212 7024s
 213703 175906  114.48129   88  368  123.69396  114.30572  7.59%   212 7025s
 214486 178499  116.00101   50  428  123.69396  114.30756  7.59%   212 7078s
 217952 178720 infeasible   56       123.69396  114.30932  7.59%   212 7115s
 218230 181403  115.63171   53  393  123.69396  114.31063  7.59%   212 7157s
 221390 183477  114.65121   44  479  123.69396  114.31179  7.58%   211 7196s
 224029 183481  117.99692   55  397  123.69396  114.31305  7.58%   211 7200s

Cutting planes:
  Learned: 3
  Gomory: 224
  Lift-and-project: 19
  Cover: 281
  Implied bound: 737
  Clique: 6
  MIR: 1804
  StrongCG: 1
  Flow cover: 3161
  GUB cover: 6
  Inf proof: 82
  Zero half: 50
  Network: 1
  RLT: 142
  Relax-and-lift: 191
  PSD: 1

Explored 224057 nodes (47331658 simplex iterations) in 7200.23 seconds (2475.05 work units)
Thread count was 32 (of 32 available processors)

Solution count 10: 123.694 123.694 123.709 ... 123.719

Time limit reached
Best objective 1.236939583731e+02, best bound 1.143136841601e+02, gap 7.5835%
