
Gurobi 9.5.2 (linux64) logging started Tue Aug 11 14:14:38 2026

Set parameter LogFile to value "/mnt/beegfs/users/celinep/ChargeAndBreak/logs/oracle_RlongCfewTnone_18__kw150_gurobi.log"
Gurobi Optimizer version 9.5.2 build v9.5.2rc0 (linux64)
Thread count: 16 physical cores, 32 logical processors, using up to 32 threads
Optimize a model with 8773 rows, 4615 columns and 151595 nonzeros
Model fingerprint: 0xd74151eb
Variable types: 2913 continuous, 1702 integer (1702 binary)
Coefficient statistics:
  Matrix range     [4e-02, 2e+03]
  Objective range  [5e-01, 1e+00]
  Bounds range     [1e+00, 5e+01]
  RHS range        [2e-01, 2e+07]

User MIP start did not produce a new incumbent solution

Presolve removed 2715 rows and 855 columns
Presolve time: 2.93s
Presolved: 6058 rows, 3760 columns, 136820 nonzeros
Variable types: 2246 continuous, 1514 integer (1514 binary)
Found heuristic solution: objective 1886.6770614
Root relaxation presolve removed 166 rows and 106 columns
Root relaxation presolved: 5892 rows, 3654 columns, 105240 nonzeros


Root simplex log...

Iteration    Objective       Primal Inf.    Dual Inf.      Time
    2813    5.2405924e+01   1.971344e+05   0.000000e+00      5s
    5053    1.2107083e+02   0.000000e+00   0.000000e+00      6s
    5053    1.2107083e+02   0.000000e+00   0.000000e+00      6s

Root relaxation: objective 1.210708e+02, 5053 iterations, 2.22 seconds (1.07 work units)
Another try with MIP start

    Nodes    |    Current Node    |     Objective Bounds      |     Work
 Expl Unexpl |  Obj  Depth IntInf | Incumbent    BestBd   Gap | It/Node Time

H    0     0                     142.9504216  121.07083  15.3%     -    7s
     0     0  121.07083    0   79  142.95042  121.07083  15.3%     -    7s
     0     0  121.18841    0  132  142.95042  121.18841  15.2%     -    9s
     0     0  121.33187    0  157  142.95042  121.33187  15.1%     -   12s
     0     0  121.33192    0  132  142.95042  121.33192  15.1%     -   12s
     0     0  121.40618    0  153  142.95042  121.40618  15.1%     -   14s
     0     0  121.41351    0  129  142.95042  121.41351  15.1%     -   14s
     0     0  121.44308    0  187  142.95042  121.44308  15.0%     -   16s
     0     0  121.44353    0  176  142.95042  121.44353  15.0%     -   17s
     0     0  121.46177    0  174  142.95042  121.46177  15.0%     -   18s
     0     0  121.46272    0  163  142.95042  121.46272  15.0%     -   18s
     0     0  121.60689    0  176  142.95042  121.60689  14.9%     -   21s
     0     0  121.61984    0  213  142.95042  121.61984  14.9%     -   21s
     0     0  121.67878    0  239  142.95042  121.67878  14.9%     -   23s
     0     0  121.68455    0  262  142.95042  121.68455  14.9%     -   23s
     0     0  121.69772    0  264  142.95042  121.69772  14.9%     -   25s
     0     0  121.70469    0  254  142.95042  121.70469  14.9%     -   26s
     0     0  121.70543    0  260  142.95042  121.70543  14.9%     -   26s
     0     0  121.70543    0  262  142.95042  121.70543  14.9%     -   26s
     0     0  121.72744    0  188  142.95042  121.72744  14.8%     -   28s
     0     0  121.73070    0  245  142.95042  121.73070  14.8%     -   29s
     0     0  121.73070    0  259  142.95042  121.73070  14.8%     -   29s
     0     0  121.73334    0  258  142.95042  121.73334  14.8%     -   31s
     0     0  121.73442    0  247  142.95042  121.73442  14.8%     -   31s
     0     0  121.73442    0  248  142.95042  121.73442  14.8%     -   31s
     0     0  121.73936    0  260  142.95042  121.73936  14.8%     -   33s
     0     0  121.74045    0  243  142.95042  121.74045  14.8%     -   34s
     0     0  121.74060    0  249  142.95042  121.74060  14.8%     -   34s
     0     0  121.74066    0  220  142.95042  121.74066  14.8%     -   34s
     0     0  121.74320    0  234  142.95042  121.74320  14.8%     -   37s
     0     0  121.74355    0  199  142.95042  121.74355  14.8%     -   38s
     0     0  121.74571    0  200  142.95042  121.74571  14.8%     -   38s
     0     0  121.74582    0  206  142.95042  121.74582  14.8%     -   38s
     0     0  121.74583    0  212  142.95042  121.74583  14.8%     -   40s
     0     0  121.74583    0  245  142.95042  121.74583  14.8%     -   40s
     0     0  121.74863    0  256  142.95042  121.74863  14.8%     -   42s
     0     0  121.74864    0  249  142.95042  121.74864  14.8%     -   42s
     0     0  121.75793    0  246  142.95042  121.75793  14.8%     -   44s
     0     0  121.75953    0  248  142.95042  121.75953  14.8%     -   44s
     0     0  121.75953    0  250  142.95042  121.75953  14.8%     -   44s
     0     0  121.76054    0  246  142.95042  121.76054  14.8%     -   46s
     0     0  121.76056    0  243  142.95042  121.76056  14.8%     -   47s
     0     0  121.76208    0  230  142.95042  121.76208  14.8%     -   49s
     0     0  121.76265    0  234  142.95042  121.76265  14.8%     -   49s
     0     0  121.76300    0  240  142.95042  121.76300  14.8%     -   49s
     0     0  121.76300    0  239  142.95042  121.76300  14.8%     -   50s
     0     0  121.76375    0  237  142.95042  121.76375  14.8%     -   51s
     0     0  121.76396    0  234  142.95042  121.76396  14.8%     -   52s
     0     0  121.76408    0  236  142.95042  121.76408  14.8%     -   52s
     0     0  121.76629    0  231  142.95042  121.76629  14.8%     -   54s
     0     0  121.76678    0  261  142.95042  121.76678  14.8%     -   54s
     0     0  121.76678    0  261  142.95042  121.76678  14.8%     -   54s
     0     0  121.78363    0  241  142.95042  121.78363  14.8%     -   55s
     0     0  121.78729    0  234  142.95042  121.78729  14.8%     -   56s
     0     0  121.78775    0  238  142.95042  121.78775  14.8%     -   56s
     0     0  121.78777    0  240  142.95042  121.78777  14.8%     -   56s
     0     0  121.82116    0  238  142.95042  121.82116  14.8%     -   58s
     0     0  121.82599    0  201  142.95042  121.82599  14.8%     -   59s
     0     0  121.82839    0  202  142.95042  121.82839  14.8%     -   59s
     0     0  121.82849    0  203  142.95042  121.82849  14.8%     -   59s
     0     0  121.83289    0  286  142.95042  121.83289  14.8%     -   61s
     0     0  121.83835    0  199  142.95042  121.83835  14.8%     -   62s
     0     0  121.83836    0  284  142.95042  121.83836  14.8%     -   62s
     0     0  121.83999    0  237  142.95042  121.83999  14.8%     -   64s
     0     0  121.84007    0  280  142.95042  121.84007  14.8%     -   64s
     0     0  121.84113    0  204  142.95042  121.84113  14.8%     -   66s
     0     0  121.84142    0  251  142.95042  121.84142  14.8%     -   67s
     0     0  121.84164    0  244  142.95042  121.84164  14.8%     -   67s
     0     0  121.84164    0  238  142.95042  121.84164  14.8%     -   67s
     0     0  121.84223    0  311  142.95042  121.84223  14.8%     -   69s
H    0     0                     142.8110803  121.84223  14.7%     -   69s
     0     0  121.84223    0  313  142.81108  121.84223  14.7%     -   70s
     0     0  121.84224    0  318  142.81108  121.84224  14.7%     -   71s
     0     0  121.84224    0  181  142.81108  121.84224  14.7%     -   72s
H    0     0                     142.6260619  121.84224  14.6%     -   73s
     0     2  121.84224    0  160  142.62606  121.84224  14.6%     -   74s
     1     4  121.84224    1  161  142.62606  121.84224  14.6%   245   75s
    31    48  121.84760    5  319  142.62606  121.84318  14.6%   429   80s
    63    80  121.87238    7  215  142.62606  121.84991  14.6%   460   85s
H   79    96                     142.5155587  121.85522  14.5%   455   88s
H   80    96                     131.5495038  121.85522  7.37%   464   88s
H   81    96                     131.5212817  121.85569  7.35%   462   88s
H   82    96                     131.4036747  121.85569  7.27%   462   88s
    95   110  121.86893    9  308  131.40367  121.85811  7.26%   514   90s
H  128   143                     131.2353097  121.87450  7.13%   479   96s
H  177   192                     131.1161469  121.88339  7.04%   496  106s
   229   242  121.93038   17  332  131.11615  121.91425  7.02%   519  112s
H  232   242                     131.0131392  121.92388  6.94%   515  112s
   273   286  121.93052   20  346  131.01314  121.93038  6.93%   537  116s
   330   343  121.93053   22  336  131.01314  121.93053  6.93%   511  124s
H  336   343                     131.0131392  121.93053  6.93%   510  124s
   346   360  123.16705   23  207  131.01314  121.93053  6.93%   527  126s
   388   425  124.81499   25  202  131.01314  121.93454  6.93%   517  131s
   465   498  121.94883   31  351  131.01314  121.94883  6.92%   508  135s
   545   600  121.94883   33  332  131.01314  121.94883  6.92%   513  140s
   657   714  121.94883   35  330  131.01314  121.94883  6.92%   500  145s
   788   853  121.94883   37  333  131.01314  121.94883  6.92%   486  150s
  1037  1171  126.07557   21  246  131.01314  122.01080  6.87%   462  157s
  1353  1452  124.02098   14  183  131.01314  122.01518  6.87%   415  162s
  1469  1543  122.11203   39  180  131.01314  122.02072  6.86%   406  165s
  1695  1803  122.02272   25  250  131.01314  122.02272  6.86%   395  171s
  2016  2117  122.02297   27  217  131.01314  122.02297  6.86%   367  176s
  2175  2118  124.33601   18  181  131.01314  122.02297  6.86%   358  188s
  2177  2119  124.31616   36   82  131.01314  122.02297  6.86%   357  192s
  2178  2120  122.17749   25  100  131.01314  122.02297  6.86%   357  195s
  2183  2123  125.85322   12  134  131.01314  122.25765  6.68%   356  207s
  2186  2125  122.43461   25  178  131.01314  122.43461  6.55%   356  212s
  2187  2126  122.85739   40  113  131.01314  122.43984  6.54%   356  217s
  2189  2127  123.28449   45  132  131.01314  122.44237  6.54%   355  220s
  2190  2128  122.44815   45   93  131.01314  122.44815  6.54%   355  228s
  2192  2129  122.45905   22  142  131.01314  122.45905  6.53%   355  232s
  2193  2130  125.15342   39  118  131.01314  122.46616  6.52%   355  239s
  2194  2131  124.38396   20   98  131.01314  122.48222  6.51%   355  242s
  2195  2131  122.48393   59  103  131.01314  122.48393  6.51%   354  247s
  2196  2132  122.48393   27  101  131.01314  122.48393  6.51%   354  254s
  2197  2133  122.48393   23  101  131.01314  122.48393  6.51%   354  256s
  2198  2135  122.48393   15  102  131.01314  122.48393  6.51%   361  264s
  2200  2135  122.48393   16  156  131.01314  122.48393  6.51%   361  272s
  2203  2137  122.48393   17  204  131.01314  122.48393  6.51%   361  284s
  2206  2140  122.48393   18  167  131.01314  122.48393  6.51%   361  291s
  2212  2144  122.48393   19  166  131.01314  122.48393  6.51%   361  297s
  2222  2148  122.48393   20  123  131.01314  122.48393  6.51%   360  300s
  2238  2154  122.48393   21  121  131.01314  122.48393  6.51%   360  305s
  2286  2174  122.48393   24  207  131.01314  122.48393  6.51%   358  310s
  2333  2191  122.75903   26  160  131.01314  122.48393  6.51%   357  321s
H 2398  2106                     131.0131389  122.48393  6.51%   359  324s
  2400  2131  122.88958   32  131  131.01314  122.48393  6.51%   359  325s
  2427  2140  122.50745   33  118  131.01314  122.50745  6.49%   359  346s
H 2435  2035                     131.0131380  122.51156  6.49%   360  346s
  2481  2084  124.44411   34   70  131.01314  122.54459  6.46%   362  350s
  2630  2155  124.56642   44  108  131.01314  122.59526  6.43%   361  355s
  2778  2240  122.60944   52  184  131.01314  122.60944  6.41%   363  360s
  3080  2412  122.65480   63   53  131.01314  122.64134  6.39%   355  365s
  3776  2859  128.47693   85  111  131.01314  122.65230  6.38%   318  371s
  4169  2981  125.29627   52   76  131.01314  122.66947  6.37%   310  376s
  4372  3090  122.68904   46  195  131.01314  122.68904  6.35%   305  380s
  4972  3559  126.12141   98   48  131.01314  122.70084  6.34%   289  386s
  5670  4117  122.70103  118   55  131.01314  122.70103  6.34%   265  390s
  6747  4444     cutoff  135       131.01314  122.70443  6.34%   239  396s
  7556  4990  130.68961  150   58  131.01314  122.71252  6.34%   227  401s
  9123  6092     cutoff   90       131.01314  122.72158  6.33%   202  407s
  9658  6458     cutoff   79       131.01314  122.72407  6.33%   197  411s
 10766  6954  126.70214  121   87  131.01314  122.72407  6.33%   189  433s
H10767  6954                     131.0131375  122.72407  6.33%   188  433s
 10784  7286  130.75243  111   71  131.01314  122.72960  6.32%   190  436s
 11649  7744  123.48808  137   21  131.01314  122.73706  6.32%   186  443s
 11866  8059     cutoff   77       131.01314  122.73706  6.32%   186  447s
 12241  8683  127.12082   82   61  131.01314  122.74266  6.31%   184  450s
 13144  9369  126.97748   62   67  131.01314  122.75255  6.31%   183  457s
 13719  9773  128.85406   85   35  131.01314  122.75569  6.30%   180  461s
 14316 10458  129.36464   94   33  131.01314  122.76063  6.30%   177  465s
 15731 11659  123.13269   69   92  131.01314  122.76893  6.29%   174  473s
 16609 12018  123.24378   79   49  131.01314  122.77307  6.29%   171  477s
 17103 12430  122.94040  146  170  131.01314  122.77746  6.29%   171  481s
 17640 12925  123.09105   62  101  131.01314  122.77860  6.29%   171  486s
 18231 13739  122.85538   63   21  131.01314  122.78232  6.28%   169  492s
 19211 13853     cutoff   38       131.01314  122.78625  6.28%   167  541s
H19217 13853                     131.0131367  122.78652  6.28%   167  541s
 19336 14455  125.48359   95   28  131.01314  122.78668  6.28%   167  547s
 20050 14513  125.39610   99   37  131.01314  122.78780  6.28%   165  554s
 20166 15037     cutoff   82       131.01314  122.79081  6.28%   166  560s
 20797 17196     cutoff   96       131.01314  122.79730  6.27%   165  573s
 23227 17665  123.76448   46   82  131.01314  122.80392  6.27%   158  577s
 23769 18132 infeasible   78       131.01314  122.80748  6.26%   157  582s
 24332 19094     cutoff   70       131.01314  122.81303  6.26%   156  588s
 25597 20038  123.12702   90  174  131.01314  122.81741  6.26%   154  594s
 26713 20431     cutoff   95       131.01314  122.81958  6.25%   152  600s
 27277 21519     cutoff   87       131.01314  122.82554  6.25%   152  606s
 28535 22206  122.86249   69  128  131.01314  122.83176  6.24%   150  615s
 29328 22672     cutoff   75       131.01314  122.83696  6.24%   150  621s
 29891 24105     cutoff   94       131.01314  122.84270  6.24%   151  630s
 31497 25108  122.93085   67   48  131.01314  122.84621  6.23%   148  638s
 32644 26502  125.75344   36   32  131.01314  122.85340  6.23%   146  645s
 34272 26636     cutoff   66       131.01314  122.86034  6.22%   145  655s
 34465 27231  125.03931  144   97  131.01314  122.86356  6.22%   145  682s
 35163 27517  123.23585  100  146  131.01314  122.86621  6.22%   145  691s
 35527 28357  130.94654   84   25  131.01314  122.86859  6.22%   145  701s
 36622 29414 infeasible   83       131.01314  122.87117  6.21%   145  710s
 37776 32004  122.87847   83   56  131.01314  122.87490  6.21%   144  723s
 41020 34384  130.95257   78  118  131.01314  122.88017  6.21%   139  734s
 44856 37284     cutoff   94       131.01314  122.89112  6.20%   133  756s
 48823 38447  122.89290   98   14  131.01314  122.89290  6.20%   128  768s
 50415 40363  122.89290   96    6  131.01314  122.89290  6.20%   126  777s
 52965 41056  126.18559  187  108  131.01314  122.89673  6.20%   124  786s
 53853 43073  122.95905  118   18  131.01314  122.89901  6.19%   124  796s
 56493 44779  124.21470   85  202  131.01314  122.90364  6.19%   122  806s
 58838 45333  122.90432   93  175  131.01314  122.90432  6.19%   121  814s
 59627 46808  122.90828   94   62  131.01314  122.90432  6.19%   121  822s
 61489 47189  123.25228  102   61  131.01314  122.90447  6.19%   120  833s
 62033 47569  123.23559   76  173  131.01314  122.91813  6.18%   120  841s
 62724 48191  123.35065  172   97  131.01314  122.92171  6.18%   121  851s
 63561 48887  123.30999   78  275  131.01314  122.92870  6.17%   121  861s
 64516 49762  123.43656  114   30  131.01314  122.93242  6.17%   121  872s
 65660 52815  122.93781   72  131  131.01314  122.93781  6.16%   121  891s
 70218 53213     cutoff  164       131.01314  122.94583  6.16%   119  900s
 71008 53688  125.06813  133   55  131.01314  122.94665  6.16%   120  908s
 71848 55817  123.08884   81  138  131.01314  122.94713  6.16%   120  918s
 74450 56340 infeasible  110       131.01314  122.95390  6.15%   119  928s
 75117 58248     cutoff   64       131.01314  122.95780  6.15%   119  940s
 77605 58768 infeasible   92       131.01314  122.95948  6.15%   118  949s
 78300 59406  125.46498   86   75  131.01314  122.96040  6.15%   118  959s
 79040 59406     cutoff   66       131.01314  122.96347  6.14%   118  960s
 79189 62362     cutoff   67       131.01314  122.96408  6.14%   118  973s
 82764 63169  123.15383   82  245  131.01314  122.96728  6.14%   116  982s
 83715 64948  123.00841   86   61  131.01314  122.96859  6.14%   116  994s
 85891 65882  127.31367   99  148  131.01314  122.97127  6.14%   115 1004s
 87309 67385     cutoff   79       131.01314  122.97324  6.14%   115 1023s
 89236 70866  123.22115   61  111  131.01314  122.97727  6.13%   115 1041s
 93913 72564  123.39280  117   30  131.01314  122.98053  6.13%   113 1051s
 96145 74115 infeasible  127       131.01314  122.98442  6.13%   113 1061s
 98300 74792  123.05125   69  125  131.01314  122.98594  6.13%   113 1071s
 99093 76634  123.72078   70   47  131.01314  122.98776  6.13%   113 1081s
 101560 76935 infeasible   91       131.01314  122.99075  6.12%   112 1092s
 102045 77581     cutoff   99       131.01314  122.99272  6.12%   113 1104s
 103030 79451  123.63668  163  246  131.01314  122.99542  6.12%   113 1119s
 105680 80013     cutoff  108       131.01314  122.99804  6.12%   113 1134s
 106704 81618 infeasible   97       131.01314  122.99942  6.12%   114 1146s
 109031 82572  123.35946   85  172  131.01314  123.00179  6.11%   114 1163s
 110276 86278 infeasible  102       131.01314  123.00410  6.11%   114 1191s
 115443 87037  123.34251   88  201  131.01314  123.00857  6.11%   114 1204s
 116263 87037     cutoff   69       131.01314  123.00972  6.11%   114 1205s
 116469 89213     cutoff  108       131.01314  123.01140  6.11%   114 1221s
 119617 89835     cutoff   99       131.01314  123.01390  6.11%   113 1235s
 120573 90778  123.11274   70  166  131.01314  123.01509  6.10%   114 1247s
 121975 91464  123.02243   99  196  131.01314  123.01569  6.10%   114 1262s
 123042 94146  126.89580   97  158  131.01314  123.01898  6.10%   115 1282s
 126492 95121 infeasible   81       131.01314  123.02193  6.10%   114 1298s
 127767 97901 infeasible  103       131.01314  123.02371  6.10%   115 1313s
 131292 98777     cutoff   72       131.01314  123.02753  6.10%   115 1331s
 132550 102313  123.05996  107  154  131.01314  123.02905  6.09%   115 1366s
 138473 102975  123.16523   94  179  131.01314  123.03148  6.09%   115 1382s
 139450 103934     cutoff  107       131.01314  123.03416  6.09%   116 1400s
 140830 106612     cutoff   87       131.01314  123.03617  6.09%   116 1418s
 144231 109035  123.73175   69  126  131.01314  123.03925  6.09%   116 1435s
 147422 109809 infeasible  113       131.01314  123.04238  6.08%   116 1451s
 148702 111982     cutoff  102       131.01314  123.04381  6.08%   116 1470s
 152326 112387     cutoff   89       131.01314  123.04662  6.08%   116 1490s
 153462 114098 infeasible  174       131.01314  123.04818  6.08%   117 1525s
 156269 117618     cutoff  118       131.01314  123.04875  6.08%   118 1562s
 161220 118634     cutoff  138       131.01314  123.05172  6.08%   119 1587s
 162755 121518  127.10352   88   53  131.01314  123.05271  6.08%   120 1610s
 166640 124054  123.66991  102  203  131.01314  123.05678  6.07%   120 1632s
 169988 124835  123.16941   85  130  131.01314  123.05946  6.07%   120 1650s
 171128 126344  123.65592   77  163  131.01314  123.06179  6.07%   120 1670s
 172934 126587 infeasible  114       131.01314  123.06364  6.07%   120 1698s
