
Gurobi 9.5.2 (linux64) logging started Wed Jul 29 06:31:30 2026

Set parameter LogFile to value "logs/oracle_RlongCmediumTmedium_37_gurobi.log"
Gurobi Optimizer version 9.5.2 build v9.5.2rc0 (linux64)
Thread count: 16 physical cores, 32 logical processors, using up to 32 threads
Optimize a model with 9214 rows, 5023 columns and 162455 nonzeros
Model fingerprint: 0xc88ef032
Variable types: 3137 continuous, 1886 integer (1886 binary)
Coefficient statistics:
  Matrix range     [3e-02, 2e+03]
  Objective range  [1e+00, 1e+00]
  Bounds range     [1e+00, 6e+01]
  RHS range        [1e-01, 5e+02]

User MIP start did not produce a new incumbent solution

Presolve removed 2702 rows and 893 columns (presolve time = 5s) ...
Presolve removed 2701 rows and 892 columns
Presolve time: 5.30s
Presolved: 6513 rows, 4131 columns, 146803 nonzeros
Variable types: 2449 continuous, 1682 integer (1682 binary)
Root relaxation presolve removed 170 rows and 108 columns
Root relaxation presolved: 6343 rows, 4023 columns, 112933 nonzeros


Root simplex log...

Iteration    Objective       Primal Inf.    Dual Inf.      Time
       0    5.5387875e+01   1.802934e+04   0.000000e+00      7s
    7117    9.8966915e+01   2.140588e+02   0.000000e+00     10s
    7352    9.9054365e+01   0.000000e+00   0.000000e+00     10s
    7360    9.9054365e+01   0.000000e+00   0.000000e+00     10s
Extra simplex iterations after uncrush: 8

Root relaxation: objective 9.905437e+01, 7360 iterations, 4.40 seconds (1.92 work units)
Another try with MIP start

    Nodes    |    Current Node    |     Objective Bounds      |     Work
 Expl Unexpl |  Obj  Depth IntInf | Incumbent    BestBd   Gap | It/Node Time

     0     0   99.05437    0  569          -   99.05437      -     -   18s
     0     0  103.85852    0  454          -  103.85852      -     -   28s
     0     0  104.27466    0  494          -  104.27466      -     -   29s
     0     0  104.31593    0  523          -  104.31593      -     -   30s
     0     0  104.32117    0  546          -  104.32117      -     -   30s
     0     0  104.32127    0  558          -  104.32127      -     -   30s
     0     0  105.07979    0  609          -  105.07979      -     -   33s
     0     0  105.14597    0  548          -  105.14597      -     -   34s
     0     0  105.16805    0  599          -  105.16805      -     -   35s
     0     0  105.17011    0  580          -  105.17011      -     -   35s
     0     0  105.17290    0  583          -  105.17290      -     -   35s
     0     0  105.17308    0  586          -  105.17308      -     -   35s
     0     0  105.96750    0  512          -  105.96750      -     -   38s
     0     0  106.01365    0  567          -  106.01365      -     -   39s
     0     0  106.01996    0  622          -  106.01996      -     -   39s
     0     0  106.02037    0  630          -  106.02037      -     -   39s
     0     0  106.48059    0  623          -  106.48059      -     -   42s
     0     0  106.55477    0  606          -  106.55477      -     -   43s
     0     0  106.57790    0  598          -  106.57790      -     -   43s
     0     0  106.57897    0  602          -  106.57897      -     -   43s
     0     0  106.98034    0  585          -  106.98034      -     -   46s
     0     0  107.01629    0  590          -  107.01629      -     -   47s
     0     0  107.01994    0  593          -  107.01994      -     -   47s
     0     0  107.02141    0  593          -  107.02141      -     -   47s
     0     0  107.47701    0  530          -  107.47701      -     -   52s
     0     0  107.54776    0  526          -  107.54776      -     -   52s
     0     0  107.56118    0  536          -  107.56118      -     -   53s
     0     0  107.56364    0  548          -  107.56364      -     -   53s
     0     0  107.56382    0  542          -  107.56382      -     -   53s
     0     0  107.81138    0  541          -  107.81138      -     -   57s
     0     0  107.83362    0  550          -  107.83362      -     -   58s
     0     0  107.83618    0  547          -  107.83618      -     -   58s
     0     0  107.83670    0  519          -  107.83670      -     -   58s
     0     0  107.94425    0  562          -  107.94425      -     -   62s
     0     0  107.96397    0  541          -  107.96397      -     -   63s
     0     0  107.96695    0  532          -  107.96695      -     -   63s
     0     0  107.96752    0  538          -  107.96752      -     -   63s
     0     0  108.04978    0  546          -  108.04978      -     -   66s
     0     0  108.07023    0  576          -  108.07023      -     -   67s
     0     0  108.07577    0  540          -  108.07577      -     -   67s
     0     0  108.07837    0  582          -  108.07837      -     -   68s
     0     0  108.07912    0  535          -  108.07912      -     -   68s
     0     0  108.13093    0  585          -  108.13093      -     -   71s
     0     0  108.14037    0  584          -  108.14037      -     -   72s
     0     0  108.14483    0  554          -  108.14483      -     -   72s
     0     0  108.14637    0  563          -  108.14637      -     -   72s
     0     0  108.23695    0  581          -  108.23695      -     -   76s
     0     0  108.26859    0  620          -  108.26859      -     -   77s
     0     0  108.27115    0  633          -  108.27115      -     -   77s
     0     0  108.27128    0  635          -  108.27128      -     -   77s
     0     0  108.37762    0  591          -  108.37762      -     -   81s
     0     0  108.38829    0  632          -  108.38829      -     -   82s
     0     0  108.39019    0  598          -  108.39019      -     -   82s
     0     0  108.42964    0  603          -  108.42964      -     -   85s
     0     0  108.44113    0  621          -  108.44113      -     -   85s
     0     0  108.44167    0  625          -  108.44167      -     -   85s
     0     0  108.49220    0  560          -  108.49220      -     -   89s
     0     0  108.51366    0  561          -  108.51366      -     -   89s
     0     0  108.51707    0  621          -  108.51707      -     -   90s
     0     0  108.51925    0  626          -  108.51925      -     -   90s
     0     0  108.57193    0  589          -  108.57193      -     -   93s
     0     0  108.57971    0  517          -  108.57971      -     -   94s
     0     0  108.58005    0  629          -  108.58005      -     -   94s
     0     0  108.62902    0  563          -  108.62902      -     -   99s
     0     0  108.63473    0  597          -  108.63473      -     -  100s
     0     0  108.63528    0  598          -  108.63528      -     -  100s
     0     0  108.67670    0  588          -  108.67670      -     -  103s
     0     0  108.68368    0  592          -  108.68368      -     -  103s
     0     0  108.68400    0  607          -  108.68400      -     -  103s
     0     0  108.73274    0  569          -  108.73274      -     -  105s
     0     0  108.74198    0  589          -  108.74198      -     -  106s
     0     0  108.74347    0  600          -  108.74347      -     -  106s
     0     0  108.76861    0  619          -  108.76861      -     -  111s
     0     0  108.77068    0  527          -  108.77068      -     -  112s
     0     0  108.79446    0  602          -  108.79446      -     -  115s
     0     0  108.81049    0  584          -  108.81049      -     -  116s
     0     0  108.81218    0  625          -  108.81218      -     -  116s
     0     0  108.83522    0  635          -  108.83522      -     -  120s
     0     0  108.84618    0  542          -  108.84618      -     -  121s
     0     0  108.84970    0  578          -  108.84970      -     -  121s
     0     0  108.85039    0  589          -  108.85039      -     -  122s
     0     0  108.86834    0  581          -  108.86834      -     -  125s
     0     0  108.86958    0  582          -  108.86958      -     -  126s
     0     0  108.89143    0  522          -  108.89143      -     -  130s
     0     0  108.89143    0  522          -  108.89143      -     -  131s
     0     2  108.89143    0  476          -  108.89143      -     -  140s
    47    64  108.90406    6  588          -  108.90406      -   411  145s
   114   132  108.97465   10  515          -  108.90942      -   471  151s
   165   188  111.08307   14  531          -  108.95307      -   474  156s
   214   233  108.99911   16  589          -  108.96088      -   468  160s
   288   308  108.99771   20  570          -  108.97512      -   453  165s
   357   380  108.99621   26  650          -  108.99621      -   474  171s
   442   488  109.01589   31  622          -  109.01426      -   463  176s
   510   545  109.03132   38  586          -  109.01694      -   470  180s
   749   810  109.40380   43  513          -  109.03766      -   396  188s
   809   920  110.24924   35  575          -  109.03871      -   395  190s
  1187  1296  110.15948   33  536          -  109.04346      -   341  196s
  1399  1529  109.04933   45  595          -  109.04791      -   324  200s
  1690  1917  109.06548   29  547          -  109.05092      -   301  205s
  2162  2163  109.06729   24  522          -  109.05721      -   269  216s
H 2162  2054                    1927.6070066  109.05721  94.3%   269  217s
  2164  2055  109.22557   29  179 1927.60701  109.05721  94.3%   269  231s
  2165  2056  112.23572   42  327 1927.60701  109.05721  94.3%   269  239s
  2166  2057  109.11255   26  494 1927.60701  109.05721  94.3%   269  241s
  2172  2061  109.05721   19  480 1927.60701  109.05721  94.3%   268  257s
  2175  2063  109.18110   42  597 1927.60701  109.06682  94.3%   268  265s
  2176  2063  111.13737   18  409 1927.60701  109.38772  94.3%   268  281s
  2180  2066  115.01072   23  438 1927.60701  109.44218  94.3%   267  288s
  2181  2067  113.09528   41  297 1927.60701  109.61465  94.3%   267  295s
  2186  2070  112.78335   47  470 1927.60701  109.66436  94.3%   266  302s
H 2186  1966                     244.8424434  109.66436  55.2%   266  309s
  2187  1967  109.74259   39  286  244.84244  109.74259  55.2%   266  316s
H 2190  1870                     244.2470565  109.76096  55.1%   266  323s
H 2191  1776                     139.1030164  109.77328  21.1%   266  335s
H 2195  1690                     138.5637942  109.78792  20.8%   265  354s
  2199  1693  119.58914   13  464  138.56379  109.79172  20.8%   265  360s
  2200  1693  109.80648   23  408  138.56379  109.80648  20.8%   265  366s
  2202  1695  112.83972   38  522  138.56379  109.81101  20.8%   265  374s
  2203  1695  113.29016   23  465  138.56379  109.81416  20.7%   264  382s
  2204  1696  109.81477   55  481  138.56379  109.81477  20.7%   264  389s
  2205  1697  110.75974   48  452  138.56379  109.82598  20.7%   264  395s
H 2207  1612                     138.1985073  109.83276  20.5%   264  401s
  2211  1615  109.83694   41  454  138.19851  109.83694  20.5%   263  405s
  2212  1615  109.83925   20  386  138.19851  109.83925  20.5%   263  414s
  2213  1616  109.84001   31  422  138.19851  109.84001  20.5%   263  418s
  2214  1617  110.59448   22  386  138.19851  109.84090  20.5%   263  426s
  2215  1617  109.84118   44  470  138.19851  109.84118  20.5%   263  430s
  2216  1618  109.84499   33  379  138.19851  109.84499  20.5%   263  441s
  2217  1619  112.27582   64  471  138.19851  109.84536  20.5%   263  445s
  2218  1619  116.45552    5  424  138.19851  109.85126  20.5%   263  456s
  2220  1621  110.02060   10  399  138.19851  109.85322  20.5%   262  461s
H 2220  1539                     138.1078211  109.85322  20.5%   262  464s
  2221  1539  109.85906   43  368  138.10782  109.85906  20.5%   262  466s
  2226  1544  111.26099    5  135  138.10782  109.85906  20.5%   285  479s
  2227  1545  109.85906   59  332  138.10782  109.85906  20.5%   285  485s
  2236  1551  113.29367   62  351  138.10782  109.86184  20.5%   284  499s
  2237  1552  109.86197   14  370  138.10782  109.86197  20.5%   284  504s
H 2237  1474                     137.4257112  109.86283  20.1%   284  512s
  2239  1475  109.86289   36  389  137.42571  109.86289  20.1%   284  521s
  2240  1476  110.02634   10  378  137.42571  109.86436  20.1%   284  533s
  2241  1476  110.72904   35  385  137.42571  109.86467  20.1%   283  541s
  2242  1477  109.86905   55  382  137.42571  109.86905  20.1%   283  553s
  2243  1478  109.86951   74  407  137.42571  109.86951  20.1%   283  562s
  2244  1478  112.80898   50  398  137.42571  109.87159  20.1%   283  570s
  2248  1481  112.21781   39  421  137.42571  109.87514  20.0%   283  575s
  2250  1482  110.27714   48  410  137.42571  109.87866  20.0%   282  580s
  2252  1484  113.74039   43  425  137.42571  109.87918  20.0%   282  586s
  2254  1485  109.87942   39  405  137.42571  109.87942  20.0%   282  593s
  2255  1486  111.33504    5  399  137.42571  109.87942  20.0%   282  596s
H 2255  1411                     137.3863341  109.88291  20.0%   282  598s
  2257  1415  109.88604   24  381  137.38633  109.88604  20.0%   295  624s
  2259  1418  109.89417   25  420  137.38633  109.89417  20.0%   295  657s
  2263  1425  109.93623   26  393  137.38633  109.93623  20.0%   296  668s
  2271  1438  109.93814   27  469  137.38633  109.93628  20.0%   296  673s
  2287  1449  109.96186   28  471  137.38633  109.93945  20.0%   299  675s
H 2335  1409                     123.1115505  109.94789  10.7%   307  682s
H 2340  1339                     110.6945856  109.95166  0.67%   308  682s
H 2377  1219                     110.5527135  109.98795  0.51%   309  692s
H 2383  1156                     110.5442361  109.98987  0.50%   310  692s
H 2387  1097                     110.5100094  109.98987  0.47%   310  692s
H 2388  1041                     110.4450382  109.98987  0.41%   310  692s

Cutting planes:
  Learned: 2
  Gomory: 105
  Lift-and-project: 2
  Cover: 71
  Implied bound: 89
  Projected implied bound: 15
  Clique: 1
  MIR: 430
  StrongCG: 4
  Flow cover: 794
  GUB cover: 1
  Zero half: 2
  Network: 1
  RLT: 12
  Relax-and-lift: 35

Explored 2398 nodes (784812 simplex iterations) in 692.45 seconds (222.62 work units)
Thread count was 32 (of 32 available processors)

Solution count 10: 110.445 110.51 110.544 ... 138.199

Optimal solution found (tolerance 5.00e-03)
Best objective 1.104450382093e+02, best bound 1.099898680631e+02, gap 0.4121%
