
Gurobi 9.5.2 (linux64) logging started Sat Aug 15 11:08:34 2026

Set parameter LogFile to value "/mnt/beegfs/users/celinep/ChargeAndBreak/logs/oracle_RlongCmanyTmedium_8_gurobi.log"
Gurobi Optimizer version 9.5.2 build v9.5.2rc0 (linux64)
Thread count: 16 physical cores, 32 logical processors, using up to 32 threads
Optimize a model with 8063 rows, 4250 columns and 127802 nonzeros
Model fingerprint: 0xd9c85233
Variable types: 2678 continuous, 1572 integer (1572 binary)
Coefficient statistics:
  Matrix range     [4e-02, 2e+03]
  Objective range  [5e-01, 1e+00]
  Bounds range     [1e+00, 5e+01]
  RHS range        [6e-03, 5e+02]

User MIP start produced solution with objective 106.283 (0.26s)
Loaded user MIP start with objective 106.283

Presolve removed 2522 rows and 806 columns
Presolve time: 3.75s
Presolved: 5541 rows, 3444 columns, 115760 nonzeros
Variable types: 2056 continuous, 1388 integer (1388 binary)
Root relaxation presolve removed 155 rows and 97 columns
Root relaxation presolved: 5386 rows, 3347 columns, 88012 nonzeros


Root simplex log...

Iteration    Objective       Primal Inf.    Dual Inf.      Time
       0    5.2549603e+01   1.348263e+04   0.000000e+00      5s
    3530    9.1014176e+01   0.000000e+00   0.000000e+00      7s
    3530    9.1014176e+01   0.000000e+00   0.000000e+00      7s

Root relaxation: objective 9.101418e+01, 3530 iterations, 2.42 seconds (0.55 work units)

    Nodes    |    Current Node    |     Objective Bounds      |     Work
 Expl Unexpl |  Obj  Depth IntInf | Incumbent    BestBd   Gap | It/Node Time

     0     0   91.01418    0  196  106.28272   91.01418  14.4%     -    7s
     0     0   92.98735    0  206  106.28272   92.98735  12.5%     -   12s
     0     0   92.98829    0  184  106.28272   92.98829  12.5%     -   12s
     0     0   93.33470    0  386  106.28272   93.33470  12.2%     -   14s
     0     0   93.37172    0  387  106.28272   93.37172  12.1%     -   15s
     0     0   93.37772    0  391  106.28272   93.37772  12.1%     -   15s
     0     0   93.37776    0  391  106.28272   93.37776  12.1%     -   15s
     0     0   93.63570    0  379  106.28272   93.63570  11.9%     -   18s
     0     0   93.71316    0  380  106.28272   93.71316  11.8%     -   19s
     0     0   93.71862    0  384  106.28272   93.71862  11.8%     -   19s
     0     0   93.71897    0  390  106.28272   93.71897  11.8%     -   19s
     0     0   93.94820    0  299  106.28272   93.94820  11.6%     -   22s
     0     0   94.00331    0  345  106.28272   94.00331  11.6%     -   23s
     0     0   94.00879    0  328  106.28272   94.00879  11.5%     -   23s
     0     0   94.01151    0  321  106.28272   94.01151  11.5%     -   24s
     0     0   94.01152    0  321  106.28272   94.01152  11.5%     -   24s
     0     0   94.12912    0  272  106.28272   94.12912  11.4%     -   27s
     0     0   94.15019    0  302  106.28272   94.15019  11.4%     -   28s
     0     0   94.15096    0  341  106.28272   94.15096  11.4%     -   28s
     0     0   94.15176    0  378  106.28272   94.15176  11.4%     -   28s
     0     0   94.15198    0  373  106.28272   94.15198  11.4%     -   29s
     0     0   94.30611    0  367  106.28272   94.30611  11.3%     -   32s
     0     0   94.32963    0  354  106.28272   94.32963  11.2%     -   32s
     0     0   94.34119    0  334  106.28272   94.34119  11.2%     -   32s
     0     0   94.34713    0  354  106.28272   94.34713  11.2%     -   33s
     0     0   94.34926    0  353  106.28272   94.34926  11.2%     -   33s
     0     0   94.45069    0  271  106.28272   94.45069  11.1%     -   36s
     0     0   94.49417    0  271  106.28272   94.49417  11.1%     -   37s
     0     0   94.49947    0  278  106.28272   94.49947  11.1%     -   37s
     0     0   94.50074    0  280  106.28272   94.50074  11.1%     -   37s
     0     0   94.50074    0  280  106.28272   94.50074  11.1%     -   37s
     0     0   94.58637    0  210  106.28272   94.58637  11.0%     -   39s
     0     0   94.60075    0  286  106.28272   94.60075  11.0%     -   40s
     0     0   94.60223    0  284  106.28272   94.60223  11.0%     -   40s
     0     0   94.60223    0  283  106.28272   94.60223  11.0%     -   40s
     0     0   94.62736    0  259  106.28272   94.62736  11.0%     -   42s
     0     0   94.62895    0  248  106.28272   94.62895  11.0%     -   42s
     0     0   94.62895    0  209  106.28272   94.62895  11.0%     -   43s
     0     0   94.63627    0  296  106.28272   94.63627  11.0%     -   45s
     0     0   94.64934    0  289  106.28272   94.64934  10.9%     -   46s
     0     0   94.64965    0  288  106.28272   94.64965  10.9%     -   46s
     0     0   94.66129    0  280  106.28272   94.66129  10.9%     -   49s
     0     0   94.66570    0  290  106.28272   94.66570  10.9%     -   49s
     0     0   94.66572    0  327  106.28272   94.66572  10.9%     -   50s
     0     0   94.67224    0  387  106.28272   94.67224  10.9%     -   52s
     0     0   94.67375    0  369  106.28272   94.67375  10.9%     -   53s
     0     0   94.67397    0  351  106.28272   94.67397  10.9%     -   53s
     0     0   94.68539    0  324  106.28272   94.68539  10.9%     -   57s
     0     0   94.68596    0  363  106.28272   94.68596  10.9%     -   58s
     0     0   94.68924    0  292  106.28272   94.68924  10.9%     -   61s
     0     0   94.69017    0  340  106.28272   94.69017  10.9%     -   62s
     0     0   94.69018    0  361  106.28272   94.69018  10.9%     -   62s
     0     0   94.69123    0  353  106.28272   94.69123  10.9%     -   65s
     0     0   94.69123    0  210  106.28272   94.69123  10.9%     -   68s
     0     2   94.69123    0  206  106.28272   94.69123  10.9%     -   71s
    15    32   94.79557    4  323  106.28272   94.78766  10.8%   470   75s
    63    80   94.92042    7  267  106.28272   94.91464  10.7%   495   80s
H   79    96                     105.0997681   94.92042  9.69%   495   84s
H   93    96                     105.0594860   94.92205  9.65%   481   84s
    95   110   94.97408    9  220  105.05949   94.92225  9.65%   483   86s
   128   143  101.13115   11  256  105.05949   95.05694  9.52%   519   94s
H  130   143                     105.0521490   95.05702  9.51%   514   94s
H  132   143                     104.7253609   95.05813  9.23%   511   94s
   144   159   95.06616   13  316  104.72536   95.06561  9.22%   508   95s
   202   225   95.08175   17  282  104.72536   95.08166  9.21%   489  100s
   264   298   95.08260   22  284  104.72536   95.08260  9.21%   523  105s
H  299   315                     104.7166054   95.08451  9.20%   509  108s
   316   332   95.59216   27  243  104.71661   95.13567  9.15%   525  110s
   380   394     cutoff    9       104.71661   95.19959  9.09%   501  115s
   471   448 infeasible   22       104.71661   95.20861  9.08%   475  120s
   610   542  102.41639   22  307  104.71661   95.25517  9.04%   462  125s
   704   613   95.39242   29  278  104.71661   95.27424  9.02%   458  131s
   816   743   95.47437   14  264  104.71661   95.28984  9.00%   445  135s
  1039   911  100.46556   26  294  104.71661   95.32599  8.97%   413  142s
  1186  1079 infeasible   26       104.71661   95.33691  8.96%   411  147s
  1299  1124     cutoff   12       104.71661   95.34930  8.95%   395  150s
H 1302  1123                     104.6667180   95.34930  8.90%   395  150s
  1443  1250   97.52885   24  245  104.66672   95.36855  8.88%   395  155s
  1669  1435 infeasible    7       104.66672   95.38252  8.87%   374  160s
  2053  1605  104.60264   43  193  104.66672   95.43393  8.82%   348  165s
  2058  1606   96.03661   27  210  104.66672   95.43393  8.82%   349  175s
  2060  1607   99.52682   20  191  104.66672   95.43393  8.82%   348  180s
  2061  1608   95.94577   16  134  104.66672   95.43393  8.82%   348  185s
  2065  1611   96.35412   21  234  104.66672   95.43393  8.82%   348  190s
  2068  1613   98.80301   19  243  104.66672   95.43393  8.82%   347  200s
  2070  1614   96.15413   31  349  104.66672   95.43393  8.82%   347  205s
  2071  1615   95.81777   35  250  104.66672   95.43393  8.82%   346  217s
  2074  1617   95.67928   35  314  104.66672   95.43393  8.82%   346  223s
  2075  1617   95.45226   36  274  104.66672   95.43393  8.82%   346  232s
  2077  1619   95.52389   33  355  104.66672   95.43393  8.82%   345  237s
  2078  1619   95.86480   29  153  104.66672   95.43393  8.82%   345  245s
  2080  1621   97.06778   31  369  104.66672   95.43393  8.82%   345  250s
  2081  1621   96.49722   48  230  104.66672   95.43393  8.82%   345  262s
  2082  1622   98.42060   24  282  104.66672   95.43393  8.82%   345  267s
  2083  1623   95.44341   30  240  104.66672   95.43393  8.82%   344  279s
  2084  1623   95.47546   15  240  104.66672   95.43393  8.82%   344  283s
  2085  1624   95.46713   26  240  104.66672   95.43393  8.82%   344  285s
  2086  1628   95.43393   11  214  104.66672   95.43393  8.82%   355  300s
  2088  1629   95.43393   12  280  104.66672   95.43393  8.82%   355  321s
  2092  1631   95.43393   13  313  104.66672   95.43393  8.82%   356  333s
  2098  1635   95.43393   14  324  104.66672   95.43393  8.82%   357  338s
  2107  1643   95.43393   15  346  104.66672   95.43393  8.82%   357  341s
  2122  1642   95.43393   16  340  104.66672   95.43393  8.82%   357  345s
  2154  1657   95.43393   18  297  104.66672   95.43393  8.82%   359  350s
H 2172  1582                     104.6607655   95.43393  8.82%   360  352s
  2187  1594   95.46165   20  227  104.66077   95.43393  8.82%   362  355s
  2227  1603   95.43393   22  311  104.66077   95.43393  8.82%   367  362s
H 2231  1523                     104.6060374   95.43393  8.77%   368  362s
H 2244  1446                     104.5774322   95.43393  8.74%   368  362s
  2246  1464   95.43393   23  320  104.57743   95.43393  8.74%   370  365s
H 2278  1389                     104.5055804   95.43393  8.68%   373  372s
H 2279  1321                     104.4982303   95.43393  8.67%   373  372s
  2330  1336   95.43393   28  339  104.49823   95.43393  8.67%   374  377s
H 2331  1273                     104.3389137   95.43393  8.53%   374  377s
  2348  1284   98.03519   28  202  104.33891   95.43393  8.53%   377  391s
  2376  1291   95.74559   29  304  104.33891   95.43393  8.53%   379  415s
  2407  1293   96.53317   30  242  104.33891   95.43393  8.53%   381  431s
  2425  1304   95.43393   31  311  104.33891   95.43393  8.53%   382  440s
  2486  1333   95.43393   34  278  104.33891   95.43393  8.53%   385  463s
  2523  1346   95.43393   36  283  104.33891   95.43393  8.53%   386  468s
  2565  1357   99.81978   37  203  104.33891   95.43393  8.53%   388  486s
  2604  1358   95.45219   40  271  104.33891   95.44572  8.52%   390  491s
H 2605  1298                     104.3389137   95.44572  8.52%   390  491s
  2628  1317   95.45298   41  273  104.33891   95.45241  8.52%   392  501s
  2666  1326   96.56022   42  231  104.33891   95.55232  8.42%   394  505s
  2783  1467   95.64712   51  325  104.33891   95.58249  8.39%   390  510s
  3072  1636   95.72187   25  391  104.33891   95.68693  8.29%   376  515s
  3248  1606     cutoff   44       104.33891   95.71328  8.27%   364  522s
  3297  1726     cutoff   29       104.33891   95.72907  8.25%   367  525s
  3636  1762   96.56069   49  181  104.33891   95.75748  8.22%   349  537s
  3692  1906   96.27280   53  313  104.33891   95.77439  8.21%   349  540s
  3903  1910   95.78309   26  276  104.33891   95.78309  8.20%   338  545s
  4208  2168   95.81785   41  199  104.33891   95.80825  8.18%   327  552s
  4462  2133   95.92286   33  281  104.33891   95.81808  8.17%   318  555s
  4820  2615 infeasible   47       104.33891   95.84017  8.15%   305  561s
  5503  2724   96.10339   46  123  104.33891   95.85233  8.13%   282  582s
  5626  2997   96.08609   44  220  104.33891   95.86133  8.13%   281  585s
  6293  3541     cutoff   53       104.33891   95.87334  8.11%   265  592s
  7077  4113   98.78231   44  172  104.33891   95.89543  8.09%   251  616s
  7366  4497 infeasible   48       104.33891   95.90253  8.09%   245  620s
  8315  4861   95.97996   32  351  104.33891   95.91104  8.08%   232  649s
  8337  5056   95.91652   53  167  104.33891   95.91652  8.07%   233  658s
  8600  5141   99.38498   48  253  104.33891   95.92001  8.07%   229  665s
  8707  5704   95.98830   26  337  104.33891   95.92393  8.07%   229  670s
 10048  6850 infeasible   34       104.33891   95.93129  8.06%   213  678s
 10794  7379   95.95164   51  121  104.33891   95.93756  8.05%   206  683s
 11540  7991   95.95245   50  146  104.33891   95.94267  8.05%   197  690s
 12262  8625   96.04164   56  140  104.33891   95.94587  8.04%   191  696s
 13024  9600   95.99179   51  116  104.33891   95.95075  8.04%   186  702s
 14230 10328   96.00009   41  236  104.33891   95.95492  8.04%   177  708s
 15143 11250   96.15684   39  339  104.33891   95.95722  8.03%   172  719s
 16398 11283   95.97186   60  102  104.33891   95.96203  8.03%   164  734s
H16427 11283                     104.3389136   95.96332  8.03%   164  734s
 16436 11625     cutoff   31       104.33891   95.96428  8.03%   165  739s
 16893 12681   96.92894   45  196  104.33891   95.96643  8.02%   162  746s
 18245 13635   96.04068   39  258  104.33891   95.97003  8.02%   156  753s
 19765 13928   95.98645   56  132  104.33891   95.97380  8.02%   150  762s
 20167 15260   96.04189   58  121  104.33891   95.97673  8.01%   148  769s
 21908 16878   96.33408   59  124  104.33891   95.97976  8.01%   142  784s
 23833 17774  104.16806   46  220  104.33891   95.98685  8.00%   138  792s
 24948 18523   96.03579   36  292  104.33891   95.99157  8.00%   136  803s
 25871 19564     cutoff   73       104.33891   95.99429  8.00%   133  809s
 27301 20509   96.05308   52  147  104.33891   95.99846  7.99%   130  814s
 28748 20883   96.11344   28  324  104.33891   96.00271  7.99%   128  824s
 29236 22075   96.16598   37  302  104.33891   96.00531  7.99%   127  832s
 30789 22945   96.23148   52  119  104.33891   96.00921  7.98%   125  841s
 31933 23896   96.08013   52  248  104.33891   96.01242  7.98%   124  850s
 33287 24398   96.04912   48  127  104.33891   96.01722  7.98%   123  861s
 33984 25463     cutoff   46       104.33891   96.01936  7.97%   122  870s
 35256 26632   96.09560   54  145  104.33891   96.02287  7.97%   122  878s
 36750 26907 infeasible   59       104.33891   96.02687  7.97%   121  893s
 37124 27921   96.09144   41  327  104.33891   96.02965  7.96%   121  901s
 38442 28135   96.19908   58  125  104.33891   96.03426  7.96%   121  910s
 38717 29572   96.05676   40  210  104.33891   96.03706  7.96%   121  924s
 40484 30684     cutoff   59       104.33891   96.03987  7.95%   121  936s
 42208 30966   96.20466   49  192  104.33891   96.04400  7.95%   121  947s
 42627 32870 infeasible   70       104.33891   96.04634  7.95%   121  972s
 45221 34020     cutoff   58       104.33891   96.05316  7.94%   122  988s
 46818 34788     cutoff   64       104.33891   96.05890  7.94%   122 1001s
 47963 36018   96.21483   51  264  104.33891   96.06240  7.93%   123 1018s
 49672 36339 infeasible   59       104.33891   96.06673  7.93%   123 1039s
 50149 37794   99.77519   36  222  104.33891   96.07066  7.92%   124 1058s
 52078 39136 infeasible   54       104.33891   96.07749  7.92%   124 1077s
 53946 40615     cutoff   44       104.33891   96.08406  7.91%   125 1090s
 55967 40859     cutoff   64       104.33891   96.09062  7.91%   125 1102s
 56346 41156     cutoff   30       104.33891   96.09401  7.90%   125 1116s
 56776 42695   96.24569   51  227  104.33891   96.09723  7.90%   126 1139s
 58896 43302   96.10332   48  348  104.33891   96.09934  7.90%   126 1153s
 59754 44512   96.47539   31  310  104.33891   96.10421  7.89%   127 1170s
 61408 44780   98.55997   41  271  104.33891   96.10909  7.89%   128 1187s
H61551 44780                     104.3389132   96.10996  7.89%   128 1187s
 61787 45816   99.55151   39  277  104.33891   96.11207  7.88%   128 1204s
H62259 45814                     104.3330261   96.11287  7.88%   129 1204s
 63328 47380     cutoff   31       104.33303   96.11571  7.88%   129 1222s
 65505 48716 infeasible   71       104.33303   96.11965  7.87%   130 1235s
 67259 49429 infeasible   65       104.33303   96.12207  7.87%   131 1249s
 68216 51040   96.29223   60  166  104.33303   96.12535  7.87%   132 1265s
 70578 51326     cutoff   37       104.33303   96.12930  7.86%   133 1290s
 70981 51900 infeasible   70       104.33303   96.13052  7.86%   133 1313s
H71664 51900                     104.3330260   96.13189  7.86%   134 1313s
 71796 53674   96.20613   45  299  104.33303   96.13250  7.86%   134 1340s
 74275 55497     cutoff   56       104.33303   96.13809  7.85%   136 1365s
 76824 55796   96.14485   48  261  104.33303   96.14190  7.85%   136 1399s
 77181 57435     cutoff   50       104.33303   96.14373  7.85%   137 1426s
 79467 58996 infeasible   43       104.33303   96.14687  7.85%   137 1445s
 81568 60166   96.36166   46  281  104.33303   96.15187  7.84%   138 1466s
 83572 61709     cutoff   62       104.33303   96.15467  7.84%   140 1487s
 85518 61965   96.53387   42  317  104.33303   96.15875  7.83%   141 1507s
 85864 70131     cutoff   38       104.33303   96.15959  7.83%   141 1622s
 97053 70321   97.21782   39  263  104.33303   96.17555  7.82%   146 1661s
 97351 70660   96.92555   63   99  104.33303   96.17849  7.82%   147 1683s
 97915 72625   96.25298   48  225  104.33303   96.17988  7.81%   147 1712s
 100602 74097   97.06403   64  179  104.33303   96.18317  7.81%   148 1739s
 102695 74396 infeasible   78       104.33303   96.18657  7.81%   149 1771s
 103101 75915   96.41398   42  275  104.33303   96.18888  7.81%   149 1801s
 105170 77479   96.26648   53  303  104.33303   96.19200  7.80%   150 1834s
 107358 77801   97.56643   49  300  104.33303   96.19624  7.80%   151 1866s
 107802 85094   96.40335   42  258  104.33303   96.19809  7.80%   151 1980s
 117574 85301     cutoff   40       104.33303   96.20919  7.79%   154 2008s
 117920 87118  101.02762   72  105  104.33303   96.21288  7.78%   155 2044s
 120245 88228   97.01691   55  268  104.33303   96.21636  7.78%   155 2077s
 121915 88458     cutoff   72       104.33303   96.22110  7.78%   156 2103s
 122344 89958   97.23461   40  327  104.33303   96.22344  7.77%   156 2135s
 124548 90951     cutoff   45       104.33303   96.22860  7.77%   157 2169s
 126330 92247 infeasible   69       104.33303   96.23319  7.76%   158 2202s
 128329 92826     cutoff   70       104.33303   96.23891  7.76%   159 2233s
 129320 95079   96.27677   43  361  104.33303   96.24534  7.75%   159 2284s
 130246 95079     cutoff   65       104.33303   96.24572  7.75%   159 2285s
 132885 95123     cutoff   37       104.33303   96.25226  7.75%   161 2337s
H132946 95123                     104.3330260   96.25271  7.74%   161 2338s
 133073 95356 infeasible   61       104.33303   96.25532  7.74%   161 2373s
H133355 95356                     104.3330259   96.25642  7.74%   161 2373s
 133527 97052     cutoff   56       104.33303   96.25854  7.74%   161 2417s
 136233 98513 infeasible   69       104.33303   96.26323  7.73%   163 2453s
 138467 98897   96.50517   36  304  104.33303   96.26994  7.73%   164 2486s
 139057 100872     cutoff   52       104.33303   96.27270  7.73%   164 2526s
 142015 102332   99.40631   52  305  104.33303   96.27786  7.72%   165 2563s
 144433 103579     cutoff   78       104.33303   96.28389  7.71%   166 2593s
 146336 103906 infeasible   79       104.33303   96.28806  7.71%   166 2615s
 146843 105603   96.51413   41  267  104.33303   96.28943  7.71%   167 2650s
 149487 106937   98.55310   44  181  104.33303   96.29590  7.70%   167 2689s
 151566 108143  102.13076   35  355  104.33303   96.30039  7.70%   168 2723s
 153552 109373     cutoff   41       104.33303   96.30609  7.69%   169 2749s
 155528 109580 infeasible   77       104.33303   96.31038  7.69%   169 2794s
 155921 111169   96.34301   54  305  104.33303   96.31341  7.69%   170 2830s
 158311 112611 infeasible   66       104.33303   96.31593  7.68%   170 2853s
 160556 113175     cutoff   43       104.33303   96.32413  7.68%   171 2882s
 161526 115054 infeasible   39       104.33303   96.32627  7.67%   171 2911s
 164341 116822     cutoff   42       104.33303   96.33078  7.67%   172 2944s
 166837 116999     cutoff   42       104.33303   96.33553  7.67%   172 2975s
 167190 118642 infeasible   65       104.33303   96.33687  7.66%   172 3006s
 169799 120177   97.92941   38  210  104.33303   96.34200  7.66%   173 3032s
 172163 120438 infeasible   54       104.33303   96.34696  7.65%   173 3076s
 172630 131019 infeasible   73       104.33303   96.34843  7.65%   173 3222s
 186937 131216     cutoff   48       104.33303   96.36181  7.64%   173 3269s
 187268 132134 infeasible   56       104.33303   96.36206  7.64%   173 3300s
 188830 132397 infeasible   56       104.33303   96.36480  7.64%   173 3330s
 189273 134152   96.37778   61  164  104.33303   96.36616  7.64%   174 3362s
 191907 135784 infeasible   63       104.33303   96.37083  7.63%   174 3394s
 194236 137232     cutoff   52       104.33303   96.37423  7.63%   174 3440s
 196528 137511   96.60352   37  283  104.33303   96.37779  7.62%   174 3469s
 196934 139642   96.37928   27  387  104.33303   96.37928  7.62%   174 3512s
 200027 141284   96.59449   52  322  104.33303   96.38402  7.62%   174 3547s
 202583 141600   96.51672   61  247  104.33303   96.38823  7.61%   175 3580s
 203109 143108  100.13502   47  259  104.33303   96.39001  7.61%   175 3615s
 205520 145000     cutoff   50       104.33303   96.39373  7.61%   176 3641s
 208128 146532     cutoff   38       104.33303   96.39924  7.60%   176 3672s
 210603 146844   98.48020   54  185  104.33303   96.40356  7.60%   176 3705s
 211047 148595   96.92113   48  317  104.33303   96.40513  7.60%   176 3745s
 213691 150091   96.61659   55  205  104.33303   96.40770  7.60%   177 3782s
 215953 151899     cutoff   53       104.33303   96.41245  7.59%   177 3821s
 218378 152178     cutoff   52       104.33303   96.41697  7.59%   177 3863s
 218900 154451   98.45369   35  209  104.33303   96.41892  7.59%   177 3910s
 222157 156194 infeasible   41       104.33303   96.42254  7.58%   178 3946s
 224732 156444 infeasible   62       104.33303   96.42621  7.58%   178 3983s
 225184 158428     cutoff   40       104.33303   96.42788  7.58%   178 4027s
 228026 160460 infeasible   42       104.33303   96.43227  7.57%   178 4067s
 230921 160782 infeasible   59       104.33303   96.43614  7.57%   178 4094s
 231372 162712   96.52229   56  217  104.33303   96.43774  7.57%   178 4128s
 234170 164299   98.61679   58  171  104.33303   96.43996  7.57%   179 4160s
 236513 166182 infeasible   64       104.33303   96.44516  7.56%   179 4195s
 239082 166451 infeasible   51       104.33303   96.44957  7.56%   179 4222s
 239553 168583   96.65944   53  293  104.33303   96.45091  7.55%   179 4259s
 240494 168583   96.50392   60  224  104.33303   96.45136  7.55%   179 4260s
 242580 170477     cutoff   44       104.33303   96.45495  7.55%   179 4305s
 245177 170831     cutoff   44       104.33303   96.45889  7.55%   180 4346s
 245681 172941 infeasible   67       104.33303   96.46034  7.55%   180 4392s
 248766 174846   96.73514   42  368  104.33303   96.46444  7.54%   180 4425s
 251433 175382   97.42078   38  264  104.33303   96.46788  7.54%   180 4459s
 252333 177401   97.07669   41  272  104.33303   96.46989  7.54%   180 4498s
 255156 177810     cutoff   57       104.33303   96.47418  7.53%   180 4533s
 255731 179980     cutoff   41       104.33303   96.47530  7.53%   180 4574s
 258786 182053     cutoff   51       104.33303   96.47868  7.53%   180 4616s
 261597 183201   97.06987   44  230  104.33303   96.48203  7.52%   180 4654s
 263391 183417     cutoff   56       104.33303   96.48498  7.52%   180 4701s
 264101 184038 infeasible   48       104.33303   96.48621  7.52%   181 4736s
 265962 184126   98.18277   47  337  104.33303   96.49317  7.51%   182 4775s
 266756 184445     cutoff   45       104.33303   96.49491  7.51%   182 4817s
 268310 184457   97.03653   49  283  104.33303   96.50412  7.50%   183 4894s
 268807 184457 infeasible   64       104.33303   96.50475  7.50%   184 4895s
 269174 184764     cutoff   58       104.33303   96.50594  7.50%   184 4946s
 271024 184821 infeasible   65       104.33303   96.51527  7.49%   185 4999s
 271991 184711     cutoff   42       104.33303   96.51956  7.49%   186 5067s
 273121 184771   96.75427   49  280  104.33303   96.52741  7.48%   187 5128s
 274219 185088     cutoff   41       104.33303   96.53261  7.48%   188 5198s
H274388 185088                     104.3330257   96.53277  7.48%   188 5198s
 276997 185078 infeasible   68       104.33303   96.54342  7.47%   190 5328s
H277087 185078                     104.3330256   96.54415  7.47%   190 5328s
H277106 185078                     104.3330255   96.54445  7.47%   190 5329s
H277330 185078                     104.3330251   96.54488  7.46%   190 5329s
 277383 185095     cutoff   48       104.33303   96.54580  7.46%   190 5405s
 278461 185223     cutoff   64       104.33303   96.55056  7.46%   191 5476s
 279679 185236 infeasible   54       104.33303   96.55533  7.45%   192 5515s
 280305 185976     cutoff   56       104.33303   96.55995  7.45%   193 5644s
 281209 185976     cutoff   54       104.33303   96.56085  7.45%   193 5645s
 283892 185946 infeasible   59       104.33303   96.57423  7.44%   195 5741s
 285429 186028     cutoff   56       104.33303   96.57940  7.43%   196 5835s
 287074 185956 infeasible   93       104.33303   96.58665  7.42%   198 5917s
 288824 185941     cutoff   46       104.33303   96.59601  7.42%   200 6008s
 290462 185934   97.50355   48  245  104.33303   96.60552  7.41%   201 6102s
 292008 185939     cutoff   64       104.33303   96.61462  7.40%   202 6230s
H292314 185939                     104.3330249   96.61511  7.40%   203 6230s
 293018 185849     cutoff   57       104.33302   96.62265  7.39%   203 6338s
 294995 185900 infeasible   75       104.33302   96.63219  7.38%   205 6454s
 295106 185900     cutoff   49       104.33302   96.63219  7.38%   205 6455s
 297021 185954 infeasible   75       104.33302   96.63707  7.38%   206 6590s
 298734 185825 infeasible   44       104.33302   96.64962  7.36%   208 6686s
 300626 185760   98.16091   50  247  104.33302   96.66201  7.35%   209 6798s
 302501 185903   99.56256   43  339  104.33302   96.67276  7.34%   211 6904s
 303154 185903   98.58837   50  257  104.33302   96.67364  7.34%   211 6905s
 304644 186222  102.82488   55  224  104.33302   96.68174  7.33%   212 6947s
 305937 186234     cutoff   48       104.33302   96.69090  7.32%   213 7016s
 307267 186267   96.82563   49  250  104.33302   96.69466  7.32%   214 7089s
 308698 186824  103.66302   56  208  104.33302   96.70232  7.31%   215 7176s
 312175 186792     cutoff   53       104.33302   96.71568  7.30%   217 7200s

Cutting planes:
  Learned: 8
  Gomory: 182
  Lift-and-project: 23
  Cover: 761
  Implied bound: 880
  Clique: 7
  MIR: 1110
  StrongCG: 2
  Flow cover: 2212
  GUB cover: 1
  Inf proof: 83
  Zero half: 19
  Network: 6
  RLT: 114
  Relax-and-lift: 196
  PSD: 1

Explored 312616 nodes (67971431 simplex iterations) in 7200.28 seconds (2852.80 work units)
Thread count was 32 (of 32 available processors)

Solution count 10: 104.333 104.333 104.333 ... 104.339

Time limit reached
Best objective 1.043330249231e+02, best bound 9.671810581307e+01, gap 7.2987%
