
Gurobi 9.5.2 (linux64) logging started Tue Aug 11 21:14:11 2026

Set parameter LogFile to value "/mnt/beegfs/users/celinep/ChargeAndBreak/logs/oracle_RshortCfewTnone_1__diesel_gurobi.log"
Gurobi Optimizer version 9.5.2 build v9.5.2rc0 (linux64)
Thread count: 16 physical cores, 32 logical processors, using up to 32 threads
Optimize a model with 3010 rows, 1607 columns and 22379 nonzeros
Model fingerprint: 0xbf89b631
Variable types: 1019 continuous, 588 integer (588 binary)
Coefficient statistics:
  Matrix range     [2e-01, 7e+02]
  Objective range  [5e-01, 1e+00]
  Bounds range     [1e+00, 2e+01]
  RHS range        [2e-01, 2e+07]

User MIP start produced solution with objective 35.1759 (0.01s)
Loaded user MIP start with objective 35.1759

Presolve removed 1543 rows and 617 columns
Presolve time: 0.34s
Presolved: 1467 rows, 990 columns, 11498 nonzeros
Variable types: 588 continuous, 402 integer (400 binary)
Root relaxation presolve removed 28 rows and 1 columns
Root relaxation presolved: 1439 rows, 989 columns, 9243 nonzeros


Root relaxation: objective 3.409254e+01, 747 iterations, 0.09 seconds (0.03 work units)

    Nodes    |    Current Node    |     Objective Bounds      |     Work
 Expl Unexpl |  Obj  Depth IntInf | Incumbent    BestBd   Gap | It/Node Time

     0     0   34.09254    0    8   35.17587   34.09254  3.08%     -    0s
H    0     0                      35.0092030   34.09254  2.62%     -    0s
     0     0   34.09254    0    7   35.00920   34.09254  2.62%     -    0s
     0     0   34.09254    0    9   35.00920   34.09254  2.62%     -    1s
H    0     0                      34.0925363   34.09254  0.00%     -    1s
     0     0   34.09254    0    7   34.09254   34.09254  0.00%     -    1s

Cutting planes:
  Gomory: 11
  Lift-and-project: 3
  Implied bound: 4
  Projected implied bound: 10
  MIR: 24
  Flow cover: 33
  Relax-and-lift: 3

Explored 1 nodes (1471 simplex iterations) in 1.40 seconds (0.31 work units)
Thread count was 32 (of 32 available processors)

Solution count 4: 34.0925 35.0092 35.0092 35.1759 

Optimal solution found (tolerance 5.00e-03)
Best objective 3.409253633333e+01, best bound 3.409253633333e+01, gap 0.0000%
