
Gurobi 9.5.2 (linux64) logging started Wed Jul 29 11:41:44 2026

Set parameter LogFile to value "logs/oracle_RmediumCmediumTmedium_13_gurobi.log"
Gurobi Optimizer version 9.5.2 build v9.5.2rc0 (linux64)
Thread count: 16 physical cores, 32 logical processors, using up to 32 threads
Optimize a model with 5430 rows, 3133 columns and 18882 nonzeros
Model fingerprint: 0x2ce73682
Variable types: 1957 continuous, 1176 integer (1176 binary)
Coefficient statistics:
  Matrix range     [3e-02, 1e+03]
  Objective range  [1e+00, 1e+00]
  Bounds range     [1e+00, 1e+00]
  RHS range        [8e-02, 5e+02]
Presolve removed 1692 rows and 622 columns
Presolve time: 0.51s
Presolved: 3738 rows, 2511 columns, 16609 nonzeros
Variable types: 1498 continuous, 1013 integer (1013 binary)

Root relaxation: objective 5.949783e+01, 3900 iterations, 1.21 seconds (0.18 work units)

    Nodes    |    Current Node    |     Objective Bounds      |     Work
 Expl Unexpl |  Obj  Depth IntInf | Incumbent    BestBd   Gap | It/Node Time

     0     0   59.49783    0  355          -   59.49783      -     -    2s
     0     0   60.52842    0  335          -   60.52842      -     -    4s
     0     0   60.54763    0  333          -   60.54763      -     -    4s
     0     0   60.54832    0  334          -   60.54832      -     -    4s
     0     0   61.40302    0  352          -   61.40302      -     -    5s
     0     0   61.42292    0  354          -   61.42292      -     -    6s
     0     0   61.44284    0  362          -   61.44284      -     -    6s
     0     0   61.44285    0  364          -   61.44285      -     -    6s
     0     0   62.12057    0  354          -   62.12057      -     -    8s
     0     0   62.16596    0  387          -   62.16596      -     -    9s
     0     0   62.18140    0  383          -   62.18140      -     -    9s
     0     0   62.18153    0  378          -   62.18153      -     -    9s
     0     0   62.51368    0  371          -   62.51368      -     -   11s
     0     0   62.56842    0  350          -   62.56842      -     -   12s
     0     0   62.69056    0  361          -   62.69056      -     -   12s
     0     0   62.69218    0  359          -   62.69218      -     -   12s
     0     0   62.69218    0  366          -   62.69218      -     -   12s
     0     0   62.76264    0  364          -   62.76264      -     -   12s
     0     0   62.76902    0  359          -   62.76902      -     -   13s
     0     0   62.76915    0  357          -   62.76915      -     -   13s
     0     0   62.86598    0  365          -   62.86598      -     -   14s
     0     0   62.87475    0  367          -   62.87475      -     -   15s
     0     0   62.87637    0  381          -   62.87637      -     -   15s
     0     0   62.87675    0  365          -   62.87675      -     -   15s
     0     0   62.92915    0  386          -   62.92915      -     -   15s
     0     0   62.93137    0  374          -   62.93137      -     -   16s
     0     0   62.93389    0  376          -   62.93389      -     -   16s
     0     0   62.93405    0  375          -   62.93405      -     -   16s
     0     0   62.94893    0  371          -   62.94893      -     -   16s
     0     0   62.96117    0  371          -   62.96117      -     -   17s
     0     0   62.96162    0  370          -   62.96162      -     -   17s
     0     0   62.99865    0  372          -   62.99865      -     -   17s
     0     0   62.99984    0  368          -   62.99984      -     -   18s
     0     0   63.00005    0  368          -   63.00005      -     -   18s
     0     0   63.00356    0  378          -   63.00356      -     -   18s
     0     0   63.00445    0  377          -   63.00445      -     -   19s
H    0     0                     106.1595944   63.00600  40.6%     -   19s
     0     0   63.00600    0  377  106.15959   63.00600  40.6%     -   19s
     0     0   63.00600    0  343  106.15959   63.00600  40.6%     -   21s
     0     2   63.00600    0  333  106.15959   63.00600  40.6%     -   23s
     3     8   63.03392    2  334  106.15959   63.03392  40.6%   188   25s
H   32    48                      94.8371207   63.03452  33.5%   200   26s
H   34    48                      94.4198541   63.03452  33.2%   194   26s
H   38    48                      94.2632445   63.03452  33.1%   182   26s
H   79    92                      94.1905069   63.03452  33.1%   115   28s
H   81    92                      94.1070806   63.03452  33.0%   112   28s
H   87    92                      94.1062308   63.03452  33.0%   106   28s
H   88    92                      94.0920910   63.03452  33.0%   106   28s
H   92    92                      94.0720404   63.03452  33.0%   104   28s
H  127   138                      94.0203295   63.03452  33.0%  87.3   29s
H  128   138                      93.8047483   63.03452  32.8%  86.9   29s
H  129   138                      92.9053737   63.03452  32.2%  86.3   29s
H  131   138                      83.6869962   63.03452  24.7%  85.2   29s
H  175   173                      83.4102806   63.03452  24.4%  70.2   34s
H  177   173                      82.5203295   63.03452  23.6%  69.6   34s
H  187   173                      82.4100043   63.03452  23.5%  68.0   34s
   242   237   63.11663   18  338   82.41000   63.03452  23.5%  59.5   35s
H  243   237                      79.5225375   63.03452  20.7%  59.2   35s
H  317   303                      78.5022701   63.03452  19.7%  51.7   42s
H  322   303                      78.3252598   63.03452  19.5%  51.8   42s
H  324   303                      77.8091624   63.03452  19.0%  51.6   42s
H  334   309                      76.6655647   63.03452  17.8%  50.6   62s
H  335   309                      76.5492993   63.03452  17.7%  50.6   62s
H  355   309                      76.4793767   63.03452  17.6%  50.3   62s
H  360   322                      76.4367840   63.03452  17.5%  50.0   67s
H  363   322                      76.4161223   63.03452  17.5%  51.7   67s
H  364   322                      76.2127209   63.03452  17.3%  51.9   67s
   406   357   63.78611   25  292   76.21272   63.03452  17.3%  54.0   72s
H  421   357                      76.1522161   63.03452  17.2%  54.0   72s
   511   455   63.80289   32  305   76.15222   63.03452  17.2%  49.2   80s
H  514   455                      76.1522161   63.03452  17.2%  49.0   80s
H  517   455                      76.1522160   63.03452  17.2%  48.8   80s
H  526   455                      76.0962182   63.03452  17.2%  48.3   80s
   635   567   64.09683   38  351   76.09622   63.03452  17.2%  43.0   87s
H  643   567                      76.0962182   63.03452  17.2%  43.0   87s
   745   672   64.10094   46  354   76.09622   63.03452  17.2%  41.0   95s
H  757   672                      67.3972853   63.03452  6.47%  40.7   95s
   855   705   64.10247   57  348   67.39729   63.03452  6.47%  42.6  102s
H  860   705                      67.3972852   63.03452  6.47%  42.6  102s
  1670   905   63.95073   24  333   67.39729   63.10442  6.37%  35.3  105s
  2286  1156   65.98151   51  343   67.39729   63.10442  6.37%  36.4  118s
  2288  1157   65.85544   17  354   67.39729   63.10442  6.37%  36.4  124s
  2289  1158   64.57135   21  265   67.39729   63.10442  6.37%  36.4  127s
  2295  1162   65.16459   33  214   67.39729   64.46236  4.35%  36.3  133s
  2302  1167   64.98924   28  323   67.39729   64.55697  4.21%  36.2  135s
  2308  1171   65.27951   38  286   67.39729   65.27951  3.14%  36.1  140s
  2312  1173   65.66304   61  296   67.39729   65.66304  2.57%  36.0  145s
  2318  1177   65.93505   46  284   67.39729   65.93505  2.17%  35.9  150s
  2329  1185   66.20168   47  251   67.39729   66.20168  1.77%  35.8  157s
  2339  1191   66.28583   25  258   67.39729   66.28583  1.65%  35.6  160s
  2346  1196   66.35858   50  247   67.39729   66.35858  1.54%  35.5  165s
  2355  1202   66.43115   76  268   67.39729   66.43115  1.43%  35.4  170s
  2361  1206   66.46682   21  230   67.39729   66.46682  1.38%  35.3  177s
  2370  1212   66.54148   21  199   67.39729   66.54148  1.27%  35.1  181s
  2383  1221   66.92655   21  242   67.39729   66.57514  1.22%  34.9  185s
  2392  1227   66.60340   61  182   67.39729   66.60340  1.18%  34.8  191s
  2396  1229   66.62614   31  194   67.39729   66.62614  1.14%  34.8  195s
H 2399  1167                      67.3440515   66.63027  1.06%  34.7  197s
  2402  1169   66.63473   28  187   67.34405   66.63473  1.05%  34.7  200s
  2408  1173   66.64940   38  169   67.34405   66.64940  1.03%  34.6  205s
  2417  1179   66.68084   26  180   67.34405   66.68084  0.98%  34.5  211s
  2420  1181   66.68240   27  219   67.34405   66.68240  0.98%  34.4  215s
  2424  1184   66.69448   10  223   67.34405   66.69448  0.96%  34.4  220s
  2430  1189   66.69824   77   48   67.34405   66.69824  0.96%  50.3  227s
  2431  1190   66.69824   43  130   67.34405   66.69824  0.96%  50.3  232s
  2441  1197   66.74884   61  158   67.34405   66.74884  0.88%  50.1  235s
  2452  1204   66.78647   10  169   67.34405   66.78647  0.83%  49.8  240s
  2461  1210   66.80813   21  174   67.34405   66.80813  0.80%  49.7  246s
  2467  1214   66.80982   46  171   67.34405   66.80982  0.79%  49.5  250s
  2471  1219   66.82423   27  142   67.34405   66.82423  0.77%  55.8  256s
  2476  1220     cutoff   29        67.34405   66.88857  0.68%  55.8  260s

Cutting planes:
  Learned: 1
  Gomory: 32
  Cover: 31
  Implied bound: 21
  Projected implied bound: 5
  MIR: 96
  StrongCG: 1
  Flow cover: 214
  GUB cover: 1
  Zero half: 2
  RLT: 15
  Relax-and-lift: 21

Explored 2558 nodes (151031 simplex iterations) in 262.49 seconds (24.65 work units)
Thread count was 32 (of 32 available processors)

Solution count 10: 67.3441 67.3441 67.3973 ... 76.2127

Optimal solution found (tolerance 5.00e-03)
Best objective 6.734405153079e+01, best bound 6.701964290150e+01, gap 0.4817%
