
Gurobi 9.5.2 (linux64) logging started Mon Aug  3 11:17:10 2026

Set parameter LogFile to value "logs/oracle_RshortCfewTtight_8__cs90_gurobi.log"
Gurobi Optimizer version 9.5.2 build v9.5.2rc0 (linux64)
Thread count: 16 physical cores, 32 logical processors, using up to 32 threads
Optimize a model with 2315 rows, 1237 columns and 15284 nonzeros
Model fingerprint: 0x9338fec1
Variable types: 787 continuous, 450 integer (450 binary)
Coefficient statistics:
  Matrix range     [5e-02, 5e+02]
  Objective range  [1e+00, 1e+00]
  Bounds range     [1e+00, 2e+01]
  RHS range        [2e-01, 5e+02]

User MIP start produced solution with objective 36.1503 (0.01s)
Loaded user MIP start with objective 36.1503

Presolve removed 929 rows and 347 columns
Presolve time: 0.22s
Presolved: 1386 rows, 890 columns, 9171 nonzeros
Variable types: 545 continuous, 345 integer (343 binary)
Root relaxation presolve removed 24 rows and 19 columns
Root relaxation presolved: 1362 rows, 871 columns, 8587 nonzeros


Root relaxation: objective 3.250741e+01, 1016 iterations, 0.21 seconds (0.04 work units)

    Nodes    |    Current Node    |     Objective Bounds      |     Work
 Expl Unexpl |  Obj  Depth IntInf | Incumbent    BestBd   Gap | It/Node Time

     0     0   32.50741    0   28   36.15034   32.50741  10.1%     -    0s
H    0     0                      34.0448569   32.50741  4.52%     -    0s
     0     0   33.02275    0   29   34.04486   33.02275  3.00%     -    0s
     0     0   33.05427    0   29   34.04486   33.05427  2.91%     -    0s
     0     0   33.29846    0   56   34.04486   33.29846  2.19%     -    1s
     0     0   33.37035    0   40   34.04486   33.37035  1.98%     -    1s
     0     0   33.38973    0   41   34.04486   33.38973  1.92%     -    1s
     0     0   33.40271    0   40   34.04486   33.40271  1.89%     -    1s
     0     0   33.40271    0   52   34.04486   33.40271  1.89%     -    1s
     0     0   33.41501    0   52   34.04486   33.41501  1.85%     -    1s
H    0     0                      33.6563040   33.65614  0.00%     -    1s
     0     0   33.65630    0   49   33.65630   33.65630  0.00%     -    1s

Cutting planes:
  Learned: 1
  Gomory: 18
  Lift-and-project: 32
  Cover: 15
  Implied bound: 13
  Projected implied bound: 4
  MIR: 78
  Flow cover: 107
  GUB cover: 2
  Zero half: 2
  RLT: 11

Explored 1 nodes (1336 simplex iterations) in 1.55 seconds (0.28 work units)
Thread count was 32 (of 32 available processors)

Solution count 3: 33.6563 34.0449 36.1503 

Optimal solution found (tolerance 5.00e-03)
Best objective 3.365630403176e+01, best bound 3.365630403176e+01, gap 0.0000%
