
Gurobi 9.5.2 (linux64) logging started Mon Aug  3 11:50:57 2026

Set parameter LogFile to value "logs/oracle_RshortCfewTmedium_8__kw1000_gurobi.log"
Gurobi Optimizer version 9.5.2 build v9.5.2rc0 (linux64)
Thread count: 16 physical cores, 32 logical processors, using up to 32 threads
Optimize a model with 2257 rows, 1222 columns and 13757 nonzeros
Model fingerprint: 0xbf0001df
Variable types: 767 continuous, 455 integer (455 binary)
Coefficient statistics:
  Matrix range     [4e-02, 5e+02]
  Objective range  [1e+00, 1e+00]
  Bounds range     [1e+00, 2e+01]
  RHS range        [4e-02, 5e+02]

User MIP start did not produce a new incumbent solution

Presolve removed 875 rows and 339 columns
Presolve time: 0.14s
Presolved: 1382 rows, 883 columns, 8611 nonzeros
Variable types: 539 continuous, 344 integer (342 binary)
Root relaxation presolve removed 20 rows and 20 columns
Root relaxation presolved: 1362 rows, 863 columns, 8571 nonzeros

Extra simplex iterations after uncrush: 1

Root relaxation: objective 3.070671e+01, 1169 iterations, 0.10 seconds (0.05 work units)
Another try with MIP start

    Nodes    |    Current Node    |     Objective Bounds      |     Work
 Expl Unexpl |  Obj  Depth IntInf | Incumbent    BestBd   Gap | It/Node Time

H    0     0                      31.7878877   30.70671  3.40%     -    0s
     0     0   30.70671    0   53   31.78789   30.70671  3.40%     -    0s
H    0     0                      31.6631465   30.70671  3.02%     -    0s
     0     0   30.79488    0   37   31.66315   30.79488  2.74%     -    0s
     0     0   30.80128    0   43   31.66315   30.80128  2.72%     -    0s
     0     0   30.91677    0   72   31.66315   30.91677  2.36%     -    0s
     0     0   30.92033    0   72   31.66315   30.92033  2.35%     -    0s
     0     0   31.06885    0   77   31.66315   31.06885  1.88%     -    1s
     0     0   31.07589    0   83   31.66315   31.07589  1.85%     -    1s
H    0     0                      31.5798131   31.07589  1.60%     -    1s
     0     0   31.11947    0   75   31.57981   31.11947  1.46%     -    2s
     0     0   31.11947    0   62   31.57981   31.11947  1.46%     -    2s
     0     0   31.11947    0   49   31.57981   31.11947  1.46%     -    2s
     0     0   31.11947    0   46   31.57981   31.11947  1.46%     -    2s
     0     0   31.11947    0   73   31.57981   31.11947  1.46%     -    2s
     0     0   31.11947    0   70   31.57981   31.11947  1.46%     -    2s
H    0     0                      31.4292756   31.15592  0.87%     -    3s
     0     0   31.17521    0   61   31.42928   31.17521  0.81%     -    3s
H    0     0                      31.4131465   31.17521  0.76%     -    3s
     0     0   31.18822    0   67   31.41315   31.18822  0.72%     -    3s
     0     0   31.21706    0   61   31.41315   31.21706  0.62%     -    3s
     0     0   31.23041    0   57   31.41315   31.23041  0.58%     -    3s
     0     0   31.23041    0   64   31.41315   31.23041  0.58%     -    3s
     0     0   31.23041    0   58   31.41315   31.23041  0.58%     -    3s
     0     0   31.26392    0   65   31.41315   31.26392  0.48%     -    4s

Cutting planes:
  Gomory: 21
  Cover: 13
  Implied bound: 19
  Projected implied bound: 1
  MIR: 43
  StrongCG: 4
  Flow cover: 73
  GUB cover: 1
  Zero half: 11
  RLT: 7
  Relax-and-lift: 4

Explored 1 nodes (5671 simplex iterations) in 4.31 seconds (0.90 work units)
Thread count was 32 (of 32 available processors)

Solution count 6: 31.4131 31.4293 31.5798 ... 31.7879

Optimal solution found (tolerance 5.00e-03)
Best objective 3.141314646603e+01, best bound 3.126391945586e+01, gap 0.4750%
