
Gurobi 9.5.2 (linux64) logging started Wed Jul 29 15:12:26 2026

Set parameter LogFile to value "logs/oracle_RmediumCmediumTnone_1_gurobi.log"
Gurobi Optimizer version 9.5.2 build v9.5.2rc0 (linux64)
Thread count: 16 physical cores, 32 logical processors, using up to 32 threads
Optimize a model with 5787 rows, 3336 columns and 20137 nonzeros
Model fingerprint: 0x98a7122a
Variable types: 2087 continuous, 1249 integer (1249 binary)
Coefficient statistics:
  Matrix range     [4e-02, 1e+03]
  Objective range  [1e+00, 1e+00]
  Bounds range     [1e+00, 1e+00]
  RHS range        [2e-02, 2e+07]
Presolve removed 1783 rows and 630 columns
Presolve time: 0.72s
Presolved: 4004 rows, 2706 columns, 16668 nonzeros
Variable types: 1616 continuous, 1090 integer (1090 binary)

Root relaxation: objective 5.989802e+01, 3195 iterations, 1.76 seconds (0.16 work units)

    Nodes    |    Current Node    |     Objective Bounds      |     Work
 Expl Unexpl |  Obj  Depth IntInf | Incumbent    BestBd   Gap | It/Node Time

     0     0   59.93230    0  284          -   59.93230      -     -    4s
     0     0   60.84111    0  395          -   60.84111      -     -    7s
     0     0   60.90134    0  396          -   60.90134      -     -    8s
     0     0   60.90212    0  395          -   60.90212      -     -    8s
     0     0   60.91068    0  395          -   60.91068      -     -    8s
     0     0   60.91068    0  395          -   60.91068      -     -    8s
     0     0   62.34689    0  422          -   62.34689      -     -    9s
     0     0   62.40762    0  419          -   62.40762      -     -   10s
     0     0   62.45806    0  411          -   62.45806      -     -   10s
     0     0   62.46064    0  406          -   62.46064      -     -   10s
     0     0   62.46066    0  417          -   62.46066      -     -   11s
     0     0   63.63286    0  336          -   63.63286      -     -   13s
     0     0   63.68024    0  363          -   63.68024      -     -   14s
     0     0   63.68342    0  367          -   63.68342      -     -   14s
     0     0   63.68364    0  365          -   63.68364      -     -   14s
     0     0   64.32086    0  354          -   64.32086      -     -   16s
     0     0   64.38990    0  348          -   64.38990      -     -   16s
     0     0   64.40604    0  353          -   64.40604      -     -   17s
     0     0   64.40858    0  355          -   64.40858      -     -   17s
     0     0   64.40863    0  355          -   64.40863      -     -   17s
     0     0   64.55787    0  385          -   64.55787      -     -   17s
     0     0   64.57760    0  349          -   64.57760      -     -   18s
     0     0   64.57787    0  346          -   64.57787      -     -   18s
     0     0   64.63375    0  392          -   64.63375      -     -   18s
     0     0   64.63564    0  391          -   64.63564      -     -   19s
     0     0   64.63584    0  382          -   64.63584      -     -   19s
     0     0   64.65267    0  398          -   64.65267      -     -   20s
     0     0   64.65294    0  400          -   64.65294      -     -   21s
     0     0   64.66959    0  402          -   64.66959      -     -   21s
H    0     0                      78.4657399   64.67154  17.6%     -   22s
     0     0   64.67154    0  411   78.46574   64.67154  17.6%     -   22s
     0     0   64.67229    0  410   78.46574   64.67229  17.6%     -   22s
     0     0   64.70408    0  397   78.46574   64.70408  17.5%     -   23s
     0     0   64.73612    0  407   78.46574   64.73612  17.5%     -   23s
     0     0   64.73717    0  406   78.46574   64.73717  17.5%     -   23s
     0     0   64.74967    0  411   78.46574   64.74967  17.5%     -   24s
     0     0   64.75101    0  409   78.46574   64.75101  17.5%     -   24s
     0     0   64.78306    0  403   78.46574   64.78306  17.4%     -   24s
     0     0   64.78766    0  407   78.46574   64.78766  17.4%     -   25s
     0     0   64.78879    0  407   78.46574   64.78879  17.4%     -   25s
     0     0   64.81186    0  404   78.46574   64.81186  17.4%     -   25s
     0     0   64.81608    0  396   78.46574   64.81608  17.4%     -   26s
     0     0   64.81661    0  398   78.46574   64.81661  17.4%     -   26s
     0     0   64.81678    0  399   78.46574   64.81678  17.4%     -   26s
     0     0   64.81678    0  400   78.46574   64.81678  17.4%     -   26s
     0     0   64.81678    0  400   78.46574   64.81678  17.4%     -   27s
     0     0   64.81678    0  313   78.46574   64.81678  17.4%     -   28s
     0     2   64.81678    0  273   78.46574   64.81678  17.4%     -   30s
H   80    92                      78.3773962   64.84123  17.3%  62.4   33s
   181   182   66.23330   14  299   78.37740   64.84123  17.3%  37.6   41s
H  182   182                      78.2683164   64.84123  17.2%  37.4   41s
H  185   182                      78.2581192   64.84123  17.1%  36.9   41s
H  188   182                      78.1189967   64.84123  17.0%  36.4   41s
H  252   238                      77.8946988   64.84123  16.8%  30.8   44s
   323   306   66.67931   23  283   77.89470   64.84123  16.8%  28.8   48s
H  329   306                      77.7324441   64.84123  16.6%  28.5   48s
H  335   306                      77.6741378   64.84123  16.5%  28.1   48s
   341   319   66.76907   24  288   77.67414   64.84123  16.5%  28.3   54s
H  347   319                      77.6643448   64.84123  16.5%  28.2   54s
H  354   319                      77.6433173   64.84123  16.5%  27.8   54s
   457   463   66.94618   31  298   77.64332   64.84123  16.5%  25.5   55s
   940   848   68.01769   60  292   77.64332   64.84123  16.5%  19.8   65s
H  949   848                      77.6326036   64.84123  16.5%  19.7   65s
  1003   904   68.54407   65  288   77.63260   64.84123  16.5%  19.7   71s
  1019   963   68.56672   66  278   77.63260   64.84123  16.5%  19.6   78s
H 1026   963                      77.5958191   64.84123  16.4%  19.6   78s
H 1079   963                      77.5633712   64.84123  16.4%  19.5   78s
  1331  1190   71.23363   81  273   77.56337   64.84123  16.4%  19.3   85s
H 1337  1188                      77.5340958   64.84123  16.4%  19.5   85s
  2091  1693   67.02525   18  313   77.53410   64.85734  16.3%  21.1  103s
  2093  1694   66.23766   19  412   77.53410   64.85734  16.3%  21.1  109s
  2094  1695   67.34304   72  236   77.53410   64.85734  16.3%  21.0  115s
  2100  1699   66.58081   26  350   77.53410   66.31176  14.5%  21.0  121s
  2105  1702   71.33241   85  270   77.53410   66.82211  13.8%  20.9  127s
  2111  1706   70.98281   26  344   77.53410   66.93144  13.7%  20.9  130s
  2112  1707   74.63703    5  204   77.53410   67.05424  13.5%  20.9  135s
  2117  1710   67.16419   21  220   77.53410   67.16419  13.4%  20.8  140s
  2123  1714   71.26144   56  226   77.53410   67.21981  13.3%  20.8  146s
  2128  1718   68.82634   26  260   77.53410   67.25728  13.3%  20.7  154s
  2130  1719   77.29661   30  303   77.53410   67.26401  13.2%  20.7  155s
  2134  1722   70.82634   36  297   77.53410   67.29114  13.2%  20.6  163s
  2136  1723   68.56793   20  278   77.53410   67.30353  13.2%  20.6  165s
  2140  1726   71.23672   45  282   77.53410   67.32262  13.2%  20.6  170s
  2146  1730   67.76397   50  321   77.53410   67.36815  13.1%  20.5  178s
  2152  1734   72.36692   17  374   77.53410   67.37375  13.1%  20.5  180s
  2153  1734   67.39152   42  295   77.53410   67.39152  13.1%  20.5  186s
  2156  1736   72.26470   80  441   77.53410   67.40586  13.1%  20.4  190s
  2159  1738   67.42227   52  330   77.53410   67.42227  13.0%  20.4  199s
  2160  1739   69.36332   73  361   77.53410   67.42326  13.0%  20.4  203s
  2162  1740   68.63408   48  375   77.53410   67.42381  13.0%  20.4  206s
  2163  1741   68.11674   19  325   77.53410   67.43733  13.0%  20.4  212s
  2166  1743   70.84979   80  363   77.53410   67.44268  13.0%  20.3  215s
  2169  1745   71.56740   93  300   77.53410   67.44760  13.0%  20.3  223s
  2172  1747   67.44887   50  348   77.53410   67.44887  13.0%  20.3  226s
  2173  1748   67.46008   29  300   77.53410   67.46008  13.0%  20.3  232s
  2177  1750   76.78792  106  334   77.53410   67.46386  13.0%  20.2  238s
  2178  1751   72.38826   12  336   77.53410   67.47879  13.0%  20.2  246s
  2181  1753   67.48541   14  365   77.53410   67.48541  13.0%  20.2  251s
  2182  1754   74.92309   53  231   77.53410   67.49047  13.0%  20.2  255s
H 2186  1666                      77.5340958   67.49634  12.9%  20.2  259s
  2187  1667   67.50043   20  318   77.53410   67.50043  12.9%  20.1  262s
  2192  1670   71.77794   42  362   77.53410   67.50472  12.9%  20.1  265s
  2194  1672   67.52787   72  399   77.53410   67.52787  12.9%  20.1  270s
  2197  1674   67.53948   38  369   77.53410   67.53948  12.9%  20.1  276s
  2202  1677   67.55125   58  368   77.53410   67.55125  12.9%  20.0  280s
  2205  1679   71.33241   85  344   77.53410   67.56441  12.9%  20.0  285s
  2209  1682   67.57339    8  303   77.53410   67.57339  12.8%  19.9  292s
  2213  1684   70.98281   26  285   77.53410   67.58685  12.8%  19.9  299s
  2215  1686   76.95228   25  335   77.53410   67.59621  12.8%  19.9  300s
H 2218  1602                      77.5340958   67.59830  12.8%  19.9  304s
  2219  1602   76.78792  105  239   77.53410   67.61205  12.8%  19.9  306s
  2224  1606   69.38523   39  413   77.53410   67.62751  12.8%  19.8  310s
  2228  1608   68.82634   26  338   77.53410   67.64338  12.8%  19.8  319s
  2229  1609   67.64521   34  362   77.53410   67.64521  12.8%  19.8  321s
  2232  1611   74.03256   99  298   77.53410   67.64891  12.7%  19.7  329s
  2235  1613   67.65338   23  399   77.53410   67.65338  12.7%  19.7  330s
  2239  1616   73.18538   60  398   77.53410   67.65680  12.7%  19.7  335s
  2245  1620   72.23055   66  331   77.53410   67.67026  12.7%  19.6  345s
  2249  1622   68.42041   50  341   77.53410   67.67724  12.7%  19.6  351s
  2252  1624   72.36692   17  299   77.53410   67.68553  12.7%  19.6  357s
  2256  1627   72.26470   80  372   77.53410   67.69046  12.7%  19.5  361s
H 2257  1543                      77.5340958   67.69207  12.7%  19.5  362s
  2259  1544   67.69656   52  356   77.53410   67.69656  12.7%  19.5  365s
  2266  1549   70.84979   80  334   77.53410   67.71427  12.7%  19.4  370s
  2271  1552   70.99992   27  372   77.53410   67.73341  12.6%  19.4  377s
  2277  1556   76.78792  106  307   77.53410   67.82180  12.5%  19.4  384s
  2279  1557   72.72258   60  329   77.53410   67.86011  12.5%  19.3  385s
  2285  1561   69.13280    7  328   77.53410   67.87795  12.5%  19.3  390s
  2289  1564   67.91466   16  318   77.53410   67.91466  12.4%  19.3  395s
  2294  1567   67.93180   72  345   77.53410   67.93180  12.4%  19.2  400s
  2300  1571   67.95021   26  331   77.53410   67.95021  12.4%  19.2  407s
  2303  1573   70.92989   66  381   77.53410   67.95496  12.4%  19.1  410s
  2306  1575   76.09977   33  322   77.53410   67.96136  12.3%  19.1  415s
  2312  1579   74.63703    5  307   77.53410   67.97012  12.3%  19.1  420s
  2317  1583   67.98390   21  400   77.53410   67.98390  12.3%  19.0  426s
  2318  1583   71.88662   78  302   77.53410   67.98672  12.3%  19.0  430s
  2323  1587   71.26144   56  407   77.53410   67.99409  12.3%  19.0  436s
  2329  1591   68.00192   34  294   77.53410   68.00192  12.3%  18.9  442s
  2332  1593   74.03256   99  419   77.53410   68.01699  12.3%  18.9  445s
  2337  1596   68.02851   19  343   77.53410   68.02851  12.3%  18.9  452s
  2341  1599   72.26470   76  366   77.53410   68.03387  12.3%  18.8  455s
H 2346  1518                      77.5340955   68.03571  12.3%  18.8  460s
  2353  1523   68.04460   42  391   77.53410   68.04460  12.2%  18.7  466s
H 2353  1442                      77.5213952   68.04460  12.2%  18.7  469s
  2354  1442   68.05071    9  270   77.52140   68.05071  12.2%  18.7  471s
  2358  1445   68.05593   31  373   77.52140   68.05593  12.2%  18.7  477s
  2365  1450   68.06373   44  385   77.52140   68.06373  12.2%  18.6  482s
  2367  1451   68.28705   28  342   77.52140   68.07623  12.2%  18.6  489s
  2368  1452   76.80945  109  416   77.52140   68.07983  12.2%  18.6  490s
  2374  1456   71.40786   47  409   77.52140   68.08628  12.2%  18.6  499s
H 2374  1379                      77.5213951   68.08628  12.2%  18.6  501s
H 2378  1307                      77.4541110   68.09243  12.1%  18.5  508s
  2380  1309   71.18660   65  424   77.45411   68.09351  12.1%  18.5  510s
  2384  1311   70.84885   78  354   77.45411   68.09508  12.1%  18.5  515s
  2386  1313   68.09638   65  393   77.45411   68.09638  12.1%  18.5  520s
  2390  1315   76.95228   25  372   77.45411   68.10050  12.1%  18.4  525s
  2394  1318   68.10390   72  322   77.45411   68.10390  12.1%  18.4  532s
  2399  1321   74.01680   87  352   77.45411   68.10736  12.1%  18.4  537s
  2404  1325   68.10881   16  438   77.45411   68.10881  12.1%  18.3  541s
  2405  1325   71.33241   85  338   77.45411   68.10950  12.1%  18.3  545s
  2408  1327   68.92558   42  367   77.45411   68.11018  12.1%  18.3  550s
  2413  1331   70.98281   26  405   77.45411   68.11342  12.1%  18.3  557s
  2417  1333   68.11483   21  426   77.45411   68.11483  12.1%  18.2  562s
  2419  1335   76.78792  105  437   77.45411   68.11520  12.1%  18.2  566s
  2424  1339   69.38523   39  420   77.45411   68.11520  12.1%  57.4  576s
  2425  1340   75.17696   95  225   77.45411   68.11520  12.1%  57.4  583s
  2427  1341   68.11520   68  220   77.45411   68.11520  12.1%  57.4  585s
  2437  1348   68.11609   19  380   77.45411   68.11609  12.1%  57.1  590s
  2438  1349   69.56946   83  356   77.45411   68.12916  12.0%  57.1  595s
  2441  1351   72.26470   76  362   77.45411   68.13645  12.0%  57.0  601s
  2445  1353   72.23055   66  400   77.45411   68.14389  12.0%  56.9  605s
  2447  1355   68.14861   11  329   77.45411   68.14861  12.0%  56.9  610s
  2449  1356   68.42041   50  342   77.45411   68.15149  12.0%  56.9  615s
  2452  1358   72.36692   17  358   77.45411   68.15332  12.0%  56.8  624s
  2453  1359   68.15371   42  383   77.45411   68.15371  12.0%  56.8  625s
  2456  1361   72.26470   80  363   77.45411   68.15511  12.0%  56.7  631s
  2460  1363   69.36332   73  314   77.45411   68.15867  12.0%  56.6  639s
  2461  1364   68.15912   13  356   77.45411   68.15912  12.0%  56.6  640s
  2464  1366   68.15952   29  366   77.45411   68.15952  12.0%  56.5  645s
  2467  1368   68.28705   28  239   77.45411   68.17197  12.0%  56.4  653s
  2469  1369   71.56740   93  237   77.45411   68.17371  12.0%  56.4  656s
  2470  1370   68.18322   59  201   77.45411   68.18322  12.0%  56.4  660s
  2474  1373   71.40786   47  343   77.45411   68.18746  12.0%  56.3  665s
  2475  1373   68.19440   64  277   77.45411   68.19440  12.0%  56.3  670s
  2480  1377   71.18660   65  321   77.45411   68.20401  11.9%  56.1  675s
  2481  1377   68.21432   14  261   77.45411   68.21432  11.9%  56.1  683s
  2482  1378   74.92309   53  284   77.45411   68.21681  11.9%  56.1  686s
H 2483  1309                      77.4541110   68.21851  11.9%  56.1  687s
  2485  1310   69.13280    7  269   77.45411   68.22010  11.9%  56.0  695s
  2488  1312   69.92593   64  276   77.45411   68.22911  11.9%  56.0  704s
  2489  1313   68.23791   16  252   77.45411   68.23791  11.9%  55.9  705s
  2494  1316   68.24560   72  287   77.45411   68.24560  11.9%  55.8  712s
  2497  1318   68.27055   38  347   77.45411   68.27055  11.9%  55.8  715s
  2503  1322   70.92989   66  315   77.45411   68.28225  11.8%  55.6  722s
  2510  1327   77.37653   28  344   77.45411   68.29183  11.8%  55.5  725s
  2512  1328   74.63703    5  288   77.45411   68.29723  11.8%  55.4  731s
  2516  1331   68.29968   66  341   77.45411   68.29968  11.8%  55.3  735s
  2520  1333   73.18641   58  324   77.45411   68.30429  11.8%  55.3  740s
  2522  1335   68.30547    9  338   77.45411   68.30547  11.8%  55.2  745s
  2527  1338   68.31180   68  289   77.45411   68.31180  11.8%  55.1  751s
  2530  1340   77.29661   30  302   77.45411   68.31323  11.8%  55.0  758s
  2532  1341   74.03256   99  331   77.45411   68.31342  11.8%  55.0  762s
  2534  1343   70.82634   36  329   77.45411   68.31342  11.8%  54.9  768s
  2535  1343   68.31342   23  312   77.45411   68.31342  11.8%  54.9  770s
  2536  1344   68.56793   20  312   77.45411   68.32271  11.8%  54.9  775s
  2537  1348   68.32271   24  306   77.45411   68.32271  11.8%  70.2  799s
  2539  1351   68.32896   25  344   77.45411   68.32896  11.8%  70.3  809s
  2543  1356   68.33318   26  318   77.45411   68.33318  11.8%  70.6  815s
  2565  1371   68.34554   28  205   77.45411   68.33420  11.8%  73.7  820s
  2620  1402   68.38102   30  247   77.45411   68.35789  11.7%  78.9  832s
H 2650  1322                      77.3990223   68.35789  11.7%  80.0  832s
  2684  1363   68.39015   31  249   77.39902   68.35789  11.7%  81.1  871s
H 2691  1295                      77.3990223   68.35789  11.7%  81.2  871s
  2716  1317   68.73083   31  312   77.39902   68.35789  11.7%  82.0  876s
  2756  1334   68.40467   32  228   77.39902   68.37079  11.7%  82.4  889s
  2853  1377   68.54405   33  190   77.39902   68.37079  11.7%  82.6  904s
H 2879  1306                      77.3990222   68.37079  11.7%  83.0  904s
  2887  1337   68.65040   33  206   77.39902   68.37079  11.7%  83.0  933s
H 2896  1275                      77.3990222   68.37079  11.7%  83.1  933s
  2938  1283   68.54465   34  189   77.39902   68.37079  11.7%  82.7  945s
  3038  1294   68.90778   35  188   77.39902   68.37079  11.7%  84.1  963s
  3081  1372   68.55319   36  203   77.39902   68.37079  11.7%  84.2  966s
  3207  1350   68.55554   38  211   77.39902   68.37079  11.7%  84.4  975s
H 3216  1291                      77.3990222   68.37079  11.7%  84.3  975s
  3246  1368   76.31422   38  168   77.39902   68.37079  11.7%  84.5  984s
  3390  1338   68.90100   39  274   77.39902   68.37079  11.7%  84.5  994s
  3432  1346   68.81609   39  200   77.39902   68.37079  11.7%  84.1 1065s
H 3451  1286                      77.3990217   68.37079  11.7%  84.0 1065s
H 3467  1231                      77.3978764   68.37079  11.7%  83.9 1065s
  3470  1249   68.82592   40  197   77.39788   68.37079  11.7%  83.9 1078s
  3511  1285   69.69617   40  182   77.39788   68.37079  11.7%  84.1 1082s
  3612  1279   68.83182   42  240   77.39788   68.37079  11.7%  83.6 1093s
  3865  1372   68.84740   44  206   77.39788   68.37079  11.7%  82.4 1105s
  4172  1471   68.85612   47  196   77.39788   68.37079  11.7%  80.8 1119s
  4206  1663   69.27412   47  252   77.39788   68.37079  11.7%  80.6 1125s
  4510  1586   68.92211   49  210   77.39788   68.37079  11.7%  78.5 1137s
H 4526  1532                      77.3978763   68.37079  11.7%  78.6 1137s
  4550  1722   69.53657   49  243   77.39788   68.37079  11.7%  78.8 1142s
  4883  1626   69.05278   51  171   77.39788   68.37079  11.7%  76.6 1153s
  4921  1800   71.22719   51  108   77.39788   68.37079  11.7%  77.0 1155s
  5257  1740   69.10836   53  187   77.39788   68.37079  11.7%  75.4 1166s
  5661  1971   70.89080   55  128   77.39788   68.37079  11.7%  73.9 1185s
  6041  2177   69.22336   59  214   77.39788   68.37079  11.7%  73.1 1205s
  6454  2425   69.22814   62  207   77.39788   68.37079  11.7%  72.2 1221s
  6489  2625   75.45492   62  232   77.39788   68.37079  11.7%  72.2 1226s
  6850  2647   71.49800   64  165   77.39788   68.37079  11.7%  71.8 1249s
H 6851  2647                      77.3978763   68.37079  11.7%  71.8 1249s
  6888  2865   69.32892   65  213   77.39788   68.37079  11.7%  71.9 1252s
  7236  2896   69.43004   68  209   77.39788   68.37079  11.7%  71.4 1271s
  7269  3167   72.71538   68  120   77.39788   68.37079  11.7%  71.4 1278s
  7648  3199   69.60213   71  137   77.39788   68.37079  11.7%  71.2 1294s
  7695  3456   74.33925   71  198   77.39788   68.37079  11.7%  71.3 1302s
  8113  3483   69.61236   76  102   77.39788   68.37079  11.7%  71.1 1331s
  8146  3725     cutoff   76        77.39788   68.37079  11.7%  71.1 1345s
  8575  3759     cutoff   95        77.39788   68.37079  11.7%  70.7 1358s
  8620  4064   69.64831   96  146   77.39788   68.37079  11.7%  70.9 1370s
  9068  4294     cutoff  106        77.39788   68.37079  11.7%  71.3 1416s
  9359  4715   69.70824  112   92   77.39788   68.37079  11.7%  70.9 1434s
  9956  4778 infeasible  125        77.39788   68.37079  11.7%  70.2 1453s
 10060  4802   69.99150  126   60   77.39788   68.37079  11.7%  69.9 1517s
H10062  4802                      77.3978763   68.37079  11.7%  69.9 1517s
 10099  4839   76.65766  126  138   77.39788   68.37079  11.7%  69.9 1536s
 10147  5326   70.01866  127   63   77.39788   68.37079  11.7%  69.9 1555s
 10837  5347     cutoff  140        77.39788   68.37079  11.7%  68.5 1580s
 10877  5851     cutoff  141        77.39788   68.37079  11.7%  68.4 1595s
 11556  6250     cutoff  155        77.39788   68.37079  11.7%  67.2 1615s
H12054  6250                      77.3978760   68.37079  11.7%  66.1 1616s
 12158  6287     cutoff  169        77.39788   68.37079  11.7%  65.8 1642s
 12213  6761   70.54865  170   46   77.39788   68.37477  11.7%  65.8 1657s
 12992  7057   69.78225   33  218   77.39788   68.37932  11.7%  65.1 1675s
 13774  7231   69.97568   40  171   77.39788   68.37932  11.7%  65.3 1707s
 14387  7247     cutoff   50        77.39788   68.37932  11.7%  66.0 1729s
 14453  7729   70.22922   50  217   77.39788   68.37932  11.7%  66.0 1750s
 15264  8135     cutoff   63        77.39788   68.37932  11.7%  65.1 1765s
 15956  8221     cutoff   77        77.39788   68.37932  11.7%  64.4 1780s
 16077  8798   70.77545   78  146   77.39788   68.38603  11.6%  64.2 1804s
 16920  9464   68.39418   34  275   77.39788   68.38829  11.6%  63.3 1819s
 17732  9944   69.62695   57  129   77.39788   68.40101  11.6%  63.1 1839s
H17758  9944                      77.3978758   68.40101  11.6%  63.1 1839s
 18557 10435   69.55295   53  162   77.39788   68.40101  11.6%  63.3 1869s
 19362 10836     cutoff   78        77.39788   68.40101  11.6%  63.4 1948s
 19965 11541   69.93775   93  104   77.39788   68.42555  11.6%  63.7 1969s
 20940 12969   70.84754   43  168   77.39788   68.42716  11.6%  63.5 1990s
 22852 13984   69.23883   74  158   77.39788   68.45738  11.6%  63.2 2008s
 24523 15349 infeasible   70        77.39788   68.77494  11.1%  63.8 2020s
 26389 16531 infeasible   71        77.39788   68.85533  11.0%  63.7 2035s
 28210 17500   70.56954   48  148   77.39788   68.91070  11.0%  63.7 2053s
 29712 19692 infeasible   55        77.39788   68.91974  11.0%  63.9 2081s
 34015 19845     cutoff   53        77.39788   68.95139  10.9%  65.6 2092s
 35151 19760   69.62503   56   91   77.39788   68.96759  10.9%  67.2 2121s
 35286 20535   69.62878   57  137   77.39788   68.96851  10.9%  67.6 2140s
 36871 20982 infeasible   43        77.39788   69.00329  10.8%  67.9 2157s
 38451 21600   71.51690   58  258   77.39788   69.03105  10.8%  68.7 2176s
 40359 22554   70.47823   70  180   77.39788   69.06787  10.8%  69.0 2190s
 42393 23882     cutoff   44        77.39788   69.13011  10.7%  68.7 2202s
 44923 24903 infeasible   49        77.39788   69.21811  10.6%  67.7 2215s
 46722 26321 infeasible  136        77.39788   69.25067  10.5%  66.9 2231s
 48935 27633     cutoff   78        77.39788   69.28137  10.5%  66.0 2247s
 51277 29170   69.29180   68  166   77.39788   69.29180  10.5%  65.1 2273s
 53744 30245   70.94311  118  178   77.39788   69.29937  10.5%  64.0 2289s
 56077 31452     cutoff   95        77.39788   69.31890  10.4%  63.3 2304s
 58630 31453   70.08416   72  313   77.39788   69.31890  10.4%  62.5 2469s
 58632 31454   74.18062   80  208   77.39788   69.31890  10.4%  62.5 2482s
 58633 31455   74.18062  120  364   77.39788   69.31890  10.4%  62.5 2490s
 58637 31458   69.69447   87  336   77.39788   69.31890  10.4%  62.5 2495s
 58647 31464   70.21509   70  361   77.39788   69.31890  10.4%  62.5 2500s
 58648 31465   72.10265   66  251   77.39788   69.31890  10.4%  62.5 2510s
 58653 31468   69.73825   37  302   77.39788   69.31890  10.4%  62.5 2516s
 58654 31469   71.72937   77  289   77.39788   69.31890  10.4%  62.5 2526s
 58657 31471   70.29486  126  341   77.39788   69.31890  10.4%  62.5 2532s
 58658 31472   72.10265  114  276   77.39788   69.31890  10.4%  62.5 2542s
 58663 31475   72.07843   89  313   77.39788   69.31890  10.4%  62.5 2548s
 58664 31476   73.78599   81  326   77.39788   69.31890  10.4%  62.5 2559s
 58666 31477   70.81421   76  331   77.39788   69.31890  10.4%  62.5 2560s
 58668 31478   73.41623   68  331   77.39788   69.31890  10.4%  62.5 2565s
 58669 31479   70.00806   88  260   77.39788   69.31890  10.4%  62.5 2576s
 58671 31480   72.95094  108  316   77.39788   69.31890  10.4%  62.5 2583s
 58672 31481   74.01932  135  328   77.39788   69.31890  10.4%  62.5 2595s
 58677 31484   72.10265  108  329   77.39788   69.31890  10.4%  62.5 2603s
 58678 31485   75.69379   68  311   77.39788   69.31890  10.4%  62.5 2616s
 58679 31486   71.71906  111  318   77.39788   69.31890  10.4%  62.5 2623s
 58680 31486   73.16964  116  299   77.39788   69.31890  10.4%  62.5 2633s
 58681 31487   71.50418  140  302   77.39788   69.31890  10.4%  62.5 2636s
 58682 31488   71.46237  126  311   77.39788   69.31890  10.4%  62.5 2641s
 58683 31488   72.21292  120  316   77.39788   69.31890  10.4%  62.5 2653s
 58685 31490   72.10265   93  315   77.39788   69.31890  10.4%  62.5 2657s
 58686 31490   70.19073   92  319   77.39788   69.31890  10.4%  62.5 2667s
 58688 31492   72.54884  129  317   77.39788   69.31890  10.4%  62.5 2674s
 58689 31492   70.23277   85  300   77.39788   69.31890  10.4%  62.5 2687s
 58690 31493   72.01237   32  333   77.39788   69.31890  10.4%  62.5 2693s
 58691 31494   74.10265   95  328   77.39788   69.31890  10.4%  62.5 2706s
 58692 31494   77.35488   61  336   77.39788   69.31890  10.4%  62.5 2712s
 58693 31495   77.33742   54  336   77.39788   69.31890  10.4%  62.5 2721s
 58694 31496   71.26893  114  350   77.39788   69.31890  10.4%  62.5 2731s
 58695 31496   72.65201   91  327   77.39788   69.31890  10.4%  62.5 2744s
 58696 31497   72.43736   57  386   77.39788   69.31890  10.4%  62.5 2746s
 58700 31500   72.10265  103  387   77.39788   69.31890  10.4%  62.5 2754s
 58701 31500   70.18561  117  341   77.39788   69.31890  10.4%  62.5 2762s
 58703 31502   70.20407   83  348   77.39788   69.31890  10.4%  62.4 2766s
 58704 31502   74.10265  117  308   77.39788   69.31890  10.4%  62.4 2770s
 58705 31503   73.92450  118  364   77.39788   69.31890  10.4%  62.4 2775s
 58706 31504   74.81504   68  334   77.39788   69.31890  10.4%  62.4 2781s
 58707 31504   74.10265  138  346   77.39788   69.31890  10.4%  62.4 2789s
 58708 31505   70.73088   78  346   77.39788   69.31890  10.4%  62.4 2796s
 58709 31506   77.07454  104  359   77.39788   69.31890  10.4%  62.4 2802s
 58710 31506   74.53358   94  334   77.39788   69.31890  10.4%  62.4 2808s
 58715 31510   72.22921   84  362   77.39788   69.31890  10.4%  62.4 2812s
 58716 31510   69.90902   81  355   77.39788   69.31890  10.4%  62.4 2819s
 58717 31511   72.10265  117  359   77.39788   69.31890  10.4%  62.4 2825s
 58718 31512   69.91918   83  351   77.39788   69.31890  10.4%  62.4 2830s
 58722 31514   71.93599   80  350   77.39788   69.31890  10.4%  62.4 2835s
 58723 31515   73.80093   64  311   77.39788   69.31890  10.4%  62.4 2841s
 58724 31516   73.60034   93  347   77.39788   69.31890  10.4%  62.4 2845s
 58725 31516   69.81736   87  351   77.39788   69.31890  10.4%  62.4 2850s
 58727 31518   73.43811  186  363   77.39788   69.31890  10.4%  62.4 2858s
 58729 31519   72.10265   85  364   77.39788   69.31890  10.4%  62.4 2866s
 58730 31520   70.08416   72  353   77.39788   69.31890  10.4%  62.4 2872s
 58731 31520   70.48069  113  361   77.39788   69.31890  10.4%  62.4 2876s
 58732 31521   74.18062   80  364   77.39788   69.31890  10.4%  62.4 2882s
 58733 31522   74.18062  120  366   77.39788   69.31890  10.4%  62.4 2889s
 58734 31522   77.34127   35  352   77.39788   69.31890  10.4%  62.4 2896s
 58735 31523   73.24747   42  358   77.39788   69.31890  10.4%  62.4 2900s
 58736 31524   72.16296   84  360   77.39788   69.31890  10.4%  62.4 2910s
 58737 31524   69.69447   87  361   77.39788   69.31890  10.4%  62.4 2919s
 58738 31525   71.11146   83  360   77.39788   69.31890  10.4%  62.4 2929s
 58740 31526   70.71401   84  362   77.39788   69.31890  10.4%  62.4 2938s
 58741 31527   72.10265   65  362   77.39788   69.31890  10.4%  62.4 2944s
 58742 31528   72.88445   78  362   77.39788   69.31890  10.4%  62.4 2950s
 58743 31528   69.46863   75  354   77.39788   69.31890  10.4%  62.4 2958s
 58744 31529   74.10265   81  361   77.39788   69.31890  10.4%  62.4 2964s
 58745 31530   72.10265   72  360   77.39788   69.31890  10.4%  62.4 2976s
 58746 31530   69.59948   97  360   77.39788   69.31890  10.4%  62.4 2985s
 58747 31531   70.21509   70  361   77.39788   69.31890  10.4%  62.4 2992s
 58748 31532   72.10265   66  360   77.39788   69.31890  10.4%  62.4 2998s
 58749 31532   72.18062   58  360   77.39788   69.31890  10.4%  62.4 3009s
 58750 31533   72.18062   49  360   77.39788   69.31890  10.4%  62.4 3023s
 58751 31534   73.93599  100  353   77.39788   69.31890  10.4%  62.4 3029s
 58752 31534   69.76520   62  353   77.39788   69.31890  10.4%  62.4 3035s
 58753 31535   69.73825   37  352   77.39788   69.31890  10.4%  62.4 3041s
 58755 31536   74.04796   82  359   77.39788   69.31890  10.4%  62.4 3046s
 58756 31537   71.59273   87  352   77.39788   69.31890  10.4%  62.4 3052s
 58757 31538   70.29486  126  362   77.39788   69.31890  10.4%  62.4 3058s
 58758 31538   72.10265  114  362   77.39788   69.31890  10.4%  62.4 3070s
 58759 31539   72.18062   63  362   77.39788   69.31890  10.4%  62.4 3084s
 58760 31540   72.23511  123  362   77.39788   69.31890  10.4%  62.4 3090s
 58762 31544   69.31890   33  346   77.39788   69.31890  10.4%  63.2 3121s
 58764 31546   72.00133   34  309   77.39788   69.31890  10.4%  63.2 3153s
 58768 31548   75.57159   35  273   77.39788   69.31890  10.4%  63.2 3171s
 58775 31550   76.94732   36  166   77.39788   69.31890  10.4%  63.3 3185s
 58785 31554   76.99819   37  166   77.39788   69.31890  10.4%  63.3 3195s
 58799 31557   76.99983   38  169   77.39788   69.31890  10.4%  63.3 3207s
 58821 31557   77.05022   39  181   77.39788   69.31890  10.4%  63.4 3214s
 58850 31571   77.05085   40  174   77.39788   69.31890  10.4%  63.5 3229s
 58882 31585   77.05741   41  182   77.39788   69.31890  10.4%  63.5 3233s
 58914 31593   77.07697   41  154   77.39788   69.31890  10.4%  63.5 3255s
 58946 31603   77.07935   42  158   77.39788   69.31890  10.4%  63.6 3267s
 58982 31625   77.07697   42  152   77.39788   69.31890  10.4%  63.6 3271s
 59103 31674   77.23413   44  203   77.39788   69.31890  10.4%  63.6 3280s
 59195 31686   77.26492   46  140   77.39788   69.31890  10.4%  63.6 3286s
 59283 31716   77.31684   48  108   77.39788   69.31890  10.4%  63.6 3290s
 59390 31728   77.32957   50  101   77.39788   69.31890  10.4%  63.6 3301s
 59495 31720   77.35937   52  114   77.39788   69.31890  10.4%  63.6 3309s
 59595 31743   74.61368   63  218   77.39788   69.31890  10.4%  63.7 3324s
 59724 31751   69.75821   66  184   77.39788   69.31890  10.4%  63.7 3331s
 59854 31768   69.93085   68  203   77.39788   69.31890  10.4%  63.7 3339s
 59988 31821   70.15894   71  142   77.39788   69.31890  10.4%  63.7 3344s
 60176 31861   70.16407   79  141   77.39788   69.31890  10.4%  63.6 3352s
 60373 31897   70.31971   86  182   77.39788   69.31890  10.4%  63.5 3355s
 60573 31943   70.34609   91  170   77.39788   69.31890  10.4%  63.5 3361s
 61041 32146   70.50452  110  150   77.39788   69.31890  10.4%  63.3 3371s
 61265 32256   76.91061  121  152   77.39788   69.31890  10.4%  63.2 3378s
 61531 32188   69.32746   41  220   77.39788   69.31890  10.4%  63.2 3386s
 61569 32345   69.87843   42  275   77.39788   69.31890  10.4%  63.2 3395s
 61836 32403   69.87889   43  272   77.39788   69.31890  10.4%  63.1 3402s
 62126 32421     cutoff   49        77.39788   69.31890  10.4%  63.1 3412s
 62391 32556   71.56808   48  229   77.39788   69.31890  10.4%  63.1 3421s
 62704 32664   69.97857   48  281   77.39788   69.31890  10.4%  63.1 3426s
 63042 32771   69.31890   50  314   77.39788   69.31890  10.4%  63.0 3430s
 63384 32960   69.33491   59  276   77.39788   69.31890  10.4%  62.9 3435s
 64126 32949 infeasible   83        77.39788   69.31890  10.4%  62.7 3469s
 64198 32946   69.85790   49  232   77.39788   69.32358  10.4%  62.7 3480s
 64237 33116   69.85790   50  231   77.39788   69.32358  10.4%  62.7 3490s
 64650 33195   70.07621   56  159   77.39788   69.32358  10.4%  62.7 3499s
 65022 33228   70.69031   57  148   77.39788   69.32413  10.4%  62.7 3505s
 65418 33317   69.95112   55  220   77.39788   69.32413  10.4%  62.7 3511s
 65817 33479   70.18611   69  165   77.39788   69.32413  10.4%  62.7 3527s
 66358 33623   70.40009   98  165   77.39788   69.32413  10.4%  62.6 3533s
 66974 33746     cutoff  118        77.39788   69.34301  10.4%  62.4 3542s
 67481 33921   70.54805   56  205   77.39788   69.34301  10.4%  62.4 3547s
 68076 33738   70.64389   66  185   77.39788   69.34301  10.4%  62.2 3554s
 68123 34048   70.64567   67  150   77.39788   69.34301  10.4%  62.2 3564s
 68721 34150     cutoff   81        77.39788   69.34301  10.4%  62.1 3575s
 69878 34628   70.43815  103  189   77.39788   69.34477  10.4%  61.9 3587s
 70570 35258   72.98775  122  138   77.39788   69.68082  10.0%  61.8 3591s
 73585 35122   74.34882  113  241   77.39788   69.68082  10.0%  60.7 3601s
 74051 35290   74.54177  116  236   77.39788   69.68082  10.0%  60.8 3607s
 74729 35944 infeasible  117        77.39788   69.80059  9.82%  60.7 3611s
 76236 35696   72.31313  120  199   77.39788   69.82916  9.78%  60.2 3619s
 76731 35784   72.63168  150  193   77.39788   69.82916  9.78%  60.2 3630s
 77302 35891   76.54320  161  165   77.39788   69.87816  9.72%  60.2 3647s
 77897 36784   69.98370  127  301   77.39788   69.88123  9.71%  60.2 3650s
 79561 36391     cutoff  131        77.39788   69.97065  9.60%  59.9 3658s
 80075 36531 infeasible  128        77.39788   69.97065  9.60%  60.0 3665s
 80692 37103   74.01561  133  174   77.39788   70.06585  9.47%  60.1 3670s
 82140 36758   73.64656  136  203   77.39788   70.06585  9.47%  59.9 3685s
 82518 36760   74.06218  137  239   77.39788   70.06585  9.47%  60.1 3698s
 82992 36809 infeasible  138        77.39788   70.14482  9.37%  60.4 3707s
 83621 36802   73.65723   92  204   77.39788   70.22231  9.27%  60.6 3714s
 84347 36758   74.85656   97  159   77.39788   70.29168  9.18%  60.8 3729s
 85071 36943 infeasible  129        77.39788   70.29529  9.18%  61.0 3740s
 86054 36871     cutoff  111        77.39788   70.35851  9.10%  61.2 3753s
 86858 36822   71.56765   65  187   77.39788   70.38775  9.06%  61.6 3763s
 87618 36862   72.78822  104  162   77.39788   70.39776  9.04%  61.9 3771s
 88570 36977   72.18604   66  187   77.39788   70.49427  8.92%  62.2 3780s
 90066 38973     cutoff  123        77.39788   70.55698  8.84%  62.7 3789s
 94902 37417   72.86045  119  208   77.39788   70.64143  8.73%  61.9 3795s
 95362 37348   70.84248  107  226   77.39788   70.64143  8.73%  62.1 3805s
 96217 37134   74.15076  130  183   77.39788   70.66420  8.70%  62.3 3813s
 97010 36934   71.90507  103  138   77.39788   70.72789  8.62%  62.6 3826s
 97994 36817   73.30433  112  144   77.39788   70.72807  8.62%  62.8 3837s
 99275 36431   73.37782  105  222   77.39788   70.85705  8.45%  63.0 3849s
 100184 36099   73.73927   91  113   77.39788   70.86802  8.44%  63.0 3867s
 101465 35651   74.71251  156  146   77.39788   71.02256  8.24%  63.2 3887s
 102850 35243 infeasible  132        77.39788   71.13690  8.09%  63.5 3912s
 104226 34987 infeasible  101        77.39788   71.16037  8.06%  63.8 3927s
 104953 35164   73.44608  111  176   77.39788   71.30908  7.87%  63.9 3945s
 106555 35069 infeasible  128        77.39788   71.43494  7.70%  64.2 3963s
 107945 34948 infeasible  110        77.39788   71.52638  7.59%  64.4 3984s
 108863 34642   74.50643   81  136   77.39788   71.53686  7.57%  64.5 3985s
 110049 36373     cutoff   62        77.39788   71.55098  7.55%  64.7 4004s
 115648 34638   75.15725  122  199   77.39788   71.78365  7.25%  63.9 4029s
 116496 33836   72.42236   60  223   77.39788   71.81554  7.21%  64.2 4058s
 119015 32029   73.59745  128  208   77.39788   71.99651  6.98%  64.7 4077s
 121377 30773 infeasible  134        77.39788   72.10265  6.84%  65.4 4101s
 123792 29455   74.10080  112  239   77.39788   72.17628  6.75%  65.9 4129s
 125805 28254   76.04861   96  169   77.39788   72.26004  6.64%  66.2 4156s
 128642 26714   73.26158  157  162   77.39788   72.46878  6.37%  66.4 4187s
 131782 25201 infeasible  105        77.39788   72.73427  6.03%  66.5 4214s
 133165 24740 infeasible  103        77.39788   72.83143  5.90%  66.5 4215s
 134524 22926     cutoff  127        77.39788   72.83637  5.89%  66.5 4242s
 138239 19842 infeasible   95        77.39788   73.15413  5.48%  66.1 4267s
 142075 15735 infeasible  103        77.39788   73.29755  5.30%  65.8 4290s
 145991 10722 infeasible  113        77.39788   73.67687  4.81%  65.0 4311s
 149823  5561 infeasible   85        77.39788   73.67717  4.81%  64.2 4326s
 154216  1743   75.18482   86  193   77.39788   74.15141  4.19%  63.4 4343s
 157701  1069   77.16074   44  154   77.39788   74.27101  4.04%  62.7 4357s
 161680  1489   77.20749   51  201   77.39788   74.75137  3.42%  62.4 4371s

Cutting planes:
  Learned: 3
  Gomory: 144
  Cover: 237
  Implied bound: 280
  Projected implied bound: 20
  Clique: 1
  MIR: 508
  StrongCG: 1
  Flow cover: 1371
  GUB cover: 2
  Inf proof: 8
  Zero half: 15
  RLT: 54
  Relax-and-lift: 103

Explored 164653 nodes (10290360 simplex iterations) in 4373.63 seconds (388.43 work units)
Thread count was 32 (of 32 available processors)

Solution count 10: 77.3979 77.3979 77.3979 ... 77.399

Optimal solution found (tolerance 5.00e-03)
Best objective 7.739787640631e+01, best bound 7.709528414022e+01, gap 0.3910%
