
Gurobi 9.5.2 (linux64) logging started Wed Jul 29 12:49:01 2026

Set parameter LogFile to value "logs/oracle_RmediumCfewTnone_4_diesel_gurobi.log"
Gurobi Optimizer version 9.5.2 build v9.5.2rc0 (linux64)
Thread count: 16 physical cores, 32 logical processors, using up to 32 threads
Optimize a model with 6379 rows, 3481 columns and 82417 nonzeros
Model fingerprint: 0x6af0367d
Variable types: 2177 continuous, 1304 integer (1304 binary)
Coefficient statistics:
  Matrix range     [2e-01, 1e+03]
  Objective range  [1e+00, 1e+00]
  Bounds range     [1e+00, 4e+01]
  RHS range        [2e-01, 2e+07]

User MIP start did not produce a new incumbent solution
User MIP start violates constraint c_l_x9512_ by 1.000000000

Presolve removed 1935 rows and 654 columns
Presolve time: 0.27s
Presolved: 4444 rows, 2827 columns, 72449 nonzeros
Variable types: 1685 continuous, 1142 integer (1142 binary)
Root relaxation presolve removed 197 rows and 73 columns
Root relaxation presolved: 4247 rows, 2754 columns, 40277 nonzeros


Root relaxation: objective 6.856165e+01, 3423 iterations, 0.32 seconds (0.54 work units)
Another try with MIP start

    Nodes    |    Current Node    |     Objective Bounds      |     Work
 Expl Unexpl |  Obj  Depth IntInf | Incumbent    BestBd   Gap | It/Node Time

     0     0   68.56165    0  224          -   68.56165      -     -    0s
     0     0   70.37598    0  189          -   70.37598      -     -    1s
     0     0   70.38501    0  305          -   70.38501      -     -    1s
     0     0   70.38516    0  287          -   70.38516      -     -    1s
     0     0   71.42607    0  343          -   71.42607      -     -    1s
     0     0   71.47434    0  368          -   71.47434      -     -    2s
     0     0   71.47460    0  342          -   71.47460      -     -    2s
     0     0   72.02718    0  340          -   72.02718      -     -    2s
     0     0   72.11393    0  345          -   72.11393      -     -    2s
     0     0   72.13267    0  352          -   72.13267      -     -    2s
     0     0   72.14434    0  372          -   72.14434      -     -    2s
     0     0   72.14595    0  355          -   72.14595      -     -    2s
     0     0   72.14595    0  356          -   72.14595      -     -    2s
     0     0   72.43312    0  322          -   72.43312      -     -    3s
     0     0   72.48455    0  334          -   72.48455      -     -    3s
     0     0   72.51060    0  348          -   72.51060      -     -    3s
     0     0   72.51082    0  358          -   72.51082      -     -    3s
     0     0   72.67689    0  335          -   72.67689      -     -    4s
     0     0   72.69220    0  333          -   72.69220      -     -    4s
     0     0   72.70410    0  348          -   72.70410      -     -    4s
     0     0   72.70442    0  361          -   72.70442      -     -    4s
     0     0   72.91098    0  334          -   72.91098      -     -    5s
     0     0   72.93468    0  352          -   72.93468      -     -    5s
     0     0   72.93800    0  390          -   72.93800      -     -    5s
     0     0   72.93894    0  423          -   72.93894      -     -    5s
     0     0   73.00908    0  304          -   73.00908      -     -    5s
     0     0   73.02764    0  347          -   73.02764      -     -    6s
     0     0   73.02949    0  352          -   73.02949      -     -    6s
     0     0   73.02959    0  363          -   73.02959      -     -    6s
     0     0   73.05489    0  394          -   73.05489      -     -    6s
     0     0   73.06426    0  389          -   73.06426      -     -    6s
     0     0   73.06461    0  408          -   73.06461      -     -    6s
     0     0   73.08327    0  370          -   73.08327      -     -    7s
     0     0   73.08922    0  371          -   73.08922      -     -    7s
     0     0   73.09069    0  372          -   73.09069      -     -    7s
     0     0   73.09121    0  370          -   73.09121      -     -    7s
     0     0   73.11516    0  369          -   73.11516      -     -    7s
     0     0   73.12077    0  382          -   73.12077      -     -    7s
     0     0   73.12219    0  361          -   73.12219      -     -    7s
     0     0   73.12272    0  400          -   73.12272      -     -    7s
H    0     0                     113.5411176   73.12272  35.6%     -    8s
     0     0   73.14533    0  408  113.54112   73.14533  35.6%     -    8s
     0     0   73.14961    0  354  113.54112   73.14961  35.6%     -    8s
     0     0   73.15246    0  389  113.54112   73.15246  35.6%     -    8s
     0     0   73.15287    0  399  113.54112   73.15287  35.6%     -    8s
     0     0   73.20030    0  356  113.54112   73.20030  35.5%     -    9s
     0     0   73.22304    0  359  113.54112   73.22304  35.5%     -    9s
     0     0   73.22585    0  363  113.54112   73.22585  35.5%     -    9s
     0     0   73.22739    0  387  113.54112   73.22739  35.5%     -    9s
     0     0   73.22828    0  385  113.54112   73.22828  35.5%     -    9s
     0     0   73.24747    0  390  113.54112   73.24747  35.5%     -    9s
     0     0   73.25639    0  384  113.54112   73.25639  35.5%     -    9s
     0     0   73.26216    0  462  113.54112   73.26216  35.5%     -   10s
     0     0   73.26384    0  421  113.54112   73.26384  35.5%     -   10s
     0     0   73.26418    0  419  113.54112   73.26418  35.5%     -   10s
H    0     0                     102.5411176   73.26418  28.6%     -   10s
     0     0   73.28247    0  403  102.54112   73.28247  28.5%     -   10s
     0     0   73.28770    0  401  102.54112   73.28770  28.5%     -   10s
     0     0   73.28978    0  416  102.54112   73.28978  28.5%     -   10s
     0     0   73.29013    0  410  102.54112   73.29013  28.5%     -   10s
     0     0   73.32106    0  396  102.54112   73.32106  28.5%     -   11s
     0     0   73.32742    0  383  102.54112   73.32742  28.5%     -   11s
     0     0   73.33036    0  389  102.54112   73.33036  28.5%     -   11s
     0     0   73.33049    0  386  102.54112   73.33049  28.5%     -   11s
     0     0   73.34478    0  398  102.54112   73.34478  28.5%     -   11s
     0     0   73.34983    0  429  102.54112   73.34983  28.5%     -   12s
     0     0   73.35117    0  426  102.54112   73.35117  28.5%     -   12s
     0     0   73.36248    0  440  102.54112   73.36248  28.5%     -   12s
     0     0   73.36676    0  382  102.54112   73.36676  28.5%     -   12s
     0     0   73.36759    0  420  102.54112   73.36759  28.5%     -   12s
     0     0   73.38373    0  397  102.54112   73.38373  28.4%     -   13s
     0     0   73.39228    0  419  102.54112   73.39228  28.4%     -   13s
     0     0   73.39426    0  383  102.54112   73.39426  28.4%     -   13s
     0     0   73.39456    0  387  102.54112   73.39456  28.4%     -   13s
     0     0   73.40840    0  422  102.54112   73.40840  28.4%     -   13s
     0     0   73.41518    0  422  102.54112   73.41518  28.4%     -   14s
     0     0   73.41581    0  421  102.54112   73.41581  28.4%     -   14s
     0     0   73.42404    0  402  102.54112   73.42404  28.4%     -   14s
     0     0   73.42711    0  398  102.54112   73.42711  28.4%     -   14s
     0     0   73.42777    0  409  102.54112   73.42777  28.4%     -   14s
     0     0   73.43486    0  398  102.54112   73.43486  28.4%     -   15s
     0     0   73.43486    0  358  102.54112   73.43486  28.4%     -   15s
H    0     0                      98.8698228   73.43486  25.7%     -   15s
     0     2   73.43486    0  328   98.86982   73.43486  25.7%     -   15s
H   32    48                      98.6497534   73.44420  25.6%   388   16s
H   40    48                      98.4141478   73.44420  25.4%   356   16s
H   79    96                      98.3609575   73.44878  25.3%   335   18s
H   80    96                      98.2814879   73.44878  25.3%   333   18s
H   81    96                      98.1047292   73.44894  25.1%   329   18s
H  127   144                      98.0723478   73.45044  25.1%   344   19s
H  128   144                      97.6880625   73.45049  24.8%   342   19s
H  132   144                      97.5719710   73.45059  24.7%   345   19s
H  179   199                      97.5719710   73.45390  24.7%   342   20s
H  179   199                      97.1395424   73.45390  24.4%   342   20s
H  180   199                      97.1043103   73.45394  24.4%   341   20s
H  185   199                      86.5719710   73.45398  15.2%   348   20s
H  223   240                      85.7308682   73.45459  14.3%   343   22s
H  224   240                      85.3440723   73.46181  13.9%   344   22s
H  225   240                      85.1861205   73.46233  13.8%   344   22s
H  239   254                      85.1785700   73.46397  13.8%   343   23s
H  240   254                      85.1785698   73.46397  13.8%   343   23s
H  377   380                      75.2414271   73.46953  2.35%   336   24s
   387   301   73.46959   26  407   75.24143   73.46959  2.35%   336   25s
H  470   318                      75.2344362   73.46960  2.35%   304   25s
H  481   318                      75.2218313   73.46960  2.33%   302   25s
H  602   349                      75.2218313   73.47736  2.32%   272   26s
H  618   349                      75.2037280   73.47963  2.29%   270   26s
H  749   379                      75.2009521   73.48656  2.28%   247   26s
H  832   478                      75.2009521   73.49022  2.27%   239   27s
H 1021   657                      75.2009520   73.49741  2.27%   218   28s
H 1090   657                      74.7465383   73.49895  1.67%   213   28s
  1860  1266   73.54157   19  358   74.74654   73.51192  1.65%   169   31s
H 1861  1203                      74.7465383   73.51192  1.65%   169   31s
  1870  1209   73.52479   21  346   74.74654   73.51276  1.65%   168   35s
  1880  1215   74.18486   42  376   74.74654   73.68937  1.41%   167   40s
  1891  1223   74.09287   17  389   74.74654   73.75472  1.33%   166   46s
H 1901  1167                      74.7465381   73.78280  1.29%   165   49s
H 1903  1110                      74.6700512   73.78501  1.19%   165   50s
H 1904  1054                      74.4339102   73.78501  0.87%   165   51s
H 1906  1002                      74.4200512   73.78833  0.85%   165   53s
H 1907   951                      74.3721175   73.78833  0.78%   165   53s
  1912   955   73.79539   19  399   74.37212   73.79539  0.78%   164   55s
H 1912   906                      74.3626224   73.79539  0.76%   164   56s
H 1913   860                      74.3158592   73.79610  0.70%   164   57s
  1917   863   73.80059   17  371   74.31586   73.80059  0.69%   164   60s
H 1921   822                      74.3158590   73.80263  0.69%   163   65s
H 1921   780                      74.3158590   73.80286  0.69%   163   66s
  1925   784   73.80477   20  358   74.31586   73.80477  0.69%   188   70s
  1941   795   73.81581   21  390   74.31586   73.81581  0.67%   187   75s
  1946   798   73.84254   17  373   74.31586   73.84254  0.64%   186   80s
  1957   805   74.18486   40  358   74.31586   73.86594  0.61%   185   85s
H 1961   767                      74.3158589   73.87154  0.60%   185   88s
  1963   768   74.18486   41  365   74.31586   73.87464  0.59%   184   90s
  1976   777   73.88687   24  365   74.31586   73.88687  0.58%   183   95s
  1979   781   73.88823   27  357   74.31586   73.88823  0.58%   200  102s
  1984   781   73.89068   29  375   74.31586   73.89068  0.57%   201  105s
H 2068   785                      74.2884974   73.89944  0.52%   209  107s
H 2111   771                      74.2852246   73.90238  0.52%   211  107s
H 2114   734                      74.2705568   73.90238  0.50%   211  107s

Cutting planes:
  Gomory: 58
  Cover: 53
  Implied bound: 122
  Projected implied bound: 17
  Clique: 3
  MIR: 1115
  StrongCG: 2
  Flow cover: 719
  Flow path: 22
  Inf proof: 1
  Zero half: 26
  RLT: 49
  Relax-and-lift: 52

Explored 2122 nodes (504787 simplex iterations) in 107.80 seconds (174.23 work units)
Thread count was 32 (of 32 available processors)

Solution count 10: 74.2706 74.2852 74.2885 ... 74.3721

Optimal solution found (tolerance 5.00e-03)
Best objective 7.427055684501e+01, best bound 7.390237914695e+01, gap 0.4957%
