
Gurobi 9.5.2 (linux64) logging started Mon Aug  3 11:13:53 2026

Set parameter LogFile to value "logs/oracle_RmediumCfewTmedium_5__kw150_gurobi.log"
Gurobi Optimizer version 9.5.2 build v9.5.2rc0 (linux64)
Thread count: 16 physical cores, 32 logical processors, using up to 32 threads
Optimize a model with 6032 rows, 3288 columns and 75176 nonzeros
Model fingerprint: 0x6ad0405b
Variable types: 2057 continuous, 1231 integer (1231 binary)
Coefficient statistics:
  Matrix range     [4e-02, 1e+03]
  Objective range  [1e+00, 1e+00]
  Bounds range     [1e+00, 4e+01]
  RHS range        [9e-02, 5e+02]

User MIP start produced solution with objective 88.1498 (0.01s)
Loaded user MIP start with objective 88.1498

Presolve removed 1877 rows and 642 columns
Presolve time: 0.28s
Presolved: 4155 rows, 2646 columns, 64257 nonzeros
Variable types: 1580 continuous, 1066 integer (1066 binary)
Found heuristic solution: objective 87.1497990
Root relaxation presolve removed 174 rows and 69 columns
Root relaxation presolved: 3981 rows, 2577 columns, 37183 nonzeros

Extra simplex iterations after uncrush: 2

Root relaxation: objective 6.080388e+01, 3986 iterations, 0.34 seconds (0.49 work units)

    Nodes    |    Current Node    |     Objective Bounds      |     Work
 Expl Unexpl |  Obj  Depth IntInf | Incumbent    BestBd   Gap | It/Node Time

     0     0   60.80388    0  351   87.14980   60.80388  30.2%     -    0s
     0     0   64.64536    0  271   87.14980   64.64536  25.8%     -    1s
     0     0   64.69724    0  274   87.14980   64.69724  25.8%     -    1s
     0     0   64.69930    0  274   87.14980   64.69930  25.8%     -    1s
     0     0   64.69930    0  274   87.14980   64.69930  25.8%     -    1s
     0     0   65.86563    0  315   87.14980   65.86563  24.4%     -    2s
     0     0   65.91345    0  321   87.14980   65.91345  24.4%     -    2s
     0     0   65.91381    0  322   87.14980   65.91381  24.4%     -    2s
     0     0   66.56735    0  320   87.14980   66.56735  23.6%     -    3s
     0     0   66.65589    0  320   87.14980   66.65589  23.5%     -    3s
     0     0   66.66533    0  323   87.14980   66.66533  23.5%     -    3s
     0     0   66.66684    0  327   87.14980   66.66684  23.5%     -    3s
     0     0   66.66881    0  329   87.14980   66.66881  23.5%     -    3s
     0     0   66.66881    0  329   87.14980   66.66881  23.5%     -    3s
     0     0   67.04062    0  288   87.14980   67.04062  23.1%     -    3s
     0     0   67.07458    0  312   87.14980   67.07458  23.0%     -    3s
     0     0   67.07867    0  308   87.14980   67.07867  23.0%     -    4s
     0     0   67.07924    0  321   87.14980   67.07924  23.0%     -    4s
     0     0   67.51071    0  306   87.14980   67.51071  22.5%     -    4s
     0     0   67.54196    0  296   87.14980   67.54196  22.5%     -    4s
     0     0   67.54432    0  303   87.14980   67.54432  22.5%     -    4s
     0     0   67.54435    0  305   87.14980   67.54435  22.5%     -    4s
     0     0   67.90968    0  299   87.14980   67.90968  22.1%     -    5s
     0     0   67.94715    0  310   87.14980   67.94715  22.0%     -    5s
     0     0   67.94963    0  326   87.14980   67.94963  22.0%     -    5s
     0     0   67.95352    0  312   87.14980   67.95352  22.0%     -    5s
     0     0   67.95398    0  308   87.14980   67.95398  22.0%     -    5s
     0     0   68.36479    0  282   87.14980   68.36479  21.6%     -    6s
     0     0   68.43752    0  282   87.14980   68.43752  21.5%     -    6s
     0     0   68.45092    0  279   87.14980   68.45092  21.5%     -    6s
     0     0   68.45406    0  277   87.14980   68.45406  21.5%     -    6s
     0     0   68.45407    0  289   87.14980   68.45407  21.5%     -    6s
     0     0   68.55830    0  311   87.14980   68.55830  21.3%     -    7s
     0     0   68.57285    0  294   87.14980   68.57285  21.3%     -    7s
     0     0   68.58389    0  317   87.14980   68.58389  21.3%     -    7s
     0     0   68.58431    0  318   87.14980   68.58431  21.3%     -    7s
     0     0   68.64299    0  265   87.14980   68.64299  21.2%     -    8s
     0     0   68.65553    0  336   87.14980   68.65553  21.2%     -    8s
     0     0   68.65732    0  301   87.14980   68.65732  21.2%     -    8s
     0     0   68.70001    0  266   87.14980   68.70001  21.2%     -    9s
H    0     0                      86.4867567   68.70001  20.6%     -    9s
     0     0   68.70250    0  312   86.48676   68.70250  20.6%     -    9s
     0     0   68.70267    0  321   86.48676   68.70267  20.6%     -    9s
     0     0   68.71375    0  313   86.48676   68.71375  20.5%     -    9s
     0     0   68.71822    0  287   86.48676   68.71822  20.5%     -    9s
     0     0   68.71929    0  317   86.48676   68.71929  20.5%     -    9s
     0     0   68.75177    0  303   86.48676   68.75177  20.5%     -   10s
     0     0   68.77238    0  270   86.48676   68.77238  20.5%     -   10s
     0     0   68.77419    0  267   86.48676   68.77419  20.5%     -   10s
H    0     0                      85.8926091   68.77419  19.9%     -   10s
H    0     0                      85.5902729   68.77419  19.6%     -   10s
H    0     0                      84.8621598   68.80656  18.9%     -   10s
     0     0   68.80656    0  275   84.86216   68.80656  18.9%     -   10s
H    0     0                      84.6414631   68.82830  18.7%     -   10s
     0     0   68.82830    0  287   84.64146   68.82830  18.7%     -   10s
     0     0   68.83408    0  282   84.64146   68.83408  18.7%     -   11s
     0     0   68.83433    0  281   84.64146   68.83433  18.7%     -   11s
H    0     0                      84.2699948   68.83433  18.3%     -   11s
H    0     0                      84.2575986   68.83433  18.3%     -   11s
H    0     0                      83.8584568   68.95043  17.8%     -   11s
     0     0   68.95043    0  230   83.85846   68.95043  17.8%     -   11s
H    0     0                      83.7478882   68.95043  17.7%     -   11s
H    0     0                      82.6065063   68.97572  16.5%     -   11s
H    0     0                      81.5957440   68.97572  15.5%     -   11s
     0     0   68.97572    0  286   81.59574   68.97572  15.5%     -   11s
     0     0   68.97758    0  284   81.59574   68.97758  15.5%     -   11s
H    0     0                      81.2363508   68.97758  15.1%     -   12s
H    0     0                      81.0961308   68.97758  14.9%     -   12s
     0     0   69.02815    0  301   81.09613   69.02815  14.9%     -   12s
     0     0   69.06442    0  302   81.09613   69.06442  14.8%     -   12s
     0     0   69.06494    0  309   81.09613   69.06494  14.8%     -   12s
H    0     0                      80.9620500   69.06494  14.7%     -   13s
H    0     0                      80.6835875   69.06494  14.4%     -   13s
     0     0   69.18334    0  262   80.68359   69.18334  14.3%     -   13s
     0     0   69.22559    0  272   80.68359   69.22559  14.2%     -   13s
     0     0   69.23164    0  302   80.68359   69.23164  14.2%     -   13s
     0     0   69.23202    0  302   80.68359   69.23202  14.2%     -   13s
H    0     0                      80.4849244   69.23202  14.0%     -   14s
     0     0   69.28656    0  307   80.48492   69.28656  13.9%     -   14s
     0     0   69.29179    0  278   80.48492   69.29179  13.9%     -   14s
     0     0   69.29245    0  262   80.48492   69.29245  13.9%     -   14s
H    0     0                      79.7366505   69.42581  12.9%     -   15s
     0     0   69.42581    0  301   79.73665   69.42581  12.9%     -   15s
     0     0   69.45547    0  265   79.73665   69.45547  12.9%     -   15s
     0     0   69.46212    0  270   79.73665   69.46212  12.9%     -   15s
H    0     0                      79.7140609   69.46799  12.9%     -   16s
     0     0   69.46799    0  269   79.71406   69.46799  12.9%     -   16s
     0     0   69.46823    0  284   79.71406   69.46823  12.9%     -   16s
     0     0   69.53775    0  253   79.71406   69.53775  12.8%     -   16s
     0     0   69.55326    0  262   79.71406   69.55326  12.7%     -   16s
     0     0   69.55504    0  265   79.71406   69.55504  12.7%     -   16s
H    0     0                      79.6307276   69.55504  12.7%     -   17s
     0     0   69.59247    0  250   79.63073   69.59247  12.6%     -   17s
     0     0   69.62202    0  269   79.63073   69.62202  12.6%     -   17s
     0     0   69.62404    0  273   79.63073   69.62404  12.6%     -   17s
     0     0   69.63239    0  268   79.63073   69.63239  12.6%     -   18s
     0     0   69.64668    0  285   79.63073   69.64668  12.5%     -   18s
     0     0   69.64671    0  285   79.63073   69.64671  12.5%     -   18s
     0     0   69.71102    0  222   79.63073   69.71102  12.5%     -   19s
     0     0   69.73911    0  232   79.63073   69.73911  12.4%     -   20s
     0     0   69.74289    0  231   79.63073   69.74289  12.4%     -   20s
     0     0   69.74975    0  246   79.63073   69.74975  12.4%     -   20s
     0     0   69.75067    0  244   79.63073   69.75067  12.4%     -   20s
     0     0   69.82064    0  228   79.63073   69.82064  12.3%     -   21s
     0     0   69.82704    0  222   79.63073   69.82704  12.3%     -   21s
     0     0   69.82883    0  207   79.63073   69.82883  12.3%     -   21s
     0     0   69.85237    0  226   79.63073   69.85237  12.3%     -   21s
     0     0   69.86957    0  223   79.63073   69.86957  12.3%     -   22s
     0     0   69.87501    0  236   79.63073   69.87501  12.3%     -   22s
     0     0   69.87662    0  238   79.63073   69.87662  12.2%     -   22s
     0     0   69.89122    0  230   79.63073   69.89122  12.2%     -   22s
     0     0   69.89354    0  239   79.63073   69.89354  12.2%     -   22s
     0     0   69.92345    0  218   79.63073   69.92345  12.2%     -   23s
     0     0   69.93643    0  245   79.63073   69.93643  12.2%     -   23s
     0     0   69.93807    0  216   79.63073   69.93807  12.2%     -   23s
     0     0   69.95552    0  248   79.63073   69.95552  12.2%     -   24s
     0     0   69.96167    0  250   79.63073   69.96167  12.1%     -   25s
     0     0   69.96323    0  250   79.63073   69.96323  12.1%     -   25s
     0     0   69.97242    0  213   79.63073   69.97242  12.1%     -   25s
     0     0   69.97454    0  255   79.63073   69.97454  12.1%     -   25s
     0     0   69.98322    0  220   79.63073   69.98322  12.1%     -   26s
     0     0   69.98682    0  194   79.63073   69.98682  12.1%     -   26s
     0     0   69.98729    0  246   79.63073   69.98729  12.1%     -   26s
     0     0   69.99325    0  234   79.63073   69.99325  12.1%     -   27s
     0     0   69.99325    0  224   79.63073   69.99325  12.1%     -   27s
H    0     0                      79.5751807   69.99325  12.0%     -   27s
     0     2   69.99325    0  218   79.57518   69.99325  12.0%     -   28s
    15    24   70.04461    4  219   79.57518   70.04232  12.0%   323   30s
H   29    39                      79.4229606   70.04461  11.8%   276   30s
H   30    39                      79.1622722   70.04461  11.5%   268   30s
H   32    39                      79.1396826   70.04461  11.5%   283   30s
H   38    38                      79.1061658   70.04461  11.5%   276   30s
H   82    64                      79.1050038   70.04469  11.5%   214   31s
H   91    64                      78.9933599   70.04469  11.3%   204   31s
H  126    83                      78.9740770   70.04778  11.3%   205   34s
H  126    83                      78.9422875   70.04778  11.3%   205   34s
H  127    83                      78.9411256   70.04778  11.3%   204   34s
   144    93   70.05009   12  221   78.94113   70.05009  11.3%   194   35s
   722   461   70.15379   49  263   78.94113   70.15379  11.1%   118   40s
  1575   932     cutoff   25        78.94113   70.36669  10.9%   113   45s
H 2173  1300                      78.7744589   70.50241  10.5%   111   48s
  2174  1301   72.11356   97  224   78.77446   70.50241  10.5%   111   50s
  2183  1307   75.93129   40  133   78.77446   70.50241  10.5%   110   55s
  2189  1311   75.69528   19  206   78.77446   70.50241  10.5%   110   61s
  2195  1315   75.72938    8  183   78.77446   70.50241  10.5%   109   66s
  2201  1319   77.34180   64  172   78.77446   70.50241  10.5%   109   70s
  2204  1321   72.24467  126  177   78.77446   70.50241  10.5%   109   75s
  2206  1322   75.35700   16  204   78.77446   70.50241  10.5%   109   80s
  2208  1326   70.50241   14  201   78.77446   70.50241  10.5%   120   87s
  2210  1327   70.50241   15  234   78.77446   70.50241  10.5%   120   93s
  2218  1333   70.50241   17  179   78.77446   70.50241  10.5%   120   95s
  2304  1370   70.50241   23  173   78.77446   70.50241  10.5%   122  101s
H 2404  1350                      78.6089542   70.50241  10.3%   125  104s
H 2408  1284                      78.5244589   70.50241  10.2%   126  104s
  2420  1311   70.50241   31  185   78.52446   70.50241  10.2%   127  105s
H 2460  1259                      78.5170798   70.50241  10.2%   126  105s
H 2595  1260                      78.5063380   70.50241  10.2%   125  107s
H 2598  1205                      78.4977970   70.50241  10.2%   125  107s
  2722  1309   70.50241   49  106   78.49780   70.50241  10.2%   124  111s
  3592  1729   70.71904   33  150   78.49780   70.65284  10.0%   112  115s
  4090  2205     cutoff   48        78.49780   70.68705  10.0%   107  120s
  4896  2664     cutoff   48        78.49780   70.70266  9.93%  97.5  125s
  7056  3982     cutoff   34        78.49780   70.72933  9.90%  80.8  130s
  8014  5019     cutoff   37        78.49780   70.75493  9.86%  77.4  135s
 11023  7007   70.79240   73   89   78.49780   70.78773  9.82%  68.3  140s
 12932  8475     cutoff   29        78.49780   70.80891  9.80%  65.7  145s
 13877  9626   70.86167   37  142   78.49780   70.82558  9.77%  65.8  151s
 14717  9690     cutoff   85        78.49780   70.82952  9.77%  65.2  155s
 15191 10468     cutoff   46        78.49780   70.84048  9.75%  65.3  160s
 17340 11284     cutoff   51        78.49780   70.87874  9.71%  63.4  167s
 17797 12318     cutoff   43        78.49780   70.88899  9.69%  63.6  171s
 19950 13987     cutoff   40        78.49780   70.90956  9.67%  62.0  176s
 21841 15986   71.14006   41  115   78.49780   70.92737  9.64%  61.0  184s
 24274 16309     cutoff   84        78.49780   70.94691  9.62%  59.6  186s
 26282 17861     cutoff   49        78.49780   70.96582  9.60%  59.3  192s
 26869 18861     cutoff   38        78.49780   70.97697  9.58%  59.4  195s
 29405 19829     cutoff   62        78.49780   70.99869  9.55%  58.6  201s
 29805 20853     cutoff   51        78.49780   71.00688  9.54%  59.0  210s
 31860 21677   71.06704   26  236   78.49780   71.03018  9.51%  59.4  215s
 34348 23280   72.64601   75  126   78.49780   71.04790  9.49%  59.2  222s
 35011 24668 infeasible   39        78.49780   71.05827  9.48%  59.4  226s
 37765 26612     cutoff   51        78.49780   71.08274  9.45%  59.6  232s
 39792 27935 infeasible   37        78.49780   71.10087  9.42%  59.7  236s
 41697 28272     cutoff   47        78.49780   71.11104  9.41%  59.6  241s
 42326 29431   71.36472   27  236   78.49780   71.11620  9.40%  60.1  247s
 44125 29685     cutoff   50        78.49780   71.13094  9.38%  60.2  251s
 44609 30468   71.18039   49  113   78.49780   71.14465  9.37%  60.4  257s
 45886 32990   71.78484   93  119   78.49780   71.15560  9.35%  60.8  263s
 49716 33480     cutoff   66        78.49780   71.17432  9.33%  60.6  268s
 50510 35248   71.28178   48  136   78.49780   71.17949  9.32%  60.9  273s
 53202 36566   71.49120   63  206   78.49780   71.19642  9.30%  60.7  278s
 55283 37056     cutoff   37        78.49780   71.20650  9.29%  60.6  282s
 56213 38411     cutoff   69        78.49780   71.21723  9.27%  60.7  288s
 58547 38793     cutoff   47        78.49780   71.23341  9.25%  60.6  293s
H59056 38793                      78.4977970   71.23524  9.25%  60.8  293s
 59213 39392     cutoff   64        78.49780   71.23925  9.25%  60.8  298s
 60308 40076     cutoff   57        78.49780   71.24919  9.23%  60.7  303s
 61475 40665 infeasible   67        78.49780   71.25879  9.22%  61.0  308s
 62492 41189     cutoff   83        78.49780   71.26638  9.21%  61.0  312s
 63482 43101   71.32137   64   51   78.49780   71.27346  9.20%  61.2  320s
 67098 44493     cutoff   66        78.49780   71.29348  9.18%  60.8  328s
 69103 44897   71.34256   70   71   78.49780   71.30259  9.17%  60.4  332s
 69906 46399   71.44080   47  132   78.49780   71.30732  9.16%  60.4  337s
 72242 46858   71.34493   95   45   78.49780   71.31588  9.15%  59.8  340s
 74070 48230     cutoff  114        78.49780   71.33105  9.13%  60.0  349s
 76126 48548     cutoff   72        78.49780   71.33649  9.12%  59.6  354s
 76997 49641     cutoff   82        78.49780   71.34572  9.11%  59.7  359s
 79028 49959 infeasible   66        78.49780   71.35617  9.10%  59.5  364s
 79733 51252     cutoff   59        78.49780   71.36163  9.09%  59.6  369s
 80324 51252     cutoff   66        78.49780   71.36393  9.09%  59.5  370s
 84015 52858   72.32424   94   56   78.49780   71.38012  9.07%  59.0  381s
 85033 55762     cutoff   46        78.49780   71.38580  9.06%  59.2  391s
 89870 55896     cutoff   50        78.49780   71.39802  9.04%  58.8  396s
 90225 56432     cutoff   69        78.49780   71.40894  9.03%  58.8  401s
 91311 57805   72.40446   46  159   78.49780   71.41595  9.02%  58.8  407s
 93706 58086   71.51265   50  122   78.49780   71.42362  9.01%  58.7  412s
 94713 59292     cutoff  108        78.49780   71.42996  9.00%  58.7  419s
 96881 59643     cutoff   67        78.49780   71.44033  8.99%  58.6  424s
H96887 59643                      78.4977970   71.44033  8.99%  58.6  424s
 97696 60746 infeasible   61        78.49780   71.44454  8.99%  58.7  431s
 99711 61076     cutoff   68        78.49780   71.45314  8.97%  58.6  438s
 100615 61624   72.00572   61   57   78.49780   71.45981  8.97%  58.7  443s
 101586 63009     cutoff   55        78.49780   71.46518  8.96%  58.8  449s
 103561 63009   71.74529   38  187   78.49780   71.46827  8.96%  58.7  450s
 103983 64273     cutoff   63        78.49780   71.47585  8.95%  58.6  456s
 106204 64685   71.77404   57   89   78.49780   71.48461  8.93%  58.4  464s
 107164 66267     cutoff   67        78.49780   71.48901  8.93%  58.6  474s
 110339 66649     cutoff   70        78.49780   71.49989  8.91%  58.4  482s
 111332 67129   71.64332   74   57   78.49780   71.50583  8.91%  58.6  490s
 112475 69129     cutoff   71        78.49780   71.51230  8.90%  58.7  499s
 115866 69542     cutoff   49        78.49780   71.52315  8.89%  58.5  506s
 116815 70930   71.73042   55   76   78.49780   71.52859  8.88%  58.7  513s
 119694 71479     cutoff   59        78.49780   71.54033  8.86%  58.5  520s
 120878 72885     cutoff   59        78.49780   71.54425  8.86%  58.6  526s
 123576 73221     cutoff   72        78.49780   71.55371  8.85%  58.5  534s
 124441 74246 infeasible   75        78.49780   71.55801  8.84%  58.6  541s
H125019 74246                      78.4977969   71.55969  8.84%  58.7  541s
H126260 74246                      78.4977969   71.56431  8.83%  58.6  541s
 126379 74393 infeasible   67        78.49780   71.56431  8.83%  58.7  548s
 127443 75181     cutoff   65        78.49780   71.57182  8.82%  58.7  557s
 129225 75574     cutoff   41        78.49780   71.57810  8.82%  58.7  564s
 130289 76986   71.67883   70   94   78.49780   71.58434  8.81%  59.0  570s
 133466 77111   71.62132   67  135   78.49780   71.59647  8.79%  58.9  576s
 133998 77417   71.89651   51  142   78.49780   71.59939  8.79%  59.0  581s
 134973 77736     cutoff   59        78.49780   71.60914  8.78%  59.2  589s
 135967 78240 infeasible   94        78.49780   71.61434  8.77%  59.5  596s
 137236 79436     cutoff   84        78.49780   71.61865  8.76%  59.8  603s
 140046 79859     cutoff   60        78.49780   71.63455  8.74%  59.8  611s
 141122 80995 infeasible   74        78.49780   71.63895  8.74%  60.0  620s
 143423 81174     cutoff   55        78.49780   71.65190  8.72%  60.1  630s
 144465 81481     cutoff   54        78.49780   71.65587  8.72%  60.3  637s
 145669 82751     cutoff   61        78.49780   71.66524  8.70%  60.6  645s
 148347 83007     cutoff   60        78.49780   71.67791  8.69%  60.6  655s
 149547 83469     cutoff   65        78.49780   71.68516  8.68%  60.8  669s
 151174 85135   71.95817   52  144   78.49780   71.69207  8.67%  61.0  683s
 154753 85559     cutoff   46        78.49780   71.70663  8.65%  60.9  692s
 155933 86980 infeasible   55        78.49780   71.71209  8.64%  61.0  699s
 157541 86980   72.01733   46  122   78.49780   71.71509  8.64%  61.0  700s
 158821 87270   72.90144   69   53   78.49780   71.72485  8.63%  61.0  709s
 159266 87270     cutoff   49        78.49780   71.72601  8.63%  61.1  710s
 159908 87630     cutoff   33        78.49780   71.73065  8.62%  61.1  717s
 161163 88648     cutoff   63        78.49780   71.74012  8.61%  61.3  726s
 163391 88756     cutoff   64        78.49780   71.74733  8.60%  61.3  735s
 164496 89040 infeasible   73        78.49780   71.75366  8.59%  61.5  743s
 165851 89416 infeasible   82        78.49780   71.76354  8.58%  61.7  752s
 166986 90785   71.81627   74  121   78.49780   71.77231  8.57%  61.8  763s
 169849 91058 infeasible   45        78.49780   71.78605  8.55%  61.8  774s
 170718 91058     cutoff   63        78.49780   71.78783  8.55%  61.9  775s
 170962 92495     cutoff   66        78.49780   71.79187  8.54%  61.9  788s
 174522 92604 infeasible   90        78.49780   71.80799  8.52%  61.9  797s
 175314 92885     cutoff   43        78.49780   71.81185  8.52%  62.0  806s
 176227 93156 infeasible   89        78.49780   71.82116  8.51%  62.1  817s
 177487 94000     cutoff   62        78.49780   71.82936  8.50%  62.3  828s
 179955 94187     cutoff   65        78.49780   71.84102  8.48%  62.3  838s
 181142 94337   72.04751   49  118   78.49780   71.85261  8.47%  62.4  850s
 182183 94542 infeasible   76        78.49780   71.85887  8.46%  62.5  860s
 183445 94844 infeasible   64        78.49780   71.86672  8.45%  62.7  870s
 185034 94950   71.97234   78  173   78.49780   71.87944  8.43%  62.8  880s
 186422 95515     cutoff   58        78.49780   71.88739  8.42%  62.9  891s
 188851 95754   72.11246   51  146   78.49780   71.90240  8.40%  63.0  900s
 189914 95942 infeasible   75        78.49780   71.91257  8.39%  63.0  910s
 191164 96342   73.38341   72  153   78.49780   71.92132  8.38%  63.2  921s
 193059 96442     cutoff   39        78.49780   71.93554  8.36%  63.3  929s
 193989 96544   72.03548   42  139   78.49780   71.94404  8.35%  63.4  940s
 194878 97147     cutoff   98        78.49780   71.94677  8.35%  63.5  952s
 197710 97220   72.02343   65  235   78.49780   71.96823  8.32%  63.5  964s
 198759 97222     cutoff   63        78.49780   71.98075  8.30%  63.7  974s
 199899 97302 infeasible   67        78.49780   71.98796  8.29%  63.9  985s
 201031 97226 infeasible   63        78.49780   72.00015  8.28%  64.1  996s
 202405 97815     cutoff   68        78.49780   72.01209  8.26%  64.2 1007s
 204727 97909     cutoff   69        78.49780   72.03537  8.23%  64.2 1019s
 205939 97909     cutoff   53        78.49780   72.03926  8.23%  64.3 1020s
 206043 97938 infeasible   59        78.49780   72.04586  8.22%  64.3 1029s
 207198 98009     cutoff   73        78.49780   72.05628  8.21%  64.5 1040s
 208465 98213   72.80912   97   56   78.49780   72.07800  8.18%  64.6 1051s
 209912 98654     cutoff   58        78.49780   72.08905  8.16%  64.7 1062s
 212402 98618     cutoff   50        78.49780   72.11212  8.13%  64.8 1071s
 213376 98646 infeasible   60        78.49780   72.12502  8.12%  64.9 1086s
 215012 98658     cutoff   64        78.49780   72.13320  8.11%  65.0 1105s
 216374 98486     cutoff   61        78.49780   72.16218  8.07%  65.2 1121s
 218464 98601   72.22783   72  221   78.49780   72.18376  8.04%  65.3 1136s
 221062 98554     cutoff   58        78.49780   72.21047  8.01%  65.5 1148s
 222441 98533     cutoff   53        78.49780   72.22102  8.00%  65.7 1160s
 223871 98375   72.27459   65  172   78.49780   72.24665  7.96%  65.9 1175s
 225465 98240   72.60602   71  162   78.49780   72.27778  7.92%  66.0 1185s
 227170 98025 infeasible   63        78.49780   72.30525  7.89%  66.2 1197s
 228816 97946     cutoff   63        78.49780   72.31958  7.87%  66.3 1210s
 230443 97756 infeasible   75        78.49780   72.35710  7.82%  66.5 1221s
 232088 97423     cutoff   64        78.49780   72.39501  7.77%  66.7 1234s
 232874 97423     cutoff   65        78.49780   72.39814  7.77%  66.7 1235s
 233762 97226     cutoff   82        78.49780   72.42788  7.73%  66.8 1249s
 235315 96918   72.49461   52  162   78.49780   72.47190  7.68%  67.0 1264s
 237067 96695     cutoff   67        78.49780   72.52031  7.61%  67.2 1277s
 238712 96641   72.73583   43  173   78.49780   72.56237  7.56%  67.3 1291s
 240410 96582   72.80914   77  139   78.49780   72.58605  7.53%  67.5 1302s
 242128 96598   73.65624   76   65   78.49780   72.62024  7.49%  67.6 1314s
 243826 96638     cutoff   70        78.49780   72.64722  7.45%  67.8 1322s
 244977 96648   73.67385   64  129   78.49780   72.67277  7.42%  67.9 1334s
 246720 96791     cutoff   90        78.49780   72.70335  7.38%  68.1 1350s
 248088 96965   73.00899   74   93   78.49780   72.71984  7.36%  68.3 1364s
 250006 96947 infeasible   66        78.49780   72.75405  7.32%  68.4 1378s
 251557 97096   72.76189   89   99   78.49780   72.76189  7.31%  68.6 1393s
 253470 97372     cutoff   69        78.49780   72.80268  7.26%  68.7 1408s
 255236 97484 infeasible   80        78.49780   72.82331  7.23%  68.9 1423s
 257063 97682 infeasible   54        78.49780   72.85418  7.19%  69.0 1436s
 258997 97804     cutoff   64        78.49780   72.87588  7.16%  69.0 1451s
 260129 97914   73.55559   88   63   78.49780   72.89121  7.14%  69.1 1467s
 262139 98086     cutoff   61        78.49780   72.91237  7.12%  69.2 1483s
 263860 98459   73.45372   62  107   78.49780   72.93307  7.09%  69.3 1498s
 265912 98747   73.48268   70  152   78.49780   72.95522  7.06%  69.3 1512s
 267449 98983 infeasible   82        78.49780   72.96332  7.05%  69.3 1524s
 267619 98983   73.13410   77  183   78.49780   72.96386  7.05%  69.3 1525s
 269162 99261   73.76429   49  149   78.49780   72.98077  7.03%  69.3 1538s
 270798 99589     cutoff   91        78.49780   72.99101  7.02%  69.3 1551s
 272551 100114     cutoff   56        78.49780   73.00835  6.99%  69.3 1566s
 274420 100443     cutoff   55        78.49780   73.02226  6.98%  69.3 1578s
 276271 100626     cutoff   77        78.49780   73.02823  6.97%  69.3 1589s
H277257 100626                      78.4977969   73.03259  6.96%  69.4 1590s
 277740 100939     cutoff   65        78.49780   73.04274  6.95%  69.4 1599s
 278786 100939 infeasible   93        78.49780   73.04424  6.95%  69.4 1600s
 279306 101714     cutoff   61        78.49780   73.05168  6.94%  69.4 1611s
 281946 102174 infeasible   71        78.49780   73.06717  6.92%  69.3 1622s
 283737 102494   73.08127   71   44   78.49780   73.07858  6.90%  69.3 1634s
 285452 103267     cutoff   84        78.49780   73.08488  6.90%  69.2 1645s
 287810 103526     cutoff   64        78.49780   73.10222  6.87%  69.2 1656s
 289438 103762     cutoff   68        78.49780   73.11209  6.86%  69.2 1669s
 291184 104038     cutoff   61        78.49780   73.12548  6.84%  69.2 1683s
 292725 104335     cutoff   79        78.49780   73.13753  6.83%  69.2 1698s
 294616 104627   73.31752   84   69   78.49780   73.14707  6.82%  69.2 1713s
 296296 105278   74.42631   76   36   78.49780   73.16063  6.80%  69.2 1730s
 299189 105552 infeasible   80        78.49780   73.17852  6.78%  69.1 1742s
 300705 105674   73.27390   59  129   78.49780   73.19006  6.76%  69.1 1754s
 302145 105674     cutoff   63        78.49780   73.19161  6.76%  69.1 1755s
 302349 105922   74.11596   90   95   78.49780   73.19740  6.75%  69.1 1767s
 303794 106128     cutoff   81        78.49780   73.20734  6.74%  69.2 1781s
 305442 106351   73.31458   59  126   78.49780   73.22281  6.72%  69.2 1794s
 307070 106994 infeasible   72        78.49780   73.23236  6.71%  69.2 1807s
H308275 106994                      78.4977966   73.23499  6.70%  69.1 1808s
 309398 107288     cutoff   79        78.49780   73.24590  6.69%  69.1 1819s
 310778 107664     cutoff   51        78.49780   73.25641  6.68%  69.1 1831s
 312648 108277   73.48681   53  110   78.49780   73.27281  6.66%  69.1 1843s
 315466 108425     cutoff   52        78.49780   73.28956  6.63%  69.0 1851s
 316694 108681   73.47130   59  128   78.49780   73.29821  6.62%  69.0 1861s
 318289 108963     cutoff   50        78.49780   73.31071  6.61%  69.0 1871s
 319937 109465     cutoff   75        78.49780   73.32447  6.59%  68.9 1881s
 322342 109648     cutoff   75        78.49780   73.33837  6.57%  68.8 1891s
 323561 109806 infeasible   68        78.49780   73.34412  6.57%  68.8 1901s
 324449 109991     cutoff   66        78.49780   73.35571  6.55%  68.8 1911s
 325868 110109     cutoff   52        78.49780   73.36488  6.54%  68.8 1922s
 327650 110296   73.59899   71  152   78.49780   73.37444  6.53%  68.8 1933s
 329109 110401     cutoff   65        78.49780   73.38528  6.51%  68.8 1945s
 330564 110557     cutoff   44        78.49780   73.39987  6.49%  68.8 1957s
 331991 110986   73.41665   67   98   78.49780   73.41338  6.48%  68.8 1970s
 334368 111134     cutoff   76        78.49780   73.42587  6.46%  68.7 1981s
 335894 111202   75.43310   99   79   78.49780   73.44178  6.44%  68.7 1992s
 337394 111327     cutoff   66        78.49780   73.45400  6.43%  68.7 2003s
 339135 111678     cutoff   73        78.49780   73.45926  6.42%  68.7 2015s
 341432 111750     cutoff   68        78.49780   73.48556  6.39%  68.6 2028s
 342894 111835   73.66533   58   68   78.49780   73.50190  6.36%  68.6 2042s
 344270 111916     cutoff   60        78.49780   73.51092  6.35%  68.7 2052s
 345846 111968   73.82256   57   71   78.49780   73.52464  6.34%  68.7 2066s
 346891 112154     cutoff   75        78.49780   73.53171  6.33%  68.7 2077s
 348499 112290     cutoff   63        78.49780   73.55228  6.30%  68.7 2090s
 350139 112505 infeasible   56        78.49780   73.56561  6.28%  68.7 2102s
 351606 112987     cutoff   68        78.49780   73.57818  6.27%  68.7 2114s
 353790 112987     cutoff   73        78.49780   73.58566  6.26%  68.6 2115s
 353887 113103   73.69008   65  131   78.49780   73.59387  6.25%  68.6 2123s
 354844 113248   74.35962   74  193   78.49780   73.60209  6.24%  68.6 2132s
 356038 113416   74.01729   40  212   78.49780   73.61219  6.22%  68.7 2142s
 357390 113521   73.76565   59   91   78.49780   73.62950  6.20%  68.7 2154s
 358670 113508   73.90606   59  130   78.49780   73.63743  6.19%  68.7 2164s
 360108 113927     cutoff   76        78.49780   73.65415  6.17%  68.7 2175s
 362665 113985     cutoff   56        78.49780   73.67699  6.14%  68.7 2186s
 364104 113995 infeasible   73        78.49780   73.68470  6.13%  68.7 2199s
 365372 114113   77.18451   82   73   78.49780   73.70369  6.11%  68.7 2211s
 366757 114186   74.47431   55  144   78.49780   73.71780  6.09%  68.7 2223s
 368153 114263     cutoff   76        78.49780   73.72753  6.08%  68.8 2234s
 369663 114357     cutoff   77        78.49780   73.74166  6.06%  68.8 2246s
 371210 114490   73.93354   83   80   78.49780   73.76067  6.03%  68.8 2258s
 372589 114680     cutoff   68        78.49780   73.77550  6.02%  68.8 2271s
 374019 114824     cutoff   58        78.49780   73.79041  6.00%  68.8 2284s
 374436 114824 infeasible   71        78.49780   73.79109  6.00%  68.8 2285s
 375535 114960     cutoff   79        78.49780   73.80079  5.98%  68.8 2299s
 377366 114908     cutoff   89        78.49780   73.82321  5.96%  68.8 2312s
 379112 114930   74.69619   80  116   78.49780   73.84414  5.93%  68.8 2327s
 380698 115061     cutoff   67        78.49780   73.85304  5.92%  68.8 2339s
 382416 115473   74.14650   77   71   78.49780   73.87873  5.88%  68.9 2354s
 385373 115612   73.90357   72   82   78.49780   73.90357  5.85%  68.8 2365s
 386657 115636     cutoff   68        78.49780   73.91582  5.84%  68.8 2377s
 388145 115803     cutoff   62        78.49780   73.93075  5.82%  68.8 2389s
 389619 115925     cutoff   43        78.49780   73.94514  5.80%  68.8 2403s
 391143 116041 infeasible   81        78.49780   73.95873  5.78%  68.8 2415s
 392799 116195     cutoff   69        78.49780   73.97473  5.76%  68.8 2427s
 394328 116248   73.99568   77  121   78.49780   73.98792  5.75%  68.8 2439s
 395491 116457     cutoff   57        78.49780   74.00794  5.72%  68.8 2453s
 397447 116787     cutoff   73        78.49780   74.02446  5.70%  68.8 2469s
 400580 116757     cutoff   71        78.49780   74.04303  5.68%  68.7 2481s
 401971 116792     cutoff   59        78.49780   74.05523  5.66%  68.7 2494s
 403186 116929     cutoff   35        78.49780   74.07252  5.64%  68.7 2505s
 404741 116953     cutoff   78        78.49780   74.08609  5.62%  68.7 2516s
 406130 116949     cutoff   66        78.49780   74.10133  5.60%  68.8 2529s
 407705 116873   74.43147   73  131   78.49780   74.11425  5.58%  68.7 2540s
 409159 116943     cutoff   65        78.49780   74.12398  5.57%  68.7 2553s
 410866 116924   74.36852   99   78   78.49780   74.14445  5.55%  68.7 2568s
 411893 116931   74.14728   63   54   78.49780   74.14728  5.54%  68.7 2582s
 413877 116956   77.48329  117  115   78.49780   74.17122  5.51%  68.7 2595s
 415488 116897   74.26019   62  139   78.49780   74.18476  5.49%  68.6 2609s
 417262 117103     cutoff   82        78.49780   74.20400  5.47%  68.6 2621s
 418810 117204   74.80712   79  118   78.49780   74.21191  5.46%  68.6 2633s
 420416 117420   74.22815   67  165   78.49780   74.22815  5.44%  68.5 2646s
 422708 117485 infeasible   77        78.49780   74.24051  5.42%  68.4 2658s
H423304 117485                      78.4977963   74.24475  5.42%  68.4 2658s
 423560 117586     cutoff   74        78.49780   74.24984  5.41%  68.4 2670s
 425241 117516   74.26264   49  137   78.49780   74.26195  5.40%  68.4 2682s
 426855 117416     cutoff   62        78.49780   74.27096  5.38%  68.4 2695s
 428754 117494     cutoff   60        78.49780   74.28584  5.37%  68.3 2707s
 430263 117708     cutoff   66        78.49780   74.30178  5.35%  68.3 2719s
 431450 117708 infeasible   66        78.49780   74.30358  5.34%  68.2 2720s
 432902 117585   74.89799  103  129   78.49780   74.32124  5.32%  68.2 2732s
 434575 117345     cutoff   56        78.49780   74.33233  5.31%  68.1 2744s
 436048 117345   75.24929   98   64   78.49780   74.33433  5.30%  68.1 2745s
 436386 117244     cutoff   86        78.49780   74.34898  5.29%  68.1 2756s
 437872 117179     cutoff   59        78.49780   74.36441  5.27%  68.1 2769s
 439597 116987     cutoff   63        78.49780   74.37655  5.25%  68.0 2781s
 441151 116866   74.38819   51  100   78.49780   74.38819  5.24%  68.0 2792s
 442511 116695     cutoff   87        78.49780   74.39859  5.22%  68.0 2803s
 444178 116598   75.12859   73  139   78.49780   74.41489  5.20%  67.9 2815s
 445943 116482     cutoff   65        78.49780   74.42782  5.18%  67.9 2828s
 447619 116279     cutoff   70        78.49780   74.44736  5.16%  67.9 2842s
 449397 116081     cutoff   64        78.49780   74.46200  5.14%  67.9 2855s
 451214 115833   75.38106   77  178   78.49780   74.47601  5.12%  67.8 2868s
 452976 115825   75.93381  100   98   78.49780   74.49136  5.10%  67.8 2880s
 454935 115669     cutoff   66        78.49780   74.50654  5.08%  67.7 2893s
 456575 115530   75.55212   77  135   78.49780   74.51815  5.07%  67.7 2906s
 458461 115290   74.99340   73  115   78.49780   74.54184  5.04%  67.6 2917s
 460165 115262     cutoff   71        78.49780   74.55359  5.02%  67.6 2930s
 461624 115221     cutoff   52        78.49780   74.56933  5.00%  67.5 2942s
 464077 115006     cutoff   54        78.49780   74.59135  4.98%  67.4 2953s
 465667 114822     cutoff   68        78.49780   74.60855  4.95%  67.4 2964s
 467043 114779 infeasible   66        78.49780   74.61914  4.94%  67.4 2975s
 468616 114477     cutoff   74        78.49780   74.63184  4.92%  67.3 2986s
 470267 114330     cutoff   64        78.49780   74.64897  4.90%  67.3 2996s
 471786 114229   76.37479   61  158   78.49780   74.66292  4.89%  67.3 3007s
 473459 114251     cutoff   56        78.49780   74.67930  4.86%  67.2 3020s
 475820 114221   74.81429   80  130   78.49780   74.69884  4.84%  67.1 3035s
 477258 114047     cutoff   55        78.49780   74.71113  4.82%  67.1 3050s
 479199 113974     cutoff   49        78.49780   74.72544  4.81%  67.1 3062s
 481080 113741     cutoff   65        78.49780   74.74742  4.78%  67.0 3077s
 483034 113669 infeasible   58        78.49780   74.75682  4.77%  67.0 3090s
 485543 113399     cutoff   58        78.49780   74.78048  4.74%  66.9 3100s
 487185 112950     cutoff   83        78.49780   74.80017  4.71%  66.9 3111s
 488909 112729     cutoff   63        78.49780   74.81421  4.69%  66.8 3122s
 490428 112444   75.99865   91  118   78.49780   74.83393  4.67%  66.8 3133s
 492128 112232     cutoff   75        78.49780   74.84876  4.65%  66.8 3145s
 493557 112070     cutoff   59        78.49780   74.86435  4.63%  66.8 3159s
 495123 111736     cutoff   64        78.49780   74.87936  4.61%  66.7 3171s
 496967 111538   74.90824   65  102   78.49780   74.90332  4.58%  66.7 3184s
 498659 111413     cutoff   67        78.49780   74.90851  4.57%  66.7 3197s
 500279 111143     cutoff   81        78.49780   74.92767  4.55%  66.6 3209s
 501910 110914   74.96017   98  107   78.49780   74.94760  4.52%  66.6 3221s
 503671 110659   74.96991   81   75   78.49780   74.96991  4.49%  66.5 3232s
 505300 110463     cutoff   65        78.49780   74.99266  4.47%  66.5 3244s
 507055 110427   76.00791   97  187   78.49780   75.01211  4.44%  66.5 3273s
 507121 110148   75.76650   69  102   78.49780   75.01469  4.44%  66.5 3285s
 508604 109794   75.02631   55   93   78.49780   75.02631  4.42%  66.5 3297s
 510447 109491     cutoff   73        78.49780   75.04705  4.40%  66.4 3308s
 512121 109306     cutoff   43        78.49780   75.06591  4.37%  66.4 3320s
 513961 109089     cutoff   67        78.49780   75.08811  4.34%  66.4 3332s
 515684 108797 infeasible  100        78.49780   75.10270  4.33%  66.3 3345s
 517368 108494     cutoff   61        78.49780   75.12756  4.29%  66.3 3357s
 519074 108321     cutoff   65        78.49780   75.14804  4.27%  66.3 3376s
 520666 108053   75.65248   77  136   78.49780   75.16845  4.24%  66.3 3388s
 522394 107771     cutoff   62        78.49780   75.18898  4.22%  66.2 3401s
 524029 107164   78.22045   71  124   78.49780   75.20640  4.19%  66.2 3418s
 525932 105866     cutoff   66        78.49780   75.22624  4.17%  66.1 3443s
 527746 104656 infeasible   91        78.49780   75.24149  4.15%  66.1 3469s
 529860 103118     cutoff   95        78.49780   75.25844  4.13%  66.1 3488s
 533127 102966     cutoff  109        78.49780   75.28131  4.10%  66.0 3502s
 534941 102708     cutoff   55        78.49780   75.29930  4.07%  65.9 3515s
 536652 102588     cutoff   77        78.49780   75.31963  4.05%  65.9 3527s
 538290 100494     cutoff   52        78.49780   75.34498  4.02%  65.9 3540s
 540884 98866     cutoff  115        78.49780   75.35700  4.00%  65.7 3560s
 544263 98658     cutoff   66        78.49780   75.36695  3.99%  65.7 3571s
 545748 98357     cutoff   65        78.49780   75.38827  3.96%  65.7 3583s
 547005 97360   75.52928   80  111   78.49780   75.40116  3.94%  65.6 3593s
 548890 97175     cutoff   70        78.49780   75.41595  3.93%  65.5 3604s
 550384 96818     cutoff   56        78.49780   75.43212  3.91%  65.5 3616s
 552052 96552   75.52594   74  124   78.49780   75.44788  3.89%  65.5 3626s
 553671 96325     cutoff  113        78.49780   75.47575  3.85%  65.5 3636s
 554930 96019     cutoff   59        78.49780   75.49924  3.82%  65.5 3647s
 556676 95818   75.77659   56  111   78.49780   75.52107  3.79%  65.4 3659s
 558315 95579     cutoff   96        78.49780   75.54632  3.76%  65.4 3671s
 559905 95218     cutoff   64        78.49780   75.56217  3.74%  65.4 3684s
 561683 95010     cutoff   67        78.49780   75.59597  3.70%  65.4 3696s
 563454 94808     cutoff   46        78.49780   75.61506  3.67%  65.3 3707s
 565210 94585     cutoff  115        78.49780   75.63017  3.65%  65.3 3719s
 566756 94042   75.66028   71   95   78.49780   75.65897  3.62%  65.3 3729s
 568464 93368     cutoff   58        78.49780   75.68193  3.59%  65.2 3743s
 570206 92671   75.70244   66  141   78.49780   75.70211  3.56%  65.2 3755s
 571817 90985     cutoff   66        78.49780   75.72518  3.53%  65.2 3768s
 574108 88836     cutoff   49        78.49780   75.73476  3.52%  65.1 3778s
 576451 85896     cutoff   70        78.49780   75.74302  3.51%  65.0 3792s
 579743 82742     cutoff   79        78.49780   75.75103  3.50%  64.8 3814s
 583314 79929 infeasible   78        78.49780   75.75801  3.49%  64.7 3832s
 587129 76903   75.76634   72  104   78.49780   75.76634  3.48%  64.5 3852s
 591388 76740 infeasible   50        78.49780   75.77082  3.47%  64.4 3860s
 592630 76537     cutoff   90        78.49780   75.79700  3.44%  64.3 3867s
 594012 75542     cutoff   73        78.49780   75.82276  3.41%  64.3 3876s
 595708 74254 infeasible   64        78.49780   75.84198  3.38%  64.3 3889s
 596984 74254 infeasible   82        78.49780   75.84387  3.38%  64.2 3890s
 598410 73682     cutoff   91        78.49780   75.85606  3.37%  64.2 3898s
 599863 73175     cutoff   48        78.49780   75.87026  3.35%  64.2 3907s
 601535 72032     cutoff   70        78.49780   75.89262  3.32%  64.1 3915s
 603664 67779     cutoff   92        78.49780   75.91392  3.29%  64.0 3936s
 608627 63325     cutoff   76        78.49780   75.93094  3.27%  63.7 3961s
 614493 63096     cutoff   72        78.49780   75.95287  3.24%  63.4 3970s
 615598 62856     cutoff   93        78.49780   75.95460  3.24%  63.4 3978s
 616873 62591     cutoff   68        78.49780   75.97659  3.21%  63.4 3986s
 618313 62208     cutoff   90        78.49780   75.98997  3.19%  63.3 3993s
 619739 61862     cutoff   72        78.49780   76.02168  3.15%  63.3 4003s
 621072 61621     cutoff   84        78.49780   76.03735  3.13%  63.3 4011s
 622414 61397   77.08884   82  133   78.49780   76.05748  3.11%  63.3 4021s
 623891 61132     cutoff   97        78.49780   76.06911  3.09%  63.2 4030s
 625052 60903     cutoff   68        78.49780   76.09698  3.06%  63.2 4039s
 626647 60493   76.48539   80  142   78.49780   76.11088  3.04%  63.2 4049s
 628332 60084     cutoff   62        78.49780   76.14283  3.00%  63.1 4060s
 630317 59761     cutoff   54        78.49780   76.16900  2.97%  63.1 4069s
 631948 59397   76.91528   62  113   78.49780   76.18894  2.94%  63.0 4079s
 633562 59035 infeasible   74        78.49780   76.21229  2.91%  63.0 4090s
 635263 58783   76.23257   66  114   78.49780   76.23257  2.89%  62.9 4099s
 636472 58783   76.28953   70  164   78.49780   76.24041  2.88%  62.9 4100s
 636795 58465     cutoff   47        78.49780   76.26743  2.84%  62.9 4111s
 638224 58085     cutoff  118        78.49780   76.28653  2.82%  62.9 4121s
 639979 57659     cutoff   66        78.49780   76.30879  2.79%  62.8 4132s
 641540 57157     cutoff   70        78.49780   76.34169  2.75%  62.8 4143s
 643365 56701     cutoff  125        78.49780   76.36646  2.72%  62.8 4154s
 645229 56270     cutoff   72        78.49780   76.39824  2.67%  62.7 4165s
 646803 55823   77.00815  107   50   78.49780   76.42500  2.64%  62.7 4175s
 648573 55393     cutoff   54        78.49780   76.45450  2.60%  62.6 4185s
 650154 54945     cutoff   71        78.49780   76.47773  2.57%  62.6 4195s
 651905 54412     cutoff   50        78.49780   76.51694  2.52%  62.5 4205s
 653705 54003 infeasible  114        78.49780   76.54816  2.48%  62.5 4215s
 655209 53530   76.66125   79  110   78.49780   76.57481  2.45%  62.5 4224s
 656679 53530     cutoff   55        78.49780   76.57766  2.45%  62.4 4225s
 657022 53059     cutoff   68        78.49780   76.60493  2.41%  62.4 4234s
 657854 53059   77.45358   46  169   78.49780   76.60723  2.41%  62.4 4235s
 658665 52633   76.74683   74  112   78.49780   76.63593  2.37%  62.4 4245s
 660215 52216     cutoff   74        78.49780   76.66514  2.33%  62.3 4254s
 660654 52216 infeasible   44        78.49780   76.66601  2.33%  62.3 4255s
 661995 51738     cutoff   64        78.49780   76.69436  2.30%  62.3 4265s
 663797 51176     cutoff  110        78.49780   76.73364  2.25%  62.2 4275s
 665732 50693     cutoff   74        78.49780   76.75806  2.22%  62.2 4285s
 667376 50090   78.43187   94  167   78.49780   76.80142  2.16%  62.1 4296s
 669274 49477     cutoff   41        78.49780   76.82525  2.13%  62.1 4306s
 671141 49042     cutoff   76        78.49780   76.87149  2.07%  62.0 4316s
 672657 48468     cutoff   74        78.49780   76.90907  2.02%  61.9 4326s
 674567 47939   77.22522   74   88   78.49780   76.93815  1.99%  61.9 4335s
 676427 47472     cutoff   83        78.49780   76.97683  1.94%  61.8 4344s
 678239 46996     cutoff   84        78.49780   77.00835  1.90%  61.8 4353s
 680094 46359 infeasible   68        78.49780   77.03615  1.86%  61.7 4362s
 681911 46014     cutoff   80        78.49780   77.08260  1.80%  61.6 4371s
 683152 45407 infeasible   58        78.49780   77.10060  1.78%  61.6 4380s
 685039 44749   77.13171   69  149   78.49780   77.13171  1.74%  61.5 4390s
 686900 43659     cutoff  103        78.49780   77.16069  1.70%  61.4 4400s
 689139 42052     cutoff   83        78.49780   77.21617  1.63%  61.3 4410s
 691647 41377     cutoff   71        78.49780   77.24388  1.60%  61.2 4418s
 693432 38113     cutoff   89        78.49780   77.28790  1.54%  61.1 4427s
 697650 35048     cutoff   69        78.49780   77.33058  1.49%  60.8 4433s
 700837 32718     cutoff   75        78.49780   77.35080  1.46%  60.6 4445s
 703744 32313     cutoff   70        78.49780   77.35487  1.46%  60.5 4451s
 704861 31446     cutoff  117        78.49780   77.37898  1.43%  60.5 4457s
 706542 30393   77.40907   87   70   78.49780   77.40907  1.39%  60.4 4464s
 708350 30393   77.41176   64  207   78.49780   77.41176  1.38%  60.3 4465s
 708602 29877     cutoff   59        78.49780   77.43422  1.35%  60.3 4471s
 709892 29299   78.46381  103  168   78.49780   77.46687  1.31%  60.2 4477s
 711276 28720 infeasible   69        78.49780   77.49437  1.28%  60.2 4483s
 712583 28178     cutoff   53        78.49780   77.53264  1.23%  60.1 4490s
 713918 27581 infeasible   72        78.49780   77.57088  1.18%  60.1 4497s
 715135 27045     cutoff   78        78.49780   77.59958  1.14%  60.0 4507s
 716547 26126     cutoff   73        78.49780   77.62889  1.11%  60.0 4515s
 718341 23386     cutoff   40        78.49780   77.67665  1.05%  59.9 4522s
 721921 19137     cutoff   57        78.49780   77.72414  0.99%  59.7 4529s
 724337 19137     cutoff   66        78.49780   77.72715  0.98%  59.5 4530s
 726938 18504   78.22396   97   53   78.49780   77.76651  0.93%  59.3 4535s
 728138 17631     cutoff   97        78.49780   77.79677  0.89%  59.3 4540s
 729487 15003     cutoff   73        78.49780   77.82118  0.86%  59.2 4545s
 733365 14175 infeasible   75        78.49780   77.85118  0.82%  58.9 4550s
 733714 13742     cutoff   45        78.49780   77.85993  0.81%  58.9 4555s
 734490 12291 infeasible   47        78.49780   77.86936  0.80%  58.9 4561s
 736472 10483     cutoff   97        78.49780   77.90310  0.76%  58.8 4565s
 739986  9312     cutoff   86        78.49780   77.97310  0.67%  58.6 4575s
 741042  8733     cutoff   55        78.49780   77.98107  0.66%  58.5 4580s
 742110  8077     cutoff   82        78.49780   78.00722  0.62%  58.5 4586s
 744649  6620     cutoff  122        78.49780   78.08978  0.52%  58.4 4595s

Cutting planes:
  Learned: 7
  Gomory: 186
  Lift-and-project: 45
  Cover: 1567
  Implied bound: 738
  Projected implied bound: 17
  Clique: 3
  MIR: 949
  StrongCG: 4
  Flow cover: 1681
  GUB cover: 4
  Inf proof: 92
  Zero half: 9
  Network: 3
  RLT: 149
  Relax-and-lift: 106
  PSD: 1

Explored 745925 nodes (43511388 simplex iterations) in 4595.85 seconds (1519.82 work units)
Thread count was 32 (of 32 available processors)

Solution count 10: 78.4978 78.4978 78.4978 ... 78.5063

Optimal solution found (tolerance 5.00e-03)
Best objective 7.849779700262e+01, best bound 7.812853789212e+01, gap 0.4704%
