
Gurobi 9.5.2 (linux64) logging started Thu Aug 13 09:19:05 2026

Set parameter LogFile to value "/mnt/beegfs/users/celinep/ChargeAndBreak/logs/oracle_RshortCmanyTnone_8__kw150_gurobi.log"
Gurobi Optimizer version 9.5.2 build v9.5.2rc0 (linux64)
Thread count: 16 physical cores, 32 logical processors, using up to 32 threads
Optimize a model with 2995 rows, 1576 columns and 22396 nonzeros
Model fingerprint: 0xf720191a
Variable types: 996 continuous, 580 integer (580 binary)
Coefficient statistics:
  Matrix range     [6e-02, 7e+02]
  Objective range  [5e-01, 1e+00]
  Bounds range     [1e+00, 3e+01]
  RHS range        [6e-03, 2e+07]

User MIP start produced solution with objective 43.4612 (0.01s)
Loaded user MIP start with objective 43.4612

Presolve removed 1137 rows and 401 columns
Presolve time: 0.23s
Presolved: 1858 rows, 1175 columns, 12950 nonzeros
Variable types: 718 continuous, 457 integer (455 binary)
Root relaxation presolve removed 31 rows and 30 columns
Root relaxation presolved: 1827 rows, 1145 columns, 12711 nonzeros


Root relaxation: objective 4.292709e+01, 1060 iterations, 0.10 seconds (0.05 work units)

    Nodes    |    Current Node    |     Objective Bounds      |     Work
 Expl Unexpl |  Obj  Depth IntInf | Incumbent    BestBd   Gap | It/Node Time

     0     0   42.92709    0   18   43.46124   42.92709  1.23%     -    0s
     0     0   42.95109    0   49   43.46124   42.95109  1.17%     -    0s
     0     0   42.95109    0   49   43.46124   42.95109  1.17%     -    0s
     0     0   43.01389    0   26   43.46124   43.01389  1.03%     -    0s
     0     0   43.01504    0   26   43.46124   43.01504  1.03%     -    0s
H    0     0                      43.0510924   43.01504  0.08%     -    1s

Cutting planes:
  Gomory: 16
  Lift-and-project: 11
  Cover: 1
  Implied bound: 27
  Clique: 1
  MIR: 28
  StrongCG: 2
  Flow cover: 95
  RLT: 18
  Relax-and-lift: 5

Explored 1 nodes (1479 simplex iterations) in 1.08 seconds (0.38 work units)
Thread count was 32 (of 32 available processors)

Solution count 2: 43.0511 43.4612 

Optimal solution found (tolerance 5.00e-03)
Best objective 4.305109239286e+01, best bound 4.305109239286e+01, gap 0.0000%
