
Gurobi 9.5.2 (linux64) logging started Mon Aug  3 12:36:29 2026

Set parameter LogFile to value "logs/oracle_RshortCmanyTmedium_10__cs30_gurobi.log"
Gurobi Optimizer version 9.5.2 build v9.5.2rc0 (linux64)
Thread count: 16 physical cores, 32 logical processors, using up to 32 threads
Optimize a model with 2845 rows, 1589 columns and 17207 nonzeros
Model fingerprint: 0xf1c68d4a
Variable types: 967 continuous, 622 integer (622 binary)
Coefficient statistics:
  Matrix range     [2e-02, 5e+02]
  Objective range  [1e+00, 1e+00]
  Bounds range     [1e+00, 2e+01]
  RHS range        [6e-03, 5e+02]

User MIP start produced solution with objective 40.9621 (0.01s)
Loaded user MIP start with objective 40.9621

Presolve removed 1004 rows and 410 columns
Presolve time: 0.17s
Presolved: 1841 rows, 1179 columns, 10463 nonzeros
Variable types: 720 continuous, 459 integer (457 binary)
Root relaxation presolve removed 51 rows and 51 columns
Root relaxation presolved: 1790 rows, 1128 columns, 10361 nonzeros

Extra simplex iterations after uncrush: 1

Root relaxation: objective 3.455858e+01, 1924 iterations, 0.27 seconds (0.10 work units)

    Nodes    |    Current Node    |     Objective Bounds      |     Work
 Expl Unexpl |  Obj  Depth IntInf | Incumbent    BestBd   Gap | It/Node Time

     0     0   34.56867    0   71   40.96209   34.56867  15.6%     -    0s
H    0     0                      36.4199522   34.56867  5.08%     -    1s
     0     0   34.75264    0  115   36.41995   34.75264  4.58%     -    1s
H    0     0                      36.4019276   34.75264  4.53%     -    1s
     0     0   34.86067    0  106   36.40193   34.86067  4.23%     -    1s
     0     0   34.86337    0  127   36.40193   34.86337  4.23%     -    2s
     0     0   34.90327    0  109   36.40193   34.90327  4.12%     -    3s
     0     0   34.90539    0  118   36.40193   34.90539  4.11%     -    3s
     0     0   34.92692    0  124   36.40193   34.92692  4.05%     -    3s
     0     0   34.92834    0  133   36.40193   34.92834  4.05%     -    3s
     0     0   34.92921    0  149   36.40193   34.92921  4.05%     -    3s
     0     0   34.92952    0  149   36.40193   34.92952  4.04%     -    3s
     0     0   34.92958    0  149   36.40193   34.92958  4.04%     -    4s
     0     0   34.96605    0  127   36.40193   34.96605  3.94%     -    5s
     0     0   34.98128    0  129   36.40193   34.98128  3.90%     -    5s
     0     0   34.98181    0  132   36.40193   34.98181  3.90%     -    5s
     0     0   34.98285    0  133   36.40193   34.98285  3.90%     -    5s
     0     0   34.98285    0  133   36.40193   34.98285  3.90%     -    5s
     0     0   35.12258    0  127   36.40193   35.12258  3.51%     -    6s
     0     0   35.13017    0  104   36.40193   35.13017  3.49%     -    6s
     0     0   35.13095    0   97   36.40193   35.13095  3.49%     -    6s
     0     0   35.13199    0  109   36.40193   35.13199  3.49%     -    6s
     0     0   35.13315    0  112   36.40193   35.13315  3.49%     -    6s
     0     0   35.13327    0  111   36.40193   35.13327  3.49%     -    6s
     0     0   35.17335    0  141   36.40193   35.17335  3.38%     -    6s
     0     0   35.17816    0  112   36.40193   35.17816  3.36%     -    6s
     0     0   35.17877    0  145   36.40193   35.17877  3.36%     -    6s
     0     0   35.17879    0  143   36.40193   35.17879  3.36%     -    6s
     0     0   35.24008    0  125   36.40193   35.24008  3.19%     -    7s
     0     0   35.25683    0  116   36.40193   35.25683  3.15%     -    8s
     0     0   35.26585    0  144   36.40193   35.26585  3.12%     -    8s
     0     0   35.26649    0  112   36.40193   35.26649  3.12%     -    8s
     0     0   35.26655    0  145   36.40193   35.26655  3.12%     -    8s
     0     0   35.31379    0  145   36.40193   35.31379  2.99%     -    8s
     0     0   35.31883    0  147   36.40193   35.31883  2.98%     -    8s
     0     0   35.32039    0  146   36.40193   35.32039  2.97%     -    8s
     0     0   35.32039    0  149   36.40193   35.32039  2.97%     -    8s
     0     0   35.38106    0  113   36.40193   35.38106  2.80%     -    9s
     0     0   35.38923    0  119   36.40193   35.38923  2.78%     -    9s
     0     0   35.38952    0  120   36.40193   35.38952  2.78%     -    9s
     0     0   35.44556    0  125   36.40193   35.44556  2.63%     -    9s
     0     0   35.45318    0  112   36.40193   35.45318  2.61%     -    9s
     0     0   35.45420    0  114   36.40193   35.45420  2.60%     -    9s
     0     0   35.45451    0  113   36.40193   35.45451  2.60%     -    9s
     0     0   35.46402    0   97   36.40193   35.46402  2.58%     -    9s
     0     0   35.46402    0   40   36.40193   35.46402  2.58%     -   10s
     0     0   35.46402    0   75   36.40193   35.46402  2.58%     -   10s
     0     0   35.46402    0   99   36.40193   35.46402  2.58%     -   10s
     0     0   35.46402    0  104   36.40193   35.46402  2.58%     -   10s
     0     0   35.46402    0  130   36.40193   35.46402  2.58%     -   10s
     0     0   35.52127    0   96   36.40193   35.52127  2.42%     -   11s
     0     0   35.53946    0   96   36.40193   35.53946  2.37%     -   11s
     0     0   35.54557    0  119   36.40193   35.54557  2.35%     -   11s
     0     0   35.55048    0  138   36.40193   35.55048  2.34%     -   11s
     0     0   35.55064    0  139   36.40193   35.55064  2.34%     -   11s
     0     0   35.56841    0  102   36.40193   35.56841  2.29%     -   11s
     0     0   35.56895    0  103   36.40193   35.56895  2.29%     -   11s
     0     0   35.56896    0  103   36.40193   35.56896  2.29%     -   11s
     0     0   35.60165    0  103   36.40193   35.60165  2.20%     -   12s
     0     0   35.60668    0  101   36.40193   35.60668  2.18%     -   12s
     0     0   35.60864    0  107   36.40193   35.60864  2.18%     -   12s
     0     0   35.60902    0  108   36.40193   35.60902  2.18%     -   12s
     0     0   35.60906    0  108   36.40193   35.60906  2.18%     -   12s
     0     0   35.64461    0  136   36.40193   35.64461  2.08%     -   13s
     0     0   35.64829    0  102   36.40193   35.64829  2.07%     -   13s
     0     0   35.64832    0  103   36.40193   35.64832  2.07%     -   13s
     0     0   35.67469    0  105   36.40193   35.67469  2.00%     -   13s
     0     0   35.67890    0  105   36.40193   35.67890  1.99%     -   13s
     0     0   35.68051    0  104   36.40193   35.68051  1.98%     -   13s
     0     0   35.68074    0  105   36.40193   35.68074  1.98%     -   13s
     0     0   35.72154    0   86   36.40193   35.72154  1.87%     -   14s
     0     0   35.72406    0  119   36.40193   35.72406  1.86%     -   14s
     0     0   35.72408    0  118   36.40193   35.72408  1.86%     -   14s
     0     0   35.74545    0   85   36.40193   35.74545  1.80%     -   14s
     0     0   35.74721    0   80   36.40193   35.74721  1.80%     -   14s
     0     0   35.74727    0   84   36.40193   35.74727  1.80%     -   14s
     0     0   35.75183    0   79   36.40193   35.75183  1.79%     -   15s
     0     0   35.75257    0   84   36.40193   35.75257  1.78%     -   15s
     0     0   35.75258    0   88   36.40193   35.75258  1.78%     -   15s
     0     0   35.78956    0   81   36.40193   35.78956  1.68%     -   15s
     0     0   35.79341    0   81   36.40193   35.79341  1.67%     -   15s
     0     0   35.79366    0   81   36.40193   35.79366  1.67%     -   15s
     0     0   35.80526    0   81   36.40193   35.80526  1.64%     -   16s
     0     0   35.80589    0   82   36.40193   35.80589  1.64%     -   16s
     0     0   35.80590    0   82   36.40193   35.80590  1.64%     -   16s
H    0     0                      36.3411050   35.80590  1.47%     -   16s
     0     0   35.81639    0   88   36.34111   35.81639  1.44%     -   16s
     0     0   35.81806    0   96   36.34111   35.81806  1.44%     -   17s
     0     0   35.81806    0   96   36.34111   35.81806  1.44%     -   17s
     0     0   35.83250    0   97   36.34111   35.83250  1.40%     -   17s
     0     0   35.83287    0   99   36.34111   35.83287  1.40%     -   17s
     0     0   35.92423    0   70   36.34111   35.92423  1.15%     -   18s
     0     0   35.95479    0   88   36.34111   35.95479  1.06%     -   18s
     0     0   35.96076    0   75   36.34111   35.96076  1.05%     -   18s
     0     0   35.97285    0   86   36.34111   35.97285  1.01%     -   18s
     0     0   35.97824    0   86   36.34111   35.97824  1.00%     -   18s
     0     0   35.98161    0   78   36.34111   35.98161  0.99%     -   18s
     0     0   35.98161    0   82   36.34111   35.98161  0.99%     -   18s
     0     0   35.99968    0   76   36.34111   35.99968  0.94%     -   18s
     0     0   36.00327    0   82   36.34111   36.00327  0.93%     -   18s
     0     0   36.00345    0   83   36.34111   36.00345  0.93%     -   18s
     0     0   36.01150    0   77   36.34111   36.01150  0.91%     -   19s
     0     0   36.01231    0   79   36.34111   36.01231  0.90%     -   19s
     0     0   36.01231    0   79   36.34111   36.01231  0.90%     -   19s
     0     0   36.01376    0   80   36.34111   36.01376  0.90%     -   19s
     0     0   36.01438    0   37   36.34111   36.01438  0.90%     -   20s
     0     0   36.01438    0   37   36.34111   36.01438  0.90%     -   20s
     0     0   36.02009    0   25   36.34111   36.02009  0.88%     -   20s
     0     0   36.02009    0   34   36.34111   36.02009  0.88%     -   20s
     0     0   36.02009    0   21   36.34111   36.02009  0.88%     -   20s
     0     0   36.02009    0   17   36.34111   36.02009  0.88%     -   21s
     0     0   36.02009    0   36   36.34111   36.02009  0.88%     -   21s
     0     0   36.02009    0   25   36.34111   36.02009  0.88%     -   21s
     0     0   36.02009    0   46   36.34111   36.02009  0.88%     -   22s
     0     0   36.02009    0   13   36.34111   36.02009  0.88%     -   22s
     0     0   36.02009    0   34   36.34111   36.02009  0.88%     -   22s
H    0     0                      36.3296460   36.02009  0.85%     -   23s
     0     0   36.02009    0   44   36.32965   36.02009  0.85%     -   23s
     0     0   36.02009    0   44   36.32965   36.02009  0.85%     -   23s
H    0     0                      36.2028237   36.02009  0.50%     -   23s
     0     0   36.02009    0   15   36.20282   36.02009  0.50%     -   24s
     0     0   36.02009    0   39   36.20282   36.02009  0.50%     -   24s
H    0     0                      36.1889510   36.02009  0.47%     -   24s

Cutting planes:
  Gomory: 2
  MIR: 5
  Flow cover: 8

Explored 1 nodes (18561 simplex iterations) in 24.20 seconds (4.40 work units)
Thread count was 32 (of 32 available processors)

Solution count 8: 36.189 36.2028 36.3296 ... 40.9621

Optimal solution found (tolerance 5.00e-03)
Best objective 3.618895104976e+01, best bound 3.602008585556e+01, gap 0.4666%
