
Gurobi 9.5.2 (linux64) logging started Sat Aug 15 11:21:11 2026

Set parameter LogFile to value "/mnt/beegfs/users/celinep/ChargeAndBreak/logs/oracle_RlongCmanyTtight_2__kw1000_gurobi.log"
Gurobi Optimizer version 9.5.2 build v9.5.2rc0 (linux64)
Thread count: 16 physical cores, 32 logical processors, using up to 32 threads
Optimize a model with 10109 rows, 5311 columns and 197910 nonzeros
Model fingerprint: 0x84ba66cd
Variable types: 3345 continuous, 1966 integer (1966 binary)
Coefficient statistics:
  Matrix range     [3e-02, 2e+03]
  Objective range  [5e-01, 1e+00]
  Bounds range     [1e+00, 6e+01]
  RHS range        [6e-02, 5e+02]

User MIP start produced solution with objective 135.065 (0.13s)
Loaded user MIP start with objective 135.065

Presolve removed 3121 rows and 991 columns
Presolve time: 3.29s
Presolved: 6988 rows, 4320 columns, 178660 nonzeros
Variable types: 2571 continuous, 1749 integer (1749 binary)
Root relaxation presolve removed 185 rows and 119 columns
Root relaxation presolved: 6803 rows, 4201 columns, 138556 nonzeros


Root simplex log...

Iteration    Objective       Primal Inf.    Dual Inf.      Time
    1109    6.3887294e+01   3.565910e+03   0.000000e+00      5s
    5686    1.1962826e+02   0.000000e+00   0.000000e+00      8s
    5686    1.1962826e+02   0.000000e+00   0.000000e+00      8s

Root relaxation: objective 1.196283e+02, 5686 iterations, 4.03 seconds (1.30 work units)

    Nodes    |    Current Node    |     Objective Bounds      |     Work
 Expl Unexpl |  Obj  Depth IntInf | Incumbent    BestBd   Gap | It/Node Time

     0     0  119.62826    0  475  135.06542  119.62826  11.4%     -    9s
     0     0  121.53125    0  471  135.06542  121.53125  10.0%     -   16s
     0     0  121.55816    0  482  135.06542  121.55816  10.0%     -   16s
     0     0  121.55864    0  493  135.06542  121.55864  10.0%     -   17s
     0     0  121.93012    0  590  135.06542  121.93012  9.73%     -   20s
     0     0  121.94776    0  559  135.06542  121.94776  9.71%     -   20s
     0     0  121.95052    0  561  135.06542  121.95052  9.71%     -   21s
     0     0  121.95057    0  570  135.06542  121.95057  9.71%     -   21s
     0     0  122.12934    0  585  135.06542  122.12934  9.58%     -   24s
     0     0  122.14837    0  610  135.06542  122.14837  9.56%     -   25s
     0     0  122.15021    0  593  135.06542  122.15021  9.56%     -   25s
     0     0  122.15040    0  618  135.06542  122.15040  9.56%     -   25s
     0     0  122.27036    0  588  135.06542  122.27036  9.47%     -   28s
     0     0  122.29035    0  613  135.06542  122.29035  9.46%     -   29s
     0     0  122.29620    0  637  135.06542  122.29620  9.45%     -   29s
     0     0  122.29707    0  650  135.06542  122.29707  9.45%     -   30s
     0     0  122.29708    0  641  135.06542  122.29708  9.45%     -   30s
     0     0  122.36886    0  603  135.06542  122.36886  9.40%     -   33s
     0     0  122.38367    0  615  135.06542  122.38367  9.39%     -   34s
     0     0  122.38651    0  639  135.06542  122.38651  9.39%     -   34s
     0     0  122.38683    0  645  135.06542  122.38683  9.39%     -   34s
H    0     0                     134.5654222  122.50640  8.96%     -   40s
     0     0  122.50640    0  615  134.56542  122.50640  8.96%     -   40s
     0     0  122.53895    0  649  134.56542  122.53895  8.94%     -   43s
     0     0  122.54142    0  616  134.56542  122.54142  8.94%     -   43s
     0     0  122.54188    0  654  134.56542  122.54188  8.94%     -   44s
     0     0  122.66867    0  556  134.56542  122.66867  8.84%     -   50s
     0     0  122.68122    0  606  134.56542  122.68122  8.83%     -   51s
     0     0  122.68397    0  622  134.56542  122.68397  8.83%     -   52s
     0     0  122.68435    0  628  134.56542  122.68435  8.83%     -   52s
     0     0  122.72862    0  623  134.56542  122.72862  8.80%     -   56s
     0     0  122.73600    0  635  134.56542  122.73600  8.79%     -   57s
     0     0  122.73664    0  635  134.56542  122.73664  8.79%     -   57s
     0     0  122.74799    0  577  134.56542  122.74799  8.78%     -   60s
     0     0  122.75162    0  635  134.56542  122.75162  8.78%     -   61s
     0     0  122.75214    0  644  134.56542  122.75214  8.78%     -   62s
     0     0  122.76580    0  599  134.56542  122.76580  8.77%     -   66s
     0     0  122.76840    0  627  134.56542  122.76840  8.77%     -   67s
     0     0  122.76862    0  613  134.56542  122.76862  8.77%     -   67s
     0     0  122.78533    0  623  134.56542  122.78533  8.75%     -   69s
H    0     0                     134.3004181  122.78856  8.57%     -   70s
     0     0  122.78856    0  603  134.30042  122.78856  8.57%     -   70s
     0     0  122.78894    0  596  134.30042  122.78894  8.57%     -   71s
     0     0  122.81003    0  573  134.30042  122.81003  8.56%     -   75s
     0     0  122.81324    0  645  134.30042  122.81324  8.55%     -   76s
     0     0  122.81358    0  637  134.30042  122.81358  8.55%     -   76s
     0     0  122.82226    0  632  134.30042  122.82226  8.55%     -   80s
     0     0  122.82428    0  652  134.30042  122.82428  8.55%     -   81s
     0     0  122.82495    0  660  134.30042  122.82495  8.54%     -   82s
     0     0  122.84135    0  612  134.30042  122.84135  8.53%     -   87s
     0     0  122.85211    0  573  134.30042  122.85211  8.52%     -   88s
     0     0  122.85264    0  582  134.30042  122.85264  8.52%     -   89s
H    0     0                     134.3004180  122.86330  8.52%     -   93s
     0     0  122.86330    0  609  134.30042  122.86330  8.52%     -   93s
     0     0  122.86557    0  569  134.30042  122.86557  8.51%     -   94s
     0     0  122.86579    0  634  134.30042  122.86579  8.51%     -   94s
     0     0  122.86949    0  617  134.30042  122.86949  8.51%     -   98s
     0     0  122.87072    0  634  134.30042  122.87072  8.51%     -   99s
     0     0  122.87092    0  562  134.30042  122.87092  8.51%     -   99s
     0     0  122.87744    0  651  134.30042  122.87744  8.51%     -  104s
     0     0  122.87744    0  509  134.30042  122.87744  8.51%     -  106s
     0     2  122.87744    0  505  134.30042  122.87744  8.51%     -  108s
     1     4  122.87744    1  501  134.30042  122.87744  8.51%   194  111s
     7    16  122.88245    3  658  134.30042  122.87898  8.50%   763  116s
    15    32  122.88854    4  650  134.30042  122.88333  8.50%   795  120s
H   43    48                     134.1871058  122.89179  8.42%   762  123s
    47    64  122.89452    6  634  134.18711  122.89182  8.42%   767  127s
    63    80  122.89654    7  650  134.18711  122.89467  8.42%   749  136s
H   79    96                     134.1833673  122.89654  8.41%   786  147s
H   79    96                     133.8145319  122.89654  8.16%   786  147s
H   81    96                     133.7762474  122.90168  8.13%   785  147s
H   82    96                     133.4429141  122.90168  7.90%   780  148s
    95   112  122.91373    9  652  133.44291  122.90178  7.90%   812  151s
   111   128  122.91812   10  635  133.44291  122.91103  7.89%   837  157s
   127   144  122.91851   11  653  133.44291  122.91850  7.89%   838  178s
H  128   144                     133.1759411  122.91850  7.70%   832  178s
H  130   144                     133.1399426  122.91856  7.68%   828  178s
H  136   144                     133.1060296  122.91856  7.65%   829  178s
H  139   144                     133.0458090  122.91856  7.61%   822  178s
H  140   144                     133.0236024  122.91856  7.60%   827  178s
   143   160  122.92057   12  664  133.02360  122.91917  7.60%   833  182s
   159   176  122.92520   13  657  133.02360  122.92160  7.59%   813  188s
H  175   192                     131.3046965  122.92520  6.38%   839  206s
H  179   192                     130.6643193  122.92887  5.92%   833  206s
H  180   192                     130.5399803  122.92887  5.83%   834  206s
   191   208  122.98295   15  596  130.53998  122.93323  5.83%   841  211s
   209   223  122.99763   16  591  130.53998  122.94108  5.82%   869  218s
H  228   237                     130.5222431  122.94228  5.81%   872  232s
H  235   237                     130.3657353  122.94681  5.69%   885  232s
   246   252  122.94998   20  638  130.36574  122.94776  5.69%   896  238s
   267   269  122.99537   21  546  130.36574  122.95027  5.69%   908  245s
   284   283  122.95235   23  624  130.36574  122.95235  5.69%   952  262s
H  294   283                     130.3219978  122.95292  5.65%   956  262s
   304   296  122.95344   25  659  130.32200  122.95339  5.65%   971  274s
   329   302  122.97571   26  677  130.32200  122.97571  5.64%  1022  280s
   349   317  122.98217   27  656  130.32200  122.97592  5.64%  1038  288s
   388   335  122.98268   28  665  130.32200  122.98268  5.63%  1030  300s
   434   362  122.98597   29  662  130.32200  122.98597  5.63%  1009  306s
   475   391  122.98874   30  543  130.32200  122.98874  5.63%   980  314s
   516   427  123.01659   31  565  130.32200  122.99008  5.63%   945  320s
   562   473  123.01468   33  590  130.32200  123.01468  5.61%   927  327s
   618   534  123.28634   35  625  130.32200  123.01468  5.61%   915  333s
   687   596  123.07723   34  541  130.32200  123.03241  5.59%   877  342s
   759   653  123.42188   31  533  130.32200  123.03498  5.59%   847  350s
   830   753  123.04143   40  608  130.32200  123.04143  5.59%   818  356s
   938   861  123.04395   41  607  130.32200  123.04340  5.59%   764  364s
  1052  1110  123.08274   42  546  130.32200  123.04563  5.58%   717  373s
  1321  1316  123.04563   50  519  130.32200  123.04563  5.58%   617  386s
  1551  1411  123.05381   54  507  130.32200  123.04563  5.58%   567  393s
  1674  1581  123.36711   35  571  130.32200  123.05341  5.58%   557  406s
  1884  1676 infeasible   29       130.32200  123.05538  5.58%   528  416s
  2017  1751 infeasible   29       130.32200  123.05716  5.57%   527  430s
H 2024  1751                     130.1875003  123.05735  5.48%   530  430s
  2119  1752  123.32854   66  509  130.18750  123.05919  5.48%   530  537s
  2121  1753  123.10403   25  483  130.18750  123.05919  5.48%   529  548s
  2122  1754  123.10865   43  480  130.18750  123.05919  5.48%   529  555s
  2123  1755  123.08151   36  540  130.18750  123.05919  5.48%   529  560s
  2125  1756  123.10404   19  607  130.18750  123.08389  5.46%   528  567s
  2127  1757  123.13713   34  600  130.18750  123.10162  5.44%   528  570s
  2129  1759  123.16398   41  587  130.18750  123.16398  5.39%   527  593s
  2130  1759  123.17990   39  670  130.18750  123.17990  5.38%   527  596s
  2133  1761  123.31650   22  656  130.18750  123.18614  5.38%   526  607s
  2134  1762  123.26182   47  522  130.18750  123.26182  5.32%   526  625s
  2138  1765  123.29382   42  618  130.18750  123.29382  5.30%   525  636s
  2139  1765  123.85798    6  525  130.18750  123.31982  5.28%   525  657s
  2142  1767  123.33048   46  632  130.18750  123.32730  5.27%   524  671s
  2143  1768  123.33711   36  548  130.18750  123.33711  5.26%   524  689s
  2144  1769  123.34344   53  587  130.18750  123.34344  5.26%   523  690s
  2145  1769  123.57621   32  647  130.18750  123.34428  5.26%   523  699s
  2146  1770  123.36241   50  525  130.18750  123.36241  5.24%   523  717s
  2149  1772  123.38359   13  591  130.18750  123.38359  5.23%   522  720s
  2151  1773  123.38513   44  614  130.18750  123.38513  5.23%   522  731s
  2152  1774  123.39778   66  566  130.18750  123.39778  5.22%   521  749s
  2154  1775  123.65095   66  624  130.18750  123.40336  5.21%   521  750s
H 2154  1685                     129.9699057  123.40370  5.05%   521  756s
  2156  1687  123.89833   12  582  129.96991  123.41559  5.04%   520  768s
  2159  1689  123.42750   32  598  129.96991  123.42750  5.03%   520  770s
  2160  1689  123.42776   42  588  129.96991  123.42776  5.03%   520  775s
  2161  1690  123.43573   59  577  129.96991  123.43573  5.03%   519  791s
  2163  1691  123.61452   47  628  129.96991  123.43898  5.02%   519  799s
  2164  1692  123.44930   58  624  129.96991  123.44930  5.02%   519  811s
  2167  1694  123.45884   51  673  129.96991  123.45884  5.01%   518  818s
  2168  1695  123.46518   75  557  129.96991  123.46518  5.00%   518  831s
  2171  1697  123.46905   23  630  129.96991  123.46905  5.00%   517  838s
  2172  1697  123.48209   55  621  129.96991  123.48209  4.99%   517  852s
  2174  1699  123.48513   46  635  129.96991  123.48513  4.99%   516  857s
  2175  1699  123.83736   51  630  129.96991  123.49925  4.98%   516  869s
  2177  1701  123.50612   22  639  129.96991  123.50612  4.97%   515  876s
  2178  1701  123.52323   15  604  129.96991  123.52323  4.96%   515  890s
  2182  1704  123.53457   64  650  129.96991  123.53457  4.95%   514  896s
  2183  1705  123.53779   44  627  129.96991  123.53779  4.95%   514  912s
  2184  1705  123.53866   36  637  129.96991  123.53866  4.95%   514  921s
  2185  1706  126.19144   15  569  129.96991  123.54963  4.94%   514  940s
  2188  1708  123.55720   16  615  129.96991  123.55720  4.93%   513  948s
  2189  1709  123.56159   72  571  129.96991  123.56159  4.93%   513  956s
H 2189  1623                     129.9126657  123.56204  4.89%   513  966s
  2191  1624  123.57536   26  630  129.91267  123.57088  4.88%   512  977s
  2193  1625  123.57417   37  648  129.91267  123.57417  4.88%   512  982s
  2194  1626  123.57623   44  614  129.91267  123.57623  4.88%   511  996s
  2195  1627  123.57690   61  656  129.91267  123.57690  4.88%   511 1003s
  2196  1627  123.58151   34  644  129.91267  123.58151  4.87%   511 1009s
  2197  1628  123.58151   14  610  129.91267  123.58151  4.87%   511 1021s
  2198  1629  123.58151   16  610  129.91267  123.58151  4.87%   511 1026s
  2199  1632  123.62735   14  512  129.91267  123.58722  4.87%   540 1070s
  2201  1632 infeasible   15       129.91267  123.86481  4.66%   542 1105s
  2205  1630  124.87045   16  560  129.91267  124.18689  4.41%   545 1123s
  2209  1631 infeasible   17       129.91267  124.49149  4.17%   546 1134s
  2213  1634  124.97249   18  535  129.91267  124.88191  3.87%   547 1148s
  2219  1638  124.97742   19  559  129.91267  124.97277  3.80%   550 1156s
  2229  1644  124.98178   20  540  129.91267  124.97774  3.80%   552 1162s
  2245  1647  124.98222   21  561  129.91267  124.98222  3.80%   554 1166s
  2277  1667  124.99633   23  587  129.91267  124.98646  3.79%   562 1173s
H 2281  1583                     129.8485172  124.99634  3.74%   562 1173s
  2293  1601  124.99683   24  579  129.84852  124.99659  3.74%   564 1178s
  2320  1604  125.12900   25  571  129.84852  124.99783  3.74%   569 1195s
H 2329  1522                     129.8392197  124.99803  3.73%   571 1195s
  2337  1542  125.14147   27  622  129.83922  124.99811  3.73%   573 1200s
  2362  1550  125.00591   29  585  129.83922  125.00195  3.73%   574 1213s
  2390  1557  125.00699   31  606  129.83922  125.00600  3.72%   578 1220s
  2422  1562  125.35346   32  520  129.83922  125.00901  3.72%   584 1233s
H 2423  1487                     129.8135697  125.00901  3.70%   584 1233s
H 2424  1416                     129.8116768  125.02483  3.69%   584 1233s
H 2430  1346                     129.7400697  125.07483  3.60%   588 1233s
H 2431  1282                     129.6736818  125.07483  3.55%   589 1233s
  2438  1307  125.07488   35  474  129.67368  125.07488  3.55%   590 1240s
  2471  1314  125.07499   36  484  129.67368  125.07499  3.55%   593 1246s
  2495  1337  125.16342   37  456  129.67368  125.07634  3.55%   598 1252s
  2528  1360  125.23721   39  459  129.67368  125.08075  3.54%   598 1256s
H 2538  1295                     129.6480319  125.09074  3.52%   599 1256s
  2636  1361  125.22669   43  417  129.64803  125.14832  3.47%   602 1263s
  2690  1389  125.31504   48  455  129.64803  125.16785  3.46%   601 1267s
  2743  1426  125.18255   52  438  129.64803  125.18255  3.44%   602 1271s
  2852  1493 infeasible   48       129.64803  125.21775  3.42%   605 1277s
  2924  1527  125.31350   45  422  129.64803  125.22933  3.41%   602 1281s
  2991  1536  125.25222   38  534  129.64803  125.24117  3.40%   601 1286s
  3026  1541  125.35001   55  391  129.64803  125.24719  3.39%   602 1292s
  3044  1607  125.26674   42  538  129.64803  125.25034  3.39%   604 1301s
  3132  1653  125.34735   43  450  129.64803  125.25766  3.39%   600 1308s
  3213  1716  125.35694   40  412  129.64803  125.26318  3.38%   598 1315s
  3307  1810  125.34627   47  390  129.64803  125.26614  3.38%   595 1324s
  3443  1848  125.33674   44  539  129.64803  125.26883  3.38%   586 1329s
  3531  1886 infeasible   46       129.64803  125.27389  3.37%   584 1336s
  3608  1997  125.29572   31  595  129.64803  125.27746  3.37%   585 1344s
  3750  2048  125.46260   30  487  129.64803  125.28186  3.37%   578 1354s
H 3838  1961                     129.4983452  125.28355  3.25%   576 1354s
  3863  2056  125.38093   48  441  129.49835  125.28473  3.25%   574 1363s
  3986  2235  125.30663   28  549  129.49835  125.28849  3.25%   572 1371s
  4214  2313  125.42662   60  400  129.49835  125.29232  3.25%   557 1382s
  4375  2598 infeasible   32       129.49835  125.29629  3.24%   551 1390s
  4735  2822  125.96988   47  408  129.49835  125.30031  3.24%   530 1398s
H 5059  2660                     129.4964523  125.30453  3.24%   514 1398s
  5089  2805  125.33454   56  414  129.49645  125.30498  3.24%   512 1407s
  5246  3131  125.33981   59  405  129.49645  125.30845  3.23%   510 1416s
  5650  3578 infeasible   40       129.49645  125.31207  3.23%   493 1424s
  6106  3602     cutoff   31       129.49645  125.31479  3.23%   474 1439s
  6134  3739  125.37079   47  424  129.49645  125.31885  3.23%   474 1451s
  6285  4074  125.33192   48  495  129.49645  125.32347  3.22%   474 1461s
  6628  4251  125.36383   44  503  129.49645  125.32554  3.22%   467 1475s
  6809  4731  125.40682   55  407  129.49645  125.32934  3.22%   464 1486s
  7325  5287  125.33654   34  442  129.49645  125.33278  3.22%   451 1498s
H 7773  5287                     129.4964509  125.33404  3.21%   440 1499s
  7925  5493 infeasible   32       129.49645  125.33505  3.21%   436 1510s
  8139  5965  125.83079   41  424  129.49645  125.33903  3.21%   434 1522s
  8633  6225  125.45062   43  564  129.49645  125.34138  3.21%   425 1538s
  8907  6430  125.47983   45  416  129.49645  125.34368  3.21%   424 1576s
  9165  6752  125.73931   67  380  129.49645  125.34670  3.20%   425 1600s
  9513  7396  125.39139   42  435  129.49645  125.34861  3.20%   421 1616s
 10188  7980  125.61031   56  358  129.49645  125.35030  3.20%   414 1631s
 10813  8387  125.40016   58  494  129.49645  125.35391  3.20%   407 1650s
 11245  8400  125.45147   40  445  129.49645  125.35628  3.20%   406 1707s
 11262  8669  125.79962   51  457  129.49645  125.35873  3.20%   407 1724s
 11580  8962  125.45265   48  452  129.49645  125.36134  3.19%   408 1749s
 11901  9298  125.52782   66  318  129.49645  125.36333  3.19%   409 1767s
 12249  9722  125.55703   58  404  129.49645  125.36572  3.19%   409 1787s
 12702 10612  125.77157   50  411  129.49645  125.36769  3.19%   406 1806s
 13652 11327  125.68767   51  416  129.49645  125.37159  3.19%   398 1833s
 14389 11763  125.46230   34  543  129.49645  125.37471  3.18%   395 1859s
 14859 12678  125.44417   38  411  129.49645  125.37688  3.18%   392 1882s
 15842 13538  125.40162   34  391  129.49645  125.38013  3.18%   389 1907s
 16773 14195  125.64582   59  386  129.49645  125.38259  3.18%   386 1937s
 17492 15130  126.28153   57  454  129.49645  125.38535  3.17%   384 1964s
 18496 15607  125.45082   67  407  129.49645  125.38949  3.17%   381 1992s
 19033 16524  125.43827   52  385  129.49645  125.39248  3.17%   382 2020s
 20000 17083  125.75676   23  581  129.49645  125.39607  3.17%   381 2050s
 20629 18411 infeasible   47       129.49645  125.39864  3.16%   381 2093s
 22117 18536     cutoff   23       129.49645  125.40236  3.16%   382 2135s
H22133 18536                     129.4964505  125.40305  3.16%   382 2135s
 22268 18853  125.81318   37  400  129.49645  125.40571  3.16%   382 2168s
 22629 19597  125.90340   62  429  129.49645  125.40715  3.16%   384 2206s
 23425 20975  125.50510   53  474  129.49645  125.40906  3.16%   385 2251s
 24958 21608  125.56689   49  412  129.49645  125.41414  3.15%   383 2289s
 25647 22286  125.56250   60  333  129.49645  125.41579  3.15%   385 2331s
 26396 23033  125.80348   55  414  129.49645  125.41866  3.15%   386 2378s
 27271 24644 infeasible   40       129.49645  125.42167  3.15%   388 2429s
 29063 25407  125.71857   50  425  129.49645  125.42668  3.14%   387 2479s
 29894 26825  125.73336   70  363  129.49645  125.42932  3.14%   389 2534s
 31425 27678 infeasible   45       129.49645  125.43334  3.14%   391 2586s
 32459 29215 infeasible   59       129.49645  125.43648  3.14%   394 2642s
 34192 30031  125.56883   62  382  129.49645  125.43967  3.13%   396 2697s
 35167 31166  125.80355   73  477  129.49645  125.44332  3.13%   397 2760s
 36500 32895  125.87336   61  369  129.49645  125.44611  3.13%   398 2825s
 38503 34003  125.59834   54  505  129.49645  125.44990  3.12%   400 2887s
 39873 35332  125.64841   54  346  129.49645  125.45330  3.12%   402 2945s
 41398 36698  125.52754   48  356  129.49645  125.45771  3.12%   404 3022s
 42970 39096  125.69466   45  449  129.49645  125.46107  3.12%   404 3090s
 45767 40902  125.94465   56  431  129.49645  125.46714  3.11%   405 3150s
 47884 41818  126.38092   53  373  129.49645  125.47310  3.11%   405 3214s
 49012 43443     cutoff   45       129.49645  125.47632  3.10%   406 3295s
 50934 44590  125.78463   56  469  129.49645  125.47940  3.10%   406 3368s
 52271 46516  125.53116   52  403  129.49645  125.48364  3.10%   407 3432s
 54581 47921  126.18778   55  470  129.49645  125.48837  3.10%   408 3498s
 56196 49580  125.89132   62  427  129.49645  125.49182  3.09%   409 3583s
 58124 50900  125.53232   48  437  129.49645  125.49551  3.09%   411 3656s
 59603 52689  126.02099   66  405  129.49645  125.49939  3.09%   412 3725s
 61713 53877  125.54525   50  455  129.49645  125.50243  3.08%   414 3799s
 62556 53877  125.78014   37  341  129.49645  125.50423  3.08%   414 3800s
 63076 55888  125.61865   63  369  129.49645  125.50675  3.08%   415 3869s
 63245 55888  125.69585   54  343  129.49645  125.50675  3.08%   415 3870s
 65480 56827  125.80306   59  510  129.49645  125.51048  3.08%   415 3927s
 66605 58695 infeasible   56       129.49645  125.51452  3.07%   416 3999s
 68807 59848  125.68458   53  487  129.49645  125.51839  3.07%   418 4066s
 70230 61898  125.66184   59  465  129.49645  125.52142  3.07%   418 4139s
 72732 62883  125.58938   44  414  129.49645  125.52650  3.07%   417 4214s
 73987 64916  125.86853   66  435  129.49645  125.52866  3.06%   418 4280s
 76465 66050  125.57077   39  427  129.49645  125.53328  3.06%   418 4349s
 76821 66050     cutoff   57       129.49645  125.53388  3.06%   418 4350s
 77789 68164  125.56522   65  319  129.49645  125.53626  3.06%   418 4424s
 77896 68164  125.75362   55  410  129.49645  125.53626  3.06%   418 4425s
 80267 69659 infeasible   55       129.49645  125.54043  3.05%   418 4505s
H81576 69659                     129.3575033  125.54119  2.95%   418 4505s
 82131 70764  126.09632   46  563  129.35750  125.54347  2.95%   418 4575s
 83555 72829  125.80601   36  327  129.35750  125.54707  2.95%   419 4665s
H83900 72829                     129.3432839  125.54740  2.93%   418 4665s
H84480 72826                     128.7952610  125.54773  2.52%   419 4666s
H85023 72826                     128.6800651  125.54793  2.43%   419 4666s
 86052 73797     cutoff   48       128.68007  125.55052  2.43%   419 4731s
H86053 73797                     128.6796503  125.55052  2.43%   419 4731s
H86053 73797                     128.6779909  125.55052  2.43%   419 4731s
H86180 73797                     128.6779904  125.55084  2.43%   419 4731s
H87077 73796                     128.5001618  125.55286  2.29%   419 4731s
 87245 75159  125.98889   49  397  128.50016  125.55481  2.29%   419 4811s
 88917 77426  125.62864   58  409  128.50016  125.55757  2.29%   420 4893s
H89960 77426                     128.5001618  125.55856  2.29%   419 4893s
H90429 77426                     128.5001613  125.55867  2.29%   420 4893s
 91655 78816  125.72423   77  425  128.50016  125.56283  2.29%   420 4971s
 93341 80974  125.85105   43  393  128.50016  125.56608  2.28%   420 5048s
 95847 82133  125.68694   54  428  128.50016  125.57001  2.28%   420 5132s
H97129 82131                     128.4195228  125.57088  2.22%   420 5132s
 97198 84427  125.69551   52  451  128.41952  125.57237  2.22%   420 5209s
