
Gurobi 9.5.2 (linux64) logging started Tue Aug 11 17:48:28 2026

Set parameter LogFile to value "/mnt/beegfs/users/celinep/ChargeAndBreak/logs/oracle_RlongCmanyTtight_13_gurobi.log"
Gurobi Optimizer version 9.5.2 build v9.5.2rc0 (linux64)
Thread count: 16 physical cores, 32 logical processors, using up to 32 threads
Optimize a model with 8097 rows, 4268 columns and 128050 nonzeros
Model fingerprint: 0x62614211
Variable types: 2686 continuous, 1582 integer (1582 binary)
Coefficient statistics:
  Matrix range     [3e-02, 2e+03]
  Objective range  [5e-01, 1e+00]
  Bounds range     [1e+00, 5e+01]
  RHS range        [8e-03, 5e+02]

User MIP start did not produce a new incumbent solution

Presolve removed 2528 rows and 810 columns
Presolve time: 3.37s
Presolved: 5569 rows, 3458 columns, 115647 nonzeros
Variable types: 2061 continuous, 1397 integer (1397 binary)
Root relaxation presolve removed 154 rows and 97 columns
Root relaxation presolved: 5415 rows, 3361 columns, 88234 nonzeros


Root simplex log...

Iteration    Objective       Primal Inf.    Dual Inf.      Time
       0    5.4741347e+01   1.339097e+04   0.000000e+00      5s
    4303    1.0404017e+02   0.000000e+00   0.000000e+00      8s
    4303    1.0404017e+02   0.000000e+00   0.000000e+00      8s

Root relaxation: objective 1.040402e+02, 4303 iterations, 3.42 seconds (0.69 work units)
Another try with MIP start

    Nodes    |    Current Node    |     Objective Bounds      |     Work
 Expl Unexpl |  Obj  Depth IntInf | Incumbent    BestBd   Gap | It/Node Time

     0     0  104.04017    0  261          -  104.04017      -     -    9s
     0     0  105.45417    0  253          -  105.45417      -     -   12s
     0     0  105.63567    0  238          -  105.63567      -     -   14s
     0     0  105.64069    0  217          -  105.64069      -     -   14s
     0     0  105.64105    0  237          -  105.64105      -     -   14s
     0     0  105.64239    0  232          -  105.64239      -     -   14s
     0     0  105.64244    0  232          -  105.64244      -     -   14s
     0     0  105.79244    0  241          -  105.79244      -     -   16s
     0     0  105.80984    0  201          -  105.80984      -     -   16s
     0     0  105.81544    0  233          -  105.81544      -     -   17s
     0     0  105.81650    0  210          -  105.81650      -     -   17s
     0     0  105.81650    0  210          -  105.81650      -     -   17s
     0     0  105.88104    0  246          -  105.88104      -     -   18s
     0     0  105.89511    0  244          -  105.89511      -     -   18s
     0     0  105.89737    0  253          -  105.89737      -     -   18s
     0     0  105.89742    0  254          -  105.89742      -     -   18s
     0     0  106.07872    0  185          -  106.07872      -     -   19s
     0     0  106.10091    0  186          -  106.10091      -     -   20s
     0     0  106.10132    0  184          -  106.10132      -     -   20s
     0     0  106.10144    0  180          -  106.10144      -     -   20s
     0     0  106.13525    0  212          -  106.13525      -     -   21s
H    0     0                     149.3437427  106.14649  28.9%     -   21s
H    0     0                     148.4270760  106.14649  28.5%     -   21s
     0     0  106.14649    0  208  148.42708  106.14649  28.5%     -   21s
     0     0  106.14891    0  227  148.42708  106.14891  28.5%     -   21s
     0     0  106.14892    0  222  148.42708  106.14892  28.5%     -   21s
H    0     0                     147.9305639  106.14892  28.2%     -   22s
     0     0  106.20127    0  174  147.93056  106.20127  28.2%     -   23s
H    0     0                     138.3469348  106.20127  23.2%     -   23s
     0     0  106.20862    0  214  138.34693  106.20862  23.2%     -   23s
     0     0  106.20965    0  218  138.34693  106.20965  23.2%     -   23s
     0     0  106.20974    0  221  138.34693  106.20974  23.2%     -   24s
     0     0  106.21912    0  189  138.34693  106.21912  23.2%     -   26s
     0     0  106.22174    0  217  138.34693  106.22174  23.2%     -   26s
     0     0  106.22188    0  220  138.34693  106.22188  23.2%     -   26s
     0     0  106.25493    0  194  138.34693  106.25493  23.2%     -   29s
     0     0  106.25893    0  213  138.34693  106.25893  23.2%     -   29s
     0     0  106.26120    0  208  138.34693  106.26120  23.2%     -   29s
     0     0  106.26267    0  213  138.34693  106.26267  23.2%     -   29s
     0     0  106.26298    0  201  138.34693  106.26298  23.2%     -   30s
     0     0  106.26847    0  184  138.34693  106.26847  23.2%     -   31s
     0     0  106.27035    0  212  138.34693  106.27035  23.2%     -   31s
     0     0  106.27161    0  213  138.34693  106.27161  23.2%     -   31s
     0     0  106.27167    0  223  138.34693  106.27167  23.2%     -   31s
     0     0  106.28457    0  193  138.34693  106.28457  23.2%     -   32s
     0     0  106.28683    0  205  138.34693  106.28683  23.2%     -   33s
     0     0  106.28802    0  205  138.34693  106.28802  23.2%     -   33s
     0     0  106.28806    0  210  138.34693  106.28806  23.2%     -   33s
     0     0  106.29206    0  196  138.34693  106.29206  23.2%     -   35s
     0     0  106.29291    0  219  138.34693  106.29291  23.2%     -   36s
     0     0  106.29362    0  262  138.34693  106.29362  23.2%     -   36s
     0     0  106.29372    0  248  138.34693  106.29372  23.2%     -   36s
     0     0  106.29655    0  266  138.34693  106.29655  23.2%     -   38s
     0     0  106.29670    0  264  138.34693  106.29670  23.2%     -   38s
     0     0  106.29813    0  293  138.34693  106.29813  23.2%     -   40s
     0     0  106.29813    0  236  138.34693  106.29813  23.2%     -   43s
H    0     0                     136.2788401  106.29813  22.0%     -   43s
     0     2  106.29813    0  236  136.27884  106.29813  22.0%     -   44s
     1     4  106.29813    1  233  136.27884  106.29813  22.0%   787   45s
H   43    48                     127.1950439  106.31185  16.4%   316   49s
    47    64  106.35704    6  290  127.19504  106.31205  16.4%   317   51s
H   79    96                     123.8594874  106.32382  14.2%   302   54s
H   80    96                     123.7475488  106.32409  14.1%   302   54s
H   81    96                     122.3656667  106.32599  13.1%   304   54s
H   82    96                     115.0160611  106.32599  7.56%   301   54s
H   83    96                     109.3985510  106.32599  2.81%   298   54s
    95    93  106.36281    9  223  109.39855  106.32623  2.81%   288   55s
H  129   121                     109.2055049  106.34190  2.62%   276   63s
H  130   121                     109.1545185  106.34193  2.58%   279   63s
H  130   121                     107.2193861  106.34193  0.82%   279   63s
H  135   121                     106.9471284  106.34358  0.56%   277   63s
   165   159  106.39652   13  264  106.94713  106.37429  0.54%   265   65s
H  200   173                     106.7661082  106.38485  0.36%   245   66s
H  208   173                     106.7598586  106.38485  0.35%   245   66s
H  210   173                     106.7540398  106.38485  0.35%   245   66s
H  212   173                     106.7540397  106.38485  0.35%   245   66s

Cutting planes:
  Learned: 2
  Gomory: 72
  Lift-and-project: 45
  Cover: 26
  Implied bound: 241
  Projected implied bound: 1
  Clique: 9
  MIR: 829
  StrongCG: 3
  Flow cover: 1398
  Flow path: 1
  GUB cover: 1
  Zero half: 18
  Network: 2
  RLT: 117
  Relax-and-lift: 31

Explored 214 nodes (68105 simplex iterations) in 66.29 seconds (17.61 work units)
Thread count was 32 (of 32 available processors)

Solution count 10: 106.754 106.754 106.76 ... 115.016

Optimal solution found (tolerance 5.00e-03)
Best objective 1.067540397153e+02, best bound 1.063848501551e+02, gap 0.3458%
