
Gurobi 9.5.2 (linux64) logging started Mon Aug  3 11:18:34 2026

Set parameter LogFile to value "logs/oracle_RmediumCmanyTlarge_7__kw150_gurobi.log"
Gurobi Optimizer version 9.5.2 build v9.5.2rc0 (linux64)
Thread count: 16 physical cores, 32 logical processors, using up to 32 threads
Optimize a model with 5659 rows, 3080 columns and 67095 nonzeros
Model fingerprint: 0x7f989626
Variable types: 1922 continuous, 1158 integer (1158 binary)
Coefficient statistics:
  Matrix range     [4e-02, 1e+03]
  Objective range  [1e+00, 1e+00]
  Bounds range     [1e+00, 4e+01]
  RHS range        [4e-02, 5e+02]

User MIP start did not produce a new incumbent solution

Presolve removed 1780 rows and 615 columns
Presolve time: 0.96s
Presolved: 3879 rows, 2465 columns, 57572 nonzeros
Variable types: 1461 continuous, 1004 integer (1004 binary)
Root relaxation presolve removed 163 rows and 62 columns
Root relaxation presolved: 3716 rows, 2403 columns, 33533 nonzeros

Extra simplex iterations after uncrush: 3

Root relaxation: objective 6.486504e+01, 3617 iterations, 0.95 seconds (0.41 work units)
Another try with MIP start

    Nodes    |    Current Node    |     Objective Bounds      |     Work
 Expl Unexpl |  Obj  Depth IntInf | Incumbent    BestBd   Gap | It/Node Time

H    0     0                      87.4738669   64.86504  25.8%     -    6s
     0     0   64.86504    0  311   87.47387   64.86504  25.8%     -    6s
     0     0   69.45144    0  262   87.47387   69.45144  20.6%     -    9s
     0     0   69.45144    0  294   87.47387   69.45144  20.6%     -    9s
     0     0   69.45144    0  302   87.47387   69.45144  20.6%     -    9s
     0     0   69.45144    0  306   87.47387   69.45144  20.6%     -    9s
     0     0   70.40562    0  307   87.47387   70.40562  19.5%     -   10s
     0     0   70.46433    0  328   87.47387   70.46433  19.4%     -   10s
     0     0   70.46590    0  335   87.47387   70.46590  19.4%     -   10s
     0     0   70.99842    0  337   87.47387   70.99842  18.8%     -   11s
     0     0   71.05762    0  311   87.47387   71.05762  18.8%     -   11s
     0     0   71.06115    0  316   87.47387   71.06115  18.8%     -   11s
     0     0   71.06246    0  315   87.47387   71.06246  18.8%     -   11s
     0     0   71.41036    0  331   87.47387   71.41036  18.4%     -   13s
     0     0   71.44298    0  333   87.47387   71.44298  18.3%     -   13s
     0     0   71.44900    0  336   87.47387   71.44900  18.3%     -   13s
     0     0   71.44929    0  337   87.47387   71.44929  18.3%     -   13s
     0     0   71.74488    0  349   87.47387   71.74488  18.0%     -   15s
     0     0   71.78023    0  353   87.47387   71.78023  17.9%     -   15s
     0     0   71.79785    0  356   87.47387   71.79785  17.9%     -   15s
     0     0   71.79960    0  360   87.47387   71.79960  17.9%     -   15s
     0     0   72.15105    0  324   87.47387   72.15105  17.5%     -   17s
     0     0   72.22444    0  345   87.47387   72.22444  17.4%     -   17s
     0     0   72.24182    0  337   87.47387   72.24182  17.4%     -   17s
     0     0   72.24490    0  349   87.47387   72.24490  17.4%     -   17s
     0     0   72.24514    0  354   87.47387   72.24514  17.4%     -   17s
     0     0   72.48214    0  308   87.47387   72.48214  17.1%     -   19s
     0     0   72.53754    0  287   87.47387   72.53754  17.1%     -   19s
     0     0   72.54125    0  332   87.47387   72.54125  17.1%     -   20s
     0     0   72.54177    0  351   87.47387   72.54177  17.1%     -   20s
     0     0   72.67609    0  339   87.47387   72.67609  16.9%     -   21s
     0     0   72.69469    0  305   87.47387   72.69469  16.9%     -   21s
     0     0   72.69594    0  295   87.47387   72.69594  16.9%     -   21s
     0     0   72.76907    0  376   87.47387   72.76907  16.8%     -   22s
     0     0   72.77698    0  385   87.47387   72.77698  16.8%     -   22s
     0     0   72.77776    0  386   87.47387   72.77776  16.8%     -   22s
     0     0   72.81466    0  368   87.47387   72.81466  16.8%     -   23s
     0     0   72.82443    0  375   87.47387   72.82443  16.7%     -   24s
     0     0   72.82779    0  387   87.47387   72.82779  16.7%     -   24s
     0     0   72.82805    0  390   87.47387   72.82805  16.7%     -   24s
     0     0   72.87557    0  360   87.47387   72.87557  16.7%     -   25s
     0     0   72.88010    0  375   87.47387   72.88010  16.7%     -   25s
     0     0   72.88016    0  372   87.47387   72.88016  16.7%     -   25s
     0     0   72.91439    0  375   87.47387   72.91439  16.6%     -   26s
     0     0   72.93474    0  385   87.47387   72.93474  16.6%     -   27s
     0     0   72.93637    0  380   87.47387   72.93637  16.6%     -   27s
     0     0   72.98557    0  362   87.47387   72.98557  16.6%     -   28s
     0     0   72.99043    0  389   87.47387   72.99043  16.6%     -   29s
     0     0   72.99131    0  389   87.47387   72.99131  16.6%     -   29s
     0     0   73.01099    0  373   87.47387   73.01099  16.5%     -   29s
     0     0   73.02047    0  389   87.47387   73.02047  16.5%     -   30s
     0     0   73.02141    0  388   87.47387   73.02141  16.5%     -   30s
     0     0   73.06731    0  401   87.47387   73.06731  16.5%     -   31s
     0     0   73.07668    0  389   87.47387   73.07668  16.5%     -   31s
     0     0   73.07728    0  395   87.47387   73.07728  16.5%     -   31s
     0     0   73.15606    0  396   87.47387   73.15606  16.4%     -   32s
     0     0   73.17595    0  373   87.47387   73.17595  16.3%     -   33s
     0     0   73.17721    0  370   87.47387   73.17721  16.3%     -   33s
     0     0   73.24937    0  344   87.47387   73.24937  16.3%     -   35s
     0     0   73.25585    0  364   87.47387   73.25585  16.3%     -   36s
     0     0   73.25830    0  360   87.47387   73.25830  16.3%     -   36s
     0     0   73.41749    0  351   87.47387   73.41749  16.1%     -   37s
     0     0   73.44462    0  358   87.47387   73.44462  16.0%     -   38s
     0     0   73.44898    0  375   87.47387   73.44898  16.0%     -   38s
     0     0   73.45075    0  376   87.47387   73.45075  16.0%     -   38s
     0     0   73.56965    0  369   87.47387   73.56965  15.9%     -   39s
     0     0   73.58857    0  394   87.47387   73.58857  15.9%     -   40s
     0     0   73.59261    0  413   87.47387   73.59261  15.9%     -   40s
     0     0   73.59288    0  413   87.47387   73.59288  15.9%     -   40s
     0     0   73.62833    0  385   87.47387   73.62833  15.8%     -   42s
     0     0   73.64131    0  393   87.47387   73.64131  15.8%     -   42s
     0     0   73.64262    0  388   87.47387   73.64262  15.8%     -   42s
     0     0   73.65346    0  395   87.47387   73.65346  15.8%     -   44s
     0     0   73.65346    0  327   87.47387   73.65346  15.8%     -   46s
     0     2   73.65346    0  314   87.47387   73.65346  15.8%     -   47s
     7    16   74.42930    3  318   87.47387   73.67079  15.8%   381   50s
H   36    40                      86.5222145   74.37187  14.0%   323   51s
    63    72   74.56339    7  325   86.52221   74.38904  14.0%   289   55s
H   79    88                      86.1003272   74.56339  13.4%   310   57s
H   80    88                      86.0092890   74.62048  13.2%   311   57s
H   80    88                      85.0478525   74.62048  12.3%   311   57s
H   82    86                      82.1959960   74.62048  9.22%   321   57s
   155   104   74.76884   12  330   82.19600   74.76833  9.04%   291   60s
   346   191   75.06100   19  239   82.19600   74.79653  9.00%   220   65s
H  637   287                      82.0032901   75.17757  8.32%   169   72s
H  638   287                      81.9927123   75.17757  8.31%   168   72s
H  640   287                      81.9762737   75.17757  8.29%   168   72s
H  649   287                      81.8480966   75.17757  8.15%   167   72s
H  662   287                      81.8016023   75.17757  8.10%   167   72s
H  670   277                      81.6804915   75.17757  7.96%   168   78s
   893   462   75.34643   67  209   81.68049   75.34643  7.75%   143   81s
  1461   680     cutoff  110        81.68049   75.62262  7.42%   110   85s
  1960   883   76.04943   31  209   81.68049   76.04943  6.89%   105   90s
  2959  1387     cutoff   82        81.68049   76.28383  6.61%  86.0   95s
  3962  1472     cutoff   17        81.68049   76.51646  6.32%  77.4  100s
  4694  1211     cutoff   51        81.68049   76.67453  6.13%  73.6  105s
H 4924  1116                      80.6804915   76.67995  4.96%  72.0  106s
  5565  1193     cutoff   48        80.68049   76.80079  4.81%  72.5  110s
  6364  1279     cutoff   29        80.68049   76.98763  4.58%  72.5  115s
  7247  1169     cutoff   39        80.68049   77.38087  4.09%  73.4  120s
  7649  1301   78.18947   12  256   80.68049   78.11481  3.18%  75.9  125s
  8449   768   79.52820   47  217   80.68049   78.43558  2.78%  74.3  131s
  9314   382 infeasible   37        80.68049   78.58282  2.60%  70.9  136s
 10159   405 infeasible   27        80.68049   79.06154  2.01%  69.2  141s
 11134   242     cutoff   48        80.68049   79.37860  1.61%  66.0  146s
 11777   124     cutoff   70        80.68049   79.73666  1.17%  64.7  150s

Cutting planes:
  Learned: 1
  Gomory: 27
  Lift-and-project: 13
  Cover: 110
  Implied bound: 401
  Projected implied bound: 17
  Clique: 3
  MIR: 1592
  StrongCG: 2
  Flow cover: 2678
  Flow path: 2
  GUB cover: 3
  Zero half: 20
  RLT: 285
  Relax-and-lift: 122

Explored 12173 nodes (798239 simplex iterations) in 153.35 seconds (65.59 work units)
Thread count was 32 (of 32 available processors)

Solution count 10: 80.6805 81.6805 81.8016 ... 86.0093

Optimal solution found (tolerance 5.00e-03)
Best objective 8.068049151229e+01, best bound 8.031407740151e+01, gap 0.4542%
