
Gurobi 9.5.2 (linux64) logging started Wed Jul 29 06:03:41 2026

Set parameter LogFile to value "logs/oracle_RlongCmediumTmedium_34_gurobi.log"
Gurobi Optimizer version 9.5.2 build v9.5.2rc0 (linux64)
Thread count: 16 physical cores, 32 logical processors, using up to 32 threads
Optimize a model with 8263 rows, 4513 columns and 131027 nonzeros
Model fingerprint: 0x0a94a613
Variable types: 2817 continuous, 1696 integer (1696 binary)
Coefficient statistics:
  Matrix range     [3e-02, 2e+03]
  Objective range  [1e+00, 1e+00]
  Bounds range     [1e+00, 5e+01]
  RHS range        [4e-02, 5e+02]

User MIP start did not produce a new incumbent solution

Presolve removed 2432 rows and 812 columns
Presolve time: 3.02s
Presolved: 5831 rows, 3701 columns, 118525 nonzeros
Variable types: 2198 continuous, 1503 integer (1503 binary)
Root relaxation presolve removed 161 rows and 103 columns
Root relaxation presolved: 5670 rows, 3598 columns, 90725 nonzeros


Root simplex log...

Iteration    Objective       Primal Inf.    Dual Inf.      Time
    1734    5.3200845e+01   2.216156e+04   0.000000e+00      5s
    5064    9.4346206e+01   0.000000e+00   0.000000e+00      7s
    5067    9.4346206e+01   0.000000e+00   0.000000e+00      7s
Extra simplex iterations after uncrush: 3

Root relaxation: objective 9.434621e+01, 5067 iterations, 3.42 seconds (1.03 work units)
Another try with MIP start

    Nodes    |    Current Node    |     Objective Bounds      |     Work
 Expl Unexpl |  Obj  Depth IntInf | Incumbent    BestBd   Gap | It/Node Time

H    0     0                     121.3539089   94.34621  22.3%     -   13s
     0     0   94.34621    0  528  121.35391   94.34621  22.3%     -   13s
     0     0   97.92296    0  409  121.35391   97.92296  19.3%     -   19s
     0     0   98.18893    0  403  121.35391   98.18893  19.1%     -   19s
     0     0   98.24852    0  456  121.35391   98.24852  19.0%     -   20s
     0     0   98.26260    0  476  121.35391   98.26260  19.0%     -   20s
     0     0   98.26663    0  468  121.35391   98.26663  19.0%     -   20s
     0     0   98.26752    0  478  121.35391   98.26752  19.0%     -   20s
     0     0   98.26755    0  477  121.35391   98.26755  19.0%     -   20s
     0     0   99.56774    0  408  121.35391   99.56774  18.0%     -   22s
     0     0   99.63140    0  422  121.35391   99.63140  17.9%     -   22s
     0     0   99.66291    0  436  121.35391   99.66291  17.9%     -   23s
     0     0   99.68379    0  431  121.35391   99.68379  17.9%     -   23s
     0     0   99.68529    0  423  121.35391   99.68529  17.9%     -   23s
     0     0   99.68558    0  393  121.35391   99.68558  17.9%     -   23s
     0     0  100.33055    0  419  121.35391  100.33055  17.3%     -   25s
     0     0  100.42063    0  452  121.35391  100.42063  17.2%     -   26s
     0     0  100.43334    0  444  121.35391  100.43334  17.2%     -   26s
     0     0  100.43410    0  451  121.35391  100.43410  17.2%     -   26s
     0     0  101.05527    0  448  121.35391  101.05527  16.7%     -   29s
     0     0  101.13314    0  522  121.35391  101.13314  16.7%     -   30s
     0     0  101.14517    0  506  121.35391  101.14517  16.7%     -   30s
     0     0  101.14996    0  502  121.35391  101.14996  16.6%     -   30s
     0     0  101.15030    0  504  121.35391  101.15030  16.6%     -   30s
     0     0  101.40953    0  459  121.35391  101.40953  16.4%     -   33s
     0     0  101.45029    0  519  121.35391  101.45029  16.4%     -   34s
     0     0  101.45714    0  517  121.35391  101.45714  16.4%     -   34s
     0     0  101.45769    0  519  121.35391  101.45769  16.4%     -   34s
     0     0  101.97076    0  464  121.35391  101.97076  16.0%     -   38s
     0     0  102.03554    0  428  121.35391  102.03554  15.9%     -   38s
     0     0  102.04524    0  407  121.35391  102.04524  15.9%     -   38s
     0     0  102.04839    0  414  121.35391  102.04839  15.9%     -   39s
     0     0  102.04962    0  421  121.35391  102.04962  15.9%     -   39s
     0     0  102.35821    0  397  121.35391  102.35821  15.7%     -   42s
     0     0  102.39859    0  413  121.35391  102.39859  15.6%     -   43s
     0     0  102.40648    0  411  121.35391  102.40648  15.6%     -   43s
     0     0  102.40792    0  434  121.35391  102.40792  15.6%     -   43s
     0     0  102.55799    0  410  121.35391  102.55799  15.5%     -   46s
     0     0  102.58597    0  416  121.35391  102.58597  15.5%     -   46s
     0     0  102.58831    0  407  121.35391  102.58831  15.5%     -   47s
     0     0  102.58887    0  420  121.35391  102.58887  15.5%     -   47s
     0     0  102.69208    0  380  121.35391  102.69208  15.4%     -   49s
     0     0  102.71244    0  417  121.35391  102.71244  15.4%     -   50s
     0     0  102.71927    0  447  121.35391  102.71927  15.4%     -   50s
     0     0  102.71976    0  451  121.35391  102.71976  15.4%     -   50s
     0     0  102.78234    0  391  121.35391  102.78234  15.3%     -   53s
     0     0  102.79633    0  413  121.35391  102.79633  15.3%     -   53s
     0     0  102.79853    0  432  121.35391  102.79853  15.3%     -   53s
     0     0  102.85538    0  434  121.35391  102.85538  15.2%     -   55s
     0     0  102.86357    0  442  121.35391  102.86357  15.2%     -   56s
     0     0  102.86410    0  430  121.35391  102.86410  15.2%     -   56s
     0     0  102.89414    0  439  121.35391  102.89414  15.2%     -   59s
     0     0  102.90609    0  436  121.35391  102.90609  15.2%     -   60s
     0     0  102.91353    0  442  121.35391  102.91353  15.2%     -   60s
     0     0  102.91386    0  442  121.35391  102.91386  15.2%     -   60s
     0     0  102.94847    0  411  121.35391  102.94847  15.2%     -   62s
     0     0  102.96219    0  441  121.35391  102.96219  15.2%     -   63s
     0     0  102.96334    0  454  121.35391  102.96334  15.2%     -   63s
     0     0  102.98854    0  379  121.35391  102.98854  15.1%     -   66s
     0     0  102.99301    0  433  121.35391  102.99301  15.1%     -   67s
     0     0  102.99499    0  429  121.35391  102.99499  15.1%     -   67s
     0     0  103.02192    0  415  121.35391  103.02192  15.1%     -   70s
     0     0  103.02408    0  435  121.35391  103.02408  15.1%     -   71s
     0     0  103.04929    0  446  121.35391  103.04929  15.1%     -   73s
     0     0  103.06388    0  426  121.35391  103.06388  15.1%     -   73s
     0     0  103.07110    0  412  121.35391  103.07110  15.1%     -   74s
     0     0  103.07185    0  417  121.35391  103.07185  15.1%     -   74s
     0     0  103.10479    0  364  121.35391  103.10479  15.0%     -   76s
     0     0  103.11204    0  356  121.35391  103.11204  15.0%     -   77s
     0     0  103.11379    0  377  121.35391  103.11379  15.0%     -   77s
     0     0  103.14021    0  366  121.35391  103.14021  15.0%     -   80s
     0     0  103.14359    0  452  121.35391  103.14359  15.0%     -   80s
     0     0  103.14414    0  440  121.35391  103.14414  15.0%     -   81s
     0     0  103.15749    0  414  121.35391  103.15749  15.0%     -   83s
     0     0  103.16067    0  435  121.35391  103.16067  15.0%     -   84s
     0     0  103.16143    0  465  121.35391  103.16143  15.0%     -   84s
     0     0  103.16536    0  454  121.35391  103.16536  15.0%     -   86s
     0     0  103.16536    0  357  121.35391  103.16536  15.0%     -   88s
H    0     0                     121.1440278  103.16536  14.8%     -   88s
H    0     2                     121.1211247  103.16536  14.8%     -   90s
     0     2  103.16536    0  299  121.12112  103.16536  14.8%     -   90s
    31    48  103.19191    5  480  121.12112  103.18282  14.8%   281   95s
H   34    48                     121.1087202  103.18468  14.8%   280   95s
H   35    48                     120.6784808  103.18862  14.5%   285   95s
H   40    48                     120.6744936  103.19191  14.5%   309   95s
    63    80  103.26520    7  527  120.67449  103.20787  14.5%   337  100s
H   79    96                     117.5033221  103.22823  12.1%   366  105s
H   85    96                     117.2636992  103.23056  12.0%   375  105s
H  128   145                     117.2101384  103.23573  11.9%   391  127s
H  128   145                     116.8892797  103.23573  11.7%   391  127s
H  130   145                     116.8871995  103.23573  11.7%   388  127s
H  131   145                     116.8766098  103.23573  11.7%   388  127s
H  134   145                     116.7529158  103.23573  11.6%   387  127s
H  136   145                     116.7274268  103.23573  11.6%   384  127s
   160   177  103.27624   13  456  116.72743  103.25569  11.5%   401  132s
H  176   193                     116.6738660  103.27624  11.5%   411  137s
H  177   193                     116.5979745  103.27904  11.4%   411  137s
H  180   193                     116.5893259  103.30191  11.4%   426  137s
   192   217  103.30199   15  490  116.58933  103.30199  11.4%   456  140s
   261   292  103.32841   20  469  116.58933  103.31611  11.4%   482  145s
   319   357  103.32223   29  500  116.58933  103.32223  11.4%   472  150s
   356   373  103.34663   32  448  116.58933  103.32223  11.4%   461  161s
H  361   373                     116.5518727  103.32432  11.3%   459  161s
H  365   373                     116.5398871  103.32432  11.3%   460  161s
   461   522  103.35916   36  497  116.53989  103.35916  11.3%   434  167s
   591   652  103.36938   39  511  116.53989  103.36938  11.3%   383  170s
   787   876  103.45032   43  481  116.53989  103.38775  11.3%   342  176s
   965  1320  103.42480   31  503  116.53989  103.41790  11.3%   308  183s
  1321  1662  106.68634   46  486  116.53989  103.41944  11.3%   251  187s
  1683  1933  103.41958   26  436  116.53989  103.41958  11.3%   216  191s
  1954  2061  107.54263   27  420  116.53989  103.42301  11.3%   198  196s
H 1997  2053                     115.4565538  103.42319  10.4%   197  196s
H 2082  2053                     115.4275926  103.42406  10.4%   194  208s
  2083  2054  103.93922    5  357  115.42759  103.42406  10.4%   194  214s
  2085  2055  104.02972   33  137  115.42759  103.42406  10.4%   194  221s
  2086  2056  104.74559   57  320  115.42759  103.42406  10.4%   194  225s
  2092  2060  103.83440   39  430  115.42759  103.42406  10.4%   193  230s
  2093  2061  104.89191   62  344  115.42759  103.42411  10.4%   193  240s
  2096  2063  103.75273   26  405  115.42759  103.44188  10.4%   193  245s
  2097  2063  103.85531   34  184  115.42759  103.61245  10.2%   193  256s
  2100  2065  104.70910   36  315  115.42759  103.63985  10.2%   193  265s
  2101  2066  104.45079   61  248  115.42759  103.72675  10.1%   193  276s
  2106  2069  103.88036    8  445  115.42759  103.88036  10.0%   192  285s
H 2106  1965                     115.3892713  103.88036  10.0%   192  293s
  2107  1966  103.92587   28  297  115.38927  103.92587  9.93%   192  297s
  2110  1968  115.02918   43  321  115.38927  103.94797  9.92%   192  303s
  2111  1969  114.55744   40  283  115.38927  103.95261  9.91%   192  316s
  2113  1970  115.11083   39  311  115.38927  103.96138  9.90%   192  322s
  2114  1971  103.96388   33  271  115.38927  103.96388  9.90%   191  334s
  2115  1971  106.43101    8  277  115.38927  103.96388  9.90%   191  339s
  2116  1972  103.96457   38  246  115.38927  103.96457  9.90%   191  346s
  2117  1973  104.02079   44  383  115.38927  103.96555  9.90%   191  352s
  2118  1973  103.96711   37  337  115.38927  103.96711  9.90%   191  359s
  2119  1974  104.57898   23  463  115.38927  103.96813  9.90%   191  363s
H 2119  1874                     115.3822879  103.96955  9.89%   191  375s
  2121  1875  103.96955   24  335  115.38229  103.96955  9.89%   191  384s
  2122  1876  104.63621   54  335  115.38229  103.97263  9.89%   191  387s
  2123  1880  103.97263   11  293  115.38229  103.97263  9.89%   208  406s
  2125  1882  103.97861   12  328  115.38229  103.97861  9.88%   209  418s
  2129  1887  103.97923   13  316  115.38229  103.97923  9.88%   209  426s
  2149  1905  104.00491   15  337  115.38229  103.98593  9.88%   211  431s
  2197  1936  104.04475   18  407  115.38229  104.00885  9.86%   217  437s
H 2210  1838                     115.3822878  104.02909  9.84%   219  437s
  2260  1883  104.02959   21  311  115.38229  104.02959  9.84%   220  441s
  2324  1943  104.03798   25  303  115.38229  104.03798  9.83%   222  445s
H 2361  1856                     115.3414880  104.03798  9.80%   221  458s
H 2362  1771                     104.7589157  104.04837  0.68%   221  458s
  2428  1662  104.17875   31  314  104.75892  104.05044  0.68%   221  467s
  2458  1662  104.12072   22  330  104.75892  104.09214  0.64%   222  471s
  2599  1648  104.12663   24  368  104.75892  104.12663  0.60%   223  477s
  2653  1656  104.29557   25  290  104.75892  104.13092  0.60%   224  485s
  2710  1664  104.23939   27  293  104.75892  104.15336  0.58%   224  493s
  2756  1677  104.15994   30  367  104.75892  104.15892  0.57%   224  502s
  2787  1690  104.15995   32  370  104.75892  104.15995  0.57%   224  507s
  2841  1718  104.27332   33  309  104.75892  104.16187  0.57%   225  516s
  2902  1699  104.36468   31  357  104.75892  104.16253  0.57%   224  529s
  2904  1700  104.25543   26   96  104.75892  104.16253  0.57%   224  536s
  2905  1701  104.24931   36   84  104.75892  104.16253  0.57%   224  543s
  2906  1702  104.50789   16  180  104.75892  104.16253  0.57%   224  545s
  2907  1702  104.21009   29   76  104.75892  104.16253  0.57%   224  571s
  2908  1703  104.30001   39  245  104.75892  104.16253  0.57%   224  582s
  2909  1704  104.20498   29   99  104.75892  104.16253  0.57%   224  596s
  2910  1704  104.21204   27  219  104.75892  104.16253  0.57%   224  607s
  2911  1705  104.36468   26  289  104.75892  104.16253  0.57%   224  640s
  2912  1706  104.25262   31  289  104.75892  104.16253  0.57%   224  661s
  2914  1710  104.16253   22  183  104.75892  104.16253  0.57%   239  679s
  2916  1711  104.26382   23  290  104.75892  104.16253  0.57%   240  698s
  2920  1713  104.18172   24  255  104.75892  104.16253  0.57%   243  708s
  2926  1715 infeasible   25       104.75892  104.16253  0.57%   247  714s
  2935  1720  104.16253   26  317  104.75892  104.16253  0.57%   251  721s
  2948  1726  104.19218   27  321  104.75892  104.16253  0.57%   260  725s
  2980  1742  104.16517   29  329  104.75892  104.16253  0.57%   267  733s
  2996  1755  104.18261   30  358  104.75892  104.16253  0.57%   273  739s
H 3009  1664                     104.6755823  104.16253  0.49%   279  739s

Cutting planes:
  Gomory: 237
  Lift-and-project: 12
  Cover: 137
  Implied bound: 587
  Projected implied bound: 32
  Clique: 13
  MIR: 945
  StrongCG: 9
  Flow cover: 1601
  Flow path: 2
  GUB cover: 1
  Zero half: 10
  RLT: 88
  Relax-and-lift: 131

Explored 3021 nodes (868468 simplex iterations) in 739.50 seconds (240.86 work units)
Thread count was 32 (of 32 available processors)

Solution count 10: 104.676 104.759 115.341 ... 116.552

Optimal solution found (tolerance 5.00e-03)
Best objective 1.046755823281e+02, best bound 1.041625293622e+02, gap 0.4901%
