
Gurobi 9.5.2 (linux64) logging started Tue Jul 28 15:24:23 2026

Set parameter LogFile to value "logs/oracle_RshortCmediumTmedium_37_gurobi.log"
Gurobi Optimizer version 9.5.2 build v9.5.2rc0 (linux64)
Thread count: 16 physical cores, 32 logical processors, using up to 32 threads
Optimize a model with 2289 rows, 1311 columns and 7838 nonzeros
Model fingerprint: 0x6157e92e
Variable types: 822 continuous, 489 integer (489 binary)
Coefficient statistics:
  Matrix range     [3e-02, 5e+02]
  Objective range  [1e+00, 1e+00]
  Bounds range     [1e+00, 1e+00]
  RHS range        [2e-02, 5e+02]
Presolve removed 826 rows and 343 columns
Presolve time: 0.03s
Presolved: 1463 rows, 968 columns, 6497 nonzeros
Variable types: 592 continuous, 376 integer (376 binary)

Root relaxation: objective 2.522932e+01, 1472 iterations, 0.04 seconds (0.05 work units)

    Nodes    |    Current Node    |     Objective Bounds      |     Work
 Expl Unexpl |  Obj  Depth IntInf | Incumbent    BestBd   Gap | It/Node Time

     0     0   25.22932    0  118          -   25.22932      -     -    0s
     0     0   25.45598    0  124          -   25.45598      -     -    0s
     0     0   25.45721    0  122          -   25.45721      -     -    0s
     0     0   25.61467    0  113          -   25.61467      -     -    0s
H    0     0                      37.8873215   25.61467  32.4%     -    0s
     0     0   25.63609    0  112   37.88732   25.63609  32.3%     -    0s
H    0     0                      37.3039882   25.63609  31.3%     -    0s
     0     0   25.93582    0  131   37.30399   25.93582  30.5%     -    0s
     0     0   25.94594    0  115   37.30399   25.94594  30.4%     -    0s
     0     0   25.96008    0  133   37.30399   25.96008  30.4%     -    0s
     0     0   26.23738    0  111   37.30399   26.23738  29.7%     -    0s
     0     0   26.26574    0  117   37.30399   26.26574  29.6%     -    0s
     0     0   26.27446    0  118   37.30399   26.27446  29.6%     -    0s
     0     0   26.27448    0  117   37.30399   26.27448  29.6%     -    0s
     0     0   26.34201    0  125   37.30399   26.34201  29.4%     -    0s
H    0     0                      35.1607824   26.34201  25.1%     -    0s
     0     0   26.34603    0  123   35.16078   26.34603  25.1%     -    0s
     0     0   26.34701    0  129   35.16078   26.34701  25.1%     -    0s
     0     0   26.34708    0  125   35.16078   26.34708  25.1%     -    0s
     0     0   26.41130    0  126   35.16078   26.41130  24.9%     -    0s
     0     0   26.41531    0  115   35.16078   26.41531  24.9%     -    0s
     0     0   26.41548    0  124   35.16078   26.41548  24.9%     -    0s
     0     0   26.44408    0  114   35.16078   26.44408  24.8%     -    0s
H    0     0                      34.1730289   26.45208  22.6%     -    0s
     0     0   26.45208    0  115   34.17303   26.45208  22.6%     -    0s
     0     0   26.45285    0  119   34.17303   26.45285  22.6%     -    0s
     0     0   26.46029    0  138   34.17303   26.46029  22.6%     -    0s
     0     0   26.46234    0  131   34.17303   26.46234  22.6%     -    0s
     0     0   26.47115    0  138   34.17303   26.47115  22.5%     -    0s
     0     0   26.47356    0  139   34.17303   26.47356  22.5%     -    0s
     0     0   26.47434    0  133   34.17303   26.47434  22.5%     -    0s
     0     0   26.47466    0  131   34.17303   26.47466  22.5%     -    0s
     0     0   26.50439    0  126   34.17303   26.50439  22.4%     -    0s
     0     0   26.50854    0   97   34.17303   26.50854  22.4%     -    0s
     0     0   26.50980    0  129   34.17303   26.50980  22.4%     -    0s
     0     0   26.50998    0  127   34.17303   26.50998  22.4%     -    0s
     0     0   26.51291    0  131   34.17303   26.51291  22.4%     -    0s
     0     0   26.51852    0  130   34.17303   26.51852  22.4%     -    0s
     0     0   26.51885    0  130   34.17303   26.51885  22.4%     -    0s
H    0     0                      34.0896956   26.51897  22.2%     -    0s
     0     0   26.51897    0  131   34.08970   26.51897  22.2%     -    0s
     0     0   26.83446    0  129   34.08970   26.83446  21.3%     -    0s
     0     0   26.83446    0  128   34.08970   26.83446  21.3%     -    0s
     0     0   26.83446    0  120   34.08970   26.83446  21.3%     -    0s
     0     0   26.83446    0  134   34.08970   26.83446  21.3%     -    0s
     0     0   26.83628    0  108   34.08970   26.83628  21.3%     -    0s
     0     2   26.83628    0   99   34.08970   26.83628  21.3%     -    0s
H  625    96                      34.0896956   33.39760  2.03%  20.3    1s

Cutting planes:
  Learned: 1
  Gomory: 4
  Cover: 15
  Implied bound: 11
  MIR: 57
  Flow cover: 52
  GUB cover: 1
  RLT: 4
  Relax-and-lift: 12

Explored 1197 nodes (27372 simplex iterations) in 1.49 seconds (1.25 work units)
Thread count was 32 (of 32 available processors)

Solution count 7: 34.0897 34.0897 34.0897 ... 37.8873

Optimal solution found (tolerance 5.00e-03)
Best objective 3.408969555220e+01, best bound 3.408969555220e+01, gap 0.0000%
