
Gurobi 9.5.2 (linux64) logging started Sun Aug 16 02:47:14 2026

Set parameter LogFile to value "/mnt/beegfs/users/celinep/ChargeAndBreak/logs/oracle_RshortCmanyTtight_11__kw1000_gurobi.log"
Gurobi Optimizer version 9.5.2 build v9.5.2rc0 (linux64)
Thread count: 16 physical cores, 32 logical processors, using up to 32 threads
Optimize a model with 3174 rows, 1663 columns and 24957 nonzeros
Model fingerprint: 0xa42ea99d
Variable types: 1049 continuous, 614 integer (614 binary)
Coefficient statistics:
  Matrix range     [5e-02, 7e+02]
  Objective range  [5e-01, 1e+00]
  Bounds range     [1e+00, 3e+01]
  RHS range        [3e-02, 5e+02]

User MIP start produced solution with objective 45.9885 (0.01s)
Loaded user MIP start with objective 45.9885

Presolve removed 1176 rows and 394 columns
Presolve time: 0.26s
Presolved: 1998 rows, 1269 columns, 14464 nonzeros
Variable types: 766 continuous, 503 integer (503 binary)
Found heuristic solution: objective 44.9885121
Root relaxation presolve removed 36 rows and 34 columns
Root relaxation presolved: 1962 rows, 1235 columns, 14038 nonzeros

Extra simplex iterations after uncrush: 1

Root relaxation: objective 3.965568e+01, 1664 iterations, 0.14 seconds (0.08 work units)

    Nodes    |    Current Node    |     Objective Bounds      |     Work
 Expl Unexpl |  Obj  Depth IntInf | Incumbent    BestBd   Gap | It/Node Time

     0     0   39.70801    0  112   44.98851   39.70801  11.7%     -    0s
H    0     0                      44.3218455   39.70801  10.4%     -    0s
     0     0   40.00553    0  116   44.32185   40.00553  9.74%     -    0s
     0     0   40.00553    0  106   44.32185   40.00553  9.74%     -    1s
     0     0   40.02302    0  127   44.32185   40.02302  9.70%     -    1s
     0     0   40.02427    0  125   44.32185   40.02427  9.70%     -    1s
     0     0   40.18621    0  112   44.32185   40.18621  9.33%     -    1s
H    0     0                      41.3459841   40.18621  2.81%     -    1s
     0     0   40.20631    0  115   41.34598   40.20631  2.76%     -    1s
     0     0   40.20779    0  118   41.34598   40.20779  2.75%     -    1s
     0     0   40.20803    0  118   41.34598   40.20803  2.75%     -    1s
     0     0   40.27400    0  128   41.34598   40.27400  2.59%     -    2s
H    0     0                      41.2160601   40.27400  2.29%     -    2s
     0     0   40.29936    0  132   41.21606   40.29936  2.22%     -    2s
     0     0   40.30592    0  138   41.21606   40.30592  2.21%     -    2s
     0     0   40.30902    0  141   41.21606   40.30902  2.20%     -    2s
     0     0   40.31042    0  147   41.21606   40.31042  2.20%     -    2s
     0     0   40.31045    0  149   41.21606   40.31045  2.20%     -    2s
     0     0   40.36702    0  135   41.21606   40.36702  2.06%     -    2s
     0     0   40.37935    0  131   41.21606   40.37935  2.03%     -    2s
     0     0   40.38198    0  153   41.21606   40.38198  2.02%     -    2s
     0     0   40.38300    0  151   41.21606   40.38300  2.02%     -    2s
     0     0   40.38336    0  151   41.21606   40.38336  2.02%     -    2s
     0     0   40.38437    0  155   41.21606   40.38437  2.02%     -    2s
     0     0   40.38524    0  155   41.21606   40.38524  2.02%     -    2s
     0     0   40.38533    0  155   41.21606   40.38533  2.02%     -    2s
     0     0   40.45947    0  152   41.21606   40.45947  1.84%     -    3s
     0     0   40.47899    0  133   41.21606   40.47899  1.79%     -    3s
     0     0   40.48078    0  142   41.21606   40.48078  1.78%     -    3s
     0     0   40.48173    0  146   41.21606   40.48173  1.78%     -    3s
     0     0   40.48183    0  146   41.21606   40.48183  1.78%     -    3s
     0     0   40.51985    0   98   41.21606   40.51985  1.69%     -    3s
     0     0   40.52771    0  126   41.21606   40.52771  1.67%     -    3s
     0     0   40.52895    0  128   41.21606   40.52895  1.67%     -    3s
     0     0   40.52918    0  114   41.21606   40.52918  1.67%     -    3s
     0     0   40.54641    0  125   41.21606   40.54641  1.62%     -    3s
     0     0   40.54975    0  131   41.21606   40.54975  1.62%     -    3s
     0     0   40.55003    0  141   41.21606   40.55003  1.62%     -    3s
     0     0   40.56269    0  147   41.21606   40.56269  1.59%     -    4s
     0     0   40.56963    0  120   41.21606   40.56963  1.57%     -    4s
     0     0   40.57072    0  144   41.21606   40.57072  1.57%     -    4s
     0     0   40.57114    0  143   41.21606   40.57114  1.56%     -    4s
     0     0   40.57115    0  143   41.21606   40.57115  1.56%     -    4s
     0     0   40.58257    0  147   41.21606   40.58257  1.54%     -    4s
     0     0   40.58338    0  156   41.21606   40.58338  1.54%     -    4s
     0     0   40.58379    0  155   41.21606   40.58379  1.53%     -    4s
     0     0   40.59768    0  142   41.21606   40.59768  1.50%     -    5s
     0     0   40.59799    0  140   41.21606   40.59799  1.50%     -    5s
H    0     0                      41.0757531   40.59799  1.16%     -    5s
     0     0   40.60512    0  103   41.07575   40.60512  1.15%     -    5s
     0     0   40.60606    0  134   41.07575   40.60606  1.14%     -    5s
     0     0   40.60608    0  137   41.07575   40.60608  1.14%     -    5s
     0     0   40.62292    0   94   41.07575   40.62292  1.10%     -    6s
     0     0   40.62463    0  156   41.07575   40.62463  1.10%     -    6s
     0     0   40.62595    0  108   41.07575   40.62595  1.10%     -    6s
     0     0   40.62752    0  112   41.07575   40.62752  1.09%     -    6s
     0     0   40.62773    0  110   41.07575   40.62773  1.09%     -    6s
     0     0   40.63126    0  145   41.07575   40.63126  1.08%     -    6s
     0     0   40.63126    0  148   41.07575   40.63126  1.08%     -    6s
     0     0   40.63453    0  147   41.07575   40.63453  1.07%     -    7s
     0     0   40.63453    0  138   41.07575   40.63453  1.07%     -    7s
     0     0   40.67685    0   84   41.07575   40.67685  0.97%     -    8s
     0     0   40.67685    0  134   41.07575   40.67685  0.97%     -    8s
     0     0   40.67685    0  125   41.07575   40.67685  0.97%     -    8s
     0     0   40.67685    0  109   41.07575   40.67685  0.97%     -    8s
     0     0   40.67685    0  118   41.07575   40.67685  0.97%     -    8s
     0     0   40.67685    0  135   41.07575   40.67685  0.97%     -    8s
     0     0   40.67685    0  133   41.07575   40.67685  0.97%     -    8s
     0     0   40.67685    0  133   41.07575   40.67685  0.97%     -    8s
     0     0   40.67685    0  138   41.07575   40.67685  0.97%     -    8s
     0     0   40.67685    0  142   41.07575   40.67685  0.97%     -    8s
     0     0   40.67685    0  138   41.07575   40.67685  0.97%     -    8s
     0     0   40.67685    0   95   41.07575   40.67685  0.97%     -    9s
     0     0   40.67685    0   97   41.07575   40.67685  0.97%     -    9s
     0     0   40.67685    0  100   41.07575   40.67685  0.97%     -    9s
     0     0   40.67685    0   96   41.07575   40.67685  0.97%     -    9s
     0     0   40.67685    0   96   41.07575   40.67685  0.97%     -    9s
     0     2   40.67754    0   96   41.07575   40.67754  0.97%     -    9s
     3     7   40.67754    2   85   41.07575   40.67754  0.97%  70.0   10s

Cutting planes:
  Learned: 4
  Gomory: 6
  Lift-and-project: 11
  Cover: 19
  Implied bound: 52
  Clique: 3
  MIR: 201
  StrongCG: 4
  Flow cover: 304
  Zero half: 8
  RLT: 29
  Relax-and-lift: 26
  BQP: 1
  PSD: 1

Explored 187 nodes (21209 simplex iterations) in 11.49 seconds (3.70 work units)
Thread count was 32 (of 32 available processors)

Solution count 8: 41.0758 41.2161 41.346 ... 45.9885

Optimal solution found (tolerance 5.00e-03)
Best objective 4.107575309721e+01, best bound 4.090118228634e+01, gap 0.4250%
