
Gurobi 9.5.2 (linux64) logging started Sat Aug 15 11:48:17 2026

Set parameter LogFile to value "/mnt/beegfs/users/celinep/ChargeAndBreak/logs/oracle_RshortCmanyTtight_15__kwh900_gurobi.log"
Gurobi Optimizer version 9.5.2 build v9.5.2rc0 (linux64)
Thread count: 16 physical cores, 32 logical processors, using up to 32 threads
Optimize a model with 2917 rows, 1531 columns and 20983 nonzeros
Model fingerprint: 0xfda1e0fe
Variable types: 966 continuous, 565 integer (565 binary)
Coefficient statistics:
  Matrix range     [3e-02, 9e+02]
  Objective range  [5e-01, 1e+00]
  Bounds range     [1e+00, 3e+01]
  RHS range        [3e-02, 9e+02]

User MIP start produced solution with objective 42.0119 (0.02s)
Loaded user MIP start with objective 42.0119

Presolve removed 1114 rows and 387 columns
Presolve time: 0.37s
Presolved: 1803 rows, 1144 columns, 12313 nonzeros
Variable types: 695 continuous, 449 integer (447 binary)
Root relaxation presolve removed 31 rows and 30 columns
Root relaxation presolved: 1772 rows, 1114 columns, 12074 nonzeros


Root relaxation: objective 3.773014e+01, 1237 iterations, 0.18 seconds (0.06 work units)

    Nodes    |    Current Node    |     Objective Bounds      |     Work
 Expl Unexpl |  Obj  Depth IntInf | Incumbent    BestBd   Gap | It/Node Time

     0     0   37.73077    0   18   42.01195   37.73077  10.2%     -    0s
H    0     0                      38.8346040   37.73077  2.84%     -    0s
H    0     0                      38.8345447   37.73651  2.83%     -    0s
     0     0   37.73956    0   28   38.83454   37.73956  2.82%     -    0s
     0     0   37.73956    0    7   38.83454   37.73956  2.82%     -    1s
     0     0   37.75157    0   27   38.83454   37.75157  2.79%     -    1s
H    0     0                      38.5765792   37.75157  2.14%     -    1s
     0     0   37.76807    0   28   38.57658   37.76807  2.10%     -    1s
     0     0   37.77497    0   23   38.57658   37.77497  2.08%     -    1s
     0     0   37.79572    0   19   38.57658   37.79572  2.02%     -    2s
     0     0   37.79722    0   14   38.57658   37.79722  2.02%     -    2s
H    0     0                      37.8579400   37.79722  0.16%     -    2s

Cutting planes:
  Learned: 3
  Gomory: 10
  Lift-and-project: 19
  Cover: 2
  Implied bound: 11
  MIR: 27
  Flow cover: 68
  RLT: 7
  Relax-and-lift: 3

Explored 1 nodes (2709 simplex iterations) in 2.47 seconds (0.52 work units)
Thread count was 32 (of 32 available processors)

Solution count 6: 37.8579 38.5766 38.8345 ... 42.0119

Optimal solution found (tolerance 5.00e-03)
Best objective 3.785793995847e+01, best bound 3.782393771219e+01, gap 0.0898%
