
Gurobi 9.5.2 (linux64) logging started Tue Jul 28 11:34:19 2026

Set parameter LogFile to value "logs/oracle_RshortCfewTnone_49_gurobi.log"
Gurobi Optimizer version 9.5.2 build v9.5.2rc0 (linux64)
Thread count: 16 physical cores, 32 logical processors, using up to 32 threads
Optimize a model with 2324 rows, 1331 columns and 8000 nonzeros
Model fingerprint: 0x6d9147b7
Variable types: 837 continuous, 494 integer (494 binary)
Coefficient statistics:
  Matrix range     [4e-02, 5e+02]
  Objective range  [1e+00, 1e+00]
  Bounds range     [1e+00, 1e+00]
  RHS range        [2e-01, 2e+07]
Presolve removed 834 rows and 344 columns
Presolve time: 0.12s
Presolved: 1490 rows, 987 columns, 6237 nonzeros
Variable types: 605 continuous, 382 integer (382 binary)
Found heuristic solution: objective 53.8030319

Root relaxation: objective 2.354828e+01, 1259 iterations, 0.11 seconds (0.03 work units)

    Nodes    |    Current Node    |     Objective Bounds      |     Work
 Expl Unexpl |  Obj  Depth IntInf | Incumbent    BestBd   Gap | It/Node Time

     0     0   23.54828    0  120   53.80303   23.54828  56.2%     -    0s
H    0     0                      43.4696986   23.54828  45.8%     -    0s
     0     0   24.06551    0  107   43.46970   24.06551  44.6%     -    0s
H    0     0                      43.0507388   24.06551  44.1%     -    0s
     0     0   24.07302    0  107   43.05074   24.07302  44.1%     -    0s
     0     0   24.25877    0  103   43.05074   24.25877  43.7%     -    0s
     0     0   24.29589    0  105   43.05074   24.29589  43.6%     -    0s
     0     0   24.29678    0  106   43.05074   24.29678  43.6%     -    0s
     0     0   24.56888    0  116   43.05074   24.56888  42.9%     -    1s
     0     0   24.63384    0   94   43.05074   24.63384  42.8%     -    1s
     0     0   24.63545    0  111   43.05074   24.63545  42.8%     -    1s
     0     0   24.63551    0  110   43.05074   24.63551  42.8%     -    1s
     0     0   24.81909    0  101   43.05074   24.81909  42.3%     -    1s
H    0     0                      43.0485262   24.81909  42.3%     -    1s
     0     0   24.84554    0  107   43.04853   24.84554  42.3%     -    1s
     0     0   24.84869    0  106   43.04853   24.84869  42.3%     -    1s
     0     0   24.85081    0  108   43.04853   24.85081  42.3%     -    1s
     0     0   24.85241    0  107   43.04853   24.85241  42.3%     -    1s
     0     0   24.85254    0  107   43.04853   24.85254  42.3%     -    1s
     0     0   24.90699    0  109   43.04853   24.90699  42.1%     -    1s
     0     0   24.92142    0  108   43.04853   24.92142  42.1%     -    1s
     0     0   24.92239    0  117   43.04853   24.92239  42.1%     -    1s
     0     0   25.41441    0  108   43.04853   25.41441  41.0%     -    1s
H    0     0                      42.4467461   25.41441  40.1%     -    1s
H    0     0                      34.0092785   26.01250  23.5%     -    2s
     0     0   26.01250    0  111   34.00928   26.01250  23.5%     -    2s
     0     0   26.11764    0  112   34.00928   26.11764  23.2%     -    2s
     0     0   26.78011    0  118   34.00928   26.78011  21.3%     -    2s
H    0     0                      33.9034286   27.10525  20.1%     -    2s
     0     0   27.10525    0  117   33.90343   27.10525  20.1%     -    2s
H    0     0                      33.8974577   27.10525  20.0%     -    2s
     0     2   27.10525    0  117   33.89746   27.10525  20.0%     -    2s
H   86    92                      33.8212805   27.10525  19.9%  39.5    3s
H  238   232                      33.5379944   27.10525  19.2%  27.0    4s
H  239   232                      33.3041515   27.10525  18.6%  27.1    4s
H  274   232                      33.1735389   27.10525  18.3%  25.8    4s
   373   315   27.10525   23  112   33.17354   27.10525  18.3%  24.6    5s
*  859   507              26      33.1687011   27.10525  18.3%  24.7    5s
* 2477  1013              58      33.0866410   28.10679  15.1%  23.2    7s
H 3155  1001                      33.0020345   30.81263  6.63%  23.8    9s
  4328  1075   32.50602   53   74   33.00203   32.19010  2.46%  23.9   10s

Cutting planes:
  Gomory: 6
  Cover: 15
  Implied bound: 31
  MIR: 95
  Flow cover: 72
  Inf proof: 2
  RLT: 34
  Relax-and-lift: 13

Explored 8656 nodes (203677 simplex iterations) in 12.34 seconds (2.39 work units)
Thread count was 32 (of 32 available processors)

Solution count 10: 33.002 33.0866 33.1687 ... 34.0093

Optimal solution found (tolerance 5.00e-03)
Best objective 3.300203447806e+01, best bound 3.285283052634e+01, gap 0.4521%
