
Gurobi 9.5.2 (linux64) logging started Mon Aug  3 11:12:58 2026

Set parameter LogFile to value "logs/oracle_RmediumCfewTmedium_9__cs90_gurobi.log"
Gurobi Optimizer version 9.5.2 build v9.5.2rc0 (linux64)
Thread count: 16 physical cores, 32 logical processors, using up to 32 threads
Optimize a model with 5155 rows, 2772 columns and 61906 nonzeros
Model fingerprint: 0xe6e0d645
Variable types: 1757 continuous, 1015 integer (1015 binary)
Coefficient statistics:
  Matrix range     [3e-02, 1e+03]
  Objective range  [1e+00, 1e+00]
  Bounds range     [1e+00, 4e+01]
  RHS range        [7e-03, 5e+02]

User MIP start did not produce a new incumbent solution

Presolve removed 1761 rows and 618 columns
Presolve time: 0.38s
Presolved: 3394 rows, 2154 columns, 52271 nonzeros
Variable types: 1289 continuous, 865 integer (865 binary)
Found heuristic solution: objective 1127.9642731
Root relaxation presolve removed 128 rows and 39 columns
Root relaxation presolved: 3266 rows, 2115 columns, 30717 nonzeros

Extra simplex iterations after uncrush: 2

Root relaxation: objective 6.054785e+01, 2767 iterations, 0.30 seconds (0.30 work units)
Another try with MIP start

    Nodes    |    Current Node    |     Objective Bounds      |     Work
 Expl Unexpl |  Obj  Depth IntInf | Incumbent    BestBd   Gap | It/Node Time

H    0     0                      73.5689621   60.54785  17.7%     -    1s
     0     0   60.54785    0   97   73.56896   60.54785  17.7%     -    1s
     0     0   62.13710    0  156   73.56896   62.13710  15.5%     -    1s
     0     0   62.14762    0  154   73.56896   62.14762  15.5%     -    1s
     0     0   62.14789    0  154   73.56896   62.14789  15.5%     -    1s
     0     0   62.14791    0  155   73.56896   62.14791  15.5%     -    1s
     0     0   62.72891    0  152   73.56896   62.72891  14.7%     -    2s
     0     0   62.79555    0  214   73.56896   62.79555  14.6%     -    2s
     0     0   62.80081    0  189   73.56896   62.80081  14.6%     -    2s
     0     0   62.80089    0  192   73.56896   62.80089  14.6%     -    2s
     0     0   63.00836    0  146   73.56896   63.00836  14.4%     -    2s
     0     0   63.02851    0  143   73.56896   63.02851  14.3%     -    2s
     0     0   63.04103    0  136   73.56896   63.04103  14.3%     -    2s
     0     0   63.04818    0  120   73.56896   63.04818  14.3%     -    2s
     0     0   63.04827    0  118   73.56896   63.04827  14.3%     -    2s
     0     0   63.07575    0  151   73.56896   63.07575  14.3%     -    3s
     0     0   63.08889    0  159   73.56896   63.08889  14.2%     -    3s
     0     0   63.08937    0  166   73.56896   63.08937  14.2%     -    3s
     0     0   63.13334    0  147   73.56896   63.13334  14.2%     -    3s
     0     0   63.15111    0  137   73.56896   63.15111  14.2%     -    3s
     0     0   63.15141    0  129   73.56896   63.15141  14.2%     -    3s
     0     0   63.15876    0  163   73.56896   63.15876  14.2%     -    4s
     0     0   63.16113    0  156   73.56896   63.16113  14.1%     -    4s
     0     0   63.16114    0  156   73.56896   63.16114  14.1%     -    4s
     0     0   63.17149    0  157   73.56896   63.17149  14.1%     -    4s
     0     0   63.17240    0  158   73.56896   63.17240  14.1%     -    4s
     0     0   63.17240    0  162   73.56896   63.17240  14.1%     -    4s
     0     0   63.18319    0  138   73.56896   63.18319  14.1%     -    5s
     0     0   63.18605    0  136   73.56896   63.18605  14.1%     -    5s
     0     0   63.18613    0  146   73.56896   63.18613  14.1%     -    5s
     0     0   63.20599    0  109   73.56896   63.20599  14.1%     -    5s
     0     0   63.21321    0  121   73.56896   63.21321  14.1%     -    5s
     0     0   63.21811    0  124   73.56896   63.21811  14.1%     -    5s
     0     0   63.21873    0  149   73.56896   63.21873  14.1%     -    5s
     0     0   63.21899    0  152   73.56896   63.21899  14.1%     -    5s
     0     0   63.22025    0  153   73.56896   63.22025  14.1%     -    6s
     0     0   63.22147    0  149   73.56896   63.22147  14.1%     -    6s
     0     0   63.22147    0  149   73.56896   63.22147  14.1%     -    6s
     0     0   63.22258    0  144   73.56896   63.22258  14.1%     -    6s
     0     0   63.22279    0  144   73.56896   63.22279  14.1%     -    6s
     0     0   63.22503    0  138   73.56896   63.22503  14.1%     -    7s
     0     0   63.22503    0  131   73.56896   63.22503  14.1%     -    7s
H    0     0                      73.5134355   63.22503  14.0%     -    7s
     0     2   63.22503    0  113   73.51344   63.22503  14.0%     -    7s
H   16    32                      73.3927105   63.24662  13.8%   195    9s
H   17    32                      73.2512401   63.26201  13.6%   198    9s
H   31    46                      72.7525379   63.26455  13.0%   170    9s
H   41    41                      64.9390169   63.26737  2.57%   195    9s
    61    26   63.27017    7  153   64.93902   63.27017  2.57%   171   10s
H   77    36                      63.6568587   63.27246  0.60%   153   10s
H   84    36                      63.6464634   63.31520  0.52%   150   10s
H   87    36                      63.6069815   63.32695  0.44%   147   10s

Cutting planes:
  Learned: 9
  Gomory: 28
  Lift-and-project: 28
  Cover: 38
  Implied bound: 83
  Projected implied bound: 2
  Clique: 1
  MIR: 430
  StrongCG: 1
  Flow cover: 688
  Zero half: 64
  RLT: 41
  Relax-and-lift: 18

Explored 93 nodes (20405 simplex iterations) in 10.35 seconds (6.99 work units)
Thread count was 32 (of 32 available processors)

Solution count 10: 63.607 63.6465 63.6569 ... 1127.96

Optimal solution found (tolerance 5.00e-03)
Best objective 6.360698146461e+01, best bound 6.332695033706e+01, gap 0.4403%
