
Gurobi 9.5.2 (linux64) logging started Wed Aug 12 17:31:39 2026

Set parameter LogFile to value "/mnt/beegfs/users/celinep/ChargeAndBreak/logs/oracle_RlongCfewTnone_16__kw700_gurobi.log"
Gurobi Optimizer version 9.5.2 build v9.5.2rc0 (linux64)
Thread count: 16 physical cores, 32 logical processors, using up to 32 threads
Optimize a model with 9968 rows, 5242 columns and 193091 nonzeros
Model fingerprint: 0x8ba743b5
Variable types: 3307 continuous, 1935 integer (1935 binary)
Coefficient statistics:
  Matrix range     [3e-02, 2e+03]
  Objective range  [5e-01, 1e+00]
  Bounds range     [1e+00, 6e+01]
  RHS range        [1e-01, 2e+07]

User MIP start produced solution with objective 122.54 (0.19s)
Loaded user MIP start with objective 122.54

Presolve removed 3075 rows and 970 columns
Presolve time: 3.87s
Presolved: 6893 rows, 4272 columns, 173753 nonzeros
Variable types: 2554 continuous, 1718 integer (1718 binary)
Root relaxation presolve removed 185 rows and 122 columns
Root relaxation presolved: 6708 rows, 4150 columns, 135648 nonzeros


Root simplex log...

Iteration    Objective       Primal Inf.    Dual Inf.      Time
    3078    5.8892831e+01   6.644170e+04   0.000000e+00      5s
    6750    1.0474522e+02   0.000000e+00   0.000000e+00      7s
    6751    1.0474522e+02   0.000000e+00   0.000000e+00      7s
Extra simplex iterations after uncrush: 1

Root relaxation: objective 1.047452e+02, 6751 iterations, 2.96 seconds (1.89 work units)

    Nodes    |    Current Node    |     Objective Bounds      |     Work
 Expl Unexpl |  Obj  Depth IntInf | Incumbent    BestBd   Gap | It/Node Time

     0     0  104.74522    0  562  122.53958  104.74522  14.5%     -    8s
     0     0  106.98193    0  486  122.53958  106.98193  12.7%     -   14s
H    0     0                     122.2630451  106.98193  12.5%     -   15s
     0     0  107.03854    0  482  122.26305  107.03854  12.5%     -   15s
     0     0  107.04308    0  485  122.26305  107.04308  12.4%     -   15s
     0     0  107.04525    0  491  122.26305  107.04525  12.4%     -   15s
     0     0  107.04525    0  492  122.26305  107.04525  12.4%     -   15s
     0     0  107.57054    0  528  122.26305  107.57054  12.0%     -   18s
     0     0  107.59054    0  527  122.26305  107.59054  12.0%     -   20s
     0     0  107.59110    0  519  122.26305  107.59110  12.0%     -   20s
     0     0  107.59157    0  543  122.26305  107.59157  12.0%     -   20s
     0     0  107.77125    0  602  122.26305  107.77125  11.9%     -   23s
     0     0  107.80170    0  599  122.26305  107.80170  11.8%     -   23s
     0     0  107.80828    0  648  122.26305  107.80828  11.8%     -   24s
     0     0  107.80876    0  623  122.26305  107.80876  11.8%     -   24s
     0     0  108.02272    0  560  122.26305  108.02272  11.6%     -   27s
     0     0  108.09026    0  568  122.26305  108.09026  11.6%     -   28s
     0     0  108.09614    0  549  122.26305  108.09614  11.6%     -   28s
     0     0  108.09820    0  559  122.26305  108.09820  11.6%     -   28s
     0     0  108.09829    0  559  122.26305  108.09829  11.6%     -   29s
     0     0  108.25421    0  474  122.26305  108.25421  11.5%     -   31s
     0     0  108.27001    0  554  122.26305  108.27001  11.4%     -   32s
     0     0  108.27631    0  603  122.26305  108.27631  11.4%     -   32s
     0     0  108.27789    0  629  122.26305  108.27789  11.4%     -   32s
     0     0  108.27797    0  623  122.26305  108.27797  11.4%     -   32s
     0     0  108.58165    0  541  122.26305  108.58165  11.2%     -   38s
     0     0  108.63701    0  624  122.26305  108.63701  11.1%     -   39s
     0     0  108.64578    0  651  122.26305  108.64578  11.1%     -   39s
     0     0  108.64777    0  637  122.26305  108.64777  11.1%     -   39s
     0     0  108.64850    0  654  122.26305  108.64850  11.1%     -   39s
     0     0  108.90552    0  584  122.26305  108.90552  10.9%     -   45s
     0     0  108.95930    0  590  122.26305  108.95930  10.9%     -   46s
     0     0  108.97021    0  596  122.26305  108.97021  10.9%     -   46s
     0     0  108.97242    0  597  122.26305  108.97242  10.9%     -   46s
     0     0  108.97268    0  597  122.26305  108.97268  10.9%     -   46s
     0     0  109.08849    0  545  122.26305  109.08849  10.8%     -   50s
     0     0  109.09659    0  524  122.26305  109.09659  10.8%     -   50s
     0     0  109.09793    0  545  122.26305  109.09793  10.8%     -   50s
     0     0  109.09865    0  557  122.26305  109.09865  10.8%     -   51s
     0     0  109.13181    0  565  122.26305  109.13181  10.7%     -   53s
     0     0  109.14045    0  598  122.26305  109.14045  10.7%     -   54s
     0     0  109.14216    0  598  122.26305  109.14216  10.7%     -   54s
     0     0  109.14232    0  594  122.26305  109.14232  10.7%     -   54s
     0     0  109.19048    0  566  122.26305  109.19048  10.7%     -   58s
     0     0  109.19679    0  558  122.26305  109.19679  10.7%     -   59s
     0     0  109.19956    0  577  122.26305  109.19956  10.7%     -   59s
     0     0  109.19978    0  575  122.26305  109.19978  10.7%     -   59s
     0     0  109.25613    0  572  122.26305  109.25613  10.6%     -   63s
     0     0  109.26507    0  598  122.26305  109.26507  10.6%     -   64s
     0     0  109.26639    0  581  122.26305  109.26639  10.6%     -   64s
     0     0  109.26659    0  579  122.26305  109.26659  10.6%     -   65s
     0     0  109.30507    0  517  122.26305  109.30507  10.6%     -   69s
     0     0  109.32486    0  541  122.26305  109.32486  10.6%     -   70s
     0     0  109.32703    0  585  122.26305  109.32703  10.6%     -   70s
     0     0  109.32814    0  587  122.26305  109.32814  10.6%     -   71s
     0     0  109.37257    0  620  122.26305  109.37257  10.5%     -   75s
     0     0  109.39347    0  606  122.26305  109.39347  10.5%     -   76s
     0     0  109.39430    0  620  122.26305  109.39430  10.5%     -   76s
     0     0  109.42181    0  563  122.26305  109.42181  10.5%     -   80s
     0     0  109.44997    0  605  122.26305  109.44997  10.5%     -   81s
     0     0  109.45185    0  592  122.26305  109.45185  10.5%     -   81s
     0     0  109.45232    0  599  122.26305  109.45232  10.5%     -   81s
     0     0  109.46685    0  610  122.26305  109.46685  10.5%     -   85s
     0     0  109.47629    0  578  122.26305  109.47629  10.5%     -   86s
     0     0  109.47671    0  559  122.26305  109.47671  10.5%     -   86s
     0     0  109.49991    0  558  122.26305  109.49991  10.4%     -   88s
     0     0  109.50319    0  587  122.26305  109.50319  10.4%     -   89s
     0     0  109.50429    0  580  122.26305  109.50429  10.4%     -   89s
     0     0  109.51970    0  575  122.26305  109.51970  10.4%     -   92s
     0     0  109.52081    0  592  122.26305  109.52081  10.4%     -   93s
     0     0  109.55012    0  553  122.26305  109.55012  10.4%     -   97s
     0     0  109.55396    0  583  122.26305  109.55396  10.4%     -   98s
     0     0  109.55558    0  573  122.26305  109.55558  10.4%     -   98s
     0     0  109.55594    0  577  122.26305  109.55594  10.4%     -   99s
     0     0  109.59402    0  553  122.26305  109.59402  10.4%     -  103s
     0     0  109.60275    0  584  122.26305  109.60275  10.4%     -  104s
     0     0  109.60408    0  591  122.26305  109.60408  10.4%     -  105s
     0     0  109.61497    0  580  122.26305  109.61497  10.3%     -  109s
     0     0  109.62289    0  581  122.26305  109.62289  10.3%     -  110s
     0     0  109.62435    0  580  122.26305  109.62435  10.3%     -  111s
     0     0  109.65664    0  549  122.26305  109.65664  10.3%     -  115s
     0     0  109.68071    0  616  122.26305  109.68071  10.3%     -  117s
     0     0  109.68374    0  607  122.26305  109.68374  10.3%     -  117s
     0     0  109.68426    0  626  122.26305  109.68426  10.3%     -  117s
     0     0  109.73840    0  558  122.26305  109.73840  10.2%     -  122s
     0     0  109.75445    0  571  122.26305  109.75445  10.2%     -  123s
     0     0  109.75624    0  549  122.26305  109.75624  10.2%     -  124s
     0     0  109.85260    0  620  122.26305  109.85260  10.2%     -  129s
     0     0  109.87506    0  648  122.26305  109.87506  10.1%     -  131s
     0     0  109.87687    0  648  122.26305  109.87687  10.1%     -  131s
     0     0  110.01570    0  602  122.26305  110.01570  10.0%     -  135s
     0     0  110.04218    0  650  122.26305  110.04218  10.0%     -  136s
     0     0  110.04625    0  655  122.26305  110.04625  10.0%     -  137s
     0     0  110.04778    0  663  122.26305  110.04778  10.0%     -  137s
     0     0  110.11479    0  594  122.26305  110.11479  9.94%     -  141s
     0     0  110.13359    0  615  122.26305  110.13359  9.92%     -  142s
     0     0  110.14425    0  610  122.26305  110.14425  9.91%     -  142s
     0     0  110.14615    0  639  122.26305  110.14615  9.91%     -  143s
     0     0  110.14626    0  648  122.26305  110.14626  9.91%     -  143s
     0     0  110.22215    0  618  122.26305  110.22215  9.85%     -  149s
     0     0  110.24772    0  676  122.26305  110.24772  9.83%     -  150s
     0     0  110.24922    0  664  122.26305  110.24922  9.83%     -  151s
     0     0  110.29188    0  639  122.26305  110.29188  9.79%     -  158s
H    0     0                     122.1893467  110.29188  9.74%     -  159s
     0     0  110.30405    0  688  122.18935  110.30405  9.73%     -  159s
     0     0  110.30579    0  688  122.18935  110.30579  9.73%     -  160s
     0     0  110.35881    0  608  122.18935  110.35881  9.68%     -  167s
     0     0  110.37126    0  628  122.18935  110.37126  9.67%     -  168s
     0     0  110.38138    0  637  122.18935  110.38138  9.66%     -  169s
     0     0  110.38341    0  653  122.18935  110.38341  9.66%     -  169s
     0     0  110.38411    0  654  122.18935  110.38411  9.66%     -  170s
     0     0  110.42076    0  628  122.18935  110.42076  9.63%     -  174s
     0     0  110.43216    0  679  122.18935  110.43216  9.62%     -  175s
     0     0  110.43903    0  680  122.18935  110.43903  9.62%     -  176s
     0     0  110.44050    0  686  122.18935  110.44050  9.62%     -  176s
     0     0  110.47052    0  678  122.18935  110.47052  9.59%     -  182s
     0     0  110.47621    0  695  122.18935  110.47621  9.59%     -  182s
     0     0  110.47702    0  663  122.18935  110.47702  9.59%     -  182s
     0     0  110.48961    0  663  122.18935  110.48961  9.58%     -  187s
     0     0  110.49388    0  672  122.18935  110.49388  9.57%     -  187s
     0     0  110.49459    0  673  122.18935  110.49459  9.57%     -  188s
     0     0  110.51625    0  677  122.18935  110.51625  9.55%     -  193s
     0     0  110.51938    0  714  122.18935  110.51938  9.55%     -  193s
     0     0  110.51988    0  708  122.18935  110.51988  9.55%     -  193s
     0     0  110.54934    0  680  122.18935  110.54934  9.53%     -  198s
     0     0  110.56068    0  683  122.18935  110.56068  9.52%     -  199s
     0     0  110.56487    0  674  122.18935  110.56487  9.51%     -  200s
     0     0  110.56675    0  676  122.18935  110.56675  9.51%     -  200s
     0     0  110.56779    0  669  122.18935  110.56779  9.51%     -  200s
     0     0  110.58181    0  652  122.18935  110.58181  9.50%     -  203s
     0     0  110.58526    0  648  122.18935  110.58526  9.50%     -  204s
     0     0  110.58565    0  666  122.18935  110.58565  9.50%     -  205s
     0     0  110.60093    0  696  122.18935  110.60093  9.48%     -  211s
     0     0  110.60712    0  720  122.18935  110.60712  9.48%     -  212s
     0     0  110.60777    0  706  122.18935  110.60777  9.48%     -  212s
     0     0  110.67569    0  597  122.18935  110.67569  9.42%     -  217s
H    0     0                     122.1727745  110.67569  9.41%     -  218s
     0     0  110.68792    0  651  122.17277  110.68792  9.40%     -  219s
     0     0  110.69013    0  641  122.17277  110.69013  9.40%     -  219s
     0     0  110.69169    0  668  122.17277  110.69169  9.40%     -  219s
     0     0  110.72057    0  683  122.17277  110.72057  9.37%     -  226s
     0     0  110.72869    0  676  122.17277  110.72869  9.37%     -  227s
     0     0  110.73155    0  683  122.17277  110.73155  9.36%     -  228s
     0     0  110.73205    0  684  122.17277  110.73205  9.36%     -  228s
     0     0  110.75711    0  662  122.17277  110.75711  9.34%     -  231s
     0     0  110.76454    0  624  122.17277  110.76454  9.34%     -  232s
     0     0  110.76608    0  624  122.17277  110.76608  9.34%     -  232s
     0     0  110.79401    0  676  122.17277  110.79401  9.31%     -  235s
     0     0  110.80427    0  676  122.17277  110.80427  9.31%     -  236s
     0     0  110.80908    0  641  122.17277  110.80908  9.30%     -  236s
     0     0  110.81006    0  660  122.17277  110.81006  9.30%     -  236s
     0     0  110.82610    0  622  122.17277  110.82610  9.29%     -  242s
     0     0  110.83297    0  688  122.17277  110.83297  9.28%     -  244s
     0     0  110.83746    0  707  122.17277  110.83746  9.28%     -  244s
     0     0  110.83847    0  705  122.17277  110.83847  9.28%     -  245s
     0     0  110.85003    0  673  122.17277  110.85003  9.27%     -  248s
     0     0  110.85491    0  686  122.17277  110.85491  9.26%     -  249s
     0     0  110.85649    0  681  122.17277  110.85649  9.26%     -  249s
     0     0  110.88045    0  639  122.17277  110.88045  9.24%     -  256s
     0     0  110.88701    0  665  122.17277  110.88701  9.24%     -  258s
     0     0  110.88861    0  667  122.17277  110.88861  9.24%     -  258s
     0     0  110.91455    0  625  122.17277  110.91455  9.22%     -  261s
H    0     0                     122.1683900  110.91455  9.21%     -  262s
     0     0  110.93013    0  681  122.16839  110.93013  9.20%     -  263s
     0     0  110.93345    0  698  122.16839  110.93345  9.20%     -  263s
     0     0  110.93411    0  701  122.16839  110.93411  9.20%     -  263s
     0     0  110.99323    0  637  122.16839  110.99323  9.15%     -  266s
     0     0  111.02236    0  642  122.16839  111.02236  9.12%     -  268s
     0     0  111.03450    0  671  122.16839  111.03450  9.11%     -  268s
     0     0  111.03793    0  679  122.16839  111.03793  9.11%     -  268s
     0     0  111.03817    0  679  122.16839  111.03817  9.11%     -  269s
     0     0  111.05386    0  643  122.16839  111.05386  9.10%     -  275s
H    0     0                     122.1683900  111.05386  9.10%     -  275s
     0     0  111.05724    0  652  122.16839  111.05724  9.09%     -  275s
     0     0  111.05813    0  678  122.16839  111.05813  9.09%     -  276s
     0     0  111.06656    0  638  122.16839  111.06656  9.09%     -  280s
     0     0  111.06656    0  533  122.16839  111.06656  9.09%     -  282s
     0     2  111.06656    0  524  122.16839  111.06656  9.09%     -  284s
     1     4  111.06656    1  525  122.16839  111.06656  9.09%   268  285s
     7    16  111.09955    3  650  122.16839  111.07303  9.08%   692  291s
    15    32  111.48158    4  569  122.16839  111.09955  9.06%   862  297s
    31    48  111.21890    5  578  122.16839  111.16366  9.01%   936  302s
H   36    48                     121.9659970  111.21890  8.81%   921  302s
    47    64  111.24772    6  592  121.96600  111.22169  8.81%   941  306s
    63    80  111.26365    7  582  121.96600  111.24773  8.79%   864  317s
    79    96  111.47417    8  592  121.96600  111.26382  8.77%   859  336s
H   80    96                     121.8605085  111.26382  8.70%   848  336s
H   85    96                     121.8333545  111.38193  8.58%   852  336s
    95   112  111.86461    9  600  121.83335  111.38195  8.58%   870  342s
   111   128  115.67474    7  556  121.83335  111.63808  8.37%   963  348s
   127   144  112.17473    6  573  121.83335  111.69734  8.32%  1045  358s
H  129   144                     121.8092348  111.69899  8.30%  1038  358s
H  139   144                     121.8000047  111.74015  8.26%  1069  358s
   143   161  113.88915    9  485  121.80000  111.77664  8.23%  1097  362s
   160   178  115.40524    8  472  121.80000  111.80407  8.21%  1117  367s
   177   194  111.98366   10  561  121.80000  111.83485  8.18%  1097  372s
   193   213  111.88473   12  592  121.80000  111.88438  8.14%  1103  376s
   212   233  111.91907   13  585  121.80000  111.91695  8.11%  1082  380s
H  232   249                     121.7947879  111.91907  8.11%  1040  391s
H  234   249                     121.4061838  111.91987  7.81%  1036  391s
   248   273  112.91342   15  587  121.40618  111.91993  7.81%  1030  395s
   298   340  111.96575   17  577  121.40618  111.96575  7.78%   962  403s
   339   378  112.24548   18  564  121.40618  112.02709  7.73%   904  408s
   377   407  112.20969   24  539  121.40618  112.05749  7.70%   867  412s
   406   450  112.19047   27  544  121.40618  112.05850  7.70%   843  416s
   449   492  112.07845   32  536  121.40618  112.07845  7.68%   807  421s
   495   543  112.27863   33  490  121.40618  112.07860  7.68%   775  426s
H  546   559                     121.3299234  112.10116  7.61%   748  439s
H  548   559                     121.2593401  112.12762  7.53%   746  439s
H  560   559                     121.2593401  112.13289  7.53%   747  440s
   617   665  112.27057   11  504  121.25934  112.14143  7.52%   723  449s
   668   733  112.22288   24  532  121.25934  112.14714  7.51%   708  453s
   736   774  112.15555   11  575  121.25934  112.15555  7.51%   672  458s
   781   856  112.27371   12  602  121.25934  112.16124  7.50%   667  463s
   865   908  112.35529   11  562  121.25934  112.17092  7.50%   633  468s
   917   980  112.23600   29  548  121.25934  112.17696  7.49%   624  472s
   991  1008  112.18983   24  554  121.25934  112.18707  7.48%   602  481s
H  996  1002                     121.1961397  112.18836  7.43%   600  481s
H 1010  1002                     121.1567481  112.18938  7.40%   599  481s
  1021  1103  112.32925   14  506  121.15675  112.18983  7.40%   600  486s
  1122  1221  112.20292   26  579  121.15675  112.20178  7.39%   568  491s
  1242  1322  112.45398   27  559  121.15675  112.20370  7.39%   536  497s
  1363  1438  112.37778   13  607  121.15675  112.21062  7.38%   511  502s
  1495  1581  112.28920   12  503  121.15675  112.21412  7.38%   484  508s
  1656  1771  112.28918   14  516  121.15675  112.21582  7.38%   456  514s
  1872  1997  112.22356   39  560  121.15675  112.22356  7.37%   420  522s
  2119  1998  112.67474   13  533  121.15675  112.22429  7.37%   389  604s
  2121  1999  112.30009   33  555  121.15675  112.22429  7.37%   389  611s
  2122  2000  113.02471   14  464  121.15675  112.22429  7.37%   388  617s
  2124  2001  113.74244   22  555  121.15675  112.22429  7.37%   388  622s
  2125  2002  119.34240   24  558  121.15675  112.22429  7.37%   388  626s
  2127  2003  112.28679   27  541  121.15675  112.22429  7.37%   388  630s
  2130  2005  112.37556   15  556  121.15675  112.22429  7.37%   387  636s
  2133  2007  112.56646   13  597  121.15675  112.22429  7.37%   386  640s
  2136  2009  112.27755   16  572  121.15675  112.22429  7.37%   386  645s
