
Gurobi 9.5.2 (linux64) logging started Wed Jul 29 13:40:28 2026

Set parameter LogFile to value "logs/oracle_RshortCmanyTmedium_9_diesel_gurobi.log"
Gurobi Optimizer version 9.5.2 build v9.5.2rc0 (linux64)
Thread count: 16 physical cores, 32 logical processors, using up to 32 threads
Optimize a model with 2487 rows, 1349 columns and 15661 nonzeros
Model fingerprint: 0xa1e0ee1d
Variable types: 842 continuous, 507 integer (507 binary)
Coefficient statistics:
  Matrix range     [2e-01, 5e+02]
  Objective range  [1e+00, 1e+00]
  Bounds range     [1e+00, 3e+01]
  RHS range        [1e-02, 5e+02]

User MIP start did not produce a new incumbent solution
User MIP start violates constraint c_l_x3788_ by 2.000000000

Presolve removed 952 rows and 364 columns
Presolve time: 0.05s
Presolved: 1535 rows, 985 columns, 9540 nonzeros
Variable types: 596 continuous, 389 integer (387 binary)
Root relaxation presolve removed 24 rows and 24 columns
Root relaxation presolved: 1511 rows, 961 columns, 9492 nonzeros


Root relaxation: objective 3.637582e+01, 1116 iterations, 0.03 seconds (0.04 work units)
Another try with MIP start

    Nodes    |    Current Node    |     Objective Bounds      |     Work
 Expl Unexpl |  Obj  Depth IntInf | Incumbent    BestBd   Gap | It/Node Time

H    0     0                      38.7340057   36.37582  6.09%     -    0s
     0     0   36.37582    0   80   38.73401   36.37582  6.09%     -    0s
     0     0   37.18803    0  114   38.73401   37.18803  3.99%     -    0s
     0     0   37.18803    0  119   38.73401   37.18803  3.99%     -    0s
     0     0   37.18803    0  119   38.73401   37.18803  3.99%     -    0s
     0     0   37.18803    0  121   38.73401   37.18803  3.99%     -    0s
     0     0   37.18803    0  112   38.73401   37.18803  3.99%     -    0s
     0     0   37.18803    0  109   38.73401   37.18803  3.99%     -    0s
     0     0   37.18803    0  112   38.73401   37.18803  3.99%     -    0s
H    0     0                      38.0958612   37.18803  2.38%     -    0s
     0     0   37.18803    0  123   38.09586   37.18803  2.38%     -    0s
     0     0   37.18803    0   95   38.09586   37.18803  2.38%     -    0s
     0     0   37.18803    0  131   38.09586   37.18803  2.38%     -    0s
     0     0   37.18803    0  131   38.09586   37.18803  2.38%     -    0s
     0     0   37.18803    0  130   38.09586   37.18803  2.38%     -    0s
     0     0   37.26689    0   83   38.09586   37.26689  2.18%     -    0s
     0     0   37.28300    0  112   38.09586   37.28300  2.13%     -    0s
     0     0   37.28332    0  112   38.09586   37.28332  2.13%     -    0s
     0     0   37.35696    0   73   38.09586   37.35696  1.94%     -    1s
     0     0   37.35696    0   68   38.09586   37.35696  1.94%     -    1s
     0     0   37.35696    0  111   38.09586   37.35696  1.94%     -    1s
     0     0   37.38721    0   71   38.09586   37.38721  1.86%     -    1s
     0     0   37.39076    0   94   38.09586   37.39076  1.85%     -    1s
     0     0   37.39156    0   97   38.09586   37.39156  1.85%     -    1s
     0     0   37.39156    0   97   38.09586   37.39156  1.85%     -    1s
     0     0   37.43092    0   60   38.09586   37.43092  1.75%     -    1s
     0     0   37.43397    0   62   38.09586   37.43397  1.74%     -    1s
H    0     0                      38.0105678   37.43397  1.52%     -    1s
     0     0   37.43415    0   63   38.01057   37.43415  1.52%     -    1s
H    0     0                      38.0049934   37.43415  1.50%     -    1s
     0     0   37.45598    0   61   38.00499   37.45598  1.44%     -    1s
     0     0   37.45728    0   63   38.00499   37.45728  1.44%     -    1s
     0     0   37.45798    0   62   38.00499   37.45798  1.44%     -    1s
     0     0   37.45798    0   61   38.00499   37.45798  1.44%     -    1s
     0     0   37.52268    0   76   38.00499   37.52268  1.27%     -    1s
     0     0   37.53156    0   79   38.00499   37.53156  1.25%     -    1s
     0     0   37.53508    0   83   38.00499   37.53508  1.24%     -    1s
     0     0   37.53621    0   84   38.00499   37.53621  1.23%     -    1s
     0     0   37.53626    0   84   38.00499   37.53626  1.23%     -    1s
H    0     0                      38.0045659   37.53626  1.23%     -    1s
     0     0   37.54700    0   77   38.00457   37.54700  1.20%     -    1s
     0     0   37.54805    0   80   38.00457   37.54805  1.20%     -    1s
     0     0   37.54839    0   91   38.00457   37.54839  1.20%     -    1s
     0     0   37.57984    0   82   38.00457   37.57984  1.12%     -    1s
     0     0   37.58324    0  107   38.00457   37.58324  1.11%     -    1s
     0     0   37.58330    0  113   38.00457   37.58330  1.11%     -    1s
     0     0   37.59048    0   77   38.00457   37.59048  1.09%     -    1s
     0     0   37.59246    0   81   38.00457   37.59246  1.08%     -    1s
     0     0   37.59248    0   78   38.00457   37.59248  1.08%     -    1s
H    0     0                      37.9940161   37.59248  1.06%     -    1s
     0     0   37.59575    0   84   37.99402   37.59575  1.05%     -    1s
     0     0   37.59613    0   83   37.99402   37.59613  1.05%     -    1s
     0     0   37.60206    0   63   37.99402   37.60206  1.03%     -    1s
H    0     0                      37.9540381   37.60206  0.93%     -    1s
     0     0   37.60415    0   66   37.95404   37.60415  0.92%     -    1s
     0     0   37.60472    0   65   37.95404   37.60472  0.92%     -    1s
     0     0   37.60473    0   77   37.95404   37.60473  0.92%     -    1s
     0     0   37.60635    0   81   37.95404   37.60635  0.92%     -    1s
     0     0   37.60635    0   79   37.95404   37.60635  0.92%     -    2s
     0     0   37.61989    0   24   37.95404   37.61989  0.88%     -    2s
     0     0   37.61989    0   54   37.95404   37.61989  0.88%     -    2s
     0     0   37.61989    0   59   37.95404   37.61989  0.88%     -    2s
H    0     0                      37.9501689   37.61989  0.87%     -    2s
     0     0   37.61989    0   39   37.95017   37.61989  0.87%     -    2s
     0     0   37.61989    0   29   37.95017   37.61989  0.87%     -    2s
H    0     0                      37.9422909   37.61989  0.85%     -    2s
     0     2   37.61989    0   27   37.94229   37.61989  0.85%     -    2s
H   40    39                      37.7890708   37.66771  0.32%   126    2s
H   41    39                      37.7247866   37.66777  0.15%   124    2s

Cutting planes:
  Learned: 2
  Gomory: 16
  Lift-and-project: 2
  Cover: 12
  Implied bound: 37
  Projected implied bound: 1
  Clique: 1
  MIR: 159
  StrongCG: 1
  Flow cover: 289
  GUB cover: 1
  RLT: 21
  Relax-and-lift: 19

Explored 56 nodes (13603 simplex iterations) in 2.57 seconds (1.76 work units)
Thread count was 32 (of 32 available processors)

Solution count 10: 37.7248 37.7891 37.9423 ... 38.0959

Optimal solution found (tolerance 5.00e-03)
Best objective 3.772478660037e+01, best bound 3.766777178432e+01, gap 0.1511%
