
Gurobi 9.5.2 (linux64) logging started Wed Jul 29 02:22:10 2026

Set parameter LogFile to value "logs/oracle_RmediumCmanyTnone_23_gurobi.log"
Gurobi Optimizer version 9.5.2 build v9.5.2rc0 (linux64)
Thread count: 16 physical cores, 32 logical processors, using up to 32 threads
Optimize a model with 6150 rows, 3544 columns and 21297 nonzeros
Model fingerprint: 0x76641e9e
Variable types: 2212 continuous, 1332 integer (1332 binary)
Coefficient statistics:
  Matrix range     [2e-02, 1e+03]
  Objective range  [1e+00, 1e+00]
  Bounds range     [1e+00, 1e+00]
  RHS range        [3e-02, 2e+07]
Presolve removed 1899 rows and 667 columns
Presolve time: 0.39s
Presolved: 4251 rows, 2877 columns, 17631 nonzeros
Variable types: 1711 continuous, 1166 integer (1166 binary)

Root relaxation: objective 6.871763e+01, 3364 iterations, 0.89 seconds (0.15 work units)

    Nodes    |    Current Node    |     Objective Bounds      |     Work
 Expl Unexpl |  Obj  Depth IntInf | Incumbent    BestBd   Gap | It/Node Time

     0     0   68.84484    0  316          -   68.84484      -     -    2s
     0     0   70.11818    0  398          -   70.11818      -     -    3s
     0     0   70.17414    0  400          -   70.17414      -     -    3s
     0     0   70.17487    0  406          -   70.17487      -     -    3s
     0     0   70.17488    0  405          -   70.17488      -     -    3s
     0     0   71.58571    0  407          -   71.58571      -     -    4s
     0     0   71.71242    0  384          -   71.71242      -     -    5s
     0     0   71.71906    0  400          -   71.71906      -     -    5s
     0     0   71.72027    0  390          -   71.72027      -     -    5s
     0     0   71.72108    0  386          -   71.72108      -     -    5s
     0     0   71.72108    0  387          -   71.72108      -     -    5s
     0     0   72.64017    0  360          -   72.64017      -     -    7s
     0     0   72.74213    0  308          -   72.74213      -     -    8s
     0     0   72.77747    0  295          -   72.77747      -     -    8s
     0     0   72.78504    0  308          -   72.78504      -     -    8s
     0     0   72.78685    0  324          -   72.78685      -     -    8s
     0     0   72.78692    0  327          -   72.78692      -     -    8s
     0     0   73.46410    0  338          -   73.46410      -     -   10s
     0     0   73.56819    0  391          -   73.56819      -     -   11s
     0     0   73.58975    0  330          -   73.58975      -     -   11s
     0     0   73.60463    0  343          -   73.60463      -     -   11s
     0     0   73.60546    0  345          -   73.60546      -     -   11s
     0     0   73.83636    0  374          -   73.83636      -     -   12s
     0     0   73.86858    0  373          -   73.86858      -     -   12s
     0     0   73.88031    0  346          -   73.88031      -     -   12s
     0     0   73.88128    0  357          -   73.88128      -     -   12s
     0     0   73.98216    0  340          -   73.98216      -     -   13s
     0     0   73.99293    0  337          -   73.99293      -     -   13s
     0     0   73.99436    0  332          -   73.99436      -     -   14s
     0     0   73.99631    0  329          -   73.99631      -     -   14s
     0     0   73.99641    0  329          -   73.99641      -     -   14s
     0     0   74.01813    0  383          -   74.01813      -     -   14s
     0     0   74.02326    0  363          -   74.02326      -     -   15s
     0     0   74.02397    0  360          -   74.02397      -     -   15s
     0     0   74.03228    0  341          -   74.03228      -     -   16s
     0     0   74.03231    0  332          -   74.03231      -     -   16s
     0     0   74.06155    0  384          -   74.06155      -     -   17s
     0     0   74.06493    0  384          -   74.06493      -     -   17s
     0     0   74.06508    0  378          -   74.06508      -     -   17s
     0     0   74.10205    0  380          -   74.10205      -     -   18s
     0     0   74.10768    0  360          -   74.10768      -     -   18s
     0     0   74.10813    0  387          -   74.10813      -     -   18s
     0     0   74.11536    0  391          -   74.11536      -     -   19s
     0     0   74.12170    0  400          -   74.12170      -     -   20s
     0     0   74.12375    0  403          -   74.12375      -     -   20s
     0     0   74.13292    0  379          -   74.13292      -     -   20s
     0     0   74.13392    0  379          -   74.13392      -     -   21s
     0     0   74.13497    0  395          -   74.13497      -     -   21s
     0     0   74.13510    0  397          -   74.13510      -     -   21s
     0     0   74.13589    0  399          -   74.13589      -     -   22s
     0     0   74.13589    0  325          -   74.13589      -     -   24s
H    0     0                     135.6335788   74.13589  45.3%     -   40s
     0     2   74.13589    0  307  135.63358   74.13589  45.3%     -   41s
H   79    96                     115.4827679   74.19225  35.8%   128   44s
    95   128   74.45378    8  308  115.48277   74.19225  35.8%   118   45s
H  127   144                     103.0621278   74.19225  28.0%   101   49s
H  134   144                      87.8233034   74.19225  15.5%  97.5   49s
H  175   189                      86.7284730   74.19225  14.5%  86.1   56s
H  176   189                      86.6505664   74.19225  14.4%  86.4   56s
H  182   189                      86.1596850   74.19225  13.9%  85.8   56s
H  237   244                      85.5048429   74.19225  13.2%  78.1   67s
H  244   244                      85.4481527   74.19225  13.2%  77.1   67s
H  245   244                      85.1316493   74.19225  12.8%  76.8   67s
H  251   244                      85.0782428   74.19225  12.8%  75.6   67s
H  310   316                      85.0581445   74.19225  12.8%  70.7   67s
H  313   316                      85.0301683   74.19225  12.7%  71.0   67s
H  407   380                      84.9548059   74.19225  12.7%  62.2   70s
H  409   380                      84.9405239   74.19225  12.7%  62.0   70s
H  411   380                      84.9096606   74.19225  12.6%  62.1   70s
H  514   447                      84.8628526   74.19225  12.6%  54.1   73s
H  594   513                      84.8029703   74.19225  12.5%  51.5   76s
H  704   608                      84.7758490   74.19225  12.5%  49.2   78s
   936   789   77.03063   61  343   84.77585   74.19225  12.5%  44.1   80s
  1403  1152 infeasible   62        84.77585   74.19318  12.5%  39.7   97s
  1664  1373   77.45750   15  314   84.77585   74.19318  12.5%  44.0  100s
  2142  1628   77.03049   59  325   84.77585   74.19318  12.5%  44.3  109s
  2144  1629   84.44483  103  408   84.77585   74.19318  12.5%  44.3  115s
  2145  1630   76.44142   76  244   84.77585   74.19318  12.5%  44.3  120s
  2154  1636   84.11755   33  200   84.77585   75.77226  10.6%  44.1  125s
  2160  1640   82.68934   51  265   84.77585   77.19374  8.94%  44.0  130s
  2164  1643   78.23719   40  174   84.77585   77.80539  8.22%  43.9  135s
  2175  1650   83.35397   28  168   84.77585   78.03592  7.95%  43.7  142s
  2181  1654   84.51436  103  136   84.77585   78.08100  7.90%  43.6  147s
  2185  1657   78.09666    7  151   84.77585   78.09666  7.88%  43.5  151s
  2188  1659   82.44235   14  178   84.77585   78.10214  7.87%  43.4  155s
  2195  1663   78.14712   46  188   84.77585   78.14712  7.82%  43.3  160s
  2200  1667   78.15938   75  226   84.77585   78.15938  7.80%  43.2  168s
  2204  1669   78.16541   24  273   84.77585   78.16541  7.80%  43.1  171s
H 2206  1586                      84.7758490   78.16665  7.80%  43.1  173s
  2209  1588   84.08255   34  298   84.77585   78.17018  7.79%  43.0  175s
  2214  1591   78.18723   82  247   84.77585   78.18723  7.77%  42.9  181s
  2218  1594   83.54465   34  209   84.77585   78.18813  7.77%  42.8  186s
  2222  1596   82.03828   12  249   84.77585   78.19634  7.76%  42.7  190s
  2225  1598   78.19682   88  244   84.77585   78.19682  7.76%  42.7  196s
  2229  1601   83.88911   31  225   84.77585   78.19682  7.76%  42.6  201s
  2234  1605   84.55857   32  409   84.77585   78.19682  7.76%  61.7  210s
  2237  1607   78.19682   86  197   84.77585   78.19682  7.76%  61.7  215s
  2245  1613   78.23029   76  226   84.77585   78.23029  7.72%  61.4  222s
  2247  1614   83.83407   43  241   84.77585   78.26014  7.69%  61.4  225s
  2252  1617   78.27341   60  245   84.77585   78.27341  7.67%  61.2  230s
  2256  1620   78.27811   59  231   84.77585   78.27811  7.66%  61.1  235s
  2261  1623   83.58972   59  249   84.77585   78.28169  7.66%  61.0  240s
  2263  1625   83.35397   28  236   84.77585   78.28210  7.66%  60.9  246s
  2264  1625   78.28212   40  283   84.77585   78.28212  7.66%  60.9  250s
  2269  1629   78.28483    5  184   84.77585   78.28483  7.66%  60.8  255s
  2272  1631   83.79735   39  221   84.77585   78.29087  7.65%  60.7  260s
  2276  1633   78.29400   45  248   84.77585   78.29400  7.65%  60.6  267s
  2279  1635   78.29576   21  243   84.77585   78.29576  7.64%  60.5  271s
  2281  1637   84.51436  103  234   84.77585   78.29751  7.64%  60.5  275s
  2283  1638   83.41500   67  178   84.77585   78.29921  7.64%  60.4  280s
  2286  1643   78.39157   26  193   84.77585   78.39157  7.53%  72.8  294s
  2288  1646   78.44001   27  191   84.77585   78.41653  7.50%  72.8  301s
  2300  1663   79.17655   29  193   84.77585   78.47243  7.44%  73.2  306s
  2345  1694   79.19474   31  204   84.77585   78.49248  7.41%  73.7  310s
H 2377  1627                      84.7030939   78.50962  7.31%  74.9  326s
H 2378  1547                      84.4684724   78.50962  7.05%  74.8  326s
H 2387  1469                      84.2629971   78.51649  6.82%  74.8  326s
H 2441  1436                      84.1942868   78.52612  6.73%  74.2  359s
H 2451  1366                      84.1942868   78.52620  6.73%  74.0  359s
  2473  1390   79.25742   33  250   84.19429   78.52620  6.73%  73.7  379s
  2568  1479   79.32013   35  159   84.19429   78.52834  6.73%  72.8  381s
  3202  1850   79.36544   44   96   84.19429   78.58147  6.67%  68.4  385s
  3720  2004   79.61152   48  148   84.19429   78.58147  6.67%  65.0  391s
  4156  2172   79.54504   52  134   84.19429   78.58147  6.67%  62.2  400s
H 4175  2101                      84.1942868   78.58147  6.67%  62.1  400s
  5242  2489   79.72694   63   23   84.19429   78.58147  6.67%  57.8  405s
  7620  4055   79.71068   88   65   84.19429   78.58147  6.67%  52.4  410s
  8273  4346     cutoff   97        84.19429   78.58147  6.67%  51.5  421s
  9070  5218     cutoff  112        84.19429   78.58147  6.67%  50.3  425s
 11456  7275   80.67039  162   33   84.19429   78.58147  6.67%  46.0  430s
 13854  8741   80.87319   54   95   84.19429   78.63523  6.60%  44.5  435s
 15301  9893   82.33134   82   84   84.19429   78.72307  6.50%  44.3  441s
 17519 11123   80.97699   62   61   84.19429   78.73018  6.49%  42.6  462s
H17545 11123                      84.1942868   78.73018  6.49%  42.7  462s
 18045 11866   81.34916   82   18   84.19429   78.76422  6.45%  42.6  467s
 18545 12087   79.65907   49  133   84.19429   78.76422  6.45%  42.5  473s
H18646 12087                      84.1942865   78.76422  6.45%  42.7  473s
 18839 12231     cutoff   51        84.19429   78.76422  6.45%  42.7  476s
 19590 13019   78.77627   57  238   84.19429   78.77627  6.44%  42.9  482s
 20202 13225   79.67043   59   91   84.19429   78.77627  6.44%  43.0  489s
 20637 13672   83.18650   58  188   84.19429   78.77754  6.43%  43.1  492s
 21475 14071   79.09385   62  125   84.19429   78.77790  6.43%  43.3  496s
 22923 14979   79.31778   66  116   84.19429   78.77790  6.43%  44.3  501s
 24554 16182   83.81811   69  142   84.19429   78.77790  6.43%  44.5  511s
 27366 18050     cutoff   78        84.19429   78.77790  6.43%  43.7  518s
 28151 19578     cutoff   78        84.19429   78.77790  6.43%  43.9  521s
 29999 21112   83.53603   79  184   84.19429   78.81579  6.39%  43.4  527s
 32034 22169   79.06737   67  133   84.19429   78.87932  6.31%  43.1  531s
 35801 25679   80.80207  105  110   84.19429   78.89821  6.29%  41.5  538s
 37950 27174   79.76749   92  102   84.19429   78.90747  6.28%  40.8  541s
 39742 28333   81.06941  172   87   84.19429   78.91142  6.27%  40.5  545s
 42078 29468   79.52519   69  106   84.19429   78.91142  6.27%  40.7  553s
 42956 30912   82.11647   81   85   84.19429   78.91142  6.27%  40.9  556s
 46040 32257     cutoff   56        84.19429   78.94268  6.24%  41.1  563s
 47917 33012   79.13996   45  252   84.19429   78.94268  6.24%  41.3  566s
 49050 33503   79.20124   55  267   84.19429   78.94268  6.24%  41.5  570s
 49873 35087   79.25285   57  223   84.19429   78.94268  6.24%  41.5  575s
 52273 35647   79.36443   77  234   84.19429   78.94268  6.24%  41.6  582s
 53111 36816   79.77077   94  150   84.19429   78.94268  6.24%  42.0  587s
 55169 37594   83.38428  128   77   84.19429   78.97240  6.20%  42.5  595s
 56501 39494   80.48211   69   76   84.19429   78.99590  6.17%  42.9  600s
 59196 39495   79.91322   74  325   84.19429   78.99590  6.17%  43.1  730s
 59198 39496   82.54187   95  147   84.19429   78.99590  6.17%  43.1  736s
 59199 39497   81.00902   72  225   84.19429   78.99590  6.17%  43.1  742s
 59203 39500   82.61124  146  180   84.19429   78.99590  6.17%  43.1  745s
 59209 39504   79.49675   69  209   84.19429   78.99590  6.17%  43.1  753s
 59213 39506   79.48484  146  224   84.19429   78.99590  6.17%  43.1  757s
 59214 39507   79.39691   63  196   84.19429   78.99590  6.17%  43.1  764s
 59215 39508   83.06725  113  275   84.19429   78.99590  6.17%  43.1  765s
 59219 39510   79.14446   65  250   84.19429   78.99590  6.17%  43.1  776s
 59225 39514   79.91801   79  197   84.19429   78.99590  6.17%  43.1  786s
 59230 39518   82.86974  132  340   84.19429   78.99590  6.17%  43.1  791s
 59231 39518   80.86302   88  222   84.19429   78.99590  6.17%  43.1  795s
 59234 39520   80.23876   57  263   84.19429   78.99590  6.17%  43.1  805s
 59236 39522   80.52336   88  273   84.19429   78.99590  6.17%  43.1  812s
 59238 39523   82.17409   95  242   84.19429   78.99590  6.17%  43.1  818s
 59241 39525   82.07367   93  294   84.19429   78.99590  6.17%  43.1  821s
 59242 39526   82.83932  112  258   84.19429   78.99590  6.17%  43.1  826s
 59245 39528   80.93837   47  279   84.19429   78.99590  6.17%  43.1  833s
 59246 39528   82.89393   59  273   84.19429   78.99590  6.17%  43.1  836s
 59247 39529   82.98076  108  281   84.19429   78.99590  6.17%  43.1  840s
 59249 39530   80.15594  101  272   84.19429   78.99590  6.17%  43.1  852s
 59250 39531   82.62494  155  389   84.19429   78.99590  6.17%  43.1  855s
 59252 39532   79.73061  115  255   84.19429   78.99590  6.17%  43.1  860s
 59255 39534   83.75824  120  292   84.19429   78.99590  6.17%  43.1  868s
 59256 39535   80.70664  155  262   84.19429   78.99590  6.17%  43.1  877s
 59258 39536   80.78574   94  287   84.19429   78.99590  6.17%  43.1  885s
 59259 39537   81.34852   49  283   84.19429   78.99590  6.17%  43.1  895s
 59265 39541   80.15430   86  280   84.19429   78.99590  6.17%  43.1  900s
 59266 39542   79.07741   51  252   84.19429   78.99590  6.17%  43.1  909s
 59267 39542   79.74512   85  260   84.19429   78.99590  6.17%  43.1  913s
 59268 39543   81.00542  100  248   84.19429   78.99590  6.17%  43.1  926s
 59269 39544   80.31784   85  257   84.19429   78.99590  6.17%  43.1  932s
 59270 39544   80.18268   53  236   84.19429   78.99590  6.17%  43.1  941s
 59271 39545   79.75994   92  246   84.19429   78.99590  6.17%  43.1  948s
 59272 39546   79.74417   87  237   84.19429   78.99590  6.17%  43.1  954s
 59273 39546   79.69749   80  280   84.19429   78.99590  6.17%  43.1  958s
 59274 39547   82.37304  169  251   84.19429   78.99590  6.17%  43.1  965s
 59276 39548   80.84285   84  240   84.19429   78.99590  6.17%  43.1  983s
 59277 39549   82.94056  180  267   84.19429   78.99590  6.17%  43.1  986s
 59278 39550   79.98624   91  271   84.19429   78.99590  6.17%  43.1  992s
 59279 39550   80.59482  102  272   84.19429   78.99590  6.17%  43.0  996s
 59280 39551   80.99976  147  276   84.19429   78.99590  6.17%  43.0 1005s
 59281 39552   79.91262  107  290   84.19429   78.99590  6.17%  43.0 1010s
 59282 39552   81.16460   89  280   84.19429   78.99590  6.17%  43.0 1017s
 59283 39553   80.24212  127  302   84.19429   78.99590  6.17%  43.0 1023s
 59284 39554   80.63622  121  289   84.19429   78.99590  6.17%  43.0 1033s
 59285 39554   80.52422   95  289   84.19429   78.99590  6.17%  43.0 1041s
 59286 39555   81.59758  148  271   84.19429   78.99590  6.17%  43.0 1047s
 59287 39556   80.84107   72  277   84.19429   78.99590  6.17%  43.0 1052s
 59288 39556   80.54965  127  279   84.19429   78.99590  6.17%  43.0 1062s
 59291 39558   81.48584  169  292   84.19429   78.99590  6.17%  43.0 1069s
 59292 39559   81.89939   87  244   84.19429   78.99590  6.17%  43.0 1080s
 59293 39560   79.46129   87  276   84.19429   78.99590  6.17%  43.0 1091s
 59294 39560   82.90117   79  280   84.19429   78.99590  6.17%  43.0 1099s
 59295 39561   81.48551  103  302   84.19429   78.99590  6.17%  43.0 1105s
 59296 39562   79.91322   74  260   84.19429   78.99590  6.17%  43.0 1111s
 59297 39562   83.24715   63  264   84.19429   78.99590  6.17%  43.0 1117s
 59298 39563   82.54187   95  244   84.19429   78.99590  6.17%  43.0 1124s
 59299 39564   81.00902   72  261   84.19429   78.99590  6.17%  43.0 1130s
 59300 39564   80.84741   87  238   84.19429   78.99590  6.17%  43.0 1139s
 59301 39565   82.60101   67  268   84.19429   78.99590  6.17%  43.0 1143s
 59302 39566   82.81661   54  263   84.19429   78.99590  6.17%  43.0 1154s
 59303 39566   82.61124  146  301   84.19429   78.99590  6.17%  43.0 1156s
 59304 39567   84.04897   70  306   84.19429   78.99590  6.17%  43.0 1162s
 59305 39568   81.61566  190  291   84.19429   78.99590  6.17%  43.0 1170s
 59307 39569   82.12447   88  273   84.19429   78.99590  6.17%  43.0 1183s
 59308 39570   81.59334  155  279   84.19429   78.99590  6.17%  43.0 1188s
 59309 39570   79.49675   69  255   84.19429   78.99590  6.17%  43.0 1196s
 59310 39571   81.75024  154  263   84.19429   78.99590  6.17%  43.0 1201s
 59311 39572   82.41256  160  257   84.19429   78.99590  6.17%  43.0 1209s
 59312 39572   82.03489  133  275   84.19429   78.99590  6.17%  43.0 1217s
 59313 39573   79.48484  146  279   84.19429   78.99590  6.17%  43.0 1223s
 59314 39574   79.39691   63  273   84.19429   78.99590  6.17%  43.0 1229s
 59315 39574   83.06725  113  238   84.19429   78.99590  6.17%  43.0 1235s
 59317 39576   82.34545  104  314   84.19429   78.99590  6.17%  43.0 1241s
 59318 39576   79.58158   92  267   84.19429   78.99590  6.17%  43.0 1248s
 59319 39577   79.14446   65  281   84.19429   78.99590  6.17%  43.0 1251s
 59320 39578   81.06892   57  241   84.19429   78.99590  6.17%  43.0 1255s
 59322 39579   81.00457   62  271   84.19429   78.99590  6.17%  43.0 1265s
 59324 39580   82.74128   77  273   84.19429   78.99590  6.17%  43.0 1274s
 59325 39581   79.91801   79  262   84.19429   78.99590  6.17%  43.0 1275s
 59327 39582   82.65416   71  286   84.19429   78.99590  6.17%  43.0 1280s
 59328 39583   79.46789   99  262   84.19429   78.99590  6.17%  43.0 1285s
 59330 39584   82.86974  132  257   84.19429   78.99590  6.17%  43.0 1295s
 59332 39586   81.99600  104  309   84.19429   78.99590  6.17%  43.0 1304s
 59333 39586   82.98331   95  335   84.19429   78.99590  6.17%  43.0 1307s
 59334 39587   80.23876   57  308   84.19429   78.99590  6.17%  43.0 1311s
 59338 39590   82.17409   95  271   84.19429   78.99590  6.17%  43.0 1318s
 59339 39590   80.49672   51  292   84.19429   78.99590  6.17%  43.0 1320s
 59341 39592   82.07367   93  282   84.19429   78.99590  6.17%  43.0 1325s
 59344 39594   80.89571  104  248   84.19429   78.99590  6.17%  43.0 1331s
 59346 39595   82.89393   59  239   84.19429   78.99590  6.17%  43.0 1338s
 59347 39596   82.98076  108  304   84.19429   78.99590  6.17%  43.0 1344s
 59348 39596   83.33291   69  224   84.19429   78.99590  6.17%  43.0 1350s
 59351 39598   80.38793   86  244   84.19429   78.99590  6.17%  43.0 1360s
 59356 39602   80.70664  155  256   84.19429   78.99590  6.17%  43.0 1368s
 59357 39602   81.45204  170  282   84.19429   78.99590  6.17%  43.0 1372s
 59358 39603   80.78574   94  232   84.19429   78.99590  6.17%  43.0 1378s
 59359 39604   81.34852   49  282   84.19429   78.99590  6.17%  43.0 1381s
 59360 39604   79.14629   55  256   84.19429   78.99590  6.17%  43.0 1386s
 59361 39605   79.03297   41  259   84.19429   78.99590  6.17%  43.0 1390s
 59362 39606   81.14025   88  263   84.19429   78.99590  6.17%  43.0 1395s
 59364 39607   82.15159  130  243   84.19429   78.99590  6.17%  43.0 1404s
 59365 39609   78.99590   37  233   84.19429   78.99590  6.17%  44.1 1422s
 59367 39609   78.99590   38  265   84.19429   78.99590  6.17%  44.1 1433s
 59369 39610   78.99590   39  262   84.19429   78.99590  6.17%  44.1 1443s
 59372 39612   78.99590   40  274   84.19429   78.99590  6.17%  44.1 1456s
 59377 39617   78.99590   41  246   84.19429   78.99590  6.17%  44.2 1473s
 59385 39619   78.99590   42  326   84.19429   78.99590  6.17%  44.2 1484s
 59399 39619   78.99590   43  341   84.19429   78.99590  6.17%  44.3 1490s
 59418 39627   78.99590   44  383   84.19429   78.99590  6.17%  44.4 1497s
 59442 39626   78.99590   45  379   84.19429   78.99590  6.17%  44.4 1505s
 59506 39625   78.99590   47  320   84.19429   78.99590  6.17%  44.6 1511s
H59516 37637                      84.1942865   78.99590  6.17%  44.6 1511s
 59576 37663   78.99590   48  309   84.19429   78.99590  6.17%  44.7 1524s
 59610 37690   78.99590   49  263   84.19429   78.99590  6.17%  44.8 1526s
 59725 37759   79.49913   50  250   84.19429   78.99590  6.17%  45.0 1530s
 59892 37837   78.99590   52  319   84.19429   78.99590  6.17%  45.2 1535s
 59996 37827   78.99590   53  314   84.19429   78.99590  6.17%  45.2 1547s
H60092 35982                      84.1942862   78.99590  6.17%  45.3 1548s
 60250 36017   78.99590   55  298   84.19429   78.99590  6.17%  45.4 1564s
 60283 36096   84.02184   55  266   84.19429   78.99590  6.17%  45.4 1566s
 60597 36150   78.99590   57  297   84.19429   78.99590  6.17%  45.5 1576s
 61072 36329   78.99590   60  325   84.19429   78.99590  6.17%  45.8 1581s
 61696 36459   79.00256   65  312   84.19429   78.99590  6.17%  46.0 1586s
 62165 36585   79.02835   67  265   84.19429   78.99590  6.17%  46.1 1594s
 62423 36718   79.02977   68  276   84.19429   78.99590  6.17%  46.1 1595s
 63389 37081   79.10817   71  219   84.19429   78.99590  6.17%  46.1 1605s
 63788 36966     cutoff   72        84.19429   78.99590  6.17%  46.1 1613s
 64196 37329   79.11830   75  256   84.19429   78.99590  6.17%  46.2 1618s
 64509 37313   79.11940   78  250   84.19429   78.99590  6.17%  46.2 1623s
 64619 37495   80.67396   78  229   84.19429   78.99590  6.17%  46.2 1625s
 64887 37682   80.09960   79  211   84.19429   78.99590  6.17%  46.3 1634s
 65274 37578   79.14804   80  272   84.19429   78.99590  6.17%  46.4 1653s
 65312 37986   79.22717   80  254   84.19429   78.99590  6.17%  46.4 1660s
 65843 37826   79.14804   82  277   84.19429   78.99590  6.17%  46.4 1668s
 65889 38144   80.10308   82  235   84.19429   78.99590  6.17%  46.4 1670s
 66896 38505   79.32150   85  334   84.19429   78.99590  6.17%  46.7 1675s
 67330 38595   79.38050   87  312   84.19429   78.99590  6.17%  46.9 1681s
 67807 38647   79.54451   88  310   84.19429   78.99590  6.17%  47.1 1685s
 68690 38820   82.28202   90  180   84.19429   78.99590  6.17%  47.6 1695s
 69117 38928     cutoff   91        84.19429   78.99590  6.17%  47.9 1700s
 69547 39031   80.43696   95  232   84.19429   78.99590  6.17%  48.2 1705s
 69983 38931   84.06112   97  254   84.19429   78.99590  6.17%  48.5 1712s
 70136 39158   80.58750   98  237   84.19429   78.99590  6.17%  48.6 1715s
 70524 39212   80.75186  100  230   84.19429   78.99590  6.17%  48.8 1728s
 70966 39219     cutoff  103        84.19429   78.99590  6.17%  49.1 1742s
 71340 39073     cutoff  109        84.19429   78.99590  6.17%  49.5 1755s
 71423 39271     cutoff  110        84.19429   78.99590  6.17%  49.6 1760s
 71957 39328     cutoff  115        84.19429   78.99590  6.17%  50.0 1765s
 72488 39299   82.04788  121  218   84.19429   78.99590  6.17%  50.4 1770s
 72890 39486     cutoff  125        84.19429   78.99590  6.17%  50.8 1775s
 74334 39713   82.38076   99  171   84.19429   79.27218  5.85%  51.7 1784s
 75051 39956   79.43338   89   55   84.19429   79.27218  5.85%  52.0 1788s
 75953 40237     cutoff  134        84.19429   79.29096  5.82%  52.3 1796s
 76890 40309   79.80101   91  146   84.19429   79.32871  5.78%  52.5 1805s
 77658 40399   81.03578  115  187   84.19429   79.32871  5.78%  52.9 1812s
 78494 40337   81.69233  137  231   84.19429   79.32871  5.78%  53.4 1822s
 79042 40596   82.52254  153  148   84.19429   79.36821  5.73%  53.6 1830s
 79929 40582     cutoff  138        84.19429   79.42118  5.67%  54.0 1835s
 80935 40507   80.19258   79  160   84.19429   79.44293  5.64%  54.3 1844s
 81993 39323     cutoff  106        84.19429   79.46797  5.61%  54.7 1857s
 82867 38291   81.65665   78  159   84.19429   79.49391  5.58%  55.0 1863s
 84189 37386   79.86620   81  311   84.19429   79.54685  5.52%  55.6 1876s
 85276 37005   80.39608   96  263   84.19429   79.54685  5.52%  56.2 1885s
 86276 36539   82.61414  115  168   84.19429   79.59450  5.46%  56.8 1900s
 87330 36179     cutoff  147        84.19429   79.68011  5.36%  57.6 1911s
 88339 35793   80.55659   55  191   84.19429   79.77385  5.25%  58.3 1920s
 89200 35446   82.22559  106  195   84.19429   79.94879  5.04%  58.9 1929s
 90324 35225     cutoff  130        84.19429   80.03219  4.94%  59.7 1947s
 91908 34900   82.40744   58  195   84.19429   80.11453  4.85%  60.7 1970s
 93366 34834     cutoff  106        84.19429   80.29722  4.63%  61.4 1982s
 94790 34254   82.53379   62  186   84.19429   80.47663  4.42%  62.3 1994s
 96613 33416 infeasible   61        84.19429   80.63297  4.23%  62.9 2007s
 97892 32368   82.14838   65  260   84.19429   80.65396  4.20%  63.4 2022s
 100220 31258   81.98976   70  219   84.19429   80.77484  4.06%  63.9 2035s
 102414 30655   83.05306   86  119   84.19429   80.91173  3.90%  64.4 2046s
 104490 30250   82.36666   75  105   84.19429   81.09154  3.69%  65.0 2062s
 106251 29862   81.70545   76  256   84.19429   81.15050  3.62%  65.8 2081s
 108126 29395 infeasible  107        84.19429   81.42155  3.29%  66.7 2096s
 110133 28731   82.64926   64  173   84.19429   81.56622  3.12%  67.5 2110s
 112172 27977     cutoff   81        84.19429   81.73437  2.92%  68.5 2127s
 114395 27186 infeasible   66        84.19429   81.82836  2.81%  69.3 2144s
 116846 26184     cutoff   62        84.19429   81.94236  2.67%  70.1 2159s
 119403 24884 infeasible  134        84.19429   82.04654  2.55%  70.7 2175s
 121876 23563     cutoff   86        84.19429   82.21754  2.35%  71.4 2191s
 124559 21967     cutoff  102        84.19429   82.42612  2.10%  72.0 2207s
 127727 20040   82.98616   53  291   84.19429   82.61492  1.88%  72.4 2226s
 130592 17814 infeasible   82        84.19429   82.77076  1.69%  72.7 2243s
 133962 14880   83.79967   81  151   84.19429   82.98709  1.43%  73.0 2260s
 138089 11111 infeasible   90        84.19429   83.17848  1.21%  72.7 2276s
 142175  8253     cutoff   78        84.19429   83.48258  0.85%  72.3 2289s
 144565  7403   84.18151   76  225   84.19429   83.70287  0.58%  72.0 2302s

Cutting planes:
  Learned: 1
  Gomory: 156
  Cover: 215
  Implied bound: 369
  Projected implied bound: 10
  Clique: 7
  MIR: 503
  StrongCG: 2
  Flow cover: 1358
  GUB cover: 3
  Inf proof: 2
  Zero half: 8
  RLT: 55
  Relax-and-lift: 114

Explored 144894 nodes (10444394 simplex iterations) in 2302.55 seconds (242.77 work units)
Thread count was 32 (of 32 available processors)

Solution count 10: 84.1943 84.1943 84.1943 ... 84.4685

Optimal solution found (tolerance 5.00e-03)
Best objective 8.419428684933e+01, best bound 8.380999139791e+01, gap 0.4564%
