
Gurobi 9.5.2 (linux64) logging started Tue Jul 28 11:31:42 2026

Set parameter LogFile to value "logs/oracle_RshortCfewTmedium_33_gurobi.log"
Gurobi Optimizer version 9.5.2 build v9.5.2rc0 (linux64)
Thread count: 16 physical cores, 32 logical processors, using up to 32 threads
Optimize a model with 2780 rows, 1595 columns and 9605 nonzeros
Model fingerprint: 0x0a44b104
Variable types: 1002 continuous, 593 integer (593 binary)
Coefficient statistics:
  Matrix range     [4e-02, 6e+02]
  Objective range  [1e+00, 1e+00]
  Bounds range     [1e+00, 1e+00]
  RHS range        [1e-01, 5e+02]
Presolve removed 958 rows and 382 columns
Presolve time: 0.36s
Presolved: 1822 rows, 1213 columns, 8168 nonzeros
Variable types: 736 continuous, 477 integer (477 binary)

Root relaxation: objective 2.951613e+01, 1712 iterations, 0.40 seconds (0.07 work units)

    Nodes    |    Current Node    |     Objective Bounds      |     Work
 Expl Unexpl |  Obj  Depth IntInf | Incumbent    BestBd   Gap | It/Node Time

     0     0   29.51613    0  157          -   29.51613      -     -    1s
H    0     0                      48.7099963   29.51613  39.4%     -    1s
     0     0   29.88018    0  157   48.71000   29.88018  38.7%     -    1s
     0     0   29.91257    0  157   48.71000   29.91257  38.6%     -    1s
H    0     0                      47.7933296   29.91257  37.4%     -    2s
     0     0   30.15734    0  146   47.79333   30.15734  36.9%     -    2s
     0     0   30.16720    0  139   47.79333   30.16720  36.9%     -    2s
     0     0   30.16786    0  143   47.79333   30.16786  36.9%     -    2s
     0     0   30.16789    0  145   47.79333   30.16789  36.9%     -    2s
     0     0   30.62015    0  139   47.79333   30.62015  35.9%     -    3s
H    0     0                      47.1101440   30.62015  35.0%     -    3s
     0     0   30.65442    0  136   47.11014   30.65442  34.9%     -    3s
     0     0   30.65504    0  128   47.11014   30.65504  34.9%     -    3s
     0     0   30.65615    0  135   47.11014   30.65615  34.9%     -    3s
     0     0   30.65624    0  135   47.11014   30.65624  34.9%     -    3s
     0     0   30.79763    0  144   47.11014   30.79763  34.6%     -    3s
     0     0   30.85346    0  148   47.11014   30.85346  34.5%     -    3s
     0     0   30.86783    0  151   47.11014   30.86783  34.5%     -    3s
     0     0   30.86801    0  152   47.11014   30.86801  34.5%     -    3s
     0     0   30.88895    0  148   47.11014   30.88895  34.4%     -    3s
     0     0   30.89333    0  151   47.11014   30.89333  34.4%     -    4s
     0     0   30.93104    0  151   47.11014   30.93104  34.3%     -    4s
     0     0   30.93597    0  145   47.11014   30.93597  34.3%     -    4s
     0     0   30.93597    0  145   47.11014   30.93597  34.3%     -    4s
     0     0   30.96948    0  137   47.11014   30.96948  34.3%     -    4s
     0     0   30.96991    0  137   47.11014   30.96991  34.3%     -    4s
     0     0   31.00400    0  140   47.11014   31.00400  34.2%     -    4s
     0     0   31.00756    0  136   47.11014   31.00756  34.2%     -    4s
     0     0   31.00809    0  144   47.11014   31.00809  34.2%     -    4s
     0     0   31.00812    0  146   47.11014   31.00812  34.2%     -    5s
     0     0   31.06471    0  130   47.11014   31.06471  34.1%     -    5s
     0     0   31.06511    0  130   47.11014   31.06511  34.1%     -    5s
     0     0   31.08613    0  133   47.11014   31.08613  34.0%     -    5s
     0     0   31.08710    0  139   47.11014   31.08710  34.0%     -    5s
     0     0   31.08714    0  140   47.11014   31.08714  34.0%     -    5s
     0     0   31.12858    0  143   47.11014   31.12858  33.9%     -    5s
     0     0   31.12859    0  141   47.11014   31.12859  33.9%     -    5s
     0     0   31.16050    0  133   47.11014   31.16050  33.9%     -    6s
     0     0   31.16969    0  144   47.11014   31.16969  33.8%     -    6s
     0     0   31.16982    0  144   47.11014   31.16982  33.8%     -    6s
     0     0   31.17107    0  145   47.11014   31.17107  33.8%     -    6s
     0     0   31.17117    0  144   47.11014   31.17117  33.8%     -    6s
     0     0   31.17262    0  139   47.11014   31.17262  33.8%     -    6s
     0     0   31.17262    0  139   47.11014   31.17262  33.8%     -    6s
     0     0   31.17262    0  139   47.11014   31.17262  33.8%     -    6s
     0     0   31.28176    0  116   47.11014   31.28176  33.6%     -    7s
H    0     0                      47.1101440   31.28176  33.6%     -    7s
H    0     0                      46.8445493   31.28176  33.2%     -    7s
H    0     2                      46.8445493   31.28176  33.2%     -    8s
     0     2   31.28176    0  102   46.84455   31.28176  33.2%     -    8s
H   43    46                      46.7612160   31.28176  33.1%  46.5    8s
H   46    46                      46.6792586   31.28176  33.0%  47.2    8s
H   79    92                      46.6792586   31.28176  33.0%  39.7    9s
H   80    92                      46.6143794   31.28176  32.9%  39.3    9s
H   82    92                      46.5616278   31.28176  32.8%  38.9    9s
H   83    92                      46.5003244   31.28176  32.7%  38.4    9s
H   84    92                      38.2526177   31.28176  18.2%  38.2    9s
H   88    92                      38.1256001   31.28176  18.0%  37.1    9s
H   89    92                      37.8643794   31.28176  17.4%  36.7    9s
H  127    74                      37.7427484   31.28176  17.1%  28.1   11s
H  127    74                      37.0178246   31.28176  15.5%  28.1   11s
H  135    74                      36.9877746   31.28176  15.4%  26.8   11s
H  146    74                      36.9391018   31.28176  15.3%  27.0   11s
H  237   147                      36.8141162   31.28176  15.0%  28.8   12s
H  505   244                      36.8141162   31.28176  15.0%  26.6   14s
H  514   244                      36.7307829   31.28176  14.8%  26.6   14s
   528   250     cutoff   32        36.73078   31.28176  14.8%  26.6   16s
H  541   250                      36.7307828   31.28176  14.8%  27.0   16s
  3136  1022 infeasible   61        36.73078   35.79026  2.56%  26.7   20s
  6538  1724   36.40063   19   18   36.73078   36.15396  1.57%  26.3   25s
  6550  1737   36.15396   16   14   36.73078   36.15396  1.57%  27.0   30s
  6706  1848   36.15396   21   36   36.73078   36.15396  1.57%  29.3   38s
  6738  1863   36.15396   22   23   36.73078   36.15396  1.57%  29.4   44s
  6774  1881   36.15396   22   98   36.73078   36.15396  1.57%  29.6   45s
  9347  2012   36.15396   28  101   36.73078   36.15396  1.57%  35.0   50s
 14158  2030   36.15396   30   85   36.73078   36.15396  1.57%  39.7   57s
 16636  2478   36.15396   35   29   36.73078   36.15396  1.57%  40.0   60s
 25802  4177   36.57758   45   48   36.73078   36.15396  1.57%  35.0   65s
 34906  4829 infeasible   32        36.73078   36.15396  1.57%  31.5   70s
 45477  5014 infeasible   32        36.73078   36.15396  1.57%  29.4   75s
 54634  4520 infeasible   43        36.73078   36.15396  1.57%  28.2   80s
 63118  3289   36.60440   37   34   36.73078   36.18457  1.49%  27.4   85s
 73388     0     cutoff   48        36.73078   36.45809  0.74%  26.6   90s

Cutting planes:
  Cover: 7
  Implied bound: 6
  MIR: 10
  Flow cover: 8
  RLT: 1

Explored 74734 nodes (1976742 simplex iterations) in 90.37 seconds (11.08 work units)
Thread count was 32 (of 32 available processors)

Solution count 10: 36.7308 36.7308 36.7308 ... 37.0178

Optimal solution found (tolerance 5.00e-03)
Best objective 3.673078291356e+01, best bound 3.673078291356e+01, gap 0.0000%
