
Gurobi 9.5.2 (linux64) logging started Fri Aug 14 12:51:24 2026

Set parameter LogFile to value "/mnt/beegfs/users/celinep/ChargeAndBreak/logs/oracle_RmediumCmanyTtight_12__kw700_gurobi.log"
Gurobi Optimizer version 9.5.2 build v9.5.2rc0 (linux64)
Thread count: 16 physical cores, 32 logical processors, using up to 32 threads
Optimize a model with 4817 rows, 2534 columns and 51731 nonzeros
Model fingerprint: 0x95b7de68
Variable types: 1601 continuous, 933 integer (933 binary)
Coefficient statistics:
  Matrix range     [4e-02, 1e+03]
  Objective range  [5e-01, 1e+00]
  Bounds range     [1e+00, 3e+01]
  RHS range        [1e-02, 5e+02]

User MIP start did not produce a new incumbent solution

Presolve removed 1710 rows and 547 columns
Presolve time: 0.61s
Presolved: 3107 rows, 1987 columns, 27093 nonzeros
Variable types: 1192 continuous, 795 integer (795 binary)
Root relaxation presolve removed 53 rows and 51 columns
Root relaxation presolved: 3054 rows, 1936 columns, 26509 nonzeros


Root relaxation: objective 5.620850e+01, 2425 iterations, 0.27 seconds (0.19 work units)
Another try with MIP start

    Nodes    |    Current Node    |     Objective Bounds      |     Work
 Expl Unexpl |  Obj  Depth IntInf | Incumbent    BestBd   Gap | It/Node Time

H    0     0                      60.2783456   56.20850  6.75%     -    2s
     0     0   56.20850    0  136   60.27835   56.20850  6.75%     -    2s
     0     0   57.07492    0  258   60.27835   57.07492  5.31%     -    3s
     0     0   57.14698    0  221   60.27835   57.14698  5.19%     -    3s
     0     0   57.18888    0  239   60.27835   57.18888  5.13%     -    3s
     0     0   57.19040    0  245   60.27835   57.19040  5.12%     -    3s
     0     0   57.19125    0  240   60.27835   57.19125  5.12%     -    3s
     0     0   57.19128    0  237   60.27835   57.19128  5.12%     -    3s
     0     0   57.36823    0  213   60.27835   57.36823  4.83%     -    4s
     0     0   57.37953    0  200   60.27835   57.37953  4.81%     -    4s
     0     0   57.38011    0  205   60.27835   57.38011  4.81%     -    4s
     0     0   57.38030    0  199   60.27835   57.38030  4.81%     -    4s
     0     0   57.47838    0  206   60.27835   57.47838  4.65%     -    5s
     0     0   57.48762    0  214   60.27835   57.48762  4.63%     -    5s
     0     0   57.48929    0  229   60.27835   57.48929  4.63%     -    5s
     0     0   57.49028    0  238   60.27835   57.49028  4.63%     -    5s
     0     0   57.49028    0  238   60.27835   57.49028  4.63%     -    5s
     0     0   57.52245    0  167   60.27835   57.52245  4.57%     -    6s
     0     0   57.52665    0  192   60.27835   57.52665  4.56%     -    6s
     0     0   57.52861    0  168   60.27835   57.52861  4.56%     -    6s
     0     0   57.52877    0  178   60.27835   57.52877  4.56%     -    6s
     0     0   57.55261    0  206   60.27835   57.55261  4.52%     -    6s
     0     0   57.55448    0  162   60.27835   57.55448  4.52%     -    6s
     0     0   57.55520    0  162   60.27835   57.55520  4.52%     -    6s
     0     0   57.55548    0  164   60.27835   57.55548  4.52%     -    6s
     0     0   57.58313    0  152   60.27835   57.58313  4.47%     -    7s
     0     0   57.59192    0  166   60.27835   57.59192  4.46%     -    8s
     0     0   57.59330    0  176   60.27835   57.59330  4.45%     -    8s
     0     0   57.59723    0  178   60.27835   57.59723  4.45%     -    8s
     0     0   57.59941    0  180   60.27835   57.59941  4.44%     -    8s
     0     0   57.59952    0  181   60.27835   57.59952  4.44%     -    8s
     0     0   57.62278    0  169   60.27835   57.62278  4.41%     -    8s
     0     0   57.62950    0  177   60.27835   57.62950  4.39%     -    9s
     0     0   57.63072    0  184   60.27835   57.63072  4.39%     -    9s
     0     0   57.63090    0  194   60.27835   57.63090  4.39%     -    9s
     0     0   57.64298    0  182   60.27835   57.64298  4.37%     -    9s
     0     0   57.64596    0  178   60.27835   57.64596  4.37%     -    9s
     0     0   57.64675    0  178   60.27835   57.64675  4.37%     -    9s
     0     0   57.64677    0  178   60.27835   57.64677  4.37%     -    9s
     0     0   57.66699    0  182   60.27835   57.66699  4.33%     -   10s
     0     0   57.67236    0  205   60.27835   57.67236  4.32%     -   10s
     0     0   57.67354    0  213   60.27835   57.67354  4.32%     -   10s
     0     0   57.67448    0  212   60.27835   57.67448  4.32%     -   10s
     0     0   57.67448    0  215   60.27835   57.67448  4.32%     -   10s
     0     0   57.68557    0  178   60.27835   57.68557  4.30%     -   10s
     0     0   57.68640    0  173   60.27835   57.68640  4.30%     -   11s
     0     0   57.68698    0  170   60.27835   57.68698  4.30%     -   11s
     0     0   57.68704    0  187   60.27835   57.68704  4.30%     -   11s
     0     0   57.68871    0  191   60.27835   57.68871  4.30%     -   11s
     0     0   57.69064    0  170   60.27835   57.69064  4.29%     -   11s
     0     0   57.69106    0  192   60.27835   57.69106  4.29%     -   11s
     0     0   57.69839    0  193   60.27835   57.69839  4.28%     -   12s
     0     0   57.69976    0  205   60.27835   57.69976  4.28%     -   12s
     0     0   57.70011    0  205   60.27835   57.70011  4.28%     -   12s
     0     0   57.70201    0  195   60.27835   57.70201  4.27%     -   13s
     0     0   57.70257    0  194   60.27835   57.70257  4.27%     -   13s
     0     0   57.70261    0  194   60.27835   57.70261  4.27%     -   13s
     0     0   57.70420    0  194   60.27835   57.70420  4.27%     -   14s
     0     0   57.70420    0  191   60.27835   57.70420  4.27%     -   14s
     0     0   57.70420    0  115   60.27835   57.70420  4.27%     -   15s
     0     0   57.70420    0  206   60.27835   57.70420  4.27%     -   15s
     0     0   57.70420    0  164   60.27835   57.70420  4.27%     -   15s
     0     0   57.70420    0  171   60.27835   57.70420  4.27%     -   15s
     0     0   57.70420    0  184   60.27835   57.70420  4.27%     -   16s
     0     0   57.70420    0  202   60.27835   57.70420  4.27%     -   16s
     0     0   57.70420    0  199   60.27835   57.70420  4.27%     -   16s
     0     0   57.71581    0  202   60.27835   57.71581  4.25%     -   16s
     0     0   57.71617    0  194   60.27835   57.71617  4.25%     -   16s
     0     0   57.71884    0  170   60.27835   57.71884  4.25%     -   17s
H    0     0                      59.6034402   57.71884  3.16%     -   17s
     0     0   57.71904    0  177   59.60344   57.71904  3.16%     -   17s
     0     0   57.72037    0  196   59.60344   57.72037  3.16%     -   18s
     0     0   57.72038    0  196   59.60344   57.72038  3.16%     -   18s
     0     0   57.72105    0  201   59.60344   57.72105  3.16%     -   18s
     0     0   57.72105    0  193   59.60344   57.72105  3.16%     -   19s
     0     2   57.72797    0  193   59.60344   57.72797  3.15%     -   20s
H   79    89                      59.5332897   57.87986  2.78%   222   23s
H   80    89                      59.5323653   57.88131  2.77%   222   23s
H   85    86                      58.2319722   57.88973  0.59%   221   23s
   159    63   57.91198   13  114   58.23197   57.91198  0.55%   185   25s
H  182    77                      58.1344695   57.91198  0.38%   178   26s

Cutting planes:
  Learned: 1
  Gomory: 19
  Lift-and-project: 31
  Cover: 38
  Implied bound: 89
  Projected implied bound: 1
  Clique: 3
  MIR: 490
  StrongCG: 2
  Flow cover: 561
  Flow path: 37
  GUB cover: 5
  Zero half: 4
  Network: 8
  RLT: 41
  Relax-and-lift: 32
  PSD: 1

Explored 198 nodes (47952 simplex iterations) in 26.11 seconds (13.19 work units)
Thread count was 32 (of 32 available processors)

Solution count 6: 58.1345 58.232 59.5324 ... 60.2783

Optimal solution found (tolerance 5.00e-03)
Best objective 5.813446954304e+01, best bound 5.791390252727e+01, gap 0.3794%
