
Gurobi 9.5.2 (linux64) logging started Mon Aug  3 11:17:02 2026

Set parameter LogFile to value "logs/oracle_RshortCfewTtight_2__cs90_gurobi.log"
Gurobi Optimizer version 9.5.2 build v9.5.2rc0 (linux64)
Thread count: 16 physical cores, 32 logical processors, using up to 32 threads
Optimize a model with 2315 rows, 1237 columns and 15229 nonzeros
Model fingerprint: 0x7e447518
Variable types: 787 continuous, 450 integer (450 binary)
Coefficient statistics:
  Matrix range     [5e-02, 5e+02]
  Objective range  [1e+00, 1e+00]
  Bounds range     [1e+00, 2e+01]
  RHS range        [2e-01, 5e+02]

User MIP start produced solution with objective 37.6041 (0.01s)
Loaded user MIP start with objective 37.6041

Presolve removed 915 rows and 338 columns
Presolve time: 0.22s
Presolved: 1400 rows, 899 columns, 9242 nonzeros
Variable types: 551 continuous, 348 integer (346 binary)
Found heuristic solution: objective 36.6040857
Root relaxation presolve removed 21 rows and 15 columns
Root relaxation presolved: 1379 rows, 884 columns, 8652 nonzeros

Extra simplex iterations after uncrush: 1

Root relaxation: objective 3.277548e+01, 1122 iterations, 0.20 seconds (0.05 work units)

    Nodes    |    Current Node    |     Objective Bounds      |     Work
 Expl Unexpl |  Obj  Depth IntInf | Incumbent    BestBd   Gap | It/Node Time

     0     0   32.79351    0   37   36.60409   32.79351  10.4%     -    0s
H    0     0                      35.7848313   32.79351  8.36%     -    0s
     0     0   33.39174    0   55   35.78483   33.39174  6.69%     -    0s
H    0     0                      34.9319414   33.39174  4.41%     -    1s
     0     0   33.56716    0   65   34.93194   33.56716  3.91%     -    1s
H    0     0                      34.5197046   33.63421  2.57%     -    1s
     0     0   33.63421    0   71   34.51970   33.63421  2.57%     -    1s
     0     0   33.63502    0   73   34.51970   33.63502  2.56%     -    1s
     0     0   33.63526    0   73   34.51970   33.63526  2.56%     -    1s
     0     0   33.80275    0   57   34.51970   33.80275  2.08%     -    1s
     0     0   33.80275    0   32   34.51970   33.80275  2.08%     -    1s
H    0     0                      34.5197046   33.80275  2.08%     -    1s
H    0     0                      34.1224309   33.80275  0.94%     -    1s
     0     0   33.80275    0   35   34.12243   33.80275  0.94%     -    1s
     0     0   33.80275    0   15   34.12243   33.80275  0.94%     -    1s
     0     0   33.80275    0   26   34.12243   33.80275  0.94%     -    2s
H    0     0                      34.1038882   33.80275  0.88%     -    2s
     0     0   33.80275    0   35   34.10389   33.80275  0.88%     -    2s
     0     0   33.80275    0    8   34.10389   33.80275  0.88%     -    2s
     0     0   33.80275    0   13   34.10389   33.80275  0.88%     -    2s
     0     0   33.80275    0   24   34.10389   33.80275  0.88%     -    2s
     0     0   33.80275    0   31   34.10389   33.80275  0.88%     -    2s
H    0     0                      34.0310514   33.80275  0.67%     -    2s
     0     0   33.83883    0   38   34.03105   33.83883  0.56%     -    2s
     0     0   33.84510    0   44   34.03105   33.84510  0.55%     -    2s

Cutting planes:
  Learned: 1
  Gomory: 12
  Lift-and-project: 16
  Cover: 15
  Implied bound: 5
  Projected implied bound: 1
  Clique: 2
  MIR: 39
  Flow cover: 50
  RLT: 7
  Relax-and-lift: 1

Explored 1 nodes (4857 simplex iterations) in 2.87 seconds (0.57 work units)
Thread count was 32 (of 32 available processors)

Solution count 9: 34.0311 34.1039 34.1224 ... 37.6041

Optimal solution found (tolerance 5.00e-03)
Best objective 3.403105137254e+01, best bound 3.387117060632e+01, gap 0.4698%
