
Gurobi 9.5.2 (linux64) logging started Tue Aug  4 07:32:14 2026

Set parameter LogFile to value "/mnt/beegfs/users/celinep/ChargeAndBreak/logs/RlongCfewTlarge_28_2SP_20260803_212939_020_gurobi.log"
Gurobi Optimizer version 9.5.2 build v9.5.2rc0 (linux64)
Thread count: 16 physical cores, 32 logical processors, using up to 32 threads
Optimize a model with 164711 rows, 80152 columns and 550440 nonzeros
Model fingerprint: 0x5dcecfa5
Variable types: 68501 continuous, 11651 integer (11651 binary)
Coefficient statistics:
  Matrix range     [2e-02, 2e+03]
  Objective range  [4e-02, 4e-02]
  Bounds range     [1e+00, 1e+00]
  RHS range        [2e-01, 5e+02]
Presolve removed 53435 rows and 18109 columns
Presolve time: 2.64s
Presolved: 111276 rows, 62043 columns, 479010 nonzeros
Variable types: 53309 continuous, 8734 integer (8733 binary)

Deterministic concurrent LP optimizer: primal and dual simplex (primal and dual model)
Showing first log only...

Root relaxation presolve removed 2444 rows and 2444 columns
Root relaxation presolved: 108832 rows, 59599 columns, 474122 nonzeros


Root simplex log...

Iteration    Objective       Primal Inf.    Dual Inf.      Time
   47245    7.8736675e+01   2.628421e+02   4.904852e+09      5s
   55593    1.2848332e+02   0.000000e+00   1.662401e+03      8s
   58899    1.0816236e+02   0.000000e+00   4.674397e+04     10s
   63614    1.0178066e+02   0.000000e+00   1.816628e+04     15s
   67404    9.5357587e+01   0.000000e+00   5.169832e+04     20s
   70672    9.2004162e+01   0.000000e+00   1.909339e+04     25s
   73358    8.9529976e+01   0.000000e+00   2.534334e+03     30s
   75468    8.8064124e+01   0.000000e+00   1.612879e+04     35s
   77683    8.6696807e+01   0.000000e+00   5.297950e+03     40s
   80008    8.5579510e+01   0.000000e+00   1.008456e+03     45s
   82103    8.4842837e+01   0.000000e+00   7.246131e+03     50s
   84208    8.4372556e+01   0.000000e+00   1.836043e+03     55s
   86358    8.3997356e+01   0.000000e+00   1.323475e+04     60s
   88738    8.3696156e+01   0.000000e+00   6.054135e+02     65s
   90498    8.3407955e+01   0.000000e+00   6.652229e+02     70s
   92488    8.3249313e+01   0.000000e+00   1.635274e+03     75s
   94888    8.2994173e+01   0.000000e+00   3.327670e+04     80s
   97023    8.2818800e+01   0.000000e+00   8.360190e+02     85s
   99183    8.2688894e+01   0.000000e+00   4.172944e+02     90s
  101373    8.2338204e+01   0.000000e+00   1.282541e+04     95s
  103458    8.2170717e+01   0.000000e+00   3.833577e+04    100s
  105598    8.2046293e+01   0.000000e+00   1.121820e+03    105s
  108003    8.1941256e+01   0.000000e+00   1.925673e+02    110s
  110218    8.1879842e+01   0.000000e+00   5.020352e+02    115s
  112673    8.1808296e+01   0.000000e+00   2.481421e+02    120s
  114883    8.1753513e+01   0.000000e+00   4.908350e+02    125s
Concurrent spin time: 0.02s

Solved with primal simplex (dual model)

Root relaxation: objective 8.126116e+01, 72910 iterations, 122.53 seconds (117.00 work units)
Total elapsed time = 130.31s

    Nodes    |    Current Node    |     Objective Bounds      |     Work
 Expl Unexpl |  Obj  Depth IntInf | Incumbent    BestBd   Gap | It/Node Time

     0     0   81.26245    0 3060          -   81.26245      -     -  154s
     0     0   82.26381    0 3327          -   82.26381      -     -  256s
     0     0   82.87166    0 3642          -   82.87166      -     -  358s
     0     0   82.89744    0 3634          -   82.89744      -     -  381s
     0     0   82.89974    0 3642          -   82.89974      -     -  384s
     0     0   82.90024    0 3633          -   82.90024      -     -  385s
     0     0   82.90042    0 3633          -   82.90042      -     -  385s
     0     0   82.90043    0 3635          -   82.90043      -     -  386s
     0     0   83.69993    0 4199          -   83.69993      -     -  530s
     0     0   83.83293    0 4502          -   83.83293      -     -  591s
     0     0   83.85415    0 4517          -   83.85415      -     -  605s
     0     0   83.85719    0 4529          -   83.85719      -     -  609s
     0     0   83.85773    0 4533          -   83.85773      -     -  610s
     0     0   83.85778    0 4515          -   83.85778      -     -  611s
     0     0   84.85323    0 4596          -   84.85323      -     -  752s
     0     0   85.09066    0 4832          -   85.09066      -     -  809s
     0     0   85.13566    0 4871          -   85.13566      -     -  820s
     0     0   85.14167    0 4865          -   85.14167      -     -  822s
     0     0   85.14434    0 4915          -   85.14434      -     -  824s
     0     0   85.14479    0 4917          -   85.14479      -     -  825s
     0     0   85.84070    0 4907          -   85.84070      -     -  933s
     0     0   85.93574    0 4841          -   85.93574      -     -  958s
     0     0   85.94883    0 5008          -   85.94883      -     -  974s
     0     0   85.95179    0 5016          -   85.95179      -     -  977s
     0     0   85.95258    0 4941          -   85.95258      -     -  979s
     0     0   86.18174    0 5079          -   86.18174      -     - 1048s
     0     0   86.22470    0 5205          -   86.22470      -     - 1081s
     0     0   86.22952    0 5193          -   86.22952      -     - 1090s
     0     0   86.23065    0 5183          -   86.23065      -     - 1091s
     0     0   86.36654    0 5195          -   86.36654      -     - 1151s
     0     0   86.38986    0 5379          -   86.38986      -     - 1172s
     0     0   86.39381    0 5355          -   86.39381      -     - 1177s
     0     0   86.39451    0 5348          -   86.39451      -     - 1179s
     0     0   86.50465    0 5219          -   86.50465      -     - 1226s
     0     0   86.52318    0 5285          -   86.52318      -     - 1262s
     0     0   86.52656    0 5312          -   86.52656      -     - 1264s
     0     0   86.52693    0 5312          -   86.52693      -     - 1265s
     0     0   86.59050    0 5287          -   86.59050      -     - 1303s
     0     0   86.59910    0 5309          -   86.59910      -     - 1323s
     0     0   86.60056    0 5286          -   86.60056      -     - 1336s
     0     0   86.65294    0 5450          -   86.65294      -     - 1366s
     0     0   86.65968    0 5401          -   86.65968      -     - 1374s
     0     0   86.66053    0 5450          -   86.66053      -     - 1376s
     0     0   86.69964    0 5461          -   86.69964      -     - 1406s
     0     0   86.70601    0 5525          -   86.70601      -     - 1412s
     0     0   86.70741    0 5548          -   86.70741      -     - 1417s
     0     0   86.73284    0 5484          -   86.73284      -     - 1445s
     0     0   86.73660    0 5463          -   86.73660      -     - 1450s
     0     0   86.73691    0 5489          -   86.73691      -     - 1452s
     0     0   86.76887    0 5526          -   86.76887      -     - 1484s
     0     0   86.77177    0 5523          -   86.77177      -     - 1489s
     0     0   86.77233    0 5549          -   86.77233      -     - 1494s
     0     0   86.79434    0 5548          -   86.79434      -     - 1514s
     0     0   86.79915    0 5541          -   86.79915      -     - 1519s
     0     0   86.79991    0 5551          -   86.79991      -     - 1520s
     0     0   86.83219    0 5548          -   86.83219      -     - 1552s
     0     0   86.83775    0 5595          -   86.83775      -     - 1558s
     0     0   86.83839    0 5556          -   86.83839      -     - 1562s
     0     0   86.86162    0 5573          -   86.86162      -     - 1581s
     0     0   86.86373    0 5632          -   86.86373      -     - 1585s
     0     0   86.86439    0 5634          -   86.86439      -     - 1587s
     0     0   86.88284    0 5647          -   86.88284      -     - 1604s
     0     0   86.88407    0 5716          -   86.88407      -     - 1608s
     0     0   86.90867    0 5704          -   86.90867      -     - 1631s
     0     0   86.91309    0 5707          -   86.91309      -     - 1646s
     0     0   86.91353    0 5741          -   86.91353      -     - 1650s
     0     0   86.92601    0 5719          -   86.92601      -     - 1667s
     0     0   86.92750    0 5729          -   86.92750      -     - 1672s
     0     0   86.94111    0 5722          -   86.94111      -     - 1688s
     0     0   86.94330    0 5746          -   86.94330      -     - 1699s
     0     0   86.94370    0 5756          -   86.94370      -     - 1700s
     0     0   86.95902    0 5771          -   86.95902      -     - 1719s
     0     0   86.96192    0 5758          -   86.96192      -     - 1723s
     0     0   86.96300    0 5750          -   86.96300      -     - 1726s
     0     0   86.97292    0 5800          -   86.97292      -     - 1736s
     0     0   86.97311    0 5294          -   86.97311      -     - 1834s
     0     2   86.97311    0 5225          -   86.97311      -     - 3034s
     1     4   86.99926    1 5107          -   86.97325      -  6483 3039s
     3     8   87.04087    2 5142          -   86.99932      -  5852 3053s
     7    16   87.04364    3 5173          -   87.04087      -  5575 3062s
    15    32   87.04450    4 5134          -   87.04364      -  4546 3073s
    31    48   87.04485    5 5127          -   87.04458      -  8143 3272s
    47    64   87.04576    6 5190          -   87.04458      - 16268 3275s
    79    96   87.04752    8 5199          -   87.04458      - 10038 3283s
    95   117   87.04831    9 5174          -   87.04458      -  8516 3287s
   116   136   87.04914   10 5178          -   87.04458      -  7129 3292s
   135   158   87.05013   11 5171          -   87.04458      -  6274 3297s
   157   178   87.05167   12 5155          -   87.04458      -  5512 3302s
   177   201   87.05385   13 5234          -   87.04458      -  5005 3307s
   200   222   87.05605   14 5189          -   87.04458      -  4538 3311s
   221   248   87.05932   15 5187          -   87.04458      -  4216 3316s
   247   274   87.06018   16 5180          -   87.04458      -  3858 3322s
   273   298   87.06369   17 5168          -   87.04458      -  3586 3327s
   297   326   87.06689   18 5160          -   87.04458      -  3361 3334s
   325   355   87.07141   19 5165          -   87.04458      -  3139 3342s
   354   385   87.08355   20 5132          -   87.04458      -  2964 3350s
   384   416   87.09805   21 5135          -   87.04458      -  2813 3358s
   415   459   87.09928   22 5104          -   87.04458      -  2660 3363s
   458   508   87.11047   23 5095          -   87.04458      -  2482 3369s
   507   558   87.12383   24 5059          -   87.04458      -  2301 3376s
   557   616   87.12430   25 5054          -   87.04458      -  2163 3389s
   615   671   87.14375   27 4999          -   87.04458      -  2022 3397s
   670   739   87.15920   28 4991          -   87.04458      -  1921 3407s
   738   786   87.17315   29 4971          -   87.04458      -  1799 3416s
   785   828   87.17511   30 4930          -   87.04458      -  1741 3442s
   827   875   87.19528   32 4917          -   87.04458      -  1710 3450s
   874   917   87.20966   33 4890          -   87.04458      -  1673 3461s
   916   961   87.22543   34 4867          -   87.04458      -  1646 3471s
   960  1028   87.22728   35 4874          -   87.04458      -  1615 3491s
  1027  1096   87.23946   37 4863          -   87.04458      -  1556 3501s
  1095  1173   87.25976   41 4803          -   87.04458      -  1501 3512s
  1172  1251   88.48938   43 4788          -   87.04458      -  1447 3529s
  1250  1342   88.49537   49 4798          -   87.04458      -  1403 3550s
  1341  1461   88.49544   58 4806          -   87.04458      -  1360 3568s
  1462  1560   88.50261   64 4773          -   87.04458      -  1303 3579s
  1561  1638   90.80588   67 4825          -   87.04458      -  1258 3597s
  1639  1784   90.81172   72 4891          -   87.04458      -  1239 3616s
  1785  1917   90.83855   75 4860          -   87.04458      -  1173 3633s
  1918  2048   90.84101   82 4846          -   87.04458      -  1129 3653s
  2057  2187   90.85033   85 4839          -   87.04458      -  1091 3669s
  2200  2390   90.88017   94 4724          -   87.04458      -  1058 3684s
  2412  2606   90.92431  122 4735          -   87.04458      -   997 3699s
  2636  2761   91.40233  139 4738          -   87.04458      -   935 3709s
  2813  2908   92.14233  144 4726          -   87.04458      -   895 3724s
  3011  3070   92.45578  146 4718          -   87.04458      -   856 3745s
  3199  3259   92.63577  147 4706          -   87.04458      -   823 3769s
  3396  3501   92.81479  148 4678          -   87.04458      -   793 3792s
  3640  3763   93.22131  150 4677          -   87.04458      -   760 3810s
  3918  4029   93.70853  152 4686          -   87.04458      -   726 3868s
  4210  4267   94.89088  154 4708          -   87.04458      -   695 3891s
  4502  4533   99.51213  155 4456          -   87.04458      -   661 3911s
  4834  4848  119.61636  165 4277          -   87.04458      -   630 3926s
  5174  5165  119.74806  168 4071          -   87.04458      -   604 3952s
  5500  5510  119.91447  170 3977          -   87.04458      -   589 3980s
  5887  5780  120.01706  172 3798          -   87.04458      -   572 4018s
  6246  6146  120.64932  178 3342          -   87.04458      -   557 4052s
  6689  6568  123.46521  220 1693          -   87.04458      -   540 4099s
  7164  7057  123.69045  289 1634          -   87.04458      -   525 4140s
  7735  7512  123.80782  375 1549          -   87.04458      -   504 4169s
  8278  8020  124.27263  466 1448          -   87.04458      -   485 4208s
  8897  8431  125.05869  551 1359          -   87.04587      -   465 4240s
  9409  8961   87.44494    6 5054          -   87.04587      -   453 4287s
 10023  9479   87.44919   13 5012          -   87.04587      -   437 4324s
H10355  7580                     135.5869916   87.04587  35.8%   432 4324s
 10661  7580  101.40085   90 4675  135.58699   87.04587  35.8%   420 4325s
H10663  2683                     104.3630907   87.04587  16.6%   420 4673s
