
Gurobi 9.5.2 (linux64) logging started Sun Aug  9 06:18:16 2026

Set parameter LogFile to value "/mnt/beegfs/users/celinep/ChargeAndBreak/logs/RlongCmanyTmedium_18_2SP_20260803_212939_259_gurobi.log"
Gurobi Optimizer version 9.5.2 build v9.5.2rc0 (linux64)
Thread count: 16 physical cores, 32 logical processors, using up to 32 threads
Optimize a model with 186601 rows, 90718 columns and 621330 nonzeros
Model fingerprint: 0xbd1950a6
Variable types: 77501 continuous, 13217 integer (13217 binary)
Coefficient statistics:
  Matrix range     [2e-02, 2e+03]
  Objective range  [4e-02, 4e-02]
  Bounds range     [1e+00, 1e+00]
  RHS range        [4e-02, 5e+02]
Presolve removed 60819 rows and 20675 columns
Presolve time: 2.02s
Presolved: 125782 rows, 70043 columns, 541688 nonzeros
Variable types: 60200 continuous, 9843 integer (9842 binary)

Deterministic concurrent LP optimizer: primal and dual simplex (primal and dual model)
Showing first log only...

Root relaxation presolve removed 2769 rows and 2769 columns
Root relaxation presolved: 123013 rows, 67274 columns, 536150 nonzeros


Root simplex log...

Iteration    Objective       Primal Inf.    Dual Inf.      Time
   49387    9.5800778e+01   2.464123e+02   4.769513e+09      5s
   54769    1.4798724e+02   0.000000e+00   8.880007e+02      8s
   57834    1.2872201e+02   0.000000e+00   1.642162e+03     10s
   63502    1.2039023e+02   0.000000e+00   6.698097e+03     15s
   68990    1.1663308e+02   0.000000e+00   4.591902e+03     20s
   74282    1.1166417e+02   0.000000e+00   2.117599e+03     25s
   79770    1.0848638e+02   0.000000e+00   1.536057e+03     30s
   84158    1.0505056e+02   0.000000e+00   1.039205e+04     35s
   87470    1.0366572e+02   0.000000e+00   2.036497e+04     40s
   90632    1.0215703e+02   0.000000e+00   6.470822e+04     45s
   94128    1.0100175e+02   0.000000e+00   6.796962e+03     50s
   97036    1.0039274e+02   0.000000e+00   1.114112e+03     55s
   99728    9.9641108e+01   0.000000e+00   2.271847e+03     60s
  103114    9.9029844e+01   0.000000e+00   9.497558e+02     65s
  105966    9.8791682e+01   0.000000e+00   1.886521e+03     70s
  109097    9.8606159e+01   0.000000e+00   7.892385e+02     75s
  111427    9.8483352e+01   0.000000e+00   3.796555e+03     80s
  114119    9.8337288e+01   0.000000e+00   6.697593e+03     85s
  116599    9.8215030e+01   0.000000e+00   2.629512e+03     90s
  119029    9.8071122e+01   0.000000e+00   1.760190e+05     95s
  121915    9.7977572e+01   0.000000e+00   4.056446e+03    100s
  124909    9.7886368e+01   0.000000e+00   3.489283e+03    105s
  127897    9.7797228e+01   0.000000e+00   4.960436e+03    110s
  130467    9.7763809e+01   0.000000e+00   5.489516e+02    115s
  132893    9.7705479e+01   0.000000e+00   6.524737e+02    120s
Concurrent spin time: 0.01s

Solved with primal simplex (dual model)

Root relaxation: objective 9.738959e+01, 84627 iterations, 119.24 seconds (143.45 work units)
Total elapsed time = 125.34s

    Nodes    |    Current Node    |     Objective Bounds      |     Work
 Expl Unexpl |  Obj  Depth IntInf | Incumbent    BestBd   Gap | It/Node Time

     0     0   97.39113    0 3767          -   97.39113      -     -  143s
     0     0   98.61478    0 4247          -   98.61478      -     -  262s
     0     0   99.34529    0 4743          -   99.34529      -     -  348s
     0     0   99.40131    0 4709          -   99.40131      -     -  370s
     0     0   99.40310    0 4716          -   99.40310      -     -  373s
     0     0   99.40327    0 4766          -   99.40327      -     -  374s
     0     0   99.40328    0 4785          -   99.40328      -     -  374s
     0     0  100.96321    0 5795          -  100.96321      -     -  511s
     0     0  101.15683    0 6152          -  101.15683      -     -  582s
     0     0  101.19820    0 6058          -  101.19820      -     -  590s
     0     0  101.20816    0 6172          -  101.20816      -     -  595s
     0     0  101.20961    0 6114          -  101.20961      -     -  596s
     0     0  101.20982    0 6074          -  101.20982      -     -  597s
     0     0  102.32487    0 6003          -  102.32487      -     -  685s
     0     0  102.53490    0 6100          -  102.53490      -     -  741s
     0     0  102.59035    0 6053          -  102.59035      -     -  760s
     0     0  102.59607    0 6065          -  102.59607      -     -  766s
     0     0  102.59763    0 6020          -  102.59763      -     -  769s
     0     0  102.59830    0 6029          -  102.59830      -     -  770s
     0     0  103.23636    0 6262          -  103.23636      -     -  876s
     0     0  103.36987    0 6169          -  103.36987      -     -  918s
     0     0  103.41205    0 6310          -  103.41205      -     -  930s
     0     0  103.41560    0 6248          -  103.41560      -     -  934s
     0     0  103.41608    0 6346          -  103.41608      -     -  936s
     0     0  103.60914    0 6444          -  103.60914      -     -  997s
     0     0  103.63852    0 6430          -  103.63852      -     - 1012s
     0     0  103.64212    0 6578          -  103.64212      -     - 1022s
     0     0  103.64306    0 6510          -  103.64306      -     - 1025s
     0     0  103.78680    0 6413          -  103.78680      -     - 1087s
     0     0  103.81242    0 6518          -  103.81242      -     - 1117s
     0     0  103.81602    0 6577          -  103.81602      -     - 1121s
     0     0  103.81647    0 6577          -  103.81647      -     - 1123s
     0     0  103.90826    0 6472          -  103.90826      -     - 1181s
     0     0  103.92360    0 6628          -  103.92360      -     - 1196s
     0     0  103.92575    0 6649          -  103.92575      -     - 1201s
     0     0  103.92625    0 6683          -  103.92625      -     - 1203s
     0     0  103.99738    0 6665          -  103.99738      -     - 1245s
     0     0  104.00765    0 6604          -  104.00765      -     - 1254s
     0     0  104.00937    0 6678          -  104.00937      -     - 1264s
     0     0  104.06799    0 6673          -  104.06799      -     - 1309s
     0     0  104.07762    0 6818          -  104.07762      -     - 1318s
     0     0  104.07883    0 6774          -  104.07883      -     - 1321s
     0     0  104.12611    0 6708          -  104.12611      -     - 1370s
     0     0  104.13205    0 6743          -  104.13205      -     - 1381s
     0     0  104.13406    0 6778          -  104.13406      -     - 1394s
     0     0  104.13428    0 6857          -  104.13428      -     - 1396s
     0     0  104.17785    0 6651          -  104.17785      -     - 1423s
     0     0  104.18436    0 6768          -  104.18436      -     - 1434s
     0     0  104.18571    0 6752          -  104.18571      -     - 1439s
     0     0  104.22245    0 6772          -  104.22245      -     - 1473s
     0     0  104.22777    0 6767          -  104.22777      -     - 1486s
     0     0  104.22857    0 6803          -  104.22857      -     - 1488s
     0     0  104.26199    0 6800          -  104.26199      -     - 1527s
     0     0  104.26585    0 6783          -  104.26585      -     - 1535s
     0     0  104.26622    0 6782          -  104.26622      -     - 1536s
     0     0  104.28461    0 6686          -  104.28461      -     - 1572s
     0     0  104.28750    0 6787          -  104.28750      -     - 1584s
     0     0  104.28805    0 6864          -  104.28805      -     - 1586s
     0     0  104.30363    0 6810          -  104.30363      -     - 1600s
     0     0  104.30694    0 6888          -  104.30694      -     - 1606s
     0     0  104.30721    0 6906          -  104.30721      -     - 1608s
     0     0  104.32502    0 6857          -  104.32502      -     - 1638s
     0     0  104.32675    0 6894          -  104.32675      -     - 1645s
     0     0  104.33671    0 6795          -  104.33671      -     - 1670s
     0     0  104.33906    0 6857          -  104.33906      -     - 1681s
     0     0  104.33970    0 6869          -  104.33970      -     - 1686s
     0     0  104.34948    0 6836          -  104.34948      -     - 1708s
     0     0  104.34948    0 6396          -  104.34948      -     - 1750s
     0     2  104.34948    0 6271          -  104.34948      -     - 2887s
     1     4  104.35819    1 6196          -  104.34949      -  7881 2915s
     3     8  104.35819    2 6196          -  104.35819      -  6125 2930s
     7    16  104.36072    3 6176          -  104.35819      -  5463 2953s
    15    32  104.36419    4 6124          -  104.36075      -  5278 2986s
    31    48  104.36788    5 6076          -  104.36466      -  6906 3250s
    47    64  104.36802    6 6102          -  104.36466      - 13635 3258s
    63    80  104.36887    7 6070          -  104.36466      - 10481 3262s
    79    96  104.36898    8 6047          -  104.36466      -  8503 3267s
    95   118  104.74083    9 6067          -  104.36466      -  7289 3276s
   117   138  104.74106   10 6041          -  104.36466      -  6096 3283s
   137   157  104.74179   11 6004          -  104.36466      -  5398 3294s
   156   179  104.74837   12 6009          -  104.36466      -  4996 3308s
   178   204  104.75612   13 5992          -  104.36466      -  4631 3316s
   203   233  104.76332   14 5971          -  104.36466      -  4213 3327s
   232   264  104.77087   15 5933          -  104.36466      -  3851 3341s
   263   305  104.77110   16 5963          -  104.36466      -  3537 3354s
   304   341  104.77187   18 5958          -  104.36466      -  3162 3363s
   340   381  104.77608   19 5917          -  104.36466      -  2938 3371s
   380   422  104.78108   20 5874          -  104.36466      -  2703 3405s
   421   470  104.78492   21 5847          -  104.36466      -  2559 3413s
   469   514  104.79136   22 5870          -  104.36466      -  2359 3428s
   513   573  104.79303   23 5873          -  104.36466      -  2253 3435s
   572   622  104.79949   24 5891          -  104.36466      -  2088 3464s
   621   687  106.15857   25 5934          -  104.36466      -  2019 3491s
   686   775  106.16701   26 5992          -  104.36466      -  1923 3500s
   774   849  106.16701   27 5992          -  104.36466      -  1755 3514s
   848   885  107.94068   31 5872          -  104.36466      -  1663 3541s
   884   971  107.94116   32 5849          -  104.36466      -  1624 3553s
   970  1050  107.94570   34 5907          -  104.36466      -  1535 3569s
  1049  1136  107.94821   37 5945          -  104.36466      -  1472 3586s
  1135  1218  107.95586   40 5908          -  104.36466      -  1414 3613s
  1217  1297  107.97910   42 5908          -  104.36466      -  1370 3631s
  1296  1392  108.06056   44 5962          -  104.36466      -  1343 3660s
  1391  1470  108.06398   47 5974          -  104.36466      -  1307 3707s
  1471  1535  108.06439   53 5840          -  104.36466      -  1308 3738s
  1536  1673  108.07612   56 5764          -  104.36466      -  1305 3787s
  1674  1780  113.40974   70 5676          -  104.36466      -  1259 3828s
  1785  1905  113.41546   76 5543          -  104.36466      -  1240 3854s
  1917  2016  113.43065   80 5455          -  104.36466      -  1198 3873s
  2038  2143  122.50248   99 5462          -  104.36466      -  1175 3910s
  2169  2303  132.26671  100 5418          -  104.36466      -  1159 3944s
  2339  2426  131.26679  100 5307          -  104.36466      -  1127 3978s
  2479  2614  131.26679  101 5307          -  104.36466      -  1110 4007s
  2688  2757  141.80213  115 5267          -  104.36466      -  1067 4035s
  2888  2830  141.96085  119 5235          -  104.36466      -  1025 4071s
  3047  2959  142.53888  124 5039          -  104.36466      -  1006 4103s
  3236  3084  145.88756  131 5278          -  104.36466      -   978 4135s
  3417  3241  152.24829  138 4949          -  104.36466      -   956 4159s
  3633  3428  152.56629  141 4845          -  104.36466      -   936 4185s
  3868  3689  153.49055  145 4488          -  104.36466      -   915 4220s
  4159  3995  153.75815  149 4256          -  104.36466      -   887 4263s
  4542  4253  154.06210  154 3904          -  104.36466      -   849 4300s
  4873  4549  156.67614  179 2217          -  104.36466      -   821 4337s
  5285  4905  156.86695  224 2003          -  104.36466      -   790 4376s
  5793  5268  158.05812  275 1966          -  104.36466      -   747 4407s
  6286  5622  160.01705  332 1910          -  104.36466      -   712 4440s
  6812  5868 infeasible  374               -  104.36466      -   679 4486s
  7167  6223  163.02291  430 1813          -  104.36466      -   667 4512s
  7610  6576 infeasible  498               -  104.36466      -   645 4569s
  8069  6936  166.14474  571 1684          -  104.36466      -   633 4601s
  8449  7208 infeasible  656               -  104.36804      -   627 4625s
  8767  7436  104.63266    8 5998          -  104.36804      -   621 4676s
  9020  7694  104.65581   15 5897          -  104.36804      -   624 4714s
  9289  7915  104.67190   21 5855          -  104.36804      -   626 4763s
  9543  8218  104.69368   27 5864          -  104.36804      -   629 4804s
  9910  8556  108.80370   30 5675          -  104.36804      -   632 4838s
 10321  8557  117.11091  139 6396          -  104.36804      -   629 5477s
 10323  8558  154.23040  241 3449          -  104.36804      -   629 5711s
 10324  8559  111.69071   20 3813          -  104.36804      -   629 5908s
 10325  8560  122.09453  192 4576          -  105.33129      -   629 6187s
 10326  8560  177.87031 1167 4625          -  105.93895      -   628 6447s
 10327  8561  164.02989  685 5170          -  106.24841      -   628 6585s
 10328  8562  114.76307  106 4651          -  106.76938      -   628 6784s
 10329  8562  145.68017  252 4938          -  106.92631      -   628 6921s
 10330  8563  176.40730  642 5038          -  107.38759      -   628 7087s
 10331  8564  107.54778   64 5096          -  107.54778      -   628 7186s

Cutting planes:
  Learned: 13
  Gomory: 27
  Cover: 1053
  Implied bound: 675
  Projected implied bound: 532
  Clique: 19
  MIR: 3939
  StrongCG: 21
  Flow cover: 5812
  GUB cover: 15
  Zero half: 9
  Network: 3
  RLT: 348
  Relax-and-lift: 296
  PSD: 16

Explored 10331 nodes (7804671 simplex iterations) in 7200.17 seconds (13204.16 work units)
Thread count was 32 (of 32 available processors)

Solution count 0

Time limit reached
Best objective -, best bound 1.075477842546e+02, gap -
