
Gurobi 9.5.2 (linux64) logging started Thu Aug  6 23:15:22 2026

Set parameter LogFile to value "/mnt/beegfs/users/celinep/ChargeAndBreak/logs/RlongCmediumTnone_46_2SP_20260805_125729_140_gurobi.log"
Gurobi Optimizer version 9.5.2 build v9.5.2rc0 (linux64)
Thread count: 16 physical cores, 32 logical processors, using up to 32 threads
Optimize a model with 192811 rows, 93861 columns and 643965 nonzeros
Model fingerprint: 0x9ab64390
Variable types: 80126 continuous, 13735 integer (13735 binary)
Coefficient statistics:
  Matrix range     [2e-02, 2e+03]
  Objective range  [4e-02, 4e-02]
  Bounds range     [1e+00, 1e+00]
  RHS range        [5e-02, 2e+07]
Presolve removed 61830 rows and 20502 columns (presolve time = 7s) ...
Presolve removed 62501 rows and 21196 columns
Presolve time: 7.63s
Presolved: 130310 rows, 72665 columns, 560161 nonzeros
Variable types: 62483 continuous, 10182 integer (10181 binary)

Deterministic concurrent LP optimizer: primal and dual simplex (primal and dual model)
Showing first log only...

Root relaxation presolve removed 2886 rows and 2886 columns
Root relaxation presolved: 127424 rows, 69779 columns, 554389 nonzeros


Root simplex log...

Iteration    Objective       Primal Inf.    Dual Inf.      Time
       0    5.6568372e+01   7.137216e+04   7.200575e+11     11s
   50947    9.0617395e+01   3.244033e+02   1.941021e+09     15s
   58384    1.2997454e+02   7.309661e+01   1.718194e+09     20s
   63037    1.3784524e+02   0.000000e+00   7.658235e+02     25s
   64809    1.3014307e+02   0.000000e+00   2.153218e+03     31s
   66219    1.2632516e+02   0.000000e+00   3.721422e+05     35s
   67577    1.2100091e+02   0.000000e+00   5.322030e+04     41s
   68726    1.1940506e+02   0.000000e+00   6.118001e+04     45s
   69973    1.1738345e+02   0.000000e+00   8.083408e+04     51s
   71242    1.1548104e+02   0.000000e+00   7.602792e+04     55s
   72362    1.1478620e+02   0.000000e+00   1.588650e+05     60s
   73362    1.1413780e+02   0.000000e+00   1.801949e+04     66s
   74182    1.1337203e+02   0.000000e+00   3.411703e+04     71s
   75062    1.1203230e+02   0.000000e+00   7.618406e+05     75s
   76242    1.1112241e+02   0.000000e+00   4.201302e+05     80s
   77282    1.1067077e+02   0.000000e+00   3.204499e+05     85s
   78272    1.1016809e+02   0.000000e+00   1.595109e+04     90s
   79272    1.0938239e+02   0.000000e+00   1.459485e+05     95s
   80936    1.0759731e+02   0.000000e+00   6.108756e+04    101s
   81816    1.0748344e+02   0.000000e+00   1.416902e+04    105s
   82995    1.0695714e+02   0.000000e+00   4.001679e+04    111s
   84145    1.0649305e+02   0.000000e+00   8.357507e+04    116s
   85583    1.0575748e+02   0.000000e+00   5.698119e+04    121s
   86573    1.0556901e+02   0.000000e+00   3.085083e+04    125s
   87752    1.0525319e+02   0.000000e+00   9.433602e+03    130s
   88981    1.0495794e+02   0.000000e+00   5.954767e+04    135s
   90936    1.0427659e+02   0.000000e+00   3.564996e+05    140s
   92671    1.0359093e+02   0.000000e+00   5.051125e+06    145s
   94101    1.0315602e+02   0.000000e+00   9.386502e+03    150s
   95321    1.0293446e+02   0.000000e+00   1.986248e+04    155s
   96981    1.0254347e+02   0.000000e+00   2.973043e+04    160s
   98471    1.0219392e+02   0.000000e+00   1.771868e+04    165s
  100460    1.0145646e+02   0.000000e+00   5.458204e+04    170s
  101520    1.0125569e+02   0.000000e+00   4.085269e+03    175s
  102600    1.0113627e+02   0.000000e+00   7.879153e+04    180s
  104108    1.0090237e+02   0.000000e+00   6.203227e+03    185s
  105038    1.0078440e+02   0.000000e+00   5.136279e+03    191s
  106148    1.0048145e+02   0.000000e+00   1.973690e+05    196s
  107348    1.0029027e+02   0.000000e+00   2.156475e+03    200s
  108728    1.0012330e+02   0.000000e+00   9.102045e+03    205s
  110604    9.9854678e+01   0.000000e+00   6.727810e+03    210s
  112024    9.9726426e+01   0.000000e+00   2.642977e+03    215s
  113344    9.9561822e+01   0.000000e+00   4.896325e+03    220s
  114434    9.9479107e+01   0.000000e+00   3.600682e+03    225s
  115823    9.9368374e+01   0.000000e+00   2.679033e+05    230s
  116963    9.9265498e+01   0.000000e+00   1.015371e+04    235s
  117973    9.9184952e+01   0.000000e+00   1.424911e+04    240s
  119381    9.9038833e+01   0.000000e+00   1.494611e+04    245s
  120481    9.8971139e+01   0.000000e+00   3.439814e+04    250s
  121849    9.8842481e+01   0.000000e+00   2.618029e+03    255s
  122849    9.8728477e+01   0.000000e+00   3.612514e+04    260s
  123969    9.8679976e+01   0.000000e+00   3.747752e+03    265s
  125447    9.8577350e+01   0.000000e+00   4.157180e+02    270s
  126767    9.8544373e+01   0.000000e+00   1.265741e+04    275s
  128185    9.8476291e+01   0.000000e+00   2.072619e+03    280s
  129215    9.8436021e+01   0.000000e+00   6.473260e+03    285s
  130285    9.8392046e+01   0.000000e+00   4.903347e+02    290s
  131285    9.8364245e+01   0.000000e+00   3.750170e+02    295s
  132704    9.8283110e+01   0.000000e+00   6.158336e+02    301s
  133604    9.8246589e+01   0.000000e+00   1.145868e+04    305s
  134764    9.8185617e+01   0.000000e+00   3.345459e+03    310s
  135764    9.8146100e+01   0.000000e+00   2.539004e+06    315s
  136814    9.8091306e+01   0.000000e+00   4.262152e+03    320s
  138044    9.8061446e+01   0.000000e+00   1.203935e+04    325s
  139431    9.7984896e+01   0.000000e+00   2.725013e+03    330s
  140451    9.7928382e+01   0.000000e+00   2.819014e+04    336s
Concurrent spin time: 0.02s

Solved with primal simplex (dual model)

Root relaxation: objective 9.749104e+01, 91410 iterations, 329.69 seconds (208.26 work units)
Total elapsed time = 343.67s
Total elapsed time = 346.13s

    Nodes    |    Current Node    |     Objective Bounds      |     Work
 Expl Unexpl |  Obj  Depth IntInf | Incumbent    BestBd   Gap | It/Node Time

     0     0   97.49300    0 3555          -   97.49300      -     -  369s
     0     0   98.96217    0 4115          -   98.96217      -     -  574s
     0     0   99.61069    0 4878          -   99.61069      -     -  705s
     0     0   99.63695    0 4833          -   99.63695      -     -  732s
     0     0   99.63791    0 4858          -   99.63791      -     -  746s
     0     0   99.63820    0 4882          -   99.63820      -     -  748s
     0     0   99.63822    0 4829          -   99.63822      -     -  752s
     0     0  100.82688    0 5680          -  100.82688      -     -  999s
     0     0  101.01027    0 5786          -  101.01027      -     - 1119s
     0     0  101.02685    0 5789          -  101.02685      -     - 1151s
     0     0  101.03270    0 5833          -  101.03270      -     - 1161s
     0     0  101.03330    0 5822          -  101.03330      -     - 1164s
     0     0  102.28100    0 5987          -  102.28100      -     - 1422s
     0     0  102.59477    0 5957          -  102.59477      -     - 1533s
     0     0  102.64865    0 5904          -  102.64865      -     - 1578s
     0     0  102.65559    0 5963          -  102.65559      -     - 1610s
     0     0  102.65739    0 6004          -  102.65739      -     - 1619s
     0     0  102.65786    0 6033          -  102.65786      -     - 1623s
     0     0  103.46011    0 6231          -  103.46011      -     - 1820s
     0     0  103.60022    0 6296          -  103.60022      -     - 1894s
     0     0  103.62558    0 6284          -  103.62558      -     - 1931s
     0     0  103.63012    0 6268          -  103.63012      -     - 1957s
     0     0  103.63094    0 6315          -  103.63094      -     - 1965s
     0     0  103.89715    0 6330          -  103.89715      -     - 2073s
     0     0  103.94706    0 6422          -  103.94706      -     - 2137s
     0     0  103.95448    0 6513          -  103.95448      -     - 2150s
     0     0  103.95534    0 6547          -  103.95534      -     - 2162s
     0     0  104.14195    0 6523          -  104.14195      -     - 2269s
     0     0  104.17297    0 6543          -  104.17297      -     - 2343s
     0     0  104.17865    0 6603          -  104.17865      -     - 2368s
     0     0  104.17956    0 6641          -  104.17956      -     - 2395s
     0     0  104.31087    0 6547          -  104.31087      -     - 2507s
     0     0  104.33535    0 6498          -  104.33535      -     - 2595s
     0     0  104.34068    0 6647          -  104.34068      -     - 2648s
     0     0  104.34132    0 6631          -  104.34132      -     - 2672s
     0     0  104.45086    0 6639          -  104.45086      -     - 2798s
     0     0  104.46441    0 6609          -  104.46441      -     - 2840s
     0     0  104.46694    0 6669          -  104.46694      -     - 2866s
     0     0  104.46734    0 6653          -  104.46734      -     - 2923s
     0     0  104.52775    0 6571          -  104.52775      -     - 3061s
     0     0  104.53948    0 6574          -  104.53948      -     - 3140s
     0     0  104.54073    0 6604          -  104.54073      -     - 3215s
     0     0  104.60277    0 6574          -  104.60277      -     - 3413s
     0     0  104.61178    0 6682          -  104.61178      -     - 3489s
     0     0  104.61261    0 6669          -  104.61261      -     - 3566s
     0     0  104.64505    0 6631          -  104.64505      -     - 3694s
     0     0  104.64950    0 6620          -  104.64950      -     - 3708s
     0     0  104.65034    0 6634          -  104.65034      -     - 3713s
     0     0  104.68482    0 6586          -  104.68482      -     - 3854s
     0     0  104.68884    0 6630          -  104.68884      -     - 3872s
     0     0  104.68991    0 6606          -  104.68991      -     - 3895s
     0     0  104.71191    0 6589          -  104.71191      -     - 3995s
     0     0  104.71610    0 6619          -  104.71610      -     - 4069s
     0     0  104.71675    0 6667          -  104.71675      -     - 4157s
     0     0  104.74752    0 6658          -  104.74752      -     - 4355s
     0     0  104.75227    0 6645          -  104.75227      -     - 4468s
     0     0  104.75269    0 6659          -  104.75269      -     - 4486s
     0     0  104.77327    0 6701          -  104.77327      -     - 4663s
     0     0  104.77797    0 6675          -  104.77797      -     - 4779s
     0     0  104.77936    0 6670          -  104.77936      -     - 4803s
     0     0  104.79700    0 6620          -  104.79700      -     - 4926s
     0     0  104.80198    0 6662          -  104.80198      -     - 5008s
     0     0  104.80250    0 6638          -  104.80250      -     - 5040s
     0     0  104.81738    0 6745          -  104.81738      -     - 5105s
     0     0  104.81885    0 6751          -  104.81885      -     - 5205s
     0     0  104.82574    0 6713          -  104.82574      -     - 5296s
     0     0  104.82574    0 6251          -  104.82574      -     - 5848s

Cutting planes:
  Learned: 78
  Gomory: 2
  Cover: 688
  Implied bound: 1402
  Clique: 2216
  MIR: 3849
  Flow cover: 3523
  Zero half: 2
  Network: 1
  RLT: 520
  Relax-and-lift: 260

Explored 1 nodes (1076947 simplex iterations) in 7200.08 seconds (7398.88 work units)
Thread count was 32 (of 32 available processors)

Solution count 0

Time limit reached
Best objective -, best bound 1.048257407356e+02, gap -
