
Gurobi 9.5.2 (linux64) logging started Tue Aug 11 22:30:50 2026

Set parameter LogFile to value "/mnt/beegfs/users/celinep/ChargeAndBreak/logs/RlongCmanyTnone_14_RO_20260811_103039_055_gurobi.log"
Gurobi Optimizer version 9.5.2 build v9.5.2rc0 (linux64)
Thread count: 16 physical cores, 32 logical processors, using up to 32 threads
Optimize a model with 9674 rows, 5405 columns and 33347 nonzeros
Model fingerprint: 0x1372f2d9
Variable types: 3410 continuous, 1995 integer (1995 binary)
Coefficient statistics:
  Matrix range     [2e-02, 2e+03]
  Objective range  [1e+00, 1e+00]
  Bounds range     [1e+00, 1e+00]
  RHS range        [1e-01, 2e+07]
Presolve removed 3045 rows and 1009 columns
Presolve time: 0.10s
Presolved: 6629 rows, 4396 columns, 27523 nonzeros
Variable types: 2604 continuous, 1792 integer (1791 binary)

Root relaxation: objective 1.765293e+02, 4621 iterations, 0.20 seconds (0.10 work units)

    Nodes    |    Current Node    |     Objective Bounds      |     Work
 Expl Unexpl |  Obj  Depth IntInf | Incumbent    BestBd   Gap | It/Node Time

     0     0  178.50804    0  472          -  178.50804      -     -    0s
H    0     0                     263.4064141  180.93170  31.3%     -    1s
     0     0  180.93181    0  385  263.40641  180.93181  31.3%     -    1s
H    0     0                     262.7994571  180.93891  31.1%     -    1s
     0     0  180.93891    0  374  262.79946  180.93891  31.1%     -    1s
     0     0  180.93893    0  374  262.79946  180.93893  31.1%     -    1s
     0     0  181.31310    0  531  262.79946  181.31310  31.0%     -    1s
H    0     0                     241.3827904  181.31310  24.9%     -    1s
     0     0  181.33644    0  556  241.38279  181.33644  24.9%     -    2s
     0     0  181.34324    0  554  241.38279  181.34324  24.9%     -    2s
     0     0  181.34387    0  571  241.38279  181.34387  24.9%     -    2s
     0     0  181.75482    0  458  241.38279  181.75482  24.7%     -    2s
     0     0  181.80661    0  464  241.38279  181.80661  24.7%     -    2s
     0     0  181.83204    0  482  241.38279  181.83204  24.7%     -    3s
     0     0  181.85343    0  482  241.38279  181.85343  24.7%     -    3s
     0     0  181.85563    0  479  241.38279  181.85563  24.7%     -    3s
     0     0  181.85645    0  490  241.38279  181.85645  24.7%     -    3s
     0     0  182.08077    0  567  241.38279  182.08077  24.6%     -    3s
H    0     0                     241.2274893  182.15061  24.5%     -    4s
     0     0  182.15061    0  558  241.22749  182.15061  24.5%     -    4s
     0     0  182.16615    0  567  241.22749  182.16615  24.5%     -    4s
     0     0  182.16821    0  579  241.22749  182.16821  24.5%     -    4s
     0     0  182.16917    0  585  241.22749  182.16917  24.5%     -    4s
     0     0  182.16919    0  583  241.22749  182.16919  24.5%     -    4s
     0     0  182.23056    0  585  241.22749  182.23056  24.5%     -    4s
     0     0  182.25641    0  571  241.22749  182.25641  24.4%     -    5s
     0     0  182.27804    0  576  241.22749  182.27804  24.4%     -    5s
     0     0  182.27890    0  571  241.22749  182.27890  24.4%     -    5s
     0     0  182.37510    0  490  241.22749  182.37510  24.4%     -    5s
     0     0  182.39493    0  532  241.22749  182.39493  24.4%     -    6s
     0     0  182.39775    0  537  241.22749  182.39775  24.4%     -    6s
     0     0  182.39851    0  529  241.22749  182.39851  24.4%     -    6s
     0     0  182.46627    0  564  241.22749  182.46627  24.4%     -    6s
     0     0  182.47787    0  552  241.22749  182.47787  24.4%     -    6s
     0     0  182.47965    0  588  241.22749  182.47965  24.4%     -    6s
     0     0  182.47981    0  595  241.22749  182.47981  24.4%     -    7s
     0     0  182.51557    0  579  241.22749  182.51557  24.3%     -    7s
     0     0  182.52451    0  600  241.22749  182.52451  24.3%     -    7s
     0     0  182.52484    0  568  241.22749  182.52484  24.3%     -    7s
     0     0  182.55913    0  559  241.22749  182.55913  24.3%     -    7s
     0     0  182.57152    0  560  241.22749  182.57152  24.3%     -    8s
     0     0  182.57268    0  585  241.22749  182.57268  24.3%     -    8s
     0     0  182.58197    0  626  241.22749  182.58197  24.3%     -    8s
     0     0  182.58371    0  612  241.22749  182.58371  24.3%     -    9s
     0     0  182.58415    0  619  241.22749  182.58415  24.3%     -    9s
     0     0  182.60678    0  603  241.22749  182.60678  24.3%     -    9s
     0     0  182.61092    0  566  241.22749  182.61092  24.3%     -    9s
     0     0  182.61122    0  569  241.22749  182.61122  24.3%     -   10s
     0     0  182.63864    0  591  241.22749  182.63864  24.3%     -   10s
     0     0  182.64022    0  596  241.22749  182.64022  24.3%     -   10s
     0     0  182.64091    0  598  241.22749  182.64091  24.3%     -   10s
     0     0  182.64599    0  610  241.22749  182.64599  24.3%     -   11s
     0     0  182.64779    0  606  241.22749  182.64779  24.3%     -   11s
     0     0  182.64779    0  606  241.22749  182.64779  24.3%     -   11s
     0     0  182.64793    0  601  241.22749  182.64793  24.3%     -   12s
     0     0  182.64793    0  402  241.22749  182.64793  24.3%     -   13s
H    0     2                     241.2274893  182.64793  24.3%     -   17s
     0     2  182.64793    0  401  241.22749  182.64793  24.3%     -   17s
    63    80  183.85039    7  403  241.22749  182.69181  24.3%   162   22s
H   79    96                     240.8860131  182.69181  24.2%   144   22s
H   88    96                     230.9673244  182.69181  20.9%   137   22s
H  120   137                     230.5124889  182.69181  20.7%   123   25s
H  127   137                     230.3638569  182.69181  20.7%   122   25s
H  128   137                     230.2879502  182.69181  20.7%   121   25s
H  130   137                     230.2640621  182.69181  20.7%   121   25s
H  133   137                     230.1773365  182.69181  20.6%   120   25s
H  136   153                     217.0050504  182.69181  15.8%   119   29s
H  141   153                     216.9534353  182.69181  15.8%   118   29s
   152   179  184.96093   13  471  216.95344  182.69181  15.8%   116   30s
H  180   194                     216.8504190  182.69181  15.8%   106   44s
H  181   194                     216.6218149  182.69181  15.7%   106   44s
H  187   194                     216.5679594  182.69181  15.6%   104   44s
H  190   194                     213.1409582  182.69181  14.3%   103   44s
H  195   194                     206.6946367  182.69181  11.6%   104   45s
H  240   249                     206.0056870  182.69181  11.3%  96.6   48s
H  244   249                     205.9488802  182.69181  11.3%  97.0   48s
H  247   249                     205.9395780  182.69181  11.3%  96.9   48s
H  252   249                     205.7932203  182.69181  11.2%  96.9   48s
H  303   312                     205.7191892  182.69181  11.2%  90.9   52s
H  313   312                     205.6693103  182.69181  11.2%  91.3   52s
H  317   312                     205.6308211  182.69181  11.2%  91.0   52s
   460   465  184.96093   28  460  205.63082  182.69181  11.2%  78.7   56s
   660   653  184.96171   37  444  205.63082  182.69181  11.2%  65.5   60s
H  666   653                     205.6308211  182.69181  11.2%  65.1   60s
H  770   746                     205.6308211  182.69181  11.2%  59.8   62s
   896   873  184.98085   48  457  205.63082  182.69181  11.2%  55.7   65s
  1423  1315  192.99886   80  380  205.63082  182.69181  11.2%  46.3   70s
H 1447  1330                     205.6243911  182.69181  11.2%  47.3   71s
H 1477  1453                     205.6243911  182.69181  11.2%  47.3   73s
H 1580  1453                     205.6180030  182.69181  11.1%  46.9   73s
H 1762  1629                     205.6180030  182.69181  11.1%  46.5   75s
  1778  1644  197.81425  101  294  205.61800  182.69181  11.1%  46.6   85s
H 1781  1641                     205.5346697  182.69181  11.1%  46.5   85s
H 1804  1781                     205.5346697  182.69181  11.1%  46.2   87s
H 2162  1997                     205.5167971  182.69181  11.1%  46.3   89s
  2176  2189  197.91110  130  325  205.51680  182.69181  11.1%  46.4   91s
H 2211  2189                     205.5167971  182.69181  11.1%  46.0   91s
H 2389  2251                     205.5167970  182.69181  11.1%  46.4   93s
  2450  2512  199.94055  143  238  205.51680  182.69181  11.1%  46.3   95s
  2829  2579  186.11511   32  402  205.51680  182.69235  11.1%  45.2  103s
  2832  2581  184.84701   24  396  205.51680  182.69235  11.1%  45.1  106s
  2849  2592  186.08274   75  463  205.51680  183.45078  10.7%  44.8  110s
  2876  2610  189.74581   53  336  205.51680  183.94434  10.5%  44.4  115s
  2899  2626  189.67426   22  385  205.51680  184.42182  10.3%  44.1  120s
H 2919  2505                     205.5167964  184.76662  10.1%  43.8  125s
  2936  2516  185.23907    5  647  205.51680  185.23907  9.87%  43.5  130s
  2951  2526  197.48282   16  516  205.51680  185.82191  9.58%  43.3  136s
  2972  2540  186.17311   14  464  205.51680  186.17311  9.41%  43.0  140s
  2998  2558  194.93889   57  531  205.51680  186.50317  9.25%  42.6  145s
  3017  2570  187.21354  113  516  205.51680  186.64840  9.18%  42.3  150s
  3038  2584  188.21068   25  545  205.51680  186.82191  9.10%  42.1  155s
  3053  2594  186.93798   29  620  205.51680  186.93798  9.04%  41.8  160s
  3077  2610  204.00081  156  572  205.51680  187.29422  8.87%  41.5  165s
  3101  2626  187.41739   79  560  205.51680  187.41739  8.81%  41.2  170s
  3121  2640  199.76997   10  624  205.51680  187.51057  8.76%  40.9  175s
  3137  2650  187.60497   51  573  205.51680  187.60497  8.72%  40.7  180s
  3164  2668  204.84205   83  586  205.51680  187.78982  8.63%  40.4  185s
H 3189  2545                     205.5167964  187.89767  8.57%  40.1  189s
  3191  2546  201.80256   81  465  205.51680  187.91814  8.56%  40.0  190s
  3214  2562  187.98436   13  624  205.51680  187.98436  8.53%  39.7  195s
  3233  2574  204.24323   64  569  205.51680  188.06898  8.49%  39.5  200s
  3254  2588  188.21433   87  616  205.51680  188.21433  8.42%  39.3  205s
  3275  2602  188.32168   24  534  205.51680  188.32168  8.37%  39.0  210s
  3300  2619  203.97177  115  538  205.51680  188.57913  8.24%  38.7  215s
  3324  2635  188.67925   31  527  205.51680  188.67925  8.19%  38.4  220s
  3344  2648  188.73530   31  667  205.51680  188.73530  8.17%  38.2  225s
  3362  2660  193.78096   27  614  205.51680  188.79320  8.14%  38.0  230s
  3384  2675  188.83300   28  590  205.51680  188.83300  8.12%  37.8  235s
  3395  2682  196.55979   37  643  205.51680  188.89150  8.09%  37.6  240s
  3408  2691  201.83468  147  679  205.51680  188.91915  8.08%  37.5  245s
  3419  2698  204.84205   79  660  205.51680  188.93119  8.07%  37.4  250s
  3431  2708  199.65053   60  369  205.51680  188.93277  8.07%   107  255s
  3448  2719  192.54419   15  662  205.51680  189.02564  8.02%   107  260s
  3458  2726  193.21443   99  664  205.51680  189.09253  7.99%   107  265s
  3468  2733  189.11853   22  619  205.51680  189.11853  7.98%   106  270s
  3476  2738  189.74581   53  661  205.51680  189.15245  7.96%   106  275s
  3488  2746  189.36199   66  554  205.51680  189.34014  7.87%   106  280s
  3499  2753  189.67426   22  687  205.51680  189.56305  7.76%   105  285s
  3506  2758  189.71831    7  531  205.51680  189.71831  7.69%   105  290s
  3518  2766  189.83617   46  581  205.51680  189.83617  7.63%   105  295s
  3525  2771  202.28468  130  569  205.51680  189.87747  7.61%   105  301s
  3536  2778  189.94673    5  613  205.51680  189.94673  7.58%   104  305s
  3541  2781  189.96998    5  515  205.51680  189.96998  7.56%   104  310s
  3548  2786  192.54419   15  459  205.51680  190.01081  7.54%   104  315s
  3559  2793  190.02683   68  543  205.51680  190.02683  7.54%   104  320s
  3570  2801  190.04114   25  510  205.51680  190.04114  7.53%   103  325s
  3575  2804  190.05973   24  536  205.51680  190.05973  7.52%   103  330s
  3581  2808  190.06644    5  498  205.51680  190.06644  7.52%   103  335s
  3585  2811  197.81576  103  537  205.51680  190.06799  7.52%   103  340s
  3591  2815  201.80256   81  551  205.51680  190.07202  7.52%   103  346s
  3593  2816  201.35619  113  542  205.51680  190.07211  7.52%   103  350s
  3600  2822  203.97177  115  468  205.51680  190.07379  7.51%   124  355s
  3604  2825  194.65357   49  390  205.51680  190.07379  7.51%   124  360s
  3612  2830  190.07379   31  470  205.51680  190.07379  7.51%   123  365s
  3619  2835  204.84205   79  497  205.51680  190.07756  7.51%   123  370s
  3623  2838  192.57127   30  499  205.51680  190.08098  7.51%   123  375s
  3628  2841  190.08569    9  481  205.51680  190.08569  7.51%   123  381s
  3632  2844  190.10059   24  529  205.51680  190.10059  7.50%   123  385s
  3639  2848  193.80417   31  473  205.51680  190.12752  7.49%   122  390s
  3642  2850  190.13409   43  489  205.51680  190.13409  7.48%   122  395s
  3648  2854  192.54419   15  564  205.51680  190.13819  7.48%   122  400s
  3653  2858  190.15225   29  611  205.51680  190.15225  7.48%   122  405s
  3657  2860  190.16076   54  531  205.51680  190.16076  7.47%   122  410s
  3664  2865  204.84205   83  556  205.51680  190.19689  7.45%   122  415s
  3674  2872  198.60723   15  541  205.51680  190.23905  7.43%   121  420s
  3679  2875  190.26736   50  501  205.51680  190.26736  7.42%   121  425s
H 3681  2730                     205.5167958  190.28428  7.41%   121  429s
  3686  2734  201.58033  108  515  205.51680  190.28729  7.41%   121  430s
  3687  2734  205.30397   81  497  205.51680  190.32068  7.39%   121  435s
  3694  2739  193.60373   80  498  205.51680  190.40264  7.35%   121  440s
  3702  2744  190.51607   99  546  205.51680  190.51607  7.30%   120  445s
  3708  2748  201.83468  147  434  205.51680  190.52807  7.29%   120  450s
  3718  2755  190.54112   46  493  205.51680  190.54112  7.29%   120  455s
  3727  2761  190.55380   54  412  205.51680  190.55380  7.28%   120  461s
  3734  2766  202.00980  125  465  205.51680  190.56386  7.28%   119  466s
  3739  2769  193.80417   31  525  205.51680  190.57882  7.27%   119  470s
  3745  2773  203.94921  117  466  205.51680  190.58584  7.27%   119  477s
  3750  2776  194.68507   56  463  205.51680  190.59142  7.26%   119  480s
  3754  2779  190.59299   87  520  205.51680  190.59299  7.26%   119  485s
H 3759  2640                     205.5167957  190.59710  7.26%   119  491s
  3766  2645  192.51546   16  535  205.51680  190.60395  7.26%   118  495s
  3770  2648  190.60421   25  475  205.51680  190.60421  7.26%   118  501s
  3775  2652  190.60441   24  402  205.51680  190.60441  7.26%   138  505s
  3778  2654  205.29556   32  352  205.51680  190.60441  7.26%   138  511s
  3783  2657  197.81800  106  335  205.51680  190.60441  7.26%   137  515s
  3790  2662  190.60441   33  448  205.51680  190.60441  7.26%   137  520s
  3797  2667  201.55231   61  504  205.51680  190.60484  7.26%   137  525s
  3800  2669  203.97177  115  487  205.51680  190.60578  7.26%   137  532s
  3802  2670  190.60708   99  497  205.51680  190.60708  7.25%   137  537s
  3805  2672  190.60799  115  485  205.51680  190.60799  7.25%   137  541s
  3807  2673  190.60820   90  497  205.51680  190.60820  7.25%   137  545s
  3812  2677  190.61034   31  471  205.51680  190.61034  7.25%   136  553s
  3814  2678  190.61343   13  434  205.51680  190.61343  7.25%   136  557s
  3815  2682  190.61706   44  417  205.51680  190.61706  7.25%   144  590s
  3817  2685  190.62258   45  432  205.51680  190.62258  7.25%   144  624s
  3821  2692  190.64448   46  515  205.51680  190.64448  7.24%   144  633s
  3829  2705  190.64723   47  523  205.51680  190.64723  7.24%   144  638s
  3845  2716  190.64801   48  521  205.51680  190.64801  7.23%   145  642s
  3877  2737  190.65018   49  520  205.51680  190.64825  7.23%   146  645s
  3938  2776  190.67070   51  505  205.51680  190.65647  7.23%   146  666s
H 3943  2639                     205.4869050  190.65647  7.22%   146  666s
H 3948  2509                     205.3998739  190.65647  7.18%   146  666s
  3981  2539  190.70315   52  429  205.39987  190.67161  7.17%   146  679s
  3997  2574  190.70754   52  492  205.39987  190.70405  7.15%   146  680s
  4037  2577  190.81880   53  392  205.39987  190.70405  7.15%   146  703s
H 4045  2453                     205.3998739  190.70405  7.15%   146  703s
H 4046  2337                     205.3919138  190.70405  7.15%   146  703s
  4098  2380  190.85176   55  410  205.39191  190.70405  7.15%   146  711s
H 4100  2271                     205.3919138  190.70405  7.15%   146  711s
  4175  2323  190.87690   58  363  205.39191  190.70405  7.15%   145  748s
  4191  2375  190.91933   58  301  205.39191  190.70405  7.15%   145  750s
  4361  2435  190.93076   64  312  205.39191  190.70405  7.15%   143  756s
H 4376  2326                     205.3919138  190.70405  7.15%   143  756s
  4484  2411  190.98242   67  271  205.39191  190.70405  7.15%   142  762s
H 4489  2310                     205.3919137  190.70405  7.15%   142  762s
  4607  2384  190.99416   71  306  205.39191  190.70405  7.15%   140  770s
H 4616  2287                     205.3817121  190.70405  7.15%   140  770s
  4742  2373  191.00567   72  313  205.38171  190.70405  7.15%   138  777s
H 4743  2283                     205.3620217  190.70405  7.14%   138  777s
  4888  2372  191.01238   75  311  205.36202  190.70405  7.14%   136  781s
  5050  2459  191.04066   78  305  205.36202  190.70405  7.14%   134  785s
H 5063  2093                     194.8259949  190.70405  2.12%   134  785s
  5372  2067  191.08541   88  354  194.82599  190.70405  2.12%   134  790s
  6137  2484  191.28990  107  282  194.82599  190.70405  2.12%   129  795s
  6955  2786  192.10297  136  240  194.82599  190.70405  2.12%   124  800s
  7153  2949  192.47291  143  235  194.82599  190.70405  2.12%   123  806s
  8062  3372  192.13220  189   87  194.82599  190.72170  2.11%   118  811s
  8868  3511  190.82753   65  433  194.82599  190.72235  2.11%   114  820s
  9115  3837  190.89945   73  423  194.82599  190.72235  2.11%   114  825s
 10140  4741  192.49114   76  372  194.82599  190.72432  2.11%   111  831s
 10946  5532  194.28188  122  334  194.82599  190.72551  2.10%   109  836s
 11348  5535  191.24909   60  371  194.82599  190.73204  2.10%   107  853s
H11358  5519                     194.7098619  190.73204  2.04%   107  853s
 11365  5872  191.24909   61  367  194.70986  190.73204  2.04%   107  856s
 12489  6822  190.97457   67  399  194.70986  190.73783  2.04%   103  862s
 12954  7034  191.11685   83  387  194.70986  190.73783  2.04%   102  865s
H14078  7867                     194.7098619  190.77629  2.02%   101  873s
 14219  8164  192.32201   87  326  194.70986  190.77629  2.02%   101  876s
 15042  9345  191.15161   72  421  194.70986  190.77684  2.02%  99.5  881s
 15945  9782  191.54101   86  459  194.70986  190.77684  2.02%  97.4  885s
 16484 10335  193.25257  127  227  194.70986  190.77904  2.02%  96.6  890s
 17642 11097  191.38534   64  369  194.70986  190.78433  2.02%  96.0  897s
 18288 11234  191.87301   82  418  194.70986  190.78433  2.02%  95.7  900s
 19388 12053  190.79162   72  501  194.70986  190.78532  2.02%  94.2  909s
 19564 12438  190.79216   73  512  194.70986  190.78532  2.02%  94.5  914s
 20023 12976  193.28698   86  361  194.70986  190.79254  2.01%  94.7  919s
 20648 14934  191.69130   81  397  194.70986  190.82996  1.99%  94.0  930s
 23017 15245     cutoff   93       194.70986  190.83996  1.99%  91.7  935s
 23663 15953  192.75145   78  302  194.70986  190.84348  1.99%  91.8  944s
 24382 16831  194.22053  152  187  194.70986  190.86061  1.98%  91.5  949s
 25490 17743 infeasible   91       194.70986  190.86831  1.97%  90.5  954s
 26597 18426  193.12076   99  218  194.70986  190.87263  1.97%  89.7  961s
 27376 18440  191.09591   80  485  194.70986  190.87263  1.97%  89.1  979s
H27381 18440                     194.7098614  190.87263  1.97%  89.1  979s
 27396 19716  191.09619   81  480  194.70986  190.87409  1.97%  89.1  985s
 28901 20309  193.73133  106  246  194.70986  190.87438  1.97%  87.5  991s
 29664 21289  193.04688   63  496  194.70986  190.87638  1.97%  87.4  995s
 30846 22025  194.27999  120  359  194.70986  190.87723  1.97%  87.0 1001s
 31746 22594  191.73535  111  443  194.70986  190.87972  1.97%  87.1 1007s
 32593 23532  190.91814   65  515  194.70986  190.87972  1.97%  87.2 1013s
 33776 24229  192.06937  128  396  194.70986  190.88471  1.96%  87.2 1020s
 34688 25209  192.21714   80  437  194.70986  190.88492  1.96%  87.4 1028s
 35994 25621  193.57349  193  145  194.70986  190.88492  1.96%  87.5 1036s
 36632 26419  194.37776   88  435  194.70986  190.89202  1.96%  87.3 1042s
 37881 27098  192.64383   89  467  194.70986  190.89651  1.96%  87.8 1049s
 38785 28344  193.80279  156  218  194.70986  190.89651  1.96%  87.9 1058s
 40503 29586  190.95396   88  445  194.70986  190.90012  1.96%  87.8 1066s
 42201 29587  193.49935  130  402  194.70986  190.90012  1.96%  88.0 1164s
 42203 29588  192.33826  126  459  194.70986  190.90012  1.96%  88.0 1167s
 42204 29589  192.34532  152  360  194.70986  190.90012  1.96%  88.0 1171s
 42210 29593  191.49970   69  399  194.70986  190.90012  1.96%  87.9 1175s
 42218 29598  192.23520  164  482  194.70986  190.90012  1.96%  87.9 1180s
 42225 29603  193.88219  208  434  194.70986  190.90012  1.96%  87.9 1189s
 42226 29604  193.93017  207  495  194.70986  190.90012  1.96%  87.9 1191s
 42228 29605  192.25902  125  546  194.70986  190.90012  1.96%  87.9 1195s
 42229 29606  194.63233  112  381  194.70986  190.90012  1.96%  87.9 1202s
 42232 29608  192.67091  123  564  194.70986  190.90169  1.96%  87.9 1205s
 42235 29610  192.96637  109  562  194.70986  190.90294  1.96%  87.9 1211s
 42236 29610  194.59195  168  476  194.70986  190.91751  1.95%  87.9 1217s
 42242 29614  193.89008  151  561  194.70986  190.92683  1.94%  87.9 1221s
 42243 29615  192.23856  159  580  194.70986  190.93875  1.94%  87.9 1230s
 42248 29618  192.63765   92  537  194.70986  190.96471  1.92%  87.9 1243s
 42249 29619  190.98012   64  566  194.70986  190.97486  1.92%  87.9 1245s
 42253 29622  194.01024  132  467  194.70986  190.98598  1.91%  87.9 1255s
 42256 29624  191.02506   95  523  194.70986  190.98772  1.91%  87.9 1260s
 42257 29624  194.54150  319  458  194.70986  190.99238  1.91%  87.9 1266s
 42259 29626  193.68012  176  563  194.70986  190.99340  1.91%  87.8 1271s
 42260 29626  191.74291   83  467  194.70986  190.99817  1.91%  87.8 1279s
 42261 29627  193.34826   86  577  194.70986  190.99946  1.91%  87.8 1280s
 42264 29629  191.08182   82  459  194.70986  191.00813  1.90%  87.8 1293s
 42265 29630  194.23384  115  508  194.70986  191.01123  1.90%  87.8 1295s
 42271 29634  191.01620   64  586  194.70986  191.01620  1.90%  87.8 1302s
 42272 29634  192.07192  103  606  194.70986  191.01861  1.90%  87.8 1308s
 42276 29637  193.31728  156  573  194.70986  191.02132  1.89%  87.8 1311s
 42277 29638  191.55571   67  507  194.70986  191.02413  1.89%  87.8 1320s
 42282 29641  192.39281  153  569  194.70986  191.02691  1.89%  87.8 1328s
 42283 29642  192.58858  194  586  194.70986  191.02703  1.89%  87.8 1332s
 42284 29642  193.36640  171  523  194.70986  191.02998  1.89%  87.8 1339s
 42287 29644  194.11087  195  616  194.70986  191.03163  1.89%  87.8 1342s
 42288 29645  193.97412  129  522  194.70986  191.03600  1.89%  87.8 1353s
 42291 29647  192.34625  145  619  194.70986  191.03798  1.89%  87.8 1357s
 42292 29648  191.09321   86  450  194.70986  191.03971  1.88%  87.8 1362s
 42296 29650  194.01926  162  538  194.70986  191.04127  1.88%  87.8 1367s
 42297 29651  193.54891  108  503  194.70986  191.04187  1.88%  87.8 1373s
H42300 28168                     194.7098612  191.04593  1.88%  87.8 1378s
 42302 28169  194.48956  150  453  194.70986  191.04776  1.88%  87.8 1383s
 42306 28172  192.83665  102  506  194.70986  191.04937  1.88%  87.7 1386s
 42307 28173  193.64517  174  461  194.70986  191.05338  1.88%  87.7 1391s
 42310 28175  191.49970   69  568  194.70986  191.05638  1.88%  87.7 1395s
 42313 28177  193.18493   73  575  194.70986  191.05963  1.87%  87.7 1403s
 42314 28177  191.11566   86  490  194.70986  191.06143  1.87%  87.7 1408s
 42315 28178  191.59336   81  533  194.70986  191.06165  1.87%  87.7 1411s
 42316 28179  192.41519   91  495  194.70986  191.06565  1.87%  87.7 1415s
 42319 28181  192.82579  116  474  194.70986  191.06661  1.87%  87.7 1422s
 42320 28181  193.61507  175  559  194.70986  191.06680  1.87%  87.7 1427s
 42321 28182  191.90164   81  498  194.70986  191.06781  1.87%  87.7 1435s
 42326 28185  193.93017  207  440  194.70986  191.07237  1.87%  87.7 1442s
 42328 28187  192.25902  125  597  194.70986  191.07291  1.87%  87.7 1445s
 42332 28189  192.67091  123  624  194.70986  191.07714  1.87%  87.7 1455s
 42333 28190  192.68371  146  484  194.70986  191.07863  1.86%  87.7 1463s
 42335 28191  192.96637  109  522  194.70986  191.07907  1.86%  87.7 1467s
 42336 28192  194.59195  168  449  194.70986  191.07988  1.86%  87.7 1473s
 42339 28194  193.36045   75  542  194.70986  191.08155  1.86%  87.7 1477s
 42340 28195  191.24306  114  503  194.70986  191.08212  1.86%  87.7 1482s
 42345 28198  194.46692   97  561  194.70986  191.08414  1.86%  87.7 1487s
 42346 28199  193.66936  129  483  194.70986  191.08554  1.86%  87.7 1492s
 42348 28200  192.63765   92  536  194.70986  191.08617  1.86%  87.7 1496s
 42349 28201  191.08649   64  459  194.70986  191.08649  1.86%  87.7 1500s
 42352 28203  191.95985   92  442  194.70986  191.08748  1.86%  87.7 1512s
 42353 28203  194.01024  132  453  194.70986  191.08759  1.86%  87.7 1516s
 42355 28205  192.49382  196  547  194.70986  191.08816  1.86%  87.6 1522s
 42358 28207  192.22412  181  540  194.70986  191.09044  1.86%  87.6 1525s
 42362 28209  194.58298  145  554  194.70986  191.09137  1.86%  87.6 1531s
 42363 28210  192.93829   85  498  194.70986  191.09147  1.86%  87.6 1536s
 42365 28211  194.23384  115  523  194.70986  191.09161  1.86%  87.6 1545s
 42367 28213  191.79127  133  476  194.70986  191.09179  1.86%  87.6 1552s
 42368 28213  191.51128   98  517  194.70986  191.09180  1.86%  87.6 1555s
 42370 28215  193.86000   86  518  194.70986  191.09188  1.86%  87.6 1562s
 42371 28215  191.09189   64  462  194.70986  191.09189  1.86%  87.6 1565s
 42373 28217  192.13386  124  505  194.70986  191.09204  1.86%  87.6 1576s
 42375 28218  194.47499  157  512  194.70986  191.09222  1.86%  87.6 1583s
 42376 28219  193.31728  156  503  194.70986  191.09225  1.86%  87.6 1586s
 42378 28220  192.34731  154  553  194.70986  191.09247  1.86%  87.6 1593s
 42379 28221  193.89419  128  512  194.70986  191.09253  1.86%  87.6 1597s
 42380 28221  192.94939  172  535  194.70986  191.09261  1.86%  87.6 1600s
 42382 28223  192.39281  153  567  194.70986  191.09269  1.86%  87.6 1607s
 42383 28223  192.58858  194  484  194.70986  191.09271  1.86%  87.6 1611s
 42384 28224  193.36640  171  481  194.70986  191.09281  1.86%  87.6 1615s
 42385 28225  191.09284   69  494  194.70986  191.09284  1.86%  87.6 1620s
 42387 28226  194.11087  195  468  194.70986  191.09284  1.86%  87.6 1628s
 42388 28227  193.97412  129  515  194.70986  191.09284  1.86%  87.6 1630s
 42390 28228  194.61280  264  558  194.70986  191.09286  1.86%  87.6 1635s
 42391 28229  192.34625  145  459  194.70986  191.09360  1.86%  87.6 1640s
 42394 28231  191.10432   73  467  194.70986  191.09625  1.86%  87.6 1648s
 42395 28231  191.09633   84  510  194.70986  191.09633  1.86%  87.6 1653s
 42396 28232  194.01926  162  480  194.70986  191.09659  1.86%  87.6 1658s
 42397 28233  193.54891  108  564  194.70986  191.09663  1.86%  87.6 1662s
 42398 28233  191.09834   80  517  194.70986  191.09834  1.85%  87.6 1667s
 42399 28234  191.10346   65  561  194.70986  191.09848  1.85%  87.6 1671s
 42401 28235  193.49935  130  530  194.70986  191.09860  1.85%  87.6 1677s
 42402 28236  194.48956  150  496  194.70986  191.09937  1.85%  87.6 1681s
 42406 28239  192.83665  102  567  194.70986  191.10155  1.85%  87.5 1692s
 42407 28239  193.64517  174  591  194.70986  191.10174  1.85%  87.5 1695s
 42409 28241  193.11506  141  568  194.70986  191.10231  1.85%  87.5 1702s
 42410 28241  191.49970   69  570  194.70986  191.10235  1.85%  87.5 1708s
 42411 28242  191.53441  128  667  194.70986  191.10241  1.85%  87.5 1712s
 42412 28243  193.28831  104  607  194.70986  191.10243  1.85%  87.5 1717s
 42413 28243  193.18493   73  634  194.70986  191.10243  1.85%  87.5 1720s
 42414 28244  191.11566   86  553  194.70986  191.10279  1.85%  87.5 1727s
 42417 28246  192.94469  142  560  194.70986  191.10392  1.85%  87.5 1731s
 42418 28247  192.23520  164  519  194.70986  191.10416  1.85%  87.5 1737s
 42419 28247  192.82579  116  535  194.70986  191.10420  1.85%  87.5 1740s
 42420 28248  193.61507  175  530  194.70986  191.10460  1.85%  87.5 1745s
 42422 28249  191.10504   81  505  194.70986  191.10504  1.85%  87.5 1751s
 42423 28250  192.54629  147  517  194.70986  191.10510  1.85%  87.5 1755s
 42424 28251  191.66120   69  488  194.70986  191.10520  1.85%  87.5 1761s
 42426 28252  193.93017  207  513  194.70986  191.10532  1.85%  87.5 1769s
 42427 28253  191.12916   73  554  194.70986  191.10539  1.85%  87.5 1772s
 42428 28253  192.25902  125  538  194.70986  191.10557  1.85%  87.5 1777s
 42429 28254  194.63233  112  593  194.70986  191.10563  1.85%  87.5 1781s
 42430 28255  193.72552  101  547  194.70986  191.10567  1.85%  87.5 1786s
 42432 28256  192.67091  123  546  194.70986  191.10685  1.85%  87.5 1793s
 42434 28257  191.70234   82  609  194.70986  191.10840  1.85%  87.5 1798s
 42435 28258  192.96637  109  524  194.70986  191.10894  1.85%  87.5 1804s
 42437 28259  192.81776  104  602  194.70986  191.10927  1.85%  87.5 1808s
 42438 28260  191.95795   62  533  194.70986  191.10946  1.85%  87.5 1814s
 42439 28261  193.36045   75  564  194.70986  191.10955  1.85%  87.5 1818s
 42440 28261  191.24306  114  503  194.70986  191.10957  1.85%  87.5 1824s
 42441 28262  193.82465  108  542  194.70986  191.10957  1.85%  87.5 1828s
 42442 28263  193.89008  151  487  194.70986  191.10957  1.85%  87.5 1830s
 42444 28264  194.32019   96  500  194.70986  191.10963  1.85%  87.5 1835s
 42446 28265  193.66936  129  537  194.70986  191.10974  1.85%  87.5 1843s
 42447 28266  191.86208  156  563  194.70986  191.10974  1.85%  87.5 1846s
 42448 28267  192.63765   92  493  194.70986  191.11172  1.85%  87.5 1852s
 42450 28268  193.30450  153  508  194.70986  191.11296  1.85%  87.5 1856s
 42451 28269  192.34291   84  481  194.70986  191.11363  1.85%  87.4 1862s
 42453 28270  194.01024  132  577  194.70986  191.11404  1.85%  87.4 1868s
 42454 28271  193.98844  200  467  194.70986  191.11411  1.85%  87.4 1874s
 42455 28271  192.49382  196  509  194.70986  191.11412  1.85%  87.4 1878s
 42456 28272  191.11412   95  526  194.70986  191.11412  1.85%  87.4 1884s
 42457 28273  194.54150  319  536  194.70986  191.11412  1.85%  87.4 1888s
 42458 28273  192.22412  181  533  194.70986  191.11412  1.85%  87.4 1894s
 42459 28274  193.68012  176  571  194.70986  191.11412  1.85%  87.4 1899s
 42460 28275  191.74291   83  517  194.70986  191.11413  1.85%  87.4 1904s
 42461 28275  193.34826   86  539  194.70986  191.11413  1.85%  87.4 1908s
 42462 28276  194.58298  145  545  194.70986  191.11414  1.85%  87.4 1914s
 42463 28277  192.93829   85  574  194.70986  191.11414  1.85%  87.4 1917s
 42464 28277  191.11414   82  516  194.70986  191.11414  1.85%  87.4 1922s
 42465 28278  194.23384  115  570  194.70986  191.11414  1.85%  87.4 1928s
 42466 28279  193.05562   74  507  194.70986  191.11420  1.85%  87.4 1936s
 42467 28279  191.79127  133  575  194.70986  191.11423  1.85%  87.4 1940s
 42468 28280  191.51128   98  569  194.70986  191.11436  1.85%  87.4 1946s
 42470 28281  193.86000   86  488  194.70986  191.11460  1.85%  87.4 1954s
 42471 28282  191.11461   64  525  194.70986  191.11461  1.85%  87.4 1958s
 42472 28283  192.07192  103  485  194.70986  191.11467  1.85%  87.4 1963s
 42473 28283  192.13386  124  547  194.70986  191.11468  1.85%  87.4 1967s
 42474 28284  194.10332  192  486  194.70986  191.11468  1.85%  87.4 1973s
 42475 28285  194.47499  157  537  194.70986  191.11469  1.85%  87.4 1978s
 42476 28285  193.31728  156  503  194.70986  191.11697  1.85%  87.4 1986s
 42479 28287  193.89419  128  579  194.70986  191.11791  1.84%  87.4 1992s
 42480 28288  192.94939  172  544  194.70986  191.11971  1.84%  87.4 1999s
 42481 28289  191.91893  125  601  194.70986  191.11972  1.84%  87.4 2003s
 42482 28289  192.39281  153  517  194.70986  191.11972  1.84%  87.4 2009s
 42483 28290  192.58858  194  522  194.70986  191.11972  1.84%  87.4 2014s
 42484 28291  193.36640  171  507  194.70986  191.11972  1.84%  87.4 2022s
 42485 28291  191.11972   69  563  194.70986  191.11972  1.84%  87.4 2027s
 42486 28292  193.40526  168  484  194.70986  191.11972  1.84%  87.4 2035s
 42487 28293  194.11087  195  502  194.70986  191.11972  1.84%  87.4 2040s
 42488 28293  193.97412  129  501  194.70986  191.11972  1.84%  87.4 2046s
 42489 28294  191.11972   94  521  194.70986  191.11972  1.84%  87.4 2051s
 42490 28295  194.61280  264  513  194.70986  191.11972  1.84%  87.4 2056s
 42491 28295  192.34625  145  588  194.70986  191.11972  1.84%  87.4 2060s
 42492 28296  191.12000   86  477  194.70986  191.12000  1.84%  87.4 2068s
 42496 28299  194.01926  162  560  194.70986  191.12170  1.84%  87.4 2073s
 42497 28299  193.54891  108  494  194.70986  191.12170  1.84%  87.4 2080s
 42498 28300  191.12170   80  598  194.70986  191.12170  1.84%  87.4 2085s
 42499 28301  191.12178   65  526  194.70986  191.12178  1.84%  87.4 2093s
 42500 28301  191.12190   95  589  194.70986  191.12190  1.84%  87.3 2097s
 42501 28302  193.49935  130  561  194.70986  191.12214  1.84%  87.3 2102s
 42502 28303  194.48956  150  572  194.70986  191.12214  1.84%  87.3 2108s
 42503 28303  192.33826  126  542  194.70986  191.12220  1.84%  87.3 2115s
 42506 28305  192.83665  102  515  194.70986  191.12249  1.84%  87.3 2124s
 42507 28306  193.64517  174  515  194.70986  191.12396  1.84%  87.3 2131s
 42508 28309  191.12396   59  494  194.70986  191.12396  1.84%  91.7 2176s
 42510 28311  191.24969   60  488  194.70986  191.12918  1.84%  91.7 2218s
 42513 28312  191.26707   61  533  194.70986  191.13245  1.84%  91.7 2262s
 42519 28316  191.44979   62  612  194.70986  191.13848  1.83%  91.8 2295s
 42527 28322  191.55231   63  624  194.70986  191.14082  1.83%  91.8 2302s
 42541 28332  191.55507   64  620  194.70986  191.15116  1.83%  91.9 2315s
 42573 28343  191.83548   65  526  194.70986  191.15130  1.83%  92.0 2321s
H42589 26930                     194.7098610  191.15130  1.83%  92.1 2354s
 42606 26944  191.76242   66  518  194.70986  191.15130  1.83%  92.1 2355s
 42636 26943  191.64939   67  590  194.70986  191.15130  1.83%  92.1 2391s
 42683 26960  191.67475   68  600  194.70986  191.15130  1.83%  92.1 2404s
 42700 26986  191.82331   68  514  194.70986  191.15130  1.83%  92.1 2408s
 42742 26985  191.94664   70  501  194.70986  191.15130  1.83%  92.1 2481s
 42803 27010  191.87377   72  546  194.70986  191.15130  1.83%  92.2 2495s
 42874 27041  191.87510   75  572  194.70986  191.15130  1.83%  92.4 2506s
 42962 27084  191.89555   77  529  194.70986  191.15130  1.83%  92.5 2520s
 43069 27137  191.89617   81  532  194.70986  191.15130  1.83%  92.6 2530s
 43139 27170  192.78061   82  501  194.70986  191.15130  1.83%  92.7 2543s
 43155 27254  191.89617   83  532  194.70986  191.15130  1.83%  92.7 2546s
 43254 27234  191.90882   86  570  194.70986  191.15130  1.83%  92.9 2558s
 43270 27330  192.78061   86  479  194.70986  191.15130  1.83%  93.0 2561s
 43380 27309  191.93145   90  540  194.70986  191.15130  1.83%  93.2 2572s
 43396 27346  193.11151   90  513  194.70986  191.15130  1.83%  93.3 2576s
 43445 27342  191.93171   91  546  194.70986  191.15130  1.83%  93.4 2598s
 43462 27352  193.47041   91  467  194.70986  191.15130  1.83%  93.4 2660s
 43479 27470  191.93171   92  546  194.70986  191.15130  1.83%  93.4 2684s
 43620 27572  191.93180   95  559  194.70986  191.15130  1.83%  93.6 2689s
 43789 27531  191.96042   98  552  194.70986  191.15130  1.83%  94.0 2712s
 43806 27706  192.93975   98  431  194.70986  191.15130  1.83%  94.0 2716s
 44041 27654  191.97697  103  499  194.70986  191.15130  1.83%  94.2 2731s
H44054 26299                     194.7098609  191.15130  1.83%  94.2 2731s
 44075 26509  192.62806  103  409  194.70986  191.15130  1.83%  94.2 2735s
 44329 26453  192.69792  107  447  194.70986  191.15130  1.83%  94.4 2751s
 44368 26699  191.98875  108  451  194.70986  191.15130  1.83%  94.4 2755s
 44683 26630  192.18991  112  515  194.70986  191.15130  1.83%  94.4 2764s
 44733 26853  194.67391  112  459  194.70986  191.15130  1.83%  94.5 2779s
 45059 26849  192.27774  115  531  194.70986  191.15130  1.83%  94.7 2806s
 45202 26993  192.36123  118  488  194.70986  191.15130  1.83%  94.8 2819s
 45499 26904  192.39090  122  340  194.70986  191.15130  1.83%  95.0 2831s
 45536 27065  192.44593  123  389  194.70986  191.15130  1.83%  95.1 2864s
 45790 26995  192.62903  131  296  194.70986  191.15130  1.83%  95.8 2881s
H45805 25708                     194.7098600  191.15130  1.83%  95.8 2881s
 45808 25927  192.47898  132  304  194.70986  191.15130  1.83%  95.8 2917s
 46123 25969  192.57852  145  177  194.70986  191.15130  1.83%  96.3 2939s
 46336 26052     cutoff  150       194.70986  191.15130  1.83%  96.7 3039s
 46526 26335  192.59845  156  206  194.70986  191.15130  1.83%  97.1 3064s
 46912 26545  192.66695  170  194  194.70986  191.15130  1.83%  97.6 3101s
 47335 26718  193.57429  183  191  194.70986  191.18422  1.81%  97.8 3132s
 47760 27175  192.60003   72  478  194.70986  191.18422  1.81%  98.0 3145s
 48519 27404  194.64778  113  389  194.70986  191.20974  1.80%  98.2 3163s
 49197 27721  191.67322   77  515  194.70986  191.20974  1.80%  98.8 3176s
 49940 27993  192.16003  113  442  194.70986  191.24380  1.78%  99.4 3186s
 50718 28293  191.41484   88  571  194.70986  191.24383  1.78%   100 3196s
 51438 28557  192.41496  116  382  194.70986  191.24393  1.78%   101 3213s
 52131 28792  191.39684   79  545  194.70986  191.26607  1.77%   102 3228s
 52797 28988  192.06844  105  497  194.70986  191.26607  1.77%   103 3237s
 53373 29691  193.84078  132  193  194.70986  191.29569  1.75%   103 3250s
 54568 29729  191.65502  109  487  194.70986  191.30106  1.75%   103 3261s
 55384 29915  191.35312  103  523  194.70986  191.31318  1.74%   104 3277s
 56037 30168  191.99174  130  300  194.70986  191.31318  1.74%   105 3291s
 56718 30605  193.32239  226   76  194.70986  191.33599  1.73%   106 3304s
 57709 30995  193.73471   97  520  194.70986  191.34361  1.73%   107 3318s
 58589 31672  193.69467   94  336  194.70986  191.34590  1.73%   108 3332s
 59880 31258  192.37912   96  493  194.70986  191.35092  1.73%   108 3363s
 59907 31762  192.49280   97  420  194.70986  191.35096  1.73%   109 3384s
 60661 32203  193.69778  110  447  194.70986  191.35271  1.72%   110 3400s
 61587 32137  193.42388  103  351  194.70986  191.35271  1.72%   110 3414s
 62006 32587     cutoff  158       194.70986  191.36338  1.72%   110 3431s
 62757 34505  193.18797  125  222  194.70986  191.36577  1.72%   111 3466s
 65779 34101  191.51011   79  522  194.70986  191.37064  1.71%   113 3480s
 66658 34650  193.60192  109  479  194.70986  191.37550  1.71%   113 3494s
 67862 34692  193.99827   94  460  194.70986  191.38510  1.71%   114 3521s
 68575 34978  194.00240   97  422  194.70986  191.39151  1.70%   115 3541s
 69506 35411     cutoff  107       194.70986  191.39346  1.70%   116 3564s
 70567 36345  192.23093  169  191  194.70986  191.39368  1.70%   117 3583s
 72444 36627  192.32235  110  376  194.70986  191.40051  1.70%   117 3603s
 73829 36803  191.55355   94  549  194.70986  191.40816  1.70%   118 3620s
 74936 36877     cutoff   94       194.70986  191.41437  1.69%   119 3639s
 75696 37260     cutoff   89       194.70986  191.41708  1.69%   120 3662s
 76863 37157  194.58321  113  308  194.70986  191.42216  1.69%   120 3691s
 77381 37891  194.58334  114  307  194.70986  191.42302  1.69%   120 3721s
 78848 38186  191.47576  101  502  194.70986  191.42741  1.69%   121 3751s
 80126 39246  194.17981  110  448  194.70986  191.43337  1.68%   122 3777s
 82199 39782  191.52386   99  543  194.70986  191.43337  1.68%   123 3804s
 82572 39658 infeasible  141       194.70986  191.43795  1.68%   123 3805s
 84179 41189 infeasible  125       194.70986  191.44157  1.68%   124 3870s
 87273 41669  194.40260  122  326  194.70986  191.45459  1.67%   125 3897s
 89411 41958  193.13052  155  246  194.70986  191.46218  1.67%   126 3921s
 90800 42435  192.46901   80  524  194.70986  191.46477  1.67%   126 3954s
 92118 43408  192.82298   92  432  194.70986  191.47350  1.66%   127 3980s
 94108 43859  192.05866   83  530  194.70986  191.47434  1.66%   128 4014s
 95710 44636  193.00941  124  198  194.70986  191.47551  1.66%   129 4042s
 97595 45369  192.64291   91  414  194.70986  191.48157  1.66%   130 4071s
 99574 45667  192.41221   73  525  194.70986  191.48632  1.66%   131 4111s
 100920 45972     cutoff  107       194.70986  191.49050  1.65%   132 4145s
 101886 46886  194.16639  206  163  194.70986  191.49093  1.65%   132 4180s
 103535 48235  192.50366  151  245  194.70986  191.49433  1.65%   133 4210s
 106016 49632  192.96096   88  506  194.70986  191.49809  1.65%   134 4255s
 109229 49577  193.77494   91  438  194.70986  191.50585  1.65%   135 4296s
 110605 50589  194.44814  102  261  194.70986  191.50877  1.64%   135 4322s
 112639 50659  193.87994   88  530  194.70986  191.51237  1.64%   136 4361s
 113970 51251  194.33314  107  255  194.70986  191.51237  1.64%   137 4387s
 115657 52049  193.10533  128  361  194.70986  191.51866  1.64%   138 4425s
 117457 53775  192.22048   96  594  194.70986  191.52139  1.64%   139 4453s
 119794 54870  194.32759  125  326  194.70986  191.52578  1.64%   139 4490s
 121399 56129  194.31111  108  434  194.70986  191.52818  1.63%   140 4523s
 123381 57377  192.41883   92  437  194.70986  191.53261  1.63%   140 4564s
 125173 58536  194.69398  107  440  194.70986  191.53481  1.63%   141 4593s
 127057 60111  192.56103  140  558  194.70986  191.53655  1.63%   141 4638s
H129495 60216                     194.7098600  191.53940  1.63%   142 4699s
 129761 61715  194.44397  108  353  194.70986  191.54123  1.63%   143 4746s
 132055 62922     cutoff  117       194.70986  191.54888  1.62%   143 4796s
 134038 64120 infeasible  119       194.70986  191.55200  1.62%   144 4830s
 136033 65255     cutoff   89       194.70986  191.55718  1.62%   145 4870s
 137713 67063  194.40849  121  433  194.70986  191.56135  1.62%   146 4906s
 140433 67927  193.42637   85  520  194.70986  191.56716  1.61%   146 4949s
 141898 69302  193.76469  101  240  194.70986  191.56997  1.61%   147 4988s
 143865 71158  193.98239  149  242  194.70986  191.57415  1.61%   147 5020s
 146515 73012  192.32507  117  581  194.70986  191.57850  1.61%   147 5052s
 148922 74607  193.18958  154  248  194.70986  191.58133  1.61%   147 5107s
 151257 76579  192.96525  109  486  194.70986  191.58658  1.60%   148 5139s
 153830 78211  191.71968   95  556  194.70986  191.58993  1.60%   148 5165s
 156131 79332  192.29163  108  416  194.70986  191.59132  1.60%   148 5189s
 157788 80378 infeasible  199       194.70986  191.59359  1.60%   149 5230s
 159300 81281  193.38627  112  299  194.70986  191.59410  1.60%   150 5262s
 160855 82046  193.55223  109  485  194.70986  191.59766  1.60%   150 5299s
 162115 83892  191.71457  113  362  194.70986  191.59960  1.60%   151 5332s
 164637 85015  193.54419  128  327  194.70986  191.60355  1.60%   151 5373s
 166296 87197  192.19965  174  248  194.70986  191.60663  1.59%   152 5403s
 169076 88712  194.49177  222  190  194.70986  191.60933  1.59%   152 5439s
 171161 90483  192.52258  116  467  194.70986  191.61102  1.59%   152 5482s
 173943 91396  192.14183   94  500  194.70986  191.61260  1.59%   152 5518s
 175347 92681  193.34882  184  322  194.70986  191.61379  1.59%   153 5548s
 177215 93877  192.53729   81  481  194.70986  191.61689  1.59%   153 5594s
 178868 95301  194.61467  103  418  194.70986  191.61891  1.59%   154 5624s
 181037 97118  194.53970  195  314  194.70986  191.62327  1.59%   154 5655s
 183584 98677  191.82569  125  378  194.70986  191.62612  1.58%   154 5694s
 185578 100713  192.77070  180  177  194.70986  191.62889  1.58%   155 5722s
 188476 101915  192.91821   84  477  194.70986  191.63148  1.58%   154 5749s
 190314 103089  192.83613  205  243  194.70986  191.63275  1.58%   155 5785s
 192103 104657  191.77725  140  416  194.70986  191.63595  1.58%   155 5836s
 194438 106633  194.09160  119  246  194.70986  191.63791  1.58%   156 5868s
 197225 107941  193.18751  110  341  194.70986  191.64164  1.58%   156 5897s
 199217 109374  191.97605  139  367  194.70986  191.64384  1.57%   156 5929s
 201270 110285  193.92927   84  317  194.70986  191.64641  1.57%   157 5971s
 202786 112114  192.92603  136  302  194.70986  191.64899  1.57%   157 6007s
 205391 113264  191.74667  118  308  194.70986  191.65079  1.57%   157 6048s
 207020 115027  192.06006   86  499  194.70986  191.65137  1.57%   158 6081s
 209618 116909  193.11621  138  247  194.70986  191.65381  1.57%   158 6110s
 212183 118008  193.97463  160  301  194.70986  191.65623  1.57%   158 6148s
 213938 119396  194.14590  114  426  194.70986  191.65660  1.57%   158 6194s
 216574 120240  194.05351  190  219  194.70986  191.65837  1.57%   159 6230s
 218017 121643  191.85442  137  365  194.70986  191.65886  1.57%   159 6273s
 220063 123300  191.82971  136  291  194.70986  191.66201  1.57%   159 6309s
 222782 124909  194.70452  133  418  194.70986  191.66571  1.56%   159 6355s
 225291 126564     cutoff  157       194.70986  191.66836  1.56%   159 6392s
 227833 127810  192.84923  135  279  194.70986  191.67058  1.56%   159 6429s
 229567 129123  191.79472  100  328  194.70986  191.67122  1.56%   160 6477s
 231575 131599  193.22414  149  308  194.70986  191.67291  1.56%   160 6511s
 234974 133859  192.90062  120  353  194.70986  191.67592  1.56%   160 6550s
 238152 134746     cutoff  137       194.70986  191.67765  1.56%   160 6585s
 239503 136166  193.50064  133  178  194.70986  191.67866  1.56%   160 6624s
 240587 136166  191.77032  114  398  194.70986  191.67969  1.56%   160 6625s
 241596 138247  193.03321  205  293  194.70986  191.68019  1.56%   160 6656s
 244372 139797  192.65345  150  336  194.70986  191.68227  1.55%   160 6693s
 246735 140685  191.74017  138  307  194.70986  191.68286  1.55%   160 6750s
 247886 142294  191.74051  139  307  194.70986  191.68394  1.55%   160 6797s
 250338 143897  193.31679  141  166  194.70986  191.68593  1.55%   160 6828s
 252904 145019  193.45028   99  450  194.70986  191.68739  1.55%   160 6878s
 254545 147212  194.28204  122  358  194.70986  191.68896  1.55%   160 6911s
 257908 149306     cutoff  135       194.70986  191.69100  1.55%   160 6960s
 261182 149891  194.41136  134  302  194.70986  191.69241  1.55%   160 7000s
 262156 151696  193.78067  145  313  194.70986  191.69281  1.55%   160 7045s
 264641 153788 infeasible  186       194.70986  191.69494  1.55%   160 7084s
 267920 154664  194.09364  143  180  194.70986  191.69769  1.55%   160 7114s
 269562 156038  193.59682  124  272  194.70986  191.69824  1.55%   160 7158s
 272025 157741  193.44265  154  275  194.70986  191.69960  1.55%   160 7194s
 273248 157741  191.84840  147  423  194.70986  191.70025  1.55%   160 7195s
 274743 157859  194.60201  131  315  194.70986  191.70145  1.55%   160 7200s

Cutting planes:
  Learned: 1
  Gomory: 122
  Cover: 102
  Implied bound: 510
  Clique: 4
  MIR: 1140
  StrongCG: 8
  Flow cover: 2513
  Inf proof: 49
  Zero half: 72
  Network: 4
  RLT: 34
  Relax-and-lift: 220

Explored 274946 nodes (44100901 simplex iterations) in 7200.06 seconds (1827.54 work units)
Thread count was 32 (of 32 available processors)

Solution count 10: 194.71 194.71 194.71 ... 205.362

Time limit reached
Best objective 1.947098599582e+02, best bound 1.917014532935e+02, gap 1.5451%
