
Gurobi 9.5.2 (linux64) logging started Tue Aug 11 10:30:40 2026

Set parameter LogFile to value "/mnt/beegfs/users/celinep/ChargeAndBreak/logs/RlongCfewTnone_1_RO_20260811_103039_000_gurobi.log"
Gurobi Optimizer version 9.5.2 build v9.5.2rc0 (linux64)
Thread count: 16 physical cores, 32 logical processors, using up to 32 threads
Optimize a model with 9432 rows, 5270 columns and 32563 nonzeros
Model fingerprint: 0x792adc82
Variable types: 3327 continuous, 1943 integer (1943 binary)
Coefficient statistics:
  Matrix range     [2e-02, 2e+03]
  Objective range  [1e+00, 1e+00]
  Bounds range     [1e+00, 1e+00]
  RHS range        [3e-01, 2e+07]
Presolve removed 2953 rows and 977 columns
Presolve time: 0.07s
Presolved: 6479 rows, 4293 columns, 26914 nonzeros
Variable types: 2546 continuous, 1747 integer (1746 binary)

Root relaxation: objective 1.726231e+02, 4348 iterations, 0.14 seconds (0.11 work units)

    Nodes    |    Current Node    |     Objective Bounds      |     Work
 Expl Unexpl |  Obj  Depth IntInf | Incumbent    BestBd   Gap | It/Node Time

     0     0  174.67281    0  397          -  174.67281      -     -    0s
     0     0  176.81815    0  336          -  176.81815      -     -    1s
     0     0  176.83141    0  334          -  176.83141      -     -    1s
     0     0  176.83160    0  342          -  176.83160      -     -    1s
     0     0  177.13296    0  451          -  177.13296      -     -    1s
     0     0  177.14698    0  338          -  177.14698      -     -    1s
H    0     0                     285.6304117  177.15205  38.0%     -    1s
     0     0  177.15205    0  336  285.63041  177.15205  38.0%     -    1s
     0     0  177.15229    0  329  285.63041  177.15229  38.0%     -    1s
     0     0  177.45753    0  478  285.63041  177.45753  37.9%     -    1s
H    0     0                     253.7490021  177.45753  30.1%     -    2s
     0     0  177.51196    0  518  253.74900  177.51196  30.0%     -    2s
     0     0  177.52074    0  529  253.74900  177.52074  30.0%     -    2s
     0     0  177.52463    0  550  253.74900  177.52463  30.0%     -    2s
     0     0  177.52505    0  551  253.74900  177.52505  30.0%     -    2s
     0     0  177.91424    0  527  253.74900  177.91424  29.9%     -    2s
     0     0  177.95888    0  515  253.74900  177.95888  29.9%     -    2s
     0     0  177.96858    0  538  253.74900  177.96858  29.9%     -    3s
     0     0  177.96973    0  518  253.74900  177.96973  29.9%     -    3s
     0     0  177.97043    0  523  253.74900  177.97043  29.9%     -    3s
     0     0  178.05197    0  513  253.74900  178.05197  29.8%     -    3s
     0     0  178.06875    0  472  253.74900  178.06875  29.8%     -    3s
     0     0  178.07254    0  539  253.74900  178.07254  29.8%     -    3s
     0     0  178.07294    0  590  253.74900  178.07294  29.8%     -    3s
     0     0  178.12118    0  519  253.74900  178.12118  29.8%     -    3s
     0     0  178.13731    0  503  253.74900  178.13731  29.8%     -    3s
     0     0  178.13927    0  485  253.74900  178.13927  29.8%     -    3s
     0     0  178.13943    0  503  253.74900  178.13943  29.8%     -    3s
     0     0  178.16379    0  531  253.74900  178.16379  29.8%     -    4s
H    0     0                     252.8041209  178.16379  29.5%     -    4s
     0     0  178.16796    0  532  252.80412  178.16796  29.5%     -    4s
     0     0  178.16807    0  537  252.80412  178.16807  29.5%     -    4s
     0     0  178.17323    0  461  252.80412  178.17323  29.5%     -    4s
     0     0  178.17394    0  440  252.80412  178.17394  29.5%     -    4s
     0     0  178.17979    0  489  252.80412  178.17979  29.5%     -    4s
H    0     0                     242.4281115  178.17979  26.5%     -    4s
     0     0  178.18366    0  492  242.42811  178.18366  26.5%     -    4s
     0     0  178.18447    0  486  242.42811  178.18447  26.5%     -    4s
     0     0  178.19534    0  474  242.42811  178.19534  26.5%     -    4s
     0     0  178.20301    0  545  242.42811  178.20301  26.5%     -    4s
     0     0  178.20698    0  551  242.42811  178.20698  26.5%     -    4s
     0     0  178.20719    0  551  242.42811  178.20719  26.5%     -    4s
     0     0  178.21068    0  557  242.42811  178.21068  26.5%     -    5s
H    0     0                     230.5947782  178.21068  22.7%     -    5s
     0     0  178.21192    0  524  230.59478  178.21192  22.7%     -    5s
     0     0  178.21193    0  544  230.59478  178.21193  22.7%     -    5s
     0     0  178.21742    0  476  230.59478  178.21742  22.7%     -    5s
     0     0  178.21799    0  557  230.59478  178.21799  22.7%     -    5s
     0     0  178.22166    0  555  230.59478  178.22166  22.7%     -    5s
     0     0  178.22186    0  552  230.59478  178.22186  22.7%     -    5s
     0     0  178.22434    0  551  230.59478  178.22434  22.7%     -    5s
     0     0  178.22434    0  385  230.59478  178.22434  22.7%     -    6s
H    0     0                     227.3555930  178.22434  21.6%     -    7s
H    0     0                     226.9441166  178.22434  21.5%     -    7s
     0     2  178.22434    0  383  226.94412  178.22434  21.5%     -    7s
H   39    48                     226.6283499  178.22610  21.4%   172    8s
    63    80  178.22610    7  499  226.62835  178.22610  21.4%   133   10s
H   79    96                     225.7510058  178.22610  21.1%   118   10s
H   81    96                     225.6360506  178.22610  21.0%   118   10s
H   89    96                     216.2633947  178.22610  17.6%   117   10s
H  121   138                     214.6162456  178.22610  17.0%   106   12s
H  126   138                     214.5066445  178.22610  16.9%   106   12s
H  128   138                     214.3016519  178.22610  16.8%   104   12s
H  130   138                     204.9328096  178.22610  13.0%   104   12s
H  169   183                     204.8934871  178.22610  13.0%  86.7   22s
H  169   183                     203.0348815  178.22610  12.2%  86.7   22s
H  170   183                     202.9262887  178.22610  12.2%  86.4   22s
H  226   235                     202.7627281  178.22610  12.1%  76.9   24s
H  228   235                     202.6419032  178.22610  12.0%  76.6   24s
   296   297  180.47382   19  496  202.64190  178.22610  12.0%  68.2   25s
H  299   297                     202.5802057  178.22610  12.0%  67.7   25s
H  359   358                     202.5490559  178.22610  12.0%  62.7   36s
   375   374  180.47690   24  499  202.54906  178.22610  12.0%  62.1   60s
H  380   374                     202.5490558  178.22610  12.0%  61.7   60s
   558   540  180.49791   34  479  202.54906  178.22610  12.0%  52.8   66s
   694   745  180.52357   39  494  202.54906  178.22610  12.0%  46.9   70s
   938   884  180.53543   55  479  202.54906  178.22610  12.0%  42.0   80s
  1242  1168  180.54365   82  465  202.54906  178.22610  12.0%  39.4   87s
H 1251  1168                     202.5490557  178.22610  12.0%  39.4   87s
  1358  1269  183.87433   87  380  202.54906  178.22610  12.0%  39.2   93s
  1527  1433  185.86946  103  338  202.54906  178.22610  12.0%  38.9   98s
  1690  1591  189.81948  114  331  202.54906  178.22610  12.0%  38.4  103s
H 1702  1591                     202.4814040  178.22610  12.0%  38.5  103s
  1900  1788  189.92877  128  368  202.48140  178.22610  12.0%  38.0  106s
  2105  1970  179.45978    6  548  202.48140  178.22610  12.0%  37.9  113s
H 2123  1970                     202.4814040  178.22610  12.0%  38.0  113s
H 2124  1970                     202.4502542  178.22610  12.0%  37.9  113s
  2487  2309  200.89921  134  385  202.45025  178.22610  12.0%  37.5  116s
  2494  2314  181.72385   27  529  202.45025  178.77322  11.7%  37.4  120s
  2502  2319  189.96889   33  456  202.45025  179.13803  11.5%  37.3  125s
  2508  2323  181.63366   61  452  202.45025  179.85968  11.2%  37.2  130s
  2514  2327  190.40182   34  528  202.45025  180.36639  10.9%  37.1  135s
  2520  2331  196.96994   86  504  202.45025  181.21862  10.5%  37.0  141s
  2526  2335  194.18518  136  456  202.45025  181.87460  10.2%  36.9  145s
  2533  2340  187.73621   26  583  202.45025  182.42597  9.89%  36.8  150s
  2542  2346  189.88545  122  486  202.45025  183.81507  9.20%  36.7  155s
  2550  2351  184.45326   64  545  202.45025  184.45326  8.89%  36.6  160s
  2557  2356  196.97324   85  571  202.45025  185.19814  8.52%  36.5  165s
  2564  2360  185.61275   16  479  202.45025  185.61275  8.32%  36.4  170s
  2572  2366  185.68421   13  588  202.45025  185.68421  8.28%  36.2  175s
  2580  2371  187.64766  138  551  202.45025  185.73263  8.26%  36.1  180s
  2588  2376  185.74329   39  594  202.45025  185.74329  8.25%  36.0  185s
  2598  2383  185.75727   10  520  202.45025  185.75727  8.25%  35.9  190s
  2609  2390  196.96994   83  649  202.45025  185.76170  8.24%  35.7  195s
  2620  2399  196.96994   86  316  202.45025  185.76237  8.24%   100  200s
H 2626  2282                     202.4502542  185.76237  8.24%   100  204s
  2628  2284  200.80374   42  435  202.45025  185.76237  8.24%   100  205s
  2634  2288  186.00685   14  501  202.45025  186.00685  8.12%   100  210s
  2640  2292  196.87660  100  460  202.45025  186.19290  8.03%   100  215s
  2644  2294  194.11510  104  500  202.45025  186.26339  8.00%  99.5  220s
  2649  2298  186.29810   60  560  202.45025  186.29810  7.98%  99.3  225s
  2654  2301  186.32556   55  564  202.45025  186.32556  7.96%  99.1  230s
  2659  2304  186.41987   39  558  202.45025  186.41987  7.92%  98.9  235s
  2666  2309  189.01094   27  602  202.45025  186.49009  7.88%  98.6  240s
  2670  2312  186.51812    8  512  202.45025  186.51812  7.87%  98.5  245s
  2676  2316  186.59828  101  522  202.45025  186.57031  7.84%  98.3  250s
  2682  2320  186.61599    6  542  202.45025  186.61599  7.82%  98.1  255s
H 2684  2204                     202.4502541  186.62244  7.82%  98.0  256s
  2689  2207  186.75446   69  625  202.45025  186.75446  7.75%  97.8  260s
  2696  2212  188.86724   26  524  202.45025  186.81809  7.72%  97.6  266s
  2701  2215  186.84434   36  597  202.45025  186.84434  7.71%  97.4  270s
  2706  2219  186.86016   77  511  202.45025  186.86016  7.70%  97.2  276s
  2710  2221  186.87811   27  462  202.45025  186.87811  7.69%  97.0  280s
  2718  2227  188.70035   55  499  202.45025  186.88528  7.69%  96.8  285s
  2723  2230  186.88809    6  553  202.45025  186.88809  7.69%  96.6  290s
H 2732  2126                     202.4502540  186.88827  7.69%   142  295s
  2737  2129  186.88827   16  351  202.45025  186.88827  7.69%   142  300s
  2742  2132  189.88545  122  396  202.45025  186.88827  7.69%   141  306s
  2745  2134  194.24419  114  414  202.45025  186.88827  7.69%   141  311s
  2748  2136  186.89560   83  464  202.45025  186.89560  7.68%   141  315s
  2753  2140  186.91787   66  507  202.45025  186.91787  7.67%   141  320s
  2757  2142  196.97324   85  483  202.45025  186.93100  7.67%   140  325s
  2760  2144  186.93495   12  431  202.45025  186.93495  7.66%   140  330s
  2763  2146  195.76716   41  500  202.45025  186.93581  7.66%   140  336s
  2765  2148  186.93696   21  474  202.45025  186.93696  7.66%   140  340s
  2768  2150  187.81363   44  456  202.45025  186.93945  7.66%   140  345s
  2774  2154  186.94023   65  477  202.45025  186.94023  7.66%   140  350s
  2783  2161  186.94037   14  413  202.45025  186.94037  7.66%   162  356s
  2786  2163  186.94037   86  330  202.45025  186.94037  7.66%   162  361s
  2789  2165  186.94037   69  468  202.45025  186.94037  7.66%   161  365s
  2792  2167  189.92877  131  371  202.45025  186.94037  7.66%   161  370s
  2794  2169  186.94037   27  332  202.45025  186.94037  7.66%   161  375s
  2798  2171  186.95229   10  458  202.45025  186.95229  7.66%   161  380s
  2804  2175  189.93310  128  390  202.45025  186.96599  7.65%   161  385s
  2808  2178  186.97144   61  377  202.45025  186.97144  7.65%   160  390s
  2812  2181  186.97439   66  446  202.45025  186.97439  7.64%   160  397s
  2814  2182  190.40182   34  406  202.45025  186.97490  7.64%   160  401s
  2816  2183  194.17458  135  433  202.45025  186.97503  7.64%   160  406s
  2820  2186  196.96994   86  392  202.45025  186.97550  7.64%   160  411s
  2822  2187  186.97575   34  498  202.45025  186.97575  7.64%   159  416s
  2828  2193  200.80374   42  368  202.45025  186.97575  7.64%   183  422s
  2830  2194  186.97575   10  332  202.45025  186.97575  7.64%   183  425s
  2832  2196  192.73101   55  324  202.45025  186.97575  7.64%   182  430s
  2835  2198  186.97575   19  427  202.45025  186.97575  7.64%   182  436s
  2836  2198  186.97575   19  334  202.45025  186.97575  7.64%   182  440s
  2839  2200  186.97575   22  488  202.45025  186.97575  7.64%   182  445s
  2841  2202  186.97609   11  420  202.45025  186.97609  7.64%   182  450s
  2844  2204  194.11510  104  393  202.45025  187.00012  7.63%   182  457s
  2846  2205  187.01037   18  419  202.45025  187.01037  7.63%   182  461s
  2849  2207  187.01245   60  497  202.45025  187.01245  7.63%   181  465s
  2852  2209  190.32218   59  441  202.45025  187.01336  7.63%   181  474s
  2853  2210  187.01347   66  488  202.45025  187.01347  7.62%   181  475s
  2855  2211  187.01386   63  547  202.45025  187.01386  7.62%   181  480s
  2857  2212  196.97324   85  552  202.45025  187.01545  7.62%   181  485s
  2858  2213  195.30703   51  471  202.45025  187.01576  7.62%   181  490s
  2862  2216  187.01721   56  458  202.45025  187.01721  7.62%   181  496s
  2865  2218  187.02059   21  521  202.45025  187.02059  7.62%   180  500s
  2868  2220  187.81363   44  486  202.45025  187.02187  7.62%   180  505s
  2871  2222  187.02202   23  514  202.45025  187.02202  7.62%   180  510s
  2874  2224  187.02203   65  502  202.45025  187.02203  7.62%   180  518s
  2876  2225  187.02203  101  502  202.45025  187.02203  7.62%   180  521s
H 2880  2117                     202.4502538  187.02203  7.62%   204  526s
  2882  2118  187.02203    6  374  202.45025  187.02203  7.62%   203  530s
  2885  2120  187.02203   37  442  202.45025  187.02203  7.62%   203  535s
  2888  2122  187.02203   39  378  202.45025  187.02203  7.62%   203  541s
  2890  2123  187.02203   36  313  202.45025  187.02203  7.62%   203  546s
  2892  2125  189.92877  131  358  202.45025  187.02203  7.62%   203  552s
  2895  2127  187.02203   73  382  202.45025  187.02203  7.62%   202  555s
  2898  2129  187.02710   10  410  202.45025  187.02710  7.62%   202  561s
  2900  2130  187.02844   74  384  202.45025  187.02844  7.62%   202  565s
  2904  2133  189.93310  128  419  202.45025  187.02897  7.62%   202  570s
  2909  2136  196.96994   83  445  202.45025  187.02919  7.62%   202  575s
  2912  2138  187.02919   66  414  202.45025  187.02919  7.62%   201  583s
  2914  2139  190.40182   34  439  202.45025  187.02919  7.62%   201  589s
  2915  2140  196.81277   31  414  202.45025  187.02919  7.62%   201  590s
  2917  2144  187.06256   66  392  202.45025  187.06256  7.60%   218  611s
  2919  2148  187.07078   67  437  202.45025  187.07078  7.60%   218  629s
  2923  2154  187.13294   68  451  202.45025  187.11619  7.57%   218  634s
  2931  2168  187.16647   69  457  202.45025  187.12897  7.57%   218  637s
  2979  2200  187.17540   71  456  202.45025  187.14008  7.56%   221  640s
  3060  2254  187.21378   73  416  202.45025  187.14008  7.56%   218  651s
  3110  2287  187.21816   74  440  202.45025  187.14008  7.56%   217  667s
H 3123  2175                     202.4502536  187.14008  7.56%   217  667s
  3163  2213  187.21816   75  408  202.45025  187.14008  7.56%   215  679s
H 3169  2109                     202.4502535  187.14008  7.56%   215  679s
  3227  2149  191.15853   76  415  202.45025  187.14008  7.56%   214  690s
  3301  2194  189.21319   78  406  202.45025  187.14008  7.56%   212  712s
H 3306  2096                     202.4502526  187.14008  7.56%   212  712s
  3318  2152  187.22734   79  408  202.45025  187.14008  7.56%   211  715s
  3383  2146  190.40677   80  405  202.45025  187.14008  7.56%   209  742s
  3470  2204  187.36926   82  450  202.45025  187.14008  7.56%   207  757s
H 3479  2109                     194.6823057  187.14008  3.87%   206  757s
  3554  2205  187.52276   84  362  194.68231  187.14008  3.87%   205  760s
  3722  2326  187.49049   89  423  194.68231  187.14008  3.87%   202  766s
H 3915  2393                     194.5684419  187.14008  3.82%   198  768s
H 3978  2278                     192.7414465  187.14008  2.91%   196  768s
  4242  2404  188.53871   95  387  192.74145  187.14008  2.91%   188  771s
  4851  2753  187.67628  101  342  192.74145  187.14008  2.91%   175  776s
  5178  2841  187.74215  106  332  192.74145  187.14008  2.91%   171  781s
H 5179  2639                     191.7386958  187.14008  2.40%   171  781s
  5689  3017  187.89605  115  268  191.73870  187.14008  2.40%   163  785s
  6138  3082  188.03982  123  284  191.73870  187.14008  2.40%   159  792s
H 6139  3006                     191.7386958  187.14008  2.40%   159  792s
  6364  3305  188.22405  125  226  191.73870  187.14008  2.40%   156  796s
  6878  3542  188.25063  133  179  191.73870  187.14008  2.40%   152  800s
  7783  4176  188.42490  154  169  191.73870  187.14008  2.40%   146  806s
H 7958  4191                     191.7386957  187.14008  2.40%   147  817s
  8165  4601  189.01563  163  220  191.73870  187.14008  2.40%   145  821s
  9085  5442  187.79415   90  267  191.73870  187.22514  2.35%   143  826s
  9902  6041  187.37933   86  501  191.73870  187.23648  2.35%   139  830s
 10920  6870  187.59297  115  412  191.73870  187.23648  2.35%   133  835s
 11545  7257  188.96227  136  326  191.73870  187.23648  2.35%   130  840s
 12216  7730  187.56823   92  465  191.73870  187.26231  2.33%   130  846s
 12645  7763  187.96448  107  391  191.73870  187.26231  2.33%   129  866s
H12695  7763                     191.7386957  187.26231  2.33%   129  866s
 13115  8625  188.76481  125  280  191.73870  187.27413  2.33%   128  872s
 13742  9141  187.33880   77  459  191.73870  187.27413  2.33%   126  875s
 15063 10152 infeasible  172       191.73870  187.29757  2.32%   123  883s
 15593 10867  188.63748  105  292  191.73870  187.29757  2.32%   122  886s
 16523 11346 infeasible  171       191.73870  187.30239  2.31%   119  890s
 18086 12512     cutoff  150       191.73870  187.33655  2.30%   117  897s
 18888 12862  188.84350  104  205  191.73870  187.34646  2.29%   116  901s
 19383 13482  187.49969   92  387  191.73870  187.35822  2.28%   116  906s
 20177 13761  189.45194  139  332  191.73870  187.36366  2.28%   115  911s
 20550 15133  187.89434   95  346  191.73870  187.36394  2.28%   114  920s
 22771 16409  187.37963   92  519  191.73870  187.36502  2.28%   113  928s
 23829 17016  187.67579  111  460  191.73870  187.36502  2.28%   112  933s
 24577 17511  188.72798  135  424  191.73870  187.36502  2.28%   112  937s
 25231 18349  188.77968  138  398  191.73870  187.36502  2.28%   112  942s
 26250 18383  191.25790  159  315  191.73870  187.36502  2.28%   111  946s
H26290 18383                     191.7386956  187.36502  2.28%   111  946s
 26292 18965  191.28276  161  327  191.73870  187.37873  2.27%   111  950s
 27076 20101  189.20138   89  272  191.73870  187.38208  2.27%   111  956s
 28509 20835  190.48855   81  425  191.73870  187.38422  2.27%   110  963s
 29419 21408     cutoff   82       191.73870  187.38467  2.27%   109  969s
 29609 21408  189.29039  164  366  191.73870  187.38467  2.27%   109  970s
 30299 22135     cutoff  103       191.73870  187.38476  2.27%   109  976s
 31214 22853  188.68047  114  302  191.73870  187.38476  2.27%   109  983s
 32180 24022  188.31424   85  545  191.73870  187.39309  2.27%   109  989s
 33712 24699  187.55083   93  528  191.73870  187.39309  2.27%   108  995s
 34775 25402  187.96738  117  258  191.73870  187.39817  2.26%   109 1002s
 35940 26756  187.96492  104  406  191.73870  187.40216  2.26%   109 1008s
 37876 28033  191.19854  128  195  191.73870  187.40684  2.26%   108 1015s
 39626 28679  187.54839  104  423  191.73870  187.40684  2.26%   107 1028s
 40517 28824     cutoff  104       191.73870  187.40684  2.26%   107 1042s
H40672 28824                     191.7386944  187.40684  2.26%   107 1042s
 40703 29784     cutoff  105       191.73869  187.40684  2.26%   108 1055s
 42147 31895  188.48662  130  329  191.73869  187.40916  2.26%   107 1188s
 44846 32173  187.72147  105  521  191.73869  187.40916  2.26%   107 1200s
 45348 32994  187.79274  115  409  191.73869  187.42022  2.25%   108 1211s
 46913 33132  190.26491  116  365  191.73869  187.42417  2.25%   108 1244s
 47098 34419     cutoff  121       191.73869  187.42445  2.25%   108 1257s
 48677 36245  188.43374  119  435  191.73869  187.42967  2.25%   108 1274s
 50901 37917  187.71930   93  451  191.73869  187.43325  2.25%   107 1285s
 52938 38260  187.76554  123  479  191.73869  187.43581  2.24%   108 1321s
 53335 39465  187.65137  104  414  191.73869  187.43581  2.24%   108 1334s
 54883 40760  188.76223  164  302  191.73869  187.43648  2.24%   108 1361s
 56646 42344  188.23485  104  489  191.73869  187.43900  2.24%   109 1379s
 58890 42685  188.34406  103  356  191.73869  187.44097  2.24%   110 1394s
 59364 43898  187.62090   97  460  191.73869  187.44569  2.24%   110 1415s
 60831 45935  188.05858  128  299  191.73869  187.44996  2.24%   110 1434s
 62817 45935  187.75720  114  408  191.73869  187.45146  2.24%   110 1435s
 63319 46696  188.99500  112  500  191.73869  187.45176  2.24%   110 1459s
 64457 49706  189.38310  152  421  191.73869  187.45186  2.24%   110 1496s
 68893 50496  189.06628   96  384  191.73869  187.46101  2.23%   110 1518s
 70055 51146  187.91374  116  449  191.73869  187.46253  2.23%   111 1542s
 70892 53154  187.91374  117  449  191.73869  187.46259  2.23%   110 1564s
 73558 54799  189.68484  141  375  191.73869  187.47092  2.23%   110 1586s
 75719 55855  187.98447   85  469  191.73869  187.47306  2.22%   110 1607s
 77087 57870  187.87840  113  317  191.73869  187.47635  2.22%   111 1623s
 79642 58748  188.04661  110  400  191.73869  187.47786  2.22%   110 1671s
 80748 59820  188.09096  111  469  191.73869  187.47786  2.22%   110 1701s
 82080 60994  190.86734  188  320  191.73869  187.48319  2.22%   110 1717s
 83492 61328  189.27767  154  131  191.73869  187.48504  2.22%   110 1739s
 83974 62556  190.50439   95  316  191.73869  187.48588  2.22%   110 1774s
 85630 63954  189.48227  137  292  191.73869  187.48729  2.22%   111 1804s
 87465 64247     cutoff  118       191.73869  187.48952  2.22%   111 1871s
 87855 65411  188.99830  117  276  191.73869  187.48960  2.22%   112 1910s
 89479 67597  188.18914   95  343  191.73869  187.49152  2.22%   112 1946s
 92182 68320     cutoff  192       191.73869  187.49328  2.21%   112 1976s
 93220 70131  188.61089   97  404  191.73869  187.49531  2.21%   112 2007s
 95773 72266  188.62391  131  381  191.73869  187.50133  2.21%   112 2035s
 99085 74013  189.99128  147  271  191.73869  187.50503  2.21%   112 2061s
 101756 75839  190.83825   95  249  191.73869  187.50818  2.21%   113 2092s
 104321 77321     cutoff   94       191.73869  187.51057  2.21%   113 2123s
 106447 79219 infeasible   94       191.73869  187.51311  2.20%   113 2152s
 109119 80782  189.15643  112  368  191.73869  187.51538  2.20%   113 2172s
 111279 82078  191.17348  146  166  191.73869  187.51794  2.20%   113 2193s
 113186 82729     cutoff  112       191.73869  187.51948  2.20%   113 2214s
 114139 83704 infeasible  137       191.73869  187.51973  2.20%   113 2234s
 115461 84963  188.03280  125  256  191.73869  187.52244  2.20%   114 2255s
 117597 86688  187.84616  108  470  191.73869  187.52384  2.20%   114 2279s
 119861 88433  190.69497  227  143  191.73869  187.52582  2.20%   114 2301s
 122198 89477  189.13329  106  519  191.73869  187.52711  2.20%   113 2324s
 123564 90686  190.12467  152  297  191.73869  187.52836  2.20%   113 2345s
 125465 92358  188.76935  101  363  191.73869  187.53038  2.19%   114 2365s
 127798 94273     cutoff   78       191.73869  187.53329  2.19%   113 2393s
 130363 95698  191.54894  148  168  191.73869  187.53609  2.19%   113 2417s
 132405 96790  190.57190  150  228  191.73869  187.53949  2.19%   113 2440s
 134083 98216  189.13332  104  252  191.73869  187.53965  2.19%   113 2460s
 136230 99435  188.62433  103  357  191.73869  187.54255  2.19%   113 2482s
 137935 101062  189.74156  117  518  191.73869  187.54363  2.19%   113 2507s
 140243 102299  189.74925   84  358  191.73869  187.54534  2.19%   113 2529s
 142070 103525  191.23590  147  331  191.73869  187.54602  2.19%   113 2555s
 143621 105119  189.20507  100  270  191.73869  187.54721  2.19%   114 2578s
 145745 106386 infeasible  119       191.73869  187.54984  2.18%   114 2600s
 147716 107623  190.87915  158  351  191.73869  187.55146  2.18%   114 2620s
 149835 108856  188.21535  127  301  191.73869  187.55348  2.18%   114 2649s
 151701 111025  189.04280   98  290  191.73869  187.55394  2.18%   115 2674s
 153062 111025  189.73237  105  524  191.73869  187.55530  2.18%   115 2675s
 154770 112650  191.05003  178  115  191.73869  187.55725  2.18%   115 2703s
 157303 114002  187.88783   85  367  191.73869  187.55794  2.18%   115 2724s
 159175 115943  189.31168  145  390  191.73869  187.55877  2.18%   115 2745s
 161659 117724  189.62499  165  132  191.73869  187.56139  2.18%   114 2771s
 164185 118876  190.92057  200  175  191.73869  187.56252  2.18%   114 2789s
 165688 120845  188.89290  121  223  191.73869  187.56336  2.18%   114 2809s
 168155 122310  188.36390   94  350  191.73869  187.56567  2.18%   114 2829s
 170315 123667  191.52019  139  414  191.73869  187.56610  2.18%   115 2865s
 172340 125741  189.38099  100  317  191.73869  187.56749  2.18%   115 2897s
 175199 126843  189.06118  151  403  191.73869  187.56976  2.17%   114 2920s
 176660 128837  188.89755  121  229  191.73869  187.57060  2.17%   114 2955s
 179303 130210  188.64500   84  219  191.73869  187.57183  2.17%   114 2981s
 181237 132132  190.64858  116  422  191.73869  187.57280  2.17%   115 3010s
 183701 134071  188.62173  142  296  191.73869  187.57402  2.17%   115 3041s
 186432 135366  191.60929  156  266  191.73869  187.57529  2.17%   114 3077s
 188255 137150  187.92142   94  265  191.73869  187.57647  2.17%   114 3106s
 190701 138514  188.08086  114  357  191.73869  187.57808  2.17%   115 3133s
 192939 139778 infeasible  105       191.73869  187.57932  2.17%   115 3164s
 194897 142084  191.45206  119  314  191.73869  187.58059  2.17%   115 3198s
 198147 144010  188.87252   86  446  191.73869  187.58319  2.17%   115 3226s
 200698 145278  188.67333  133  421  191.73869  187.58495  2.17%   115 3252s
 202411 147060  188.90074  110  276  191.73869  187.58603  2.17%   115 3285s
 204578 148867 infeasible  170       191.73869  187.58715  2.17%   115 3319s
 207583 150685  190.01910  138  196  191.73869  187.58791  2.16%   115 3349s
 210314 151997  189.80315  102  228  191.73869  187.58946  2.16%   115 3378s
 212655 153156     cutoff   98       191.73869  187.59185  2.16%   115 3406s
 214607 154460  188.26959  121  333  191.73869  187.59290  2.16%   116 3437s
 216837 156788  190.87670  145  263  191.73869  187.59339  2.16%   116 3467s
 220034 158105  189.94844   97  268  191.73869  187.59495  2.16%   116 3498s
 222083 158511  189.84771   99  221  191.73869  187.59574  2.16%   116 3543s
H222399 157961                     191.6620817  187.59574  2.12%   116 3543s
 222666 159328  190.23661   99  249  191.66208  187.59607  2.12%   116 3580s
H223960 159328                     191.6620816  187.59638  2.12%   116 3580s
 224766 160626  188.56110  120  556  191.66208  187.59661  2.12%   116 3619s
 226879 162736  189.62827  119  263  191.66208  187.59844  2.12%   116 3659s
 230431 164725  187.86019   97  511  191.66208  187.59905  2.12%   116 3697s
H231445 164725                     191.6620816  187.59919  2.12%   116 3697s
 233113 166238  188.40516  123  244  191.66208  187.59937  2.12%   116 3734s
 235174 168069  190.04988  116  451  191.66208  187.60151  2.12%   116 3763s
 237874 169734  188.23087   91  458  191.66208  187.60283  2.12%   116 3790s
 240161 171114  189.57889  115  341  191.66208  187.60402  2.12%   116 3827s
 242078 173344  188.94943  106  362  191.66208  187.60491  2.12%   116 3863s
 244917 175457  188.78369   97  407  191.66208  187.60608  2.12%   116 3895s
 247643 176435  187.83571   95  557  191.66208  187.60683  2.12%   116 3930s
H248268 176435                     191.6620816  187.60683  2.12%   116 3930s
 249012 178559  188.14090  114  477  191.66208  187.60694  2.12%   116 3960s
 251953 180006  189.29990   98  363  191.66208  187.60852  2.11%   116 3995s
 253970 181476  189.09203  107  443  191.66208  187.60955  2.11%   116 4030s
 256016 183394  188.21271  144  463  191.66208  187.60995  2.11%   116 4061s
 258776 185053  190.10549  136  291  191.66208  187.61127  2.11%   116 4089s
 260927 186823 infeasible   91       191.66208  187.61214  2.11%   116 4118s
 263580 188191  189.38542   95  504  191.66208  187.61295  2.11%   116 4152s
 265634 189931  188.70232  108  283  191.66208  187.61419  2.11%   116 4185s
 268148 190536  188.86794  101  497  191.66208  187.61480  2.11%   116 4214s
 269024 192318  188.57451  116  494  191.66208  187.61580  2.11%   117 4248s
 271396 194673  190.43223  173  240  191.66208  187.61657  2.11%   117 4275s
 274381 195985  190.36532  194  339  191.66208  187.61787  2.11%   116 4298s
 276395 197938     cutoff  106       191.66208  187.61877  2.11%   117 4334s
 279272 199387     cutoff   87       191.66208  187.61976  2.11%   117 4373s
 281403 201406  190.42268  165  224  191.66208  187.62062  2.11%   117 4410s
 284323 202562  187.89382  105  403  191.66208  187.62185  2.11%   117 4447s
H285015 202562                     191.6620815  187.62185  2.11%   117 4447s
 286074 202582  191.39821  179  243  191.66208  187.62185  2.11%   117 4545s
H286136 202582                     191.6620815  187.62185  2.11%   117 4545s
 286155 204122  189.81127  180  228  191.66208  187.62255  2.11%   117 4586s
 288647 206058  189.47101  122  225  191.66208  187.62360  2.11%   117 4630s
 291353 207259  190.85524  129  313  191.66208  187.62447  2.11%   117 4662s
 293552 208978  189.96195  143  180  191.66208  187.62499  2.11%   117 4701s
 296202 211182     cutoff  122       191.66208  187.62613  2.11%   117 4737s
 299464 212736     cutoff  127       191.66208  187.62788  2.10%   117 4775s
 301763 214447  188.00249  109  397  191.66208  187.62829  2.10%   117 4807s
 304650 215717     cutoff  119       191.66208  187.62932  2.10%   117 4837s
 306327 217955  189.35372  164   98  191.66208  187.63008  2.10%   117 4867s
 309414 219018 infeasible  188       191.66208  187.63086  2.10%   117 4892s
 310840 220839  188.62328  104  381  191.66208  187.63143  2.10%   117 4925s
 313266 223138  187.82565  112  398  191.66208  187.63221  2.10%   117 4958s
 316319 225214  189.58685   99  357  191.66208  187.63319  2.10%   117 4984s
 319051 226992  189.77578  138  293  191.66208  187.63404  2.10%   117 5010s
 321677 228595  188.80560  148  172  191.66208  187.63524  2.10%   117 5035s
 324421 229745  189.15090  127  397  191.66208  187.63553  2.10%   117 5064s
 326054 232561  189.79731  147  238  191.66208  187.63577  2.10%   117 5111s
 330376 234554  190.23711   95  388  191.66208  187.63745  2.10%   117 5138s
 333024 235224  189.04017  130  335  191.66208  187.63855  2.10%   117 5164s
 333925 236198  189.33298  141  316  191.66208  187.63896  2.10%   117 5191s
 335618 238030  188.94223  102  265  191.66208  187.63983  2.10%   117 5221s
 338421 239657  187.94544   98  431  191.66208  187.64046  2.10%   117 5252s
 340991 241411  191.12355  147  113  191.66208  187.64132  2.10%   117 5285s
 343600 242868  191.15723  101  320  191.66208  187.64243  2.10%   117 5317s
 345516 244688  190.20711  101  343  191.66208  187.64310  2.10%   117 5350s
 348159 245730  190.74773  119  179  191.66208  187.64368  2.10%   117 5382s
 349892 247780  189.26825  103  419  191.66208  187.64414  2.10%   117 5410s
 352714 249019  190.03788  120  373  191.66208  187.64469  2.10%   118 5454s
 354738 251062     cutoff  113       191.66208  187.64533  2.10%   118 5485s
 358072 252384  188.63501  138  277  191.66208  187.64588  2.10%   118 5519s
 360038 254962  189.31620  120  354  191.66208  187.64618  2.10%   118 5556s
 363349 256496  187.78494  115  566  191.66208  187.64696  2.09%   118 5587s
 365412 257885  190.19699  232  334  191.66208  187.64769  2.09%   118 5616s
 367354 259669  188.42998  106  400  191.66208  187.64853  2.09%   118 5653s
 369607 261859  189.09404  139  333  191.66208  187.64940  2.09%   118 5690s
 372605 263587  188.47695  121  416  191.66208  187.65034  2.09%   118 5726s
 374977 265290  189.05898  142  298  191.66208  187.65081  2.09%   118 5760s
 377561 266309  190.04909  117  332  191.66208  187.65178  2.09%   118 5792s
 378861 267894     cutoff  111       191.66208  187.65200  2.09%   118 5829s
 381277 269332  190.28357  112  352  191.66208  187.65248  2.09%   118 5863s
 383441 271308  189.16322  164  297  191.66208  187.65319  2.09%   118 5895s
 386402 273135  189.94081   92  348  191.66208  187.65434  2.09%   118 5925s
 388996 274462  188.84258  128  267  191.66208  187.65483  2.09%   118 5961s
 391237 276147  191.26074   84  357  191.66208  187.65527  2.09%   118 5994s
 393605 278269  188.97795  164  478  191.66208  187.65574  2.09%   118 6026s
 396637 278580     cutoff  123       191.66208  187.65640  2.09%   118 6067s
 397111 280146  187.72179  103  494  191.66208  187.65640  2.09%   118 6105s
 399320 281777  191.63845  152  372  191.66208  187.65724  2.09%   118 6140s
 401747 283506  189.28962  115  285  191.66208  187.65829  2.09%   119 6177s
 404316 285242  189.44667  158  357  191.66208  187.65906  2.09%   119 6213s
 406879 286031  190.98488  119  390  191.66208  187.66006  2.09%   119 6247s
 408137 287500  189.01258   98  310  191.66208  187.66038  2.09%   119 6288s
 410216 289352  189.40244  102  419  191.66208  187.66108  2.09%   119 6321s
 412843 290579  188.27815   97  305  191.66208  187.66178  2.09%   119 6352s
 414662 291898     cutoff  122       191.66208  187.66215  2.09%   119 6383s
 416602 293822  188.87148  113  347  191.66208  187.66250  2.09%   119 6418s
 419201 295542  188.73338   83  329  191.66208  187.66354  2.09%   119 6452s
 421579 296694  188.15407  114  398  191.66208  187.66451  2.09%   119 6488s
 423115 298924  189.92321  199  295  191.66208  187.66451  2.09%   120 6532s
 426146 300316  190.29226  139  346  191.66208  187.66596  2.08%   120 6565s
 428512 301446  189.09126  117  313  191.66208  187.66688  2.08%   120 6602s
 430510 302763  188.15982  100  365  191.66208  187.66710  2.08%   120 6637s
 432409 304295  189.94825  116  247  191.66208  187.66785  2.08%   120 6674s
 434544 306355  190.86155  135  266  191.66208  187.66876  2.08%   120 6703s
 437266 307357  188.73252  164  351  191.66208  187.66937  2.08%   120 6743s
 438997 308652  189.64835  135  410  191.66208  187.66990  2.08%   120 6783s
 440887 309176  188.50349   89  480  191.66208  187.67051  2.08%   120 6867s
 441709 310726 infeasible   98       191.66208  187.67056  2.08%   120 6912s
 444097 313253  188.39341   94  479  191.66208  187.67162  2.08%   121 6951s
 447614 314451  188.91740  107  369  191.66208  187.67243  2.08%   121 6993s
 449590 316449  188.01304   96  313  191.66208  187.67301  2.08%   121 7034s
