
Gurobi 9.5.2 (linux64) logging started Thu Jul 30 21:27:36 2026

Set parameter LogFile to value "logs/RlongCfewTlarge_43_RO_20260730_132726_033_gurobi.log"
Gurobi Optimizer version 9.5.2 build v9.5.2rc0 (linux64)
Thread count: 16 physical cores, 32 logical processors, using up to 32 threads
Optimize a model with 8445 rows, 4887 columns and 29543 nonzeros
Model fingerprint: 0x8fc24ace
Variable types: 3052 continuous, 1835 integer (1835 binary)
Coefficient statistics:
  Matrix range     [1e-02, 2e+03]
  Objective range  [1e+00, 1e+00]
  Bounds range     [1e+00, 1e+00]
  RHS range        [2e-01, 5e+02]
Presolve removed 2521 rows and 840 columns
Presolve time: 0.17s
Presolved: 5924 rows, 4047 columns, 26540 nonzeros
Variable types: 2390 continuous, 1657 integer (1656 binary)
Found heuristic solution: objective 318.4538443

Root relaxation: objective 1.518530e+02, 6117 iterations, 0.40 seconds (0.21 work units)

    Nodes    |    Current Node    |     Objective Bounds      |     Work
 Expl Unexpl |  Obj  Depth IntInf | Incumbent    BestBd   Gap | It/Node Time

     0     0  151.85502    0  565  318.45384  151.85502  52.3%     -    0s
     0     0  154.40885    0  589  318.45384  154.40885  51.5%     -    1s
     0     0  154.48820    0  575  318.45384  154.48820  51.5%     -    1s
     0     0  154.49028    0  555  318.45384  154.49028  51.5%     -    1s
     0     0  154.49028    0  554  318.45384  154.49028  51.5%     -    1s
     0     0  155.87625    0  618  318.45384  155.87625  51.1%     -    1s
     0     0  156.14910    0  568  318.45384  156.14910  51.0%     -    2s
     0     0  156.16446    0  571  318.45384  156.16446  51.0%     -    2s
     0     0  156.16620    0  571  318.45384  156.16620  51.0%     -    2s
     0     0  156.16620    0  573  318.45384  156.16620  51.0%     -    2s
H    0     0                     317.8870758  157.18862  50.6%     -    2s
     0     0  157.18862    0  672  317.88708  157.18862  50.6%     -    2s
     0     0  157.39426    0  652  317.88708  157.39426  50.5%     -    2s
     0     0  157.41530    0  652  317.88708  157.41530  50.5%     -    3s
     0     0  157.41625    0  662  317.88708  157.41625  50.5%     -    3s
     0     0  158.07642    0  635  317.88708  158.07642  50.3%     -    4s
H    0     0                     316.4383206  158.24348  50.0%     -    4s
H    0     0                     315.1303633  158.24348  49.8%     -    4s
     0     0  158.24348    0  621  315.13036  158.24348  49.8%     -    4s
H    0     0                     310.9786281  158.27376  49.1%     -    4s
     0     0  158.27376    0  661  310.97863  158.27376  49.1%     -    4s
     0     0  158.28223    0  653  310.97863  158.28223  49.1%     -    4s
H    0     0                     309.1840592  158.28452  48.8%     -    4s
     0     0  158.28452    0  691  309.18406  158.28452  48.8%     -    4s
H    0     0                     308.5579897  158.28480  48.7%     -    4s
     0     0  158.28480    0  690  308.55799  158.28480  48.7%     -    4s
H    0     0                     235.4817029  158.47664  32.7%     -    5s
     0     0  158.47664    0  647  235.48170  158.47664  32.7%     -    5s
     0     0  158.52235    0  616  235.48170  158.52235  32.7%     -    5s
     0     0  158.54520    0  658  235.48170  158.54520  32.7%     -    5s
H    0     0                     223.2628780  158.55186  29.0%     -    5s
     0     0  158.55186    0  621  223.26288  158.55186  29.0%     -    5s
     0     0  158.55268    0  642  223.26288  158.55268  29.0%     -    5s
     0     0  158.77006    0  689  223.26288  158.77006  28.9%     -    6s
     0     0  158.78047    0  685  223.26288  158.78047  28.9%     -    6s
     0     0  158.78230    0  686  223.26288  158.78230  28.9%     -    6s
     0     0  158.87069    0  684  223.26288  158.87069  28.8%     -    6s
     0     0  158.88205    0  673  223.26288  158.88205  28.8%     -    6s
     0     0  158.88626    0  678  223.26288  158.88626  28.8%     -    6s
     0     0  158.88678    0  688  223.26288  158.88678  28.8%     -    7s
     0     0  158.97954    0  679  223.26288  158.97954  28.8%     -    7s
     0     0  158.98723    0  684  223.26288  158.98723  28.8%     -    7s
     0     0  158.98825    0  686  223.26288  158.98825  28.8%     -    7s
     0     0  159.06267    0  688  223.26288  159.06267  28.8%     -    7s
     0     0  159.07522    0  666  223.26288  159.07522  28.7%     -    7s
     0     0  159.07621    0  696  223.26288  159.07621  28.7%     -    8s
     0     0  159.20183    0  633  223.26288  159.20183  28.7%     -    8s
     0     0  159.21531    0  673  223.26288  159.21531  28.7%     -    8s
     0     0  159.21554    0  656  223.26288  159.21554  28.7%     -    8s
H    0     0                     223.0040554  159.32239  28.6%     -    8s
     0     0  159.32239    0  667  223.00406  159.32239  28.6%     -    8s
     0     0  159.35430    0  655  223.00406  159.35430  28.5%     -    8s
     0     0  159.35522    0  667  223.00406  159.35522  28.5%     -    8s
     0     0  159.36537    0  623  223.00406  159.36537  28.5%     -    9s
H    0     0                     222.7004937  159.36614  28.4%     -    9s
     0     0  159.36614    0  629  222.70049  159.36614  28.4%     -    9s
     0     0  159.37419    0  633  222.70049  159.37419  28.4%     -    9s
     0     0  159.38203    0  633  222.70049  159.38203  28.4%     -    9s
     0     0  159.38205    0  636  222.70049  159.38205  28.4%     -    9s
     0     0  159.45121    0  605  222.70049  159.45121  28.4%     -   10s
H    0     0                     221.9569997  159.45337  28.2%     -   10s
     0     0  159.45337    0  651  221.95700  159.45337  28.2%     -   10s
     0     0  159.45455    0  639  221.95700  159.45455  28.2%     -   10s
     0     0  159.45565    0  636  221.95700  159.45565  28.2%     -   10s
     0     0  159.45798    0  662  221.95700  159.45798  28.2%     -   10s
     0     0  159.45798    0  662  221.95700  159.45798  28.2%     -   11s
     0     2  159.45798    0  586  221.95700  159.45798  28.2%     -   13s
    15    32  159.47758    4  651  221.95700  159.47758  28.1%   256   15s
H   31    48                     221.9255538  159.47758  28.1%   230   16s
H   79    96                     200.6668136  159.47952  20.5%   138   20s
H  120   147                     199.3144931  159.47952  20.0%   117   24s
H  125   147                     199.2205595  159.47952  19.9%   114   24s
H  132   147                     198.9816445  159.47952  19.9%   111   24s
H  146   163                     198.4524674  159.47952  19.6%   106   25s
H  149   163                     198.3995860  159.47952  19.6%   105   25s
   200   213  159.48946   16  674  198.39959  159.47952  19.6%  88.9   35s
H  201   213                     198.2329193  159.47952  19.5%  88.5   35s
H  206   213                     198.0263862  159.47952  19.5%  87.7   35s
H  214   213                     197.5663315  159.47952  19.3%  86.2   35s
H  257   266                     187.6110549  159.47952  15.0%  78.3   52s
H  258   266                     187.1477712  159.47952  14.8%  78.3   52s
H  264   266                     186.5367659  159.47952  14.5%  77.1   52s
H  274   276                     186.4836129  159.47952  14.5%  75.6   75s
H  278   276                     186.4534325  159.47952  14.5%  75.2   75s
H  280   276                     186.2826596  159.47952  14.4%  75.2   75s
   348   342  159.49460   21  646  186.28266  159.47952  14.4%  69.1   86s
H  349   342                     186.1993262  159.47952  14.4%  68.9   86s
H  350   342                     186.1254576  159.47952  14.3%  68.9   86s
   437   423  159.50024   24  650  186.12546  159.47952  14.3%  61.2   95s
H  438   423                     186.0421242  159.47952  14.3%  61.1   95s
H  450   423                     185.9145933  159.47952  14.2%  60.4   95s
H  536   515                     185.9097494  159.47952  14.2%  55.1  103s
H  537   515                     185.8264160  159.47952  14.2%  55.2  103s
H  538   515                     185.8264160  159.47952  14.2%  55.1  103s
H  545   515                     185.7681030  159.47952  14.2%  54.6  103s
   648   616  159.50945   32  654  185.76810  159.47952  14.2%  49.9  111s
H  649   616                     185.6847697  159.47952  14.1%  49.8  111s
   731   692  159.50945   34  654  185.68477  159.47952  14.1%  47.1  115s
H  741   692                     185.6847696  159.47952  14.1%  46.9  115s
   837   784  159.50945   40  658  185.68477  159.47952  14.1%  44.3  126s
  1499  1462  159.60977   65  649  185.68477  159.47952  14.1%  38.8  130s
  2189  1996  162.65766   95  521  185.68477  159.47952  14.1%  40.4  145s
H 2208  2011                     185.6847694  159.47952  14.1%  40.8  149s
  2221  2191  162.66085   97  520  185.68477  159.47952  14.1%  40.8  150s
  2610  2389  162.74778  115  517  185.68477  159.47952  14.1%  40.4  157s
H 2617  2389                     185.6847624  159.47952  14.1%  40.7  157s
H 2623  2389                     185.6847623  159.47952  14.1%  40.8  157s
  2626  2591  162.75320  116  518  185.68476  159.47952  14.1%  40.8  160s
  3103  2831  164.15593  112  662  185.68476  159.47952  14.1%  41.3  175s
  3106  2833  160.67140   26  497  185.68476  159.47952  14.1%  41.2  180s
  3128  2848  163.61882  103  590  185.68476  162.00479  12.8%  40.9  186s
  3143  2858  165.45709  118  630  185.68476  162.81092  12.3%  40.8  190s
  3160  2869  163.66950    9  627  185.68476  163.66950  11.9%  40.5  195s
  3172  2877  180.13304  105  564  185.68476  164.02403  11.7%  40.4  200s
  3186  2886  165.09769  115  637  185.68476  164.33443  11.5%  40.2  205s
  3202  2897  164.60194   60  689  185.68476  164.60194  11.4%  40.0  210s
  3211  2903  164.84267   70  596  185.68476  164.84267  11.2%  39.9  215s
  3228  2914  165.25344  103  535  185.68476  165.25344  11.0%  39.7  220s
  3245  2926  165.56213  136  563  185.68476  165.56213  10.8%  39.5  225s
  3271  2943  176.62136   54  624  185.68476  165.90051  10.7%  39.2  230s
  3285  2952  166.22443   56  558  185.68476  166.22443  10.5%  39.0  235s
  3303  2964  166.46331  112  626  185.68476  166.46331  10.4%  38.8  240s
  3322  2977  166.96803   44  657  185.68476  166.96803  10.1%  38.6  245s
  3339  2988  167.39506   38  567  185.68476  167.39506  9.85%  38.4  251s
  3354  2998  167.84980   84  596  185.68476  167.84980  9.60%  38.2  255s
  3375  3012  168.00510   72  610  185.68476  168.00510  9.52%  38.0  260s
  3397  3027  168.22583   95  537  185.68476  168.22583  9.40%  37.7  265s
  3415  3039  168.35888  122  636  185.68476  168.35888  9.33%  37.5  270s
  3438  3054  168.44889   41  559  185.68476  168.44889  9.28%  37.3  275s
  3468  3074  168.64011   77  637  185.68476  168.64011  9.18%  36.9  280s
  3488  3088  168.69286  135  629  185.68476  168.69286  9.15%  36.7  285s
  3511  3103  168.73362   70  626  185.68476  168.73362  9.13%  36.5  290s
H 3528  2951                     185.6550976  168.97023  8.99%  36.3  294s
  3530  2953  168.97619   21  630  185.65510  168.97619  8.98%  36.3  295s
  3550  2966  172.51362  175  598  185.65510  169.06081  8.94%  36.1  300s
  3569  2979  169.13410   52  681  185.65510  169.13410  8.90%  35.9  305s
H 3578  2828                     185.6133741  169.16025  8.86%  35.8  308s
  3583  2831  169.16678   18  632  185.61337  169.16678  8.86%  35.7  310s
  3599  2842  171.02251   71  637  185.61337  169.17826  8.85%  35.6  315s
  3611  2851  169.17952   70  244  185.61337  169.17952  8.85%  84.5  321s
  3620  2857  169.17952    9  559  185.61337  169.17952  8.85%  84.3  325s
  3636  2868  185.13967   76  638  185.61337  169.73383  8.56%  83.9  330s
  3651  2878  181.79694  122  526  185.61337  169.81625  8.51%  83.6  335s
  3668  2889  169.84140   77  626  185.61337  169.84140  8.50%  83.2  340s
  3675  2894  169.84651   72  578  185.61337  169.84651  8.49%  83.0  345s
  3694  2906  169.90968   36  539  185.61337  169.90968  8.46%  82.6  350s
  3703  2912  169.91892  112  553  185.61337  169.91892  8.46%  82.4  355s
  3714  2920  182.14943  155  560  185.61337  169.92290  8.45%  82.1  360s
  3729  2931  169.92418   19  147  185.61337  169.92418  8.45%  98.5  368s
  3730  2932  169.92418   21   96  185.61337  169.92418  8.45%  98.5  370s
  3734  2935  169.92418   37  105  185.61337  169.92418  8.45%  98.4  379s
  3736  2936  185.13967   76  153  185.61337  169.92418  8.45%  98.3  383s
  3738  2937  169.92418   41  117  185.61337  169.92418  8.45%  98.3  386s
  3740  2939  169.92418  119  114  185.61337  169.92418  8.45%  98.2  390s
  3742  2940  169.92418  109  188  185.61337  169.92418  8.45%  98.2  395s
  3746  2943  170.80746   93  498  185.61337  170.80746  7.98%  98.1  400s
  3760  2952  170.89434    9  495  185.61337  170.89434  7.93%  97.7  405s
  3775  2962  170.99879   72  494  185.61337  170.99879  7.87%  97.3  410s
  3784  2968  171.12007  163  468  185.61337  171.12007  7.81%  97.1  415s
  3800  2979  174.30465  140  575  185.61337  171.13494  7.80%  96.7  420s
  3808  2984  173.54281  125  517  185.61337  171.13852  7.80%  96.5  425s
  3816  2989  183.95255   80  535  185.61337  171.14071  7.80%  96.3  430s
  3825  2995  171.14583   46  576  185.61337  171.14583  7.79%  96.1  435s
  3834  3001  171.15023   37  517  185.61337  171.15023  7.79%  95.8  440s
  3840  3006  171.15042  119  113  185.61337  171.15042  7.79%   128  447s
  3841  3007  171.15042   43   71  185.61337  171.15042  7.79%   128  451s
  3843  3008  171.15042  118   90  185.61337  171.15042  7.79%   128  455s
  3846  3010  171.15042   93  156  185.61337  171.15042  7.79%   128  460s
  3847  3011  171.15042   21  107  185.61337  171.15042  7.79%   128  467s
  3849  3012  171.15042  112  121  185.61337  171.15042  7.79%   128  473s
  3850  3013  172.51362  175  163  185.61337  171.15042  7.79%   128  475s
  3853  3015  171.15042   57  141  185.61337  171.15042  7.79%   128  482s
  3855  3016  171.15042  101  178  185.61337  171.15042  7.79%   128  488s
  3856  3017  172.71831  141  389  185.61337  171.15042  7.79%   128  491s
  3857  3018  171.15042   47  218  185.61337  171.15042  7.79%   128  496s
  3859  3019  171.15042   49  347  185.61337  171.15042  7.79%   128  508s
  3860  3020  171.15042    9  296  185.61337  171.15042  7.79%   128  515s
  3862  3024  171.15042   50  294  185.61337  171.15042  7.79%   158  540s
  3864  3027  171.19572   51  458  185.61337  171.15042  7.79%   160  572s
  3868  3034  171.32347   52  544  185.61337  171.15042  7.79%   162  580s
  3892  3058  171.37608   54  512  185.61337  171.27125  7.73%   172  587s
  3940  3090  173.29711   55  446  185.61337  171.27840  7.72%   173  591s
  3985  3120  171.39284   57  547  185.61337  171.27840  7.72%   174  605s
H 3986  2968                     185.6133740  171.27840  7.72%   174  605s
H 3988  2823                     185.4234369  171.27840  7.63%   174  605s
H 3992  2686                     185.4042752  171.27840  7.62%   174  605s
H 4000  2553                     185.4039569  171.27840  7.62%   174  605s
  4030  2585  171.39789   58  527  185.40396  171.27840  7.62%   173  619s
H 4031  2462                     185.3780328  171.27840  7.61%   173  619s
H 4038  2341                     185.3715190  171.27840  7.60%   173  619s
H 4043  2229                     185.2881857  171.27840  7.56%   173  619s
  4046  2264  175.84579   58  502  185.28819  171.27840  7.56%   174  620s
  4084  2266  171.39789   59  527  185.28819  171.27840  7.56%   173  645s
  4141  2292  171.40685   60  495  185.28819  171.27840  7.56%   172  652s
  4202  2346  171.41298   61  525  185.28819  171.27840  7.56%   172  655s
  4299  2384  171.41794   63  534  185.28819  171.27840  7.56%   172  663s
H 4310  2275                     185.2881857  171.27840  7.56%   172  663s
H 4311  2174                     185.2663640  171.27840  7.55%   172  663s
  4315  2238  176.89300   63  447  185.26636  171.27840  7.55%   172  665s
  4647  2433  171.42840   67  518  185.26636  171.27840  7.55%   167  670s
  4733  2421  171.42840   68  519  185.26636  171.27840  7.55%   167  675s
  4886  2614  171.43659   70  517  185.26636  171.27840  7.55%   165  680s
H 4993  2482                     185.2663640  171.27840  7.55%   163  680s
  5106  2556  171.46538   72  525  185.26636  171.27840  7.55%   162  689s
  5122  2646  173.79049   72  448  185.26636  171.27840  7.55%   161  691s
  5397  2811  171.48789   75  519  185.26636  171.27840  7.55%   158  695s
  5785  3041  171.53743   80  541  185.26636  171.27840  7.55%   154  702s
  5942  3116  171.53743   82  541  185.26636  171.27840  7.55%   153  705s
  6084  3083  171.54397   83  515  185.26636  171.27840  7.55%   151  712s
  6270  3354  171.68806   84  542  185.26636  171.27840  7.55%   149  716s
  6533  3463  171.57912   87  536  185.26636  171.27840  7.55%   147  722s
  6751  3540  171.67211   89  444  185.26636  171.27840  7.55%   145  725s
  7144  3710  171.71301   95  451  185.26636  171.27840  7.55%   143  730s
  7335  3660  171.71868   98  515  185.26636  171.27840  7.55%   142  741s
  7353  3671  171.77252   98  482  185.26636  171.27840  7.55%   142  748s
  7372  3772  171.71868   99  508  185.26636  171.27840  7.55%   142  760s
  7753  3982  171.72628  106  496  185.26636  171.27840  7.55%   140  772s
  7883  4179  171.73129  109  458  185.26636  171.27840  7.55%   140  777s
  8181  4409  171.74663  113  461  185.26636  171.27840  7.55%   138  780s
H 8411  4243                     185.2663639  171.27840  7.55%   137  780s
  8580  4431  171.75133  117  478  185.26636  171.27840  7.55%   135  787s
  8912  4328  171.75447  120  492  185.26636  171.27840  7.55%   133  809s
  8929  4604  178.09077  120  435  185.26636  171.27840  7.55%   133  836s
  9252  4888  177.89547  125  357  185.26636  171.27840  7.55%   132  840s
  9619  5444  172.23758  130  433  185.26636  171.27840  7.55%   131  845s
 10983  6095  176.40453  148  355  185.26636  171.27840  7.55%   123  878s
H10995  6095                     185.2663638  171.27840  7.55%   123  878s
 11005  6467  183.44337  148  303  185.26636  171.28429  7.55%   123  883s
 11428  6814  176.24576   57  505  185.26636  171.28429  7.55%   122  887s
 11820  7361  176.34174   74  429  185.26636  171.28429  7.55%   120  893s
 12431  7644  176.78040  111  322  185.26636  171.28429  7.55%   118  905s
H12704  7644                     185.2663638  171.28429  7.55%   118  905s
 12726  8008  176.85512  130  311  185.26636  171.28429  7.55%   118  910s
 13107  8024  177.15708  145  269  185.26636  171.28429  7.55%   117  929s
H13119  8024                     185.2663636  171.28429  7.55%   117  929s
 13123  8664  177.10545  144  254  185.26636  171.39121  7.49%   117  935s
H13742  8664                     185.2663635  171.42628  7.47%   116  935s
 13913  9264  171.55172   57  506  185.26636  171.42628  7.47%   115  956s
 14559  9882  171.82046   86  420  185.26636  171.42628  7.47%   113  962s
 15262 10999  172.31530  112  396  185.26636  171.42628  7.47%   111  968s
 16421 11893  183.72003  151  198  185.26636  171.42886  7.47%   108  976s
 17509 12413  173.64441   62  432  185.26636  171.42886  7.47%   105  984s
 18180 13139  179.84702   92  278  185.26636  171.46327  7.45%   104  992s
 19172 13252  177.16374   77  476  185.26636  171.48320  7.44%   103 1003s
 19301 13859  177.33376   85  486  185.26636  171.48320  7.44%   103 1010s
 20061 14166  182.28217  128  195  185.26636  171.48600  7.44%   102 1024s
 20477 15977  171.96188   82  485  185.26636  171.50925  7.43%   101 1035s
 22956 16530  171.83842  115  467  185.26636  171.51475  7.42%  98.2 1040s
 23549 17312  172.08096  138  404  185.26636  171.51475  7.42%  97.3 1047s
 24509 18078  172.63372  164  407  185.26636  171.51475  7.42%  95.8 1052s
 25365 18805  183.87941  286  174  185.26636  171.52176  7.42%  94.8 1058s
 26306 18829  172.11966  106  535  185.26636  171.52176  7.42%  93.8 1083s
 26344 19025  172.11966  107  535  185.26636  171.52176  7.42%  93.7 1090s
 26596 19048  172.19860  122  546  185.26636  171.52176  7.42%  93.8 1101s
 26621 19642  172.21759  124  520  185.26636  171.52176  7.42%  93.8 1110s
 27276 20921  182.97602  149  445  185.26636  171.54456  7.41%  93.5 1115s
 28743 21655  172.17964   92  519  185.26636  171.55086  7.40%  91.8 1123s
 29714 22116  184.72256  139  343  185.26636  171.55150  7.40%  91.5 1132s
 30305 22679  172.54791  116  484  185.26636  171.55172  7.40%  92.4 1139s
 30937 23043  181.41229  185  139  185.26636  171.55768  7.40%  93.3 1147s
 31357 23732  173.26749  104  349  185.26636  171.55938  7.40%  93.8 1159s
 32102 24172  172.15102  104  433  185.26636  171.55938  7.40%  94.9 1168s
 32602 25624  172.15102  105  433  185.26636  171.55938  7.40%  94.8 1178s
 34465 26161  180.81903  163  433  185.26636  171.56336  7.40%  93.2 1185s
 35222 26449  177.81740  108  490  185.26636  171.56336  7.40%  93.5 1197s
 35556 27752  178.34354  136  463  185.26636  171.56336  7.40%  93.7 1211s
 37202 27961  183.43746  200  297  185.26636  171.57810  7.39%  92.8 1225s
 37557 28819  181.08583   72  374  185.26636  171.57876  7.39%  92.9 1242s
 38671 30118  172.12786   69  407  185.26636  171.57876  7.39%  92.7 1254s
 40130 31274  175.20410  149  372  185.26636  171.58629  7.38%  92.2 1265s
 41481 32487  183.44957  104  416  185.26636  171.59028  7.38%  91.9 1446s
 43039 33119  182.21395   90  489  185.26636  171.59304  7.38%  92.0 1465s
 43965 35420  182.61529   91  484  185.26636  171.59588  7.38%  93.1 1497s
 47640 35603  178.98334  175  371  185.26636  171.60116  7.38%  93.0 1544s
 48022 36009  172.54386  138  350  185.26636  171.60116  7.38%  93.1 1601s
 48482 37409  183.75718  166  309  185.26636  171.60509  7.37%  93.0 1625s
 50430 38188  174.11119  115  368  185.26636  171.61472  7.37%  92.6 1649s
 51509 39531  173.22624   91  360  185.26636  171.61970  7.37%  92.4 1673s
 53359 41460  172.07605   82  476  185.26636  171.62717  7.36%  91.6 1703s
 56225 43669  172.14009  148  429  185.26636  171.63697  7.36%  91.8 1731s
 58941 43975  182.46944  133  333  185.26636  171.64262  7.35%  91.6 1752s
 59358 46094  172.36316   71  549  185.26636  171.64596  7.35%  91.6 1786s
 61827 47370  176.55713   67  569  185.26636  171.64638  7.35%  91.7 1809s
 63550 49236  177.12528  160  425  185.26636  171.65399  7.35%  92.0 1840s
 66682 49261  175.18491  106  477  185.26636  171.66020  7.34%  91.8 1865s
H66707 49261                     185.2663634  171.66020  7.34%  91.8 1865s
 66708 50457  175.22080  107  487  185.26636  171.66020  7.34%  91.8 1885s
 68067 51692  175.87597  167  442  185.26636  171.66040  7.34%  91.7 1905s
 69611 52290  181.08685   80  475  185.26636  171.66233  7.34%  91.8 1922s
 70318 53812  181.90106  127  355  185.26636  171.66445  7.34%  91.8 1940s
 72018 53895  173.37191  100  381  185.26636  171.66445  7.34%  91.8 1980s
 72109 55095  175.90007  101  358  185.26636  171.66452  7.34%  91.8 2000s
 73570 55896  180.92719   88  431  185.26636  171.67071  7.34%  92.4 2018s
 74663 56467  174.62030  113  344  185.26636  171.67071  7.34%  93.6 2039s
 75436 57690  174.68205  127  344  185.26636  171.67071  7.34%  94.0 2062s
 77135 58477 infeasible  156       185.26636  171.67576  7.34%  94.8 2094s
H77179 58231                     185.1155170  171.67576  7.26%  94.8 2094s
H78141 58313                     185.1155170  171.67576  7.26%  95.0 2132s
H78141 57620                     184.9239621  171.67576  7.16%  95.0 2132s
H78157 56984                     184.7465244  171.67576  7.07%  95.0 2132s
 78259 58041  181.39460  106  479  184.74652  171.67919  7.07%  95.0 2156s
H78285 57821                     184.6913939  171.67919  7.05%  95.0 2156s
H78419 57739                     184.6693684  171.68165  7.03%  95.0 2156s
H80010 57690                     184.6580016  171.68984  7.02%  95.0 2156s
 80105 59499     cutoff  100       184.65800  171.69040  7.02%  94.9 2176s
H80106 59215                     184.5976136  171.69040  6.99%  94.9 2176s
H80636 59099                     184.5708779  171.69074  6.98%  94.8 2176s
 82486 60647  172.47629  108  422  184.57088  171.69602  6.98%  94.8 2198s
 84594 61801  172.48601  146  409  184.57088  171.70263  6.97%  94.8 2229s
 86027 63665  175.58948  125  220  184.57088  171.70939  6.97%  94.7 2255s
H89137 63393                     184.4891766  171.71757  6.92%  94.7 2281s
 89281 65173  172.00643   90  535  184.48918  171.72245  6.92%  94.7 2307s
 91440 66094  172.01297   90  431  184.48918  171.72796  6.92%  94.9 2342s
H91986 66094                     184.4891766  171.72796  6.92%  94.7 2342s
 92479 66817  175.39065  152  398  184.48918  171.72872  6.92%  94.7 2361s
 93354 68204  173.35172  125  362  184.48918  171.73028  6.92%  94.7 2392s
 95459 69907  179.39564   91  359  184.48918  171.73475  6.91%  95.1 2414s
 97874 70489  171.92925  105  370  184.48918  171.73839  6.91%  95.0 2437s
 98640 72330  172.08717   92  413  184.48918  171.74082  6.91%  95.0 2466s
 100858 73059  171.81461  107  481  184.48918  171.74519  6.91%  95.0 2491s
 101826 74507  173.89685  143  389  184.48918  171.74579  6.91%  95.0 2520s
 103631 75538  184.19573  109  326  184.48918  171.74859  6.91%  95.0 2545s
H104833 76493                     184.4815127  171.74859  6.90%  95.0 2570s
H105296 76129                     184.4058433  171.75539  6.86%  95.3 2570s
 106460 76771  183.03332   91  460  184.40584  171.75705  6.86%  95.5 2604s
 107756 77779  175.53625  114  395  184.40584  171.75946  6.86%  95.3 2645s
 109138 80601  178.05953  112  373  184.40584  171.76226  6.86%  95.4 2696s
H109408 80601                     184.4058432  171.76226  6.86%  95.4 2696s
 112578 81012  172.35278  103  504  184.40584  171.76535  6.85%  95.5 2735s
 113119 81631  172.39960  104  449  184.40584  171.76535  6.85%  95.4 2765s
 113886 84114  178.01827  135  403  184.40584  171.76561  6.85%  95.5 2808s
 117124 85919  178.61974  140  363  184.40584  171.77391  6.85%  95.5 2845s
 119349 86624  173.22925   92  481  184.40584  171.77830  6.85%  95.4 2881s
H119752 86624                     184.4058431  171.77830  6.85%  95.5 2881s
 120205 88188  176.45023  128  491  184.40584  171.77833  6.85%  95.4 2909s
 122067 88527  180.30517  164  376  184.40584  171.78158  6.85%  95.5 2964s
 122557 90815  180.53512  118  478  184.40584  171.78177  6.85%  95.7 2998s
 125521 91382  180.88521  124  478  184.40584  171.78368  6.84%  95.6 3023s
 126331 93404  184.05773  148  432  184.40584  171.78511  6.84%  95.7 3048s
 128913 95013  179.67933   73  469  184.40584  171.78984  6.84%  95.9 3085s
 130890 96719  176.11034  148  297  184.40584  171.79335  6.84%  96.2 3111s
 132968 96768     cutoff  154       184.40584  171.79380  6.84%  96.3 3170s
 133144 97392  181.83085  153  380  184.40584  171.79380  6.84%  96.3 3210s
 133923 97740  182.78774  213  275  184.40584  171.79527  6.84%  96.4 3245s
 134451 99522     cutoff   93       184.40584  171.79711  6.84%  96.5 3282s
 137011 101104  176.19886   74  446  184.40584  171.79891  6.84%  96.9 3316s
 139200 101917  182.33753   99  379  184.40584  171.79891  6.84%  97.3 3360s
 140191 103624  182.87549  126  407  184.40584  171.79906  6.84%  97.6 3392s
 142292 104874  171.92729   65  441  184.40584  171.80625  6.83%  97.6 3421s
 144086 106674  172.13106   97  429  184.40584  171.80663  6.83%  97.8 3452s
 146388 107062  172.68377   75  447  184.40584  171.81052  6.83%  98.0 3487s
H146512 107062                     184.4058430  171.81052  6.83%  98.0 3487s
 146977 108702  171.96439   74  399  184.40584  171.81135  6.83%  98.0 3518s
 149361 110164  173.48374   94  437  184.40584  171.81594  6.83%  98.4 3556s
 151276 111766  179.41037  107  412  184.40584  171.81736  6.83%  98.5 3592s
 153949 113396  181.35611  119  428  184.40584  171.81988  6.83%  98.5 3617s
 156132 115138  181.29848  115  502  184.40584  171.82165  6.82%  98.6 3640s
 158241 116697  176.04154  135  408  184.40584  171.82400  6.82%  98.6 3665s
 160076 118309     cutoff  108       184.40584  171.82553  6.82%  98.7 3687s
 162087 119860  173.03853  119  427  184.40584  171.82620  6.82%  98.8 3708s
 164100 121506  175.56313  120  423  184.40584  171.82798  6.82%  99.0 3734s
 166226 122495  172.59662  163  530  184.40584  171.82954  6.82%  99.0 3764s
 168026 123174  178.09669  104  352  184.40584  171.83115  6.82%  99.2 3790s
 169283 124245  172.11367  131  538  184.40584  171.83149  6.82%   100 3820s
H170069 124245                     184.4058427  171.83212  6.82%   100 3821s
 170894 125941  177.15874  111  392  184.40584  171.83255  6.82%   100 3850s
 173215 127332  172.20204   82  419  184.40584  171.83395  6.82%   100 3880s
 175164 129451  172.15354  117  576  184.40584  171.83499  6.82%   100 3909s
 177815 131065  171.95353   91  423  184.40584  171.83602  6.82%   100 3932s
 179730 132728  180.85854   74  488  184.40584  171.83672  6.82%   100 3968s
 181961 134294  181.44405  113  392  184.40584  171.83728  6.82%   101 3988s
 183825 135969  179.12760  103  416  184.40584  171.83898  6.81%   101 4013s
 186066 136625  180.86833  165  334  184.40584  171.83940  6.81%   101 4042s
 186868 138094  181.31046  190  303  184.40584  171.84068  6.81%   101 4075s
 188811 140048  178.42751  103  317  184.40584  171.84227  6.81%   101 4107s
 191435 141780  181.57580   86  433  184.40584  171.84343  6.81%   101 4140s
 194236 142648  178.05576  122  358  184.40584  171.84552  6.81%   101 4164s
 195715 143871  179.99013   93  400  184.40584  171.84695  6.81%   101 4195s
 197479 145123  176.81574  170  450  184.40584  171.84695  6.81%   102 4228s
 199595 146578  171.99185   95  431  184.40584  171.84695  6.81%   102 4257s
 201636 147787  172.60546  117  453  184.40584  171.84829  6.81%   102 4284s
 203255 149079  171.97529  122  507  184.40584  171.84842  6.81%   103 4315s
 205078 151355  172.31095  139  443  184.40584  171.85148  6.81%   103 4338s
 207908 152339  181.04216  200  392  184.40584  171.85217  6.81%   103 4363s
 209879 153580  174.58193  138  413  184.40584  171.85378  6.81%   103 4396s
 211572 154718  171.93801  122  431  184.40584  171.85425  6.81%   103 4421s
 213189 156584  173.85564  102  516  184.40584  171.85471  6.81%   104 4454s
 215738 157949  180.39582  198  347  184.40584  171.85495  6.81%   104 4477s
 217465 159930  179.74686  102  359  184.40584  171.85680  6.81%   104 4501s
 220023 161652  174.82059  106  445  184.40584  171.85820  6.80%   104 4529s
 222279 162914  179.62804  123  127  184.40584  171.85927  6.80%   104 4550s
 223824 164736  183.12367  127  455  184.40584  171.85991  6.80%   104 4576s
 226061 166549  175.90651  170  355  184.40584  171.86006  6.80%   104 4605s
 228366 168003  181.80972  214  427  184.40584  171.86167  6.80%   104 4640s
 230376 168626  172.28666  151  336  184.40584  171.86270  6.80%   104 4672s
 231181 170187  173.00155   77  406  184.40584  171.86297  6.80%   105 4703s
 233213 171594  172.01346  102  535  184.40584  171.86354  6.80%   105 4731s
 235002 173887  183.05514  217  414  184.40584  171.86437  6.80%   105 4762s
 237960 174419  174.70898  154  526  184.40584  171.86599  6.80%   105 4804s
H238123 57191                     174.6177622  171.86599  1.58%   105 4804s
 238596 58051     cutoff  155       174.61776  171.86603  1.58%   105 4827s
 240473 59146  172.48745  118  448  174.61776  171.86778  1.57%   105 4858s
H240727 59146                     174.6177620  171.86788  1.57%   105 4858s
H241012 59146                     174.6177620  171.86842  1.57%   105 4858s
 242727 60169     cutoff  117       174.61776  171.86991  1.57%   105 4885s
 244773 60996  173.18905  112  383  174.61776  171.87357  1.57%   105 4915s
 246409 61878  174.55279   74  318  174.61776  171.87680  1.57%   106 4948s
 248015 62612  172.80828  118  382  174.61776  171.87869  1.57%   106 4979s
 249675 63649  172.23303  107  570  174.61776  171.88025  1.57%   106 5015s
 251558 64542 infeasible   67       174.61776  171.88306  1.57%   107 5046s
 253333 65743  172.82889  127  422  174.61776  171.88586  1.56%   107 5078s
 255467 66817  172.30793  118  410  174.61776  171.88905  1.56%   107 5108s
 257669 66844 infeasible  106       174.61776  171.89229  1.56%   107 5157s
 257740 68034 infeasible  131       174.61776  171.89239  1.56%   107 5205s
 259945 69453  173.64937  170  403  174.61776  171.89535  1.56%   108 5259s
 260451 69453  172.31439   83  527  174.61776  171.89566  1.56%   108 5260s
 262469 71123  172.33851  139  452  174.61776  171.89761  1.56%   108 5300s
 265118 72563  172.52357  117  485  174.61776  171.90010  1.56%   108 5347s
 267701 73726  174.38392  136  396  174.61776  171.90231  1.56%   108 5397s
 270041 75141  172.21421  115  536  174.61776  171.90429  1.55%   109 5441s
 272511 76731  172.65515  102  395  174.61776  171.90700  1.55%   109 5483s
 275173 77559 infeasible  118       174.61776  171.90958  1.55%   109 5528s
 276959 78568  173.44438   92  407  174.61776  171.91204  1.55%   109 5566s
 278905 79671  173.90553  107  374  174.61776  171.91422  1.55%   110 5615s
 281243 80881  172.55487   97  520  174.61776  171.91819  1.55%   110 5668s
 283582 82211  172.34595  104  515  174.61776  171.92234  1.54%   110 5717s
 286399 83324  174.31416   98  465  174.61776  171.92557  1.54%   111 5769s
 286774 83324  174.37358  123  437  174.61776  171.92588  1.54%   111 5770s
 288574 84279  173.87714  131  344  174.61776  171.92822  1.54%   111 5822s
 290600 85388     cutoff  133       174.61776  171.93089  1.54%   111 5877s
 293113 86397     cutoff   99       174.61776  171.93415  1.54%   112 5936s
 295568 87644  172.45351   96  518  174.61776  171.93610  1.54%   112 5991s
 297829 88458  173.28863  104  480  174.61776  171.94013  1.53%   112 6031s
 299740 89464  173.09693   67  362  174.61776  171.94337  1.53%   112 6084s
 301117 89464     cutoff   87       174.61776  171.94408  1.53%   112 6085s
 302104 90701     cutoff  157       174.61776  171.94598  1.53%   113 6128s
 304806 91791  174.41745  142  357  174.61776  171.94926  1.53%   113 6165s
 307046 93441  172.12634   95  528  174.61776  171.95254  1.53%   113 6225s
 309970 94519 infeasible  141       174.61776  171.95545  1.52%   113 6273s
 312167 95881     cutoff   80       174.61776  171.95772  1.52%   113 6323s
 314752 97006  172.80699  142  419  174.61776  171.96141  1.52%   114 6385s
 317280 98110     cutoff   78       174.61776  171.96479  1.52%   114 6436s
 319608 98955  173.63277  106  542  174.61776  171.96782  1.52%   114 6468s
 321413 100550  172.67922  115  524  174.61776  171.96905  1.52%   114 6522s
 324435 101717  173.46674  111  419  174.61776  171.97110  1.52%   114 6571s
 326758 102420  174.11708  153  513  174.61776  171.97332  1.51%   114 6614s
 328796 103388  172.05825   91  557  174.61776  171.97686  1.51%   115 6666s
 331025 104329  174.08424  142  466  174.61776  171.97960  1.51%   115 6719s
 333462 105526 infeasible  101       174.61776  171.98304  1.51%   115 6767s
 335933 106438  172.26087   95  501  174.61776  171.98521  1.51%   115 6825s
 338078 107311  172.36213   82  564  174.61776  171.98830  1.51%   115 6886s
 340309 108144  173.95100   80  505  174.61776  171.99044  1.50%   116 6928s
 342201 109073  174.51814   86  447  174.61776  171.99221  1.50%   116 6982s
 344721 109830  173.53391  155  390  174.61776  171.99659  1.50%   116 7033s
 346809 110797     cutoff  139       174.61776  171.99772  1.50%   116 7096s
 349031 111784     cutoff   96       174.61776  172.00065  1.50%   117 7152s
 351474 112905  172.51565  103  436  174.61776  172.00458  1.50%   117 7192s
 354050 113011  174.52547  139  477  174.61776  172.00805  1.49%   117 7200s

Cutting planes:
  Learned: 9
  Gomory: 226
  Cover: 266
  Implied bound: 1360
  Projected implied bound: 30
  Clique: 9
  MIR: 2035
  StrongCG: 1
  Flow cover: 3878
  Flow path: 1
  GUB cover: 3
  Inf proof: 75
  Zero half: 29
  Network: 2
  RLT: 162
  Relax-and-lift: 277
  PSD: 1

Explored 354494 nodes (41593461 simplex iterations) in 7200.14 seconds (1984.01 work units)
Thread count was 32 (of 32 available processors)

Solution count 10: 174.618 174.618 174.618 ... 184.489

Time limit reached
Best objective 1.746177620066e+02, best bound 1.720082840357e+02, gap 1.4944%
