
Gurobi 9.5.2 (linux64) logging started Sun Aug  9 22:16:43 2026

Set parameter LogFile to value "/mnt/beegfs/users/celinep/ChargeAndBreak/logs/RlongCmanyTmedium_44_2SP_20260803_212939_288_gurobi.log"
Gurobi Optimizer version 9.5.2 build v9.5.2rc0 (linux64)
Thread count: 16 physical cores, 32 logical processors, using up to 32 threads
Optimize a model with 204138 rows, 99201 columns and 678917 nonzeros
Model fingerprint: 0xba7cbec9
Variable types: 84751 continuous, 14450 integer (14450 binary)
Coefficient statistics:
  Matrix range     [3e-02, 2e+03]
  Objective range  [4e-02, 4e-02]
  Bounds range     [1e+00, 1e+00]
  RHS range        [1e-02, 5e+02]
Presolve removed 66477 rows and 22543 columns
Presolve time: 2.86s
Presolved: 137661 rows, 76658 columns, 591771 nonzeros
Variable types: 65883 continuous, 10775 integer (10774 binary)

Deterministic concurrent LP optimizer: primal and dual simplex (primal and dual model)
Showing first log only...

Root relaxation presolve removed 2973 rows and 2973 columns
Root relaxation presolved: 134688 rows, 73685 columns, 585825 nonzeros


Root simplex log...

Iteration    Objective       Primal Inf.    Dual Inf.      Time
   46862    5.4427568e+01   6.897947e+02   8.151560e+09      5s
   58289    1.2968073e+02   1.284149e+02   2.779695e+09     10s
   61313    1.6513034e+02   0.000000e+00   4.477667e+03     12s
   64740    1.4772988e+02   0.000000e+00   1.429851e+03     15s
   68820    1.4362655e+02   0.000000e+00   1.062322e+04     20s
   72892    1.3954229e+02   0.000000e+00   2.156836e+03     25s
   76964    1.3626837e+02   0.000000e+00   4.517533e+03     30s
   80966    1.3430031e+02   0.000000e+00   1.719168e+03     35s
   83794    1.3269348e+02   0.000000e+00   1.186581e+04     40s
   85944    1.2976901e+02   0.000000e+00   1.815938e+04     45s
   88160    1.2649203e+02   0.000000e+00   1.135253e+04     50s
   90230    1.2502812e+02   0.000000e+00   9.612629e+03     55s
   92274    1.2350192e+02   0.000000e+00   2.235386e+04     60s
   93964    1.2224470e+02   0.000000e+00   2.416153e+04     65s
   96102    1.1973470e+02   0.000000e+00   3.998331e+05     70s
   97862    1.1873710e+02   0.000000e+00   2.061246e+03     75s
  100088    1.1760322e+02   0.000000e+00   6.428242e+03     80s
  101912    1.1711131e+02   0.000000e+00   1.804036e+03     85s
  102972    1.1648747e+02   0.000000e+00   8.839994e+03     91s
  104062    1.1612786e+02   0.000000e+00   1.130578e+04     95s
  106216    1.1554431e+02   0.000000e+00   3.123463e+03    100s
  107520    1.1522270e+02   0.000000e+00   2.779387e+03    105s
  109030    1.1476001e+02   0.000000e+00   8.099613e+02    110s
  110910    1.1442265e+02   0.000000e+00   1.180059e+03    115s
  113204    1.1406805e+02   0.000000e+00   1.411083e+03    120s
  116068    1.1364368e+02   0.000000e+00   1.619256e+03    125s
  118168    1.1339436e+02   0.000000e+00   3.321453e+03    130s
  120456    1.1322599e+02   0.000000e+00   4.265100e+03    135s
  122694    1.1307867e+02   0.000000e+00   1.186427e+03    140s
  124638    1.1294731e+02   0.000000e+00   4.229178e+03    145s
  126828    1.1283708e+02   0.000000e+00   2.536345e+03    150s
  128508    1.1278341e+02   0.000000e+00   8.752120e+02    155s
  130442    1.1269476e+02   0.000000e+00   3.960017e+03    160s
  131856    1.1264716e+02   0.000000e+00   2.005430e+03    165s
  132958    1.1257455e+02   0.000000e+00   1.611513e+03    170s
  134310    1.1246039e+02   0.000000e+00   1.410860e+04    175s
  135920    1.1241524e+02   0.000000e+00   2.589596e+03    180s
Concurrent spin time: 0.01s

Solved with primal simplex (dual model)

Root relaxation: objective 1.116072e+02, 91189 iterations, 179.93 seconds (178.65 work units)
Total elapsed time = 185.88s

    Nodes    |    Current Node    |     Objective Bounds      |     Work
 Expl Unexpl |  Obj  Depth IntInf | Incumbent    BestBd   Gap | It/Node Time

     0     0  111.60951    0 3949          -  111.60951      -     -  209s
     0     0  113.12766    0 4708          -  113.12766      -     -  340s
     0     0  114.08280    0 5750          -  114.08280      -     -  489s
     0     0  114.12102    0 5800          -  114.12102      -     -  521s
     0     0  114.12344    0 5855          -  114.12344      -     -  525s
     0     0  114.12434    0 5834          -  114.12434      -     -  527s
     0     0  114.12450    0 5809          -  114.12450      -     -  528s
     0     0  115.48379    0 6419          -  115.48379      -     -  682s
     0     0  115.69065    0 6638          -  115.69065      -     -  729s
     0     0  115.71975    0 6589          -  115.71975      -     -  745s
     0     0  115.72820    0 6694          -  115.72820      -     -  760s
     0     0  115.73010    0 6653          -  115.73010      -     -  763s
     0     0  115.73158    0 6601          -  115.73158      -     -  765s
     0     0  115.73193    0 6656          -  115.73193      -     -  766s
     0     0  117.36068    0 6770          -  117.36068      -     -  946s
     0     0  117.64488    0 6984          -  117.64488      -     - 1074s
     0     0  117.68097    0 6864          -  117.68097      -     - 1112s
     0     0  117.68455    0 6938          -  117.68455      -     - 1120s
     0     0  117.68728    0 6963          -  117.68728      -     - 1129s
     0     0  117.68782    0 6851          -  117.68782      -     - 1130s
     0     0  118.38597    0 6833          -  118.38597      -     - 1323s
     0     0  118.50156    0 7053          -  118.50156      -     - 1406s
     0     0  118.53282    0 7039          -  118.53282      -     - 1431s
     0     0  118.54471    0 7117          -  118.54471      -     - 1446s
     0     0  118.54655    0 7155          -  118.54655      -     - 1453s
     0     0  118.54685    0 7148          -  118.54685      -     - 1456s
     0     0  118.79354    0 7308          -  118.79354      -     - 1560s
     0     0  118.82673    0 7461          -  118.82673      -     - 1600s
     0     0  118.83193    0 7412          -  118.83193      -     - 1606s
     0     0  118.83290    0 7437          -  118.83290      -     - 1609s
     0     0  119.01260    0 7372          -  119.01260      -     - 1714s
     0     0  119.04328    0 7270          -  119.04328      -     - 1741s
     0     0  119.04627    0 7322          -  119.04627      -     - 1747s
     0     0  119.04669    0 7375          -  119.04669      -     - 1753s
     0     0  119.15094    0 7441          -  119.15094      -     - 1823s
     0     0  119.17206    0 7270          -  119.17206      -     - 1851s
     0     0  119.17409    0 7339          -  119.17409      -     - 1861s
     0     0  119.26921    0 7323          -  119.26921      -     - 1921s
     0     0  119.28331    0 7443          -  119.28331      -     - 1953s
     0     0  119.28501    0 7360          -  119.28501      -     - 1961s
     0     0  119.36128    0 7370          -  119.36128      -     - 2034s
     0     0  119.37106    0 7327          -  119.37106      -     - 2054s
     0     0  119.37289    0 7425          -  119.37289      -     - 2060s
     0     0  119.42724    0 7420          -  119.42724      -     - 2111s
     0     0  119.43557    0 7373          -  119.43557      -     - 2124s
     0     0  119.43632    0 7435          -  119.43632      -     - 2134s
     0     0  119.47795    0 7435          -  119.47795      -     - 2182s
     0     0  119.48351    0 7492          -  119.48351      -     - 2192s
     0     0  119.48440    0 7431          -  119.48440      -     - 2199s
     0     0  119.52012    0 7483          -  119.52012      -     - 2242s
     0     0  119.52584    0 7519          -  119.52584      -     - 2253s
     0     0  119.52628    0 7514          -  119.52628      -     - 2259s
     0     0  119.55038    0 7505          -  119.55038      -     - 2294s
     0     0  119.55390    0 7561          -  119.55390      -     - 2304s
     0     0  119.55430    0 7484          -  119.55430      -     - 2309s
     0     0  119.58396    0 7466          -  119.58396      -     - 2360s
     0     0  119.59107    0 7606          -  119.59107      -     - 2386s
     0     0  119.59192    0 7579          -  119.59192      -     - 2390s
     0     0  119.61733    0 7405          -  119.61733      -     - 2411s
     0     0  119.62299    0 7475          -  119.62299      -     - 2425s
     0     0  119.62389    0 7553          -  119.62389      -     - 2435s
     0     0  119.64788    0 7631          -  119.64788      -     - 2469s
     0     0  119.65214    0 7479          -  119.65214      -     - 2480s
     0     0  119.65266    0 7669          -  119.65266      -     - 2482s
     0     0  119.66818    0 7547          -  119.66818      -     - 2495s
     0     0  119.67202    0 7609          -  119.67202      -     - 2503s
     0     0  119.67221    0 7655          -  119.67221      -     - 2505s
     0     0  119.68769    0 7706          -  119.68769      -     - 2535s
     0     0  119.68769    0 7054          -  119.68769      -     - 2596s
     0     2  119.68769    0 6999          -  119.68769      -     - 4730s
     1     4  119.68819    1 6950          -  119.68769      -  3123 4790s
     3     8  119.68824    2 6948          -  119.68819      - 10729 4842s
     7    16  119.68849    3 6885          -  119.68828      - 10203 4870s
    15    32  119.68872    4 6880          -  119.68850      -  7673 4939s
    31    48  119.69010    5 6888          -  119.68967      - 10274 5236s
    47    64  119.69205    6 6894          -  119.68967      - 13386 5291s
    63    80  119.69544    7 6851          -  119.68967      - 10715 5301s
    79    96  119.70523    8 6847          -  119.68967      -  8860 5320s
    95   120  119.72634    9 6860          -  119.68967      -  7702 5330s
   119   143  119.73322   10 6789          -  119.68967      -  6357 5341s
   142   169  119.73338   11 6783          -  119.68967      -  5507 5350s
   168   198  119.73770   13 6753          -  119.68967      -  4808 5360s
   197   224  119.73822   14 6700          -  119.68967      -  4221 5376s
   223   250  119.74237   15 6686          -  119.68967      -  3877 5388s
   249   275  119.74253   16 6678          -  119.68967      -  3603 5404s
   274   311  119.74253   17 6678          -  119.68967      -  3383 5425s
   310   355  120.32768   20 6598          -  119.68967      -  3136 5435s
   354   402  120.32779   21 6593          -  119.68967      -  2803 5448s
   401   439  120.33861   23 6567          -  119.68967      -  2560 5459s
   438   485  120.33868   24 6634          -  119.68967      -  2419 5475s
   484   536  120.34171   26 6679          -  119.68967      -  2271 5488s
   535   578  120.34219   29 6624          -  119.68967      -  2118 5505s
   577   624  120.34440   31 6607          -  119.68967      -  2037 5519s
   623   670  120.34540   33 6623          -  119.68967      -  1946 5529s
   669   734  120.34618   36 6542          -  119.68967      -  1865 5543s
   733   802  120.34833   39 6484          -  119.68967      -  1761 5562s
   801   858  120.36170   41 6427          -  119.68967      -  1668 5584s
   857   929  120.37499   43 6402          -  119.68967      -  1617 5603s
   928   992  120.38143   46 6392          -  119.68967      -  1540 5617s
   991  1065  120.39219   50 6396          -  119.68967      -  1488 5635s
  1064  1144  120.42718   52 6383          -  119.68967      -  1433 5652s
  1143  1220  120.44241   55 6385          -  119.68967      -  1377 5680s
  1219  1307  120.46402   59 6391          -  119.68967      -  1355 5718s
  1306  1378  120.46751   60 6396          -  119.68967      -  1323 5735s
  1377  1483  120.48231   62 6405          -  119.68967      -  1308 5768s
  1482  1576  120.48990   64 6449          -  119.68967      -  1269 5804s
  1577  1668  120.52993   67 6456          -  119.68967      -  1257 5886s
  1671  1760  120.52993   68 6456          -  119.68967      -  1255 5914s
  1763  1860  121.56248   70 6372          -  119.68967      -  1249 5956s
  1863  2037  121.56900   71 6343          -  119.68967      -  1246 6006s
  2042  2171  121.67414   75 6333          -  119.68967      -  1204 6042s
  2176  2322  123.01693   87 6307          -  119.68967      -  1192 6065s
  2333  2481  123.01944   92 6217          -  119.68967      -  1164 6130s
  2496  2596  123.04146   96 6099          -  119.68967      -  1157 6169s
  2613  2752  123.05960   99 6002          -  119.68967      -  1164 6211s
  2773  2876  123.05960  112 6003          -  119.68967      -  1144 6250s
  2907  3045  126.45135  117 6201          -  119.68967      -  1143 6277s
  3076  3254  126.47590  127 6162          -  119.68967      -  1130 6308s
  3297  3465  126.58419  146 6091          -  119.68967      -  1099 6353s
  3510  3711  126.72400  149 6141          -  119.68967      -  1078 6392s
  3764  3906  126.78207  162 6024          -  119.68967      -  1047 6418s
  3971  4026  127.14354  177 6100          -  119.68967      -  1035 6508s
  4151  4154  127.48656  181 6098          -  119.68967      -  1044 6564s
  4177  4154  136.99926  229 5994          -  119.68967      -  1050 6565s
  4296  4324  128.30156  186 6091          -  119.68967      -  1051 6644s
  4486  4529  132.73160  192 5867          -  119.68967      -  1059 6706s
  4713  4779  143.02554  201 5918          -  119.68967      -  1054 6741s
  5005  5075 infeasible  211               -  119.69102      -  1036 6792s
  5338  5495  120.02107    6 6873          -  119.69102      -  1006 6854s
  5780  5876  120.08559   14 6874          -  119.69102      -   966 6899s
  6174  6307  120.08885   17 6872          -  119.69102      -   939 6948s
  6654  6791  120.09636   24 6798          -  119.69102      -   903 6995s
  7170  7195  120.12127   31 6627          -  119.69102      -   869 7088s
  7638  7731  120.13716   40 6498          -  119.69102      -   845 7143s
  8234  8200  120.17567   49 6430          -  119.69102      -   809 7192s
  8772  8633  165.54213  665 2187          -  119.69102      -   782 7200s

Cutting planes:
  Learned: 77
  Gomory: 9
  Cover: 997
  Implied bound: 2073
  Clique: 2701
  MIR: 4955
  StrongCG: 1
  Flow cover: 4799
  Zero half: 53
  Network: 1
  RLT: 681
  Relax-and-lift: 183
  PSD: 2

Explored 9228 nodes (7856999 simplex iterations) in 7200.09 seconds (13392.24 work units)
Thread count was 32 (of 32 available processors)

Solution count 0

Time limit reached
Best objective -, best bound 1.196910222773e+02, gap -
