
Gurobi 9.5.2 (linux64) logging started Fri Aug  7 05:17:15 2026

Set parameter LogFile to value "/mnt/beegfs/users/celinep/ChargeAndBreak/logs/RlongCmanyTtight_24_2SP_20260805_125650_166_gurobi.log"
Gurobi Optimizer version 9.5.2 build v9.5.2rc0 (linux64)
Thread count: 16 physical cores, 32 logical processors, using up to 32 threads
Optimize a model with 183605 rows, 89268 columns and 609359 nonzeros
Model fingerprint: 0xdb652ec9
Variable types: 76126 continuous, 13142 integer (13142 binary)
Coefficient statistics:
  Matrix range     [3e-02, 2e+03]
  Objective range  [4e-02, 4e-02]
  Bounds range     [1e+00, 1e+00]
  RHS range        [1e-02, 5e+02]
Presolve removed 60182 rows and 20666 columns
Presolve time: 4.79s
Presolved: 123423 rows, 68602 columns, 530014 nonzeros
Variable types: 58861 continuous, 9741 integer (9740 binary)

Deterministic concurrent LP optimizer: primal and dual simplex (primal and dual model)
Showing first log only...

Root relaxation presolve removed 2701 rows and 2701 columns
Root relaxation presolved: 120722 rows, 65901 columns, 524612 nonzeros


Root simplex log...

Iteration    Objective       Primal Inf.    Dual Inf.      Time
       0    4.3866709e+01   3.073452e+04   2.660246e+11      8s
   44175    6.4316647e+01   4.705459e+02   5.873296e+09     10s
   50514    1.1318507e+02   1.167906e+02   1.597970e+10     15s
   53816    1.3390773e+02   1.078647e+00   6.537594e+08     20s
   54235    1.4939666e+02   0.000000e+00   1.609720e+03     21s
   57179    1.3198904e+02   0.000000e+00   2.261754e+03     25s
   59701    1.2823845e+02   0.000000e+00   1.493753e+04     30s
   61641    1.2603141e+02   0.000000e+00   3.079487e+03     35s
   64163    1.2319292e+02   0.000000e+00   5.220809e+03     40s
   65895    1.2162902e+02   0.000000e+00   1.705076e+03     45s
   67835    1.1984187e+02   0.000000e+00   1.615020e+03     50s
   69581    1.1791853e+02   0.000000e+00   1.676338e+03     55s
   71309    1.1619523e+02   0.000000e+00   6.969083e+03     60s
   73117    1.1469623e+02   0.000000e+00   1.243810e+04     65s
   74421    1.1225991e+02   0.000000e+00   2.427154e+04     70s
   75555    1.1087187e+02   0.000000e+00   2.205345e+06     75s
   77179    1.1012648e+02   0.000000e+00   4.203746e+04     80s
   78639    1.0928580e+02   0.000000e+00   3.022736e+04     85s
   79933    1.0866075e+02   0.000000e+00   2.402083e+03     90s
   81385    1.0698694e+02   0.000000e+00   3.343334e+05     95s
   82823    1.0595124e+02   0.000000e+00   4.929081e+03    100s
   83853    1.0579401e+02   0.000000e+00   1.668098e+03    105s
   84933    1.0542457e+02   0.000000e+00   1.797533e+04    110s
   86173    1.0494616e+02   0.000000e+00   1.240892e+03    115s
   87413    1.0474009e+02   0.000000e+00   5.271980e+02    120s
   88393    1.0450182e+02   0.000000e+00   6.794646e+02    125s
   89733    1.0434393e+02   0.000000e+00   3.321003e+03    130s
   90983    1.0420008e+02   0.000000e+00   3.720182e+03    136s
   91913    1.0406320e+02   0.000000e+00   4.198114e+03    141s
   93229    1.0384132e+02   0.000000e+00   4.872089e+03    145s
   94867    1.0367357e+02   0.000000e+00   7.731198e+03    150s
   96087    1.0357166e+02   0.000000e+00   7.829521e+02    155s
   97555    1.0345661e+02   0.000000e+00   3.637526e+03    160s
   98665    1.0339484e+02   0.000000e+00   3.288896e+03    165s
   99913    1.0321862e+02   0.000000e+00   5.280995e+02    170s
  101297    1.0310366e+02   0.000000e+00   8.114967e+03    175s
  102501    1.0303218e+02   0.000000e+00   5.373119e+03    180s
  103967    1.0286675e+02   0.000000e+00   8.554473e+02    185s
  105803    1.0265759e+02   0.000000e+00   2.420618e+02    190s
  107591    1.0251549e+02   0.000000e+00   9.509934e+02    195s
  108849    1.0242086e+02   0.000000e+00   4.776815e+03    200s
  110449    1.0225966e+02   0.000000e+00   1.008607e+04    205s
  111863    1.0218815e+02   0.000000e+00   1.317233e+04    210s
  113625    1.0206765e+02   0.000000e+00   3.620493e+04    215s
  115105    1.0202241e+02   0.000000e+00   1.006240e+04    220s
  116587    1.0191633e+02   0.000000e+00   1.146753e+03    225s
  118535    1.0184422e+02   0.000000e+00   4.196055e+02    230s
  120359    1.0178949e+02   0.000000e+00   8.329037e+02    235s
  122515    1.0174164e+02   0.000000e+00   1.063226e+02    241s
  124297    1.0170936e+02   0.000000e+00   2.399171e+02    245s
  126127    1.0167642e+02   0.000000e+00   1.565080e+02    250s
  128325    1.0163369e+02   0.000000e+00   2.480614e+02    255s
  130495    1.0159920e+02   0.000000e+00   6.602231e+04    260s
  132949    1.0155083e+02   0.000000e+00   2.077987e+02    265s
  134259    1.0153056e+02   0.000000e+00   4.111334e+02    270s
Concurrent spin time: 0.00s

Solved with primal simplex (dual model)

Root relaxation: objective 1.013304e+02, 85447 iterations, 267.91 seconds (156.10 work units)
Total elapsed time = 277.77s
Total elapsed time = 280.91s

    Nodes    |    Current Node    |     Objective Bounds      |     Work
 Expl Unexpl |  Obj  Depth IntInf | Incumbent    BestBd   Gap | It/Node Time

     0     0  101.33251    0 3750          -  101.33251      -     -  304s
     0     0  102.68099    0 4314          -  102.68099      -     -  490s
     0     0  103.68457    0 5178          -  103.68457      -     -  574s
     0     0  103.73407    0 5183          -  103.73407      -     -  591s
     0     0  103.73693    0 5146          -  103.73693      -     -  595s
     0     0  103.73702    0 5148          -  103.73702      -     -  596s
     0     0  104.85034    0 6000          -  104.85034      -     -  706s
     0     0  105.02735    0 5763          -  105.02735      -     -  763s
     0     0  105.04416    0 5808          -  105.04416      -     -  778s
     0     0  105.04728    0 5825          -  105.04728      -     -  783s
     0     0  105.04782    0 5860          -  105.04782      -     -  787s
     0     0  106.69165    0 6219          -  106.69165      -     - 1026s
     0     0  106.88178    0 6235          -  106.88178      -     - 1100s
     0     0  106.91934    0 6326          -  106.91934      -     - 1135s
     0     0  106.92296    0 6297          -  106.92296      -     - 1147s
     0     0  106.92361    0 6255          -  106.92361      -     - 1150s
     0     0  107.54111    0 6354          -  107.54111      -     - 1306s
     0     0  107.66047    0 6326          -  107.66047      -     - 1350s
     0     0  107.69496    0 6355          -  107.69496      -     - 1367s
     0     0  107.70233    0 6389          -  107.70233      -     - 1374s
     0     0  107.70290    0 6406          -  107.70290      -     - 1380s
     0     0  107.90664    0 6444          -  107.90664      -     - 1453s
     0     0  107.94517    0 6521          -  107.94517      -     - 1480s
     0     0  107.94984    0 6517          -  107.94984      -     - 1491s
     0     0  107.95138    0 6591          -  107.95138      -     - 1495s
     0     0  108.10981    0 6529          -  108.10981      -     - 1597s
     0     0  108.13688    0 6640          -  108.13688      -     - 1634s
     0     0  108.14120    0 6669          -  108.14120      -     - 1642s
     0     0  108.14234    0 6601          -  108.14234      -     - 1649s
     0     0  108.25349    0 6600          -  108.25349      -     - 1749s
     0     0  108.26857    0 6647          -  108.26857      -     - 1770s
     0     0  108.28149    0 6642          -  108.28149      -     - 1786s
     0     0  108.28407    0 6725          -  108.28407      -     - 1793s
     0     0  108.28516    0 6722          -  108.28516      -     - 1797s
     0     0  108.37526    0 6608          -  108.37526      -     - 1841s
     0     0  108.38878    0 6701          -  108.38878      -     - 1858s
     0     0  108.39135    0 6686          -  108.39135      -     - 1868s
     0     0  108.39173    0 6725          -  108.39173      -     - 1871s
     0     0  108.47113    0 6651          -  108.47113      -     - 1931s
     0     0  108.48024    0 6679          -  108.48024      -     - 1950s
     0     0  108.48249    0 6696          -  108.48249      -     - 1954s
     0     0  108.48400    0 6697          -  108.48400      -     - 1959s
     0     0  108.54613    0 6601          -  108.54613      -     - 2007s
     0     0  108.55509    0 6583          -  108.55509      -     - 2018s
     0     0  108.55656    0 6635          -  108.55656      -     - 2022s
     0     0  108.59147    0 6621          -  108.59147      -     - 2071s
     0     0  108.59917    0 6663          -  108.59917      -     - 2084s
     0     0  108.60040    0 6570          -  108.60040      -     - 2088s
     0     0  108.63416    0 6615          -  108.63416      -     - 2107s
     0     0  108.63878    0 6661          -  108.63878      -     - 2119s
     0     0  108.63970    0 6685          -  108.63970      -     - 2123s
     0     0  108.67320    0 6644          -  108.67320      -     - 2153s
     0     0  108.67851    0 6688          -  108.67851      -     - 2164s
     0     0  108.67954    0 6689          -  108.67954      -     - 2169s
     0     0  108.70645    0 6620          -  108.70645      -     - 2207s
     0     0  108.71802    0 6652          -  108.71802      -     - 2218s
     0     0  108.71899    0 6625          -  108.71899      -     - 2221s
     0     0  108.73887    0 6678          -  108.73887      -     - 2237s
     0     0  108.74126    0 6725          -  108.74126      -     - 2247s
     0     0  108.74166    0 6759          -  108.74166      -     - 2249s
     0     0  108.75926    0 6619          -  108.75926      -     - 2267s
     0     0  108.76098    0 6614          -  108.76098      -     - 2274s
     0     0  108.77849    0 6648          -  108.77849      -     - 2303s
     0     0  108.77849    0 6260          -  108.77849      -     - 2360s
     0     2  108.77849    0 6075          -  108.77849      -     - 4702s
     1     4  108.78086    1 6021          -  108.77849      -  4361 4749s
     3     8  108.78339    2 6019          -  108.78090      -  6276 4798s
     7    16  108.78436    3 6056          -  108.78339      -  7094 4886s
    15    32  108.78474    4 6047          -  108.78436      -  8871 5019s
    31    48  108.78540    5 6065          -  108.78477      -  9779 5264s
    47    64  108.78570    6 6075          -  108.78477      -  8804 5320s
    63    80  108.78627    7 6036          -  108.78477      -  7206 5327s
    79    96  108.78716    8 6016          -  108.78477      -  5890 5335s
    95   115  108.78765    9 5989          -  108.78477      -  5009 5422s
   114   138  108.81623   10 5969          -  108.78477      -  4647 5496s
   137   156  108.82458   11 5951          -  108.78477      -  4151 5522s
   155   181  108.82607   13 5915          -  108.78477      -  3853 5604s
   180   209  108.82819   15 5998          -  108.78477      -  3592 5620s
   208   237  108.83142   16 6015          -  108.78477      -  3275 5700s
   236   262  108.84398   19 5981          -  108.78477      -  3161 5787s
   261   299  108.84518   20 5982          -  108.78477      -  3228 5813s
   298   333  108.85710   23 5872          -  108.78477      -  2981 5848s
   332   368  108.87090   24 5857          -  108.78477      -  2805 5947s
   367   415  108.88231   25 5844          -  108.78477      -  2740 6078s
   414   464  108.89191   26 5865          -  108.78477      -  2617 6179s
   463   521  108.90136   27 5826          -  108.78477      -  2516 6256s
   520   587  108.90862   28 5804          -  108.78477      -  2381 6367s
   586   650  108.93057   30 5783          -  108.78477      -  2311 6444s
   649   716  108.93607   31 5773          -  108.78477      -  2201 6557s
   715   773  108.93798   35 5693          -  108.78477      -  2158 6676s
   778   845  108.96940   37 5628          -  108.78477      -  2108 6767s
   854   936  109.04079   42 5646          -  108.78477      -  2049 6868s
   949  1030  109.05887   44 5613          -  108.78477      -  1945 7012s
  1047  1162  109.06569   45 5588          -  108.78477      -  1894 7070s
  1179  1249  109.07480   47 5551          -  108.78477      -  1764 7108s
  1268  1350  109.12056   51 5610          -  108.78477      -  1706 7200s

Cutting planes:
  Learned: 56
  Gomory: 1
  Cover: 564
  Implied bound: 1529
  Clique: 2219
  MIR: 3520
  Flow cover: 2970
  GUB cover: 1
  Zero half: 2
  RLT: 443
  Relax-and-lift: 198
  PSD: 16

Explored 1373 nodes (3056985 simplex iterations) in 7200.09 seconds (8492.18 work units)
Thread count was 32 (of 32 available processors)

Solution count 0

Time limit reached
Best objective -, best bound 1.087847735994e+02, gap -
