
Gurobi 9.5.2 (linux64) logging started Sun Aug  9 02:16:14 2026

Set parameter LogFile to value "/mnt/beegfs/users/celinep/ChargeAndBreak/logs/RlongCmanyTmedium_10_2SP_20260803_212939_251_gurobi.log"
Gurobi Optimizer version 9.5.2 build v9.5.2rc0 (linux64)
Thread count: 16 physical cores, 32 logical processors, using up to 32 threads
Optimize a model with 163104 rows, 79217 columns and 540358 nonzeros
Model fingerprint: 0x048822c4
Variable types: 67626 continuous, 11591 integer (11591 binary)
Coefficient statistics:
  Matrix range     [2e-02, 2e+03]
  Objective range  [4e-02, 4e-02]
  Bounds range     [1e+00, 1e+00]
  RHS range        [2e-02, 5e+02]
Presolve removed 53906 rows and 18639 columns
Presolve time: 1.82s
Presolved: 109198 rows, 60578 columns, 469462 nonzeros
Variable types: 52021 continuous, 8557 integer (8557 binary)

Deterministic concurrent LP optimizer: primal and dual simplex (primal and dual model)
Showing first log only...

Root relaxation presolve removed 2333 rows and 2333 columns
Root relaxation presolved: 106865 rows, 58245 columns, 464796 nonzeros


Root simplex log...

Iteration    Objective       Primal Inf.    Dual Inf.      Time
   48741    1.0270449e+02   1.042988e+02   1.050241e+09      5s
   51273    1.2907154e+02   0.000000e+00   5.506306e+03      6s
   60156    1.0543347e+02   0.000000e+00   2.172018e+03     10s
   66780    9.9616969e+01   0.000000e+00   6.418264e+03     15s
   71008    9.6385404e+01   0.000000e+00   1.864023e+04     20s
   74532    9.5141349e+01   0.000000e+00   1.362386e+04     25s
   77670    9.4111539e+01   0.000000e+00   2.001361e+04     30s
   80600    9.2861769e+01   0.000000e+00   1.053825e+04     35s
   83520    9.1875728e+01   0.000000e+00   7.006068e+03     40s
   86750    9.1068586e+01   0.000000e+00   1.979324e+04     45s
   89594    9.0599679e+01   0.000000e+00   9.813251e+04     50s
   92896    9.0289305e+01   0.000000e+00   5.970475e+03     55s
   96378    8.9897776e+01   0.000000e+00   6.890896e+03     60s
  100160    8.9530115e+01   0.000000e+00   2.584111e+04     65s
  103830    8.9083805e+01   0.000000e+00   2.239932e+03     70s
  107196    8.8951310e+01   0.000000e+00   2.515769e+03     75s
  110874    8.8759759e+01   0.000000e+00   4.985228e+02     80s
  113988    8.8650400e+01   0.000000e+00   6.308508e+03     85s
  117154    8.8548633e+01   0.000000e+00   2.094657e+02     90s
Concurrent spin time: 0.00s

Solved with primal simplex (dual model)

Root relaxation: objective 8.815642e+01, 72204 iterations, 88.19 seconds (100.84 work units)

    Nodes    |    Current Node    |     Objective Bounds      |     Work
 Expl Unexpl |  Obj  Depth IntInf | Incumbent    BestBd   Gap | It/Node Time

     0     0   88.15787    0 3235          -   88.15787      -     -  106s
     0     0   89.58421    0 3601          -   89.58421      -     -  192s
     0     0   90.17054    0 4406          -   90.17054      -     -  248s
     0     0   90.21860    0 4410          -   90.21860      -     -  258s
     0     0   90.25259    0 4372          -   90.25259      -     -  263s
     0     0   90.26266    0 4383          -   90.26266      -     -  266s
     0     0   90.26790    0 4321          -   90.26790      -     -  267s
     0     0   90.26970    0 4325          -   90.26970      -     -  268s
     0     0   90.27117    0 4403          -   90.27117      -     -  269s
     0     0   90.27230    0 4396          -   90.27230      -     -  270s
     0     0   90.27244    0 4355          -   90.27244      -     -  270s
     0     0   91.79208    0 4850          -   91.79208      -     -  364s
     0     0   91.96425    0 5081          -   91.96425      -     -  398s
     0     0   91.98216    0 5116          -   91.98216      -     -  405s
     0     0   91.98397    0 5154          -   91.98397      -     -  407s
     0     0   91.98429    0 5167          -   91.98429      -     -  408s
     0     0   93.34195    0 4984          -   93.34195      -     -  506s
     0     0   93.55876    0 4961          -   93.55876      -     -  537s
     0     0   93.58788    0 5018          -   93.58788      -     -  545s
     0     0   93.59616    0 5058          -   93.59616      -     -  550s
     0     0   93.59768    0 5062          -   93.59768      -     -  551s
     0     0   93.59838    0 5103          -   93.59838      -     -  552s
     0     0   94.44372    0 5068          -   94.44372      -     -  644s
     0     0   94.57550    0 5178          -   94.57550      -     -  668s
     0     0   94.60161    0 5257          -   94.60161      -     -  676s
     0     0   94.60629    0 5237          -   94.60629      -     -  679s
     0     0   94.60767    0 5217          -   94.60767      -     -  680s
     0     0   94.84313    0 5324          -   94.84313      -     -  729s
     0     0   94.87868    0 5382          -   94.87868      -     -  741s
     0     0   94.88515    0 5336          -   94.88515      -     -  745s
     0     0   94.88646    0 5455          -   94.88646      -     -  747s
     0     0   95.06215    0 5368          -   95.06215      -     -  775s
     0     0   95.09670    0 5411          -   95.09670      -     -  799s
     0     0   95.10203    0 5390          -   95.10203      -     -  805s
     0     0   95.10247    0 5394          -   95.10247      -     -  806s
     0     0   95.22931    0 5416          -   95.22931      -     -  832s
     0     0   95.25166    0 5540          -   95.25166      -     -  842s
     0     0   95.25428    0 5467          -   95.25428      -     -  844s
     0     0   95.25473    0 5428          -   95.25473      -     -  845s
     0     0   95.34422    0 5496          -   95.34422      -     -  872s
     0     0   95.35739    0 5484          -   95.35739      -     -  885s
     0     0   95.36003    0 5513          -   95.36003      -     -  888s
     0     0   95.36075    0 5576          -   95.36075      -     -  890s
     0     0   95.41232    0 5524          -   95.41232      -     -  917s
     0     0   95.42321    0 5509          -   95.42321      -     -  926s
     0     0   95.42563    0 5525          -   95.42563      -     -  930s
     0     0   95.42610    0 5477          -   95.42610      -     -  932s
     0     0   95.47831    0 5609          -   95.47831      -     -  964s
     0     0   95.49322    0 5654          -   95.49322      -     -  981s
     0     0   95.49661    0 5607          -   95.49661      -     -  986s
     0     0   95.49721    0 5655          -   95.49721      -     -  988s
     0     0   95.52268    0 5551          -   95.52268      -     - 1010s
     0     0   95.52910    0 5600          -   95.52910      -     - 1020s
     0     0   95.52987    0 5602          -   95.52987      -     - 1023s
     0     0   95.56773    0 5631          -   95.56773      -     - 1047s
     0     0   95.57322    0 5595          -   95.57322      -     - 1059s
     0     0   95.57501    0 5596          -   95.57501      -     - 1064s
     0     0   95.59856    0 5640          -   95.59856      -     - 1077s
     0     0   95.60243    0 5606          -   95.60243      -     - 1096s
     0     0   95.60289    0 5629          -   95.60289      -     - 1097s
     0     0   95.62249    0 5637          -   95.62249      -     - 1107s
     0     0   95.62568    0 5630          -   95.62568      -     - 1119s
     0     0   95.62637    0 5599          -   95.62637      -     - 1122s
     0     0   95.64124    0 5589          -   95.64124      -     - 1139s
     0     0   95.64350    0 5619          -   95.64350      -     - 1150s
     0     0   95.65948    0 5624          -   95.65948      -     - 1161s
     0     0   95.65948    0 5083          -   95.65948      -     - 1206s
     0     2   95.65948    0 5046          -   95.65948      -     - 1739s
     1     4   95.66018    1 5062          -   95.65948      -  4665 1770s
     3     8   95.66067    2 5091          -   95.66018      -  8302 1831s
     7    16   95.66216    3 5029          -   95.66098      - 14701 1895s
    15    32   95.66824    4 5010          -   95.66224      - 13845 1961s
    31    48   95.67154    5 5056          -   95.66853      - 12187 1988s
    47    64   95.68029    6 4994          -   95.66853      -  9442 1997s
    63    80   95.68938    7 5011          -   95.66853      -  7377 2005s
    79    96   95.69798    8 5000          -   95.66853      -  6143 2011s
    95   120   95.71230    9 4991          -   95.66853      -  5389 2059s
   119   147   95.71230   10 4928          -   95.66853      -  4536 2086s
   146   171   95.89411   12 4950          -   95.66853      -  3990 2095s
   170   202   95.89511   14 4953          -   95.66853      -  3603 2108s
H  189   202                     182.4797539   95.66853  47.6%  3331 2108s
   201   225   95.90980   16 4944  182.47975   95.66853  47.6%  3191 2456s
   224   265   95.91171   17 4918  182.47975   95.66853  47.6%  3115 2482s
   264   303   95.93506   20 4940  182.47975   95.66853  47.6%  2849 2495s
   302   345   95.94789   21 4882  182.47975   95.66853  47.6%  2620 2517s
H  344   398                     182.4163642   95.66853  47.6%  2455 2543s
H  348   398                     168.4410867   95.66853  43.2%  2433 2543s
   397   458   95.94928   25 4872  168.44109   95.66853  43.2%  2242 2564s
H  457   474                     168.0658096   95.66853  43.1%  2062 2708s
H  458   474                     144.7622205   95.66853  33.9%  2111 2708s
   473   527   96.37880   28 4731  144.76222   95.66853  33.9%  2174 2737s
H  526   544                     144.7248711   95.66853  33.9%  2086 2777s
H  527   544                     144.5584371   95.66853  33.8%  2087 2777s
H  535   544                     144.4546333   95.66853  33.8%  2076 2777s
H  539   544                     144.3701813   95.66853  33.7%  2083 2777s
H  541   544                     135.2011793   95.66853  29.2%  2082 2777s
   543   596   96.38901   30 4760  135.20118   95.66853  29.2%  2076 2821s
H  599   653                     132.1950753   95.66853  27.6%  2008 2907s
H  632   653                     132.1568073   95.66853  27.6%  1950 2907s
   658   708   96.59038   34 4714  132.15681   95.66853  27.6%  1951 2973s
H  721   725                     132.0332530   95.66853  27.5%  1939 3070s
H  721   725                     131.8220216   95.66853  27.4%  1939 3070s
H  724   725                     131.1674301   95.66853  27.1%  1940 3070s
H  729   725                     130.5479931   95.66853  26.7%  1941 3070s
   742   817   96.59887   38 4817  130.54799   95.66853  26.7%  1961 3116s
H  841   879                     130.4748038   95.66853  26.7%  1853 3225s
H  852   879                     129.9446645   95.66853  26.4%  1831 3225s
   914   879   96.71905   55 4893  129.94466   95.66853  26.4%  1857 3318s
   933   892   97.29066   56 4980  129.94466   95.66853  26.4%  2039 3360s
H  950   955                     129.7488579   95.66853  26.3%  2171 3429s
H  967   955                     129.7451371   95.66853  26.3%  2158 3429s
H  987   955                     129.6087221   95.66853  26.2%  2148 3429s
  1015  1033  118.42072   67 4963  129.60872   95.66853  26.2%  2184 3522s
H 1097  1057                     128.1799460   95.66853  25.4%  2185 3598s
  1132  1105  106.99322   68 4858  128.17995   95.66853  25.4%  2343 3651s
H 1186  1171                     128.1788920   95.66853  25.4%  2397 3741s
H 1186  1171                     128.1586571   95.66853  25.4%  2397 3741s
H 1189  1171                     128.1565900   95.66853  25.4%  2405 3741s
H 1256  1171                     127.9350046   95.66853  25.2%  2380 3741s
  1263  1246  107.33878   73 4509  127.93500   95.66853  25.2%  2371 3845s
H 1348  1275                     127.9319557   95.66853  25.2%  2378 3978s
H 1348  1260                     127.4565900   95.66853  24.9%  2378 3978s
H 1355  1260                     127.0914945   95.66853  24.7%  2367 3978s
H 1362  1260                     124.9988310   95.66853  23.5%  2363 3978s
  1381  1295  107.45633   89 4525  124.99883   95.66853  23.5%  2432 4087s
  1433  1310 infeasible  107       124.99883   95.66853  23.5%  2559 5071s
H 1434  1310                     124.9765900   95.66853  23.5%  2557 5071s
  1450  1437  119.13050  107 4556  124.97659   95.66853  23.5%  2712 5193s
  1584  1542  119.16154  108 4556  124.97659   95.66853  23.5%  2605 5254s
H 1609  1542                     124.7366291   95.66853  23.3%  2580 5254s
H 1615  1542                     122.1785820   95.66853  21.7%  2579 5254s
  1703  1629 infeasible  118       122.17858   95.67154  21.7%  2503 5441s
  1804  1688   97.15072    6 5354  122.17858   95.67154  21.7%  2599 5549s
  1871  1811   97.15407    7 5450  122.17858   95.67154  21.7%  2683 5688s
  2021  1874   97.18453   10 5489  122.17858   95.67154  21.7%  2662 5814s
  2100  1875  102.18082   45 5083  122.17858   95.67154  21.7%  2735 7006s
  2102  1876  106.43745   70 2960  122.17858   95.67154  21.7%  2732 7188s

Cutting planes:
  Learned: 21
  Gomory: 16
  Cover: 334
  Implied bound: 258
  Projected implied bound: 268
  Clique: 24
  MIR: 1942
  StrongCG: 1
  Flow cover: 2069
  GUB cover: 25
  Network: 1
  RLT: 111
  Relax-and-lift: 84
  PSD: 22

Explored 2102 nodes (6537969 simplex iterations) in 7200.17 seconds (12150.70 work units)
Thread count was 32 (of 32 available processors)

Solution count 10: 122.179 124.737 124.977 ... 128.159

Time limit reached
Best objective 1.221785819690e+02, best bound 9.567154270914e+01, gap 21.6953%
