
Gurobi 9.5.2 (linux64) logging started Wed Aug  5 21:01:26 2026

Set parameter LogFile to value "/mnt/beegfs/users/celinep/ChargeAndBreak/logs/RlongCmanyTlarge_44_2SP_20260805_125650_038_gurobi.log"
Gurobi Optimizer version 9.5.2 build v9.5.2rc0 (linux64)
Thread count: 16 physical cores, 32 logical processors, using up to 32 threads
Optimize a model with 206627 rows, 100443 columns and 687006 nonzeros
Model fingerprint: 0x4ced60a2
Variable types: 85751 continuous, 14692 integer (14692 binary)
Coefficient statistics:
  Matrix range     [2e-02, 2e+03]
  Objective range  [4e-02, 4e-02]
  Bounds range     [1e+00, 1e+00]
  RHS range        [1e-02, 5e+02]
Presolve removed 67131 rows and 22655 columns (presolve time = 5s) ...
Presolve removed 67131 rows and 22655 columns
Presolve time: 5.43s
Presolved: 139496 rows, 77788 columns, 599836 nonzeros
Variable types: 66712 continuous, 11076 integer (11076 binary)

Deterministic concurrent LP optimizer: primal and dual simplex (primal and dual model)
Showing first log only...

Root relaxation presolve removed 2905 rows and 2905 columns
Root relaxation presolved: 136591 rows, 74883 columns, 594026 nonzeros


Root simplex log...

Iteration    Objective       Primal Inf.    Dual Inf.      Time
       0    4.7794302e+01   8.593335e+04   7.635033e+11      8s
   47583    5.6204877e+01   6.771537e+02   5.902674e+09     10s
   59776    1.3083828e+02   1.284335e+02   2.875529e+09     15s
   63377    1.6518772e+02   0.000000e+00   1.621687e+03     20s
   63814    1.6426031e+02   0.000000e+00   2.810943e+03     20s
   66889    1.6086613e+02   0.000000e+00   6.122314e+03     25s
   70149    1.4509844e+02   0.000000e+00   1.502474e+04     30s
   73660    1.3333611e+02   0.000000e+00   1.987606e+04     35s
   76120    1.3084016e+02   0.000000e+00   5.662647e+03     40s
   78375    1.2857932e+02   0.000000e+00   2.159048e+04     45s
   80425    1.2718386e+02   0.000000e+00   1.668776e+04     50s
   82270    1.2579154e+02   0.000000e+00   2.559534e+03     55s
   84320    1.2393541e+02   0.000000e+00   1.029928e+04     60s
   86575    1.2158426e+02   0.000000e+00   6.967251e+02     65s
   88420    1.2030714e+02   0.000000e+00   3.964368e+03     70s
   90265    1.1891683e+02   0.000000e+00   9.478162e+02     75s
   91905    1.1782475e+02   0.000000e+00   4.668430e+03     80s
   93325    1.1728227e+02   0.000000e+00   4.828712e+04     85s
   94435    1.1642297e+02   0.000000e+00   2.418232e+04     90s
   95485    1.1576059e+02   0.000000e+00   2.078919e+04     95s
   96475    1.1511010e+02   0.000000e+00   1.215703e+04    100s
   97395    1.1441334e+02   0.000000e+00   1.677456e+05    105s
   98295    1.1408092e+02   0.000000e+00   4.883202e+03    110s
   99215    1.1367124e+02   0.000000e+00   8.517335e+03    115s
  100175    1.1332448e+02   0.000000e+00   1.279435e+04    120s
  101005    1.1299685e+02   0.000000e+00   4.795557e+04    125s
  101905    1.1258538e+02   0.000000e+00   2.264585e+05    130s
  102665    1.1238653e+02   0.000000e+00   5.171541e+04    135s
  103525    1.1212154e+02   0.000000e+00   1.358233e+04    141s
  104235    1.1179351e+02   0.000000e+00   8.674477e+05    145s
  105125    1.1153198e+02   0.000000e+00   3.411082e+05    150s
  106090    1.1115176e+02   0.000000e+00   1.952675e+04    155s
  107010    1.1102857e+02   0.000000e+00   7.543933e+05    161s
  107770    1.1088367e+02   0.000000e+00   1.509901e+05    166s
  108740    1.1074688e+02   0.000000e+00   1.168970e+05    170s
  110105    1.1039646e+02   0.000000e+00   7.960930e+04    175s
  111005    1.1027390e+02   0.000000e+00   1.771588e+04    180s
  112005    1.1011501e+02   0.000000e+00   5.817484e+03    185s
  112965    1.0995145e+02   0.000000e+00   6.950973e+03    190s
  113975    1.0984149e+02   0.000000e+00   1.614232e+04    195s
  115340    1.0969628e+02   0.000000e+00   1.889672e+04    201s
  116430    1.0960120e+02   0.000000e+00   1.870775e+03    205s
  117685    1.0943987e+02   0.000000e+00   5.388703e+04    210s
  118655    1.0935351e+02   0.000000e+00   1.372696e+03    215s
  119635    1.0930007e+02   0.000000e+00   1.007173e+03    221s
  120990    1.0913808e+02   0.000000e+00   6.386153e+04    225s
  122340    1.0904889e+02   0.000000e+00   7.648680e+03    230s
  123515    1.0894869e+02   0.000000e+00   3.543535e+04    235s
  124670    1.0884649e+02   0.000000e+00   8.998048e+03    240s
  125860    1.0876396e+02   0.000000e+00   1.710361e+04    245s
  127110    1.0868243e+02   0.000000e+00   3.630467e+03    250s
  128520    1.0858343e+02   0.000000e+00   8.009346e+04    255s
  129940    1.0852731e+02   0.000000e+00   7.687579e+02    260s
  131790    1.0841873e+02   0.000000e+00   1.250230e+03    265s
  132760    1.0836588e+02   0.000000e+00   1.822136e+05    270s
  133730    1.0831312e+02   0.000000e+00   9.853559e+02    275s
  135140    1.0825041e+02   0.000000e+00   5.583987e+02    280s
  136720    1.0818704e+02   0.000000e+00   4.201838e+03    285s
  138345    1.0811876e+02   0.000000e+00   4.367327e+02    290s
  139740    1.0804562e+02   0.000000e+00   6.271696e+02    295s
  140970    1.0800537e+02   0.000000e+00   1.707028e+03    300s
Concurrent spin time: 3.57s

Solved with primal simplex (dual model)

Root relaxation: objective 1.074321e+02, 98174 iterations, 297.86 seconds (197.68 work units)
Total elapsed time = 310.40s

    Nodes    |    Current Node    |     Objective Bounds      |     Work
 Expl Unexpl |  Obj  Depth IntInf | Incumbent    BestBd   Gap | It/Node Time

     0     0  107.43446    0 3908          -  107.43446      -     -  341s
     0     0  109.29527    0 4501          -  109.29527      -     -  575s
     0     0  110.40676    0 5435          -  110.40676      -     -  808s
     0     0  110.44232    0 5459          -  110.44232      -     -  834s
     0     0  110.44716    0 5452          -  110.44716      -     -  857s
     0     0  110.44890    0 5478          -  110.44890      -     -  865s
     0     0  110.44967    0 5474          -  110.44967      -     -  869s
     0     0  110.45044    0 5493          -  110.45044      -     -  872s
     0     0  110.45045    0 5484          -  110.45045      -     -  873s
     0     0  111.55066    0 6107          -  111.55066      -     - 1051s
     0     0  111.76537    0 6471          -  111.76537      -     - 1157s
     0     0  111.78788    0 6500          -  111.78788      -     - 1181s
     0     0  111.79204    0 6466          -  111.79204      -     - 1188s
     0     0  111.79297    0 6465          -  111.79297      -     - 1192s
     0     0  111.79315    0 6443          -  111.79315      -     - 1193s
     0     0  113.19970    0 6101          -  113.19970      -     - 1399s
     0     0  113.47673    0 6264          -  113.47673      -     - 1523s
     0     0  113.52108    0 6301          -  113.52108      -     - 1549s
     0     0  113.53137    0 6273          -  113.53137      -     - 1574s
     0     0  113.53638    0 6317          -  113.53638      -     - 1581s
     0     0  113.53689    0 6301          -  113.53689      -     - 1583s
     0     0  114.34171    0 6429          -  114.34171      -     - 1757s
     0     0  114.48276    0 6389          -  114.48276      -     - 1831s
     0     0  114.49901    0 6433          -  114.49901      -     - 1861s
     0     0  114.50260    0 6431          -  114.50260      -     - 1874s
     0     0  114.50351    0 6441          -  114.50351      -     - 1879s
     0     0  114.74842    0 6596          -  114.74842      -     - 2021s
     0     0  114.78489    0 6657          -  114.78489      -     - 2087s
     0     0  114.78853    0 6664          -  114.78853      -     - 2099s
     0     0  114.78933    0 6668          -  114.78933      -     - 2103s
     0     0  114.95796    0 6937          -  114.95796      -     - 2213s
     0     0  114.98430    0 6998          -  114.98430      -     - 2236s
     0     0  114.98918    0 7031          -  114.98918      -     - 2245s
     0     0  114.98979    0 7016          -  114.98979      -     - 2249s
     0     0  115.09398    0 6890          -  115.09398      -     - 2346s
     0     0  115.11330    0 6816          -  115.11330      -     - 2378s
     0     0  115.11527    0 6891          -  115.11527      -     - 2382s
     0     0  115.18108    0 6893          -  115.18108      -     - 2435s
     0     0  115.19755    0 6832          -  115.19755      -     - 2471s
     0     0  115.19938    0 6924          -  115.19938      -     - 2477s
     0     0  115.25796    0 6780          -  115.25796      -     - 2541s
     0     0  115.26637    0 6909          -  115.26637      -     - 2571s
     0     0  115.26824    0 6930          -  115.26824      -     - 2580s
     0     0  115.30508    0 6956          -  115.30508      -     - 2631s
     0     0  115.31168    0 6944          -  115.31168      -     - 2667s
     0     0  115.31284    0 6943          -  115.31284      -     - 2671s
     0     0  115.33906    0 6951          -  115.33906      -     - 2719s
     0     0  115.34327    0 6970          -  115.34327      -     - 2736s
     0     0  115.34473    0 7027          -  115.34473      -     - 2741s
     0     0  115.36686    0 6979          -  115.36686      -     - 2776s
     0     0  115.36942    0 7008          -  115.36942      -     - 2795s
     0     0  115.36965    0 7021          -  115.36965      -     - 2801s
     0     0  115.39045    0 6990          -  115.39045      -     - 2849s
     0     0  115.39298    0 7048          -  115.39298      -     - 2858s
     0     0  115.39318    0 7008          -  115.39318      -     - 2861s
     0     0  115.40745    0 6995          -  115.40745      -     - 2885s
     0     0  115.40745    0 6423          -  115.40745      -     - 2979s

Cutting planes:
  Learned: 131
  Gomory: 2
  Cover: 758
  Implied bound: 1611
  Clique: 2776
  MIR: 3886
  StrongCG: 2
  Flow cover: 3424
  Zero half: 10
  RLT: 569
  Relax-and-lift: 196
  PSD: 5

Explored 1 nodes (902863 simplex iterations) in 7200.12 seconds (7987.98 work units)
Thread count was 32 (of 32 available processors)

Solution count 0

Time limit reached
Best objective -, best bound 1.154074537918e+02, gap -
