
Gurobi 9.5.2 (linux64) logging started Sun Aug 16 01:25:42 2026

Set parameter LogFile to value "/mnt/beegfs/users/celinep/ChargeAndBreak/logs/RlongCmediumTlarge_17_2SP_20260814_230343_109_gurobi.log"
Gurobi Optimizer version 9.5.2 build v9.5.2rc0 (linux64)
Thread count: 16 physical cores, 32 logical processors, using up to 32 threads
Optimize a model with 188279 rows, 87052 columns and 617408 nonzeros
Model fingerprint: 0x7b5bdb0c
Variable types: 76501 continuous, 10551 integer (10551 binary)
Coefficient statistics:
  Matrix range     [3e-02, 2e+03]
  Objective range  [2e-02, 4e-02]
  Bounds range     [1e+00, 1e+00]
  RHS range        [6e-03, 5e+02]
Presolve removed 65231 rows and 21172 columns
Presolve time: 4.44s
Presolved: 123048 rows, 65880 columns, 531206 nonzeros
Variable types: 58633 continuous, 7247 integer (7247 binary)

Deterministic concurrent LP optimizer: primal and dual simplex (primal and dual model)
Showing first log only...

Root relaxation presolve removed 2739 rows and 2739 columns
Root relaxation presolved: 120309 rows, 63141 columns, 525728 nonzeros


Root simplex log...

Iteration    Objective       Primal Inf.    Dual Inf.      Time
       0    4.2012323e+01   6.131865e+04   6.102739e+11      7s
   48196    9.3321648e+01   3.894203e+02   2.560446e+09     10s
   56966    1.3840206e+02   1.484281e+01   6.198598e+08     15s
   57946    1.4194624e+02   0.000000e+00   1.029085e+03     16s
   61771    1.2811954e+02   0.000000e+00   1.881973e+04     20s
   65457    1.2472069e+02   0.000000e+00   1.168648e+03     25s
   68707    1.2107600e+02   0.000000e+00   8.188474e+03     30s
   70773    1.1859648e+02   0.000000e+00   2.879677e+03     35s
   72637    1.1566123e+02   0.000000e+00   2.786577e+05     40s
   74699    1.1264453e+02   0.000000e+00   2.796560e+05     45s
   76709    1.1163682e+02   0.000000e+00   3.920173e+03     50s
   78503    1.0998123e+02   0.000000e+00   1.005907e+04     55s
   80423    1.0839063e+02   0.000000e+00   1.109738e+04     60s
   82447    1.0721364e+02   0.000000e+00   5.198323e+04     65s
   84041    1.0664573e+02   0.000000e+00   2.780124e+03     70s
   85931    1.0593694e+02   0.000000e+00   3.450274e+03     75s
   88207    1.0455125e+02   0.000000e+00   1.143781e+04     80s
   89827    1.0411165e+02   0.000000e+00   6.678494e+03     85s
   91607    1.0364985e+02   0.000000e+00   2.381449e+03     90s
Concurrent spin time: 21.50s

Solved with dual simplex (primal model)

Root relaxation: objective 1.007197e+02, 107013 iterations, 108.08 seconds (81.44 work units)
Total elapsed time = 116.23s

    Nodes    |    Current Node    |     Objective Bounds      |     Work
 Expl Unexpl |  Obj  Depth IntInf | Incumbent    BestBd   Gap | It/Node Time

     0     0  102.64032    0 2931          -  102.64032      -     -  144s
     0     0  104.30602    0 3499          -  104.30602      -     -  188s
     0     0  104.51585    0 3898          -  104.51585      -     -  217s
     0     0  104.52692    0 3949          -  104.52692      -     -  224s
     0     0  104.52991    0 3936          -  104.52991      -     -  226s
     0     0  104.53053    0 3955          -  104.53053      -     -  227s
     0     0  104.53075    0 3929          -  104.53075      -     -  228s
     0     0  104.82945    0 3975          -  104.82945      -     -  272s
     0     0  104.86749    0 4066          -  104.86749      -     -  298s
     0     0  104.87381    0 4023          -  104.87381      -     -  304s
     0     0  104.87493    0 4033          -  104.87493      -     -  305s
     0     0  104.87527    0 4043          -  104.87527      -     -  306s
     0     0  105.33097    0 3988          -  105.33097      -     -  352s
     0     0  105.39470    0 4103          -  105.39470      -     -  381s
     0     0  105.40317    0 4066          -  105.40317      -     -  392s
     0     0  105.40686    0 4115          -  105.40686      -     -  401s
     0     0  105.40785    0 4101          -  105.40785      -     -  403s
     0     0  105.40807    0 4098          -  105.40807      -     -  404s
     0     0  105.66585    0 4103          -  105.66585      -     -  467s
H    0     0                     203.3258924  105.66585  48.0%     -  473s
     0     0  105.70888    0 4053  203.32589  105.70888  48.0%     -  491s
     0     0  105.71618    0 4117  203.32589  105.71618  48.0%     -  496s
     0     0  105.71786    0 4069  203.32589  105.71786  48.0%     -  502s
     0     0  105.71824    0 4114  203.32589  105.71824  48.0%     -  503s
     0     0  105.82383    0 4113  203.32589  105.82383  48.0%     -  547s
H    0     0                     170.1072749  105.82383  37.8%     -  552s
     0     0  105.83601    0 4105  170.10727  105.83601  37.8%     -  569s
     0     0  105.83822    0 4166  170.10727  105.83822  37.8%     -  574s
     0     0  105.83893    0 4158  170.10727  105.83893  37.8%     -  576s
     0     0  105.90668    0 4083  170.10727  105.90668  37.7%     -  614s
     0     0  105.91510    0 4173  170.10727  105.91510  37.7%     -  632s
     0     0  105.91604    0 4179  170.10727  105.91604  37.7%     -  637s
     0     0  105.91654    0 4147  170.10727  105.91654  37.7%     -  640s
     0     0  105.97413    0 4108  170.10727  105.97413  37.7%     -  690s
     0     0  105.98153    0 4136  170.10727  105.98153  37.7%     -  720s
     0     0  105.98320    0 4086  170.10727  105.98320  37.7%     -  730s
     0     0  105.98356    0 4149  170.10727  105.98356  37.7%     -  733s
     0     0  106.02235    0 4061  170.10727  106.02235  37.7%     -  783s
     0     0  106.02768    0 4080  170.10727  106.02768  37.7%     -  807s
     0     0  106.02870    0 4112  170.10727  106.02870  37.7%     -  813s
     0     0  106.02900    0 4141  170.10727  106.02900  37.7%     -  817s
     0     0  106.05290    0 4216  170.10727  106.05290  37.7%     -  854s
     0     0  106.05696    0 4239  170.10727  106.05696  37.7%     -  863s
     0     0  106.05814    0 4257  170.10727  106.05814  37.7%     -  872s
     0     0  106.05840    0 4248  170.10727  106.05840  37.7%     -  877s
     0     0  106.08554    0 4248  170.10727  106.08554  37.6%     -  931s
     0     0  106.08956    0 4280  170.10727  106.08956  37.6%     -  954s
     0     0  106.09057    0 4267  170.10727  106.09057  37.6%     -  972s
     0     0  106.09081    0 4263  170.10727  106.09081  37.6%     -  980s
     0     0  106.11636    0 4180  170.10727  106.11636  37.6%     - 1031s
     0     0  106.11870    0 4223  170.10727  106.11870  37.6%     - 1063s
     0     0  106.11925    0 4204  170.10727  106.11925  37.6%     - 1072s
     0     0  106.13484    0 4134  170.10727  106.13484  37.6%     - 1145s
     0     0  106.13790    0 4122  170.10727  106.13790  37.6%     - 1176s
     0     0  106.13820    0 4108  170.10727  106.13820  37.6%     - 1181s
     0     0  106.14977    0 4168  170.10727  106.14977  37.6%     - 1259s
     0     0  106.15188    0 4137  170.10727  106.15188  37.6%     - 1300s
     0     0  106.15220    0 4129  170.10727  106.15220  37.6%     - 1308s
     0     0  106.16070    0 4118  170.10727  106.16070  37.6%     - 1337s
H    0     0                     170.1071320  106.16070  37.6%     - 1341s
     0     0  106.16515    0 4327  170.10713  106.16515  37.6%     - 1353s
     0     0  106.16553    0 4319  170.10713  106.16553  37.6%     - 1356s
     0     0  106.17612    0 4244  170.10713  106.17612  37.6%     - 1385s
     0     0  106.17994    0 4117  170.10713  106.17994  37.6%     - 1423s
     0     0  106.18043    0 4126  170.10713  106.18043  37.6%     - 1433s
     0     0  106.18992    0 4154  170.10713  106.18992  37.6%     - 1465s
     0     0  106.19179    0 4183  170.10713  106.19179  37.6%     - 1478s
     0     0  106.19232    0 4174  170.10713  106.19232  37.6%     - 1486s
     0     0  106.19970    0 4166  170.10713  106.19970  37.6%     - 1526s
     0     0  106.20155    0 4174  170.10713  106.20155  37.6%     - 1561s
     0     0  106.20192    0 4187  170.10713  106.20192  37.6%     - 1575s
     0     0  106.21053    0 4366  170.10713  106.21053  37.6%     - 1611s
     0     0  106.21210    0 4313  170.10713  106.21210  37.6%     - 1643s
     0     0  106.21225    0 4291  170.10713  106.21225  37.6%     - 1653s
     0     0  106.21800    0 4359  170.10713  106.21800  37.6%     - 1722s
     0     0  106.21990    0 4351  170.10713  106.21990  37.6%     - 1806s
     0     0  106.22019    0 4291  170.10713  106.22019  37.6%     - 1813s
     0     0  106.22669    0 4342  170.10713  106.22669  37.6%     - 1837s
     0     0  106.22669    0 4064  170.10713  106.22669  37.6%     - 1937s
H    0     0                     170.0814461  106.22669  37.5%     - 2001s
     0     2  106.22669    0 4016  170.08145  106.22669  37.5%     - 2199s
     1     4  106.22750    1 4004  170.08145  106.22669  37.5%  6915 2233s
     3     8  106.22841    2 3985  170.08145  106.22777  37.5%  5983 2282s
     7    16  106.22899    3 4140  170.08145  106.22841  37.5%  6362 2341s
    15    32  106.23586    4 4250  170.08145  106.22944  37.5%  8671 2400s
    31    48  106.23663    5 4349  170.08145  106.23608  37.5% 11712 2939s
    47    64  106.23740    6 4280  170.08145  106.23608  37.5% 22900 2986s
    63    80  106.23809    7 4243  170.08145  106.23608  37.5% 18055 3487s
H   79    96                     170.0546971  106.23608  37.5% 15221 3526s
H   80    96                     170.0271060  106.23608  37.5% 15079 3526s
H   83    96                     169.9883215  106.23608  37.5% 14627 3526s
    95   120  106.24461    9 4220  169.98832  106.23608  37.5% 13364 3608s
   119   149  106.24559   10 4298  169.98832  106.23608  37.5% 11451 3691s
H  120   149                     169.8257752  106.23608  37.4% 11355 3691s
H  136   149                     169.8217932  106.23608  37.4% 10412 3691s
H  148   174                     158.3827023  106.23608  32.9%  9787 3780s
H  161   174                     158.3458165  106.23608  32.9%  9256 3781s
H  173   199                     158.3405340  106.23608  32.9%  8833 3873s
H  174   199                     158.3404573  106.23608  32.9%  8809 3873s
   198   230  106.25053   15 4290  158.34046  106.23608  32.9%  8141 3964s
H  214   230                     149.1777948  106.23608  28.8%  7728 3965s
H  217   230                     148.2690243  106.23608  28.3%  7638 3965s
H  219   230                     148.2571241  106.23608  28.3%  7589 3965s
H  227   230                     147.4344774  106.23608  27.9%  7439 3965s
   229   241  106.27105   18 4303  147.43448  106.23608  27.9%  7443 4989s
H  230   241                     147.4344773  106.23608  27.9%  7410 4989s
H  232   241                     147.4118724  106.23608  27.9%  7374 4990s
H  234   241                     147.4083487  106.23608  27.9%  7313 4990s
H  241   241                     147.3613092  106.23608  27.9%  7133 4990s
   248   282  106.27105   19 4245  147.36131  106.23608  27.9%  6953 5103s
H  291   297                     147.3373042  106.23608  27.9%  6301 5948s
H  293   297                     135.7551950  106.23608  21.7%  6282 5948s
H  296   297                     135.7551816  106.23608  21.7%  6265 5948s
   307   336  106.32281   24 4244  135.75518  106.23608  21.7%  6155 6035s
H  352   351                     135.7537962  106.23608  21.7%  5606 6339s
H  356   351                     135.7423783  106.23608  21.7%  5591 6339s
H  360   351                     135.7312034  106.23608  21.7%  5573 6339s
H  361   351                     135.7072535  106.23608  21.7%  5588 6339s
H  368   351                     135.6676387  106.23608  21.7%  5521 6339s
   369   402  106.33097   27 4164  135.66764  106.23608  21.7%  5526 6380s
H  420   417                     135.6676089  106.23608  21.7%  5037 6551s
H  422   417                     135.6430589  106.23608  21.7%  5022 6551s
H  430   417                     135.5855251  106.23608  21.6%  4977 6551s
   441   478  106.33979   30 4182  135.58553  106.23608  21.6%  4908 6600s
H  502   494                     135.5854953  106.23608  21.6%  4542 7046s
H  504   494                     135.5820443  106.23608  21.6%  4529 7046s
   518   560  106.35296   36 4167  135.58204  106.23608  21.6%  4479 7111s
H  584   628                     135.5492706  106.23608  21.6%  4198 7194s
H  607   628                     135.4659372  106.23608  21.6%  4136 7194s
   652   656  106.36886   41 4071  135.46594  106.23608  21.6%  4009 7200s

Cutting planes:
  Gomory: 15
  Cover: 758
  Implied bound: 5806
  Clique: 1645
  MIR: 7044
  StrongCG: 3
  Flow cover: 7173
  Flow path: 1
  GUB cover: 13
  Zero half: 53
  RLT: 1449
  Relax-and-lift: 367
  BQP: 2
  PSD: 2

Explored 680 nodes (3255788 simplex iterations) in 7200.12 seconds (5693.27 work units)
Thread count was 32 (of 32 available processors)

Solution count 10: 135.466 135.549 135.582 ... 135.731

Time limit reached
Best objective 1.354659372433e+02, best bound 1.062360773611e+02, gap 21.5773%
