
Gurobi 9.5.2 (linux64) logging started Fri Aug  7 09:15:01 2026

Set parameter LogFile to value "/mnt/beegfs/users/celinep/ChargeAndBreak/logs/RlongCmanyTtight_34_2SP_20260805_125650_177_gurobi.log"
Gurobi Optimizer version 9.5.2 build v9.5.2rc0 (linux64)
Thread count: 16 physical cores, 32 logical processors, using up to 32 threads
Optimize a model with 184362 rows, 89601 columns and 612491 nonzeros
Model fingerprint: 0x8084ddfd
Variable types: 76501 continuous, 13100 integer (13100 binary)
Coefficient statistics:
  Matrix range     [4e-02, 2e+03]
  Objective range  [4e-02, 4e-02]
  Bounds range     [1e+00, 1e+00]
  RHS range        [7e-02, 5e+02]
Presolve removed 60122 rows and 20396 columns
Presolve time: 3.44s
Presolved: 124240 rows, 69205 columns, 534246 nonzeros
Variable types: 59371 continuous, 9834 integer (9834 binary)

Deterministic concurrent LP optimizer: primal and dual simplex (primal and dual model)
Showing first log only...

Root relaxation presolve removed 2689 rows and 2689 columns
Root relaxation presolved: 121551 rows, 66516 columns, 528868 nonzeros


Root simplex log...

Iteration    Objective       Primal Inf.    Dual Inf.      Time
       0    4.5654750e+01   6.515392e+04   6.313423e+11      7s
   45067    5.4958755e+01   5.238687e+02   3.645676e+09     10s
   51348    1.2479122e+02   9.400301e+01   4.122491e+09     15s
   54261    1.3012130e+02   1.408081e+01   1.318388e+09     20s
   56589    1.3199842e+02   9.065720e-02   7.354758e+07     25s
   58142    1.4366903e+02   0.000000e+00   1.521767e+03     28s
   60146    1.3130527e+02   0.000000e+00   1.057094e+05     30s
   63814    1.2433614e+02   0.000000e+00   8.735002e+04     35s
   66099    1.2094225e+02   0.000000e+00   5.419591e+04     40s
   67799    1.1804705e+02   0.000000e+00   3.944952e+04     45s
   69024    1.1745687e+02   0.000000e+00   1.581659e+04     50s
   69784    1.1605307e+02   0.000000e+00   2.786735e+04     56s
   70364    1.1520518e+02   0.000000e+00   1.187059e+05     60s
   71364    1.1314440e+02   0.000000e+00   2.410336e+06     66s
   72199    1.1233697e+02   0.000000e+00   1.197417e+06     71s
   73104    1.1122394e+02   0.000000e+00   1.163006e+04     75s
   74364    1.0989006e+02   0.000000e+00   9.497025e+03     81s
   76004    1.0858626e+02   0.000000e+00   1.296576e+05     85s
   77819    1.0697381e+02   0.000000e+00   3.292531e+04     90s
   78689    1.0641918e+02   0.000000e+00   4.378258e+03     96s
   79499    1.0566318e+02   0.000000e+00   2.501386e+04    100s
   80519    1.0508279e+02   0.000000e+00   1.096400e+04    105s
   81489    1.0462682e+02   0.000000e+00   4.838469e+03    110s
   82544    1.0404804e+02   0.000000e+00   1.672348e+04    115s
   83594    1.0371988e+02   0.000000e+00   1.027116e+04    120s
   85364    1.0311944e+02   0.000000e+00   6.559974e+03    125s
   86564    1.0270145e+02   0.000000e+00   1.096678e+05    130s
   87524    1.0235278e+02   0.000000e+00   2.057838e+05    136s
   88899    1.0199934e+02   0.000000e+00   4.871981e+03    140s
   90574    1.0168977e+02   0.000000e+00   1.466309e+04    145s
   91899    1.0155180e+02   0.000000e+00   2.564666e+03    150s
   92934    1.0140164e+02   0.000000e+00   1.574259e+05    155s
   94424    1.0120792e+02   0.000000e+00   8.837443e+03    160s
   96289    1.0099411e+02   0.000000e+00   3.985482e+02    165s
   97819    1.0084667e+02   0.000000e+00   3.876522e+02    170s
   99079    1.0070056e+02   0.000000e+00   8.819392e+03    175s
  101009    1.0042436e+02   0.000000e+00   2.116069e+03    180s
  102549    1.0016412e+02   0.000000e+00   7.692132e+04    185s
  103869    1.0000091e+02   0.000000e+00   4.098597e+03    190s
  105209    9.9865452e+01   0.000000e+00   2.791766e+03    195s
  106549    9.9760040e+01   0.000000e+00   1.273812e+05    200s
  108154    9.9669552e+01   0.000000e+00   2.206630e+02    205s
  109204    9.9620615e+01   0.000000e+00   6.019639e+02    210s
  110384    9.9580661e+01   0.000000e+00   3.736992e+02    215s
  111649    9.9533566e+01   0.000000e+00   4.552514e+03    221s
  112899    9.9432408e+01   0.000000e+00   4.805989e+03    225s
  113959    9.9388041e+01   0.000000e+00   1.325639e+03    231s
  114929    9.9358827e+01   0.000000e+00   9.450543e+02    235s
  116009    9.9321854e+01   0.000000e+00   7.079045e+02    240s
  117019    9.9295637e+01   0.000000e+00   1.220249e+03    245s
  118169    9.9261843e+01   0.000000e+00   8.298275e+02    250s
  119294    9.9213268e+01   0.000000e+00   3.377666e+02    256s
Concurrent spin time: 0.00s

Solved with primal simplex (dual model)

Root relaxation: objective 9.843399e+01, 84223 iterations, 253.26 seconds (141.40 work units)
Total elapsed time = 262.41s

    Nodes    |    Current Node    |     Objective Bounds      |     Work
 Expl Unexpl |  Obj  Depth IntInf | Incumbent    BestBd   Gap | It/Node Time

     0     0   98.43465    0 3828          -   98.43465      -     -  291s
     0     0   99.72481    0 4319          -   99.72481      -     -  526s
     0     0  100.66302    0 5142          -  100.66302      -     -  629s
     0     0  100.70525    0 5037          -  100.70525      -     -  642s
     0     0  100.70992    0 5019          -  100.70992      -     -  651s
     0     0  100.71161    0 5051          -  100.71161      -     -  664s
     0     0  100.71311    0 5050          -  100.71311      -     -  665s
     0     0  100.71407    0 5074          -  100.71407      -     -  666s
     0     0  100.71569    0 5051          -  100.71569      -     -  666s
     0     0  100.71756    0 5051          -  100.71756      -     -  667s
     0     0  100.71887    0 5050          -  100.71887      -     -  667s
     0     0  100.71960    0 5048          -  100.71960      -     -  668s
     0     0  100.72070    0 5047          -  100.72070      -     -  669s
     0     0  100.72210    0 5046          -  100.72210      -     -  669s
     0     0  100.72210    0 5046          -  100.72210      -     -  669s
     0     0  101.87842    0 5701          -  101.87842      -     -  836s
     0     0  102.07641    0 5699          -  102.07641      -     -  895s
     0     0  102.10464    0 5880          -  102.10464      -     -  927s
     0     0  102.11173    0 5926          -  102.11173      -     -  932s
     0     0  102.11262    0 5896          -  102.11262      -     -  934s
     0     0  102.12209    0 5939          -  102.12209      -     -  936s
     0     0  102.12221    0 5900          -  102.12221      -     -  937s
     0     0  103.39709    0 5751          -  103.39709      -     - 1168s
     0     0  103.59630    0 6016          -  103.59630      -     - 1275s
     0     0  103.62652    0 5954          -  103.62652      -     - 1296s
     0     0  103.63086    0 5921          -  103.63086      -     - 1305s
     0     0  103.63178    0 5856          -  103.63178      -     - 1310s
     0     0  104.23707    0 6185          -  104.23707      -     - 1527s
     0     0  104.34034    0 6361          -  104.34034      -     - 1608s
     0     0  104.36302    0 6413          -  104.36302      -     - 1645s
     0     0  104.36539    0 6443          -  104.36539      -     - 1650s
     0     0  104.36586    0 6463          -  104.36586      -     - 1652s
     0     0  104.55225    0 6464          -  104.55225      -     - 1770s
     0     0  104.58700    0 6438          -  104.58700      -     - 1797s
     0     0  104.59148    0 6504          -  104.59148      -     - 1804s
     0     0  104.59197    0 6495          -  104.59197      -     - 1807s
     0     0  104.71690    0 6588          -  104.71690      -     - 1902s
     0     0  104.73710    0 6607          -  104.73710      -     - 1922s
     0     0  104.74027    0 6622          -  104.74027      -     - 1929s
     0     0  104.74122    0 6663          -  104.74122      -     - 1932s
     0     0  104.82890    0 6643          -  104.82890      -     - 1986s
     0     0  104.84759    0 6714          -  104.84759      -     - 2024s
     0     0  104.85135    0 6740          -  104.85135      -     - 2031s
     0     0  104.85235    0 6735          -  104.85235      -     - 2040s
     0     0  104.92130    0 6678          -  104.92130      -     - 2104s
     0     0  104.94208    0 6660          -  104.94208      -     - 2125s
     0     0  104.95088    0 6702          -  104.95088      -     - 2136s
     0     0  104.95228    0 6723          -  104.95228      -     - 2139s
     0     0  105.03018    0 6681          -  105.03018      -     - 2199s
     0     0  105.04296    0 6729          -  105.04296      -     - 2216s
     0     0  105.04570    0 6788          -  105.04570      -     - 2221s
     0     0  105.04593    0 6803          -  105.04593      -     - 2223s
     0     0  105.09396    0 6732          -  105.09396      -     - 2276s
     0     0  105.09936    0 6726          -  105.09936      -     - 2295s
     0     0  105.10006    0 6750          -  105.10006      -     - 2299s
     0     0  105.13212    0 6769          -  105.13212      -     - 2351s
     0     0  105.13837    0 6756          -  105.13837      -     - 2363s
     0     0  105.14003    0 6764          -  105.14003      -     - 2367s
     0     0  105.17344    0 6788          -  105.17344      -     - 2411s
     0     0  105.17825    0 6835          -  105.17825      -     - 2423s
     0     0  105.17870    0 6881          -  105.17870      -     - 2426s
     0     0  105.20525    0 6782          -  105.20525      -     - 2461s
     0     0  105.20943    0 6758          -  105.20943      -     - 2474s
     0     0  105.21011    0 6805          -  105.21011      -     - 2478s
     0     0  105.23572    0 6803          -  105.23572      -     - 2502s
     0     0  105.24352    0 6825          -  105.24352      -     - 2534s
     0     0  105.24468    0 6822          -  105.24468      -     - 2538s
     0     0  105.26106    0 6739          -  105.26106      -     - 2553s
     0     0  105.26368    0 6840          -  105.26368      -     - 2561s
     0     0  105.26494    0 6807          -  105.26494      -     - 2563s
     0     0  105.28011    0 6855          -  105.28011      -     - 2577s
     0     0  105.28225    0 6855          -  105.28225      -     - 2590s
     0     0  105.28268    0 6875          -  105.28268      -     - 2593s
     0     0  105.29583    0 6833          -  105.29583      -     - 2608s
     0     0  105.29583    0 6814          -  105.29583      -     - 2694s
     0     2  105.29583    0 6812          -  105.29583      -     - 6100s
     1     4  105.29712    1 6796          -  105.29584      -  5320 6226s
     3     8  105.29734    2 6780          -  105.29712      - 10865 6387s
     7    16  105.30017    3 6761          -  105.29812      - 11680 6559s
    15    32  105.30093    4 6725          -  105.30062      - 10476 6738s
    31    46  105.30189    5 6640          -  105.30093      -  9789 7200s

Cutting planes:
  Learned: 72
  Cover: 817
  Implied bound: 1842
  Clique: 1502
  MIR: 3826
  StrongCG: 8
  Flow cover: 3489
  GUB cover: 23
  Zero half: 46
  RLT: 582
  Relax-and-lift: 154
  PSD: 2

Explored 45 nodes (1184607 simplex iterations) in 7200.09 seconds (7956.44 work units)
Thread count was 32 (of 32 available processors)

Solution count 0

Time limit reached
Best objective -, best bound 1.053009297598e+02, gap -
