
Gurobi 9.5.2 (linux64) logging started Thu Jul 30 08:37:02 2026

Set parameter LogFile to value "logs/RlongCmediumTnone_1_RO_20260729_103642_090_gurobi.log"
Gurobi Optimizer version 9.5.2 build v9.5.2rc0 (linux64)
Thread count: 16 physical cores, 32 logical processors, using up to 32 threads
Optimize a model with 7411 rows, 4282 columns and 25865 nonzeros
Model fingerprint: 0xfb329824
Variable types: 2677 continuous, 1605 integer (1605 binary)
Coefficient statistics:
  Matrix range     [2e-02, 2e+03]
  Objective range  [1e+00, 1e+00]
  Bounds range     [1e+00, 1e+00]
  RHS range        [3e-02, 2e+07]
Presolve removed 2177 rows and 730 columns
Presolve time: 0.11s
Presolved: 5234 rows, 3552 columns, 21718 nonzeros
Variable types: 2099 continuous, 1453 integer (1452 binary)

Root relaxation: objective 1.273174e+02, 4703 iterations, 0.14 seconds (0.11 work units)

    Nodes    |    Current Node    |     Objective Bounds      |     Work
 Expl Unexpl |  Obj  Depth IntInf | Incumbent    BestBd   Gap | It/Node Time

     0     0  127.51919    0  436          -  127.51919      -     -    0s
     0     0  129.94058    0  511          -  129.94058      -     -    1s
     0     0  129.98079    0  494          -  129.98079      -     -    1s
     0     0  129.98161    0  512          -  129.98161      -     -    1s
     0     0  129.98225    0  513          -  129.98225      -     -    1s
     0     0  131.49618    0  550          -  131.49618      -     -    1s
     0     0  131.55544    0  526          -  131.55544      -     -    1s
     0     0  131.56227    0  518          -  131.56227      -     -    1s
     0     0  131.56312    0  526          -  131.56312      -     -    1s
H    0     0                     240.7585980  132.86471  44.8%     -    2s
     0     0  132.86471    0  446  240.75860  132.86471  44.8%     -    2s
     0     0  133.04586    0  514  240.75860  133.04586  44.7%     -    3s
     0     0  133.06791    0  529  240.75860  133.06791  44.7%     -    3s
     0     0  133.06958    0  505  240.75860  133.06958  44.7%     -    3s
     0     0  133.06991    0  514  240.75860  133.06991  44.7%     -    3s
H    0     0                     231.9633445  133.86050  42.3%     -    4s
H    0     0                     194.1875037  133.86050  31.1%     -    4s
     0     0  133.86050    0  522  194.18750  133.86050  31.1%     -    4s
H    0     0                     193.9299139  133.96799  30.9%     -    4s
     0     0  133.96799    0  520  193.92991  133.96799  30.9%     -    4s
     0     0  133.99698    0  554  193.92991  133.99698  30.9%     -    4s
     0     0  133.99946    0  556  193.92991  133.99946  30.9%     -    4s
     0     0  133.99987    0  562  193.92991  133.99987  30.9%     -    4s
     0     0  134.27970    0  500  193.92991  134.27970  30.8%     -    5s
     0     0  134.37110    0  540  193.92991  134.37110  30.7%     -    5s
     0     0  134.38999    0  521  193.92991  134.38999  30.7%     -    5s
     0     0  134.39319    0  540  193.92991  134.39319  30.7%     -    5s
     0     0  134.39408    0  547  193.92991  134.39408  30.7%     -    5s
     0     0  134.58499    0  423  193.92991  134.58499  30.6%     -    5s
     0     0  134.62133    0  461  193.92991  134.62133  30.6%     -    6s
     0     0  134.62413    0  469  193.92991  134.62413  30.6%     -    6s
     0     0  134.62555    0  462  193.92991  134.62555  30.6%     -    6s
     0     0  134.76239    0  487  193.92991  134.76239  30.5%     -    6s
H    0     0                     187.3412174  134.76239  28.1%     -    6s
     0     0  134.79774    0  528  187.34122  134.79774  28.0%     -    6s
     0     0  134.80366    0  525  187.34122  134.80366  28.0%     -    6s
     0     0  134.80507    0  525  187.34122  134.80507  28.0%     -    6s
     0     0  134.90348    0  491  187.34122  134.90348  28.0%     -    7s
     0     0  134.92441    0  542  187.34122  134.92441  28.0%     -    7s
     0     0  134.92585    0  533  187.34122  134.92585  28.0%     -    7s
     0     0  134.99580    0  541  187.34122  134.99580  27.9%     -    7s
H    0     0                     187.3156555  134.99580  27.9%     -    7s
     0     0  134.99998    0  544  187.31566  134.99998  27.9%     -    7s
     0     0  135.00029    0  554  187.31566  135.00029  27.9%     -    7s
     0     0  135.08137    0  555  187.31566  135.08137  27.9%     -    7s
     0     0  135.10390    0  548  187.31566  135.10390  27.9%     -    7s
     0     0  135.10509    0  572  187.31566  135.10509  27.9%     -    7s
     0     0  135.12991    0  500  187.31566  135.12991  27.9%     -    7s
H    0     0                     187.2750060  135.12991  27.8%     -    7s
H    0     0                     182.7594815  135.13123  26.1%     -    7s
     0     0  135.13123    0  540  182.75948  135.13123  26.1%     -    7s
H    0     0                     182.7241670  135.13123  26.0%     -    8s
     0     0  135.13740    0  546  182.72417  135.13740  26.0%     -    8s
     0     0  135.13760    0  549  182.72417  135.13760  26.0%     -    8s
     0     0  135.13848    0  549  182.72417  135.13848  26.0%     -    8s
     0     0  135.13848    0  485  182.72417  135.13848  26.0%     -    8s
     0     2  135.13848    0  478  182.72417  135.13848  26.0%     -    9s
     3     8  135.15813    2  484  182.72417  135.15813  26.0%   195   10s
H  145   162                     182.4081441  135.16517  25.9%   109   15s
H  147   162                     172.4738799  135.16517  21.6%   109   15s
H  150   162                     171.3847947  135.16517  21.1%   107   16s
H  151   162                     171.3383733  135.16517  21.1%   107   16s
H  157   162                     165.0575004  135.16517  18.1%   105   16s
H  206   218                     161.9091566  135.16517  16.5%  86.4   19s
H  208   218                     160.9081441  135.16517  16.0%  86.0   19s
H  213   218                     160.3496487  135.16517  15.7%  84.7   19s
H  222   218                     160.2663153  135.16517  15.7%  81.5   19s
H  266   272                     160.2613532  135.16517  15.7%  71.7   37s
H  267   272                     160.2181665  135.16517  15.6%  71.4   37s
H  268   272                     159.9764319  135.16517  15.5%  71.3   37s
H  268   272                     159.6835668  135.16517  15.4%  71.3   37s
H  362   353                     159.3684676  135.16517  15.2%  59.0   40s
H  412   398                     159.3372255  135.16517  15.2%  56.4   44s
   516   497  135.25073   34  497  159.33723  135.16517  15.2%  50.3   46s
H  528   497                     159.2162497  135.16517  15.1%  50.2   46s
H  629   597                     159.1329164  135.16517  15.1%  46.5   49s
   635   690  135.25073   43  497  159.13292  135.16517  15.1%  46.9   50s
H  738   704                     159.1329164  135.16517  15.1%  45.1   53s
H  748   704                     159.1329164  135.16517  15.1%  45.2   53s
   820   789  135.27197   55  514  159.13292  135.16517  15.1%  43.4   55s
   977  1048  135.28344   64  520  159.13292  135.16517  15.1%  40.4   60s
H 1107  1064                     159.0721953  135.16517  15.0%  39.1   64s
  1112  1187  135.28718   73  514  159.07220  135.16517  15.0%  39.0   65s
  1361  1321  135.31306   89  520  159.07220  135.16517  15.0%  38.6   72s
H 1366  1321                     159.0721953  135.16517  15.0%  38.6   72s
  1377  1337  135.31306   90  520  159.07220  135.16517  15.0%  38.5   94s
H 1381  1337                     158.9989645  135.16517  15.0%  38.6   94s
  1393  1485  135.31306   91  519  158.99896  135.16517  15.0%  38.5   97s
  1709  1663  136.29952  112  525  158.99896  135.16517  15.0%  37.1  101s
  1936  1862  136.31279  126  536  158.99896  135.16517  15.0%  37.2  112s
  2156  2064  136.33588  135  530  158.99896  135.16517  15.0%  37.3  117s
  2419  2313  136.37639  147  520  158.99896  135.16517  15.0%  37.2  124s
  2678  2557  137.53865  158  468  158.99896  135.16517  15.0%  37.8  132s
  2994  2850  138.93165  177  458  158.99896  135.16517  15.0%  37.6  135s
H 2998  2850                     158.9780288  135.16517  15.0%  37.7  135s
  3011  3107  138.93907  178  468  158.97803  135.16517  15.0%  37.8  140s
H 3169  3107                     158.9780288  135.16517  15.0%  37.6  140s
  3308  3119  158.78042  189  372  158.97803  135.16517  15.0%  37.2  149s
  3326  3120  138.62793  113  485  158.97803  135.16517  15.0%  37.3  156s
  3329  3122  142.56201   14  464  158.97803  135.19181  15.0%  37.3  161s
  3351  3137  143.14014  132  499  158.97803  137.57366  13.5%  37.0  165s
  3363  3145  138.13522   10  460  158.97803  138.13522  13.1%  36.9  170s
  3377  3154  138.93752   26  374  158.97803  138.93752  12.6%  36.8  175s
  3394  3165  139.49448   14  439  158.97803  139.49448  12.3%  36.6  180s
  3417  3181  139.89526   48  576  158.97803  139.89526  12.0%  36.3  185s
  3435  3193  140.12138  116  548  158.97803  140.12138  11.9%  36.1  190s
H 3445  3037                     158.9067694  140.26657  11.7%  36.0  192s
  3454  3043  140.37269  132  543  158.90677  140.37269  11.7%  35.9  195s
  3464  3050  141.87729  126  511  158.90677  140.64312  11.5%  35.8  200s
  3483  3063  152.83648  167  455  158.90677  141.04029  11.2%  35.6  205s
H 3490  2910                     158.8667347  141.06539  11.2%  35.6  206s
H 3492  2764                     158.8629688  141.16096  11.1%  35.5  207s
  3501  2770  142.58954   35  567  158.86297  141.23590  11.1%  35.4  210s
  3520  2782  141.30287   21  569  158.86297  141.30287  11.1%  35.3  216s
  3534  2792  141.33774   62  555  158.86297  141.33774  11.0%  35.1  220s
  3553  2804  142.76444   60  478  158.86297  141.53403  10.9%  34.9  225s
  3576  2820  141.63099   82  480  158.86297  141.63099  10.8%  34.7  230s
  3606  2840  145.72459  104  471  158.86297  141.74484  10.8%  34.4  235s
  3625  2852  141.79890   23  604  158.86297  141.79890  10.7%  34.2  240s
  3644  2865  147.00826   13  600  158.86297  141.89696  10.7%  34.1  245s
  3667  2880  142.38214   82  549  158.86297  142.18632  10.5%  33.8  250s
  3681  2890  142.82775   90  551  158.86297  142.28332  10.4%  33.7  255s
  3702  2904  142.35378  102  552  158.86297  142.35378  10.4%  33.5  260s
H 3705  2754                     158.8629687  142.37872  10.4%  33.5  260s
H 3707  2611                     158.8629687  142.37903  10.4%  33.5  262s
H 3711  2477                     158.8629687  142.41122  10.4%  33.4  263s
H 3715  2349                     158.8067850  142.42815  10.3%  33.4  264s
  3718  2351  142.47493   88  474  158.80678  142.47493  10.3%  33.4  265s
H 3722  2229                     158.7774731  142.48852  10.3%  33.3  266s
H 3723  2112                     158.7725591  142.50930  10.2%  33.3  267s
  3737  2121  142.56414   69  561  158.77256  142.56414  10.2%  33.2  270s
H 3751  2017                     158.7725591  142.61012  10.2%  33.1  274s
  3753  2019  142.76444   60  456  158.77256  142.61497  10.2%  33.1  275s
H 3753  1911                     158.6892258  142.61497  10.1%  33.1  275s
  3766  1919  142.65080   21  514  158.68923  142.65080  10.1%  33.0  280s
  3783  1931  152.83648  167  472  158.68923  142.70395  10.1%  32.8  285s
  3797  1940  143.62821  101  557  158.68923  142.72249  10.1%  32.7  290s
  3809  1949  142.72382   14  471  158.68923  142.72382  10.1%  75.5  295s
  3827  1961  142.72657   54  518  158.68923  142.72657  10.1%  75.2  300s
  3835  1967  142.75419  116  424  158.68923  142.75419  10.0%  75.0  305s
  3844  1973  147.00826   13  498  158.68923  142.76497  10.0%  74.8  310s
  3855  1980  142.79052   89  487  158.68923  142.79052  10.0%  74.6  315s
  3871  1991  142.80780   83  494  158.68923  142.80780  10.0%  74.3  320s
  3887  2001  142.83350  124  408  158.68923  142.83350  10.0%  74.0  325s
  3900  2010  142.84299   29  441  158.68923  142.84299  10.0%  73.8  330s
  3904  2013  142.84321   39  451  158.68923  142.84321  10.0%  73.7  335s
  3907  2018  142.93394   24  458  158.68923  142.85324  10.0%  84.4  355s
  3913  2028  143.04166   26  476  158.68923  142.86656  10.0%  84.5  361s
H 3938  1948                     158.6892258  142.87320  10.0%  85.1  364s
  3953  1958  143.42110   28  445  158.68923  142.88128  10.0%  85.9  365s
  4028  2007  143.07254   31  502  158.68923  142.88739  10.0%  88.4  381s
H 4029  1910                     149.5590821  142.88739  4.46%  88.4  381s
H 4033  1817                     149.3448007  142.88819  4.32%  88.7  381s
H 4042  1726                     149.1749481  142.88819  4.21%  88.8  381s
H 4075  1664                     149.0082815  142.90046  4.10%  89.2  393s
H 4075  1585                     148.7965193  142.90046  3.96%  89.2  393s
H 4076  1509                     148.7644330  142.90046  3.94%  89.3  393s
H 4078  1438                     148.5385732  142.90079  3.80%  89.3  393s
  4095  1462  143.10598   33  449  148.53857  142.90079  3.80%  89.7  395s
H 4128  1399                     148.5118375  142.90199  3.78%  91.2  418s
H 4135  1332                     148.5010653  142.90349  3.77%  91.7  418s
  4283  1469  143.35598   38  425  148.50107  142.93646  3.75%  94.2  420s
  4619  1632  143.47474   46  434  148.50107  142.99855  3.71%  95.9  425s
H 4627  1569                     148.5010653  142.99855  3.71%  96.2  425s
  4834  1753  143.58477   50  361  148.50107  142.99855  3.71%  95.9  432s
  4928  1731  143.60884   52  367  148.50107  142.99855  3.71%  96.1  440s
H 4943  1668                     148.4801878  142.99855  3.69%  96.0  440s
  5227  1904  143.64350   58  385  148.48019  142.99855  3.69%  98.0  445s
  5625  2106  143.80398   67  359  148.48019  142.99855  3.69%  98.1  450s
H 6093  2282                     148.4801878  142.99855  3.69%  97.8  454s
  6221  2362  143.95779   82  289  148.48019  142.99855  3.69%  97.2  456s
  6383  2328  144.20232   86  289  148.48019  142.99855  3.69%  97.5  461s
H 6389  2269                     148.2749585  142.99855  3.56%  97.5  461s
  6880  2635  144.75622  103  121  148.27496  142.99855  3.56%  96.6  465s
  7318  2958  146.94286  122  173  148.27496  142.99855  3.56%  96.7  471s
H 7507  2974                     148.2749585  142.99855  3.56%  97.1  487s
  7733  3490  144.81705  139  178  148.27496  142.99855  3.56%  97.5  492s
  8366  4104  145.47059  158  174  148.27496  142.99855  3.56%  96.0  496s
  9010  4328  143.17488   36  463  148.27496  142.99862  3.56%  94.8  502s
  9662  4880  146.68155   69  301  148.27496  143.03257  3.54%  93.7  507s
 10262  5344  145.09556   45  271  148.27496  143.03257  3.54%  93.4  512s
 11239  6065  143.75179   30  499  148.27496  143.09224  3.50%  91.5  518s
 11670  6303  143.83850   42  458  148.27496  143.09224  3.50%  91.3  521s
 11963  6318  143.99692   56  484  148.27496  143.09224  3.50%  91.5  535s
H11971  6254                     148.0676466  143.09224  3.36%  91.5  535s
 11980  6571  144.02279   57  467  148.06765  143.09224  3.36%  91.6  540s
 12400  6896  144.45003   68  435  148.06765  143.09224  3.36%  90.9  545s
 13512  7463  143.81470   41  422  148.06765  143.13955  3.33%  89.3  564s
 13545  7790  143.77877   39  393  148.06765  143.13955  3.33%  89.2  570s
 13963  8131  144.97607   53  350  148.06765  143.13955  3.33%  89.0  575s
 15244  9482  146.57713  175  191  148.06765  143.15125  3.32%  86.9  581s
 16735 10882  143.61652   65  350  148.06765  143.15125  3.32%  85.3  588s
 17667 11328  144.43836  104  279  148.06765  143.15125  3.32%  84.2  593s
 18209 12040  144.88963  141  309  148.06765  143.15125  3.32%  84.0  598s
 19080 12532  145.93111  205  250  148.06765  143.17349  3.31%  83.6  603s
 19774 12808  143.79783   55  348  148.06765  143.21399  3.28%  83.7  607s
 20203 13196  146.16093   79  294  148.06765  143.21883  3.27%  84.4  613s
 20673 14599  143.31904   45  480  148.06765  143.21883  3.27%  84.8  622s
 22250 15028  145.18602  107  274  148.06765  143.21883  3.27%  84.5  626s
 22766 15754  146.03253  159  233  148.06765  143.22970  3.27%  84.8  632s
 23621 16509  144.18858   64  350  148.06765  143.23507  3.26%  84.8  636s
H25251 17153                     148.0676466  143.24105  3.26%  85.0  663s
 25281 17663  146.02806   35  370  148.06765  143.24105  3.26%  85.1  670s
 25943 18549     cutoff   56       148.06765  143.24679  3.26%  85.2  678s
 27136 19325  144.23210   69  259  148.06765  143.24928  3.25%  84.7  685s
 28081 19889 infeasible   42       148.06765  143.25140  3.25%  84.9  693s
 28776 20665  143.67347   42  500  148.06765  143.25140  3.25%  85.2  702s
 29789 21542  144.29110   87  263  148.06765  143.26392  3.24%  85.4  708s
 30883 22460  143.81206   43  422  148.06765  143.26392  3.24%  85.6  716s
 32026 23105  144.32708   78  336  148.06765  143.26392  3.24%  85.4  723s
 32762 23989  145.12454  126  216  148.06765  143.27743  3.24%  85.4  739s
 33879 24874  143.37745   35  468  148.06765  143.28866  3.23%  85.3  748s
 35052 25360  143.89956   47  442  148.06765  143.29466  3.22%  85.5  772s
 35587 27175  144.54313   80  314  148.06765  143.29593  3.22%  85.5  785s
 37588 28412  143.75977   60  330  148.06765  143.30066  3.22%  84.6  797s
 39092 29462  144.09993   54  386  148.06765  143.30614  3.22%  84.8  811s
 40363 30863  144.45728   85  361  148.06765  143.31171  3.21%  84.8  821s
 42015 30864  145.65398  183  485  148.06765  143.31301  3.21%  85.1  978s
 42017 30865  143.62100   50  258  148.06765  143.31301  3.21%  85.1  982s
 42020 30867  146.71171  265  369  148.06765  143.31301  3.21%  85.1  985s
 42024 30870  144.60118  128  252  148.06765  143.31301  3.21%  85.0  990s
 42028 30873  144.27267   74  291  148.06765  143.31301  3.21%  85.0  996s
 42033 30876  145.51633  240  410  148.06765  143.51879  3.07%  85.0 1000s
 42041 30881  143.69975   59  329  148.06765  143.69975  2.95%  85.0 1010s
 42050 30887  146.32504  138  288  148.06765  143.74514  2.92%  85.0 1022s
 42056 30891  146.55462  160  402  148.06765  143.75605  2.91%  85.0 1025s
 42057 30892  145.42922  160  425  148.06765  143.76575  2.91%  85.0 1034s
 42064 30897  145.33894  120  455  148.06765  143.77332  2.90%  85.0 1037s
 42065 30897  144.85474   98  402  148.06765  143.78615  2.89%  85.0 1047s
 42068 30899  147.94154  133  458  148.06765  143.78839  2.89%  85.0 1052s
 42069 30900  144.62895  109  429  148.06765  143.80093  2.88%  85.0 1059s
 42073 30903  144.81742   91  520  148.06765  143.80899  2.88%  85.0 1060s
 42077 30905  147.30684  130  458  148.06765  143.81565  2.87%  84.9 1071s
 42083 30909  144.80989  114  488  148.06765  143.82365  2.87%  84.9 1075s
 42084 30910  143.82764   43  444  148.06765  143.82764  2.86%  84.9 1081s
 42091 30915  144.55901   62  521  148.06765  143.83538  2.86%  84.9 1085s
 42092 30915  143.84585   52  470  148.06765  143.84585  2.85%  84.9 1092s
 42096 30918  147.56219  124  501  148.06765  143.85292  2.85%  84.9 1102s
 42099 30920  147.02976  155  535  148.06765  143.85414  2.85%  84.9 1106s
 42100 30921  146.06151  175  457  148.06765  143.85883  2.84%  84.9 1112s
 42103 30923  144.71618   66  496  148.06765  143.86226  2.84%  84.9 1115s
 42109 30927  147.74171   62  525  148.06765  143.86438  2.84%  84.9 1123s
 42110 30927  145.79921  206  412  148.06765  143.86470  2.84%  84.9 1126s
 42113 30929  143.97329   43  476  148.06765  143.86631  2.84%  84.9 1131s
 42114 30930  147.81303  182  412  148.06765  143.86668  2.84%  84.9 1137s
 42116 30931  146.29778   58  480  148.06765  143.86702  2.84%  84.9 1141s
 42117 30932  143.86805   50  435  148.06765  143.86805  2.84%  84.9 1145s
 42120 30934  146.71171  265  455  148.06765  143.87836  2.83%  84.9 1152s
 42123 30936  146.46198  146  509  148.06765  143.88137  2.83%  84.8 1155s
 42132 30942  145.34928  110  513  148.06765  143.88968  2.82%  84.8 1162s
 42137 30945  144.12435   76  562  148.06765  143.89479  2.82%  84.8 1165s
 42140 30947  145.08903   90  513  148.06765  143.89597  2.82%  84.8 1170s
 42143 30949  145.75501  157  535  148.06765  143.89632  2.82%  84.8 1175s
 42145 30951  144.88744   92  536  148.06765  143.89868  2.82%  84.8 1181s
 42151 30955  143.90291   45  548  148.06765  143.90291  2.81%  84.8 1187s
 42152 30955  144.02619   60  551  148.06765  143.90313  2.81%  84.8 1190s
 42154 30957  144.58188   90  521  148.06765  143.90355  2.81%  84.8 1195s
 42157 30959  145.42922  160  551  148.06765  143.90491  2.81%  84.8 1201s
 42158 30959  143.90633   44  428  148.06765  143.90633  2.81%  84.8 1207s
 42161 30961  144.12562   58  489  148.06765  143.90876  2.81%  84.8 1211s
 42163 30963  145.98381  165  504  148.06765  143.91175  2.81%  84.8 1215s
 42167 30965  147.90542  151  526  148.06765  143.91249  2.81%  84.8 1221s
 42170 30967  146.35644   55  528  148.06765  143.91289  2.81%  84.8 1226s
 42172 30969  144.74238  108  527  148.06765  143.91296  2.81%  84.8 1230s
 42175 30971  144.82296   86  474  148.06765  143.91338  2.81%  84.7 1237s
 42177 30972  147.30684  130  534  148.06765  143.91357  2.81%  84.7 1240s
 42179 30973  143.91357   51  562  148.06765  143.91357  2.81%  84.7 1245s
 42181 30975  143.91357   43  541  148.06765  143.91357  2.81%  84.7 1250s
 42183 30976  144.80989  114  552  148.06765  143.91386  2.81%  84.7 1256s
 42184 30977  143.91386   43  519  148.06765  143.91386  2.81%  84.7 1260s
 42187 30979  144.45781  117  558  148.06765  143.91386  2.81%  84.7 1265s
 42188 30979  144.30811   99  487  148.06765  143.91412  2.81%  84.7 1271s
 42192 30982  143.91545   52  535  148.06765  143.91545  2.80%  84.7 1279s
 42193 30983  145.40216  108  553  148.06765  143.91545  2.80%  84.7 1281s
 42195 30984  144.07986   60  564  148.06765  143.91665  2.80%  84.7 1286s
 42197 30985  146.27436  272  560  148.06765  143.91665  2.80%  84.7 1291s
 42199 30987  147.02976  155  551  148.06765  143.91665  2.80%  84.7 1295s
 42202 30989  145.70594  102  513  148.06765  143.91803  2.80%  84.7 1301s
 42204 30990  146.13698  135  526  148.06765  143.91852  2.80%  84.7 1307s
 42208 30993  144.13241   60  512  148.06765  143.91970  2.80%  84.7 1313s
 42211 30995  146.40066  114  577  148.06765  143.92045  2.80%  84.7 1317s
 42212 30995  143.92052   66  563  148.06765  143.92052  2.80%  84.7 1320s
 42214 30997  147.81303  182  568  148.06765  143.92065  2.80%  84.7 1326s
 42216 30998  146.29778   58  566  148.06765  143.92099  2.80%  84.7 1334s
 42219 31000  144.69686  174  563  148.06765  143.92153  2.80%  84.7 1337s
 42220 31001  146.71171  265  556  148.06765  143.92153  2.80%  84.7 1343s
 42221 31001  143.92154   52  581  148.06765  143.92154  2.80%  84.7 1346s
 42222 31002  144.63445  103  572  148.06765  143.92154  2.80%  84.7 1351s
 42223 31003  146.46198  146  572  148.06765  143.92155  2.80%  84.6 1355s
 42225 31004  145.48740   88  585  148.06765  143.92205  2.80%  84.6 1360s
 42227 31005  144.00208   78  565  148.06765  143.92273  2.80%  84.6 1367s
 42229 31007  146.87967  129  574  148.06765  143.92298  2.80%  84.6 1370s
 42231 31008  145.55112   99  557  148.06765  143.92323  2.80%  84.6 1376s
 42233 31009  145.51633  240  564  148.06765  143.92328  2.80%  84.6 1381s
 42236 31011  146.59111  192  564  148.06765  143.92371  2.80%  84.6 1387s
 42237 31012  144.12435   76  493  148.06765  143.92391  2.80%  84.6 1390s
 42239 31013  146.26867   71  489  148.06765  143.92399  2.80%  84.6 1398s
 42240 31014  145.08903   90  511  148.06765  143.92399  2.80%  84.6 1401s
 42242 31015  144.63205  144  514  148.06765  143.92409  2.80%  84.6 1407s
 42244 31017  144.77499   96  508  148.06765  143.92410  2.80%  84.6 1410s
 42247 31019  147.44753  133  486  148.06765  143.92414  2.80%  84.6 1417s
 42249 31020  143.92415   54  499  148.06765  143.92415  2.80%  84.6 1423s
 42250 31021  146.32504  138  526  148.06765  143.92415  2.80%  84.6 1426s
 42251 31021  143.92439   45  487  148.06765  143.92439  2.80%  84.6 1430s
 42254 31023  144.58188   90  500  148.06765  143.92484  2.80%  84.6 1435s
 42258 31026  143.92531   44  472  148.06765  143.92531  2.80%  84.6 1441s
 42260 31027  145.09732  102  535  148.06765  143.92546  2.80%  84.6 1445s
 42261 31028  144.12562   58  506  148.06765  143.92551  2.80%  84.6 1451s
 42263 31029  145.98381  165  485  148.06765  143.92561  2.80%  84.6 1458s
 42264 31030  145.33894  120  511  148.06765  143.92561  2.80%  84.6 1461s
 42265 31031  144.85474   98  504  148.06765  143.92561  2.80%  84.6 1465s
 42267 31032  147.90542  151  497  148.06765  143.92561  2.80%  84.6 1470s
 42269 31033  144.62895  109  463  148.06765  143.92561  2.80%  84.6 1477s
 42270 31034  146.35644   55  507  148.06765  143.92562  2.80%  84.6 1480s
 42272 31035  144.74238  108  512  148.06765  143.92562  2.80%  84.6 1486s
 42274 31037  144.78978   55  513  148.06765  143.92562  2.80%  84.5 1491s
 42276 31038  147.12851  124  531  148.06765  143.92562  2.80%  84.5 1498s
 42277 31039  147.30684  130  497  148.06765  143.92562  2.80%  84.5 1503s
 42278 31039  143.92562   48  505  148.06765  143.92562  2.80%  84.5 1506s
 42279 31040  143.92562   51  503  148.06765  143.92562  2.80%  84.5 1511s
 42281 31041  143.92562   43  503  148.06765  143.92562  2.80%  84.5 1516s
 42282 31042  144.86660  101  513  148.06765  143.92562  2.80%  84.5 1521s
 42283 31043  144.80989  114  482  148.06765  143.92562  2.80%  84.5 1529s
 42284 31043  143.92562   43  477  148.06765  143.92562  2.80%  84.5 1533s
 42285 31044  144.15569   60  477  148.06765  143.93093  2.79%  84.5 1535s
 42286 31048  143.93093   34  469  148.06765  143.93093  2.79%  87.0 1559s
 42288 31051  143.93165   35  465  148.06765  143.93165  2.79%  87.0 1584s
 42292 31058  144.03465   36  519  148.06765  143.94121  2.79%  87.1 1612s
 42300 31069  144.07040   37  534  148.06765  143.94279  2.79%  87.1 1617s
 42316 31080  144.09738   38  524  148.06765  143.94329  2.79%  87.2 1622s
 42332 31090  144.15122   39  520  148.06765  143.94329  2.79%  87.2 1625s
 42364 31112  144.15000   40  523  148.06765  143.94341  2.79%  87.2 1658s
 42380 31134  144.21486   40  504  148.06765  143.94341  2.79%  87.3 1661s
 42410 31140  144.35379   41  520  148.06765  143.94341  2.79%  87.3 1672s
 42454 31178  144.63244   43  478  148.06765  143.94341  2.79%  87.4 1675s
 42491 31201  144.24638   43  506  148.06765  143.94341  2.79%  87.4 1680s
 42533 31202  144.49214   44  494  148.06765  143.94341  2.79%  87.5 1686s
 42589 31231     cutoff   46       148.06765  143.94341  2.79%  87.7 1714s
 42606 31278     cutoff   47       148.06765  143.94341  2.79%  87.7 1716s
 42667 31272  144.37611   49  462  148.06765  143.94341  2.79%  87.7 1726s
 42735 31342  144.37847   52  447  148.06765  143.94341  2.79%  87.8 1731s
 42887 31382  144.41261   59  433  148.06765  143.94341  2.79%  87.9 1740s
 43047 31534  144.41890   65  438  148.06765  143.94341  2.79%  88.1 1746s
 43164 31510  144.41890   66  438  148.06765  143.94341  2.79%  88.1 1752s
 43319 31682  144.42655   69  443  148.06765  143.94341  2.79%  88.0 1755s
 43564 31714  144.45597   72  407  148.06765  143.94341  2.79%  88.0 1764s
 43581 31844  144.94069   72  383  148.06765  143.94341  2.79%  88.1 1766s
 43847 31994  144.48813   77  388  148.06765  143.94341  2.79%  88.0 1775s
 44026 31950  144.50067   78  387  148.06765  143.94341  2.79%  88.0 1787s
 44238 32061  144.61702   82  345  148.06765  143.94341  2.79%  88.0 1803s
 44254 32195  145.21131   82  337  148.06765  143.94341  2.79%  88.0 1806s
 44451 32145  144.63218   86  301  148.06765  143.94341  2.79%  88.1 1824s
 44467 32301  144.90120   86  287  148.06765  143.94341  2.79%  88.1 1830s
 44652 32253  144.63327   89  274  148.06765  143.94341  2.79%  88.2 1837s
 44854 32469  144.86732  101  264  148.06765  143.94341  2.79%  88.2 1843s
 45004 32581  144.89860  105  187  148.06765  143.94341  2.79%  88.3 1848s
 45205 32708     cutoff  112       148.06765  143.94341  2.79%  88.4 1854s
 45447 32915  144.98004  122  103  148.06765  143.94341  2.79%  88.4 1859s
 45857 32906  144.98194  129  157  148.06765  143.94341  2.79%  88.2 1866s
 46072 32858     cutoff  142       148.06765  143.94341  2.79%  88.3 1872s
 46106 33056  145.01324  149  137  148.06765  143.94341  2.79%  88.4 1876s
 46609 33178  145.85324  181   72  148.06765  143.94341  2.79%  88.7 1889s
 46778 33356     cutoff  187       148.06765  143.94341  2.79%  88.9 1893s
 47143 33256     cutoff  201       148.06765  143.94341  2.79%  88.9 1916s
 47458 33368  145.92656  214   73  148.06765  143.94341  2.79%  89.2 1964s
 47474 33635  147.29036  214   42  148.06765  143.94341  2.79%  89.3 1976s
 47811 33569     cutoff  227       148.06765  143.94341  2.79%  89.3 1991s
H47832 32005                     148.0676465  143.94341  2.79%  89.3 1991s
 47900 32202     cutoff  228       148.06765  143.94341  2.79%  89.4 2003s
 48200 32347  146.36372  232   37  148.06765  143.94594  2.78%  89.5 2008s
 48585 32513  144.01583   47  497  148.06765  143.94667  2.78%  89.8 2011s
 48990 32392  144.28686   56  508  148.06765  143.94667  2.78%  90.1 2017s
H49003 30909                     148.0676458  143.94667  2.78%  90.1 2017s
 49007 31170  144.28686   57  496  148.06765  143.94667  2.78%  90.1 2021s
 49431 31349  144.70262   72  438  148.06765  143.94667  2.78%  90.3 2026s
 49829 31585  147.02105   95  389  148.06765  143.94667  2.78%  90.6 2030s
 50304 31991  147.18116  144  283  148.06765  143.95955  2.77%  90.7 2035s
 51029 31827  144.58944   54  426  148.06765  143.95955  2.77%  90.8 2041s
 51143 32283  144.93307   60  362  148.06765  143.95971  2.77%  90.9 2045s
 51850 32131  144.36765   51  385  148.06765  143.96091  2.77%  91.1 2053s
 51963 32419  144.37227   52  394  148.06765  143.96091  2.77%  91.0 2059s
 52327 32668  144.69719   78  374  148.06765  143.96091  2.77%  91.4 2077s
 52718 33060  146.14215  104  337  148.06765  143.96091  2.77%  91.5 2095s
 53309 33083  147.51107  158  284  148.06765  143.96351  2.77%  91.2 2104s
 53609 33459  145.03483   48  399  148.06765  143.96351  2.77%  91.3 2111s
 54220 33511  145.77134   85  265  148.06765  143.96351  2.77%  91.4 2122s
 54566 34028  146.40166  122  201  148.06765  143.97282  2.77%  91.5 2129s
 55555 34098  144.17976   53  459  148.06765  143.99759  2.75%  91.9 2133s
 56308 34142  144.19355   62  345  148.06765  143.99759  2.75%  92.7 2141s
 56898 34189  144.23867   77  316  148.06765  143.99759  2.75%  93.6 2148s
 57301 34368  144.30853   92  358  148.06765  143.99759  2.75%  93.8 2162s
 57834 34710     cutoff  106       148.06765  143.99759  2.75%  94.1 2170s
 58655 35365  145.65986  139  260  148.06765  143.99759  2.75%  94.2 2179s
 59918 35969  144.37356   81  331  148.06765  144.01322  2.74%  94.1 2185s
 61149 35965  146.24866  173  267  148.06765  144.01440  2.74%  94.4 2195s
 61863 36127     cutoff   72       148.06765  144.02047  2.73%  94.5 2203s
 62539 36814 infeasible   59       148.06765  144.02263  2.73%  95.3 2219s
 63883 37316  144.25754   58  359  148.06765  144.02947  2.73%  95.8 2229s
 65225 37101  147.59828   87  367  148.06765  144.08432  2.69%  96.4 2241s
 65579 37734  144.14305   78  437  148.06765  144.08432  2.69%  96.6 2254s
 66550 38387     cutoff   92       148.06765  144.08542  2.69%  97.5 2266s
 67916 38672  146.78585   93  386  148.06765  144.09369  2.68%  98.2 2278s
 68858 39390  146.08494   88  364  148.06765  144.09495  2.68%  99.1 2291s
 70272 39444  144.30305   71  415  148.06765  144.09650  2.68%  99.5 2305s
 70929 39752  144.31130   74  439  148.06765  144.09650  2.68%   100 2321s
 71683 40566  144.47335   90  424  148.06765  144.09798  2.68%   100 2335s
 73353 40314  147.30882   69  347  148.06765  144.10339  2.68%   101 2370s
 73856 40663  144.30456   71  353  148.06765  144.10339  2.68%   101 2387s
 74549 41073  147.80272  108  294  148.06765  144.10484  2.68%   102 2404s
 75447 41779  144.35772   55  339  148.06765  144.10836  2.67%   103 2424s
 76966 42358 infeasible   70       148.06765  144.11291  2.67%   104 2443s
 78531 42889  144.71088  102  471  148.06765  144.11591  2.67%   105 2461s
 80040 43656  145.02822   75  387  148.06765  144.12042  2.67%   106 2484s
 81722 44329  146.90427   71  393  148.06765  144.12462  2.66%   107 2504s
 83406 45577  145.04672  102  343  148.06765  144.12789  2.66%   108 2533s
 86175 45602  145.50501  111  385  148.06765  144.13070  2.66%   109 2553s
 87541 45915  146.31953   91  419  148.06765  144.13287  2.66%   110 2573s
 88802 46550  144.49316   68  413  148.06765  144.13655  2.65%   111 2591s
 90558 47077  144.77217   81  315  148.06765  144.13921  2.65%   112 2613s
 92073 47888  145.89939   72  321  148.06765  144.14168  2.65%   113 2634s
 94003 47953  145.32516  145  244  148.06765  144.14629  2.65%   113 2660s
H94236 46403                     148.0364329  144.14716  2.63%   113 2660s
 95104 47206  144.79435   79  365  148.03643  144.14953  2.63%   114 2684s
 96706 47960  147.95687   74  342  148.03643  144.15062  2.62%   115 2707s
H97047 46511                     148.0364328  144.15231  2.62%   115 2707s
 98542 47096  144.51315   58  403  148.03643  144.15652  2.62%   116 2727s
 100180 47679  145.07022   73  385  148.03643  144.16243  2.62%   117 2750s
 101917 48534  145.13358   83  455  148.03643  144.16538  2.61%   118 2777s
H102114 47005                     148.0051908  144.16728  2.59%   118 2777s
 103876 47352  146.77392   80  331  148.00519  144.17065  2.59%   118 2811s
 105620 48022  144.32460   79  341  148.00519  144.17461  2.59%   120 2847s
 107545 49410  144.54601   55  414  148.00519  144.17956  2.58%   121 2879s
 110481 49299  147.57981   83  325  148.00519  144.18331  2.58%   122 2914s
 111795 49919 infeasible   50       148.00519  144.18515  2.58%   123 2939s
 113482 50388  144.91365   75  366  148.00519  144.18933  2.58%   124 2982s
 115247 50803  145.02673   61  365  148.00519  144.19298  2.58%   126 3023s
 116480 51974  144.76436  107  371  148.00519  144.19548  2.57%   127 3051s
 118221 53063  146.20887   89  264  148.00519  144.19887  2.57%   128 3087s
 119826 54399  145.50587   77  292  148.00519  144.20215  2.57%   129 3123s
 121797 55800  144.85924   59  387  148.00519  144.20412  2.57%   130 3169s
 123887 57240  144.52322   60  411  148.00519  144.20645  2.57%   131 3201s
 126248 57792  147.40264  132  401  148.00519  144.21007  2.56%   132 3246s
 127385 59600  146.66086  105  243  148.00519  144.21287  2.56%   133 3319s
 129291 59600  145.09615   66  413  148.00519  144.21407  2.56%   134 3320s
 130358 60970  147.29866   92  216  148.00519  144.21639  2.56%   134 3365s
 132739 62028     cutoff   89       148.00519  144.21994  2.56%   136 3424s
 134533 63334  144.40106   79  429  148.00519  144.22290  2.56%   137 3473s
 136727 64653  144.94674  118  372  148.00519  144.22685  2.55%   138 3515s
 138744 65458  147.39224  109  411  148.00519  144.22930  2.55%   139 3572s
 140145 66540  144.82509   87  292  148.00519  144.23138  2.55%   140 3633s
 141802 67905  145.09093   67  371  148.00519  144.23523  2.55%   141 3693s
 143945 69403  147.16848  120  264  148.00519  144.23829  2.55%   142 3749s
H144195 69403                     148.0051908  144.23842  2.55%   143 3749s
 146298 70643  146.73719   83  288  148.00519  144.24271  2.54%   143 3807s
 148478 71184  145.63249   72  367  148.00519  144.24501  2.54%   145 3896s
H148568 71184                     148.0051907  144.24511  2.54%   145 3896s
 149349 74260  147.46030   96  383  148.00519  144.24567  2.54%   145 4021s
 154587 74604  147.49536   78  407  148.00519  144.25253  2.54%   148 4068s
 155171 76403  146.60313   62  353  148.00519  144.25327  2.53%   148 4128s
 157947 77463  145.52802  122  333  148.00519  144.25846  2.53%   149 4214s
 159989 78525  144.32717   58  466  148.00519  144.26150  2.53%   151 4260s
 162265 79796  145.18473   58  388  148.00519  144.26424  2.53%   152 4309s
 162776 79796  144.41356   91  386  148.00519  144.26506  2.53%   152 4310s
 164203 80406  146.98960  121  321  148.00519  144.26620  2.53%   152 4355s
 165278 81351  144.35792   70  548  148.00519  144.26758  2.53%   153 4415s
 167123 81927  145.81514  118  396  148.00519  144.26951  2.52%   153 4475s
 168457 82947  147.37480  170  311  148.00519  144.26988  2.52%   154 4524s
 170545 83478  145.33540   67  438  148.00519  144.27473  2.52%   155 4571s
 171741 85628  147.03656   82  235  148.00519  144.27731  2.52%   155 4698s
 175325 87043  147.05311   93  367  148.00519  144.28231  2.52%   156 4757s
 178009 87936  147.91643   72  399  148.00519  144.28527  2.51%   158 4802s
H179447 87936                     148.0051907  144.28661  2.51%   158 4802s

Cutting planes:
  Learned: 4
  Gomory: 95
  Cover: 174
  Implied bound: 407
  Projected implied bound: 12
  Clique: 1
  MIR: 1095
  StrongCG: 5
  Flow cover: 2171
  GUB cover: 4
  Inf proof: 50
  Zero half: 17
  Network: 4
  RLT: 35
  Relax-and-lift: 119
  PSD: 2

Explored 179733 nodes (28466719 simplex iterations) in 4802.59 seconds (1469.13 work units)
Thread count was 32 (of 32 available processors)

Solution count 10: 148.005 148.005 148.005 ... 148.068

Solve interrupted
Best objective 1.480051906634e+02, best bound 1.442872151557e+02, gap 2.5121%
