
Gurobi 9.5.2 (linux64) logging started Fri Aug  7 13:22:03 2026

Set parameter LogFile to value "/mnt/beegfs/users/celinep/ChargeAndBreak/logs/RlongCmediumTtight_6_2SP_20260805_125729_196_gurobi.log"
Gurobi Optimizer version 9.5.2 build v9.5.2rc0 (linux64)
Thread count: 16 physical cores, 32 logical processors, using up to 32 threads
Optimize a model with 172278 rows, 83928 columns and 574407 nonzeros
Model fingerprint: 0x82f7335e
Variable types: 71501 continuous, 12427 integer (12427 binary)
Coefficient statistics:
  Matrix range     [3e-02, 2e+03]
  Objective range  [4e-02, 4e-02]
  Bounds range     [1e+00, 1e+00]
  RHS range        [2e-02, 5e+02]
Presolve removed 55884 rows and 19223 columns
Presolve time: 4.03s
Presolved: 116394 rows, 64705 columns, 501393 nonzeros
Variable types: 55513 continuous, 9192 integer (9192 binary)

Deterministic concurrent LP optimizer: primal and dual simplex (primal and dual model)
Showing first log only...

Root relaxation presolve removed 2572 rows and 2572 columns
Root relaxation presolved: 113822 rows, 62133 columns, 496249 nonzeros


Root simplex log...

Iteration    Objective       Primal Inf.    Dual Inf.      Time
       0    3.8014968e+01   6.347907e+04   5.469488e+11      6s
   48900    9.2122854e+01   2.045430e+02   1.685932e+09     10s
   52757    1.3373019e+02   0.000000e+00   2.648286e+03     14s
   53930    1.3257094e+02   0.000000e+00   8.861416e+03     15s
   57710    1.1588811e+02   0.000000e+00   3.626557e+04     20s
   60545    1.1348481e+02   0.000000e+00   6.486986e+02     25s
   63758    1.0913774e+02   0.000000e+00   2.817266e+04     30s
   65960    1.0552886e+02   0.000000e+00   8.065503e+04     35s
   67970    1.0293090e+02   0.000000e+00   3.142078e+05     40s
   69769    1.0201197e+02   0.000000e+00   8.753223e+03     45s
   71179    1.0100786e+02   0.000000e+00   4.211318e+03     50s
   72699    9.9721324e+01   0.000000e+00   1.410769e+06     55s
   74159    9.8570173e+01   0.000000e+00   5.601174e+04     60s
   75239    9.7657526e+01   0.000000e+00   4.821472e+04     65s
   76669    9.6723774e+01   0.000000e+00   5.540435e+03     70s
   77769    9.6297677e+01   0.000000e+00   8.662367e+03     75s
   78919    9.5667275e+01   0.000000e+00   1.602962e+03     80s
   80118    9.5144835e+01   0.000000e+00   3.174768e+03     85s
   81168    9.4826227e+01   0.000000e+00   1.896024e+03     90s
   82308    9.4332188e+01   0.000000e+00   4.447359e+03     95s
   83458    9.3921493e+01   0.000000e+00   1.345142e+05    100s
   84797    9.3415380e+01   0.000000e+00   5.283997e+04    105s
   86357    9.3135193e+01   0.000000e+00   2.220265e+03    110s
   87566    9.2912033e+01   0.000000e+00   2.833958e+04    115s
   88706    9.2625513e+01   0.000000e+00   2.033523e+03    120s
   89936    9.2405265e+01   0.000000e+00   6.772626e+03    125s
   91076    9.2271295e+01   0.000000e+00   1.364619e+03    130s
   92166    9.2138662e+01   0.000000e+00   1.150764e+04    135s
   93723    9.1912608e+01   0.000000e+00   1.853225e+03    140s
   94812    9.1793418e+01   0.000000e+00   3.271068e+03    145s
   95882    9.1714740e+01   0.000000e+00   3.508839e+03    150s
   97162    9.1551292e+01   0.000000e+00   6.087167e+03    155s
   98630    9.1392103e+01   0.000000e+00   4.980150e+03    160s
  100040    9.1305091e+01   0.000000e+00   3.565762e+03    165s
  101160    9.1221722e+01   0.000000e+00   4.474869e+03    170s
Concurrent spin time: 6.75s

Solved with primal simplex (dual model)

Root relaxation: objective 8.986036e+01, 78070 iterations, 171.85 seconds (110.86 work units)
Total elapsed time = 180.03s
Total elapsed time = 187.14s

    Nodes    |    Current Node    |     Objective Bounds      |     Work
 Expl Unexpl |  Obj  Depth IntInf | Incumbent    BestBd   Gap | It/Node Time

     0     0   89.86296    0 3359          -   89.86296      -     -  210s
     0     0   90.88440    0 3578          -   90.88440      -     -  402s
     0     0   92.69348    0 4407          -   92.69348      -     -  541s
     0     0   92.73296    0 4579          -   92.73296      -     -  562s
     0     0   92.73475    0 4592          -   92.73475      -     -  570s
     0     0   92.73521    0 4593          -   92.73521      -     -  574s
     0     0   92.73527    0 4621          -   92.73527      -     -  576s
     0     0   93.64039    0 5212          -   93.64039      -     -  711s
     0     0   93.81163    0 5295          -   93.81163      -     -  792s
     0     0   93.83012    0 5472          -   93.83012      -     -  809s
     0     0   93.83234    0 5497          -   93.83234      -     -  811s
     0     0   93.83267    0 5528          -   93.83267      -     -  813s
     0     0   96.29227    0 5484          -   96.29227      -     -  969s
     0     0   96.48777    0 5534          -   96.48777      -     - 1032s
     0     0   96.51490    0 5569          -   96.51490      -     - 1046s
     0     0   96.52007    0 5552          -   96.52007      -     - 1052s
     0     0   96.52101    0 5513          -   96.52101      -     - 1054s
     0     0   97.14900    0 5442          -   97.14900      -     - 1147s
     0     0   97.24128    0 5581          -   97.24128      -     - 1202s
     0     0   97.25859    0 5688          -   97.25859      -     - 1211s
     0     0   97.26241    0 5780          -   97.26241      -     - 1224s
     0     0   97.26375    0 5768          -   97.26375      -     - 1228s
     0     0   97.45420    0 5859          -   97.45420      -     - 1316s
     0     0   97.48798    0 5952          -   97.48798      -     - 1348s
     0     0   97.49482    0 5941          -   97.49482      -     - 1368s
     0     0   97.49664    0 5946          -   97.49664      -     - 1370s
     0     0   97.66479    0 6014          -   97.66479      -     - 1443s
     0     0   97.69017    0 6020          -   97.69017      -     - 1471s
     0     0   97.69434    0 6025          -   97.69434      -     - 1477s
     0     0   97.69481    0 6024          -   97.69481      -     - 1479s
     0     0   97.79715    0 6073          -   97.79715      -     - 1540s
     0     0   97.81384    0 6016          -   97.81384      -     - 1565s
     0     0   97.81550    0 6048          -   97.81550      -     - 1572s
     0     0   97.89506    0 6137          -   97.89506      -     - 1629s
     0     0   97.90802    0 6232          -   97.90802      -     - 1660s
     0     0   97.91080    0 6248          -   97.91080      -     - 1664s
     0     0   97.91145    0 6252          -   97.91145      -     - 1666s
     0     0   97.97279    0 6149          -   97.97279      -     - 1725s
     0     0   97.98330    0 6191          -   97.98330      -     - 1782s
     0     0   97.98487    0 6257          -   97.98487      -     - 1793s
     0     0   98.02817    0 6301          -   98.02817      -     - 1836s
     0     0   98.03369    0 6281          -   98.03369      -     - 1847s
     0     0   98.03436    0 6314          -   98.03436      -     - 1870s
     0     0   98.06603    0 6149          -   98.06603      -     - 1915s
     0     0   98.07348    0 6262          -   98.07348      -     - 1933s
     0     0   98.07510    0 6270          -   98.07510      -     - 1943s
     0     0   98.10828    0 6262          -   98.10828      -     - 1976s
     0     0   98.11241    0 6240          -   98.11241      -     - 2001s
     0     0   98.11318    0 6291          -   98.11318      -     - 2007s
     0     0   98.13768    0 6293          -   98.13768      -     - 2043s
     0     0   98.14218    0 6297          -   98.14218      -     - 2061s
     0     0   98.14259    0 6337          -   98.14259      -     - 2077s
     0     0   98.15391    0 6302          -   98.15391      -     - 2110s
     0     0   98.15634    0 6354          -   98.15634      -     - 2133s
     0     0   98.17475    0 6252          -   98.17475      -     - 2152s
     0     0   98.17475    0 5799          -   98.17475      -     - 2217s
     0     2   98.17475    0 5755          -   98.17475      -     - 4390s
     1     4   98.17505    1 5717          -   98.17488      -  1995 4425s
     3     8   98.17663    2 5706          -   98.17521      -  6544 4478s
     7    16   98.19034    3 5787          -   98.17681      - 10083 4540s
    15    32   98.19034    4 5788          -   98.19034      -  8145 4619s
    31    48   98.19356    5 5808          -   98.19071      - 13489 5217s
    47    64   98.19434    6 5837          -   98.19071      - 20122 5225s
    63    80   98.19573    7 5769          -   98.19071      - 15341 5235s
    79    96   98.19805    8 5771          -   98.19071      - 12543 5258s
    95   119   98.20338    9 5688          -   98.19071      - 10758 5277s
   118   142   98.20864   10 5702          -   98.19071      -  8888 5294s
   141   166   98.21764   11 5674          -   98.19071      -  7690 5316s
   165   193   98.22654   12 5693          -   98.19071      -  6799 5344s
   192   221   98.24521   13 5678          -   98.19071      -  6029 5374s
   220   250   98.27026   14 5660          -   98.19071      -  5452 5392s
   249   287   98.28113   15 5629          -   98.19071      -  4968 5418s
   286   328   98.28113   16 5630          -   98.19071      -  4439 5453s
   327   375   98.28125   18 5579          -   98.19071      -  4026 5476s
   374   414   98.28135   19 5556          -   98.19071      -  3640 5498s
   413   454   98.28539   20 5539          -   98.19071      -  3418 5516s
   453   501   98.28539   21 5539          -   98.19071      -  3234 5549s
   500   560   98.28617   25 5489          -   98.19071      -  3034 5593s
   559   614   98.28807   27 5447          -   98.19071      -  2793 5611s
   613   678   98.29592   31 5422          -   98.19071      -  2640 5627s
   677   736   98.32126   37 5363          -   98.19071      -  2463 5645s
   735   787   98.33412   39 5398          -   98.19071      -  2348 5668s
   786   854   98.33870   42 5336          -   98.19071      -  2277 5707s
   853   925   98.35727   45 5327          -   98.19071      -  2185 5726s
   924   988   98.36386   47 5305          -   98.19071      -  2081 5771s
   987  1076   98.36386   48 5306          -   98.19071      -  2016 5792s
  1075  1193   98.36386   52 5304          -   98.19071      -  1911 5824s
  1192  1273   98.36386   56 5309          -   98.19071      -  1791 5877s
  1274  1388   98.36386   60 5300          -   98.19071      -  1757 5918s
  1391  1519   98.36386   66 5306          -   98.19071      -  1681 5958s
  1524  1625   98.99785   75 5278          -   98.19071      -  1619 5990s
  1630  1737   98.42406   75 5257          -   98.19071      -  1571 6076s
  1742  1897   98.59524   76 5286          -   98.19071      -  1528 6145s
  1912  2039   98.69155   78 5275          -   98.19071      -  1442 6228s
  2072  2177   98.87012   79 5254          -   98.19071      -  1381 6273s
  2258  2281   99.00449   80 5238          -   98.19071      -  1322 6426s
  2408  2453   99.12829   81 5228          -   98.19071      -  1301 6462s
  2618  2629   99.77440   86 5203          -   98.19071      -  1241 6515s
  2826  2831  103.24030  100 5028          -   98.19071      -  1181 6554s
  3086  3068  103.73031  136 4968          -   98.19071      -  1114 6610s
  3397  3278  114.39080  156 4984          -   98.19071      -  1044 6668s
  3707  3437  136.23806  177 4923          -   98.19071      -   983 6716s
  4000  3687  136.37870  178 4847          -   98.19071      -   935 6764s
  4348  3932  136.59942  180 4688          -   98.19071      -   881 6812s
  4681  4296  136.64187  181 4633          -   98.19071      -   836 6857s
  5147  4775  136.77624  182 4528          -   98.19071      -   784 6898s
  5694  5282  137.11059  187 4189          -   98.19071      -   725 6976s
  6227  5746  137.30440  191 3994          -   98.19071      -   683 6997s
  6786  6401  138.32769  197 3561          -   98.19071      -   640 7017s
  7474  7202  150.23088  212 2934          -   98.19071      -   594 7040s
  8411  7909  152.09530  295 1819          -   98.19372      -   539 7075s
  9274  8587   99.47798    9 5611          -   98.19372      -   498 7100s
 10121  9339   99.50088   11 5551          -   98.19372      -   464 7120s

Cutting planes:
  Learned: 78
  Gomory: 2
  Cover: 574
  Implied bound: 1416
  Clique: 1330
  MIR: 3248
  StrongCG: 4
  Flow cover: 2863
  Zero half: 109
  Network: 1
  RLT: 411
  Relax-and-lift: 220

Explored 11068 nodes (5643084 simplex iterations) in 7200.10 seconds (10578.76 work units)
Thread count was 32 (of 32 available processors)

Solution count 0

Time limit reached
Best objective -, best bound 9.819372489874e+01, gap -
