
Gurobi 9.5.2 (linux64) logging started Sat Aug  8 04:07:09 2026

Set parameter LogFile to value "/mnt/beegfs/users/celinep/ChargeAndBreak/logs/RlongCmanyTlarge_16_2SP_20260803_212939_207_gurobi.log"
Gurobi Optimizer version 9.5.2 build v9.5.2rc0 (linux64)
Thread count: 16 physical cores, 32 logical processors, using up to 32 threads
Optimize a model with 188001 rows, 91595 columns and 626630 nonzeros
Model fingerprint: 0xc27afdec
Variable types: 78001 continuous, 13594 integer (13594 binary)
Coefficient statistics:
  Matrix range     [8e-03, 2e+03]
  Objective range  [4e-02, 4e-02]
  Bounds range     [1e+00, 1e+00]
  RHS range        [6e-02, 5e+02]
Presolve removed 60531 rows and 20518 columns
Presolve time: 2.45s
Presolved: 127470 rows, 71077 columns, 548363 nonzeros
Variable types: 60850 continuous, 10227 integer (10227 binary)

Deterministic concurrent LP optimizer: primal and dual simplex (primal and dual model)
Showing first log only...

Root relaxation presolve removed 2822 rows and 2822 columns
Root relaxation presolved: 124648 rows, 68255 columns, 542719 nonzeros


Root simplex log...

Iteration    Objective       Primal Inf.    Dual Inf.      Time
   45300    5.6077943e+01   5.378684e+02   3.509247e+09      5s
   59416    1.4852798e+02   0.000000e+00   1.347150e+03     10s
   60056    1.4773302e+02   0.000000e+00   3.015553e+03     10s
   67223    1.2791272e+02   0.000000e+00   2.222867e+04     15s
   72739    1.2293637e+02   0.000000e+00   6.211191e+03     20s
   77664    1.1898771e+02   0.000000e+00   4.512495e+04     25s
   81211    1.1562178e+02   0.000000e+00   2.483439e+04     30s
   83741    1.1243977e+02   0.000000e+00   2.247697e+04     35s
   86545    1.1063433e+02   0.000000e+00   6.525449e+03     40s
   88685    1.0876516e+02   0.000000e+00   1.425481e+04     45s
   91005    1.0678509e+02   0.000000e+00   1.679704e+05     50s
   93179    1.0510629e+02   0.000000e+00   9.779468e+03     55s
   95256    1.0303845e+02   0.000000e+00   2.173304e+04     60s
   97463    1.0218048e+02   0.000000e+00   1.049429e+03     65s
  100091    1.0155971e+02   0.000000e+00   4.586536e+03     70s
  102588    1.0120645e+02   0.000000e+00   5.446941e+02     75s
  105236    1.0085288e+02   0.000000e+00   2.050855e+03     80s
  108530    1.0045312e+02   0.000000e+00   1.539075e+05     85s
  110984    1.0029918e+02   0.000000e+00   1.882390e+03     90s
  113642    1.0009542e+02   0.000000e+00   3.982422e+03     95s
  116079    9.9958738e+01   0.000000e+00   2.028880e+04    100s
  118453    9.9824762e+01   0.000000e+00   2.076902e+03    105s
  121030    9.9695396e+01   0.000000e+00   2.468903e+04    110s
  124021    9.9596108e+01   0.000000e+00   3.522213e+04    115s
  126862    9.9506446e+01   0.000000e+00   7.473959e+02    120s
  129606    9.9422417e+01   0.000000e+00   1.027948e+03    125s
  132430    9.9372004e+01   0.000000e+00   3.072506e+02    130s
  135274    9.9265223e+01   0.000000e+00   8.671683e+02    135s
  137844    9.9230117e+01   0.000000e+00   2.882720e+02    140s
Concurrent spin time: 0.02s

Solved with primal simplex (dual model)

Root relaxation: objective 9.899380e+01, 90042 iterations, 137.52 seconds (155.54 work units)

    Nodes    |    Current Node    |     Objective Bounds      |     Work
 Expl Unexpl |  Obj  Depth IntInf | Incumbent    BestBd   Gap | It/Node Time

     0     0   98.99564    0 3833          -   98.99564      -     -  162s
     0     0  100.42667    0 4279          -  100.42667      -     -  308s
     0     0  101.11787    0 4981          -  101.11787      -     -  391s
     0     0  101.15216    0 4956          -  101.15216      -     -  411s
     0     0  101.15649    0 4916          -  101.15649      -     -  417s
     0     0  101.15713    0 4932          -  101.15713      -     -  426s
     0     0  101.15733    0 4876          -  101.15733      -     -  428s
     0     0  101.15733    0 4903          -  101.15733      -     -  428s
     0     0  102.32210    0 5926          -  102.32210      -     -  580s
     0     0  102.52900    0 6349          -  102.52900      -     -  671s
     0     0  102.55639    0 6328          -  102.55639      -     -  702s
     0     0  102.56191    0 6380          -  102.56191      -     -  714s
     0     0  102.56312    0 6277          -  102.56312      -     -  717s
     0     0  102.56385    0 6363          -  102.56385      -     -  718s
     0     0  102.56390    0 6343          -  102.56390      -     -  718s
     0     0  103.94266    0 6219          -  103.94266      -     -  918s
     0     0  104.22714    0 6218          -  104.22714      -     -  998s
     0     0  104.25888    0 6344          -  104.25888      -     - 1018s
     0     0  104.26560    0 6344          -  104.26560      -     - 1022s
     0     0  104.26665    0 6367          -  104.26665      -     - 1026s
     0     0  105.00408    0 6349          -  105.00408      -     - 1148s
     0     0  105.13854    0 6348          -  105.13854      -     - 1174s
     0     0  105.16473    0 6489          -  105.16473      -     - 1190s
     0     0  105.16859    0 6517          -  105.16859      -     - 1195s
     0     0  105.16964    0 6551          -  105.16964      -     - 1197s
     0     0  105.42677    0 6489          -  105.42677      -     - 1263s
     0     0  105.46981    0 6377          -  105.46981      -     - 1293s
     0     0  105.47642    0 6414          -  105.47642      -     - 1297s
     0     0  105.47774    0 6402          -  105.47774      -     - 1300s
     0     0  105.65486    0 6576          -  105.65486      -     - 1371s
     0     0  105.68341    0 6482          -  105.68341      -     - 1395s
     0     0  105.68895    0 6498          -  105.68895      -     - 1400s
     0     0  105.69028    0 6532          -  105.69028      -     - 1404s
     0     0  105.81009    0 6511          -  105.81009      -     - 1453s
     0     0  105.83512    0 6563          -  105.83512      -     - 1480s
     0     0  105.83853    0 6558          -  105.83853      -     - 1483s
     0     0  105.83907    0 6559          -  105.83907      -     - 1489s
     0     0  105.92342    0 6586          -  105.92342      -     - 1542s
     0     0  105.93425    0 6619          -  105.93425      -     - 1554s
     0     0  105.93639    0 6677          -  105.93639      -     - 1557s
     0     0  105.93669    0 6688          -  105.93669      -     - 1558s
     0     0  106.00370    0 6517          -  106.00370      -     - 1601s
     0     0  106.01281    0 6681          -  106.01281      -     - 1620s
     0     0  106.01403    0 6668          -  106.01403      -     - 1623s
     0     0  106.06171    0 6605          -  106.06171      -     - 1669s
     0     0  106.07092    0 6659          -  106.07092      -     - 1692s
     0     0  106.07255    0 6663          -  106.07255      -     - 1696s
     0     0  106.10558    0 6608          -  106.10558      -     - 1707s
     0     0  106.10998    0 6702          -  106.10998      -     - 1713s
     0     0  106.11087    0 6690          -  106.11087      -     - 1715s
     0     0  106.14681    0 6830          -  106.14681      -     - 1739s
     0     0  106.15405    0 6744          -  106.15405      -     - 1751s
     0     0  106.15498    0 6748          -  106.15498      -     - 1756s
     0     0  106.17478    0 6730          -  106.17478      -     - 1789s
     0     0  106.18062    0 6742          -  106.18062      -     - 1801s
     0     0  106.18129    0 6790          -  106.18129      -     - 1804s
     0     0  106.20355    0 6750          -  106.20355      -     - 1825s
     0     0  106.20618    0 6796          -  106.20618      -     - 1831s
     0     0  106.20669    0 6775          -  106.20669      -     - 1833s
     0     0  106.21498    0 6774          -  106.21498      -     - 1839s
     0     0  106.21639    0 6744          -  106.21639      -     - 1844s
     0     0  106.23138    0 6767          -  106.23138      -     - 1864s
     0     0  106.23138    0 6238          -  106.23138      -     - 1907s
     0     2  106.23138    0 6057          -  106.23138      -     - 3286s
     1     4  106.23187    1 6049          -  106.23174      -  2977 3303s
     3     8  106.23363    2 5976          -  106.23229      -  5028 3322s
     7    16  106.23438    3 6002          -  106.23391      -  4166 3342s
    15    32  106.23453    4 5971          -  106.23453      -  3974 3371s
    31    48  106.23474    5 6006          -  106.23474      -  5627 3620s
    47    64  106.23490    6 6005          -  106.23477      - 13181 3627s
    63    80  106.23631    7 5938          -  106.23477      - 10151 3644s
    79    96  106.24160    8 5895          -  106.23477      -  8502 3650s
    95   122  106.24705    9 5874          -  106.23477      -  7295 3657s
   121   147  106.25310   10 5861          -  106.23477      -  5922 3676s
   146   169  106.25980   11 5857          -  106.23477      -  5100 3688s
   168   198  106.26182   12 5852          -  106.23477      -  4560 3704s
   197   219  106.26202   13 5816          -  106.23477      -  4024 3723s
   218   248  106.26232   14 5753          -  106.23477      -  3790 3744s
   247   285  106.26966   15 5742          -  106.23477      -  3506 3755s
   284   319  106.27006   16 5716          -  106.23477      -  3141 3761s
   318   350  106.27030   17 5687          -  106.23477      -  2886 3777s
   349   391  106.27540   19 5631          -  106.23477      -  2726 3802s
   390   438  106.28776   20 5637          -  106.23477      -  2555 3817s
   437   494  106.29562   21 5570          -  106.23477      -  2380 3860s
   493   556  106.30650   22 5564          -  106.23477      -  2212 3881s
   555   626  106.31816   23 5575          -  106.23477      -  2058 3929s
   625   697  106.31835   24 5591          -  106.23477      -  1909 3955s
   696   791  107.99115   26 5535          -  106.23477      -  1795 3970s
   790   858  107.99375   28 5584          -  106.23477      -  1634 3995s
   857   951  107.99530   31 5534          -  106.23477      -  1578 4010s
   950  1033  107.99977   34 5547          -  106.23477      -  1463 4029s
  1032  1130  109.11484   37 5503          -  106.23477      -  1395 4048s
  1129  1235  109.11718   38 5468          -  106.23477      -  1323 4066s
  1234  1367  109.12633   41 5521          -  106.23477      -  1257 4094s
  1366  1472  109.12759   44 5521          -  106.23477      -  1174 4116s
  1471  1538  109.12904   46 5469          -  106.23477      -  1140 4143s
  1537  1648  109.13560   49 5443          -  106.23477      -  1137 4170s
  1647  1776  109.14828   59 5420          -  106.23477      -  1099 4196s
  1775  1901  109.16601   66 5410          -  106.23477      -  1063 4212s
  1902  1973  117.23979   76 5468          -  106.23477      -  1029 4238s
  1974  2095  117.25545   80 5428          -  106.23477      -  1037 4264s
  2096  2195  117.44223   82 5421          -  106.23477      -  1031 4289s
  2196  2327  117.58231   83 5342          -  106.23477      -  1045 4302s
  2336  2530  117.73870   85 5359          -  106.23477      -  1028 4314s
  2561  2777  118.33026   90 5395          -  106.23477      -   979 4355s
  2849  2939  118.77411   93 5411          -  106.23477      -   922 4381s
  3116  3237  121.77680   95 5068          -  106.23477      -   868 4407s
  3475  3465  132.39935  134 4999          -  106.23477      -   799 4432s
  3851  3698  142.56668  161 4937          -  106.23477      -   743 4450s
  4244  3855  142.69556  163 4860          -  106.23477      -   690 4475s
  4611  4124  142.84612  165 4742          -  106.23477      -   649 4508s
  5040  4469  142.99294  167 4565          -  106.23477      -   614 4523s
  5505  4884  143.30753  174 4189          -  106.23477      -   576 4546s
  6116  5151  143.68683  178 4012          -  106.23477      -   535 4573s
  6761  5476  144.71265  184 3456          -  106.23524      -   494 4598s
  7418  5962  107.15910    7 5746          -  106.23524      -   462 4614s
  8130  6526  107.16719   10 5675          -  106.23524      -   428 4653s
  8816  7111  107.19269   15 5636          -  106.23524      -   406 4673s
  9568  7819  107.20370   20 5491          -  106.23524      -   381 4694s
 10407  7820  107.02939   11 6238          -  106.23524      -   356 5589s
 10409  7821  140.47596  745 3549          -  106.23524      -   356 5836s
 10410  7822  154.84565  243 3684          -  106.23524      -   356 5989s
 10411  7823  164.00911  668 4621          -  106.44740      -   356 6183s
 10412  7823  165.89440  260 4450          -  107.05843      -   356 6426s
 10413  7824  163.27197  543 4937          -  108.01569      -   356 6585s
 10414  7825  140.48065  763 4767          -  108.52473      -   356 6770s
 10415  7825  136.98900  438 4967          -  108.75087      -   356 6883s
 10416  7826  118.20460  137 4494          -  109.10114      -   356 7039s
 10417  7827  163.23993  525 4824          -  109.26045      -   356 7159s

Cutting planes:
  Learned: 37
  Gomory: 55
  Cover: 965
  Implied bound: 586
  Projected implied bound: 453
  Clique: 133
  MIR: 3936
  StrongCG: 12
  Flow cover: 5544
  GUB cover: 21
  Zero half: 10
  RLT: 435
  Relax-and-lift: 405
  PSD: 26

Explored 10417 nodes (5114059 simplex iterations) in 7200.22 seconds (13066.90 work units)
Thread count was 32 (of 32 available processors)

Solution count 0

Time limit reached
Best objective -, best bound 1.092604545645e+02, gap -
