
Gurobi 9.5.2 (linux64) logging started Wed Aug  5 18:57:35 2026

Set parameter LogFile to value "/mnt/beegfs/users/celinep/ChargeAndBreak/logs/RlongCmanyTlarge_31_2SP_20260805_125650_024_gurobi.log"
Gurobi Optimizer version 9.5.2 build v9.5.2rc0 (linux64)
Thread count: 16 physical cores, 32 logical processors, using up to 32 threads
Optimize a model with 189454 rows, 91874 columns and 629633 nonzeros
Model fingerprint: 0x4b01fc82
Variable types: 78751 continuous, 13123 integer (13123 binary)
Coefficient statistics:
  Matrix range     [3e-02, 2e+03]
  Objective range  [4e-02, 4e-02]
  Bounds range     [1e+00, 1e+00]
  RHS range        [2e-02, 5e+02]
Presolve removed 61603 rows and 20310 columns (presolve time = 5s) ...
Presolve removed 62406 rows and 21136 columns
Presolve time: 8.64s
Presolved: 127048 rows, 70738 columns, 548407 nonzeros
Variable types: 60935 continuous, 9803 integer (9803 binary)

Deterministic concurrent LP optimizer: primal and dual simplex (primal and dual model)
Showing first log only...

Root relaxation presolve removed 2658 rows and 2658 columns
Root relaxation presolved: 124390 rows, 68080 columns, 543091 nonzeros


Root simplex log...

Iteration    Objective       Primal Inf.    Dual Inf.      Time
       0    4.6383128e+01   7.011607e+04   6.539206e+11     13s
   42607    5.6917775e+01   6.749450e+02   5.910451e+09     15s
   49141    7.7445141e+01   3.540788e+02   5.831523e+09     20s
   56009    1.3666855e+02   2.227220e+01   3.542885e+09     25s
   58062    1.6143025e+02   0.000000e+00   2.666052e+03     28s
   60007    1.4558236e+02   0.000000e+00   1.519812e+04     30s
   63710    1.3246560e+02   0.000000e+00   3.573271e+04     35s
   66230    1.2429323e+02   0.000000e+00   1.410481e+03     40s
   68949    1.2049704e+02   0.000000e+00   1.091801e+05     45s
   70731    1.1911241e+02   0.000000e+00   5.215659e+04     51s
   71818    1.1714047e+02   0.000000e+00   1.884095e+05     55s
   73716    1.1496672e+02   0.000000e+00   1.002068e+05     60s
   75603    1.1354084e+02   0.000000e+00   7.820796e+05     65s
   76740    1.1289330e+02   0.000000e+00   3.385936e+04     70s
   77527    1.1229358e+02   0.000000e+00   1.125632e+05     75s
   78617    1.1096136e+02   0.000000e+00   1.132119e+04     80s
   79407    1.1033100e+02   0.000000e+00   6.051938e+04     86s
   80637    1.0909603e+02   0.000000e+00   5.656100e+04     90s
   82191    1.0737181e+02   0.000000e+00   1.497536e+04     95s
   84748    1.0568547e+02   0.000000e+00   1.539043e+03    100s
   87105    1.0452258e+02   0.000000e+00   1.687268e+03    105s
   88983    1.0377336e+02   0.000000e+00   6.387547e+03    110s
   90540    1.0319143e+02   0.000000e+00   3.083051e+03    115s
   91880    1.0268453e+02   0.000000e+00   4.521362e+03    120s
   93630    1.0224505e+02   0.000000e+00   6.233921e+03    125s
   96004    1.0146569e+02   0.000000e+00   5.967938e+05    130s
   98268    1.0080732e+02   0.000000e+00   5.316037e+04    135s
  100455    1.0042837e+02   0.000000e+00   6.577252e+04    140s
  102882    1.0008497e+02   0.000000e+00   1.146748e+04    145s
  105193    9.9447839e+01   0.000000e+00   2.404956e+03    150s
  107093    9.9147658e+01   0.000000e+00   1.241603e+03    155s
  109190    9.8927368e+01   0.000000e+00   6.713039e+02    160s
  111471    9.8734812e+01   0.000000e+00   1.370550e+04    165s
  113438    9.8595630e+01   0.000000e+00   3.408248e+04    170s
  115629    9.8341741e+01   0.000000e+00   3.013142e+03    175s
  117039    9.8273764e+01   0.000000e+00   9.512467e+03    180s
  118526    9.8213075e+01   0.000000e+00   8.162842e+02    185s
  120170    9.8124970e+01   0.000000e+00   1.199480e+04    190s
  121450    9.8064690e+01   0.000000e+00   1.805729e+03    196s
  122868    9.7962773e+01   0.000000e+00   3.910077e+03    200s
  123928    9.7939691e+01   0.000000e+00   8.055832e+02    205s
  125228    9.7887035e+01   0.000000e+00   1.473378e+03    210s
  126258    9.7856857e+01   0.000000e+00   9.092888e+02    215s
  127438    9.7827269e+01   0.000000e+00   1.508019e+03    220s
  128579    9.7749220e+01   0.000000e+00   1.234331e+03    226s
  129409    9.7712981e+01   0.000000e+00   8.115928e+03    231s
  130139    9.7682569e+01   0.000000e+00   5.415071e+02    235s
  131153    9.7638813e+01   0.000000e+00   2.199316e+03    240s
Concurrent spin time: 0.13s

Solved with primal simplex (dual model)

Root relaxation: objective 9.695301e+01, 86362 iterations, 232.11 seconds (148.19 work units)
Total elapsed time = 248.06s
Total elapsed time = 251.42s

    Nodes    |    Current Node    |     Objective Bounds      |     Work
 Expl Unexpl |  Obj  Depth IntInf | Incumbent    BestBd   Gap | It/Node Time

     0     0   96.95612    0 3605          -   96.95612      -     -  294s
     0     0   98.38994    0 4150          -   98.38994      -     -  508s
     0     0   99.39176    0 5208          -   99.39176      -     -  650s
     0     0   99.45981    0 5038          -   99.45981      -     -  721s
     0     0   99.46698    0 5074          -   99.46698      -     -  737s
     0     0   99.47363    0 5019          -   99.47363      -     -  753s
     0     0   99.47758    0 4988          -   99.47758      -     -  756s
     0     0   99.48093    0 4960          -   99.48093      -     -  760s
     0     0   99.48585    0 4958          -   99.48585      -     -  763s
     0     0   99.48935    0 4928          -   99.48935      -     -  767s
     0     0   99.49196    0 4874          -   99.49196      -     -  770s
     0     0   99.49534    0 4877          -   99.49534      -     -  771s
     0     0   99.49793    0 4911          -   99.49793      -     -  784s
     0     0   99.50098    0 4996          -   99.50098      -     -  791s
     0     0   99.50103    0 4977          -   99.50103      -     -  792s
     0     0  100.53343    0 5769          -  100.53343      -     -  998s
     0     0  100.68991    0 5962          -  100.68991      -     - 1072s
     0     0  100.72127    0 6035          -  100.72127      -     - 1085s
     0     0  100.72640    0 5984          -  100.72640      -     - 1094s
     0     0  100.72762    0 5893          -  100.72762      -     - 1096s
     0     0  100.72782    0 5989          -  100.72782      -     - 1098s
     0     0  101.72228    0 5769          -  101.72228      -     - 1225s
     0     0  101.92846    0 5894          -  101.92846      -     - 1310s
     0     0  101.95812    0 5887          -  101.95812      -     - 1348s
     0     0  101.96463    0 5959          -  101.96463      -     - 1354s
     0     0  101.96652    0 5922          -  101.96652      -     - 1356s
     0     0  101.96679    0 5909          -  101.96679      -     - 1358s
     0     0  102.61273    0 5930          -  102.61273      -     - 1530s
     0     0  102.70610    0 6099          -  102.70610      -     - 1580s
     0     0  102.72128    0 6068          -  102.72128      -     - 1594s
     0     0  102.72351    0 6208          -  102.72351      -     - 1597s
     0     0  102.72406    0 6225          -  102.72406      -     - 1599s
     0     0  102.91214    0 6126          -  102.91214      -     - 1684s
     0     0  102.94345    0 6134          -  102.94345      -     - 1706s
     0     0  102.94950    0 6172          -  102.94950      -     - 1714s
     0     0  102.95069    0 6194          -  102.95069      -     - 1719s
     0     0  103.11501    0 6293          -  103.11501      -     - 1810s
     0     0  103.14092    0 6384          -  103.14092      -     - 1837s
     0     0  103.14491    0 6408          -  103.14491      -     - 1844s
     0     0  103.14547    0 6411          -  103.14547      -     - 1846s
     0     0  103.27109    0 6269          -  103.27109      -     - 1882s
     0     0  103.28915    0 6310          -  103.28915      -     - 1902s
     0     0  103.29155    0 6306          -  103.29155      -     - 1910s
     0     0  103.29291    0 6240          -  103.29291      -     - 1918s
     0     0  103.38173    0 6406          -  103.38173      -     - 1976s
     0     0  103.39226    0 6367          -  103.39226      -     - 1989s
     0     0  103.39469    0 6451          -  103.39469      -     - 1996s
     0     0  103.39514    0 6476          -  103.39514      -     - 2003s
     0     0  103.45776    0 6368          -  103.45776      -     - 2054s
     0     0  103.46785    0 6478          -  103.46785      -     - 2071s
     0     0  103.47063    0 6478          -  103.47063      -     - 2076s
     0     0  103.47109    0 6508          -  103.47109      -     - 2079s
     0     0  103.51699    0 6343          -  103.51699      -     - 2116s
     0     0  103.52658    0 6459          -  103.52658      -     - 2138s
     0     0  103.52783    0 6376          -  103.52783      -     - 2146s
     0     0  103.56420    0 6363          -  103.56420      -     - 2191s
     0     0  103.56922    0 6344          -  103.56922      -     - 2213s
     0     0  103.57027    0 6375          -  103.57027      -     - 2216s
     0     0  103.60460    0 6511          -  103.60460      -     - 2263s
     0     0  103.61312    0 6532          -  103.61312      -     - 2276s
     0     0  103.61434    0 6436          -  103.61434      -     - 2279s
     0     0  103.63684    0 6593          -  103.63684      -     - 2316s
     0     0  103.64298    0 6488          -  103.64298      -     - 2336s
     0     0  103.64443    0 6581          -  103.64443      -     - 2347s
     0     0  103.66080    0 6553          -  103.66080      -     - 2372s
     0     0  103.66527    0 6542          -  103.66527      -     - 2383s
     0     0  103.66600    0 6557          -  103.66600      -     - 2389s
     0     0  103.68394    0 6500          -  103.68394      -     - 2406s
     0     0  103.68558    0 6570          -  103.68558      -     - 2425s
     0     0  103.70096    0 6653          -  103.70096      -     - 2465s
     0     0  103.70328    0 6616          -  103.70328      -     - 2482s
     0     0  103.70439    0 6562          -  103.70439      -     - 2488s
     0     0  103.71349    0 6533          -  103.71349      -     - 2504s
     0     0  103.71349    0 5977          -  103.71349      -     - 2565s
     0     2  103.71349    0 5917          -  103.71349      -     - 5325s
     1     4  103.71611    1 5945          -  103.71349      -  9273 5351s
     3     8  103.71637    2 5935          -  103.71611      -  7993 5414s
     7    16  103.74061    3 5913          -  103.71643      -  7416 5502s
    15    32  103.74881    4 5879          -  103.74225      -  7864 5603s
    31    48  103.75333    5 5908          -  103.74897      -  7297 6006s
    47    64  103.75333    6 5934          -  103.74897      - 13382 6041s
    63    80  103.75333    7 5934          -  103.74897      - 10660 6054s
    79    96  103.76159    8 5835          -  103.74897      -  8739 6073s
    95   124  103.76159    9 5834          -  103.74897      -  7454 6091s
   123   149  103.76255   11 5847          -  103.74897      -  5998 6110s
   148   174  103.76274   12 5820          -  103.74897      -  5135 6155s
   173   211  103.76316   13 5802          -  103.74897      -  4604 6189s
   210   246  103.78999   15 5749          -  103.74897      -  3978 6225s
   245   292  103.80265   16 5763          -  103.74897      -  3561 6252s
   291   348  103.81528   17 5702          -  103.74897      -  3094 6339s
   347   414  103.82195   18 5721          -  103.74897      -  2728 6428s
   413   478  103.83614   19 5744          -  103.74897      -  2394 6446s
   477   539  104.23845   19 5490          -  103.74897      -  2151 6472s
   538   603  104.23845   20 5486          -  103.74897      -  1952 6489s
   602   684  105.83921   25 5467          -  103.74897      -  1802 6518s
   683   750  105.85032   26 5480          -  103.74897      -  1642 6533s
   749   837  105.85583   28 5611          -  103.74897      -  1541 6547s
   836   915  105.85664   34 5557          -  103.74897      -  1422 6575s
   914  1017  105.88009   38 5457          -  103.74897      -  1344 6591s
  1016  1106  106.96432   50 5515          -  103.74897      -  1247 6607s
  1105  1202  107.04814   57 5613          -  103.74897      -  1180 6658s
  1201  1285  107.05118   62 5569          -  103.74897      -  1131 6739s
  1286  1409  107.06033   66 5533          -  103.74897      -  1114 6793s
  1410  1498  107.06038   83 5477          -  103.74897      -  1059 6844s
  1499  1605  107.21906   98 5494          -  103.74897      -  1032 6894s
  1606  1706  107.47561  101 5501          -  103.74897      -  1003 6916s
  1709  1840  107.57312  102 5497          -  103.74897      -   974 6934s
  1843  1964  107.70271  104 5522          -  103.74897      -   927 6988s
  1969  2064  107.84104  106 5491          -  103.74897      -   901 7039s
  2069  2164  111.65027  108 5462          -  103.74897      -   897 7156s
  2171  2261  117.90463  110 5436          -  103.74897      -   896 7200s

Cutting planes:
  Learned: 80
  Gomory: 6
  Cover: 545
  Implied bound: 1422
  Clique: 2454
  MIR: 3275
  StrongCG: 11
  Flow cover: 3023
  GUB cover: 22
  Zero half: 48
  RLT: 563
  Relax-and-lift: 151
  PSD: 1

Explored 2268 nodes (2835972 simplex iterations) in 7200.07 seconds (8471.31 work units)
Thread count was 32 (of 32 available processors)

Solution count 0

Time limit reached
Best objective -, best bound 1.037489675498e+02, gap -
