
Gurobi 9.5.2 (linux64) logging started Sun Aug 16 11:49:30 2026

Set parameter LogFile to value "/mnt/beegfs/users/celinep/ChargeAndBreak/logs/RlongCmediumTlarge_19_RO_20260815_094854_110_gurobi.log"
Gurobi Optimizer version 9.5.2 build v9.5.2rc0 (linux64)
Thread count: 16 physical cores, 32 logical processors, using up to 32 threads
Optimize a model with 8004 rows, 4470 columns and 27576 nonzeros
Model fingerprint: 0x95ca66e1
Variable types: 2820 continuous, 1650 integer (1650 binary)
Coefficient statistics:
  Matrix range     [3e-02, 2e+03]
  Objective range  [1e+00, 1e+00]
  Bounds range     [1e+00, 1e+00]
  RHS range        [5e-02, 5e+02]
Presolve removed 2570 rows and 836 columns
Presolve time: 0.44s
Presolved: 5434 rows, 3634 columns, 24447 nonzeros
Variable types: 2156 continuous, 1478 integer (1477 binary)
Found heuristic solution: objective 291.1360670

Root relaxation: objective 1.505644e+02, 4274 iterations, 0.37 seconds (0.08 work units)

    Nodes    |    Current Node    |     Objective Bounds      |     Work
 Expl Unexpl |  Obj  Depth IntInf | Incumbent    BestBd   Gap | It/Node Time

     0     0  150.56442    0  314  291.13607  150.56442  48.3%     -    1s
H    0     0                     227.3487643  150.56442  33.8%     -    1s
H    0     0                     227.0555563  150.56442  33.7%     -    1s
H    0     0                     217.1470445  152.23148  29.9%     -    1s
     0     0  152.23148    0  365  217.14704  152.23148  29.9%     -    1s
H    0     0                     216.6235490  152.29551  29.7%     -    2s
H    0     0                     207.9637863  152.29551  26.8%     -    2s
     0     0  152.29551    0  337  207.96379  152.29551  26.8%     -    2s
     0     0  152.29590    0  335  207.96379  152.29590  26.8%     -    2s
     0     0  152.60844    0  349  207.96379  152.60844  26.6%     -    2s
     0     0  152.66570    0  314  207.96379  152.66570  26.6%     -    2s
     0     0  152.69558    0  328  207.96379  152.69558  26.6%     -    3s
     0     0  152.69561    0  327  207.96379  152.69561  26.6%     -    3s
     0     0  152.87080    0  439  207.96379  152.87080  26.5%     -    4s
H    0     0                     197.9069070  152.87080  22.8%     -    4s
     0     0  152.91583    0  332  197.90691  152.91583  22.7%     -    4s
     0     0  152.92236    0  364  197.90691  152.92236  22.7%     -    4s
     0     0  152.92638    0  380  197.90691  152.92638  22.7%     -    4s
     0     0  152.92646    0  381  197.90691  152.92646  22.7%     -    4s
     0     0  153.05815    0  442  197.90691  153.05815  22.7%     -    5s
     0     0  153.07324    0  432  197.90691  153.07324  22.7%     -    5s
H    0     0                     197.7137863  153.07439  22.6%     -    5s
     0     0  153.07439    0  409  197.71379  153.07439  22.6%     -    5s
     0     0  153.07566    0  419  197.71379  153.07566  22.6%     -    5s
     0     0  153.07576    0  429  197.71379  153.07576  22.6%     -    6s
     0     0  153.12081    0  419  197.71379  153.12081  22.6%     -    6s
     0     0  153.13335    0  445  197.71379  153.13335  22.5%     -    6s
     0     0  153.13625    0  447  197.71379  153.13625  22.5%     -    6s
     0     0  153.13660    0  448  197.71379  153.13660  22.5%     -    6s
     0     0  153.14775    0  355  197.71379  153.14775  22.5%     -    7s
     0     0  153.15156    0  336  197.71379  153.15156  22.5%     -    7s
     0     0  153.15290    0  346  197.71379  153.15290  22.5%     -    7s
     0     0  153.15490    0  369  197.71379  153.15490  22.5%     -    7s
     0     0  153.15511    0  371  197.71379  153.15511  22.5%     -    7s
     0     0  153.17960    0  450  197.71379  153.17960  22.5%     -    7s
H    0     0                     196.7258654  153.17960  22.1%     -    8s
     0     0  153.18606    0  478  196.72587  153.18606  22.1%     -    8s
     0     0  153.18644    0  481  196.72587  153.18644  22.1%     -    8s
     0     0  153.19456    0  475  196.72587  153.19456  22.1%     -    8s
     0     0  153.20071    0  477  196.72587  153.20071  22.1%     -    8s
H    0     0                     195.7137863  153.20284  21.7%     -    8s
     0     0  153.20284    0  478  195.71379  153.20284  21.7%     -    8s
     0     0  153.20286    0  476  195.71379  153.20286  21.7%     -    8s
     0     0  153.20625    0  479  195.71379  153.20625  21.7%     -    8s
     0     0  153.20649    0  478  195.71379  153.20649  21.7%     -    8s
H    0     0                     195.5426532  153.20649  21.7%     -    9s
     0     0  153.22782    0  485  195.54265  153.22782  21.6%     -    9s
H    0     0                     195.4726567  153.24683  21.6%     -    9s
     0     0  153.24683    0  485  195.47266  153.24683  21.6%     -    9s
     0     0  153.24683    0  495  195.47266  153.24683  21.6%     -    9s
H    0     0                     195.3653360  153.26222  21.6%     -    9s
     0     0  153.26222    0  488  195.36534  153.26222  21.6%     -    9s
     0     0  153.26658    0  490  195.36534  153.26658  21.5%     -    9s
     0     0  153.26836    0  430  195.36534  153.26836  21.5%     -    9s
     0     0  153.26858    0  427  195.36534  153.26858  21.5%     -    9s
     0     0  153.27834    0  422  195.36534  153.27834  21.5%     -   10s
     0     0  153.27836    0  425  195.36534  153.27836  21.5%     -   10s
     0     0  153.28318    0  393  195.36534  153.28318  21.5%     -   10s
     0     0  153.28395    0  427  195.36534  153.28395  21.5%     -   10s
     0     0  153.28395    0  428  195.36534  153.28395  21.5%     -   10s
     0     0  153.28482    0  455  195.36534  153.28482  21.5%     -   11s
     0     0  153.28482    0  374  195.36534  153.28482  21.5%     -   12s
     0     2  153.28482    0  365  195.36534  153.28482  21.5%     -   14s
    15    32  153.31943    4  449  195.36534  153.30492  21.5%   263   15s
H   32    48                     194.1273745  153.31943  21.0%   256   16s
H   41    48                     184.1021279  153.31943  16.7%   231   16s
H   79    96                     182.6506032  153.31943  16.1%   176   18s
H   81    96                     182.3931254  153.31943  15.9%   174   18s
H   84    96                     182.2469068  153.31943  15.9%   169   18s
   122   139  155.57869   10  316  182.24691  153.31943  15.9%   138   20s
H  123   139                     182.1563519  153.31943  15.8%   137   20s
H  123   139                     181.1987708  153.31943  15.4%   137   20s
H  168   181                     180.4182311  153.31943  15.0%   115   39s
H  176   181                     180.3051557  153.31943  15.0%   112   39s
H  183   181                     171.6909133  153.31943  10.7%   109   39s
H  223   232                     169.6572668  153.31943  9.63%  97.7   41s
H  229   232                     169.5458411  153.31943  9.57%  96.6   41s
H  283   292                     169.5193466  153.31943  9.56%  86.5   43s
H  285   292                     169.4896315  153.31943  9.54%  86.1   43s
   344   350  157.05295   25  325  169.48963  153.31943  9.54%  77.8   45s
H  435   436                     169.4587572  153.31943  9.52%  68.3   49s
   524   517  157.06542   38  286  169.45876  153.31943  9.52%  63.0   53s
H  529   517                     169.4587571  153.31943  9.52%  62.6   53s
   601   587  157.09041   45  275  169.45876  153.31943  9.52%  60.9   57s
H  603   587                     169.4587571  153.31943  9.52%  60.7   57s
H  613   587                     169.3754239  153.31943  9.48%  60.3   57s
   719   696  159.05506   52  299  169.37542  153.31943  9.48%  55.6   62s
H  724   696                     169.3546153  153.31943  9.47%  55.3   62s
   844   802  159.06058   63  296  169.35462  153.31943  9.47%  51.9   66s
H 1120  1041                     169.2891475  153.31943  9.43%  45.7   68s
  1133  1054  165.33582   80  282  169.28915  153.31943  9.43%  45.7   71s
  1151  1147  165.33582   81  281  169.28915  153.31943  9.43%  45.4   94s
  1270  1159  165.34622   89  298  169.28915  153.31943  9.43%  43.6   96s
H 1284  1159                     169.2891474  153.31943  9.43%  43.6   96s
  1749  1581  153.38627    6  423  169.28915  153.37884  9.40%  39.3  106s
  1994  1874  153.89954   11  391  169.28915  153.37884  9.40%  39.2  110s
  2101  2065  155.07401   16  399  169.28915  153.37884  9.40%  39.1  115s
  2444  2152  161.07027  115  374  169.28915  153.37884  9.40%  38.2  124s
  2446  2153  157.95720   47  455  169.28915  153.37884  9.40%  38.1  126s
  2450  2156  155.66797   41  424  169.28915  153.46619  9.35%  38.1  130s
  2461  2163  155.66988   21  393  169.28915  153.77349  9.17%  37.9  135s
  2468  2168  155.58229   25  404  169.28915  154.00897  9.03%  37.8  142s
  2479  2175  156.80793   22  418  169.28915  154.12903  8.96%  37.6  146s
  2490  2183  155.67874   23  441  169.28915  154.36096  8.82%  37.5  150s
  2498  2188  156.79256   12  550  169.28915  154.49512  8.74%  37.3  155s
  2506  2193  161.12353  121  499  169.28915  154.66679  8.64%  37.2  161s
  2511  2197  158.20068   65  440  169.28915  154.70879  8.61%  37.1  165s
  2523  2205  160.08525   33  496  169.28915  154.84371  8.53%  37.0  170s
  2534  2212  161.68433  115  470  169.28915  154.97212  8.46%  36.8  176s
  2542  2217  159.03090   42  513  169.28915  155.02895  8.42%  36.7  180s
  2551  2223  163.89501   97  488  169.28915  155.14261  8.36%  36.6  186s
  2565  2233  157.05050   47  446  169.28915  155.24449  8.30%  36.4  191s
  2571  2237  168.37357   48  475  169.28915  155.31348  8.26%  36.3  195s
  2583  2245  156.84944   29  472  169.28915  155.50787  8.14%  36.1  200s
  2595  2253  160.00828  115  461  169.28915  155.63288  8.07%  35.9  206s
  2603  2258  155.69290   23  544  169.28915  155.69290  8.03%  35.8  210s
  2612  2264  155.77900   21  499  169.28915  155.77900  7.98%  35.7  215s
  2621  2270  156.87139   60  472  169.28915  155.81888  7.96%  35.6  221s
  2630  2276  167.44128   36  548  169.28915  155.87742  7.92%  35.5  225s
  2638  2281  155.93945   49  553  169.28915  155.93945  7.89%  35.4  230s
  2649  2289  156.03301   23  477  169.28915  156.03301  7.83%  35.2  235s
  2659  2295  156.09443   10  449  169.28915  156.09443  7.79%  35.1  240s
  2665  2299  157.05050   47  465  169.28915  156.15474  7.76%  35.0  245s
  2675  2306  161.00975   54  527  169.28915  156.23179  7.71%  34.9  250s
  2687  2314  157.06631   33  479  169.28915  156.32215  7.66%  34.7  256s
  2699  2322  156.40331   33  550  169.28915  156.40331  7.61%  34.6  260s
H 2701  2202                     169.1585002  156.51045  7.48%  34.5  261s
  2713  2210  157.08680   45  449  169.15850  156.71894  7.35%  34.4  265s
H 2719  2099                     169.1544758  156.76991  7.32%  34.3  268s
  2724  2103  166.09674   16  394  169.15448  156.79363  7.31%  34.2  271s
  2732  2108  156.89959   52  547  169.15448  156.89959  7.24%  34.1  276s
  2738  2112  156.99137   49  440  169.15448  156.99137  7.19%  34.1  281s
H 2744  2005                     169.0619062  157.07172  7.09%  34.0  285s
  2755  2012  157.15878   10  555  169.06191  157.15878  7.04%  33.9  290s
  2761  2016  157.41326   21  371  169.06191  157.41326  6.89%  33.8  295s
  2774  2025  157.53742   61  478  169.06191  157.53742  6.82%  33.6  300s
  2792  2037  163.92138   29  515  169.06191  157.67478  6.74%  33.4  305s
  2802  2044  157.82011   88  473  169.06191  157.82011  6.65%  33.3  311s
  2810  2049  161.44420   23  513  169.06191  157.90836  6.60%  33.2  315s
H 2817  1945                     169.0509534  157.95396  6.56%  33.1  318s
  2823  1949  160.08525   33  514  169.05095  157.98768  6.54%  33.0  321s
  2829  1953  158.01781   18  554  169.05095  158.01781  6.53%  33.0  325s
  2839  1959  163.60854   43  518  169.05095  158.06268  6.50%  32.9  330s
  2849  1966  158.23773   23  508  169.05095  158.23773  6.40%  32.7  335s
  2860  1973  158.33355   72  517  169.05095  158.33355  6.34%  32.6  341s
  2869  1979  158.43724  116  488  169.05095  158.43724  6.28%  32.5  346s
H 2872  1875                     169.0509531  158.46349  6.26%  32.5  347s
  2879  1880  158.49663   22  559  169.05095  158.49663  6.24%  32.4  350s
  2889  1887  161.03392   76  535  169.05095  158.56517  6.20%  32.3  355s
  2896  1891  158.99330   14  547  169.05095  158.62236  6.17%  32.2  362s
  2903  1896  158.65401   23  521  169.05095  158.65401  6.15%  32.1  366s
  2908  1899  159.82989   22  504  169.05095  158.67148  6.14%  32.1  370s
  2917  1905  158.70414   20  509  169.05095  158.70414  6.12%  32.0  375s
  2923  1909  160.08525   33  521  169.05095  158.72165  6.11%  31.9  381s
  2933  1916  160.13934   14  463  169.05095  158.74205  6.10%  31.8  386s
  2938  1919  158.74837   49  527  169.05095  158.74837  6.09%  31.7  390s
  2944  1925  161.07027  115  294  169.05095  158.74837  6.09%  90.7  396s
  2949  1928  158.74837   23  442  169.05095  158.74837  6.09%  90.5  400s
  2959  1935  158.91335   10  502  169.05095  158.91335  6.00%  90.2  405s
  2964  1938  159.33432   48  515  169.05095  159.33432  5.75%  90.1  410s
  2974  1945  159.43142   61  453  169.05095  159.43142  5.69%  89.8  416s
  2986  1953  164.02065  141  406  169.05095  159.49939  5.65%  89.4  420s
  2999  1962  159.61672   33  436  169.05095  159.61672  5.58%  89.0  425s
  3010  1969  161.44420   23  422  169.05095  159.65185  5.56%  88.7  430s
  3020  1976  159.67500   17  489  169.05095  159.67500  5.55%  88.4  435s
  3026  1980  166.07508   77  351  169.05095  159.74023  5.51%  88.2  440s
  3044  1992  161.07027  115  514  169.05095  159.88654  5.42%  87.7  445s
  3054  1998  160.14501   18  510  169.05095  160.14501  5.27%  87.4  451s
  3062  2004  160.18536   48  506  169.05095  160.18536  5.24%  87.2  456s
  3073  2011  165.95242   57  594  169.05095  160.25861  5.20%  86.9  460s
  3079  2015  160.26224   22  530  169.05095  160.26224  5.20%  86.7  465s
  3085  2020  162.88437   51  358  169.05095  160.26224  5.20%   105  470s
  3088  2022  164.38587  127   78  169.05095  160.26224  5.20%   105  477s
  3090  2023  160.26224   23  108  169.05095  160.26224  5.20%   105  480s
  3093  2025  160.26224   47  204  169.05095  160.26224  5.20%   104  486s
  3094  2026  160.26224  100  157  169.05095  160.26224  5.20%   104  492s
  3096  2027  160.26224   14  172  169.05095  160.26224  5.20%   104  497s
  3098  2029  160.26224   12  230  169.05095  160.26224  5.20%   104  509s
  3099  2029  160.26224   33  208  169.05095  160.26224  5.20%   104  511s
  3101  2034  160.26224   40  218  169.05095  160.26224  5.20%   125  531s
  3103  2037  160.49769   41  382  169.05095  160.26224  5.20%   126  549s
  3107  2040  161.05466   42  400  169.05095  160.66639  4.96%   128  555s
  3127  2058  161.29084   44  497  169.05095  161.24342  4.62%   133  560s
  3218  2111  161.36677   47  432  169.05095  161.28688  4.59%   134  565s
H 3224  2007                     169.0509527  161.28688  4.59%   134  565s
  3263  2039  161.51338   48  383  169.05095  161.28688  4.59%   134  578s
  3311  2066  161.39221   50  392  169.05095  161.28688  4.59%   135  580s
  3498  2198  161.46864   54  323  169.05095  161.28688  4.59%   135  585s
  3878  2481  161.66460   64  267  169.05095  161.28688  4.59%   130  590s
  4640  3035  165.67676   79  220  169.05095  161.28688  4.59%   117  595s
  5458  3428  162.72021   95  256  169.05095  161.28688  4.59%   109  600s
  6219  3932  162.40785  113  182  169.05095  161.28688  4.59%   104  605s
  6850  4192  162.80178  140  100  169.05095  161.28688  4.59%   101  612s
  7254  4217  163.13398  162   82  169.05095  161.28688  4.59%  99.3  631s
  7498  4481  163.24453  172   70  169.05095  161.28688  4.59%  98.5  635s
  8156  4862  163.46126  200   94  169.05095  161.28688  4.59%  95.3  642s
  8448  4893  163.67622  209   85  169.05095  161.28688  4.59%  94.3  645s
  9052  5382  161.33645   46  424  169.05095  161.29349  4.59%  93.4  651s
  9776  5983  161.80122   65  402  169.05095  161.29349  4.59%  91.4  655s
 10623  6736  162.49152  105  319  169.05095  161.29349  4.59%  89.6  660s
 11529  7183  165.49400  147  367  169.05095  161.29349  4.59%  86.9  666s
 11785  7336  167.86017  164  245  169.05095  161.30373  4.58%  87.5  675s
 11983  7609  161.47026   53  423  169.05095  161.30373  4.58%  88.4  681s
 12442  8125  162.30330   73  360  169.05095  161.30373  4.58%  89.5  688s
 12928  8470  164.58131  122  239  169.05095  161.32279  4.57%  89.1  691s
 13574  8922  161.87073   56  469  169.05095  161.32321  4.57%  89.6  697s
 13947  9140  163.93715   83  377  169.05095  161.32321  4.57%  90.0  701s
 14209  9583  164.60115  107  331  169.05095  161.33573  4.56%  90.3  705s
 15274 10273  161.80020   80  305  169.05095  161.33573  4.56%  90.3  713s
 15617 10921  162.37985  104  219  169.05095  161.33573  4.56%  90.5  717s
 16412 10933  164.81141  189   64  169.05095  161.33573  4.56%  89.4  740s
H16429 10933                     169.0509521  161.33573  4.56%  89.5  740s
 16435 11011  164.84827  190   69  169.05095  161.33883  4.56%  89.4  761s
 16571 11317  161.65231   54  480  169.05095  161.33883  4.56%  89.3  766s
 16922 11916  162.03389   70  404  169.05095  161.33883  4.56%  89.3  770s
 17618 12880  162.31110   90  274  169.05095  161.33883  4.56%  88.0  776s
 18747 13559     cutoff  158       169.05095  161.34002  4.56%  86.0  780s
 19625 13658  164.35219   75  256  169.05095  161.34335  4.56%  84.9  788s
 19777 14100  161.36967   51  493  169.05095  161.34335  4.56%  84.8  794s
 20252 15200  161.93648   65  407  169.05095  161.34335  4.56%  84.9  799s
 21549 16879  162.40387  114  348  169.05095  161.34963  4.56%  82.9  809s
 23506 17401  161.61852   67  400  169.05095  161.35086  4.55%  80.3  812s
 24241 17783  165.66406   76  313  169.05095  161.38994  4.53%  79.6  817s
 24647 18461  162.26059   57  477  169.05095  161.38994  4.53%  79.7  821s
 25487 18928  162.72285   73  486  169.05095  161.38994  4.53%  79.0  826s
 26109 19741  163.02953  122  298  169.05095  161.38994  4.53%  79.3  831s
 27195 20253  164.76281  185  113  169.05095  161.38994  4.53%  78.7  837s
 27897 21038  167.53002  218   69  169.05095  161.41667  4.52%  78.4  844s
 28906 21452  168.38004   84  240  169.05095  161.42453  4.51%  77.9  852s
 29425 22353  162.68149   83  350  169.05095  161.42459  4.51%  77.8  859s
 30535 23633  162.26839   56  418  169.05095  161.42462  4.51%  77.6  866s
 31994 24373  164.92784   94  336  169.05095  161.43310  4.51%  76.6  874s
 33004 25118  161.63969   61  378  169.05095  161.43569  4.50%  76.8  884s
 33912 25406  162.56643   91  351  169.05095  161.43569  4.50%  76.6  891s
 34295 26865  162.57375   93  382  169.05095  161.43569  4.50%  76.3  899s
 35982 28045  166.86525  243  143  169.05095  161.44577  4.50%  75.4  909s
 37353 28061  164.60660   78  234  169.05095  161.44577  4.50%  74.8  982s
H37356 28061                     169.0494004  161.44577  4.50%  74.8  982s
 37369 29025  164.60660   79  234  169.04940  161.44577  4.50%  74.8  991s
 38437 31130  165.96403  156  110  169.04940  161.44759  4.50%  74.2 1002s
 40807 32368  163.28674   81  323  169.04940  161.45499  4.49%  72.8 1009s
 42426 33427  168.19205  116  281  169.04940  161.45740  4.49%  72.7 1180s
 44131 36022  164.05205   67  255  169.04940  161.45854  4.49%  73.6 1197s
 47538 37078  163.12834  126  263  169.04940  161.46259  4.49%  72.8 1213s
 48810 38843  168.47423  262  121  169.04940  161.46264  4.49%  72.8 1227s
 50860 39790  162.01140   57  491  169.04940  161.46533  4.49%  72.6 1241s
 52259 40538  162.90745  134  255  169.04940  161.46599  4.49%  73.2 1255s
 53208 41745  163.23991   59  315  169.04940  161.46825  4.48%  73.0 1275s
H53284 41745                     169.0494001  161.46825  4.48%  73.1 1275s
 54664 43829  162.36438   76  346  169.04940  161.46871  4.48%  72.5 1291s
 57055 44998  161.94730   65  460  169.04940  161.47130  4.48%  72.2 1307s
 58435 46803  167.58721  146   54  169.04940  161.47384  4.48%  72.1 1322s
 60589 48773  167.97050  120  145  169.04940  161.47777  4.48%  72.0 1337s
 62906 50715  164.21507   70  303  169.04940  161.47869  4.48%  71.8 1353s
 65168 52126  163.92445  107  281  169.04940  161.47869  4.48%  72.0 1368s
 67010 53413     cutoff  191       169.04940  161.48212  4.48%  72.1 1380s
 68637 54991  163.16879   94  382  169.04940  161.49031  4.47%  72.2 1394s
 70495 55425  162.25123   65  499  169.04940  161.49031  4.47%  72.3 1408s
 71143 55691  162.28008   69  450  169.04940  161.49031  4.47%  72.2 1455s
 71455 57324  162.28008   70  449  169.04940  161.49277  4.47%  72.3 1470s
 73387 57973  164.12456   71  458  169.04940  161.49388  4.47%  72.5 1486s
 74425 59786  168.46976   91  288  169.04940  161.49750  4.47%  73.1 1499s
 76566 61006  165.93489  105  408  169.04940  161.50045  4.47%  73.0 1513s
 78028 62661  161.89371   51  478  169.04940  161.50205  4.46%  73.2 1529s
 80047 64397  162.14729   60  452  169.04940  161.50371  4.46%  73.2 1542s
 82075 66123  163.29581   64  389  169.04940  161.50396  4.46%  73.2 1556s
 84125 67704  165.11453  136  221  169.04940  161.50791  4.46%  73.2 1570s
 86123 69041  161.74992   61  401  169.04940  161.50991  4.46%  73.6 1584s
 87737 70114  163.63164  106  328  169.04940  161.51496  4.46%  73.7 1599s
 87964 70114  162.22833  110  371  169.04940  161.51509  4.46%  73.8 1600s
 89320 70437  162.05387   48  437  169.04940  161.51814  4.46%  74.2 1615s
 90027 72138  166.32049   58  237  169.04940  161.51979  4.45%  74.3 1631s
 92250 73478  162.60559   70  310  169.04940  161.52192  4.45%  74.4 1645s
 93790 75487  165.19345   65  426  169.04940  161.52507  4.45%  74.4 1660s
 96131 76997  165.57617   62  404  169.04940  161.52904  4.45%  74.4 1674s
 98009 77571  161.90180   63  450  169.04940  161.53076  4.45%  74.4 1698s
H98416 77571                     169.0493997  161.53076  4.45%  74.5 1698s
 98725 79066  162.85341   76  370  169.04940  161.53254  4.45%  74.6 1713s
 100456 80907  162.36589   77  392  169.04940  161.53278  4.45%  74.8 1726s
 102683 81912  161.80441   62  448  169.04940  161.53964  4.44%  74.7 1740s
 103833 83198  164.49021  140  194  169.04940  161.53985  4.44%  74.8 1751s
 105481 84024  166.14839   99  294  169.04940  161.54672  4.44%  75.1 1771s
 106463 86910  162.81688   80  333  169.04940  161.54705  4.44%  75.2 1794s
 110402 87672  167.74762   97  203  169.04940  161.55765  4.43%  75.4 1806s
 111584 89440  162.52529   87  285  169.04940  161.55938  4.43%  75.5 1823s
 113774 89518  162.54353  122  332  169.04940  161.56067  4.43%  75.5 1838s
 113860 90580  163.39090  127  307  169.04940  161.56326  4.43%  75.5 1854s
 115275 92317  161.81529   62  488  169.04940  161.56585  4.43%  75.7 1872s
 117427 94231  162.02576   46  363  169.04940  161.56996  4.42%  75.8 1886s
 119648 95736  162.94382   71  289  169.04940  161.57226  4.42%  75.7 1900s
 121508 97323  162.10963   64  409  169.04940  161.57735  4.42%  75.9 1915s
 123371 98059  166.58157   54  396  169.04940  161.58114  4.42%  76.0 1950s
 124224 99197     cutoff   54       169.04940  161.58188  4.42%  76.0 1967s
 125627 100490  161.99354   88  466  169.04940  161.58282  4.42%  76.1 1980s
 127430 101805  166.59162   88  254  169.04940  161.58994  4.41%  76.4 1994s
 128375 101805  162.92567   54  426  169.04940  161.59369  4.41%  76.4 1995s
 129083 103249  162.77367   62  445  169.04940  161.59629  4.41%  76.6 2010s
 130707 105078  164.90353   75  324  169.04940  161.59866  4.41%  76.6 2025s
 133016 106410  162.63575   57  429  169.04940  161.60214  4.41%  76.6 2039s
 134620 107483  165.46577   92  293  169.04940  161.60781  4.40%  76.8 2057s
 135898 109071  168.57322  111  259  169.04940  161.60792  4.40%  76.9 2074s
 137873 110662  165.60431   78  320  169.04940  161.61291  4.40%  77.0 2091s
 139771 111317  168.65284  159  213  169.04940  161.61857  4.40%  77.1 2127s
 140595 113169  161.92184   57  450  169.04940  161.61954  4.40%  77.2 2142s
 142823 115035  163.48432  142  341  169.04940  161.62739  4.39%  77.2 2158s
 145029 115828  162.73005  115  329  169.04940  161.63148  4.39%  77.2 2176s
 146095 117432  163.89534   81  371  169.04940  161.63229  4.39%  77.5 2192s
 148113 118399  162.24410   50  440  169.04940  161.63938  4.38%  77.5 2208s
 149412 120222  162.07079   67  330  169.04940  161.64021  4.38%  77.7 2230s
 152032 121710  165.99883   72  341  169.04940  161.64355  4.38%  77.9 2248s
 153878 123054  165.88175  127  382  169.04940  161.64533  4.38%  78.0 2266s
 155579 123556  162.17314   76  340  169.04940  161.64921  4.38%  78.2 2294s
 156246 125283  164.81874  153  224  169.04940  161.64927  4.38%  78.3 2312s
 158500 126165  162.02279   63  471  169.04940  161.65250  4.38%  78.3 2329s
 159623 127250  163.59572  130  290  169.04940  161.65398  4.37%  78.5 2345s
 161281 128110  162.81064   98  300  169.04940  161.65875  4.37%  78.8 2364s
 162603 129432  161.95574   81  406  169.04940  161.65890  4.37%  79.1 2381s
 164686 130987  162.09301   58  460  169.04940  161.66137  4.37%  79.3 2397s
 166628 132066  162.68827   96  417  169.04940  161.66480  4.37%  79.5 2415s
 167969 133893  167.37734   97  365  169.04940  161.66748  4.37%  79.6 2426s
 170191 135469  162.58231   79  333  169.04940  161.67234  4.36%  79.6 2439s
 172105 135800  162.08187   65  501  169.04940  161.67577  4.36%  79.6 2451s
 172498 136546  162.15450   77  473  169.04940  161.67588  4.36%  79.7 2500s
