
Gurobi 9.5.2 (linux64) logging started Sun Aug 16 09:31:13 2026

Set parameter LogFile to value "/mnt/beegfs/users/celinep/ChargeAndBreak/logs/RlongCmediumTmedium_2_2SP_20260814_230343_137_gurobi.log"
Gurobi Optimizer version 9.5.2 build v9.5.2rc0 (linux64)
Thread count: 16 physical cores, 32 logical processors, using up to 32 threads
Optimize a model with 183319 rows, 84786 columns and 601023 nonzeros
Model fingerprint: 0x7763cb7f
Variable types: 74426 continuous, 10360 integer (10360 binary)
Coefficient statistics:
  Matrix range     [1e-02, 2e+03]
  Objective range  [2e-02, 4e-02]
  Bounds range     [1e+00, 1e+00]
  RHS range        [1e-02, 5e+02]
Presolve removed 63145 rows and 20332 columns (presolve time = 5s) ...
Presolve removed 63145 rows and 20332 columns
Presolve time: 5.28s
Presolved: 120174 rows, 64454 columns, 518648 nonzeros
Variable types: 57261 continuous, 7193 integer (7193 binary)
Found heuristic solution: objective 183.0838179

Deterministic concurrent LP optimizer: primal and dual simplex (primal and dual model)
Showing first log only...

Root relaxation presolve removed 2776 rows and 2776 columns
Root relaxation presolved: 117398 rows, 61678 columns, 513096 nonzeros


Root simplex log...

Iteration    Objective       Primal Inf.    Dual Inf.      Time
       0    5.5345389e+01   5.194293e+04   5.962061e+11      8s
   40520    6.4364786e+01   6.056773e+02   8.089687e+09     10s
   49985    1.3672839e+02   1.390414e+02   4.188112e+09     15s
   54559    1.4732279e+02   0.000000e+00   2.234296e+03     19s
   56110    1.4604189e+02   0.000000e+00   4.685230e+03     20s
   60322    1.3004740e+02   0.000000e+00   4.692925e+03     25s
   62414    1.2699517e+02   0.000000e+00   2.823061e+04     30s
   64520    1.2290445e+02   0.000000e+00   1.629276e+04     35s
   65790    1.2177240e+02   0.000000e+00   6.542130e+03     40s
   67230    1.2078508e+02   0.000000e+00   1.207821e+05     45s
   68520    1.1927441e+02   0.000000e+00   4.116223e+05     50s
   69684    1.1637610e+02   0.000000e+00   2.425300e+04     56s
   70544    1.1561489e+02   0.000000e+00   6.393535e+03     60s
   71454    1.1462596e+02   0.000000e+00   1.570097e+04     66s
   72184    1.1423643e+02   0.000000e+00   2.926181e+04     71s
   72914    1.1374508e+02   0.000000e+00   8.619821e+03     76s
   73764    1.1334610e+02   0.000000e+00   1.644832e+04     80s
   74974    1.1228220e+02   0.000000e+00   1.318704e+04     85s
   76314    1.1139700e+02   0.000000e+00   2.093111e+04     90s
   77694    1.1038607e+02   0.000000e+00   1.444385e+05     95s
   78814    1.0968433e+02   0.000000e+00   1.532250e+05    100s
   80314    1.0874747e+02   0.000000e+00   1.313161e+04    106s
   81374    1.0837096e+02   0.000000e+00   3.392548e+03    110s
   82204    1.0800721e+02   0.000000e+00   2.105209e+04    115s
   83064    1.0767954e+02   0.000000e+00   1.042526e+05    120s
   84074    1.0746024e+02   0.000000e+00   5.546969e+04    126s
   85094    1.0718960e+02   0.000000e+00   1.247879e+04    130s
   86474    1.0693381e+02   0.000000e+00   2.128085e+04    135s
Concurrent spin time: 29.18s

Solved with primal simplex (dual model)

Root relaxation: objective 9.819895e+01, 76295 iterations, 160.12 seconds (100.98 work units)
Total elapsed time = 172.20s

    Nodes    |    Current Node    |     Objective Bounds      |     Work
 Expl Unexpl |  Obj  Depth IntInf | Incumbent    BestBd   Gap | It/Node Time

     0     0  100.38116    0 3104  183.08382  100.38116  45.2%     -  198s
H    0     0                     182.9774769  100.38116  45.1%     -  207s
     0     0  101.61560    0 4033  182.97748  101.61560  44.5%     -  233s
H    0     0                     170.9084476  101.61560  40.5%     -  259s
     0     0  102.23154    0 4215  170.90845  102.23154  40.2%     -  286s
     0     0  102.24889    0 4219  170.90845  102.24889  40.2%     -  295s
     0     0  102.25335    0 4155  170.90845  102.25335  40.2%     -  297s
     0     0  102.25403    0 4164  170.90845  102.25403  40.2%     -  298s
     0     0  102.25443    0 4122  170.90845  102.25443  40.2%     -  299s
     0     0  102.25461    0 4122  170.90845  102.25461  40.2%     -  299s
     0     0  102.54629    0 4442  170.90845  102.54629  40.0%     -  339s
     0     0  102.67694    0 4527  170.90845  102.67694  39.9%     -  377s
     0     0  102.68828    0 4433  170.90845  102.68828  39.9%     -  387s
     0     0  102.68974    0 4388  170.90845  102.68974  39.9%     -  389s
     0     0  102.69050    0 4381  170.90845  102.69050  39.9%     -  390s
     0     0  102.69081    0 4387  170.90845  102.69081  39.9%     -  391s
     0     0  103.29897    0 4448  170.90845  103.29897  39.6%     -  473s
     0     0  103.37327    0 4482  170.90845  103.37327  39.5%     -  506s
     0     0  103.38111    0 4480  170.90845  103.38111  39.5%     -  525s
     0     0  103.38279    0 4461  170.90845  103.38279  39.5%     -  530s
     0     0  103.38311    0 4436  170.90845  103.38311  39.5%     -  539s
     0     0  103.67564    0 4400  170.90845  103.67564  39.3%     -  608s
     0     0  103.74336    0 4556  170.90845  103.74336  39.3%     -  648s
     0     0  103.75725    0 4387  170.90845  103.75725  39.3%     -  663s
     0     0  103.75983    0 4360  170.90845  103.75983  39.3%     -  666s
     0     0  103.76042    0 4426  170.90845  103.76042  39.3%     -  670s
     0     0  103.84835    0 4368  170.90845  103.84835  39.2%     -  715s
     0     0  103.85845    0 4531  170.90845  103.85845  39.2%     -  733s
     0     0  103.86096    0 4499  170.90845  103.86096  39.2%     -  744s
     0     0  103.86159    0 4467  170.90845  103.86159  39.2%     -  749s
     0     0  103.92641    0 4559  170.90845  103.92641  39.2%     -  788s
H    0     0                     148.4646925  103.92641  30.0%     -  793s
     0     0  103.93711    0 4513  148.46469  103.93711  30.0%     -  811s
     0     0  103.93925    0 4537  148.46469  103.93925  30.0%     -  820s
     0     0  103.93984    0 4431  148.46469  103.93984  30.0%     -  825s
     0     0  103.98135    0 4381  148.46469  103.98135  30.0%     -  852s
     0     0  103.98925    0 4452  148.46469  103.98925  30.0%     -  874s
     0     0  103.99052    0 4415  148.46469  103.99052  30.0%     -  885s
     0     0  103.99089    0 4419  148.46469  103.99089  30.0%     -  889s
     0     0  104.02344    0 4505  148.46469  104.02344  29.9%     -  928s
     0     0  104.02832    0 4444  148.46469  104.02832  29.9%     -  950s
