
Gurobi 9.5.2 (linux64) logging started Sat Aug 15 11:48:56 2026

Set parameter LogFile to value "/mnt/beegfs/users/celinep/ChargeAndBreak/logs/RlongCfewTlarge_17_RO_20260815_094854_008_gurobi.log"
Gurobi Optimizer version 9.5.2 build v9.5.2rc0 (linux64)
Thread count: 16 physical cores, 32 logical processors, using up to 32 threads
Optimize a model with 7632 rows, 4262 columns and 26311 nonzeros
Model fingerprint: 0x33b4aa03
Variable types: 2691 continuous, 1571 integer (1571 binary)
Coefficient statistics:
  Matrix range     [2e-02, 2e+03]
  Objective range  [1e+00, 1e+00]
  Bounds range     [1e+00, 1e+00]
  RHS range        [2e-01, 5e+02]
Presolve removed 2469 rows and 813 columns
Presolve time: 0.09s
Presolved: 5163 rows, 3449 columns, 23287 nonzeros
Variable types: 2045 continuous, 1404 integer (1403 binary)
Found heuristic solution: objective 273.1465352

Root relaxation: objective 1.419589e+02, 4229 iterations, 0.12 seconds (0.09 work units)

    Nodes    |    Current Node    |     Objective Bounds      |     Work
 Expl Unexpl |  Obj  Depth IntInf | Incumbent    BestBd   Gap | It/Node Time

     0     0  141.95887    0  335  273.14654  141.95887  48.0%     -    0s
H    0     0                     252.3799588  141.95887  43.8%     -    0s
     0     0  143.16736    0  271  252.37996  143.16736  43.3%     -    0s
H    0     0                     243.9963340  143.16736  41.3%     -    0s
H    0     0                     243.7891379  143.21825  41.3%     -    0s
     0     0  143.21825    0  282  243.78914  143.21825  41.3%     -    0s
     0     0  143.21844    0  282  243.78914  143.21844  41.3%     -    0s
     0     0  143.66561    0  376  243.78914  143.66561  41.1%     -    0s
H    0     0                     233.1402128  143.71127  38.4%     -    0s
     0     0  143.71127    0  442  233.14021  143.71127  38.4%     -    0s
     0     0  144.12160    0  356  233.14021  144.12160  38.2%     -    1s
     0     0  144.12329    0  357  233.14021  144.12329  38.2%     -    1s
     0     0  144.12329    0  357  233.14021  144.12329  38.2%     -    1s
     0     0  144.39739    0  465  233.14021  144.39739  38.1%     -    1s
     0     0  144.46659    0  427  233.14021  144.46659  38.0%     -    1s
H    0     0                     221.4425909  144.48544  34.8%     -    1s
     0     0  144.48544    0  461  221.44259  144.48544  34.8%     -    1s
     0     0  144.48837    0  454  221.44259  144.48837  34.8%     -    1s
     0     0  144.48971    0  474  221.44259  144.48971  34.8%     -    1s
     0     0  144.49010    0  474  221.44259  144.49010  34.8%     -    1s
     0     0  144.61614    0  380  221.44259  144.61614  34.7%     -    1s
     0     0  144.64298    0  504  221.44259  144.64298  34.7%     -    1s
     0     0  144.65064    0  502  221.44259  144.65064  34.7%     -    1s
     0     0  144.65311    0  500  221.44259  144.65311  34.7%     -    2s
     0     0  144.65345    0  502  221.44259  144.65345  34.7%     -    2s
H    0     0                     211.0658564  144.65345  31.5%     -    2s
     0     0  144.67966    0  404  211.06586  144.67966  31.5%     -    2s
     0     0  144.69666    0  420  211.06586  144.69666  31.4%     -    2s
     0     0  144.69680    0  417  211.06586  144.69680  31.4%     -    2s
     0     0  144.72524    0  436  211.06586  144.72524  31.4%     -    2s
     0     0  144.72733    0  446  211.06586  144.72733  31.4%     -    2s
     0     0  144.72733    0  446  211.06586  144.72733  31.4%     -    2s
     0     0  144.73431    0  429  211.06586  144.73431  31.4%     -    2s
     0     0  144.73601    0  423  211.06586  144.73601  31.4%     -    2s
     0     0  144.73621    0  424  211.06586  144.73621  31.4%     -    2s
     0     0  144.75631    0  434  211.06586  144.75631  31.4%     -    2s
     0     0  144.75815    0  382  211.06586  144.75815  31.4%     -    2s
     0     0  144.75819    0  399  211.06586  144.75819  31.4%     -    2s
     0     0  144.77167    0  386  211.06586  144.77167  31.4%     -    3s
     0     0  144.77213    0  388  211.06586  144.77213  31.4%     -    3s
     0     0  144.78482    0  489  211.06586  144.78482  31.4%     -    3s
     0     0  144.78801    0  471  211.06586  144.78801  31.4%     -    3s
     0     0  144.78802    0  487  211.06586  144.78802  31.4%     -    3s
H    0     0                     211.0055349  144.78802  31.4%     -    3s
     0     0  144.78829    0  422  211.00553  144.78829  31.4%     -    3s
     0     0  144.78952    0  421  211.00553  144.78952  31.4%     -    3s
     0     0  144.78952    0  420  211.00553  144.78952  31.4%     -    3s
     0     0  144.79014    0  416  211.00553  144.79014  31.4%     -    3s
     0     0  144.79014    0  405  211.00553  144.79014  31.4%     -    3s
H    0     0                     197.6030051  144.79014  26.7%     -    4s
H    0     0                     197.5924701  144.79014  26.7%     -    4s
     0     2  144.79014    0  404  197.59247  144.79014  26.7%     -    4s
    15    32  144.86215    4  465  197.59247  144.86164  26.7%   291    5s
H   79    96                     196.4541287  144.86215  26.3%   184    6s
H  124   141                     196.2183664  144.86215  26.2%   142    6s
H  125   141                     196.1756234  144.86215  26.2%   141    6s
H  126   141                     185.1924678  144.86215  21.8%   141    6s
H  132   141                     185.0156320  144.86215  21.7%   136    6s
H  168   185                     184.9505806  144.86215  21.7%   121    7s
H  176   185                     184.8536278  144.86215  21.6%   118    7s
H  181   185                     184.8129255  144.86215  21.6%   117    7s
H  227   242                     175.3266684  144.86215  17.4%   103   29s
H  233   242                     174.5888972  144.86215  17.0%   102   29s
H  301   308                     174.3629225  144.86215  16.9%  88.0   39s
H  302   308                     164.2795892  144.86215  11.8%  87.9   39s
H  306   308                     163.4501840  144.86215  11.4%  87.2   39s
H  374   369                     163.3502587  144.86215  11.3%  79.1   46s
H  375   369                     163.1606925  144.86215  11.2%  79.2   46s
H  381   369                     163.1350921  144.86215  11.2%  78.4   46s
   456   451  145.09393   28  468  163.13509  144.86215  11.2%  72.5   52s
   508   502  145.09929   31  438  163.13509  144.86215  11.2%  68.4   58s
H  512   502                     163.1350920  144.86215  11.2%  68.0   58s
   619   613  145.12562   36  432  163.13509  144.86215  11.2%  63.3   66s
   747   734  145.13052   41  412  163.13509  144.86215  11.2%  58.4   74s
  1016  1078  145.17696   53  432  163.13509  144.86215  11.2%  51.1   75s
  1761  1629  147.50070   96  368  163.13509  144.86215  11.2%  43.9   82s
  2050  1872  149.38292   76  405  163.13509  144.86215  11.2%  44.0   88s
  2052  1873  157.58466   57  214  163.13509  144.86215  11.2%  43.9   90s
  2059  1878  157.23284  100  363  163.13509  145.45245  10.8%  43.8   95s
  2074  1888  154.54766   67  430  163.13509  145.95051  10.5%  43.5  100s
  2088  1897  146.31763   80  250  163.13509  146.26118  10.3%  43.2  106s
  2108  1911  157.49575   71  419  163.13509  146.67385  10.1%  42.8  110s
  2134  1928  158.62551   52  450  163.13509  147.00711  9.89%  42.2  115s
  2159  1945  157.23284  100  430  163.13509  147.37818  9.66%  41.8  120s
  2195  1969  147.91527   22  498  163.13509  147.91527  9.33%  41.1  125s
  2228  1991  148.28042   34  407  163.13509  148.28042  9.11%  40.5  130s
  2255  2009  148.79024   51  481  163.13509  148.55903  8.93%  40.0  135s
  2281  2026  148.86252   44  511  163.13509  148.86252  8.75%  39.5  140s
  2304  2041  149.40713    9  372  163.13509  149.40713  8.42%  39.1  145s
  2324  2055  149.71592   58  405  163.13509  149.71592  8.23%  38.8  150s
  2352  2073  157.58466   57  483  163.13509  150.12190  7.98%  38.3  155s
  2384  2095  155.59164   19  404  163.13509  150.64071  7.66%  37.8  160s
  2410  2112  156.60752   39  470  163.13509  151.10877  7.37%  37.4  165s
  2431  2126  152.96805   39  485  163.13509  151.19987  7.32%  37.1  170s
  2456  2143  151.35817   12  428  163.13509  151.35817  7.22%  36.7  175s
  2475  2155  160.27286  113  398  163.13509  151.39823  7.19%  36.4  180s
  2492  2168  151.41716   21   75  163.13509  151.41716  7.18%   107  185s
  2498  2172  151.41716  113   77  163.13509  151.41716  7.18%   107  190s
  2504  2176  151.41716    9  129  163.13509  151.41716  7.18%   107  196s
  2507  2178  152.07494   87   91  163.13509  151.41716  7.18%   107  200s
  2511  2186  151.41716   22  297  163.13509  151.41716  7.18%   138  212s
  2515  2192  151.45682   23  427  163.13509  151.41716  7.18%   142  217s
  2539  2216  151.62694   25  442  163.13509  151.47998  7.14%   165  220s
  2678  2304  151.62764   29  451  163.13509  151.49974  7.13%   167  226s
  2735  2336  151.64169   30  452  163.13509  151.50177  7.13%   166  240s
H 2741  2224                     163.1350919  151.50845  7.13%   165  240s
H 2798  2150                     163.0782091  151.50891  7.09%   166  244s
  2802  2198  151.70523   31  435  163.07821  151.50891  7.09%   166  245s
H 2853  2099                     163.0587964  151.50891  7.08%   166  249s
H 2856  2004                     162.9408402  151.51001  7.02%   166  249s
H 2866  1911                     162.9408398  151.51001  7.02%   166  249s
  2939  1972  151.71400   35  430  162.94084  151.51451  7.01%   164  254s
H 2951  1884                     162.8879586  151.51495  6.98%   163  254s
  2955  1911  155.09181   35  364  162.88796  151.51495  6.98%   163  269s
  2984  1916  151.71560   36  431  162.88796  151.51495  6.98%   163  275s
H 2999  1830                     162.8879583  151.51624  6.98%   162  275s
  3089  1900  155.67754   38  403  162.88796  151.51755  6.98%   159  286s
H 3097  1821                     162.8418602  151.51795  6.95%   159  286s
  3105  1835  151.72432   39  439  162.84186  151.51795  6.95%   158  302s
H 3114  1760                     162.8418602  151.51795  6.95%   158  302s
  3140  1783  151.72432   40  440  162.84186  151.51931  6.95%   158  310s
H 3154  1709                     162.7955680  151.51931  6.93%   158  310s
  3724  2234  151.75084   48  415  162.79557  151.53180  6.92%   143  315s
  4513  2751  151.80104   60  367  162.79557  151.53180  6.92%   131  320s
  5695  3361  158.91693   77  280  162.79557  151.53180  6.92%   122  325s
  6980  4217  152.20552   97  293  162.79557  151.53180  6.92%   116  330s
  7832  5053  152.66172  108  326  162.79557  151.53180  6.92%   113  335s
  8916  5971  154.17719  124  288  162.79557  151.53180  6.92%   108  340s
H 9260  5970                     162.7122347  151.53180  6.87%   106  340s
  9300  5996     cutoff  135       162.71223  151.53180  6.87%   107  345s
  9715  6277  151.71131   30  435  162.71223  151.53324  6.87%   106  354s
H 9721  6277                     162.7122346  151.53324  6.87%   106  354s
  9781  6519  151.75579   36  418  162.71223  151.53324  6.87%   105  357s
 10545  6996  153.10499   93  184  162.71223  151.53324  6.87%   104  361s
 11165  7404  151.61319   37  414  162.71223  151.53354  6.87%   104  366s
 12093  7862  151.95998   72  367  162.71223  151.53354  6.87%   102  391s
 12109  8048  151.97159   73  363  162.71223  151.53354  6.87%   102  395s
 12692  8542  152.22136  127  349  162.71223  151.53354  6.87%   102  402s
 12942  8769  155.91629  147  227  162.71223  151.54183  6.87%   103  405s
 13587  9487  153.69103   44  405  162.71223  151.60175  6.83%   103  411s
 14000  9851  153.82240   66  381  162.71223  151.60175  6.83%   102  415s
 14740 10690  154.29334   90  324  162.71223  151.60175  6.83%   101  423s
 15510 11326     cutoff  136       162.71223  151.60175  6.83%  99.4  426s
 16286 12111  157.51872  246  147  162.71223  151.61224  6.82%  98.0  431s
 17194 12136  160.11297   85  319  162.71223  151.62924  6.81%  95.8  437s
 17271 12712  160.16475   86  319  162.71223  151.63286  6.81%  95.7  441s
 18626 14240  159.53248   94  298  162.71223  151.63569  6.81%  93.5  449s
 19640 14376  151.68487   67  428  162.71223  151.63718  6.81%  91.9  454s
 19813 14474  156.59961   74  407  162.71223  151.63718  6.81%  91.9  459s
 19978 15263     cutoff   80       162.71223  151.63718  6.81%  91.8  464s
 20981 16694  160.63829  149  267  162.71223  151.64902  6.80%  90.7  476s
 22595 16729     cutoff   44       162.71223  151.65173  6.80%  89.4  503s
 22642 16778  159.91143   45  351  162.71223  151.65173  6.80%  89.4  514s
 22696 17563  159.93038   48  374  162.71223  151.65322  6.80%  89.3  522s
 23668 18868  154.39835   29  413  162.71223  151.65419  6.80%  88.2  529s
 25171 19404  152.96633   72  313  162.71223  151.65580  6.80%  86.5  538s
 25810 19993  154.15648  129  314  162.71223  151.65776  6.79%  85.7  567s
 26551 20830     cutoff   73       162.71223  151.66151  6.79%  85.2  574s
 27563 22003  154.20113   61  251  162.71223  151.66507  6.79%  84.5  581s
 29114 23449  160.90768   74  323  162.71223  151.66929  6.79%  83.7  586s
 30800 23462  156.28975   90  332  162.71223  151.66956  6.79%  82.6  617s
 30816 23517  156.54877   91  377  162.71223  151.66956  6.79%  82.5  656s
 30892 23545  156.54877   92  377  162.71223  151.66956  6.79%  82.5  667s
H30895 23545                     162.7122346  151.66956  6.79%  82.5  667s
 30920 24472  156.54908   93  345  162.71223  151.67537  6.78%  82.5  674s
 32026 25961  151.79892   39  431  162.71223  151.67658  6.78%  81.8  683s
 33788 27290  151.79919   45  412  162.71223  151.68004  6.78%  80.6  689s
 34580 27290  151.98257   54  439  162.71223  151.68043  6.78%  80.4  690s
 35366 28720  157.22638   82  405  162.71223  151.68197  6.78%  80.2  696s
 37061 29203  160.17476   92  373  162.71223  151.68349  6.78%  79.5  707s
H37746 29203                     162.7122346  151.68575  6.78%  79.7  707s
 37758 29943  160.37924   52  305  162.71223  151.68580  6.78%  79.8  715s
 39339 30647  151.89272   66  372  162.71223  151.68956  6.77%  80.2  725s
 40700 30874  152.57118   37  367  162.71223  151.68956  6.77%  79.8  746s
 41061 32426  152.57118   38  367  162.71223  151.68956  6.77%  79.6  757s
 43115 34260  162.20950  147  284  162.71223  151.69214  6.77%  79.0  885s
 45574 36341  159.19242   54  342  162.71223  151.69562  6.77%  78.9  902s
 48263 36643  151.98301   49  377  162.71223  151.70146  6.77%  78.9  918s
 48703 38363  151.98301   50  377  162.71223  151.70298  6.77%  79.2  932s
 50992 38701  151.95097   40  386  162.71223  151.70403  6.77%  79.2  954s
 51467 40067  151.95709   41  433  162.71223  151.70483  6.76%  79.2  992s
 53182 41398  158.33173   84  283  162.71223  151.70948  6.76%  79.1 1010s
 54871 41413  154.23708  172  278  162.71223  151.70948  6.76%  78.8 1086s
H54873 41413                     162.7122339  151.70948  6.76%  78.8 1086s
 54887 42704  154.23708  173  278  162.71223  151.71129  6.76%  78.8 1103s
 56638 43106  154.28607   40  289  162.71223  151.71165  6.76%  78.6 1143s
 57132 45421  154.28607   41  289  162.71223  151.71182  6.76%  78.5 1161s
 59907 47182  157.81529   76  341  162.71223  151.72175  6.75%  78.2 1180s
 62028 48789  153.25991   43  388  162.71223  151.72368  6.75%  78.3 1197s
 64225 49476  153.56061  148  297  162.71223  151.72562  6.75%  78.3 1227s
 65500 53672  159.42688  105  366  162.71223  151.72640  6.75%  78.4 1267s
 70922 54072  151.92759   50  369  162.71223  151.73361  6.75%  78.2 1287s
 71392 54144  153.89371   49  354  162.71223  151.73361  6.75%  78.1 1312s
 71471 54182  153.90024   51  369  162.71223  151.73361  6.75%  78.1 1356s
H71479 54182                     162.7122338  151.73361  6.75%  78.1 1357s
 71509 55476  153.90024   52  360  162.71223  151.73368  6.75%  78.1 1373s
 73212 57204  160.47900   66  361  162.71223  151.73685  6.75%  78.1 1391s
 75412 58113  152.06174   73  362  162.71223  151.74052  6.74%  78.5 1407s
H77422 58163                     162.7122332  151.74122  6.74%  79.3 1469s
 77492 59429  160.74064   61  342  162.71223  151.74142  6.74%  79.3 1486s
 79303 60826  159.93017   33  387  162.71223  151.74637  6.74%  79.3 1501s
 81171 60840 infeasible   87       162.71223  151.74840  6.74%  79.2 1547s
H81180 60840                     162.7122331  151.74840  6.74%  79.2 1547s
 81189 62845  157.69276   36  363  162.71223  151.74841  6.74%  79.2 1565s
 83709 63736  157.75929   43  378  162.71223  151.75195  6.74%  79.1 1593s
 84846 67659  151.97830   44  348  162.71223  151.75301  6.74%  79.1 1619s
 88838 67659  160.24722  110  343  162.71223  151.75436  6.73%  78.3 1620s
 89655 68129  152.23004   50  315  162.71223  151.75611  6.73%  78.2 1628s
 90426 68732  160.30572   95  274  162.71223  151.75732  6.73%  78.2 1640s
 91340 69774  152.01755   70  321  162.71223  151.75980  6.73%  78.5 1653s
 92780 71178  156.59552   44  372  162.71223  151.76018  6.73%  78.9 1667s
 94594 72269  157.66370   62  367  162.71223  151.76442  6.73%  78.9 1681s
 95976 73797  153.29398   66  375  162.71223  151.76711  6.73%  78.9 1697s
 97862 74704  162.10428   78  235  162.71223  151.76922  6.73%  78.9 1727s
 98985 76349     cutoff   54       162.71223  151.76964  6.73%  78.8 1744s
 101017 78095  160.67683   90  323  162.71223  151.77242  6.72%  78.6 1758s
 103079 79266  161.75466  125  296  162.71223  151.77389  6.72%  78.5 1773s
 104544 79300  158.81552   94  365  162.71223  151.77554  6.72%  78.5 1839s
 104588 80322  158.86460   95  363  162.71223  151.77581  6.72%  78.5 1858s
 105832 80469  152.36527   71  360  162.71223  151.77599  6.72%  78.4 1940s
 106029 92902  152.37078   72  366  162.71223  151.77779  6.72%  78.4 2081s
 122045 92947     cutoff   74       162.71223  151.79295  6.71%  79.6 2109s
 122138 93246  152.09085   32  373  162.71223  151.79295  6.71%  79.7 2165s
 122596 93756     cutoff   42       162.71223  151.79295  6.71%  79.8 2198s
 123437 94158  161.96329   79  317  162.71223  151.79379  6.71%  79.8 2245s
 123944 96138  156.27106   78  431  162.71223  151.79519  6.71%  79.8 2270s
 126504 98186  151.98764   36  357  162.71223  151.79921  6.71%  79.9 2301s
 129014 99207  153.54896   48  379  162.71223  151.80158  6.71%  80.0 2345s
 130339 99841     cutoff  143       162.71223  151.80334  6.70%  80.0 2382s
 131216 101495  161.78840  144  314  162.71223  151.80356  6.70%  80.1 2409s
 134471 102067  152.43548   58  282  162.71223  151.80607  6.70%  80.1 2466s
 135220 103330  152.43548   59  284  162.71223  151.80841  6.70%  80.2 2492s
 136834 104454  152.76459   75  449  162.71223  151.81060  6.70%  80.4 2515s
 138314 106633  152.08187   92  357  162.71223  151.81161  6.70%  80.5 2538s
 141192 106699  152.18898   38  403  162.71223  151.81610  6.70%  80.6 2632s
 141264 107446  152.20832   39  416  162.71223  151.81636  6.70%  80.6 2667s
 142128 109178  162.60446   91  344  162.71223  151.81699  6.70%  80.5 2697s
 144272 110288  152.05206   43  326  162.71223  151.81878  6.69%  80.6 2732s
 145650 112402  152.06292   44  316  162.71223  151.81881  6.69%  80.5 2761s
 148449 113812  152.17996   77  305  162.71223  151.82423  6.69%  80.6 2798s
 150258 116606  160.81141  137  300  162.71223  151.82442  6.69%  80.6 2826s
 153827 117184  159.01384   48  333  162.71223  151.83021  6.69%  80.4 2854s
 154709 119250  157.76085   90  337  162.71223  151.83095  6.69%  80.5 2874s
 156648 119250  154.53399   32  351  162.71223  151.83270  6.69%  80.4 2875s
 157384 119534     cutoff   81       162.71223  151.83382  6.69%  80.3 2945s
 157761 121438  154.41077   49  352  162.71223  151.83393  6.69%  80.3 2968s
 160191 123272  159.31495   52  338  162.71223  151.83560  6.68%  80.3 2987s
 162409 124589  155.20165   93  310  162.71223  151.83870  6.68%  80.3 3004s
 164149 125039     cutoff  141       162.71223  151.83977  6.68%  80.4 3037s
 164721 126529  159.96973  119  361  162.71223  151.83978  6.68%  80.4 3055s
 166638 127822  161.80509  129  388  162.71223  151.84223  6.68%  80.6 3075s
 168305 128346  160.85543   92  281  162.71223  151.84396  6.68%  80.7 3113s
 168992 129843     cutoff  132       162.71223  151.84439  6.68%  80.7 3174s
 171040 130062  162.24382   60  309  162.71223  151.84490  6.68%  80.8 3235s
 171406 133060  160.94940   93  357  162.71223  151.84597  6.68%  80.9 3279s
 175362 133277  154.21429  142  341  162.71223  151.84945  6.68%  80.8 3369s
 175676 134811  154.21429  143  340  162.71223  151.85023  6.68%  80.9 3405s
 177532 135180  160.70797   95  323  162.71223  151.85298  6.67%  80.9 3474s
 178030 137961  160.11130   94  325  162.71223  151.85357  6.67%  81.0 3504s
 181508 140363  162.16603  101  341  162.71223  151.85764  6.67%  81.2 3532s
 184506 141163  155.47265  142  330  162.71223  151.85897  6.67%  81.4 3572s
 186030 142774     cutoff   65       162.71223  151.86082  6.67%  81.7 3600s
