
Gurobi 9.5.2 (linux64) logging started Thu Jul 30 06:36:59 2026

Set parameter LogFile to value "logs/RlongCmediumTmedium_3_RO_20260729_103642_083_gurobi.log"
Gurobi Optimizer version 9.5.2 build v9.5.2rc0 (linux64)
Thread count: 16 physical cores, 32 logical processors, using up to 32 threads
Optimize a model with 9225 rows, 5335 columns and 32239 nonzeros
Model fingerprint: 0xfc8bd105
Variable types: 3332 continuous, 2003 integer (2003 binary)
Coefficient statistics:
  Matrix range     [3e-02, 2e+03]
  Objective range  [1e+00, 1e+00]
  Bounds range     [1e+00, 1e+00]
  RHS range        [9e-02, 5e+02]
Presolve removed 2770 rows and 927 columns
Presolve time: 0.18s
Presolved: 6455 rows, 4408 columns, 28905 nonzeros
Variable types: 2601 continuous, 1807 integer (1806 binary)

Root relaxation: objective 1.633662e+02, 6919 iterations, 0.36 seconds (0.26 work units)

    Nodes    |    Current Node    |     Objective Bounds      |     Work
 Expl Unexpl |  Obj  Depth IntInf | Incumbent    BestBd   Gap | It/Node Time

     0     0  163.37983    0  602          -  163.37983      -     -    0s
     0     0  165.84666    0  646          -  165.84666      -     -    1s
     0     0  165.85898    0  647          -  165.85898      -     -    1s
     0     0  165.86213    0  630          -  165.86213      -     -    2s
     0     0  165.86231    0  660          -  165.86231      -     -    2s
     0     0  167.96832    0  659          -  167.96832      -     -    3s
     0     0  168.12672    0  582          -  168.12672      -     -    3s
     0     0  168.17412    0  667          -  168.17412      -     -    3s
     0     0  168.18304    0  683          -  168.18304      -     -    4s
     0     0  168.18341    0  681          -  168.18341      -     -    4s
     0     0  169.60175    0  693          -  169.60175      -     -    5s
     0     0  169.78621    0  572          -  169.78621      -     -    5s
     0     0  169.82849    0  580          -  169.82849      -     -    5s
     0     0  169.82917    0  586          -  169.82917      -     -    5s
H    0     0                     245.5574847  170.74349  30.5%     -    6s
H    0     0                     235.3179401  170.74349  27.4%     -    6s
     0     0  170.74349    0  540  235.31794  170.74349  27.4%     -    6s
     0     0  170.82585    0  695  235.31794  170.82585  27.4%     -    7s
     0     0  170.84304    0  732  235.31794  170.84304  27.4%     -    7s
     0     0  170.84380    0  736  235.31794  170.84380  27.4%     -    7s
     0     0  171.74910    0  540  235.31794  171.74910  27.0%     -    8s
H    0     0                     224.3179401  171.77618  23.4%     -    8s
     0     0  171.77618    0  686  224.31794  171.77618  23.4%     -    8s
     0     0  171.78036    0  727  224.31794  171.78036  23.4%     -    8s
     0     0  171.78100    0  733  224.31794  171.78100  23.4%     -    8s
     0     0  171.95744    0  709  224.31794  171.95744  23.3%     -    9s
     0     0  171.96770    0  733  224.31794  171.96770  23.3%     -    9s
     0     0  171.96858    0  721  224.31794  171.96858  23.3%     -    9s
     0     0  172.11000    0  714  224.31794  172.11000  23.3%     -    9s
     0     0  172.15438    0  693  224.31794  172.15438  23.3%     -    9s
     0     0  172.15848    0  718  224.31794  172.15848  23.3%     -    9s
     0     0  172.15937    0  700  224.31794  172.15937  23.3%     -    9s
     0     0  172.31172    0  665  224.31794  172.31172  23.2%     -   10s
     0     0  172.35289    0  677  224.31794  172.35289  23.2%     -   10s
     0     0  172.35623    0  704  224.31794  172.35623  23.2%     -   10s
     0     0  172.35651    0  708  224.31794  172.35651  23.2%     -   10s
     0     0  172.42030    0  699  224.31794  172.42030  23.1%     -   10s
     0     0  172.43159    0  712  224.31794  172.43159  23.1%     -   10s
     0     0  172.43244    0  715  224.31794  172.43244  23.1%     -   10s
     0     0  172.45124    0  714  224.31794  172.45124  23.1%     -   11s
     0     0  172.45240    0  716  224.31794  172.45240  23.1%     -   11s
H    0     0                     224.2777433  172.45240  23.1%     -   11s
     0     0  172.46836    0  686  224.27774  172.46836  23.1%     -   11s
     0     0  172.47369    0  714  224.27774  172.47369  23.1%     -   11s
     0     0  172.47601    0  717  224.27774  172.47601  23.1%     -   11s
H    0     0                     224.2179917  172.48168  23.1%     -   11s
     0     0  172.48168    0  725  224.21799  172.48168  23.1%     -   11s
     0     0  172.48168    0  725  224.21799  172.48168  23.1%     -   12s
     0     2  172.48168    0  722  224.21799  172.48168  23.1%     -   14s
     3     8  172.50519    2  760  224.21799  172.49609  23.1%   364   15s
    63    80  172.62835    7  756  224.21799  172.61274  23.0%   231   20s
H   79    96                     223.7803169  172.61274  22.9%   195   21s
H   80    96                     223.6734119  172.61274  22.8%   196   21s
H   85    96                     222.7522923  172.61274  22.5%   186   21s
H   88    96                     222.7302668  172.61274  22.5%   184   21s
H  122   142                     222.4802668  172.61274  22.4%   148   22s
H  127   142                     222.2095291  172.61274  22.3%   144   22s
H  168   185                     221.7099358  172.61274  22.1%   125   37s
H  168   185                     210.2164003  172.61274  17.9%   125   37s
H  228   238                     210.1047220  172.61274  17.8%   101   38s
H  240   238                     209.9342575  172.61274  17.8%  98.9   38s
H  357   358                     209.5741654  172.61274  17.6%  79.6   48s
H  358   358                     208.7808739  172.61274  17.3%  79.4   48s
H  361   358                     208.6576423  172.61274  17.3%  79.5   48s
H  362   358                     207.8919968  172.61274  17.0%  79.5   48s
H  431   420                     207.8376345  172.61274  16.9%  72.2   55s
   517   498  177.54030   35  624  207.83763  172.61274  16.9%  66.8   61s
   533   512  177.54123   36  611  207.83763  172.61274  16.9%  66.2   93s
H  538   512                     207.8283733  172.61274  16.9%  66.0   93s
   645   616  177.55087   44  610  207.82837  172.61274  16.9%  59.4  100s
   710   677  177.55087   46  610  207.82837  172.61274  16.9%  56.0  106s
H  725   677                     207.8283732  172.61274  16.9%  55.5  106s
   835   790  177.58718   63  595  207.82837  172.61274  16.9%  53.3  112s
   954   908  180.03733   67  546  207.82837  172.61274  16.9%  51.3  121s
H  964   908                     207.8283729  172.61274  16.9%  51.3  121s
  1072  1025  189.99273   74  528  207.82837  172.61274  16.9%  49.9  132s
H 1085  1025                     207.8026417  172.61274  16.9%  49.7  132s
H 1087  1025                     207.7044362  172.61274  16.9%  49.7  132s
  1272  1221  189.99315   89  567  207.70444  172.61274  16.9%  46.2  140s
H 1276  1221                     207.7044307  172.61274  16.9%  46.1  140s
  1481  1405  195.74003  107  521  207.70443  172.61274  16.9%  44.4  147s
H 1490  1405                     207.6787047  172.61274  16.9%  44.5  147s
  1700  1732  206.03854  122  463  207.67870  172.61715  16.9%  43.3  155s
H 1763  1732                     207.6787047  172.61715  16.9%  42.8  155s
H 1844  1732                     207.6787047  172.61715  16.9%  43.1  155s
  2597  2437  174.12822    7  669  207.67870  172.62169  16.9%  41.4  165s
  2614  2438  176.75554   66  725  207.67870  172.62169  16.9%  41.5  181s
  2616  2439  185.90984   91  681  207.67870  172.62169  16.9%  41.4  185s
  2621  2443  176.17778   45  758  207.67870  173.33193  16.5%  41.4  190s
  2631  2449  176.76398   70  721  207.67870  175.64168  15.4%  41.2  196s
  2641  2456  185.37771   38  711  207.67870  176.29738  15.1%  41.0  200s
  2648  2461  179.00682   78  740  207.67870  176.71472  14.9%  40.9  205s
H 2650  2338                     207.6787034  176.86645  14.8%  40.9  208s
  2657  2343  177.14932   45  603  207.67870  177.14932  14.7%  40.8  212s
  2664  2347  182.76923   26  665  207.67870  177.34682  14.6%  40.7  216s
  2669  2351  181.70303   56  668  207.67870  177.53397  14.5%  40.6  220s
  2676  2355  178.53778   48  724  207.67870  177.70468  14.4%  40.5  225s
  2684  2361  177.80071   47  718  207.67870  177.80071  14.4%  40.4  231s
  2689  2364  199.60353  189  739  207.67870  177.88375  14.3%  40.3  235s
  2696  2369  178.01609   52  800  207.67870  178.01609  14.3%  40.2  240s
  2704  2374  193.48025  132  775  207.67870  178.07926  14.3%  40.1  245s
H 2704  2254                     207.6787034  178.07963  14.3%  40.1  245s
H 2705  2140                     207.6098787  178.07963  14.2%  40.1  247s
H 2709  2034                     207.6098787  178.19860  14.2%  40.0  249s
  2711  2036  178.99209   59  702  207.60988  178.26927  14.1%  40.0  253s
  2715  2038  206.91096   77  768  207.60988  178.29908  14.1%  39.9  255s
H 2715  1934                     207.4432121  178.29908  14.0%  39.9  257s
  2726  1942  178.44460   35  762  207.44321  178.44460  14.0%  39.8  260s
  2732  1946  181.95281   55  761  207.44321  178.50043  14.0%  39.7  266s
H 2733  1847                     207.4432118  178.50482  14.0%  39.7  266s
  2742  1853  178.60901   38  727  207.44321  178.60901  13.9%  39.5  270s
  2751  1859  183.34576   54  718  207.44321  178.67302  13.9%  39.4  275s
  2759  1865  178.74511   45  774  207.44321  178.74511  13.8%  39.3  280s
  2764  1868  182.76923   26  762  207.44321  178.77692  13.8%  39.2  285s
  2771  1873  178.80189   17  743  207.44321  178.80189  13.8%  39.1  290s
  2778  1877  178.86510   24  744  207.44321  178.86510  13.8%  39.0  295s
  2784  1881  178.92924   47  736  207.44321  178.92924  13.7%  38.9  301s
  2795  1889  181.98274   15  707  207.44321  179.12519  13.7%  38.8  305s
  2805  1895  179.22840   47  679  207.44321  179.22840  13.6%  38.6  311s
  2810  1899  184.66836   81  744  207.44321  179.29529  13.6%  38.6  315s
  2822  1907  186.05910   21  685  207.44321  179.47533  13.5%  38.4  320s
  2831  1913  179.71470   70  672  207.44321  179.71470  13.4%  38.3  326s
  2841  1919  185.37771   38  729  207.44321  179.77109  13.3%  38.2  331s
  2848  1924  179.79974   78  761  207.44321  179.79974  13.3%  38.1  335s
  2854  1928  179.82955   91  702  207.44321  179.82955  13.3%  38.0  341s
  2862  1933  195.70747   71  693  207.44321  179.84305  13.3%  37.9  345s
  2874  1941  195.75345  110  744  207.44321  179.87488  13.3%  37.7  350s
  2884  1948  179.91639   47  680  207.44321  179.91639  13.3%  37.6  355s
  2899  1958  186.11131   78  659  207.44321  179.99312  13.2%  37.4  360s
  2907  1963  180.03248   51  696  207.44321  180.03248  13.2%  37.3  365s
  2926  1976  180.11635   35  775  207.44321  180.11635  13.2%  37.0  371s
  2933  1981  180.13768   36  749  207.44321  180.13768  13.2%  37.0  375s
  2941  1986  185.37771   38  774  207.44321  180.15596  13.2%  36.9  380s
  2950  1993  180.16571  109  519  207.44321  180.16571  13.1%  86.5  385s
  2954  1996  180.16571   91  540  207.44321  180.16571  13.1%  86.4  390s
  2964  2003  182.76923   26  745  207.44321  180.26263  13.1%  86.1  396s
  2971  2007  180.30980   17  764  207.44321  180.30980  13.1%  85.9  400s
  2976  2011  180.76609   48  687  207.44321  180.76609  12.9%  85.7  405s
  2988  2019  182.09204  105  655  207.44321  182.02160  12.3%  85.4  410s
  3000  2027  184.11853   26  680  207.44321  182.12356  12.2%  85.1  415s
  3007  2031  182.25520   51  647  207.44321  182.25520  12.1%  84.9  421s
  3017  2038  182.35518   58  704  207.44321  182.35518  12.1%  84.6  425s
  3029  2046  182.48140   36  625  207.44321  182.48140  12.0%  84.2  430s
  3043  2055  184.67114  100  657  207.44321  182.70720  11.9%  83.9  435s
  3053  2062  200.78991   91  692  207.44321  182.83188  11.9%  83.6  440s
  3068  2072  183.52753   20  613  207.44321  183.52753  11.5%  83.2  445s
  3090  2087  206.28891  184  643  207.44321  183.68110  11.5%  82.6  451s
  3101  2094  183.75740   46  685  207.44321  183.75740  11.4%  82.3  456s
  3115  2103  206.91096   77  665  207.44321  183.88167  11.4%  81.9  460s
  3127  2111  183.92722   37  647  207.44321  183.92722  11.3%  81.6  465s
  3140  2120  183.97479    8  702  207.44321  183.97479  11.3%  81.3  470s
  3154  2129  184.01158   91  610  207.44321  184.01158  11.3%  80.9  475s
  3172  2141  184.04284   62  644  207.44321  184.04284  11.3%  80.4  480s
  3184  2149  184.10446   47  647  207.44321  184.10446  11.3%  80.1  485s
  3198  2159  184.75325   97  682  207.44321  184.15542  11.2%  79.8  490s
  3210  2167  184.66836   81  682  207.44321  184.25867  11.2%  79.5  495s
  3225  2177  189.99273   79  654  207.44321  184.32932  11.1%  79.1  500s
  3240  2187  184.60543    8  655  207.44321  184.60543  11.0%  78.8  506s
  3248  2192  184.63719   78  601  207.44321  184.63719  11.0%  78.6  510s
  3263  2202  184.80217   54  700  207.44321  184.80217  10.9%  78.2  515s
  3269  2206  184.87160   56  620  207.44321  184.87160  10.9%  78.1  520s
  3281  2214  184.91196   31  723  207.44321  184.91196  10.9%  77.8  525s
  3285  2217  184.93190   35  675  207.44321  184.93190  10.9%  77.7  530s
  3295  2223  184.95458   15  716  207.44321  184.95458  10.8%  77.4  535s
  3301  2228  184.95654   46  204  207.44321  184.95654  10.8%   121  541s
  3303  2230  184.95654    7  384  207.44321  184.95654  10.8%   121  545s
  3307  2232  184.95654   51  570  207.44321  184.95654  10.8%   121  550s
  3313  2236  186.22812  142  494  207.44321  184.95654  10.8%   121  555s
  3322  2242  186.05910   21  610  207.44321  184.99744  10.8%   121  560s
  3330  2248  185.03854   13  581  207.44321  185.03854  10.8%   120  566s
  3335  2251  185.05308    9  622  207.44321  185.05308  10.8%   120  570s
  3342  2256  185.12324   38  657  207.44321  185.12324  10.8%   120  575s
  3346  2258  185.13716   25  690  207.44321  185.13716  10.8%   120  580s
  3354  2264  185.16357   91  709  207.44321  185.16357  10.7%   119  585s
  3362  2269  195.70747   71  680  207.44321  185.18450  10.7%   119  590s
  3367  2272  185.20064   29  685  207.44321  185.20064  10.7%   119  595s
  3377  2279  185.23351   72  651  207.44321  185.23351  10.7%   119  600s
  3385  2284  185.24516   35  679  207.44321  185.24516  10.7%   118  605s
  3391  2288  189.99310   85  656  207.44321  185.25160  10.7%   118  611s
  3393  2290  187.27393  108  655  207.44321  185.31861  10.7%   118  616s
  3394  2293  185.32832   37  693  207.44321  185.32832  10.7%   137  634s
  3396  2295 infeasible   38       207.44321  185.67418  10.5%   138  658s
  3400  2297  186.90345   39  639  207.44321  186.26994  10.2%   138  662s
  3432  2329  187.04278   42  616  207.44321  187.04278  9.83%   139  665s
  3480  2361  187.67724   42  602  207.44321  187.05432  9.83%   141  671s
  3531  2395  187.23538   47  651  207.44321  187.05432  9.83%   142  678s
  3573  2420  187.26768   50  642  207.44321  187.05432  9.83%   143  682s
  3618  2445  187.28822   53  651  207.44321  187.05432  9.83%   144  715s
H 3624  2326                     203.4039205  187.05432  8.04%   144  715s
  3722  2395  187.31377   55  656  203.40392  187.05432  8.04%   146  722s
  3848  2499  187.41851   59  616  203.40392  187.05432  8.04%   148  725s
  4117  2697  187.85155   59  585  203.40392  187.05432  8.04%   151  730s
  4383  2884  187.46786   62  650  203.40392  187.05432  8.04%   149  735s
  4625  2990  187.59526   75  586  203.40392  187.05432  8.04%   147  740s
H 4639  2874                     203.1664880  187.05432  7.93%   147  740s
  4938  3136  187.81151   84  565  203.16649  187.05432  7.93%   146  745s
  5352  3398  188.29384   93  427  203.16649  187.05432  7.93%   143  752s
  5672  3584  188.17345  104  422  203.16649  187.05432  7.93%   141  756s
  5990  3876  188.32605  116  365  203.16649  187.05432  7.93%   138  760s
  6701  4292  188.63563  137  261  203.16649  187.05432  7.93%   131  766s
  7190  4575  189.02550  162  236  203.16649  187.05432  7.93%   128  771s
  7902  5134  199.50584  188  185  203.16649  187.05432  7.93%   124  776s
  8652  5353  190.39257  237  146  203.16649  187.05432  7.93%   120  784s
  8878  5636  190.67561  285  117  203.16649  187.19685  7.86%   119  787s
  9283  5688  187.25434   43  721  203.16649  187.19758  7.86%   117  791s
  9486  6087  187.45625   48  682  203.16649  187.19758  7.86%   117  796s
H 9987  6239                     201.1664880  187.19758  6.94%   115  800s
H10024  5909                     199.1664880  187.19758  6.01%   115  800s
 10354  6016  196.89737   62  483  199.16649  187.19758  6.01%   114  805s
 10586  6422  197.87506   70  453  199.16649  187.19758  6.01%   114  810s
H11063  6642                     198.8846918  187.19758  5.88%   113  815s
H11093  6636                     198.8675131  187.19758  5.87%   113  815s
H11142  6585                     198.4951409  187.19758  5.69%   113  815s
H11237  6536                     198.2914975  187.19758  5.59%   113  815s
 11366  6925     cutoff  118       198.29150  187.20412  5.59%   113  820s
 11884  7202  188.14403   51  673  198.29150  187.20412  5.59%   112  825s
H12632  7519                     198.2510206  187.20412  5.57%   111  829s
 12672  7810  197.76799   69  516  198.25102  187.21170  5.57%   111  832s
 13036  8124  187.62715   47  612  198.25102  187.26022  5.54%   112  835s
 13573  8517  190.19917   77  500  198.25102  187.26022  5.54%   114  843s
H13807  8541                     198.1110697  187.26022  5.48%   116  848s
H13842  8533                     198.0913993  187.26022  5.47%   116  848s
 13915  8577  191.44639  107  404  198.09140  187.26022  5.47%   116  863s
 13959  8863  191.44639  108  397  198.09140  187.26022  5.47%   117  868s
 14248  9513  191.93671  134  372  198.09140  187.26022  5.47%   117  872s
 14980  9930  195.19979  236  201  198.09140  187.26022  5.47%   115  877s
H15005  9694                     197.8413993  187.26022  5.35%   115  877s
H15352  9620                     197.7743925  187.26022  5.32%   116  877s
 15440  9876  195.74540  261  152  197.77439  187.28573  5.30%   116  882s
 15777 10188  187.95714   48  672  197.77439  187.28573  5.30%   117  886s
 16184 10591  187.99286   51  717  197.77439  187.28573  5.30%   118  890s
 16693 10999  187.99860   54  690  197.77439  187.28573  5.30%   119  895s
H16722 10917                     197.6910592  187.28573  5.26%   119  895s
 17176 11413  188.01654   57  680  197.69106  187.28573  5.26%   119  901s
 17791 11865  189.06957   59  626  197.69106  187.28573  5.26%   120  907s
H18202 11637                     197.4453131  187.28573  5.15%   120  907s
 18300 12388  188.11574   64  730  197.44531  187.28573  5.15%   120  915s
 19150 12602  188.72590   72  557  197.44531  187.28573  5.15%   120  922s
 19417 13122     cutoff   72       197.44531  187.28573  5.15%   120  928s
 20047 14036  188.89140   80  545  197.44531  187.28573  5.15%   120  933s
 21224 15059  189.15477   97  514  197.44531  187.28573  5.15%   118  940s
 22513 15783  189.81471  133  338  197.44531  187.28573  5.15%   118  945s
 23323 16265  196.11942  171  301  197.44531  187.46781  5.05%   118  950s
 23973 17175  192.69027   56  581  197.44531  187.46781  5.05%   118  958s
 25085 17983  193.54027  109  516  197.44531  187.47089  5.05%   117  965s
 26033 18924  191.81385   59  578  197.44531  187.49241  5.04%   116  971s
 27057 19913  192.73468   86  565  197.44531  187.50118  5.04%   115  977s
 28297 20540  188.22819   62  630  197.44531  187.50118  5.04%   113  985s
 28942 20716  188.47416   92  595  197.44531  187.50118  5.04%   113  997s
 29176 21711  188.48665   93  561  197.44531  187.50118  5.04%   113 1002s
 30283 22616  195.79254  150  572  197.44531  187.50118  5.04%   113 1011s
 31471 23702  196.89407  195  453  197.44531  187.52026  5.03%   113 1021s
 32719 23789  188.87679   73  523  197.44531  187.52026  5.03%   112 1033s
H32720 23088                     196.9402873  187.52026  4.78%   112 1033s
H32733 22811                     196.7960137  187.52026  4.71%   112 1033s
 32824 23005  189.01873   82  512  196.79601  187.52026  4.71%   112 1055s
H32928 22969                     196.7770392  187.52026  4.70%   113 1055s
H33008 22952                     196.7679100  187.52026  4.70%   113 1055s
 33072 23675  189.02736   83  523  196.76791  187.52824  4.70%   113 1065s
 33990 24745  194.45652   68  605  196.76791  187.53120  4.69%   113 1081s
H34257 24745                     196.7679098  187.53120  4.69%   113 1081s
 35268 25573  195.28326  131  500  196.76791  187.53130  4.69%   112 1096s
 36627 26454  194.81811  109  512  196.76791  187.53843  4.69%   113 1109s
 37803 27616  187.74016   65  637  196.76791  187.54138  4.69%   113 1125s
 39321 28423  188.75714  116  496  196.76791  187.54417  4.69%   113 1133s
 40642 29168  193.31032   49  468  196.76791  187.55048  4.68%   114 1145s
 41932 29169  195.50713  270  725  196.76791  187.55406  4.68%   115 1530s
 41935 29171  190.23129  219  192  196.76791  187.55406  4.68%   115 1538s
 41936 29172  188.94647   63  391  196.76791  187.55406  4.68%   115 1541s
 41938 29173  191.72751  131  416  196.76791  187.55406  4.68%   115 1545s
 41939 29174  194.33364  153  314  196.76791  187.55406  4.68%   115 1561s
 41940 29174  193.33050   58  474  196.76791  187.55406  4.68%   115 1567s
 41942 29176  192.37045  164  344  196.76791  187.55406  4.68%   115 1579s
 41943 29176  188.39807   95  233  196.76791  187.55406  4.68%   115 1601s
 41944 29177  192.16691  164  374  196.76791  187.55406  4.68%   115 1610s
 41945 29178  192.04909  198  483  196.76791  187.55406  4.68%   115 1633s
 41946 29178  189.14620   86  605  196.76791  187.55406  4.68%   115 1648s
 41947 29179  196.26764  298  620  196.76791  187.55406  4.68%   115 1666s
 41948 29180  188.54429  102  623  196.76791  187.55406  4.68%   115 1671s
 41950 29181  190.71964  198  682  196.76791  187.55406  4.68%   115 1675s
 41957 29186  189.51853  207  711  196.76791  187.55406  4.68%   115 1683s
 41958 29186  188.49056   62  606  196.76791  187.55406  4.68%   115 1693s
 41959 29187  196.31655  164  673  196.76791  187.55406  4.68%   115 1695s
 41961 29188  187.85603   88  685  196.76791  187.55406  4.68%   115 1703s
 41962 29189  193.54882  277  621  196.76791  187.55406  4.68%   115 1712s
 41968 29193  189.31623   58  725  196.76791  187.55406  4.68%   115 1719s
 41969 29194  195.38396  155  618  196.76791  187.55406  4.68%   115 1727s
 41973 29196  195.57596  127  671  196.76791  187.55406  4.68%   115 1735s
 41974 29197  190.88929  301  659  196.76791  187.55406  4.68%   115 1751s
 41977 29199  190.43679  106  688  196.76791  187.55406  4.68%   115 1759s
 41978 29200  190.41023   92  676  196.76791  187.55406  4.68%   115 1770s
 41982 29202  188.26738   82  719  196.76791  187.55406  4.68%   115 1776s
 41983 29203  192.82896  261  661  196.76791  187.55406  4.68%   115 1785s
 41986 29205  188.19691   81  716  196.76791  187.55406  4.68%   115 1792s
H41986 27743                     196.7530922  187.55406  4.68%   115 1795s
 41987 27744  189.59664  149  701  196.75309  187.55406  4.68%   115 1800s
 41992 27747  189.38080   98  735  196.75309  187.55406  4.68%   115 1805s
 41993 27748  188.08877   44  681  196.75309  187.55406  4.68%   115 1810s
 41997 27750  187.87673   83  710  196.75309  187.55406  4.68%   115 1817s
 41998 27751  188.70691  138  684  196.75309  187.55406  4.68%   115 1824s
 42000 27752  195.86759   97  710  196.75309  187.55406  4.68%   115 1830s
 42001 27753  194.38654  161  621  196.75309  187.55406  4.68%   115 1835s
 42006 27756  187.79643   76  660  196.75309  187.55406  4.68%   115 1848s
 42008 27758  193.51058  208  684  196.75309  187.55406  4.68%   115 1850s
 42010 27759  195.32945   75  679  196.75309  187.55406  4.68%   115 1855s
 42011 27760  196.57909  182  583  196.75309  187.55406  4.68%   115 1860s
 42015 27762  193.87431  190  622  196.75309  187.55406  4.68%   115 1867s
 42016 27763  195.18135  179  597  196.75309  187.55406  4.68%   115 1874s
 42020 27766  194.30790   77  584  196.75309  187.55406  4.68%   115 1877s
H42020 26377                     196.7479113  187.55406  4.67%   115 1880s
 42023 26379  187.87421   67  605  196.74791  187.55406  4.67%   115 1885s
 42024 26379  188.95389   95  601  196.74791  187.55406  4.67%   115 1890s
 42027 26381  190.15078  190  623  196.74791  187.55406  4.67%   115 1895s
 42028 26382  195.38100   99  575  196.74791  187.55406  4.67%   115 1904s
 42031 26384  193.17090   82  657  196.74791  187.55406  4.67%   115 1906s
 42032 26385  195.50713  270  555  196.74791  187.55406  4.67%   115 1922s
 42035 26387  190.23129  219  612  196.74791  187.55406  4.67%   115 1927s
 42036 26387  188.94647   63  592  196.74791  187.55406  4.67%   115 1931s
 42039 26389  194.33364  153  587  196.74791  187.55406  4.67%   115 1936s
 42040 26390  193.33050   58  560  196.74791  187.55406  4.67%   115 1942s
 42042 26391  192.37045  164  601  196.74791  187.55406  4.67%   114 1945s
 42043 26392  188.39807   95  599  196.74791  187.55406  4.67%   114 1950s
 42047 26395  196.26764  298  624  196.74791  187.55406  4.67%   114 1956s
 42051 26397  189.22098   81  612  196.74791  187.55406  4.67%   114 1964s
 42052 26398  193.02738   80  627  196.74791  187.55406  4.67%   114 1970s
 42053 26399  193.47120  180  617  196.74791  187.55447  4.67%   114 1975s
 42057 26401  189.51853  207  666  196.74791  187.55969  4.67%   114 1987s
 42058 26402  188.49056   62  648  196.74791  187.56032  4.67%   114 1994s
 42059 26403  196.31655  164  621  196.74791  187.56638  4.67%   114 1997s
 42062 26405  193.54882  277  665  196.74791  187.57678  4.66%   114 2001s
 42063 26405  188.85442  130  604  196.74791  187.58939  4.65%   114 2007s
 42068 26409  189.31623   58  701  196.74791  187.59866  4.65%   114 2012s
 42069 26409  195.38396  155  692  196.74791  187.60091  4.65%   114 2015s
 42074 26413  190.88929  301  694  196.74791  187.60678  4.65%   114 2025s
 42076 26414  190.48225   91  629  196.74791  187.60968  4.64%   114 2034s
 42078 26415  190.41023   92  662  196.74791  187.61183  4.64%   114 2040s
 42079 26416  188.43715  129  661  196.74791  187.62287  4.64%   114 2045s
 42081 26417  194.82478   73  685  196.74791  187.62531  4.64%   114 2050s
 42082 26418  188.26738   82  662  196.74791  187.62574  4.64%   114 2056s
 42084 26419  190.73084  157  664  196.74791  187.62716  4.64%   114 2062s
 42086 26421  188.19691   81  678  196.74791  187.62952  4.63%   114 2065s
 42087 26421  189.59664  149  656  196.74791  187.63028  4.63%   114 2071s
 42088 26422  188.97280  123  657  196.74791  187.63097  4.63%   114 2076s
 42089 26423  188.98891  109  658  196.74791  187.63169  4.63%   114 2081s
 42091 26424  192.77038  212  651  196.74791  187.63196  4.63%   114 2086s
 42092 26425  189.38080   98  656  196.74791  187.63260  4.63%   114 2090s
 42093 26425  188.08877   44  676  196.74791  187.63319  4.63%   114 2096s
 42094 26426  195.62820   74  709  196.74791  187.63353  4.63%   114 2100s
 42095 26427  192.89642  227  628  196.74791  187.63478  4.63%   114 2110s
 42097 26428  187.87673   83  628  196.74791  187.63720  4.63%   114 2117s
 42100 26430  195.86759   97  647  196.74791  187.63937  4.63%   114 2122s
 42102 26431  193.75168   70  708  196.74791  187.64128  4.63%   114 2126s
 42103 26432  189.15722  138  640  196.74791  187.64242  4.63%   114 2130s
 42106 26434  187.79643   76  636  196.74791  187.64439  4.63%   114 2138s
 42107 26435  195.54178  214  667  196.74791  187.64475  4.63%   114 2143s
 42108 26435  193.51058  208  661  196.74791  187.64486  4.63%   114 2149s
 42109 26436  194.59514  229  669  196.74791  187.64554  4.63%   114 2154s
 42110 26437  195.32945   75  651  196.74791  187.64567  4.63%   114 2157s
 42111 26437  196.57909  182  658  196.74791  187.64575  4.63%   114 2160s
H42111 25112                     196.6427563  187.64575  4.58%   114 2165s
 42112 25113  196.64276  214  659  196.64276  187.64604  4.58%   114 2171s
 42114 25114  195.11954  314  630  196.64276  187.64621  4.58%   114 2178s
 42115 25115  193.87431  190  669  196.64276  187.64621  4.58%   114 2182s
 42116 25116  195.18135  179  640  196.64276  187.64624  4.58%   114 2190s
 42120 25118  194.30790   77  632  196.64276  187.66332  4.57%   114 2196s
 42122 25120  188.20970   65  679  196.64276  187.66607  4.56%   114 2204s
 42123 25120  187.87421   67  702  196.64276  187.66625  4.56%   114 2208s
 42124 25121  188.95389   95  629  196.64276  187.66642  4.56%   114 2212s
 42125 25122  192.08595  193  689  196.64276  187.66658  4.56%   114 2215s
 42126 25122  189.73003   99  672  196.64276  187.66675  4.56%   114 2222s
 42127 25123  190.15078  190  707  196.64276  187.66691  4.56%   114 2225s
 42129 25124  190.71712  189  690  196.64276  187.66703  4.56%   114 2233s
 42130 25125  196.64276  124  690  196.64276  187.66729  4.56%   114 2235s
 42132 25126  195.50713  270  631  196.64276  187.66785  4.56%   114 2243s
 42134 25128  191.02805  108  705  196.64276  187.66885  4.56%   114 2247s
 42135 25128  190.23129  219  665  196.64276  187.66942  4.56%   114 2256s
 42137 25130  188.95172   75  645  196.64276  187.66946  4.56%   114 2264s
 42138 25130  191.72751  131  691  196.64276  187.66946  4.56%   114 2269s
 42139 25131  194.33364  153  670  196.64276  187.66965  4.56%   114 2276s
 42140 25132  193.33050   58  686  196.64276  187.66971  4.56%   114 2281s
 42141 25132  193.41695   80  641  196.64276  187.66981  4.56%   114 2287s
 42142 25133  192.37045  164  695  196.64276  187.66981  4.56%   114 2291s
 42143 25134  188.39807   95  667  196.64276  187.66981  4.56%   114 2296s
 42145 25135  192.04909  198  657  196.64276  187.66987  4.56%   114 2304s
 42146 25136  189.14620   86  697  196.64276  187.66989  4.56%   114 2309s
 42147 25136  196.26764  298  664  196.64276  187.67052  4.56%   114 2312s
 42149 25138  193.50215   84  676  196.64276  187.67191  4.56%   114 2316s
 42150 25138  190.71964  198  678  196.64276  187.67204  4.56%   114 2320s
 42153 25140  193.47120  180  699  196.64276  187.67308  4.56%   114 2327s
 42154 25141  189.52663  186  660  196.64276  187.67364  4.56%   114 2331s
 42156 25142  189.35327  181  626  196.64276  187.67395  4.56%   114 2337s
 42157 25143  189.51853  207  691  196.64276  187.67425  4.56%   114 2342s
 42158 25144  188.49056   62  677  196.64276  187.67446  4.56%   114 2347s
 42159 25144  196.31655  164  688  196.64276  187.67449  4.56%   114 2352s
 42160 25145  194.25633  176  678  196.64276  187.67449  4.56%   114 2357s
 42162 25146  193.54882  277  667  196.64276  187.67457  4.56%   114 2362s
 42163 25147  188.85442  130  676  196.64276  187.67458  4.56%   114 2367s
 42164 25148  194.39830  148  662  196.64276  187.67458  4.56%   114 2373s
 42165 25148  191.32239  166  670  196.64276  187.67458  4.56%   114 2379s
 42166 25149  195.81649  218  662  196.64276  187.67458  4.56%   114 2387s
 42167 25150  191.86046   62  671  196.64276  187.67458  4.56%   114 2392s
 42168 25150  189.31623   58  630  196.64276  187.67460  4.56%   114 2398s
 42169 25151  195.38396  155  680  196.64276  187.67460  4.56%   114 2404s
 42170 25152  189.52581  186  669  196.64276  187.67463  4.56%   114 2409s
 42171 25152  188.01941   52  674  196.64276  187.67464  4.56%   114 2413s
 42172 25153  194.47624  166  603  196.64276  187.67464  4.56%   114 2419s
 42173 25154  195.57596  127  666  196.64276  187.67464  4.56%   114 2424s
 42174 25154  190.88929  301  661  196.64276  187.67464  4.56%   114 2429s
 42175 25155  189.01894   69  682  196.64276  187.67464  4.56%   114 2432s
 42176 25156  190.48225   91  610  196.64276  187.67464  4.56%   114 2442s
 42177 25156  190.43679  106  670  196.64276  187.67464  4.56%   114 2445s
 42178 25157  190.41023   92  668  196.64276  187.67464  4.56%   114 2456s
 42179 25158  188.43715  129  655  196.64276  187.67464  4.56%   114 2460s
 42180 25158  189.76040  119  655  196.64276  187.70700  4.54%   114 2465s
 42181 25160     cutoff   52       196.64276  187.73170  4.53%   118 2519s
 42183 25161  188.64464   53  595  196.64276  188.20327  4.29%   118 2564s
 42185 25165  188.73790   54  615  196.64276  188.32772  4.23%   118 2623s
 42189 25171  188.82750   55  625  196.64276  188.35273  4.22%   118 2689s
 42197 25185  188.83646   56  652  196.64276  188.36360  4.21%   118 2698s
 42213 25195  188.84778   57  670  196.64276  188.37482  4.20%   118 2703s
 42229 25206  189.64414   57  623  196.64276  188.37489  4.20%   118 2707s
 42245 25217  188.86538   58  676  196.64276  188.37786  4.20%   118 2710s
 42286 25252  188.97048   59  624  196.64276  188.37786  4.20%   118 2716s
 42312 25258  189.62171   59  585  196.64276  188.37786  4.20%   118 2725s
 42360 25309  189.15663   61  615  196.64276  188.37786  4.20%   118 2730s
 42439 25333  189.12710   63  560  196.64276  188.37786  4.20%   118 2747s
 42497 25367  189.15142   64  566  196.64276  188.37786  4.20%   118 2773s
H42504 24102                     196.6427562  188.37786  4.20%   118 2773s
 42570 24169  189.41512   65  477  196.64276  188.37786  4.20%   118 2775s
 42771 24300  189.24311   72  461  196.64276  188.37786  4.20%   118 2781s
 42948 24408  189.24982   75  467  196.64276  188.37786  4.20%   118 2787s
 43055 24455  189.25543   77  454  196.64276  188.37786  4.20%   118 2791s
 43270 24602  189.52279   82  411  196.64276  188.37786  4.20%   118 2798s
 43376 24677  189.52279   83  424  196.64276  188.37786  4.20%   118 2802s
 43519 24722  189.54233   86  434  196.64276  188.37786  4.20%   118 2806s
 43792 24788  189.54361   93  431  196.64276  188.37786  4.20%   118 2815s
 43995 25074  189.61362   97  345  196.64276  188.37786  4.20%   118 2820s
 44421 25212  189.67656  107  333  196.64276  188.37786  4.20%   118 2826s
H44505 23985                     196.6427561  188.37786  4.20%   117 2826s
 44581 24129  189.69131  110  309  196.64276  188.37786  4.20%   117 2830s
H44800 22989                     196.6427561  188.37786  4.20%   117 2846s
 45121 23244  189.72105  121  255  196.64276  188.37786  4.20%   117 2853s
 45372 23333     cutoff  127       196.64276  188.37786  4.20%   117 2857s
 45589 23384  189.87249  138  226  196.64276  188.37786  4.20%   117 2860s
 45753 23528 infeasible  155       196.64276  188.37877  4.20%   117 2869s
 45995 23557  188.66903   60  568  196.64276  188.37886  4.20%   117 2873s
H46064 22452                     196.6401794  188.37886  4.20%   117 2873s
 46118 22648  188.78326   65  525  196.64018  188.37886  4.20%   117 2877s
 46408 22789  189.07593   76  520  196.64018  188.37886  4.20%   116 2881s
 46721 22929  189.69411   90  538  196.64018  188.37886  4.20%   116 2887s
 47018 23122  190.12798  106  523  196.64018  188.37886  4.20%   116 2892s
 47336 23087  191.69809  125  494  196.64018  188.37886  4.20%   116 2907s
 47410 23575  191.69809  126  493  196.64018  188.39169  4.19%   116 2912s
 47971 23787  188.42437   64  606  196.64018  188.39236  4.19%   115 2917s
 48426 24145  189.20858   72  557  196.64018  188.39236  4.19%   115 2921s
 49014 24316  189.98620   92  541  196.64018  188.39236  4.19%   114 2928s
 49466 24293  190.99877  126  494  196.64018  188.39236  4.19%   114 2939s
 49607 24614  191.01175  135  435  196.64018  188.39236  4.19%   114 2944s
 50013 25007  191.44595  171  401  196.64018  188.39236  4.19%   114 2949s
 50679 25182  191.69083  220  279  196.64018  188.42159  4.18%   114 2954s
 51193 25027  188.68568   68  598  196.64018  188.42159  4.18%   113 2962s
H51215 23992                     196.6401794  188.42159  4.18%   114 2962s
 51218 24005  188.68594   69  591  196.64018  188.42159  4.18%   114 2981s
 51236 24341  188.70537   70  529  196.64018  188.42159  4.18%   114 2986s
 51615 24879  196.10606   85  524  196.64018  188.42159  4.18%   114 2991s
 52384 25185  196.39120  119  430  196.64018  188.45277  4.16%   113 2999s
 53072 25002  189.61756   67  537  196.64018  188.45277  4.16%   113 3030s
H53111 24012                     196.6401794  188.45277  4.16%   113 3030s
 53124 24433  189.47796   68  569  196.64018  188.45277  4.16%   113 3037s
 53624 24745  189.76968   91  401  196.64018  188.45277  4.16%   113 3042s
 54196 25169  190.58461  130  356  196.64018  188.45277  4.16%   113 3047s
 54906 25659  195.78497  183  179  196.64018  188.45792  4.16%   113 3052s
 55752 25871  194.34871   74  522  196.64018  188.45792  4.16%   113 3057s
 56380 26123  195.80836  106  392  196.64018  188.45792  4.16%   113 3063s
 56926 26791     cutoff  135       196.64018  188.53461  4.12%   113 3068s
 57879 26985  188.94876  105  479  196.64018  188.53461  4.12%   112 3077s
 58585 27141  189.92525  148  451  196.64018  188.53696  4.12%   112 3084s
 59299 27355  193.84225   85  476  196.64018  188.54639  4.12%   112 3089s
 59967 27411     cutoff  152       196.64018  188.55306  4.11%   113 3096s
 60280 28207  189.70927   95  497  196.64018  188.55551  4.11%   113 3104s
 61293 27889  190.64979  157  306  196.64018  188.55551  4.11%   112 3131s
 61333 28572  190.66268  158  314  196.64018  188.60222  4.09%   112 3140s
 62099 29158  189.16401   95  496  196.64018  188.60398  4.09%   112 3151s
 63066 30356  195.91905   84  323  196.64018  188.60554  4.09%   112 3170s
 64965 30497  192.72932  122  211  196.64018  188.60554  4.09%   112 3176s
 65924 31225  190.16241   74  472  196.64018  188.61602  4.08%   112 3195s
 67241 31250  188.84917   68  619  196.64018  188.61602  4.08%   112 3206s
 67769 31104  189.45582  102  447  196.64018  188.61602  4.08%   112 3230s
 67811 31925  189.46021  104  450  196.64018  188.61901  4.08%   112 3243s
 68821 32784  189.79232   74  484  196.64018  188.61901  4.08%   112 3254s
 70300 33384  193.82561  132  468  196.64018  188.62349  4.08%   111 3264s
 71646 33822     cutoff   64       196.64018  188.63065  4.07%   111 3279s
 72967 34438  195.49181   81  383  196.64018  188.63195  4.07%   111 3293s
 74393 35462  189.20012  103  408  196.64018  188.63674  4.07%   111 3306s
 76034 35518  189.85545  165  382  196.64018  188.63806  4.07%   110 3321s
 76745 36516  189.37163   70  625  196.64018  188.64081  4.07%   110 3333s
 78190 36952  191.29065  133  496  196.64018  188.64081  4.07%   110 3350s
 79475 37351     cutoff   91       196.64018  188.65062  4.06%   110 3367s
 80904 37825  188.75239   93  635  196.64018  188.65304  4.06%   111 3390s
 82056 38934  188.68870   86  485  196.64018  188.65770  4.06%   111 3412s
 83898 40286  190.45375  193  263  196.64018  188.65958  4.06%   111 3440s
 86420 40555  195.09931   94  503  196.64018  188.66586  4.06%   111 3466s
 87761 41792  194.69066  107  501  196.64018  188.66943  4.05%   111 3488s
 89834 42517  191.29146  178  410  196.64018  188.67725  4.05%   111 3498s
 91643 42672  194.05235   96  421  196.64018  188.68016  4.05%   111 3521s
 92587 43953  193.60141  124  421  196.64018  188.68138  4.05%   111 3541s
 94620 44571  189.19552   79  517  196.64018  188.68405  4.05%   111 3557s
 96204 45606  188.87538  102  462  196.64018  188.68832  4.04%   111 3576s
 98019 46293  189.23217   99  456  196.64018  188.69219  4.04%   111 3603s
 99423 47558     cutoff  104       196.64018  188.69245  4.04%   111 3622s
 101313 48994  191.84569  131  470  196.64018  188.69722  4.04%   111 3641s
 103105 49047  194.15108   70  485  196.64018  188.69902  4.04%   111 3664s
H103148 49047                     196.6401794  188.69902  4.04%   111 3664s
 103200 50503  194.62365   71  481  196.64018  188.70037  4.04%   111 3680s
 105098 52717  188.76993   85  623  196.64018  188.70501  4.04%   111 3713s
 107787 53345  192.25388  215  413  196.64018  188.70546  4.04%   111 3732s
 108790 54047  189.05053   70  517  196.64018  188.70546  4.04%   111 3752s
 109916 55137 infeasible  107       196.64018  188.71152  4.03%   112 3769s
 111684 55794  193.41556   87  504  196.64018  188.71232  4.03%   112 3797s
 112757 57616  196.27579   90  436  196.64018  188.71407  4.03%   113 3818s
 115176 58421  189.16315  173  433  196.64018  188.71877  4.03%   113 3845s
 116429 59818  188.92336   67  599  196.64018  188.72245  4.03%   113 3872s
 118615 61250  193.31240   66  516  196.64018  188.72438  4.03%   113 3892s
 120397 61779  192.98990  144  244  196.64018  188.72684  4.02%   113 3921s
 121038 62102  189.94616  109  453  196.64018  188.72805  4.02%   113 3943s
H121232 62102                     196.6401794  188.72805  4.02%   113 3943s
 121419 63287  189.34288   66  566  196.64018  188.72839  4.02%   113 3971s
 123014 65051  193.75568   63  537  196.64018  188.73112  4.02%   114 3994s
 125137 66392  195.07277   67  513  196.64018  188.73439  4.02%   114 4029s
 126696 68220  189.57634  144  343  196.64018  188.73729  4.02%   114 4057s
 129337 68591  193.09680   74  451  196.64018  188.73851  4.02%   114 4077s
 130038 70014  194.43920   83  478  196.64018  188.73958  4.02%   114 4095s
 132083 71097  193.01949  155  431  196.64018  188.74056  4.02%   114 4123s
 133982 72832  189.18565  103  480  196.64018  188.74645  4.01%   114 4141s
 136141 74070  190.40492  137  493  196.64018  188.74953  4.01%   114 4175s
 137655 75885  195.30139  134  416  196.64018  188.75081  4.01%   114 4190s
 139796 77354  196.30359   96  493  196.64018  188.75317  4.01%   114 4214s
 141708 77636     cutoff  152       196.64018  188.75517  4.01%   114 4239s
H141784 77636                     196.6401793  188.75517  4.01%   114 4239s
 142107 79007  194.51155  125  424  196.64018  188.75584  4.01%   114 4269s
 143552 79007  195.12009   69  502  196.64018  188.75584  4.01%   114 4270s
 143896 80189  193.80785   98  562  196.64018  188.75703  4.01%   114 4295s
 145283 81365  189.00546   95  535  196.64018  188.75804  4.01%   115 4333s
 146862 82526  194.48948  177  436  196.64018  188.75900  4.01%   115 4359s
 148517 83330  190.72618   90  504  196.64018  188.76087  4.01%   115 4390s
 149829 84506  190.47131  130  450  196.64018  188.76165  4.01%   117 4427s
 151907 85937  189.15192  106  520  196.64018  188.76227  4.01%   118 4468s
 154262 87709  193.87400   80  495  196.64018  188.76383  4.01%   119 4494s
 156701 88475  189.11886  104  511  196.64018  188.76637  4.00%   119 4522s
H156720 88475                     196.6401793  188.76637  4.00%   119 4522s
 157702 90215  189.62268  123  508  196.64018  188.76643  4.00%   119 4555s
 160135 91796  191.42304  128  402  196.64018  188.77006  4.00%   120 4586s
 162154 93565  195.55507  193  258  196.64018  188.77357  4.00%   120 4620s
 164450 94705  189.76455   89  512  196.64018  188.77681  4.00%   120 4646s
 165887 96889  192.29489  137  420  196.64018  188.77940  4.00%   120 4679s
 168596 98392  190.41170   82  570  196.64018  188.78052  4.00%   120 4704s
 170339 98392     cutoff  125       196.64018  188.78190  4.00%   120 4705s
 170587 99819  191.77902   95  436  196.64018  188.78318  4.00%   120 4736s
 172588 100799  190.46252  167  568  196.64018  188.78493  3.99%   121 4760s
 174054 101555  194.20050   92  524  196.64018  188.78682  3.99%   121 4804s
H174166 101555                     196.6401792  188.78682  3.99%   121 4804s
 175105 103270  194.47028  113  445  196.64018  188.78742  3.99%   121 4841s
 177532 105216  195.63649  149  497  196.64018  188.78892  3.99%   121 4867s
 179992 106935  189.62691  129  486  196.64018  188.79288  3.99%   122 4895s
 182234 108244  193.58738  122  476  196.64018  188.79500  3.99%   122 4928s
 183863 109820  193.66577  160  445  196.64018  188.79697  3.99%   122 4950s
 185942 111463  189.12470  102  566  196.64018  188.80015  3.99%   122 4976s
 188046 113277  193.87488   74  484  196.64018  188.80259  3.99%   122 5012s
 190183 113318  191.51252  175  376  196.64018  188.80429  3.98%   122 5064s
H190225 113318                     196.6401792  188.80429  3.98%   122 5064s
 190259 114958  191.65156  183  284  196.64018  188.80429  3.98%   122 5090s
 192324 116101  189.07317   79  481  196.64018  188.80599  3.98%   122 5127s
 193908 117821  190.05971   70  554  196.64018  188.80670  3.98%   122 5154s
 196167 119454  194.84177  105  393  196.64018  188.80828  3.98%   123 5181s
 198482 121468  189.51104  135  534  196.64018  188.81260  3.98%   123 5207s
 201071 122508  189.06600   96  583  196.64018  188.81562  3.98%   123 5235s
 203005 123451  188.88244   82  438  196.64018  188.81812  3.98%   123 5259s
 204437 123461  194.66222  140  486  196.64018  188.81882  3.98%   124 5306s
H204447 123461                     196.6401792  188.81882  3.98%   124 5306s
 204500 123875  194.66431  142  502  196.64018  188.81882  3.98%   124 5337s
H204844 123875                     196.6401791  188.81882  3.98%   124 5337s
 205102 125260  194.70439  146  496  196.64018  188.81928  3.98%   124 5369s
 205239 125260  194.30069  118  445  196.64018  188.81993  3.98%   124 5370s
 206954 126624  193.61147   90  437  196.64018  188.82134  3.98%   124 5415s
 208762 128277  189.03497  101  424  196.64018  188.82349  3.98%   124 5447s
 210969 130189  196.24761   95  493  196.64018  188.82613  3.97%   124 5473s
 213345 131089  190.57526  148  613  196.64018  188.82853  3.97%   124 5501s
 214815 131744  192.65721  112  528  196.64018  188.82955  3.97%   125 5530s
H214895 131744                     196.6401790  188.82955  3.97%   125 5530s
 215740 133972  191.38842   92  503  196.64018  188.83014  3.97%   125 5593s
 218772 135816  195.27964  174  494  196.64018  188.83152  3.97%   126 5633s
 221598 136637  195.37152  175  464  196.64018  188.83550  3.97%   126 5671s
 223403 138133  189.35309   79  522  196.64018  188.83732  3.97%   126 5713s
 226071 139611  189.51219   84  630  196.64018  188.83925  3.97%   127 5749s
 228076 141845  190.81656  131  442  196.64018  188.84115  3.97%   127 5793s
 230945 144034 infeasible  136       196.64018  188.84332  3.97%   127 5834s
 233712 145351  189.56130   90  535  196.64018  188.84629  3.96%   127 5866s
 235622 146995  193.94192  108  410  196.64018  188.84834  3.96%   127 5900s
 238010 148466  192.63652  109  508  196.64018  188.84959  3.96%   127 5930s
 240068 148836  193.86521   77  506  196.64018  188.85179  3.96%   127 5959s
H240462 148836                     196.6401790  188.85179  3.96%   127 5959s
 240558 150188  194.30042  125  323  196.64018  188.85180  3.96%   127 6000s
 242204 151468  189.95575  117  497  196.64018  188.85338  3.96%   127 6034s
 243977 151777  190.04207   92  637  196.64018  188.85506  3.96%   128 6074s
 244165 151777  189.99429   86  520  196.64018  188.85506  3.96%   128 6075s
H244169 151777                     196.6401788  188.85506  3.96%   128 6075s
 244569 153082  190.13852   92  554  196.64018  188.85506  3.96%   128 6103s
 246692 154789  190.14156  127  546  196.64018  188.85507  3.96%   128 6151s
 249354 157116     cutoff   94       196.64018  188.85825  3.96%   129 6185s
 252549 157526  192.43949  128  515  196.64018  188.86024  3.96%   129 6228s
H252871 156259                     196.4990674  188.86061  3.89%   129 6228s
 253258 157653  194.65174  195  459  196.49907  188.86092  3.89%   129 6271s
 255226 159766  189.69659  106  362  196.49907  188.86239  3.89%   129 6305s
 258155 160816  193.81391  133  474  196.49907  188.86368  3.89%   129 6342s
 259915 162398  195.99941   67  504  196.49907  188.86553  3.88%   129 6375s
 262688 164186     cutoff  156       196.49907  188.86556  3.88%   130 6406s
 265315 166084  189.30018   81  528  196.49907  188.86931  3.88%   130 6432s
 267641 167224  194.82086  145  465  196.49907  188.87060  3.88%   130 6467s
 269529 168646  196.12253   95  519  196.49907  188.87176  3.88%   130 6495s
 271877 170434  189.12637   71  563  196.49907  188.87343  3.88%   130 6529s
 274529 172233  196.43088   83  448  196.49907  188.87526  3.88%   130 6557s
 277018 172621  190.78622  119  650  196.49907  188.87611  3.88%   130 6593s
 277572 174576  195.91458  121  454  196.49907  188.87681  3.88%   130 6618s
 280254 176125 infeasible  105       196.49907  188.87847  3.88%   130 6650s
 282449 177847  189.92617   81  518  196.49907  188.88023  3.88%   130 6683s
 284980 179582  188.91798  108  520  196.49907  188.88166  3.88%   131 6720s
 287408 181195  189.06723  120  517  196.49907  188.88314  3.88%   131 6748s
 289805 183021  192.26821  104  395  196.49907  188.88568  3.87%   131 6782s
 292162 184298  190.94591  152  564  196.49907  188.88680  3.87%   131 6822s
 293843 186292  188.91055   69  594  196.49907  188.88817  3.87%   131 6854s
 296280 186839  189.95433  129  526  196.49907  188.88949  3.87%   131 6884s
H296615 186839                     196.4990673  188.88965  3.87%   131 6884s
 296960 188706     cutoff   89       196.49907  188.89001  3.87%   131 6911s
 299484 190198     cutoff  139       196.49907  188.89097  3.87%   131 6951s
H300093 190198                     196.4990673  188.89097  3.87%   131 6951s
 301485 191900  189.17216  101  476  196.49907  188.89203  3.87%   131 6984s
 302600 191900  196.24235  138  467  196.49907  188.89293  3.87%   131 6985s
 303631 192874  190.44275  161  533  196.49907  188.89384  3.87%   131 7037s
 305145 193028  190.24759  131  351  196.49907  188.89458  3.87%   132 7081s
 305385 194038     cutoff   86       196.49907  188.89458  3.87%   132 7115s
H305903 194038                     196.4990673  188.89458  3.87%   132 7115s
 306943 196185  195.73731   71  521  196.49907  188.89468  3.87%   132 7175s
 309974 197389  196.23396  107  341  196.49907  188.89535  3.87%   132 7200s

Cutting planes:
  Learned: 2
  Gomory: 145
  Cover: 163
  Implied bound: 440
  Projected implied bound: 8
  Clique: 1
  MIR: 1070
  StrongCG: 8
  Flow cover: 2165
  GUB cover: 4
  Inf proof: 37
  Zero half: 29
  Network: 3
  RLT: 37
  Relax-and-lift: 127

Explored 311653 nodes (41272595 simplex iterations) in 7200.16 seconds (1821.74 work units)
Thread count was 32 (of 32 available processors)

Solution count 10: 196.499 196.499 196.499 ... 196.64

Time limit reached
Best objective 1.964990672775e+02, best bound 1.888981177803e+02, gap 3.8682%
