
Gurobi 9.5.2 (linux64) logging started Wed Aug  5 19:01:06 2026

Set parameter LogFile to value "/mnt/beegfs/users/celinep/ChargeAndBreak/logs/RlongCmediumTlarge_35_2SP_20260805_125729_028_gurobi.log"
Gurobi Optimizer version 9.5.2 build v9.5.2rc0 (linux64)
Thread count: 16 physical cores, 32 logical processors, using up to 32 threads
Optimize a model with 164004 rows, 79844 columns and 547158 nonzeros
Model fingerprint: 0xce88a839
Variable types: 68126 continuous, 11718 integer (11718 binary)
Coefficient statistics:
  Matrix range     [1e-02, 2e+03]
  Objective range  [4e-02, 4e-02]
  Bounds range     [1e+00, 1e+00]
  RHS range        [3e-02, 5e+02]
Presolve removed 53348 rows and 18290 columns
Presolve time: 3.67s
Presolved: 110656 rows, 61554 columns, 476547 nonzeros
Variable types: 52857 continuous, 8697 integer (8697 binary)

Deterministic concurrent LP optimizer: primal and dual simplex (primal and dual model)
Showing first log only...

Root relaxation presolve removed 2459 rows and 2459 columns
Root relaxation presolved: 108197 rows, 59095 columns, 471629 nonzeros


Root simplex log...

Iteration    Objective       Primal Inf.    Dual Inf.      Time
       0    3.5782483e+01   4.007942e+04   3.802524e+11      6s
   45581    1.0123565e+02   1.272610e+02   7.181484e+09     10s
   51887    1.1899052e+02   0.000000e+00   3.604696e+03     15s
   52382    1.1746427e+02   0.000000e+00   3.640229e+03     15s
   56089    1.0580946e+02   0.000000e+00   1.087949e+03     20s
   59234    1.0254068e+02   0.000000e+00   2.844299e+03     25s
   61824    9.9859012e+01   0.000000e+00   1.790539e+03     30s
   64154    9.7575632e+01   0.000000e+00   1.552085e+04     35s
   66279    9.5444462e+01   0.000000e+00   1.197393e+04     40s
   68334    9.4198854e+01   0.000000e+00   7.940593e+03     45s
   70064    9.3026580e+01   0.000000e+00   6.223744e+04     50s
   71984    9.1058460e+01   0.000000e+00   1.153986e+04     55s
   74134    8.8476273e+01   0.000000e+00   3.042920e+04     60s
   76144    8.7460220e+01   0.000000e+00   1.265283e+03     65s
   77939    8.6683017e+01   0.000000e+00   1.077998e+04     70s
   79509    8.6232127e+01   0.000000e+00   1.101425e+05     75s
   81494    8.5658339e+01   0.000000e+00   1.775633e+04     80s
   83094    8.5272124e+01   0.000000e+00   1.407042e+06     85s
   85181    8.4723110e+01   0.000000e+00   2.316719e+04     90s
   86181    8.4547319e+01   0.000000e+00   2.063528e+04     95s
   87871    8.4347116e+01   0.000000e+00   9.412852e+02    100s
   89321    8.4134148e+01   0.000000e+00   8.414451e+03    105s
   91396    8.3953166e+01   0.000000e+00   1.450334e+03    110s
   92991    8.3776243e+01   0.000000e+00   4.290062e+03    115s
   94281    8.3605772e+01   0.000000e+00   1.251276e+03    120s
   95561    8.3536030e+01   0.000000e+00   3.579748e+03    125s
   96741    8.3447170e+01   0.000000e+00   1.294855e+03    130s
   98036    8.3365867e+01   0.000000e+00   1.370291e+03    135s
   99206    8.3307802e+01   0.000000e+00   5.143867e+02    140s
  100226    8.3261316e+01   0.000000e+00   1.191422e+03    145s
  101296    8.3202875e+01   0.000000e+00   2.557429e+03    150s
Concurrent spin time: 44.72s

Solved with primal simplex (dual model)

Root relaxation: objective 8.232968e+01, 73901 iterations, 189.93 seconds (109.37 work units)
Total elapsed time = 200.05s

    Nodes    |    Current Node    |     Objective Bounds      |     Work
 Expl Unexpl |  Obj  Depth IntInf | Incumbent    BestBd   Gap | It/Node Time

     0     0   82.36694    0 3207          -   82.36694      -     -  243s
     0     0   83.28292    0 3361          -   83.28292      -     -  392s
     0     0   83.95650    0 3667          -   83.95650      -     -  516s
     0     0   84.00583    0 3782          -   84.00583      -     -  546s
     0     0   84.00981    0 3785          -   84.00981      -     -  555s
     0     0   84.01040    0 3736          -   84.01040      -     -  558s
     0     0   84.01054    0 3736          -   84.01054      -     -  560s
     0     0   84.01057    0 3762          -   84.01057      -     -  561s
     0     0   85.01540    0 4936          -   85.01540      -     -  743s
     0     0   85.16057    0 5106          -   85.16057      -     -  810s
     0     0   85.18076    0 5148          -   85.18076      -     -  834s
     0     0   85.18454    0 5177          -   85.18454      -     -  851s
     0     0   85.18547    0 5086          -   85.18547      -     -  854s
     0     0   85.18555    0 5133          -   85.18555      -     -  859s
     0     0   86.33932    0 5025          -   86.33932      -     - 1045s
     0     0   86.59708    0 5185          -   86.59708      -     - 1116s
     0     0   86.63123    0 5242          -   86.63123      -     - 1133s
     0     0   86.63543    0 5303          -   86.63543      -     - 1137s
     0     0   86.63598    0 5315          -   86.63598      -     - 1139s
     0     0   87.32109    0 5231          -   87.32109      -     - 1293s
     0     0   87.46814    0 5342          -   87.46814      -     - 1348s
     0     0   87.51284    0 5464          -   87.51284      -     - 1370s
     0     0   87.52914    0 5412          -   87.52914      -     - 1393s
     0     0   87.53134    0 5443          -   87.53134      -     - 1398s
     0     0   87.53189    0 5473          -   87.53189      -     - 1400s
     0     0   87.73965    0 5368          -   87.73965      -     - 1480s
     0     0   87.77532    0 5448          -   87.77532      -     - 1507s
     0     0   87.78062    0 5434          -   87.78062      -     - 1520s
     0     0   87.78165    0 5472          -   87.78165      -     - 1524s
     0     0   87.94154    0 5447          -   87.94154      -     - 1594s
     0     0   87.96639    0 5477          -   87.96639      -     - 1615s
     0     0   87.96909    0 5548          -   87.96909      -     - 1619s
     0     0   87.97013    0 5545          -   87.97013      -     - 1621s
     0     0   88.08965    0 5456          -   88.08965      -     - 1704s
     0     0   88.10791    0 5416          -   88.10791      -     - 1735s
     0     0   88.11127    0 5489          -   88.11127      -     - 1745s
     0     0   88.11206    0 5430          -   88.11206      -     - 1747s
     0     0   88.20414    0 5430          -   88.20414      -     - 1803s
     0     0   88.21854    0 5486          -   88.21854      -     - 1825s
     0     0   88.22121    0 5443          -   88.22121      -     - 1828s
     0     0   88.22223    0 5481          -   88.22223      -     - 1830s
     0     0   88.28988    0 5531          -   88.28988      -     - 1867s
     0     0   88.30379    0 5534          -   88.30379      -     - 1890s
     0     0   88.30636    0 5560          -   88.30636      -     - 1896s
     0     0   88.30659    0 5576          -   88.30659      -     - 1897s
     0     0   88.34214    0 5530          -   88.34214      -     - 1928s
     0     0   88.34665    0 5492          -   88.34665      -     - 1934s
     0     0   88.34740    0 5506          -   88.34740      -     - 1939s
     0     0   88.37557    0 5477          -   88.37557      -     - 1955s
     0     0   88.38013    0 5550          -   88.38013      -     - 1963s
     0     0   88.38081    0 5586          -   88.38081      -     - 1966s
     0     0   88.40680    0 5633          -   88.40680      -     - 1984s
     0     0   88.41082    0 5652          -   88.41082      -     - 1994s
     0     0   88.41134    0 5617          -   88.41134      -     - 1996s
     0     0   88.43424    0 5569          -   88.43424      -     - 2005s
     0     0   88.43581    0 5619          -   88.43581      -     - 2011s
     0     0   88.44915    0 5655          -   88.44915      -     - 2022s
     0     0   88.44995    0 5645          -   88.44995      -     - 2027s
     0     0   88.46424    0 5665          -   88.46424      -     - 2048s
     0     0   88.46424    0 5171          -   88.46424      -     - 2130s
     0     2   88.46424    0 5005          -   88.46424      -     - 2792s
     1     4   88.47211    1 5002          -   88.46430      -  4818 2797s
     3     8   88.47211    2 4978          -   88.47211      -  2089 2814s
     7    16   88.47246    3 4982          -   88.47211      -  3626 2826s
    15    32   88.47302    4 5014          -   88.47259      -  3466 2847s
    31    48   88.47449    5 5060          -   88.47412      -  4028 3012s
    47    64   88.47692    6 5066          -   88.47412      - 11776 3033s
    63    80   88.47960    7 5073          -   88.47412      -  9182 3039s
    79    96   88.48270    8 5041          -   88.47412      -  7504 3043s
    95   116   88.48276    9 5039          -   88.47412      -  6385 3061s
   115   140   88.48300   11 4985          -   88.47412      -  5442 3066s
   139   164   88.48816   13 5016          -   88.47412      -  4653 3073s
   163   189   88.49249   14 5001          -   88.47412      -  4093 3078s
   188   205   88.49652   15 5048          -   88.47412      -  3688 3098s
   204   230   88.50012   16 5055          -   88.47412      -  3505 3108s
   229   260   88.50035   17 5032          -   88.47412      -  3246 3116s
   259   291   88.50425   20 4964          -   88.47412      -  2975 3126s
   290   321   88.50470   21 4946          -   88.47412      -  2762 3137s
   320   360   88.50809   22 4905          -   88.47412      -  2602 3149s
   359   404   88.52337   23 4896          -   88.47412      -  2424 3157s
   403   453   88.53852   24 4866          -   88.47412      -  2235 3171s
   452   492   88.54296   25 4821          -   88.47412      -  2083 3183s
   491   544   88.55208   26 4789          -   88.47412      -  2003 3195s
   543   587   88.56992   27 4776          -   88.47412      -  1887 3238s
   586   641   88.58494   28 4759          -   88.47412      -  1869 3263s
   640   687   88.59597   29 4733          -   88.47412      -  1791 3282s
   686   738   89.52843   31 4861          -   88.47412      -  1759 3313s
   737   790   89.52843   40 4862          -   88.47412      -  1726 3343s
   789   859   89.52843   50 4867          -   88.47412      -  1696 3359s
   858   948   89.57513   57 4737          -   88.47412      -  1628 3384s
   947  1030   89.57663   61 4735          -   88.47412      -  1547 3398s
  1029  1116   89.58191   63 4808          -   88.47412      -  1487 3414s
  1115  1214   89.58603   66 4807          -   88.47412      -  1442 3424s
  1213  1307   90.95457   69 4940          -   88.47412      -  1375 3446s
  1314  1375   90.96934   71 4882          -   88.47412      -  1319 3463s
  1387  1474   90.98896   73 4834          -   88.47412      -  1299 3479s
  1486  1578   91.16864   87 4756          -   88.47412      -  1251 3501s
  1591  1704  105.45643   99 4619          -   88.47412      -  1217 3522s
  1718  1826  105.53665  119 4670          -   88.47412      -  1177 3546s
  1848  1976  105.76806  134 4692          -   88.47412      -  1133 3567s
  2001  2161  105.77952  151 4631          -   88.47412      -  1090 3602s
  2193  2331  116.08348  161 4591          -   88.47412      -  1040 3625s
  2382  2530  124.77126  164 4571          -   88.47412      -   989 3656s
  2615  2761  125.38096  184 4544          -   88.47412      -   933 3678s
  2893  3029  125.81725  193 4539          -   88.47412      -   871 3693s
  3228  3284  126.07550  197 4475          -   88.47412      -   801 3725s
  3576  3552  126.33354  200 4528          -   88.47412      -   742 3740s
  3936  3876  127.16598  206 4520          -   88.47412      -   689 3756s
  4327  4214  128.04059  210 4522          -   88.47412      -   638 3773s
  4756  4630  132.30456  213 4421          -   88.47412      -   591 3791s
  5249  5093  132.51522  216 4213          -   88.47412      -   551 3818s
  5836  5626  132.69620  218 4121          -   88.47412      -   511 3833s
  6486  6164  132.79123  220 4008          -   88.47412      -   470 3864s
  7175  6785  133.16596  223 3836          -   88.47412      -   432 3887s
  7926  7477  133.39171  226 3691          -   88.47412      -   397 3911s
  8765  8128  133.95356  233 3176          -   88.47712      -   364 3937s
  9689  8768   89.45424    6 4896          -   88.47712      -   336 3969s
 10610  8769  103.22674  186 5171          -   88.47712      -   313 4873s
 10611  8770   98.47913   47 5171          -   88.47712      -   313 4875s
 10612  8770   89.59845   37 3002          -   88.47712      -   313 5487s
 10613  8771  114.86236  924 3008          -   88.47712      -   313 5895s
 10614  8772  140.78662  814 3954          -   88.47712      -   313 6497s
 10615  8772  129.67350  850 3847          -   89.16249      -   313 6900s
 10616  8773  127.83012  302 4314          -   89.64259      -   313 7158s

Cutting planes:
  Learned: 47
  Gomory: 40
  Cover: 930
  Implied bound: 452
  Projected implied bound: 391
  Clique: 64
  MIR: 3612
  StrongCG: 6
  Flow cover: 4130
  GUB cover: 35
  Zero half: 3
  Network: 1
  RLT: 297
  Relax-and-lift: 179
  PSD: 14

Explored 10616 nodes (4390971 simplex iterations) in 7200.65 seconds (8652.43 work units)
Thread count was 32 (of 32 available processors)

Solution count 0

Time limit reached
Best objective -, best bound 8.964259341278e+01, gap -
