
Gurobi 9.5.2 (linux64) logging started Tue Aug  4 15:37:36 2026

Set parameter LogFile to value "/mnt/beegfs/users/celinep/ChargeAndBreak/logs/RlongCfewTlarge_45_2SP_20260803_212939_039_gurobi.log"
Gurobi Optimizer version 9.5.2 build v9.5.2rc0 (linux64)
Thread count: 16 physical cores, 32 logical processors, using up to 32 threads
Optimize a model with 203374 rows, 99087 columns and 679903 nonzeros
Model fingerprint: 0x47076973
Variable types: 84501 continuous, 14586 integer (14586 binary)
Coefficient statistics:
  Matrix range     [4e-02, 2e+03]
  Objective range  [4e-02, 4e-02]
  Bounds range     [1e+00, 1e+00]
  RHS range        [1e-01, 5e+02]
Presolve removed 65352 rows and 22137 columns
Presolve time: 2.89s
Presolved: 138022 rows, 76950 columns, 595470 nonzeros
Variable types: 66044 continuous, 10906 integer (10905 binary)

Deterministic concurrent LP optimizer: primal and dual simplex (primal and dual model)
Showing first log only...

Root relaxation presolve removed 3068 rows and 3068 columns
Root relaxation presolved: 134954 rows, 73882 columns, 589334 nonzeros


Root simplex log...

Iteration    Objective       Primal Inf.    Dual Inf.      Time
   41649    5.0746212e+01   1.084798e+03   1.305407e+10      5s
   59991    1.2113456e+02   1.851874e+02   3.669576e+09     10s
   69921    1.4696110e+02   1.401509e+00   1.086885e+09     15s
   71541    1.4917099e+02   0.000000e+00   2.744595e+03     16s
   76515    1.3572052e+02   0.000000e+00   2.061135e+03     20s
   81207    1.2890587e+02   0.000000e+00   2.346466e+03     25s
   85695    1.2479076e+02   0.000000e+00   6.001712e+03     30s
   89203    1.2201523e+02   0.000000e+00   8.745700e+03     35s
   91593    1.1960101e+02   0.000000e+00   6.958241e+04     40s
   93811    1.1789264e+02   0.000000e+00   3.330000e+04     45s
   96330    1.1509284e+02   0.000000e+00   2.288485e+04     50s
   98420    1.1323670e+02   0.000000e+00   8.649776e+05     55s
  100620    1.1192451e+02   0.000000e+00   5.954008e+03     60s
  102354    1.1090007e+02   0.000000e+00   1.173897e+04     65s
  104258    1.0995983e+02   0.000000e+00   7.443092e+04     70s
  106148    1.0922508e+02   0.000000e+00   1.828267e+06     75s
  107992    1.0859306e+02   0.000000e+00   2.384670e+04     80s
  109826    1.0821587e+02   0.000000e+00   5.004598e+03     85s
  111610    1.0797903e+02   0.000000e+00   1.434203e+04     90s
  113524    1.0773635e+02   0.000000e+00   3.277581e+03     95s
  115424    1.0744194e+02   0.000000e+00   2.918868e+03    100s
  117154    1.0705323e+02   0.000000e+00   2.606072e+04    105s
  118924    1.0671673e+02   0.000000e+00   1.034625e+03    110s
  120554    1.0653357e+02   0.000000e+00   5.713158e+02    115s
  122688    1.0630361e+02   0.000000e+00   1.817708e+04    120s
  125004    1.0583239e+02   0.000000e+00   2.472770e+03    125s
  126796    1.0562242e+02   0.000000e+00   9.979159e+02    130s
  128700    1.0549551e+02   0.000000e+00   1.678449e+03    135s
  130450    1.0537598e+02   0.000000e+00   2.225996e+04    140s
  132080    1.0529933e+02   0.000000e+00   5.705677e+03    145s
  133880    1.0522924e+02   0.000000e+00   7.353382e+02    150s
  135866    1.0507242e+02   0.000000e+00   4.414469e+03    155s
  137366    1.0502733e+02   0.000000e+00   4.920198e+03    160s
  139066    1.0493835e+02   0.000000e+00   3.742821e+03    165s
  141066    1.0477579e+02   0.000000e+00   1.395854e+03    170s
  142676    1.0469218e+02   0.000000e+00   8.784375e+02    175s
  144536    1.0462033e+02   0.000000e+00   2.801180e+02    180s
  146236    1.0457563e+02   0.000000e+00   1.589897e+04    185s
  147770    1.0452007e+02   0.000000e+00   6.724253e+03    190s
Concurrent spin time: 0.02s

Solved with primal simplex (dual model)

Root relaxation: objective 1.037940e+02, 99737 iterations, 188.37 seconds (214.91 work units)
Total elapsed time = 195.72s

    Nodes    |    Current Node    |     Objective Bounds      |     Work
 Expl Unexpl |  Obj  Depth IntInf | Incumbent    BestBd   Gap | It/Node Time

     0     0  103.79687    0 3828          -  103.79687      -     -  218s
     0     0  105.58688    0 4532          -  105.58688      -     -  395s
     0     0  106.19263    0 5299          -  106.19263      -     -  539s
     0     0  106.20822    0 5327          -  106.20822      -     -  563s
     0     0  106.20995    0 5371          -  106.20995      -     -  570s
     0     0  106.20998    0 5338          -  106.20998      -     -  573s
     0     0  107.29010    0 6108          -  107.29010      -     -  709s
     0     0  107.62812    0 6642          -  107.62812      -     -  803s
     0     0  107.67367    0 6749          -  107.67367      -     -  834s
     0     0  107.68302    0 6657          -  107.68302      -     -  846s
     0     0  107.68548    0 6711          -  107.68548      -     -  849s
     0     0  107.68618    0 6706          -  107.68618      -     -  851s
     0     0  107.68642    0 6732          -  107.68642      -     -  852s
     0     0  109.21790    0 6629          -  109.21790      -     - 1069s
     0     0  109.54592    0 6877          -  109.54592      -     - 1176s
     0     0  109.59606    0 6999          -  109.59606      -     - 1221s
     0     0  109.60177    0 6928          -  109.60177      -     - 1239s
     0     0  109.60335    0 6995          -  109.60335      -     - 1248s
     0     0  109.60369    0 7006          -  109.60369      -     - 1254s
     0     0  110.43816    0 6682          -  110.43816      -     - 1434s
     0     0  110.67717    0 6826          -  110.67717      -     - 1520s
     0     0  110.70907    0 6894          -  110.70907      -     - 1548s
     0     0  110.71504    0 6926          -  110.71504      -     - 1556s
     0     0  110.71631    0 6915          -  110.71631      -     - 1558s
     0     0  111.01522    0 7123          -  111.01522      -     - 1669s
     0     0  111.06984    0 7074          -  111.06984      -     - 1731s
     0     0  111.07714    0 7171          -  111.07714      -     - 1748s
     0     0  111.07936    0 7236          -  111.07936      -     - 1751s
     0     0  111.07972    0 7164          -  111.07972      -     - 1753s
     0     0  111.29567    0 7286          -  111.29567      -     - 1859s
     0     0  111.33647    0 7319          -  111.33647      -     - 1916s
     0     0  111.34389    0 7342          -  111.34389      -     - 1936s
     0     0  111.34528    0 7410          -  111.34528      -     - 1938s
     0     0  111.47917    0 7378          -  111.47917      -     - 2032s
     0     0  111.50273    0 7567          -  111.50273      -     - 2072s
     0     0  111.50676    0 7342          -  111.50676      -     - 2080s
     0     0  111.50743    0 7425          -  111.50743      -     - 2090s
     0     0  111.61158    0 7419          -  111.61158      -     - 2162s
     0     0  111.63063    0 7475          -  111.63063      -     - 2199s
     0     0  111.63404    0 7464          -  111.63404      -     - 2215s
     0     0  111.63466    0 7511          -  111.63466      -     - 2230s
     0     0  111.70337    0 7399          -  111.70337      -     - 2292s
     0     0  111.71641    0 7470          -  111.71641      -     - 2326s
     0     0  111.71807    0 7460          -  111.71807      -     - 2332s
     0     0  111.77218    0 7477          -  111.77218      -     - 2383s
     0     0  111.77890    0 7569          -  111.77890      -     - 2410s
     0     0  111.78023    0 7554          -  111.78023      -     - 2413s
     0     0  111.84040    0 7496          -  111.84040      -     - 2451s
     0     0  111.84687    0 7573          -  111.84687      -     - 2467s
     0     0  111.84784    0 7576          -  111.84784      -     - 2470s
     0     0  111.87717    0 7505          -  111.87717      -     - 2515s
     0     0  111.88263    0 7564          -  111.88263      -     - 2549s
     0     0  111.88355    0 7468          -  111.88355      -     - 2576s
     0     0  111.90576    0 7487          -  111.90576      -     - 2631s
     0     0  111.90819    0 7525          -  111.90819      -     - 2647s
     0     0  111.90859    0 7505          -  111.90859      -     - 2650s
     0     0  111.92790    0 7545          -  111.92790      -     - 2685s
     0     0  111.93145    0 7519          -  111.93145      -     - 2696s
     0     0  111.93194    0 7548          -  111.93194      -     - 2699s
     0     0  111.94863    0 7478          -  111.94863      -     - 2739s
     0     0  111.94863    0 6875          -  111.94863      -     - 2811s
     0     2  111.94863    0 6832          -  111.94863      -     - 4875s
     1     4  111.95157    1 6809          -  111.94881      -  4161 4895s
     3     8  111.95208    2 6844          -  111.95201      -  7178 4911s
     7    16  111.95257    3 6842          -  111.95208      -  6095 4944s
    15    32  111.95345    4 6820          -  111.95258      -  6201 4970s
    31    48  111.95345    5 6848          -  111.95345      -  5491 5284s
    47    64  111.95479    6 6758          -  111.95345      - 24668 5293s
    63    80  111.95743    7 6796          -  111.95345      - 18749 5308s
    79    96  111.95743    8 6796          -  111.95345      - 15385 5318s
    95   115  111.95800    9 6792          -  111.95345      - 13073 5333s
   114   138  111.95811   11 6739          -  111.95345      - 11206 5348s
   137   162  111.95925   13 6750          -  111.95345      -  9572 5359s
   161   189  111.95933   15 6726          -  111.95345      -  8326 5373s
   188   214  111.95945   18 6698          -  111.95345      -  7307 5382s
   213   244  111.95967   21 6653          -  111.95345      -  6589 5395s
   243   275  111.96920   24 6581          -  111.95345      -  5940 5414s
   274   308  111.97948   26 6540          -  111.95345      -  5431 5432s
   307   342  111.99478   30 6528          -  111.95345      -  4963 5441s
   341   379  112.00344   32 6495          -  111.95345      -  4584 5458s
   378   414  112.01583   34 6456          -  111.95345      -  4250 5477s
   413   463  112.03287   36 6450          -  111.95345      -  4025 5489s
   462   512  112.03829   38 6440          -  111.95345      -  3693 5498s
   511   549  112.04185   41 6510          -  111.95345      -  3431 5517s
   548   606  112.04236   42 6544          -  111.95345      -  3302 5536s
   605   651  112.04688   44 6520          -  111.95345      -  3089 5550s
   650   714  112.04999   47 6457          -  111.95345      -  2952 5574s
   713   781  112.06685   51 6440          -  111.95345      -  2773 5593s
   780   869  112.07380   53 6443          -  111.95345      -  2618 5622s
   868   961  112.09224   55 6433          -  111.95345      -  2414 5636s
   960  1054  112.09786   58 6332          -  111.95345      -  2246 5648s
  1053  1166  112.11555   60 6519          -  111.95345      -  2099 5666s
  1165  1279  112.13123   64 6496          -  111.95345      -  1947 5687s
  1278  1401  112.83174   64 6109          -  111.95345      -  1829 5715s
  1400  1551  112.84029   65 6085          -  111.95345      -  1719 5745s
  1550  1745  112.84268   66 6092          -  111.95345      -  1598 5761s
  1744  1943  112.85200   71 6073          -  111.95345      -  1469 5781s
  1944  2136  114.04378   90 6012          -  111.95345      -  1363 5806s
  2137  2298  114.04378   91 6011          -  111.95345      -  1277 5827s
  2301  2471  114.08590  105 5992          -  111.95345      -  1223 5869s
  2474  2649  115.25159  111 5955          -  111.95345      -  1174 5891s
  2652  2810  115.26331  114 6003          -  111.95345      -  1129 5918s
  2815  3039  115.26331  115 6004          -  111.95345      -  1097 5948s
  3048  3240  115.26542  126 5987          -  111.95345      -  1048 5980s
  3255  3393  115.27883  132 5961          -  111.95345      -  1007 6007s
  3414  3578  115.30399  160 5980          -  111.95345      -   986 6029s
  3599  3740  132.91875  181 5958          -  111.95345      -   962 6054s
  3763  3902  132.20024  203 5995          -  111.95345      -   946 6093s
  3933  4059  132.66448  212 5971          -  111.95345      -   937 6137s
  4112  4185  132.89444  217 6010          -  111.95345      -   925 6168s
  4260  4380  133.09858  221 5937          -  111.95345      -   914 6211s
  4467  4604  133.58670  228 5994          -  111.95345      -   902 6252s
  4720  4773  133.77850  231 5817          -  111.95345      -   890 6276s
  4961  4982  134.02054  234 5955          -  111.95345      -   871 6299s
  5233  5258  134.27515  237 5779          -  111.95345      -   849 6326s
  5576  5591  134.91886  244 5762          -  111.95345      -   820 6356s
  6003  5908  139.58754  248 5920          -  111.95345      -   785 6380s
  6400  6205  149.57853  274 5931          -  111.95345      -   755 6405s
  6781  6522  159.21293  287 5900          -  111.95345      -   731 6433s
  7208  6967  180.45110  293 5604          -  111.95345      -   705 6457s
  7763  7505  180.62281  297 5413          -  111.95345      -   671 6491s
  8369  8183  181.38223  308 4630          -  111.95345      -   638 6519s
  9110  8587  183.35912  331 3007          -  111.95521      -   602 6546s
  9695  8949  112.37159    6 6465          -  111.95521      -   583 6574s
 10125  9453  113.59127   10 6531          -  111.95521      -   572 6605s

Cutting planes:
  Learned: 81
  Gomory: 5
  Cover: 721
  Implied bound: 1122
  Clique: 2056
  MIR: 3736
  Flow cover: 3583
  GUB cover: 1
  Zero half: 45
  RLT: 623
  Relax-and-lift: 151
  PSD: 11

Explored 10635 nodes (7051506 simplex iterations) in 7200.09 seconds (13866.50 work units)
Thread count was 32 (of 32 available processors)

Solution count 0

Time limit reached
Best objective -, best bound 1.119552056071e+02, gap -
