
Gurobi 9.5.2 (linux64) logging started Fri Aug  7 09:26:25 2026

Set parameter LogFile to value "/mnt/beegfs/users/celinep/ChargeAndBreak/logs/RlongCmediumTtight_40_2SP_20260805_125729_184_gurobi.log"
Gurobi Optimizer version 9.5.2 build v9.5.2rc0 (linux64)
Thread count: 16 physical cores, 32 logical processors, using up to 32 threads
Optimize a model with 209391 rows, 101911 columns and 699020 nonzeros
Model fingerprint: 0x009d3a25
Variable types: 87001 continuous, 14910 integer (14910 binary)
Coefficient statistics:
  Matrix range     [2e-02, 2e+03]
  Objective range  [4e-02, 4e-02]
  Bounds range     [1e+00, 1e+00]
  RHS range        [4e-02, 5e+02]
Presolve removed 67463 rows and 22733 columns
Presolve time: 3.04s
Presolved: 141928 rows, 79178 columns, 611826 nonzeros
Variable types: 67988 continuous, 11190 integer (11190 binary)

Deterministic concurrent LP optimizer: primal and dual simplex (primal and dual model)
Showing first log only...

Root relaxation presolve removed 3062 rows and 3062 columns
Root relaxation presolved: 138866 rows, 76116 columns, 605702 nonzeros


Root simplex log...

Iteration    Objective       Primal Inf.    Dual Inf.      Time
   15687    4.7692731e+01   8.304270e+03   7.952885e+10      5s
   61094    1.4426330e+02   3.520704e+01   4.050233e+09     10s
   64128    1.5588907e+02   0.000000e+00   1.033261e+04     12s
   67660    1.4120627e+02   0.000000e+00   1.991122e+03     15s
   72421    1.3715137e+02   0.000000e+00   4.881906e+03     20s
   76975    1.3266320e+02   0.000000e+00   3.173312e+03     25s
   81529    1.2904878e+02   0.000000e+00   1.371490e+03     30s
   85048    1.2298803e+02   0.000000e+00   3.711543e+03     35s
   88360    1.2057818e+02   0.000000e+00   6.873613e+02     40s
   91672    1.1848679e+02   0.000000e+00   5.698568e+02     45s
   94552    1.1731037e+02   0.000000e+00   8.114851e+04     50s
   96866    1.1500482e+02   0.000000e+00   2.807012e+04     55s
   99120    1.1384175e+02   0.000000e+00   2.011998e+04     60s
  101361    1.1284164e+02   0.000000e+00   2.055729e+03     65s
  103781    1.1201358e+02   0.000000e+00   6.180861e+03     70s
  106082    1.1158217e+02   0.000000e+00   4.546225e+03     75s
  108426    1.1084039e+02   0.000000e+00   1.552264e+03     80s
  110813    1.1052087e+02   0.000000e+00   7.769280e+02     85s
  113422    1.1017090e+02   0.000000e+00   6.905961e+04     90s
  116131    1.0980837e+02   0.000000e+00   3.504977e+03     95s
  118405    1.0958853e+02   0.000000e+00   2.953104e+04    100s
  120629    1.0941958e+02   0.000000e+00   3.446963e+03    105s
  122850    1.0924154e+02   0.000000e+00   2.194446e+04    110s
  124760    1.0916901e+02   0.000000e+00   8.442334e+03    115s
  126794    1.0902123e+02   0.000000e+00   1.596468e+02    120s
  128988    1.0891083e+02   0.000000e+00   2.567109e+03    125s
  131139    1.0879946e+02   0.000000e+00   1.981139e+02    130s
  133229    1.0871763e+02   0.000000e+00   1.789785e+04    135s
  135310    1.0864906e+02   0.000000e+00   5.674057e+03    140s
  137367    1.0859646e+02   0.000000e+00   1.324544e+03    145s
  139634    1.0850748e+02   0.000000e+00   9.955861e+02    150s
  141962    1.0844774e+02   0.000000e+00   4.173667e+02    155s
  144190    1.0841689e+02   0.000000e+00   2.307573e+02    160s
  146061    1.0834328e+02   0.000000e+00   3.534150e+03    166s
  147621    1.0829717e+02   0.000000e+00   4.619315e+04    170s
  149191    1.0825835e+02   0.000000e+00   1.638865e+05    175s
  151289    1.0817125e+02   0.000000e+00   1.444484e+03    180s
Concurrent spin time: 0.00s

Solved with primal simplex (dual model)

Root relaxation: objective 1.078004e+02, 99816 iterations, 180.14 seconds (191.58 work units)
Total elapsed time = 187.36s
Total elapsed time = 191.33s

    Nodes    |    Current Node    |     Objective Bounds      |     Work
 Expl Unexpl |  Obj  Depth IntInf | Incumbent    BestBd   Gap | It/Node Time

     0     0  107.80537    0 4231          -  107.80537      -     -  228s
     0     0  109.03135    0 4702          -  109.03135      -     -  476s
     0     0  110.04603    0 5472          -  110.04603      -     -  635s
     0     0  110.10268    0 5617          -  110.10268      -     -  685s
     0     0  110.11190    0 5505          -  110.11190      -     -  702s
     0     0  110.11452    0 5497          -  110.11452      -     -  719s
     0     0  110.11659    0 5534          -  110.11659      -     -  736s
     0     0  110.11817    0 5579          -  110.11817      -     -  752s
     0     0  110.11964    0 5555          -  110.11964      -     -  768s
     0     0  110.12153    0 5556          -  110.12153      -     -  780s
     0     0  110.12328    0 5583          -  110.12328      -     -  792s
     0     0  110.12330    0 5559          -  110.12330      -     -  793s
     0     0  111.36877    0 6421          -  111.36877      -     - 1087s
     0     0  111.56539    0 6478          -  111.56539      -     - 1223s
     0     0  111.59399    0 6596          -  111.59399      -     - 1268s
     0     0  111.60029    0 6577          -  111.60029      -     - 1294s
     0     0  111.60168    0 6582          -  111.60168      -     - 1311s
     0     0  111.60190    0 6581          -  111.60190      -     - 1320s
     0     0  112.96476    0 6801          -  112.96476      -     - 1606s
     0     0  113.31361    0 6885          -  113.31361      -     - 1766s
     0     0  113.37820    0 6878          -  113.37820      -     - 1812s
     0     0  113.38660    0 6901          -  113.38660      -     - 1824s
     0     0  113.38774    0 6923          -  113.38774      -     - 1833s
     0     0  114.14105    0 6990          -  114.14105      -     - 2222s
     0     0  114.30955    0 7097          -  114.30955      -     - 2384s
     0     0  114.35382    0 7164          -  114.35382      -     - 2432s
     0     0  114.35934    0 7226          -  114.35934      -     - 2442s
     0     0  114.36047    0 7265          -  114.36047      -     - 2445s
     0     0  114.64316    0 7416          -  114.64316      -     - 2607s
     0     0  114.69001    0 7460          -  114.69001      -     - 2669s
     0     0  114.69776    0 7511          -  114.69776      -     - 2700s
     0     0  114.69927    0 7483          -  114.69927      -     - 2713s
     0     0  114.89984    0 7461          -  114.89984      -     - 2983s
     0     0  114.93096    0 7460          -  114.93096      -     - 3068s
     0     0  114.93649    0 7587          -  114.93649      -     - 3085s
     0     0  114.93809    0 7567          -  114.93809      -     - 3126s
     0     0  115.08323    0 7411          -  115.08323      -     - 3452s
     0     0  115.10912    0 7491          -  115.10912      -     - 3526s
     0     0  115.11516    0 7543          -  115.11516      -     - 3586s
     0     0  115.11615    0 7576          -  115.11615      -     - 3597s
     0     0  115.22717    0 7559          -  115.22717      -     - 3830s
     0     0  115.24274    0 7589          -  115.24274      -     - 4063s
     0     0  115.24593    0 7578          -  115.24593      -     - 4110s
     0     0  115.24640    0 7639          -  115.24640      -     - 4120s
     0     0  115.34092    0 7528          -  115.34092      -     - 4265s
     0     0  115.35476    0 7561          -  115.35476      -     - 4354s
     0     0  115.35788    0 7589          -  115.35788      -     - 4372s
     0     0  115.35860    0 7605          -  115.35860      -     - 4380s
     0     0  115.43081    0 7458          -  115.43081      -     - 4536s
     0     0  115.44080    0 7493          -  115.44080      -     - 4582s
     0     0  115.44190    0 7523          -  115.44190      -     - 4598s
     0     0  115.50055    0 7570          -  115.50055      -     - 4749s
     0     0  115.50735    0 7634          -  115.50735      -     - 4836s
     0     0  115.50855    0 7596          -  115.50855      -     - 4841s
     0     0  115.55890    0 7497          -  115.55890      -     - 4960s
     0     0  115.56536    0 7583          -  115.56536      -     - 5017s
     0     0  115.56683    0 7590          -  115.56683      -     - 5030s
     0     0  115.60558    0 7611          -  115.60558      -     - 5189s
     0     0  115.61511    0 7642          -  115.61511      -     - 5255s
     0     0  115.61587    0 7676          -  115.61587      -     - 5277s
     0     0  115.64252    0 7613          -  115.64252      -     - 5353s
     0     0  115.64573    0 7666          -  115.64573      -     - 5397s
     0     0  115.64621    0 7675          -  115.64621      -     - 5405s
     0     0  115.67151    0 7592          -  115.67151      -     - 5463s
     0     0  115.67496    0 7580          -  115.67496      -     - 5486s
     0     0  115.67605    0 7628          -  115.67605      -     - 5495s
     0     0  115.69706    0 7621          -  115.69706      -     - 5527s
     0     0  115.70049    0 7595          -  115.70049      -     - 5547s
     0     0  115.70091    0 7638          -  115.70091      -     - 5549s
     0     0  115.72166    0 7563          -  115.72166      -     - 5586s
     0     0  115.72429    0 7612          -  115.72429      -     - 5615s
     0     0  115.72458    0 7582          -  115.72458      -     - 5619s
     0     0  115.73647    0 7603          -  115.73647      -     - 5645s
     0     0  115.73734    0 7637          -  115.73734      -     - 5656s
     0     0  115.74464    0 7547          -  115.74464      -     - 5701s
     0     0  115.74464    0 6845          -  115.74464      -     - 5811s

Cutting planes:
  Learned: 112
  Gomory: 7
  Cover: 610
  Implied bound: 1401
  Clique: 2079
  MIR: 4219
  StrongCG: 2
  Flow cover: 3835
  GUB cover: 23
  Zero half: 11
  RLT: 705
  Relax-and-lift: 218
  PSD: 4

Explored 1 nodes (1188506 simplex iterations) in 7200.05 seconds (9109.70 work units)
Thread count was 32 (of 32 available processors)

Solution count 0

Time limit reached
Best objective -, best bound 1.157446428882e+02, gap -
