
Gurobi 9.5.2 (linux64) logging started Sat Aug 15 11:48:56 2026

Set parameter LogFile to value "/mnt/beegfs/users/celinep/ChargeAndBreak/logs/RlongCfewTlarge_18_RO_20260815_094854_009_gurobi.log"
Gurobi Optimizer version 9.5.2 build v9.5.2rc0 (linux64)
Thread count: 16 physical cores, 32 logical processors, using up to 32 threads
Optimize a model with 9009 rows, 5033 columns and 31089 nonzeros
Model fingerprint: 0xe7ce66b6
Variable types: 3176 continuous, 1857 integer (1857 binary)
Coefficient statistics:
  Matrix range     [3e-02, 2e+03]
  Objective range  [1e+00, 1e+00]
  Bounds range     [1e+00, 1e+00]
  RHS range        [5e-02, 5e+02]
Presolve removed 2885 rows and 940 columns
Presolve time: 0.10s
Presolved: 6124 rows, 4093 columns, 27604 nonzeros
Variable types: 2425 continuous, 1668 integer (1667 binary)
Found heuristic solution: objective 314.0460081

Root relaxation: objective 1.690438e+02, 4515 iterations, 0.12 seconds (0.09 work units)

    Nodes    |    Current Node    |     Objective Bounds      |     Work
 Expl Unexpl |  Obj  Depth IntInf | Incumbent    BestBd   Gap | It/Node Time

     0     0  169.04383    0  320  314.04601  169.04383  46.2%     -    0s
H    0     0                     297.8627923  169.04383  43.2%     -    0s
     0     0  170.54403    0  368  297.86279  170.54403  42.7%     -    0s
H    0     0                     292.2506364  170.54403  41.6%     -    0s
H    0     0                     216.9988449  170.59431  21.4%     -    0s
     0     0  170.59431    0  386  216.99884  170.59431  21.4%     -    0s
     0     0  170.59606    0  325  216.99884  170.59606  21.4%     -    0s
     0     0  170.59606    0  326  216.99884  170.59606  21.4%     -    0s
     0     0  171.02797    0  431  216.99884  171.02797  21.2%     -    1s
     0     0  171.10642    0  367  216.99884  171.10642  21.1%     -    1s
     0     0  171.10753    0  391  216.99884  171.10753  21.1%     -    1s
     0     0  171.10792    0  393  216.99884  171.10792  21.1%     -    1s
H    0     0                     214.5127627  171.10792  20.2%     -    1s
     0     0  171.39343    0  471  214.51276  171.39343  20.1%     -    1s
H    0     0                     214.1855472  171.51534  19.9%     -    1s
     0     0  171.51534    0  382  214.18555  171.51534  19.9%     -    1s
     0     0  171.54261    0  358  214.18555  171.54261  19.9%     -    1s
     0     0  171.55367    0  376  214.18555  171.55367  19.9%     -    1s
     0     0  171.55468    0  383  214.18555  171.55468  19.9%     -    1s
     0     0  171.55492    0  366  214.18555  171.55492  19.9%     -    1s
     0     0  172.11142    0  458  214.18555  172.11142  19.6%     -    2s
     0     0  172.16462    0  317  214.18555  172.16462  19.6%     -    2s
     0     0  172.17313    0  363  214.18555  172.17313  19.6%     -    2s
     0     0  172.17395    0  365  214.18555  172.17395  19.6%     -    2s
     0     0  172.17396    0  365  214.18555  172.17396  19.6%     -    2s
     0     0  172.25428    0  464  214.18555  172.25428  19.6%     -    2s
     0     0  172.26331    0  382  214.18555  172.26331  19.6%     -    2s
     0     0  172.26387    0  397  214.18555  172.26387  19.6%     -    2s
     0     0  172.30421    0  505  214.18555  172.30421  19.6%     -    2s
     0     0  172.31137    0  476  214.18555  172.31137  19.6%     -    2s
     0     0  172.31316    0  508  214.18555  172.31316  19.5%     -    2s
     0     0  172.31390    0  475  214.18555  172.31390  19.5%     -    2s
     0     0  172.32308    0  528  214.18555  172.32308  19.5%     -    3s
     0     0  172.33209    0  538  214.18555  172.33209  19.5%     -    3s
     0     0  172.33220    0  486  214.18555  172.33220  19.5%     -    3s
     0     0  172.33499    0  506  214.18555  172.33499  19.5%     -    3s
     0     0  172.33643    0  538  214.18555  172.33643  19.5%     -    3s
     0     0  172.33650    0  539  214.18555  172.33650  19.5%     -    3s
     0     0  172.34915    0  507  214.18555  172.34915  19.5%     -    3s
H    0     0                     212.9698031  172.34915  19.1%     -    3s
     0     0  172.35989    0  501  212.96980  172.35989  19.1%     -    3s
     0     0  172.36812    0  497  212.96980  172.36812  19.1%     -    3s
     0     0  172.36832    0  495  212.96980  172.36832  19.1%     -    3s
     0     0  172.37212    0  524  212.96980  172.37212  19.1%     -    3s
     0     0  172.37337    0  563  212.96980  172.37337  19.1%     -    4s
     0     0  172.37347    0  565  212.96980  172.37347  19.1%     -    4s
     0     0  172.37505    0  538  212.96980  172.37505  19.1%     -    4s
     0     0  172.37629    0  525  212.96980  172.37629  19.1%     -    4s
     0     0  172.37763    0  526  212.96980  172.37763  19.1%     -    4s
     0     0  172.37800    0  534  212.96980  172.37800  19.1%     -    4s
     0     0  172.38598    0  525  212.96980  172.38598  19.1%     -    4s
     0     0  172.38695    0  446  212.96980  172.38695  19.1%     -    4s
     0     0  172.38716    0  445  212.96980  172.38716  19.1%     -    4s
     0     0  172.39193    0  420  212.96980  172.39193  19.1%     -    4s
H    0     0                     212.9351156  172.39193  19.0%     -    4s
     0     0  172.39471    0  447  212.93512  172.39471  19.0%     -    4s
     0     0  172.39471    0  445  212.93512  172.39471  19.0%     -    4s
     0     0  172.40613    0  487  212.93512  172.40613  19.0%     -    5s
     0     0  172.40626    0  484  212.93512  172.40626  19.0%     -    5s
     0     0  172.40714    0  483  212.93512  172.40714  19.0%     -    5s
     0     0  172.40734    0  484  212.93512  172.40734  19.0%     -    5s
     0     0  172.41011    0  525  212.93512  172.41011  19.0%     -    5s
     0     0  172.41011    0  474  212.93512  172.41011  19.0%     -    5s
H    0     0                     212.8839728  172.41011  19.0%     -    6s
     0     2  172.41011    0  418  212.88397  172.41011  19.0%     -    6s
H   39    48                     212.8125260  172.42859  19.0%   242    9s
    63    80  172.43343    7  527  212.81253  172.42859  19.0%   184   11s
H   79    96                     212.7081058  172.42859  18.9%   164   12s
H   80    96                     212.4195642  172.42859  18.8%   166   12s
   120   137  172.57038   11  494  212.41956  172.42859  18.8%   138   15s
H  121   137                     212.0187351  172.42859  18.7%   137   15s
H  123   137                     211.5814761  172.42859  18.5%   135   15s
H  124   137                     211.5772375  172.42859  18.5%   134   15s
H  128   137                     211.5575756  172.42859  18.5%   131   15s
H  131   137                     211.5336807  172.42859  18.5%   132   15s
H  183   198                     211.3443354  172.42859  18.4%   107   28s
H  185   198                     211.1623985  172.42859  18.3%   106   28s
H  192   198                     211.0666682  172.42859  18.3%   104   28s
H  238   249                     200.9576768  172.42859  14.2%  91.8   41s
H  239   249                     200.4265413  172.42859  14.0%  91.5   41s
H  241   249                     200.2804670  172.42859  13.9%  91.5   41s
   306   313  172.59511   21  485  200.28047  172.42859  13.9%  84.3   46s
   421   428  172.62889   27  440  200.28047  172.42859  13.9%  75.5   58s
   566   585  173.77393   34  437  200.28047  172.42859  13.9%  67.2   60s
   943   935  173.80050   60  419  200.28047  172.42859  13.9%  56.8   70s
H  946   935                     200.1838923  172.42859  13.9%  56.7   70s
H 1095  1076                     200.1838923  172.42859  13.9%  54.2   74s
H 1100  1076                     200.1794950  172.42859  13.9%  54.1   74s
  1283  1371  173.91902   79  394  200.17949  172.42859  13.9%  50.5   75s
  1561  1528  179.54471   98  351  200.17949  172.42859  13.9%  47.6   81s
H 2000  2023                     200.1669147  172.42859  13.9%  45.9   83s
H 2531  2411                     200.1473000  172.43287  13.8%  45.4   88s
  2875  2685  176.45458   67  474  200.14730  172.43287  13.8%  45.5   95s
  2884  2691  177.14687  151  554  200.14730  172.59537  13.8%  45.3  100s
  2897  2700  179.68995  130  473  200.14730  173.14273  13.5%  45.1  105s
  2917  2713  199.03807  109  508  200.14730  173.65120  13.2%  44.8  110s
  2948  2734  177.14905   36  429  200.14730  174.27460  12.9%  44.3  115s
H 2966  2607                     200.1472992  174.68351  12.7%  44.1  119s
  2975  2613  176.45458   67  589  200.14730  174.75967  12.7%  43.9  120s
  2991  2623  180.60528   10  471  200.14730  175.32262  12.4%  43.7  125s
  3017  2641  199.03807  109  632  200.14730  175.66911  12.2%  43.3  130s
  3045  2659  186.78833   17  543  200.14730  176.05832  12.0%  42.9  136s
  3068  2675  179.55041   56  595  200.14730  176.30946  11.9%  42.6  140s
  3088  2688  176.51233   44  604  200.14730  176.51233  11.8%  42.3  145s
  3115  2706  182.23768  121  554  200.14730  176.88500  11.6%  42.0  150s
  3135  2719  199.06206  114  503  200.14730  177.41336  11.4%  41.7  155s
  3164  2739  177.77320   54  603  200.14730  177.77320  11.2%  41.3  160s
  3195  2759  188.60309   36  557  200.14730  178.07143  11.0%  40.9  165s
  3218  2775  199.63057  167  548  200.14730  178.21004  11.0%  40.6  170s
  3249  2795  178.98038   40  509  200.14730  178.39387  10.9%  40.2  175s
  3285  2819  185.63366  106  503  200.14730  178.59563  10.8%  39.8  180s
  3314  2839  178.75758   51  512  200.14730  178.75758  10.7%  39.4  185s
  3336  2853  180.11367   81  615  200.14730  178.85524  10.6%  39.2  190s
  3363  2871  191.50943   87  551  200.14730  178.90755  10.6%  38.9  195s
  3389  2889  178.93163    5  564  200.14730  178.93163  10.6%  38.6  200s
  3412  2904  178.98200    9  544  200.14730  178.98200  10.6%  38.3  205s
  3431  2917  189.40708   50  585  200.14730  179.02715  10.6%  38.1  210s
  3459  2935  179.13328   14  574  200.14730  179.13328  10.5%  37.8  215s
  3480  2949  179.18226   57  512  200.14730  179.18226  10.5%  37.6  220s
  3495  2959  188.60309   36  569  200.14730  179.20359  10.5%  37.4  225s
  3508  2968  179.21143   66  566  200.14730  179.21143  10.5%  37.3  230s
  3521  2977  188.02431   15  495  200.14730  179.23571  10.4%  37.1  236s
  3539  2990  187.62105   91  474  200.14730  179.26086  10.4%   101  240s
  3544  2993  179.26086   18  330  200.14730  179.26086  10.4%   101  245s
  3550  2997  179.26086   92  318  200.14730  179.26086  10.4%   101  250s
  3564  3007  179.49316   54  461  200.14730  179.49316  10.3%   100  255s
  3583  3019  179.74705  125  483  200.14730  179.74705  10.2%   100  261s
  3594  3027  179.79167   45  583  200.14730  179.79167  10.2%  99.4  265s
  3607  3035  179.81392   18  546  200.14730  179.81392  10.2%  99.0  270s
  3616  3041  200.11522  157  504  200.14730  179.83073  10.2%  98.8  275s
  3623  3046  198.97223   48  506  200.14730  179.83555  10.1%  98.6  281s
  3638  3056  179.86614   29  521  200.14730  179.86614  10.1%  98.2  285s
  3649  3063  179.88196   40  504  200.14730  179.88196  10.1%  97.9  290s
H 3657  2913                     200.1472991  179.88871  10.1%  97.7  292s
  3664  2917  179.89116   54  527  200.14730  179.89116  10.1%  97.5  295s
  3672  2923  179.89307  113  556  200.14730  179.89307  10.1%  97.3  300s
  3678  2928  182.62358    8  157  200.14730  179.89349  10.1%   116  305s
  3679  2929  180.60434    8   95  200.14730  179.89349  10.1%   116  310s
  3681  2930  179.89349   33   67  200.14730  179.89349  10.1%   116  317s
  3683  2932  179.89349  125  105  200.14730  179.89349  10.1%   116  322s
  3685  2933  185.63366  106   68  200.14730  179.89349  10.1%   116  326s
  3687  2934  179.89349  131   96  200.14730  179.89349  10.1%   116  330s
  3690  2936  179.89349   10  226  200.14730  179.89349  10.1%   115  336s
  3691  2937  180.60528   10  181  200.14730  179.89349  10.1%   115  340s
  3693  2938  179.89349   56  245  200.14730  179.89349  10.1%   115  349s
  3694  2939  179.89349   45  402  200.14730  179.89349  10.1%   115  352s
  3695  2940  188.60309   36  159  200.14730  179.89349  10.1%   115  364s
  3696  2940  179.89349    9  412  200.14730  179.89349  10.1%   115  369s
  3697  2941  179.89349  130  313  200.14730  179.89349  10.1%   115  380s
  3699  2942  179.89349   52  312  200.14730  179.89349  10.1%   115  385s
  3700  2946  179.89349   36  364  200.14730  179.89349  10.1%   142  420s
  3702  2949  180.11715   37  447  200.14730  179.89349  10.1%   143  444s
  3706  2956  180.22098   38  532  200.14730  180.04827  10.0%   145  447s
  3730  2980  180.23758   40  532  200.14730  180.16935  10.0%   147  450s
  3820  3038  180.92221   42  448  200.14730  180.23121  10.0%   149  458s
  3861  3065  180.41201   44  509  200.14730  180.23507  9.95%   148  464s
  3877  3088  180.89096   44  528  200.14730  180.23507  9.95%   148  465s
  3984  3145  180.94232   46  485  200.14730  180.23795  9.95%   147  474s
  4000  3187  180.46778   47  483  200.14730  180.23795  9.95%   147  475s
  4266  3321  180.59566   51  495  200.14730  180.23795  9.95%   146  486s
H 4275  3170                     200.1472991  180.23795  9.95%   146  486s
  4562  3351  181.49925   53  409  200.14730  180.23795  9.95%   141  495s
  4800  3466  180.66670   56  410  200.14730  180.23795  9.95%   139  503s
H 4854  3355                     200.1400708  180.23795  9.94%   138  504s
  4866  3444  180.67514   57  452  200.14007  180.23795  9.94%   138  505s
  5603  3874  180.77754   66  378  200.14007  180.23795  9.94%   130  510s
  5865  3968  180.81073   69  396  200.14007  180.23795  9.94%   128  516s
H 5873  3833                     200.1400708  180.23795  9.94%   128  516s
  5986  3950  182.57349   71  341  200.14007  180.23795  9.94%   128  521s
  6262  4186  181.04287   77  398  200.14007  180.23795  9.94%   127  525s
  7338  5056  181.10850   88  382  200.14007  180.23795  9.94%   118  530s
  7691  4955  182.68195   90  401  200.14007  180.23795  9.94%   115  535s
H 8002  4974                     200.1348623  180.23795  9.94%   114  541s
  8546  5669  181.17985  100  379  200.13486  180.23795  9.94%   112  545s
H 8810  5449                     199.6516570  180.23795  9.72%   111  545s
 10040  6028  181.31551  114  386  199.65166  180.23795  9.72%   107  550s
 10894  6702  181.51677  125  340  199.65166  180.23795  9.72%   105  555s
H11163  6702                     199.6461218  180.23795  9.72%   105  555s
 12097  7533  187.24502  149  237  199.64612  180.23795  9.72%   104  561s
H12111  7533                     199.6461218  180.23795  9.72%   104  561s
H12132  4852                     190.3249307  180.23795  5.30%   104  561s
H12222  4878                     190.1744020  180.23795  5.22%   104  564s
H12340  4790                     189.8556618  180.23795  5.07%   104  566s
H12342  4771                     189.7947836  180.23795  5.04%   104  566s
H12343  4771                     189.7923254  180.23795  5.03%   104  566s
H12346  4757                     189.7518800  180.23795  5.01%   104  566s
H12354  4756                     189.7413071  180.23795  5.01%   105  566s
H12362  4755                     189.7364627  180.23795  5.01%   105  566s
 12370  4866  185.07143  157  258  189.73646  180.23795  5.01%   105  570s
H12417  4866                     189.7364626  180.23795  5.01%   105  570s
H12530  4907                     189.7332150  180.23795  5.00%   106  574s
H12536  4902                     189.7199918  180.23795  5.00%   106  574s
 12566  5064  182.27474  168  274  189.71999  180.23795  5.00%   106  576s
 12747  5250  185.08678  178  223  189.71999  180.23795  5.00%   106  595s
 13222  5626  185.49132  198  201  189.71999  180.23795  5.00%   106  604s
H13243  5541                     189.5387798  180.23795  4.91%   106  604s
 13400  5803  183.28929  204  202  189.53878  180.23795  4.91%   105  607s
 13720  6321  183.53915  222  185  189.53878  180.23795  4.91%   105  610s
H13801  6317                     189.5287485  180.23795  4.90%   105  610s
 14368  6506  183.77143  263  173  189.52875  180.23795  4.90%   103  629s
H14451  6490                     189.4868256  180.23795  4.88%   103  629s
H14452  6469                     189.4454151  180.23795  4.86%   103  629s
H14453  6451                     189.3927232  180.23795  4.83%   103  629s
 14580  6762  184.01935  300  153  189.39272  180.23795  4.83%   103  634s
 14973  7264     cutoff  326       189.39272  180.32714  4.79%   102  637s
 15570  7725  180.54216   48  590  189.39272  180.32734  4.79%   102  640s
 16868  8601  181.05801   88  466  189.39272  180.32734  4.79%   101  648s
 17216  8869  181.81463   98  421  189.39272  180.32734  4.79%   102  652s
 17560  9057  182.15590  123  407  189.39272  180.32734  4.79%   103  669s
 17894  9329  182.65011  142  447  189.39272  180.32734  4.79%   103  674s
 18245  9663  182.99369  172  298  189.39272  180.32734  4.79%   104  678s
 18664  9675  184.45730  211  269  189.39272  180.32734  4.79%   104  691s
 18680 10059     cutoff  212       189.39272  180.34397  4.78%   104  696s
H19305 10784                     189.3888609  180.35782  4.77%   103  699s
 20054 10839  181.12646   87  482  189.38886  180.35782  4.77%   102  715s
H20118 10839                     189.3888608  180.35782  4.77%   102  715s
 20614 13152  181.57584  122  412  189.38886  180.35782  4.77%   103  727s
 22722 13552  184.32183  316  147  189.38886  180.39129  4.75%   100  730s
 24073 15267  189.34270   74  473  189.38886  180.39149  4.75%  99.2  738s
 25055 15771  181.12626   69  546  189.38886  180.39149  4.75%  98.4  741s
 26078 17074  187.47371  155  410  189.38886  180.46218  4.71%  99.4  750s
 27124 17865  180.76140   54  600  189.38886  180.50390  4.69%  99.2  755s
 28138 18293  181.92584   88  429  189.38886  180.50748  4.69%  99.0  760s
 28795 18715  181.00341   55  559  189.38886  180.50748  4.69%   100  769s
 29205 19256  182.05966   94  459  189.38886  180.50748  4.69%   101  775s
 29786 20403  183.22860  161  362  189.38886  180.52696  4.68%   103  781s
 31181 21323  183.88600   90  333  189.38886  180.52947  4.68%   103  786s
 32380 22186  180.84294   72  548  189.38886  180.53650  4.67%   104  792s
 33567 23271  181.41042  160  405  189.38886  180.53682  4.67%   104  800s
 35114 23601  181.35181   51  408  189.38886  180.55149  4.67%   103  809s
H35185 23581                     189.3632027  180.55149  4.65%   104  809s
 35515 23607  181.75883   70  458  189.36320  180.55149  4.65%   104  822s
H35520 23607                     189.3632027  180.55149  4.65%   104  822s
 35541 24448  181.80328   73  480  189.36320  180.55149  4.65%   104  835s
 36568 25634  182.59417  120  336  189.36320  180.55166  4.65%   104  844s
 38056 26697  180.69608   52  504  189.36320  180.55557  4.65%   104  853s
 39277 27500  186.90346  109  304  189.36320  180.56984  4.64%   104  862s
 40430 27643  181.09891   61  471  189.36320  180.57629  4.64%   105  872s
 40664 28488  181.10217   62  465  189.36320  180.57629  4.64%   105  885s
 41724 30881  183.81748  178  291  189.36320  180.58293  4.64%   106 1098s
 44858 32105  181.68114   77  519  189.36320  180.59668  4.63%   105 1109s
 46261 32851  187.15382  243   87  189.36320  180.59970  4.63%   105 1120s
 47203 34145  182.33736  101  378  189.36320  180.60458  4.63%   105 1132s
 48887 34360  188.22891  135  242  189.36320  180.61609  4.62%   105 1144s
 49244 35873  186.47405   75  362  189.36320  180.61703  4.62%   105 1159s
 51154 37163  188.15492  174  279  189.36320  180.62216  4.62%   105 1173s
 52737 38397  181.58175   99  375  189.36320  180.62423  4.61%   105 1187s
 54452 39833  188.16622   57  383  189.36320  180.63122  4.61%   105 1199s
 56252 40245  182.78801  111  424  189.36320  180.63873  4.61%   105 1220s
 56664 41146  183.75465  161  352  189.36320  180.63911  4.61%   106 1235s
 57731 42778  181.13335   85  428  189.36320  180.63973  4.61%   106 1249s
 59661 43795     cutoff  170       189.36320  180.64496  4.60%   106 1266s
 61254 44512  181.07109   49  447  189.36320  180.65576  4.60%   107 1280s
 62131 45571  182.20130   88  302  189.36320  180.66378  4.59%   107 1299s
 63397 48631  181.27250   64  537  189.36320  180.66541  4.59%   107 1321s
 66928 49883 infeasible  189       189.36320  180.67597  4.59%   107 1334s
 68444 50540  182.75563  142  265  189.36320  180.67791  4.59%   107 1357s
 69285 52432  181.20867   63  476  189.36320  180.68923  4.58%   107 1371s
 71456 52674  183.85625  182  335  189.36320  180.68923  4.58%   107 1393s
H71647 52519                     189.2798694  180.68923  4.54%   107 1393s
 71739 53374  184.08176  218  264  189.27987  180.68995  4.54%   107 1406s
 72820 55382  181.59361   68  389  189.27987  180.70097  4.53%   107 1421s
 75169 56103  181.37072   53  470  189.27987  180.71018  4.53%   107 1435s
 76016 58124  181.72081   55  417  189.27987  180.71152  4.53%   107 1449s
 78450 59786  180.93653   61  543  189.27987  180.71364  4.53%   107 1463s
 80363 60651  181.98993   83  488  189.27987  180.71777  4.52%   107 1477s
 81404 60748  189.14360  156  419  189.27987  180.71777  4.52%   107 1502s
 81523 62877  189.14981  157  408  189.27987  180.72252  4.52%   107 1518s
 83926 64745  184.45018  117  236  189.27987  180.73070  4.52%   107 1534s
 86182 65695  181.44176   72  384  189.27987  180.73360  4.52%   107 1548s
 87322 65717  181.15101   64  537  189.27987  180.73695  4.51%   107 1571s
H87328 65717                     189.2798694  180.73695  4.51%   107 1571s
 87345 67769  181.18302   65  526  189.27987  180.73695  4.51%   107 1584s
 89664 69440  185.01515  249  253  189.27987  180.74144  4.51%   107 1598s
 91645 70545  188.58524   64  410  189.27987  180.74307  4.51%   107 1611s
 93113 70753 infeasible   90       189.27987  180.74849  4.51%   107 1643s
 93411 71564  182.22618   60  526  189.27987  180.74904  4.51%   107 1659s
 94366 72484  182.73263   83  531  189.27987  180.75094  4.51%   108 1671s
 95396 73907  183.03324  130  462  189.27987  180.75392  4.50%   108 1692s
 97423 74989  181.31798   90  382  189.27987  180.76531  4.50%   108 1706s
 98687 75437  181.30086   62  525  189.27987  180.76531  4.50%   108 1724s
 99276 76454  181.33710   63  519  189.27987  180.76782  4.50%   108 1753s
 100553 78233  181.41844   78  535  189.27987  180.77146  4.50%   109 1773s
 102672 79347  189.26775   93  335  189.27987  180.77981  4.49%   109 1794s
 104011 81062  181.10841   65  616  189.27987  180.78129  4.49%   109 1811s
 106244 81517  188.26616  112  418  189.27987  180.78685  4.49%   110 1832s
 106858 83499  182.23795   95  398  189.27987  180.78800  4.49%   110 1895s
H107874 83499                     189.2798693  180.78874  4.49%   110 1896s
H108629 82954                     189.1568381  180.78874  4.42%   110 1896s
 109308 85169  181.29055   61  538  189.15684  180.79003  4.42%   110 1939s
H112018 86177                     189.1568380  180.79903  4.42%   111 1973s
 113451 89048  181.45308   63  495  189.15684  180.80416  4.42%   111 2013s
 116986 91319  181.35816   78  466  189.15684  180.81077  4.41%   111 2039s
 118603 91319  182.04943   70  512  189.15684  180.81431  4.41%   111 2040s
 119719 91944  182.53224   58  471  189.15684  180.81539  4.41%   111 2060s
 120479 94269  182.86814   79  462  189.15684  180.81559  4.41%   111 2081s
 123189 96495  182.58097   84  334  189.15684  180.82327  4.41%   111 2107s
 125802 97983  184.01731  213  259  189.15684  180.82760  4.40%   111 2131s
 127521 98854  182.45034  103  395  189.15684  180.83108  4.40%   111 2156s
 128527 101299  184.86630   75  428  189.15684  180.83230  4.40%   111 2189s
 131780 102012  182.05700   69  527  189.15684  180.84203  4.40%   112 2214s
 133148 102802  184.05804   88  483  189.15684  180.84203  4.40%   113 2246s
 135206 103990  184.36697  133  329  189.15684  180.84349  4.39%   114 2273s
 137218 104850  181.42342   63  448  189.15684  180.84781  4.39%   114 2296s
 138611 106235  182.72573   58  342  189.15684  180.85143  4.39%   115 2316s
 140624 107659  184.89682   61  463  189.15684  180.85478  4.39%   115 2335s
 142580 108903  185.33456   81  375  189.15684  180.85809  4.39%   115 2360s
 144158 110965 infeasible  137       189.15684  180.86184  4.39%   116 2383s
 146594 112343  185.28039  186  489  189.15684  180.86363  4.38%   116 2410s
 148142 114338  181.82994   99  462  189.15684  180.86576  4.38%   115 2431s
 150547 115483  183.55431   98  294  189.15684  180.87115  4.38%   115 2448s
 151918 116927  187.52149  111  353  189.15684  180.87386  4.38%   115 2461s
 153589 118248  185.39205   74  444  189.15684  180.87616  4.38%   115 2474s
 155224 119603  183.71647  117  366  189.15684  180.88116  4.38%   116 2490s
 157051 121140  181.54054  147  363  189.15684  180.88360  4.37%   116 2509s
 158930 122450  187.99003  115  343  189.15684  180.88580  4.37%   116 2524s
 160434 124006  181.72999  127  391  189.15684  180.88855  4.37%   116 2538s
 162250 125102  181.59556   68  378  189.15684  180.89167  4.37%   116 2557s
 163639 125574  183.67793   60  392  189.15684  180.89394  4.37%   116 2582s
 164626 127190  187.90023   76  484  189.15684  180.89512  4.37%   116 2597s
 166615 128270  187.69664  205  324  189.15684  180.89910  4.37%   116 2617s
 167868 129932  182.27594  117  462  189.15684  180.89946  4.37%   117 2634s
 169796 130880  182.52986  142  431  189.15684  180.90074  4.36%   117 2652s
 171120 132169  181.42583   80  543  189.15684  180.90308  4.36%   117 2677s
 173197 133873  182.05266   61  474  189.15684  180.90440  4.36%   118 2702s
 175454 134583  181.61206  114  463  189.15684  180.90699  4.36%   119 2729s
H175911 134583                     189.1568363  180.90699  4.36%   119 2729s
 176609 135811  181.97044  119  448  189.15684  180.90905  4.36%   119 2754s
 178214 137319  182.83823   84  351  189.15684  180.91199  4.36%   119 2784s
 180358 138957  188.17397  102  391  189.15684  180.91238  4.36%   120 2808s
 182751 139953  184.89846   57  527  189.15684  180.91560  4.36%   120 2832s
 184387 141121  188.03924   61  507  189.15684  180.91825  4.36%   120 2865s
 186252 143132  188.17204  183  347  189.15684  180.91972  4.35%   121 2885s
 188736 144929  182.86358   98  310  189.15684  180.92312  4.35%   121 2904s
 190917 145960  181.54500   66  456  189.15684  180.92469  4.35%   121 2924s
 192326 147588  182.54388   68  521  189.15684  180.92671  4.35%   121 2949s
 194444 149306  181.12465   61  475  189.15684  180.92971  4.35%   121 2978s
 196766 151111  181.23215   47  500  189.15684  180.93406  4.35%   121 2998s
 198977 152742  187.80749   80  514  189.15684  180.93727  4.35%   121 3023s
 200954 153757     cutoff  205       189.15684  180.93957  4.34%   121 3045s
 202245 155125  186.33078  104  434  189.15684  180.94385  4.34%   122 3066s
 204148 156268  181.33783   51  430  189.15684  180.94650  4.34%   122 3085s
 205715 157111  183.00363   67  410  189.15684  180.94943  4.34%   122 3103s
 207251 158348  187.43416  110  297  189.15684  180.94963  4.34%   123 3126s
 209421 159810  188.37421   71  428  189.15684  180.95171  4.34%   123 3160s
 211288 160831  184.66361  114  326  189.15684  180.95433  4.34%   123 3184s
 212660 162617  186.94675   81  302  189.15684  180.95496  4.34%   123 3206s
 215002 163962  183.38062   94  351  189.15684  180.95867  4.33%   123 3220s
 216675 165502  182.67388  117  402  189.15684  180.96126  4.33%   123 3242s
 218578 166969  181.75838   72  412  189.15684  180.96268  4.33%   123 3258s
 220341 168303  183.04855   87  399  189.15684  180.96384  4.33%   123 3275s
 221940 169182  182.35680  144  362  189.15684  180.96442  4.33%   123 3296s
 223272 170088  188.75602   78  388  189.15684  180.96487  4.33%   123 3313s
 224787 171069  182.59445   64  498  189.15684  180.96644  4.33%   123 3332s
 226007 172795  184.45895  119  369  189.15684  180.96810  4.33%   123 3354s
 228173 173834  181.87147  168  434  189.15684  180.97115  4.33%   123 3375s
 229683 174914  184.20523   79  477  189.15684  180.97302  4.33%   123 3396s
 231141 176082  181.26830   64  484  189.15684  180.97422  4.33%   123 3420s
 232891 177683  181.55270   48  564  189.15684  180.97659  4.32%   124 3442s
 234870 178849  181.63046  148  401  189.15684  180.97889  4.32%   124 3465s
 236380 180790  181.55837   64  440  189.15684  180.98210  4.32%   124 3493s
 238767 182691  184.68271  185  304  189.15684  180.98406  4.32%   124 3514s
 241026 182882  187.14508  140  388  189.15684  180.98560  4.32%   124 3542s
 241245 184042  187.15002  141  333  189.15684  180.98584  4.32%   124 3567s
 242738 185727  184.45998   88  420  189.15684  180.98772  4.32%   124 3592s
 244800 187247  181.33189   60  419  189.15684  180.98947  4.32%   124 3613s
 246926 189040 infeasible  116       189.15684  180.99134  4.32%   124 3632s
 249026 190796  185.35573   68  513  189.15684  180.99293  4.32%   124 3650s
 251123 191318     cutoff  147       189.15684  180.99521  4.31%   124 3684s
 251824 192379  182.01194  131  329  189.15684  180.99550  4.31%   124 3705s
 253389 194169  188.49149   81  461  189.15684  180.99893  4.31%   124 3730s
 255706 195593  184.29916  189  375  189.15684  181.00042  4.31%   124 3752s
 257728 196900  182.41466   74  480  189.15684  181.00199  4.31%   124 3773s
 259810 198161  181.77772   94  448  189.15684  181.00473  4.31%   125 3798s
 261621 199183  182.65823  121  334  189.15684  181.00473  4.31%   125 3828s
 262942 201190  187.91529  156  277  189.15684  181.00854  4.31%   125 3850s
 265297 202529  181.33864   72  538  189.15684  181.01013  4.31%   125 3870s
 267140 203298  182.08444   72  383  189.15684  181.01181  4.31%   125 3889s
 268058 204643  184.43180  132  340  189.15684  181.01183  4.31%   125 3912s
 269753 206686     cutoff  177       189.15684  181.01424  4.30%   125 3934s
 272253 208634  182.44263   81  386  189.15684  181.01594  4.30%   125 3955s
 274567 210104  185.80467  110  386  189.15684  181.01683  4.30%   124 3980s
 276461 211770  188.42810   82  386  189.15684  181.01818  4.30%   125 3999s
 276999 211770  183.50112   69  400  189.15684  181.01899  4.30%   125 4000s
 278502 213260  183.33954  101  407  189.15684  181.02058  4.30%   125 4020s
 280331 214504  183.24918   96  434  189.15684  181.02271  4.30%   125 4047s
 281989 214883  184.74872  115  427  189.15684  181.02453  4.30%   125 4070s
 282459 216508  188.58609  127  338  189.15684  181.02465  4.30%   125 4093s
 284459 217497  184.27187  120  349  189.15684  181.02767  4.30%   125 4115s
 286019 218324     cutoff   80       189.15684  181.02958  4.30%   125 4140s
 287339 220278  187.45449  172  330  189.15684  181.03185  4.30%   125 4165s
 289759 221439  182.32791   92  235  189.15684  181.03362  4.29%   125 4185s
 291560 222928  187.47169  123  394  189.15684  181.03676  4.29%   125 4210s
 293791 223324  183.58348   77  372  189.15684  181.03940  4.29%   125 4244s
 294315 224620  184.93813  104  328  189.15684  181.04045  4.29%   125 4270s
 295963 226361  181.96910  120  422  189.15684  181.04310  4.29%   125 4299s
 298251 228175  186.69510   75  418  189.15684  181.04503  4.29%   125 4322s
 300496 228429  182.02313   74  436  189.15684  181.04586  4.29%   125 4341s
 300975 229274  182.91751   75  482  189.15684  181.04673  4.29%   125 4369s
 302835 231028  186.02623   76  438  189.15684  181.04848  4.29%   126 4399s
 305239 232593  181.66304   72  467  189.15684  181.05138  4.29%   126 4424s
 307166 234162  184.41579   94  431  189.15684  181.05324  4.28%   126 4446s
 309027 235040  181.65212   88  461  189.15684  181.05491  4.28%   126 4469s
 310130 236894  187.04305   71  419  189.15684  181.05627  4.28%   126 4494s
 312351 237516  181.96901   75  492  189.15684  181.05687  4.28%   126 4515s
 313160 238937  187.52073   89  467  189.15684  181.05823  4.28%   126 4546s
 314936 240384  188.40110  116  439  189.15684  181.06081  4.28%   126 4576s
 316832 242524  185.23506   77  319  189.15684  181.06309  4.28%   126 4599s
 319361 243994  182.25946  120  308  189.15684  181.06556  4.28%   126 4624s
 321404 244820  184.03439   71  482  189.15684  181.06796  4.28%   126 4650s
 322839 246210  188.52723   99  380  189.15684  181.06838  4.28%   127 4681s
 324824 246895  181.32921   76  449  189.15684  181.06957  4.28%   127 4708s
 325712 248873  181.52662   68  531  189.15684  181.07047  4.27%   127 4735s
 328185 250667 infeasible   87       189.15684  181.07230  4.27%   127 4766s
 330419 252147  182.37906   72  436  189.15684  181.07364  4.27%   127 4796s
 332352 253471  189.02256  127  306  189.15684  181.07567  4.27%   127 4824s
 334356 254265  182.01937   78  431  189.15684  181.07751  4.27%   127 4851s
 335709 254390  185.78779   91  356  189.15684  181.07958  4.27%   127 4886s
 335873 255775  185.85349   93  380  189.15684  181.07995  4.27%   127 4915s
 337674 257818  185.12095   78  502  189.15684  181.08168  4.27%   127 4946s
 340239 259931  182.45415   60  376  189.15684  181.08415  4.27%   127 4978s
 342845 261263  189.07305  117  376  189.15684  181.08541  4.27%   127 4997s
 344522 262642  181.94590   80  448  189.15684  181.08648  4.27%   127 5018s
 346250 264178  186.68800  119  347  189.15684  181.08764  4.27%   127 5041s
 348207 264702  185.29046  105  405  189.15684  181.08957  4.26%   127 5062s
 348876 266109  182.59748   84  496  189.15684  181.08989  4.26%   127 5119s
 350712 267592  182.05745   67  563  189.15684  181.09176  4.26%   127 5148s
 352621 268688  182.46431   91  452  189.15684  181.09357  4.26%   127 5173s
 353927 270601  186.61386  100  392  189.15684  181.09372  4.26%   127 5197s
 356305 271455     cutoff  101       189.15684  181.09679  4.26%   127 5224s
 357818 272115  188.34191   53  445  189.15684  181.09821  4.26%   128 5250s
H358752 271187                     189.0948200  181.09881  4.23%   128 5250s
 358804 272023  182.48101   90  377  189.09482  181.09903  4.23%   128 5278s
H358930 272023                     189.0948200  181.09903  4.23%   128 5278s
 359803 272830     cutoff   67       189.09482  181.09936  4.23%   128 5381s
H360048 272830                     189.0948200  181.09949  4.23%   128 5381s
 360837 273915  182.23577   54  482  189.09482  181.09972  4.23%   128 5409s
 362260 276301  186.27674   93  423  189.09482  181.10044  4.23%   128 5446s
 365541 277882  182.62408   90  319  189.09482  181.10380  4.23%   128 5473s
 367627 279115     cutoff  127       189.09482  181.10497  4.23%   128 5498s
 369535 279536  181.81718   92  258  189.09482  181.10735  4.22%   128 5526s
 370381 280629  187.40681  110  341  189.09482  181.10768  4.22%   128 5554s
 372042 282172     cutoff   75       189.09482  181.10882  4.22%   128 5581s
 374319 284235  182.00660   88  435  189.09482  181.11113  4.22%   128 5609s
 376902 285126  182.76920  115  300  189.09482  181.11225  4.22%   128 5631s
 378386 286521  185.95545   93  421  189.09482  181.11417  4.22%   128 5657s
 380633 287222  181.52859   58  460  189.09482  181.11457  4.22%   128 5685s
 382211 288005 infeasible   72       189.09482  181.11641  4.22%   129 5720s
 383609 289176  183.02575   56  526  189.09482  181.11714  4.22%   129 5758s
 385092 290789     cutoff  103       189.09482  181.11890  4.22%   129 5803s
 387054 293854  181.88303   71  516  189.09482  181.12016  4.22%   129 5849s
 390867 295965  188.46818  115  340  189.09482  181.12309  4.22%   129 5885s
 393891 298191  188.82957  133  437  189.09482  181.12425  4.22%   129 5916s
 396718 299350  186.19846   62  389  189.09482  181.12635  4.21%   129 5953s
 398252 301261  181.76668   86  361  189.09482  181.12821  4.21%   129 5985s
 400661 302121  182.90638   60  424  189.09482  181.12901  4.21%   129 6016s
 402308 304192 infeasible   81       189.09482  181.13126  4.21%   129 6049s
 405158 305838  184.65273   65  443  189.09482  181.13269  4.21%   129 6080s
 407183 307037  181.46550   87  441  189.09482  181.13338  4.21%   129 6110s
 408721 308382  182.79671  119  377  189.09482  181.13404  4.21%   129 6142s
 410989 310330  183.09726  114  350  189.09482  181.13547  4.21%   130 6176s
 413657 311068  182.57003   62  391  189.09482  181.13723  4.21%   130 6213s
 414939 312696     cutoff  115       189.09482  181.13771  4.21%   130 6246s
 417465 313098     cutoff   81       189.09482  181.13837  4.21%   130 6280s
H417647 313098                     189.0948197  181.13881  4.21%   130 6280s
 418247 314714  181.75121   72  518  189.09482  181.13889  4.21%   130 6323s
 420289 316913  186.84826   64  401  189.09482  181.14019  4.21%   130 6360s
 423186 319026  184.28084  126  428  189.09482  181.14136  4.21%   130 6396s
 425834 320015  181.87900  112  443  189.09482  181.14311  4.21%   130 6423s
 427032 320973  182.18404   93  396  189.09482  181.14345  4.20%   130 6472s
 428222 323778  183.05787   79  391  189.09482  181.14397  4.20%   130 6541s
 431829 326943  186.57499   73  369  189.09482  181.14672  4.20%   131 6588s
 435888 327687  185.62849  109  370  189.09482  181.14957  4.20%   131 6630s
 436901 329893  182.75014   75  423  189.09482  181.15005  4.20%   131 6669s
 439939 331133  182.31707   68  450  189.09482  181.15184  4.20%   131 6708s
 441572 333630  182.81568   98  348  189.09482  181.15276  4.20%   131 6744s
 444665 334986  182.40418   73  428  189.09482  181.15419  4.20%   131 6780s
 446861 336614  187.88215   90  451  189.09482  181.15543  4.20%   131 6813s
 449056 337463  187.09591   75  470  189.09482  181.15734  4.20%   131 6843s
 450183 338519  182.88886   97  352  189.09482  181.15776  4.20%   131 6879s
 451673 340573  188.51785  111  325  189.09482  181.15892  4.20%   132 6919s
 453848 340573 infeasible  110       189.09482  181.15950  4.20%   132 6920s
 454545 342411  184.03906  132  334  189.09482  181.16030  4.20%   132 6947s
 456967 343854  181.76436   67  395  189.09482  181.16158  4.20%   132 6991s
 458829 345822  181.73377   85  352  189.09482  181.16214  4.20%   132 7022s
 461544 347101  182.36669   82  459  189.09482  181.16378  4.19%   132 7047s
 463282 348559  184.97676   70  359  189.09482  181.16455  4.19%   132 7084s
 465241 349541  188.85465  142  344  189.09482  181.16568  4.19%   132 7124s
 466832 350318  182.32045   75  457  189.09482  181.16619  4.19%   133 7169s
 468397 350807  187.43859   91  305  189.09482  181.16791  4.19%   133 7200s

Cutting planes:
  Learned: 4
  Gomory: 142
  Cover: 108
  Implied bound: 626
  Clique: 16
  MIR: 1229
  StrongCG: 8
  Flow cover: 2643
  Inf proof: 97
  Zero half: 35
  RLT: 94
  Relax-and-lift: 166

Explored 469284 nodes (62507143 simplex iterations) in 7200.15 seconds (1900.32 work units)
Thread count was 32 (of 32 available processors)

Solution count 10: 189.095 189.095 189.095 ... 189.28

Time limit reached
Best objective 1.890948196552e+02, best bound 1.811679702539e+02, gap 4.1920%
