
Gurobi 9.5.2 (linux64) logging started Thu Aug 13 20:47:38 2026

Set parameter LogFile to value "/mnt/beegfs/users/celinep/ChargeAndBreak/logs/RlongCmediumTnone_17_2SP_20260813_184617_011_gurobi.log"
Gurobi Optimizer version 9.5.2 build v9.5.2rc0 (linux64)
Thread count: 16 physical cores, 32 logical processors, using up to 32 threads
Optimize a model with 158158 rows, 73144 columns and 518237 nonzeros
Model fingerprint: 0x1c1341a3
Variable types: 64201 continuous, 8943 integer (8943 binary)
Coefficient statistics:
  Matrix range     [1e-02, 2e+03]
  Objective range  [2e-02, 4e-02]
  Bounds range     [1e+00, 1e+00]
  RHS range        [2e-02, 2e+07]
Presolve removed 55101 rows and 17949 columns
Presolve time: 2.75s
Presolved: 103057 rows, 55195 columns, 443414 nonzeros
Variable types: 49129 continuous, 6066 integer (6066 binary)

Deterministic concurrent LP optimizer: primal and dual simplex (primal and dual model)
Showing first log only...

Root relaxation presolve removed 2370 rows and 2370 columns
Root relaxation presolved: 100687 rows, 52825 columns, 438674 nonzeros


Root simplex log...

Iteration    Objective       Primal Inf.    Dual Inf.      Time
   35885    6.4937173e+01   4.824272e+02   3.285668e+09      5s
   50382    1.1440065e+02   0.000000e+00   7.294415e+02     10s
   53888    1.0400829e+02   0.000000e+00   6.303416e+03     15s
   56704    1.0007181e+02   0.000000e+00   1.510161e+03     20s
   59540    9.5477152e+01   0.000000e+00   8.641292e+03     25s
   62010    9.2377124e+01   0.000000e+00   6.660395e+04     30s
   64170    9.0662525e+01   0.000000e+00   3.336614e+03     35s
   65910    8.9291589e+01   0.000000e+00   2.139259e+03     40s
   67680    8.8626537e+01   0.000000e+00   1.014664e+04     45s
   70179    8.7316595e+01   0.000000e+00   9.096045e+02     50s
   71738    8.7057005e+01   0.000000e+00   1.101997e+04     55s
   72798    8.6760245e+01   0.000000e+00   6.261602e+03     60s
   74017    8.6456940e+01   0.000000e+00   1.075174e+03     65s
Concurrent spin time: 10.82s

Solved with dual simplex (primal model)

Root relaxation: objective 8.374423e+01, 87772 iterations, 73.62 seconds (52.13 work units)
Total elapsed time = 80.02s

    Nodes    |    Current Node    |     Objective Bounds      |     Work
 Expl Unexpl |  Obj  Depth IntInf | Incumbent    BestBd   Gap | It/Node Time

     0     0   85.63013    0 2542          -   85.63013      -     -  113s
H    0     0                     112.6411973   85.63013  24.0%     -  120s
     0     0   86.82886    0 2956  112.64120   86.82886  22.9%     -  153s
     0     0   87.18908    0 3324  112.64120   87.18908  22.6%     -  184s
     0     0   87.20010    0 3327  112.64120   87.20010  22.6%     -  188s
     0     0   87.20173    0 3296  112.64120   87.20173  22.6%     -  189s
     0     0   87.20221    0 3279  112.64120   87.20221  22.6%     -  190s
     0     0   87.20230    0 3282  112.64120   87.20230  22.6%     -  190s
     0     0   87.40482    0 3340  112.64120   87.40482  22.4%     -  215s
     0     0   87.47208    0 3277  112.64120   87.47208  22.3%     -  229s
     0     0   87.47626    0 3285  112.64120   87.47626  22.3%     -  231s
     0     0   87.47730    0 3275  112.64120   87.47730  22.3%     -  232s
     0     0   87.47761    0 3271  112.64120   87.47761  22.3%     -  233s
     0     0   87.82603    0 3168  112.64120   87.82603  22.0%     -  264s
     0     0   87.87900    0 3275  112.64120   87.87900  22.0%     -  283s
     0     0   87.88417    0 3294  112.64120   87.88417  22.0%     -  295s
     0     0   87.88553    0 3280  112.64120   87.88553  22.0%     -  298s
     0     0   87.88592    0 3265  112.64120   87.88592  22.0%     -  299s
     0     0   88.03620    0 3171  112.64120   88.03620  21.8%     -  333s
     0     0   88.06784    0 3179  112.64120   88.06784  21.8%     -  347s
     0     0   88.07467    0 3203  112.64120   88.07467  21.8%     -  354s
     0     0   88.07590    0 3193  112.64120   88.07590  21.8%     -  357s
     0     0   88.07648    0 3222  112.64120   88.07648  21.8%     -  359s
     0     0   88.07670    0 3230  112.64120   88.07670  21.8%     -  360s
     0     0   88.14378    0 3214  112.64120   88.14378  21.7%     -  385s
H    0     0                     112.2582715   88.14378  21.5%     -  394s
     0     0   88.15579    0 3245  112.25827   88.15579  21.5%     -  402s
     0     0   88.15779    0 3222  112.25827   88.15779  21.5%     -  405s
     0     0   88.15822    0 3159  112.25827   88.15822  21.5%     -  406s
     0     0   88.22503    0 3104  112.25827   88.22503  21.4%     -  427s
     0     0   88.23347    0 3191  112.25827   88.23347  21.4%     -  432s
     0     0   88.23553    0 3181  112.25827   88.23553  21.4%     -  437s
     0     0   88.23592    0 3235  112.25827   88.23592  21.4%     -  438s
     0     0   88.29448    0 3219  112.25827   88.29448  21.3%     -  461s
     0     0   88.30108    0 3288  112.25827   88.30108  21.3%     -  471s
     0     0   88.30266    0 3177  112.25827   88.30266  21.3%     -  472s
     0     0   88.30291    0 3170  112.25827   88.30291  21.3%     -  473s
     0     0   88.32959    0 3230  112.25827   88.32959  21.3%     -  493s
     0     0   88.33647    0 3245  112.25827   88.33647  21.3%     -  503s
     0     0   88.33869    0 3298  112.25827   88.33869  21.3%     -  509s
     0     0   88.33949    0 3246  112.25827   88.33949  21.3%     -  511s
     0     0   88.33968    0 3294  112.25827   88.33968  21.3%     -  513s
     0     0   88.36264    0 3275  112.25827   88.36264  21.3%     -  536s
H    0     0                     112.2466637   88.36264  21.3%     -  540s
     0     0   88.36800    0 3300  112.24666   88.36800  21.3%     -  549s
     0     0   88.36922    0 3311  112.24666   88.36922  21.3%     -  555s
     0     0   88.36950    0 3315  112.24666   88.36950  21.3%     -  558s
     0     0   88.39673    0 3254  112.24666   88.39673  21.2%     -  594s
     0     0   88.40232    0 3332  112.24666   88.40232  21.2%     -  610s
     0     0   88.40335    0 3337  112.24666   88.40335  21.2%     -  616s
     0     0   88.40368    0 3331  112.24666   88.40368  21.2%     -  619s
     0     0   88.41689    0 3310  112.24666   88.41689  21.2%     -  657s
     0     0   88.41903    0 3351  112.24666   88.41903  21.2%     -  675s
     0     0   88.41944    0 3322  112.24666   88.41944  21.2%     -  688s
     0     0   88.43689    0 3423  112.24666   88.43689  21.2%     -  728s
     0     0   88.44002    0 3448  112.24666   88.44002  21.2%     -  741s
     0     0   88.44083    0 3437  112.24666   88.44083  21.2%     -  746s
     0     0   88.44119    0 3446  112.24666   88.44119  21.2%     -  749s
     0     0   88.45178    0 3393  112.24666   88.45178  21.2%     -  783s
     0     0   88.45349    0 3409  112.24666   88.45349  21.2%     -  801s
     0     0   88.45392    0 3405  112.24666   88.45392  21.2%     -  810s
     0     0   88.46408    0 3463  112.24666   88.46408  21.2%     -  840s
     0     0   88.46647    0 3338  112.24666   88.46647  21.2%     -  866s
     0     0   88.46715    0 3331  112.24666   88.46715  21.2%     -  877s
     0     0   88.47341    0 3418  112.24666   88.47341  21.2%     -  908s
     0     0   88.47459    0 3440  112.24666   88.47459  21.2%     -  924s
     0     0   88.47516    0 3450  112.24666   88.47516  21.2%     -  930s
     0     0   88.48575    0 3497  112.24666   88.48575  21.2%     -  966s
     0     0   88.48770    0 3506  112.24666   88.48770  21.2%     -  975s
     0     0   88.48796    0 3510  112.24666   88.48796  21.2%     -  977s
     0     0   88.49808    0 3443  112.24666   88.49808  21.2%     -  997s
     0     0   88.50035    0 3527  112.24666   88.50035  21.2%     - 1021s
     0     0   88.50080    0 3544  112.24666   88.50080  21.2%     - 1027s
     0     0   88.50876    0 3507  112.24666   88.50876  21.1%     - 1057s
     0     0   88.51026    0 3511  112.24666   88.51026  21.1%     - 1078s
     0     0   88.51053    0 3539  112.24666   88.51053  21.1%     - 1085s
     0     0   88.51993    0 3505  112.24666   88.51993  21.1%     - 1120s
     0     0   88.52143    0 3500  112.24666   88.52143  21.1%     - 1136s
     0     0   88.52174    0 3507  112.24666   88.52174  21.1%     - 1141s
     0     0   88.52990    0 3512  112.24666   88.52990  21.1%     - 1164s
     0     0   88.53110    0 3500  112.24666   88.53110  21.1%     - 1177s
     0     0   88.53130    0 3513  112.24666   88.53130  21.1%     - 1182s
     0     0   88.53665    0 3485  112.24666   88.53665  21.1%     - 1196s
     0     0   88.53780    0 3514  112.24666   88.53780  21.1%     - 1208s
     0     0   88.53800    0 3497  112.24666   88.53800  21.1%     - 1212s
     0     0   88.54296    0 3497  112.24666   88.54296  21.1%     - 1242s
     0     0   88.54296    0 3497  112.24666   88.54296  21.1%     - 1290s
H    0     0                     112.2429344   88.54296  21.1%     - 1379s
     0     2   88.54296    0 3497  112.24293   88.54296  21.1%     - 1393s
     1     4   88.54415    1 3455  112.24293   88.54415  21.1%  6423 1413s
     3     8   88.54541    2 3467  112.24293   88.54420  21.1%  5939 1447s
     7    16   88.54597    3 3496  112.24293   88.54543  21.1%  5982 1475s
    15    32   88.54667    4 3494  112.24293   88.54619  21.1%  6121 1518s
H   31    48                     112.2360469   88.54667  21.1%  6048 1768s
H   33    48                     112.2359666   88.54690  21.1%  7753 1768s
H   38    48                     112.2358222   88.54690  21.1% 10543 1768s
H   40    48                     112.2314900   88.54690  21.1% 11770 1768s
    47    64   88.55359    6 3378  112.23149   88.54690  21.1% 12215 1780s
    63    80   88.55386    7 3390  112.23149   88.54690  21.1%  9493 1880s
H   79    96                     112.1969815   88.54690  21.1%  7934 1897s
H   81    96                     112.1892180   88.54690  21.1%  7806 1897s
    95   112   88.55440    9 3412  112.18922   88.54690  21.1%  6910 1946s
H  108   112                     112.1836315   88.54690  21.1%  6283 1946s
   115   138   88.58598   11 3431  112.18363   88.54690  21.1%  6072 1964s
H  143   154                     111.9066237   88.54690  20.9%  5117 1998s
H  147   154                     104.0064878   88.54690  14.9%  5063 1998s
   161   166   88.59833   13 3423  104.00649   88.54690  14.9%  4787 2024s
H  187   175                     103.9689075   88.54690  14.8%  4340 2097s
H  187   175                     102.3574308   88.54690  13.5%  4340 2097s
H  188   175                     101.8876682   88.54690  13.1%  4329 2097s
H  191   175                     101.6237871   88.54690  12.9%  4281 2097s
H  194   175                     101.5424608   88.54690  12.8%  4245 2097s
H  197   175                     101.5040092   88.54690  12.8%  4198 2097s
   206   202   88.60353   15 3411  101.50401   88.54690  12.8%  4127 2121s
H  235   218                     101.1513124   88.54690  12.5%  3807 2462s
H  236   218                     101.0469993   88.54690  12.4%  3813 2462s
H  240   218                     101.0421376   88.54690  12.4%  3801 2463s
   251   258   88.78926   16 3390  101.04214   88.54690  12.4%  3766 2489s
H  291   274                     100.9724081   88.54690  12.3%  3405 2637s
   307   313   88.81486   18 3371  100.97241   88.54690  12.3%  3343 2664s
H  346   329                     100.9382899   88.54690  12.3%  3156 2814s
H  354   329                     100.8890748   88.54690  12.2%  3113 2814s
   362   376   90.37225   20 3260  100.88907   88.54690  12.2%  3093 2827s
   409   421   90.38254   21 3275  100.88907   88.54690  12.2%  2885 2910s
H  412   421                     100.8404994   88.54690  12.2%  2876 2910s
H  433   421                     100.8367661   88.54690  12.2%  2780 2910s
H  434   421                     100.8365993   88.54690  12.2%  2774 2910s
   455   478   90.40449   22 3245  100.83660   88.54690  12.2%  2701 2933s
H  514   509                     100.8365993   88.54690  12.2%  2512 3059s
H  529   509                     100.8346577   88.54690  12.2%  2502 3059s
   549   573   90.43586   24 3253  100.83466   88.54690  12.2%  2439 3089s
