
Gurobi 9.5.2 (linux64) logging started Wed Aug  5 15:27:55 2026

Set parameter LogFile to value "/mnt/beegfs/users/celinep/ChargeAndBreak/logs/RlongCmediumTtight_19_RO_20260803_212700_087_gurobi.log"
Gurobi Optimizer version 9.5.2 build v9.5.2rc0 (linux64)
Thread count: 16 physical cores, 32 logical processors, using up to 32 threads
Optimize a model with 8892 rows, 5140 columns and 31066 nonzeros
Model fingerprint: 0xa308890d
Variable types: 3212 continuous, 1928 integer (1928 binary)
Coefficient statistics:
  Matrix range     [3e-02, 2e+03]
  Objective range  [1e+00, 1e+00]
  Bounds range     [1e+00, 1e+00]
  RHS range        [3e-02, 5e+02]
Presolve removed 2673 rows and 890 columns
Presolve time: 0.20s
Presolved: 6219 rows, 4250 columns, 27875 nonzeros
Variable types: 2507 continuous, 1743 integer (1742 binary)
Found heuristic solution: objective 335.9626724

Root relaxation: objective 1.571685e+02, 6312 iterations, 0.45 seconds (0.23 work units)

    Nodes    |    Current Node    |     Objective Bounds      |     Work
 Expl Unexpl |  Obj  Depth IntInf | Incumbent    BestBd   Gap | It/Node Time

     0     0  157.18865    0  594  335.96267  157.18865  53.2%     -    1s
     0     0  159.92996    0  587  335.96267  159.92996  52.4%     -    1s
     0     0  160.07519    0  585  335.96267  160.07519  52.4%     -    1s
     0     0  160.08576    0  584  335.96267  160.08576  52.4%     -    1s
     0     0  160.08577    0  585  335.96267  160.08577  52.4%     -    1s
     0     0  161.70218    0  649  335.96267  161.70218  51.9%     -    2s
     0     0  161.86082    0  662  335.96267  161.86082  51.8%     -    2s
     0     0  161.89282    0  668  335.96267  161.89282  51.8%     -    2s
     0     0  161.89365    0  692  335.96267  161.89365  51.8%     -    2s
     0     0  163.35486    0  593  335.96267  163.35486  51.4%     -    3s
H    0     0                     335.3256805  163.51656  51.2%     -    3s
     0     0  163.51656    0  641  335.32568  163.51656  51.2%     -    3s
H    0     0                     325.7126724  163.54350  49.8%     -    3s
     0     0  163.54350    0  660  325.71267  163.54350  49.8%     -    3s
     0     0  163.55326    0  656  325.71267  163.55326  49.8%     -    3s
H    0     0                     325.6156199  163.55555  49.8%     -    3s
     0     0  163.55555    0  650  325.61562  163.55555  49.8%     -    3s
     0     0  163.55614    0  647  325.61562  163.55614  49.8%     -    3s
H    0     0                     250.1020746  164.11147  34.4%     -    4s
H    0     0                     228.6762341  164.11147  28.2%     -    4s
     0     0  164.11147    0  677  228.67623  164.11147  28.2%     -    4s
H    0     0                     228.5719777  164.22084  28.2%     -    4s
     0     0  164.22084    0  685  228.57198  164.22084  28.2%     -    4s
H    0     0                     227.5048660  164.23142  27.8%     -    5s
     0     0  164.23142    0  697  227.50487  164.23142  27.8%     -    5s
     0     0  164.23420    0  699  227.50487  164.23420  27.8%     -    5s
     0     0  164.23538    0  698  227.50487  164.23538  27.8%     -    5s
H    0     0                     227.2957152  164.23538  27.7%     -    5s
H    0     0                     227.2665942  164.63916  27.6%     -    5s
     0     0  164.63916    0  716  227.26659  164.63916  27.6%     -    5s
     0     0  164.68269    0  711  227.26659  164.68269  27.5%     -    6s
     0     0  164.69800    0  718  227.26659  164.69800  27.5%     -    6s
     0     0  164.70105    0  722  227.26659  164.70105  27.5%     -    6s
     0     0  164.70124    0  723  227.26659  164.70124  27.5%     -    6s
     0     0  164.86299    0  709  227.26659  164.86299  27.5%     -    6s
     0     0  164.87791    0  711  227.26659  164.87791  27.5%     -    6s
     0     0  164.88127    0  718  227.26659  164.88127  27.5%     -    7s
     0     0  164.88195    0  712  227.26659  164.88195  27.4%     -    7s
H    0     0                     216.2665942  165.03298  23.7%     -    7s
     0     0  165.03298    0  711  216.26659  165.03298  23.7%     -    7s
     0     0  165.05380    0  715  216.26659  165.05380  23.7%     -    7s
     0     0  165.05500    0  724  216.26659  165.05500  23.7%     -    7s
     0     0  165.13883    0  718  216.26659  165.13883  23.6%     -    7s
     0     0  165.15194    0  705  216.26659  165.15194  23.6%     -    8s
     0     0  165.15420    0  710  216.26659  165.15420  23.6%     -    8s
     0     0  165.23272    0  701  216.26659  165.23272  23.6%     -    8s
     0     0  165.23612    0  714  216.26659  165.23612  23.6%     -    8s
H    0     0                     216.2445979  165.23630  23.6%     -    8s
     0     0  165.23630    0  719  216.24460  165.23630  23.6%     -    8s
     0     0  165.27663    0  714  216.24460  165.27663  23.6%     -    8s
     0     0  165.28224    0  711  216.24460  165.28224  23.6%     -    8s
     0     0  165.28294    0  719  216.24460  165.28294  23.6%     -    9s
     0     0  165.29456    0  712  216.24460  165.29456  23.6%     -    9s
     0     0  165.29958    0  718  216.24460  165.29958  23.6%     -    9s
     0     0  165.29969    0  722  216.24460  165.29969  23.6%     -    9s
     0     0  165.31589    0  717  216.24460  165.31589  23.6%     -    9s
     0     0  165.31589    0  717  216.24460  165.31589  23.6%     -   10s
     0     2  165.31589    0  694  216.24460  165.31589  23.6%     -   11s
    63    80  165.52977    7  701  216.24460  165.43913  23.5%   237   15s
H   82    96                     216.0779312  165.43913  23.4%   201   15s
H  121   138                     204.6994033  165.43913  19.2%   159   18s
H  123   138                     194.9858919  165.43913  15.2%   158   18s
H  125   138                     194.0131446  165.43913  14.7%   157   18s
H  128   138                     193.8045168  165.43913  14.6%   158   18s
H  129   138                     193.4236303  165.43913  14.5%   157   18s
H  168   181                     193.0967990  165.43913  14.3%   128   22s
H  170   181                     192.9409088  165.43913  14.3%   128   22s
H  172   181                     192.9327386  165.43913  14.3%   126   22s
H  173   181                     192.9327386  165.43913  14.3%   126   22s
H  174   181                     192.8907068  165.43913  14.2%   125   22s
H  178   181                     192.7850084  165.43913  14.2%   123   22s
H  179   181                     192.5219041  165.43913  14.1%   122   22s
   228   239  165.67480   14  689  192.52190  165.43913  14.1%   106   34s
H  241   239                     192.4725262  165.43913  14.0%   102   34s
H  243   239                     192.2674867  165.43913  14.0%   101   34s
H  246   254                     192.2667568  165.43913  14.0%   101   37s
H  248   254                     192.2667568  165.43913  14.0%   100   37s
H  250   254                     192.2657671  165.43913  14.0%   100   37s
H  260   254                     192.2657670  165.43913  14.0%  97.9   37s
   327   327  165.67506   20  663  192.26577  165.43913  14.0%  84.4   41s
   412   404  165.67757   25  667  192.26577  165.43913  14.0%  75.9   45s
H  420   404                     192.2366562  165.43913  13.9%  74.9   45s
H  421   404                     192.1461131  165.43913  13.9%  74.8   45s
   614   582  165.70220   34  667  192.14611  165.43913  13.9%  61.0   50s
H  618   582                     192.1337117  165.43913  13.9%  60.7   50s
   884   800  167.68206   48  651  192.13371  165.43913  13.9%  52.7   56s
H 1039   918                     192.1337117  165.43913  13.9%  51.4   59s
  1045  1110  168.82470   57  582  192.13371  165.43913  13.9%  51.3   60s
  1496  1346  168.87588   91  611  192.13371  165.43913  13.9%  45.0   65s
H 2143  1920                     191.9127863  165.43913  13.8%  44.8   68s
  2646  2407  167.47055    6  655  191.91279  165.43948  13.8%  44.1   72s
H 2652  2407                     191.9127862  165.43948  13.8%  44.1   72s
H 2656  2407                     191.7963224  165.43948  13.7%  44.0   72s
H 3113  2820                     191.7963224  165.43948  13.7%  43.7   74s
  3121  2821  189.53155   56  717  191.79632  165.43948  13.7%  43.7   81s
  3125  2824  165.82512   30  649  191.79632  165.82512  13.5%  43.6   85s
  3138  2832  171.60099   41  712  191.79632  167.80679  12.5%  43.4   90s
  3156  2844  168.88905   65  609  191.79632  168.88905  11.9%  43.2   95s
H 3166  2707                     191.7537970  169.27596  11.7%  43.0   98s
  3173  2712  169.50588   58  678  191.75380  169.50588  11.6%  42.9  100s
  3187  2721  169.92726   12  677  191.75380  169.92726  11.4%  42.8  105s
H 3195  2589                     191.4543901  170.07636  11.2%  42.6  107s
  3201  2593  170.29192   98  676  191.45439  170.29192  11.1%  42.6  110s
  3210  2599  170.54335   68  731  191.45439  170.54335  10.9%  42.4  115s
  3216  2603  170.65255   38  753  191.45439  170.65255  10.9%  42.4  120s
H 3218  2473                     191.3749130  170.65406  10.8%  42.3  121s
  3225  2477  170.81175   30  696  191.37491  170.81175  10.7%  42.2  125s
  3232  2482  170.94988  152  716  191.37491  170.94988  10.7%  42.2  130s
  3248  2493  171.14321   16  728  191.37491  171.14321  10.6%  41.9  135s
H 3255  2370                     191.3695770  171.25893  10.5%  41.9  137s
H 3260  2253                     191.3695769  171.32547  10.5%  41.8  139s
  3265  2256  171.37300   24  648  191.36958  171.37300  10.4%  41.7  140s
  3279  2265  175.01376   62  597  191.36958  171.58081  10.3%  41.6  145s
  3294  2275  171.73181   26  647  191.36958  171.73181  10.3%  41.4  150s
  3311  2287  172.20996   43  666  191.36958  172.20996  10.0%  41.2  155s
  3319  2292  172.39955   44  675  191.36958  172.39955  9.91%  41.1  160s
  3330  2299  172.54556  121  527  191.36958  172.54556  9.84%  40.9  165s
  3349  2312  172.77899   81  569  191.36958  172.77899  9.71%  40.7  170s
H 3353  2195                     191.3695769  172.78875  9.71%  40.6  171s
  3365  2203  172.88309   24  530  191.36958  172.88309  9.66%  40.5  175s
  3379  2212  175.01376   62  666  191.36958  172.94476  9.63%  40.3  180s
  3390  2219  172.99914   22  652  191.36958  172.99914  9.60%  40.2  185s
  3408  2231  179.98009   52  653  191.36958  173.09293  9.55%  40.0  190s
H 3408  2115                     191.3695768  173.09293  9.55%  40.0  190s
  3421  2124  189.53155   56  684  191.36958  173.17596  9.51%  39.8  195s
  3432  2131  173.21367  152  552  191.36958  173.21367  9.49%  39.7  200s
  3448  2142  173.33637   16  634  191.36958  173.33637  9.42%  39.5  205s
  3460  2150  173.90582  139  655  191.36958  173.54418  9.31%  39.4  210s
  3472  2158  173.73517   76  628  191.36958  173.73517  9.21%  39.2  215s
  3484  2166  173.87262   33  645  191.36958  173.87262  9.14%  39.1  220s
  3494  2173  173.91693   26  639  191.36958  173.91693  9.12%  39.0  226s
  3501  2177  173.95527   98  619  191.36958  173.95527  9.10%  38.9  230s
  3511  2184  173.98773   43  657  191.36958  173.98773  9.08%  38.8  235s
  3523  2192  181.72303  126  641  191.36958  174.04602  9.05%  38.7  240s
H 3532  2081                     191.3695764  174.07843  9.04%  38.6  245s
  3543  2089  174.08231   45  440  191.36958  174.08231  9.03%  87.3  250s
  3549  2093  174.08231   81  501  191.36958  174.08231  9.03%  87.1  255s
  3560  2101  174.39948  139  622  191.36958  174.39948  8.87%  86.8  260s
  3570  2107  174.52577   86  660  191.36958  174.52577  8.80%  86.6  265s
  3583  2116  176.38242   19  668  191.36958  176.38242  7.83%  86.3  270s
  3593  2123  176.48815   83  595  191.36958  176.48815  7.78%  86.0  275s
  3602  2129  176.57155   72  596  191.36958  176.57155  7.73%  85.8  280s
  3615  2137  176.82283   56  639  191.36958  176.82283  7.60%  85.5  285s
  3628  2146  176.92468   68  522  191.36958  176.92468  7.55%  85.2  290s
  3642  2155  177.89475   46  569  191.36958  177.03205  7.49%  84.9  295s
  3659  2167  180.98526  169  625  191.36958  177.14606  7.43%  84.5  300s
  3680  2181  177.21573   47  628  191.36958  177.21573  7.40%  84.0  305s
  3698  2194  177.23363   31  238  191.36958  177.23363  7.39%   105  310s
  3701  2196  177.23363   98  122  191.36958  177.23363  7.39%   104  315s
  3705  2199  177.23363   63  101  191.36958  177.23363  7.39%   104  320s
  3709  2202  177.23363   61  159  191.36958  177.23363  7.39%   104  325s
  3712  2204  177.23363   67  356  191.36958  177.23363  7.39%   104  330s
  3714  2205  177.23363   37  214  191.36958  177.23363  7.39%   104  336s
  3716  2209  177.23363   40  291  191.36958  177.23363  7.39%   135  346s
  3718  2213  177.23363   41  400  191.36958  177.23363  7.39%   136  365s
  3722  2219  177.40417   42  629  191.36958  177.23363  7.39%   141  377s
  3746  2243  177.66353   44  639  191.36958  177.63650  7.18%   160  380s
  3856  2327  178.03456   47  572  191.36958  177.65897  7.16%   163  385s
  3883  2334  177.67266   48  617  191.36958  177.66018  7.16%   163  409s
H 3884  2222                     191.3308789  177.66018  7.15%   163  409s
H 3890  2115                     191.2862437  177.66018  7.12%   163  409s
  3939  2150  177.68069   50  628  191.28624  177.66018  7.12%   162  433s
H 3941  2049                     191.2862436  177.66018  7.12%   162  433s
  3956  2060  184.20693   50  565  191.28624  177.66018  7.12%   162  435s
  4030  2105  177.76438   52  619  191.28624  177.66018  7.12%   162  456s
  4446  2386  177.79605   59  592  191.28624  177.66018  7.12%   155  460s
  5020  2736  177.82875   66  587  191.28624  177.66018  7.12%   145  465s
  5919  3161  178.02588   75  483  191.28624  177.66018  7.12%   136  471s
  6122  3383  177.90938   78  550  191.28624  177.66018  7.12%   137  475s
  6441  3714  177.94662   84  511  191.28624  177.66018  7.12%   137  480s
  7427  4191  184.15932   96  353  191.28624  177.66018  7.12%   133  486s
  8093  4621  178.20032  106  446  191.28624  177.66018  7.12%   131  490s
  8771  4779  180.04535  119  330  191.28624  177.66018  7.12%   130  495s
  9299  5209  178.72058  132  353  191.28624  177.66018  7.12%   132  501s
  9983  5707  178.77044  140  404  191.28624  177.66018  7.12%   130  505s
 10718  6146  187.40181  163  256  191.28624  177.66018  7.12%   131  511s
 11066  6436  179.18685  175  335  191.28624  177.66018  7.12%   131  518s
 11102  6452  179.27411  177  307  191.28624  177.66018  7.12%   131  537s
H11110  6452                     191.2862436  177.66018  7.12%   131  537s
 11118  6625  180.74484  177  352  191.28624  177.66018  7.12%   131  540s
 11673  6868 infeasible  213       191.28624  177.66018  7.12%   131  576s
H11691  6868                     191.2862432  177.66018  7.12%   131  576s
 12106  7491     cutoff  234       191.28624  177.66987  7.12%   129  581s
 12990  8231  178.38839   56  497  191.28624  177.66987  7.12%   129  587s
 13443  8696  178.64726   81  479  191.28624  177.66987  7.12%   128  590s
 14375  9532  179.57492  188  463  191.28624  177.66987  7.12%   127  596s
 14944  9852 infeasible  232       191.28624  177.76663  7.07%   126  600s
 15322  9867  178.21615   60  523  191.28624  177.76663  7.07%   127  617s
 15349 10151  178.23367   61  541  191.28624  177.76663  7.07%   127  620s
 16144 11072  178.77026  119  518  191.28624  177.76663  7.07%   127  627s
 16831 11746  190.29941  166  353  191.28624  177.77335  7.06%   127  631s
 17605 12388  177.98315   57  661  191.28624  177.77335  7.06%   126  635s
 19049 13025  179.15083  126  587  191.28624  177.77335  7.06%   125  644s
 19087 13419  179.16356  127  538  191.28624  177.77335  7.06%   125  648s
 19595 13688  180.17533  167  514  191.28624  177.77335  7.06%   126  653s
 20059 13862  189.76047  249  411  191.28624  177.78092  7.06%   126  679s
 20298 14434  184.30479   51  561  191.28624  177.78092  7.06%   126  684s
 20976 16236  185.05647   99  410  191.28624  177.78340  7.06%   126  695s
 24015 16965  180.94976  110  419  191.28624  177.82110  7.04%   122  717s
 24076 17765  181.62686  116  460  191.28624  177.82110  7.04%   122  723s
 25013 17828  184.67922  135  436  191.28624  177.82110  7.04%   121  730s
 25094 17836  185.72633  139  437  191.28624  177.82110  7.04%   121  753s
 25118 18244  185.81475  140  439  191.28624  177.82889  7.04%   121  764s
 25651 18901  178.40585   82  541  191.28624  177.82889  7.04%   120  771s
 26388 20020  187.79407  123  338  191.28624  177.83385  7.03%   120  776s
 27705 20033  180.01979  115  602  191.28624  177.83385  7.03%   118  819s
 27722 20767  180.01979  116  602  191.28624  177.83565  7.03%   118  825s
 28649 20779     cutoff   69       191.28624  177.83565  7.03%   118  847s
 28669 21448     cutoff   70       191.28624  177.84111  7.03%   118  854s
 29568 21705  187.05207  104  379  191.28624  177.84279  7.03%   118  866s
 29891 22857  182.37900   84  379  191.28624  177.84359  7.03%   118  874s
 31341 23115  180.39518   68  473  191.28624  177.84802  7.03%   117  881s
 31700 24265  180.72667   99  471  191.28624  177.84802  7.03%   116  887s
 33003 25100  186.05968  152  379  191.28624  177.84883  7.02%   116  893s
 34024 25831  180.12028   81  467  191.28624  177.85476  7.02%   117  903s
 34823 26860  181.46983  136  507  191.28624  177.85812  7.02%   119  913s
 36004 27884  182.40561  112  481  191.28624  177.85812  7.02%   120  923s
 37237 27890 infeasible  153       191.28624  177.85812  7.02%   121  952s
 37264 29298  188.65228  152  478  191.28624  177.86212  7.02%   121  963s
 39196 30666  181.88671  146  573  191.28624  177.86560  7.02%   120  972s
 40831 31797  178.68051  117  563  191.28624  177.86824  7.01%   120  992s
 42215 35361  178.70235  119  555  191.28624  177.86850  7.01%   118 1120s
 46328 35387  179.79131   83  629  191.28624  177.87832  7.01%   117 1130s
 46363 36242  184.52375   84  499  191.28624  177.87965  7.01%   117 1139s
 47436 36595  188.51536   79  483  191.28624  177.88042  7.01%   117 1157s
 47912 37846  190.86241   96  429  191.28624  177.88188  7.01%   117 1169s
 49319 37846  183.28755   66  561  191.28624  177.88597  7.01%   117 1170s
 49392 37896  179.12477  114  560  191.28624  177.88597  7.01%   117 1196s
H49393 37896                     191.2862428  177.88597  7.01%   117 1196s
 49455 38767  179.16144  115  580  191.28624  177.88597  7.01%   117 1205s
 50487 38965  190.67589  167  454  191.28624  177.88597  7.01%   118 1229s
 50737 39923  190.67589  168  453  191.28624  177.89076  7.00%   118 1243s
 52049 41267  180.83216   65  568  191.28624  177.89161  7.00%   119 1263s
 53849 41774  178.64141   91  638  191.28624  177.89161  7.00%   119 1289s
 54466 43496  178.64141   92  636  191.28624  177.89161  7.00%   120 1299s
 55179 43496  178.81888   74  650  191.28624  177.89161  7.00%   120 1300s
 56439 44802  190.57125  191  346  191.28624  177.90186  7.00%   120 1306s
 57954 46041  180.12112  129  650  191.28624  177.90781  6.99%   120 1321s
 59522 46164  178.79023   78  563  191.28624  177.91065  6.99%   120 1356s
 59706 46568  178.79887   79  565  191.28624  177.91065  6.99%   120 1374s
 60177 48499  179.66515  125  509  191.28624  177.91082  6.99%   120 1393s
 62498 50735  183.30923  135  615  191.28624  177.91520  6.99%   120 1407s
 65324 52138  186.65340  304  332  191.28624  177.91788  6.99%   119 1428s
 67007 53024  190.19139  111  494  191.28624  177.92604  6.98%   120 1443s
 68112 55405  178.90557  112  464  191.28624  177.92681  6.98%   120 1467s
 71019 56480  185.70363  118  371  191.28624  177.93202  6.98%   120 1483s
 72308 57936  178.86576   59  593  191.28624  177.93655  6.98%   120 1501s
 74242 59985  184.17423   57  585  191.28624  177.93830  6.98%   122 1523s
 76799 61392  190.21177  134  421  191.28624  177.94329  6.98%   122 1536s
 78738 62584  189.29484   73  477  191.28624  177.95191  6.97%   124 1551s
 80205 63773  184.69364   68  555  191.28624  177.95406  6.97%   126 1567s
 81878 64987  180.38464   89  569  191.28624  177.95531  6.97%   128 1585s
 83407 65498  180.69466  129  507  191.28624  177.95850  6.97%   130 1600s
 84165 67228  178.90425   61  605  191.28624  177.96245  6.97%   130 1617s
 86351 69344  187.81077  144  448  191.28624  177.96678  6.96%   131 1637s
 88885 70121  185.52335  117  534  191.28624  177.97034  6.96%   131 1651s
 90110 71761  190.97214  106  483  191.28624  177.97114  6.96%   132 1665s
 92175 72886  182.78314   86  482  191.28624  177.97721  6.96%   132 1680s
 93834 74385  178.93843   64  560  191.28624  177.98273  6.95%   132 1697s
 95579 75603  178.54410   81  645  191.28624  177.98302  6.95%   132 1712s
 96935 77440  180.22166  117  611  191.28624  177.98614  6.95%   132 1726s
 99120 78907  178.83993   68  481  191.28624  177.99218  6.95%   132 1748s
 100869 80394  182.01028  133  439  191.28624  177.99661  6.95%   132 1761s
 102612 81517  189.31541  111  459  191.28624  178.00327  6.94%   132 1779s
 103935 82457  182.53790   84  509  191.28624  178.00543  6.94%   132 1794s
 105133 83100  182.98464   87  531  191.28624  178.00809  6.94%   134 1808s
 105893 83963  178.95221  106  617  191.28624  178.00809  6.94%   135 1822s
 107297 85351  181.95869  128  597  191.28624  178.00916  6.94%   136 1841s
 109237 87129  178.80499   63  518  191.28624  178.01101  6.94%   137 1856s
 111334 87449  178.82025   65  611  191.28624  178.02095  6.93%   136 1880s
 111713 89292  178.82025   66  611  191.28624  178.02097  6.93%   136 1897s
 113899 90918  189.15038   85  476  191.28624  178.02935  6.93%   136 1913s
 115825 92511  180.36085  145  449  191.28624  178.03525  6.93%   136 1931s
 117733 93564  178.71090   76  587  191.28624  178.03867  6.93%   136 1945s
 118997 94560  178.73732   54  683  191.28624  178.03989  6.92%   137 1960s
 120215 95280  179.20941   72  637  191.28624  178.03989  6.92%   138 1974s
 121204 96710  179.36519   88  641  191.28624  178.03989  6.92%   139 1993s
 123097 97988  181.35958  112  590  191.28624  178.03989  6.92%   140 2010s
 124837 99018  190.35747  149  524  191.28624  178.05145  6.92%   140 2027s
 126119 100341  185.32677   58  487  191.28624  178.05233  6.92%   141 2042s
 127954 102334  186.10474  123  520  191.28624  178.05448  6.92%   142 2063s
 130386 103275  178.83759   59  593  191.28624  178.05622  6.92%   142 2076s
 131640 104818 infeasible  130       191.28624  178.06342  6.91%   142 2089s
 132522 104818  178.48417   68  644  191.28624  178.06533  6.91%   142 2090s
 133602 106451  184.96229  232  417  191.28624  178.06758  6.91%   142 2104s
 135719 107782  181.42563   64  593  191.28624  178.07054  6.91%   142 2120s
 137494 109395     cutoff  117       191.28624  178.07239  6.91%   142 2136s
 139531 110257     cutoff  142       191.28624  178.07617  6.91%   142 2151s
 141162 111578  183.38636   65  453  191.28624  178.07902  6.90%   142 2164s
 142984 112558  189.60568  105  449  191.28624  178.08280  6.90%   141 2180s
 144935 113790  178.99805   79  519  191.28624  178.08593  6.90%   141 2194s
 146611 114716     cutoff  157       191.28624  178.08877  6.90%   142 2207s
 147961 116253  186.46479   94  457  191.28624  178.09303  6.90%   142 2223s
 149924 117722  180.44600   70  484  191.28624  178.09568  6.90%   141 2243s
H150836 117722                     191.2862423  178.09568  6.90%   141 2243s
 151712 118958  178.86268   90  532  191.28624  178.09590  6.90%   141 2261s
 153401 120644  180.27435   50  458  191.28624  178.10052  6.89%   141 2276s
 155592 121886  185.46097   93  504  191.28624  178.10566  6.89%   141 2295s
 157297 122476  184.04705   61  476  191.28624  178.10781  6.89%   142 2311s
 158274 122716     cutoff   92       191.28624  178.10781  6.89%   143 2352s
H158277 122716                     191.2862423  178.10781  6.89%   143 2352s
 158575 124285     cutoff   93       191.28624  178.10781  6.89%   143 2374s
 160664 125871  186.33401  108  531  191.28624  178.10877  6.89%   143 2392s
 162706 126895  178.76272  102  590  191.28624  178.11076  6.89%   143 2409s
 163983 127556  189.44381  123  566  191.28624  178.11076  6.89%   144 2427s
 164752 128887  182.18684  137  537  191.28624  178.11403  6.89%   145 2445s
 166447 130110  182.41247  101  553  191.28624  178.11746  6.88%   146 2465s
 168090 131745  187.99321  134  464  191.28624  178.12040  6.88%   146 2485s
 170401 132880  179.75885   77  647  191.28624  178.12612  6.88%   146 2505s
 171790 135293  184.09094  116  514  191.28624  178.12704  6.88%   146 2526s
 174859 136786  185.95604   97  508  191.28624  178.13354  6.88%   146 2545s
 176751 137443  179.19858   72  573  191.28624  178.13671  6.87%   146 2570s
H177247 137443                     191.2862419  178.13671  6.87%   146 2570s
 177670 139041  180.52158  100  554  191.28624  178.13760  6.87%   146 2591s
 179668 140682  179.09003   83  479  191.28624  178.13985  6.87%   146 2612s
 181752 141690  179.03853   77  579  191.28624  178.14294  6.87%   146 2630s
 183115 142218     cutoff  137       191.28624  178.14612  6.87%   146 2650s
 183839 143179  181.47953  179  408  191.28624  178.14837  6.87%   147 2672s
 185195 144561  180.59234   89  546  191.28624  178.14913  6.87%   147 2691s
 186882 145425  179.17524  116  590  191.28624  178.15151  6.87%   148 2715s
 187937 146529  179.17524  117  589  191.28624  178.15200  6.87%   148 2735s
 189798 147641  188.42764   71  435  191.28624  178.15402  6.87%   148 2757s
 191499 147743  180.74196   79  490  191.28624  178.15402  6.87%   148 2783s
 191619 159831  180.96273   86  458  191.28624  178.15631  6.86%   148 3002s
H207635 159911                     191.2862416  178.17405  6.85%   151 3077s
 207759 160282  178.87832   75  588  191.28624  178.17405  6.85%   151 3128s
 208234 161587  179.02607  101  607  191.28624  178.17750  6.85%   151 3151s
 210421 163448 infeasible   85       191.28624  178.18258  6.85%   151 3172s
 213077 164877  181.72782  190  486  191.28624  178.18562  6.85%   151 3199s
 214844 166773  190.45403  210  346  191.28624  178.18851  6.85%   151 3216s
 217116 168128  179.26837  128  491  191.28624  178.19090  6.85%   151 3232s
 219064 169664  180.47421  186  442  191.28624  178.19160  6.85%   151 3251s
 221195 170511     cutoff  188       191.28624  178.19345  6.84%   151 3277s
 222201 172238  178.83235   89  517  191.28624  178.19434  6.84%   151 3297s
 224217 172931  185.22289   90  572  191.28624  178.19635  6.84%   152 3313s
 226082 173937  182.64862   57  593  191.28624  178.19930  6.84%   152 3328s
 228092 174795  182.29623   80  522  191.28624  178.20163  6.84%   152 3343s
 229233 176346  189.76454  136  475  191.28624  178.20238  6.84%   152 3355s
 231179 177475  178.83686   92  495  191.28624  178.20718  6.84%   152 3377s
 233353 178700  180.45057   65  480  191.28624  178.21096  6.84%   152 3392s
 235409 179413  189.50969  156  587  191.28624  178.21290  6.83%   152 3414s
 236513 181121  181.02157  115  629  191.28624  178.21349  6.83%   152 3440s
 239002 183205 infeasible  102       191.28624  178.21683  6.83%   153 3467s
 241740 184117  178.89090  109  470  191.28624  178.21911  6.83%   153 3490s
 242948 186309  181.93050   69  463  191.28624  178.22149  6.83%   153 3512s
 245586 186388  190.56341  103  418  191.28624  178.22666  6.83%   153 3571s
 245694 188511  190.56341  104  418  191.28624  178.22794  6.83%   153 3584s
 248338 189160     cutoff  133       191.28624  178.23230  6.82%   153 3613s
 249283 190375  180.17675   89  543  191.28624  178.23284  6.82%   153 3630s
 251532 192127  184.45676  173  382  191.28624  178.23615  6.82%   153 3646s
 253905 193011  179.60102   96  396  191.28624  178.24102  6.82%   153 3661s
 255455 193675  186.58920   80  441  191.28624  178.24462  6.82%   153 3683s
 256568 194790  186.94263  144  504  191.28624  178.24484  6.82%   153 3703s
 258480 195883  183.13445   84  533  191.28624  178.24732  6.82%   153 3723s
 259904 197221  179.28014   58  562  191.28624  178.24998  6.82%   154 3741s
 261926 197288  179.71489   95  581  191.28624  178.25233  6.81%   154 3800s
 262160 198514  179.71545   96  559  191.28624  178.25427  6.81%   154 3823s
 263914 200305  184.10327  121  447  191.28624  178.25729  6.81%   154 3842s
 266340 201592  183.56803  101  571  191.28624  178.25992  6.81%   154 3862s
 268361 202369  183.12685  130  567  191.28624  178.26470  6.81%   154 3886s
 269391 203694  181.24310  119  547  191.28624  178.26615  6.81%   154 3905s
 271911 205036  190.98654  132  445  191.28624  178.27192  6.80%   154 3922s
 273894 206263  185.32329  105  540  191.28624  178.27332  6.80%   154 3941s
 275484 206951  190.03832   99  474  191.28624  178.27570  6.80%   154 3962s
 276478 208105 infeasible  185       191.28624  178.27662  6.80%   154 3981s
 278072 209376     cutoff  133       191.28624  178.27993  6.80%   154 4003s
 279953 210554  184.84058  135  370  191.28624  178.28131  6.80%   155 4020s
 281497 211564  187.85625   90  511  191.28624  178.28292  6.80%   155 4042s
 282850 213014  186.07396  121  561  191.28624  178.28611  6.80%   155 4061s
 284718 213962  190.38945   79  531  191.28624  178.28888  6.79%   155 4082s
 286610 215680  188.10149  107  456  191.28624  178.29497  6.79%   155 4100s
 288802 216647  188.33362  169  406  191.28624  178.29660  6.79%   155 4121s
 289990 218167  185.03200   88  552  191.28624  178.29793  6.79%   155 4142s
 292033 218180  181.56785   76  580  191.28624  178.30119  6.79%   155 4230s
 292052 219427  181.57283   77  585  191.28624  178.30128  6.79%   155 4244s
 293587 220514  181.94933  115  485  191.28624  178.30334  6.79%   155 4262s
 294940 220954  182.39990  108  541  191.28624  178.30854  6.78%   155 4304s
 295481 222469     cutoff  143       191.28624  178.30882  6.78%   155 4324s
 297412 223979  189.08733   64  531  191.28624  178.30967  6.78%   156 4341s
 299520 225264     cutoff  120       191.28624  178.31739  6.78%   156 4358s
 301318 226383  188.92038   81  505  191.28624  178.32072  6.78%   156 4374s
 302782 228077  179.06244  107  583  191.28624  178.32161  6.78%   156 4390s
 304946 229459  179.63002  115  553  191.28624  178.33033  6.77%   156 4405s
 306582 231055     cutoff   98       191.28624  178.33282  6.77%   156 4421s
 308537 231728  185.76042   99  458  191.28624  178.33581  6.77%   156 4438s
 309711 233087  187.91737  108  536  191.28624  178.33780  6.77%   156 4451s
 311579 234380  191.05008  181  443  191.28624  178.34258  6.77%   156 4465s
 313400 235310  183.65983   77  479  191.28624  178.34788  6.76%   156 4482s
 314719 236342  187.40697  104  447  191.28624  178.34800  6.76%   156 4500s
 316078 237827  189.55530  136  557  191.28624  178.35068  6.76%   157 4515s
 318114 238375     cutoff  123       191.28624  178.35762  6.76%   157 4529s
 319581 239468  183.92650  124  529  191.28624  178.36113  6.76%   157 4545s
 321099 240084  185.41524  138  559  191.28624  178.36395  6.76%   157 4580s
H321267 240084                     191.2862415  178.36395  6.76%   157 4580s
H321910 240084                     191.2862411  178.36395  6.76%   157 4580s
 321911 243441  179.38478   97  559  191.28624  178.36536  6.75%   157 4624s
 326523 245073  186.68095  221  432  191.28624  178.37414  6.75%   157 4641s
 328927 246186  179.82728  100  651  191.28624  178.38153  6.75%   157 4660s
 330303 247694  179.82728  101  631  191.28624  178.38488  6.74%   157 4677s
 332161 249505  180.16665  149  509  191.28624  178.38910  6.74%   157 4696s
 334503 251334  189.58850  165  490  191.28624  178.39353  6.74%   157 4713s
 336718 252283  179.31126   91  546  191.28624  178.39859  6.74%   157 4732s
 337875 253982  184.95702  143  533  191.28624  178.40022  6.74%   157 4749s
H340150 255470                     191.2862411  178.40312  6.73%   157 4764s
 341995 255536  185.22326  143  513  191.28624  178.40782  6.73%   157 4814s
 342083 267011  185.23886  144  506  191.28624  178.40789  6.73%   157 4977s
 358099 268023  187.28194  177  485  191.28624  178.43000  6.72%   158 4998s
 360262 268915  189.21111   69  492  191.28624  178.43957  6.72%   158 5023s
 361391 270642     cutoff  123       191.28624  178.44091  6.72%   158 5043s
 363500 271432  186.42606  113  487  191.28624  178.44303  6.71%   158 5080s
 364455 275138  191.12373  145  514  191.28624  178.44445  6.71%   158 5123s
 369214 276079  187.04530   84  537  191.28624  178.44922  6.71%   158 5145s
 370364 277120  179.27088   67  502  191.28624  178.45190  6.71%   158 5174s
 371678 278823  185.74992  132  500  191.28624  178.45333  6.71%   158 5193s
 373856 280315  178.99103   55  543  191.28624  178.45584  6.71%   158 5212s
 375862 281815  186.54780  129  494  191.28624  178.45803  6.71%   158 5231s
 377776 282674  178.98377   62  544  191.28624  178.45902  6.71%   159 5255s
 378985 284450  181.47822  105  473  191.28624  178.46267  6.70%   159 5271s
 381202 286262  189.72325  106  543  191.28624  178.46822  6.70%   159 5289s
 383536 287834  184.38574  110  655  191.28624  178.47239  6.70%   159 5314s
 385711 288074  188.78679  194  323  191.28624  178.47555  6.70%   159 5348s
 386040 298224  179.50539   67  468  191.28624  178.47574  6.70%   159 5461s
 399246 298351  179.18574   96  663  191.28624  178.48532  6.69%   159 5512s
 399477 299472  179.19025   97  654  191.28624  178.48640  6.69%   159 5529s
 401005 299488  189.15580   70  542  191.28624  178.48755  6.69%   159 5598s
 401021 300003  189.15580   71  543  191.28624  178.48755  6.69%   159 5622s
 401647 301504  191.11698  142  445  191.28624  178.48790  6.69%   159 5644s
 403461 302970  189.13300   98  399  191.28624  178.49094  6.69%   159 5665s
 405320 303808  181.01249  137  599  191.28624  178.49416  6.69%   159 5690s
 406695 305112  179.49769  102  569  191.28624  178.49591  6.69%   159 5714s
 408552 306652  190.47748  140  450  191.28624  178.49893  6.68%   159 5739s
 410450 307923  189.46516  123  505  191.28624  178.50057  6.68%   159 5756s
 412251 308120  179.34307   97  577  191.28624  178.50194  6.68%   159 5802s
 412594 309919  181.04927   98  467  191.28624  178.50221  6.68%   159 5822s
 414901 311435  183.66544  100  530  191.28624  178.50286  6.68%   159 5841s
 417037 312319  179.90702   87  533  191.28624  178.50641  6.68%   160 5865s
 418586 313338  188.44876   96  551  191.28624  178.50761  6.68%   160 5892s
 419946 314964  180.38018   64  556  191.28624  178.50835  6.68%   160 5913s
 422086 316228  179.27070   96  509  191.28624  178.51086  6.68%   160 5938s
 424023 318055  187.53201  117  491  191.28624  178.51304  6.68%   160 5963s
 426397 318811  182.90572   75  597  191.28624  178.51868  6.67%   160 5990s
 427364 320285  183.14835   76  585  191.28624  178.51925  6.67%   160 6009s
 429599 321878  189.48879  162  480  191.28624  178.52132  6.67%   160 6025s
 431669 322270  188.48915   89  520  191.28624  178.52403  6.67%   160 6043s
 432297 322939  191.25633  153  385  191.28624  178.52445  6.67%   160 6068s
 433689 324023  179.41026  107  579  191.28624  178.52539  6.67%   160 6093s
 435290 325034  189.96465  188  373  191.28624  178.52725  6.67%   160 6118s
 437194 326790  190.59951   97  491  191.28624  178.52833  6.67%   161 6139s
 439116 326790  180.70751  141  424  191.28624  178.53051  6.67%   160 6140s
 439322 326858  188.90077   59  549  191.28624  178.53055  6.67%   160 6217s
 439421 328837  188.90077   60  548  191.28624  178.53124  6.67%   160 6238s
 441814 330852  179.88945  134  618  191.28624  178.53443  6.67%   160 6260s
 444276 332364  188.49523   94  535  191.28624  178.53607  6.67%   160 6279s
 446135 332979  187.65896  123  402  191.28624  178.53816  6.66%   160 6307s
 446919 334161  180.30552  117  506  191.28624  178.53851  6.66%   160 6330s
 448695 334399  179.22291  110  543  191.28624  178.54003  6.66%   161 6385s
 449069 347022  179.22291  111  544  191.28624  178.54090  6.66%   161 6529s
 465059 348069  188.25983  135  427  191.28624  178.55311  6.66%   161 6548s
 466513 348188  187.42179   98  475  191.28624  178.55611  6.66%   161 6569s
 466659 349577  187.91280  104  480  191.28624  178.55657  6.65%   161 6584s
 468516 351448  180.62470   68  662  191.28624  178.56025  6.65%   161 6595s
 470753 353063  179.20349   56  510  191.28624  178.56117  6.65%   160 6613s
 472946 354069  189.06694   66  527  191.28624  178.56293  6.65%   160 6629s
 474271 355711  180.12293   86  479  191.28624  178.56386  6.65%   161 6643s
 476508 357421  189.88267  108  586  191.28624  178.56492  6.65%   161 6658s
 478856 357470  188.86105  123  488  191.28624  178.56696  6.65%   160 6691s
 478984 358665  188.87963  124  492  191.28624  178.56733  6.65%   161 6705s
 480878 359949  180.21604  102  614  191.28624  178.56885  6.65%   161 6720s
 482400 361060  180.28259  103  611  191.28624  178.56939  6.65%   160 6733s
 484460 362894  190.79463  110  417  191.28624  178.57088  6.65%   161 6747s
 486951 364081  189.45979   70  523  191.28624  178.57409  6.65%   161 6762s
 488757 365230  178.83472   73  484  191.28624  178.57521  6.65%   161 6777s
 490165 366878  183.73389  113  536  191.28624  178.57601  6.64%   161 6788s
 492304 367079  191.15655  113  511  191.28624  178.57852  6.64%   161 6822s
H492306 367005                     191.2799712  178.57852  6.64%   161 6822s
 492580 378693  191.15740  114  514  191.27997  178.57939  6.64%   161 6965s
H508596 379526                     191.2561471  178.58778  6.62%   161 6988s
 510066 381636  185.97386   95  479  191.25615  178.58957  6.62%   161 7012s
 512822 382066  180.20380  115  517  191.25615  178.59121  6.62%   161 7047s
H513246 382066                     191.2561471  178.59121  6.62%   161 7048s
 513404 387394  180.21576  116  508  191.25615  178.59121  6.62%   161 7134s
 521240 388260     cutoff  122       191.25615  178.59509  6.62%   162 7159s
 522761 389975  181.23867  147  474  191.25615  178.59916  6.62%   162 7180s
 525130 391363     cutoff  158       191.25615  178.60021  6.62%   162 7200s

Cutting planes:
  Learned: 8
  Gomory: 273
  Cover: 198
  Implied bound: 1611
  Projected implied bound: 44
  Clique: 15
  MIR: 2484
  StrongCG: 2
  Flow cover: 4569
  GUB cover: 1
  Inf proof: 69
  Zero half: 37
  Network: 2
  RLT: 179
  Relax-and-lift: 316
  BQP: 1

Explored 527325 nodes (85404636 simplex iterations) in 7200.19 seconds (4307.72 work units)
Thread count was 32 (of 32 available processors)

Solution count 10: 191.256 191.256 191.28 ... 191.286

Time limit reached
Best objective 1.912561470782e+02, best bound 1.786022044425e+02, gap 6.6162%
