
Gurobi 9.5.2 (linux64) logging started Fri Aug  7 09:18:21 2026

Set parameter LogFile to value "/mnt/beegfs/users/celinep/ChargeAndBreak/logs/RlongCmanyTtight_38_2SP_20260805_125650_181_gurobi.log"
Gurobi Optimizer version 9.5.2 build v9.5.2rc0 (linux64)
Thread count: 16 physical cores, 32 logical processors, using up to 32 threads
Optimize a model with 174899 rows, 85102 columns and 582753 nonzeros
Model fingerprint: 0x8e6ac70e
Variable types: 72626 continuous, 12476 integer (12476 binary)
Coefficient statistics:
  Matrix range     [3e-02, 2e+03]
  Objective range  [4e-02, 4e-02]
  Bounds range     [1e+00, 1e+00]
  RHS range        [6e-03, 5e+02]
Presolve removed 56993 rows and 19418 columns
Presolve time: 3.24s
Presolved: 117906 rows, 65684 columns, 508486 nonzeros
Variable types: 56370 continuous, 9314 integer (9314 binary)

Deterministic concurrent LP optimizer: primal and dual simplex (primal and dual model)
Showing first log only...

Root relaxation presolve removed 2567 rows and 2567 columns
Root relaxation presolved: 115339 rows, 63117 columns, 503352 nonzeros


Root simplex log...

Iteration    Objective       Primal Inf.    Dual Inf.      Time
       0    3.7961108e+01   6.441857e+04   5.521541e+11      5s
   48237    1.2201783e+02   1.387480e+02   4.837071e+09     10s
   51456    1.4459294e+02   0.000000e+00   1.028675e+04     14s
   52428    1.3984765e+02   0.000000e+00   1.586138e+04     15s
   56228    1.2336415e+02   0.000000e+00   2.601628e+03     20s
   59268    1.1842287e+02   0.000000e+00   4.407513e+03     25s
   61548    1.1583004e+02   0.000000e+00   1.236818e+04     30s
   64588    1.1106098e+02   0.000000e+00   2.588154e+03     35s
   67628    1.0870070e+02   0.000000e+00   2.629264e+03     40s
   69428    1.0595365e+02   0.000000e+00   1.479727e+04     45s
   71028    1.0498292e+02   0.000000e+00   2.819726e+05     50s
   72398    1.0409451e+02   0.000000e+00   6.792833e+03     55s
   73798    1.0357481e+02   0.000000e+00   3.541504e+03     60s
   75328    1.0081420e+02   0.000000e+00   1.269735e+05     65s
   77358    9.8755481e+01   0.000000e+00   2.743417e+03     70s
   78818    9.8072461e+01   0.000000e+00   2.953158e+04     75s
   80378    9.7541319e+01   0.000000e+00   1.155330e+04     80s
   82028    9.6817011e+01   0.000000e+00   8.365007e+02     85s
   83518    9.6382425e+01   0.000000e+00   8.242354e+04     90s
   84818    9.5854838e+01   0.000000e+00   9.819677e+03     95s
   86288    9.5366115e+01   0.000000e+00   5.140482e+02    100s
   87698    9.5006208e+01   0.000000e+00   1.375149e+04    105s
   89018    9.4693922e+01   0.000000e+00   1.642277e+03    110s
   89998    9.4504360e+01   0.000000e+00   6.549092e+02    115s
   91358    9.3925270e+01   0.000000e+00   2.814024e+05    120s
   93168    9.2811417e+01   0.000000e+00   6.462003e+03    125s
   94528    9.2631809e+01   0.000000e+00   1.392716e+03    131s
   96138    9.2379957e+01   0.000000e+00   2.875569e+03    135s
   98218    9.2103275e+01   0.000000e+00   2.136306e+03    140s
   99958    9.1959977e+01   0.000000e+00   4.030268e+03    145s
  101698    9.1866707e+01   0.000000e+00   8.034272e+02    150s
  103448    9.1746017e+01   0.000000e+00   3.183332e+04    155s
  104728    9.1666549e+01   0.000000e+00   3.477556e+02    160s
  106238    9.1624694e+01   0.000000e+00   8.371091e+02    165s
  107778    9.1565866e+01   0.000000e+00   5.044305e+02    170s
  109568    9.1489113e+01   0.000000e+00   2.491701e+03    175s
Concurrent spin time: 40.47s

Solved with primal simplex (dual model)

Root relaxation: objective 9.055647e+01, 79113 iterations, 214.36 seconds (126.28 work units)
Total elapsed time = 220.76s

    Nodes    |    Current Node    |     Objective Bounds      |     Work
 Expl Unexpl |  Obj  Depth IntInf | Incumbent    BestBd   Gap | It/Node Time

     0     0   90.55825    0 3326          -   90.55825      -     -  245s
     0     0   91.46077    0 3785          -   91.46077      -     -  375s
     0     0   92.72104    0 4379          -   92.72104      -     -  509s
     0     0   92.78454    0 4682          -   92.78454      -     -  531s
     0     0   92.79401    0 4695          -   92.79401      -     -  539s
     0     0   92.79517    0 4706          -   92.79517      -     -  541s
     0     0   92.79549    0 4695          -   92.79549      -     -  542s
     0     0   92.79563    0 4704          -   92.79563      -     -  543s
     0     0   92.79569    0 4703          -   92.79569      -     -  544s
     0     0   93.86353    0 5392          -   93.86353      -     -  690s
     0     0   94.00951    0 5563          -   94.00951      -     -  744s
     0     0   94.03276    0 5668          -   94.03276      -     -  754s
     0     0   94.03591    0 5656          -   94.03591      -     -  759s
     0     0   94.03699    0 5603          -   94.03699      -     -  762s
     0     0   94.03730    0 5659          -   94.03730      -     -  764s
     0     0   95.04772    0 5706          -   95.04772      -     -  933s
     0     0   95.27732    0 5779          -   95.27732      -     -  991s
     0     0   95.33668    0 5796          -   95.33668      -     - 1013s
     0     0   95.35188    0 5736          -   95.35188      -     - 1022s
     0     0   95.36072    0 5735          -   95.36072      -     - 1028s
     0     0   95.36322    0 5791          -   95.36322      -     - 1031s
     0     0   95.36382    0 5802          -   95.36382      -     - 1033s
     0     0   96.01519    0 5659          -   96.01519      -     - 1156s
     0     0   96.11466    0 5747          -   96.11466      -     - 1222s
     0     0   96.13357    0 5936          -   96.13357      -     - 1236s
     0     0   96.13720    0 5945          -   96.13720      -     - 1241s
     0     0   96.13792    0 5991          -   96.13792      -     - 1243s
     0     0   96.30737    0 5936          -   96.30737      -     - 1292s
     0     0   96.33951    0 6021          -   96.33951      -     - 1317s
     0     0   96.34537    0 5784          -   96.34537      -     - 1325s
     0     0   96.34688    0 5815          -   96.34688      -     - 1329s
     0     0   96.48022    0 6000          -   96.48022      -     - 1409s
     0     0   96.50424    0 5987          -   96.50424      -     - 1429s
     0     0   96.50746    0 6055          -   96.50746      -     - 1438s
     0     0   96.50795    0 6062          -   96.50795      -     - 1441s
     0     0   96.61539    0 5989          -   96.61539      -     - 1502s
     0     0   96.63569    0 6011          -   96.63569      -     - 1516s
     0     0   96.63998    0 6094          -   96.63998      -     - 1521s
     0     0   96.64055    0 6083          -   96.64055      -     - 1523s
     0     0   96.70809    0 6099          -   96.70809      -     - 1554s
     0     0   96.71868    0 6154          -   96.71868      -     - 1567s
     0     0   96.72500    0 6189          -   96.72500      -     - 1574s
     0     0   96.72587    0 6192          -   96.72587      -     - 1578s
     0     0   96.77488    0 6222          -   96.77488      -     - 1600s
     0     0   96.78421    0 6279          -   96.78421      -     - 1635s
     0     0   96.78569    0 6162          -   96.78569      -     - 1640s
     0     0   96.82633    0 6202          -   96.82633      -     - 1664s
     0     0   96.83578    0 6354          -   96.83578      -     - 1677s
     0     0   96.83688    0 6300          -   96.83688      -     - 1680s
     0     0   96.87166    0 6351          -   96.87166      -     - 1702s
     0     0   96.87770    0 6365          -   96.87770      -     - 1728s
     0     0   96.87886    0 6440          -   96.87886      -     - 1733s
     0     0   96.90301    0 6433          -   96.90301      -     - 1750s
     0     0   96.90882    0 6431          -   96.90882      -     - 1770s
     0     0   96.90937    0 6453          -   96.90937      -     - 1777s
     0     0   96.92861    0 6367          -   96.92861      -     - 1795s
     0     0   96.93166    0 6326          -   96.93166      -     - 1807s
     0     0   96.93211    0 6403          -   96.93211      -     - 1810s
     0     0   96.95018    0 6439          -   96.95018      -     - 1826s
     0     0   96.95280    0 6479          -   96.95280      -     - 1843s
     0     0   96.95310    0 6434          -   96.95310      -     - 1845s
     0     0   96.96390    0 6443          -   96.96390      -     - 1859s
     0     0   96.96595    0 6514          -   96.96595      -     - 1867s
     0     0   96.96621    0 6501          -   96.96621      -     - 1869s
     0     0   96.97293    0 6493          -   96.97293      -     - 1890s
     0     0   96.97293    0 6043          -   96.97293      -     - 1958s
     0     2   96.97293    0 5993          -   96.97293      -     - 3491s
     1     4   96.98516    1 5938          -   96.97293      -  7169 3502s
     3     8   96.98516    2 5937          -   96.98516      -  5188 3525s
     7    16   96.99274    3 5888          -   96.98524      -  5430 3550s
    15    32   96.99336    4 5878          -   96.99274      -  5534 3584s
    31    48   97.01056    5 5938          -   96.99509      -  8147 3898s
    47    64   97.02317    6 5959          -   96.99509      - 15145 3919s
    63    80   97.02321    7 5942          -   96.99509      - 11706 3926s
    79    96   97.02580    8 5882          -   96.99509      -  9533 3937s
    95   120   97.03416    9 5875          -   96.99509      -  8121 3948s
   119   141   97.04688   10 5806          -   96.99509      -  6694 3960s
   140   162   97.04767   11 5787          -   96.99509      -  5832 3970s
   161   187   97.04800   13 5761          -   96.99509      -  5220 4012s
   186   216   97.04807   14 5733          -   96.99509      -  4688 4034s
   215   241   97.80808   16 5494          -   96.99509      -  4237 4065s
   240   273   97.81385   17 5534          -   96.99509      -  3964 4092s
   272   305   97.81477   18 5552          -   96.99509      -  3618 4127s
   304   338   97.81565   20 5545          -   96.99509      -  3342 4171s
   337   379   97.82009   22 5531          -   96.99509      -  3140 4195s
   378   433   97.82519   23 5545          -   96.99509      -  2889 4224s
   432   494   97.82579   24 5546          -   96.99509      -  2634 4236s
   493   561   97.82630   26 5476          -   96.99509      -  2371 4253s
   560   629   97.83241   28 5458          -   96.99509      -  2141 4306s
   628   698   97.83384   29 5519          -   96.99509      -  1982 4337s
   697   764   98.84295   31 5486          -   96.99509      -  1853 4386s
   763   852   98.84295   32 5471          -   96.99509      -  1744 4414s
   851   938   98.84372   38 5488          -   96.99509      -  1609 4439s
   937   997   99.00336   43 5441          -   96.99509      -  1514 4477s
   996  1075  101.01828   43 5172          -   96.99509      -  1500 4541s
  1074  1165  101.01948   44 5236          -   96.99509      -  1436 4559s
  1164  1237  101.02105   46 5212          -   96.99509      -  1359 4595s
  1236  1313  101.05304   48 5219          -   96.99509      -  1325 4636s
  1312  1400  101.05480   52 5191          -   96.99509      -  1290 4679s
  1399  1482  101.06655   56 5141          -   96.99509      -  1253 4714s
  1481  1587  101.08112   64 5100          -   96.99509      -  1224 4752s
  1586  1670  101.08529   83 5083          -   96.99509      -  1189 4790s
  1669  1732  101.10423   95 5035          -   96.99509      -  1177 4812s
  1731  1800  101.19110  102 5120          -   96.99509      -  1178 4841s
  1799  1874  101.36464  106 5061          -   96.99509      -  1179 4905s
  1873  1998  101.36697  107 5164          -   96.99509      -  1173 4987s
  2005  2139  101.37343  114 5151          -   96.99509      -  1146 5051s
  2146  2252  102.61734  134 5157          -   96.99509      -  1118 5123s
  2261  2379  103.74662  135 5151          -   96.99509      -  1098 5197s
  2394  2523  105.68836  136 5173          -   96.99509      -  1082 5247s
  2538  2618  109.78528  137 5076          -   96.99509      -  1062 5302s
  2633  2701  110.06596  143 5159          -   96.99509      -  1071 5355s
  2716  2832  110.08590  154 5116          -   96.99509      -  1083 5434s
  2849  2952  118.73533  177 4974          -   96.99509      -  1081 5515s
  2973  3107  118.75871  178 4991          -   96.99509      -  1080 5602s
  3128  3238  118.95013  190 4942          -   96.99509      -  1077 5680s
  3287  3349  119.16694  197 4950          -   96.99509      -  1084 5730s
  3422  3423  119.84868  207 4949          -   96.99509      -  1087 5843s
  3512  3543  120.73351  214 5018          -   96.99509      -  1109 5907s
  3632  3657  121.64924  218 4973          -   96.99509      -  1116 5979s
  3756  3820  126.76244  223 4835          -   96.99509      -  1128 6042s
  3927  3966  126.91099  226 4622          -   96.99509      -  1124 6118s
  4087  4149  127.37630  232 4254          -   96.99509      -  1130 6231s
  4280  4381  129.53592  248 2870          -   96.99509      -  1131 6298s
  4523  4604  153.75558  293 1935          -   96.99509      -  1114 6357s
  4784  4875  154.75681  331 1900          -   96.99509      -  1090 6445s
  5095  5121  155.77473  372 1851          -   96.99509      -  1065 6522s
  5389  5325 infeasible  413               -   96.99509      -  1045 6589s
  5647  5629  158.61003  459 1771          -   96.99509      -  1034 6729s
  5987  5926 infeasible  510               -   96.99509      -  1011 6826s
  6356  6151  160.86346  575 1664          -   96.99509      -   991 6936s
  6695  6397  161.02694  651 1574          -   97.03368      -   981 7039s
  6948  6398   99.00589   62 6043          -   97.03368      -   977 7055s

Explored 6949 nodes (7489488 simplex iterations) in 7200.12 seconds (8800.97 work units)
Thread count was 32 (of 32 available processors)

Solution count 0

Time limit reached
Best objective -, best bound 9.703368063490e+01, gap -
