
Gurobi 9.5.2 (linux64) logging started Sun Aug  9 06:13:42 2026

Set parameter LogFile to value "/mnt/beegfs/users/celinep/ChargeAndBreak/logs/RlongCmanyTmedium_17_2SP_20260803_212939_258_gurobi.log"
Gurobi Optimizer version 9.5.2 build v9.5.2rc0 (linux64)
Thread count: 16 physical cores, 32 logical processors, using up to 32 threads
Optimize a model with 207334 rows, 100751 columns and 690288 nonzeros
Model fingerprint: 0xcbb8281e
Variable types: 86126 continuous, 14625 integer (14625 binary)
Coefficient statistics:
  Matrix range     [2e-02, 2e+03]
  Objective range  [4e-02, 4e-02]
  Bounds range     [1e+00, 1e+00]
  RHS range        [3e-02, 5e+02]
Presolve removed 67473 rows and 22770 columns
Presolve time: 2.86s
Presolved: 139861 rows, 77981 columns, 602598 nonzeros
Variable types: 67014 continuous, 10967 integer (10967 binary)

Deterministic concurrent LP optimizer: primal and dual simplex (primal and dual model)
Showing first log only...

Root relaxation presolve removed 2998 rows and 2998 columns
Root relaxation presolved: 136863 rows, 74983 columns, 596602 nonzeros


Root simplex log...

Iteration    Objective       Primal Inf.    Dual Inf.      Time
   44057    5.6583161e+01   7.336618e+02   6.045136e+09      5s
   60985    1.5893352e+02   4.747807e-01   5.894025e+08     10s
   61117    1.7000446e+02   0.000000e+00   1.530523e+03     10s
   68096    1.4332910e+02   0.000000e+00   4.396424e+03     15s
   72811    1.3916603e+02   0.000000e+00   1.435715e+04     20s
   77731    1.3100501e+02   0.000000e+00   3.035891e+03     25s
   82241    1.2739084e+02   0.000000e+00   3.648418e+03     30s
   86076    1.2433573e+02   0.000000e+00   9.641796e+03     35s
   89001    1.2160186e+02   0.000000e+00   8.058661e+03     40s
   91431    1.1898457e+02   0.000000e+00   1.216291e+04     45s
   93621    1.1715331e+02   0.000000e+00   1.903791e+05     50s
   95956    1.1473161e+02   0.000000e+00   9.251849e+03     55s
   98211    1.1372760e+02   0.000000e+00   1.039203e+04     60s
  100391    1.1244736e+02   0.000000e+00   7.466335e+03     65s
  102646    1.1121984e+02   0.000000e+00   4.973462e+04     70s
  104626    1.1058809e+02   0.000000e+00   5.596525e+03     75s
  106626    1.1020208e+02   0.000000e+00   3.523555e+03     80s
  108806    1.0986015e+02   0.000000e+00   3.195706e+03     85s
  111201    1.0953307e+02   0.000000e+00   1.491670e+03     90s
  113501    1.0933443e+02   0.000000e+00   2.684989e+03     95s
  115809    1.0869603e+02   0.000000e+00   3.278283e+03    100s
  118224    1.0846624e+02   0.000000e+00   1.090438e+03    105s
  120589    1.0814286e+02   0.000000e+00   4.454266e+03    110s
  122609    1.0802479e+02   0.000000e+00   1.450327e+03    115s
  125209    1.0776978e+02   0.000000e+00   3.229552e+03    120s
  127409    1.0764555e+02   0.000000e+00   4.566354e+03    125s
  129474    1.0753824e+02   0.000000e+00   8.599217e+02    130s
  131424    1.0745375e+02   0.000000e+00   5.079729e+02    135s
  133344    1.0738980e+02   0.000000e+00   1.752474e+03    140s
  135454    1.0734395e+02   0.000000e+00   5.551959e+02    145s
  137694    1.0727522e+02   0.000000e+00   2.275036e+02    150s
  139999    1.0717070e+02   0.000000e+00   1.859640e+02    155s
  142339    1.0707775e+02   0.000000e+00   3.502107e+03    160s
  144829    1.0699968e+02   0.000000e+00   4.781115e+03    165s
  147029    1.0695597e+02   0.000000e+00   6.309312e+02    170s
Concurrent spin time: 0.01s

Solved with primal simplex (dual model)

Root relaxation: objective 1.065237e+02, 90486 iterations, 170.16 seconds (181.47 work units)
Total elapsed time = 176.28s
Total elapsed time = 180.07s

    Nodes    |    Current Node    |     Objective Bounds      |     Work
 Expl Unexpl |  Obj  Depth IntInf | Incumbent    BestBd   Gap | It/Node Time

     0     0  106.52552    0 3975          -  106.52552      -     -  202s
     0     0  107.75789    0 4529          -  107.75789      -     -  406s
     0     0  108.60464    0 5053          -  108.60464      -     -  511s
     0     0  108.65315    0 4949          -  108.65315      -     -  539s
     0     0  108.65748    0 4949          -  108.65748      -     -  550s
     0     0  108.65799    0 4953          -  108.65799      -     -  552s
     0     0  108.65806    0 4955          -  108.65806      -     -  553s
     0     0  110.05019    0 6270          -  110.05019      -     -  753s
     0     0  110.25635    0 6388          -  110.25635      -     -  811s
     0     0  110.27483    0 6407          -  110.27483      -     -  846s
     0     0  110.27896    0 6394          -  110.27896      -     -  851s
     0     0  110.27943    0 6382          -  110.27943      -     -  853s
     0     0  111.49424    0 6391          -  111.49424      -     - 1011s
     0     0  111.73334    0 6555          -  111.73334      -     - 1107s
     0     0  111.76925    0 6617          -  111.76925      -     - 1135s
     0     0  111.77492    0 6699          -  111.77492      -     - 1142s
     0     0  111.77702    0 6689          -  111.77702      -     - 1145s
     0     0  111.77747    0 6639          -  111.77747      -     - 1147s
     0     0  112.49122    0 6622          -  112.49122      -     - 1340s
     0     0  112.62733    0 6620          -  112.62733      -     - 1405s
     0     0  112.66670    0 6613          -  112.66670      -     - 1423s
     0     0  112.67036    0 6675          -  112.67036      -     - 1429s
     0     0  112.67122    0 6739          -  112.67122      -     - 1435s
     0     0  112.92316    0 6823          -  112.92316      -     - 1549s
     0     0  112.96260    0 6894          -  112.96260      -     - 1578s
     0     0  112.96748    0 6922          -  112.96748      -     - 1584s
     0     0  112.96920    0 6934          -  112.96920      -     - 1588s
     0     0  112.96943    0 6987          -  112.96943      -     - 1590s
     0     0  113.17096    0 7075          -  113.17096      -     - 1711s
     0     0  113.20273    0 7100          -  113.20273      -     - 1760s
     0     0  113.20758    0 7173          -  113.20758      -     - 1770s
     0     0  113.20823    0 7162          -  113.20823      -     - 1772s
     0     0  113.36718    0 6925          -  113.36718      -     - 1846s
     0     0  113.40401    0 7076          -  113.40401      -     - 1896s
     0     0  113.40822    0 7136          -  113.40822      -     - 1905s
     0     0  113.40904    0 7073          -  113.40904      -     - 1909s
     0     0  113.52146    0 7084          -  113.52146      -     - 1978s
     0     0  113.53757    0 7112          -  113.53757      -     - 2004s
     0     0  113.54070    0 7148          -  113.54070      -     - 2009s
     0     0  113.54096    0 7187          -  113.54096      -     - 2011s
     0     0  113.65681    0 7135          -  113.65681      -     - 2074s
     0     0  113.66962    0 7233          -  113.66962      -     - 2098s
     0     0  113.67197    0 7187          -  113.67197      -     - 2102s
     0     0  113.67276    0 7215          -  113.67276      -     - 2105s
     0     0  113.73720    0 7118          -  113.73720      -     - 2182s
     0     0  113.74768    0 7059          -  113.74768      -     - 2204s
     0     0  113.74858    0 7143          -  113.74858      -     - 2208s
     0     0  113.79190    0 7078          -  113.79190      -     - 2261s
     0     0  113.79943    0 7001          -  113.79943      -     - 2271s
     0     0  113.80095    0 7157          -  113.80095      -     - 2280s
     0     0  113.84970    0 7062          -  113.84970      -     - 2333s
     0     0  113.85823    0 7110          -  113.85823      -     - 2353s
     0     0  113.85931    0 7113          -  113.85931      -     - 2356s
     0     0  113.89644    0 7071          -  113.89644      -     - 2389s
     0     0  113.90113    0 7160          -  113.90113      -     - 2397s
     0     0  113.90234    0 7208          -  113.90234      -     - 2400s
     0     0  113.92313    0 7244          -  113.92313      -     - 2434s
     0     0  113.92612    0 7269          -  113.92612      -     - 2441s
     0     0  113.92660    0 7317          -  113.92660      -     - 2443s
     0     0  113.94229    0 7148          -  113.94229      -     - 2456s
     0     0  113.94412    0 7223          -  113.94412      -     - 2464s
     0     0  113.96093    0 7130          -  113.96093      -     - 2479s
     0     0  113.96093    0 6464          -  113.96093      -     - 2531s
     0     2  113.96093    0 6414          -  113.96093      -     - 5500s
     1     4  113.96139    1 6409          -  113.96093      -  3962 5516s
     3     8  113.96216    2 6409          -  113.96139      -  5657 5536s
     7    16  113.96252    3 6450          -  113.96218      -  5139 5562s
    15    32  113.97190    4 6477          -  113.96252      -  5926 5597s
    31    48  113.97473    5 6501          -  113.97190      -  7888 5872s
    47    64  113.98153    6 6380          -  113.97190      - 17238 5883s
    63    80  113.98995    7 6359          -  113.97190      - 13286 5892s
    79    96  113.99314    8 6323          -  113.97190      - 10867 5902s
    95   116  114.00350    9 6358          -  113.97190      -  9331 5917s
   115   142  114.00357   10 6332          -  113.97190      -  8074 5935s
   141   165  114.00487   12 6330          -  113.97190      -  6842 5949s
   164   188  114.00564   13 6320          -  113.97190      -  6079 5959s
   187   219  114.00675   14 6324          -  113.97190      -  5508 5972s
   218   245  114.00898   15 6319          -  113.97190      -  4885 5996s
   244   277  114.01030   16 6328          -  113.97190      -  4523 6006s
   276   315  114.01082   17 6281          -  113.97190      -  4106 6016s
   314   351  114.01420   19 6288          -  113.97190      -  3703 6025s
   350   398  114.01699   21 6267          -  113.97190      -  3406 6056s
   397   448  114.02388   23 6275          -  113.97190      -  3119 6066s
   447   490  114.03162   24 6194          -  113.97190      -  2852 6077s
   489   527  114.04179   25 6202          -  113.97190      -  2697 6087s
   526   581  114.61881   26 6174          -  113.97190      -  2603 6107s
   580   648  115.54540   27 6058          -  113.97190      -  2469 6126s
   647   708  115.55518   28 6098          -  113.97190      -  2283 6163s
   707   771  115.56849   29 6094          -  113.97190      -  2177 6203s
   770   835  115.57707   30 6048          -  113.97190      -  2111 6219s
   834   904  115.58372   31 6009          -  113.97190      -  2017 6257s
   903   968  115.59473   34 5942          -  113.97190      -  1958 6281s
   967  1042  115.60377   36 5893          -  113.97190      -  1897 6316s
  1041  1134  115.62770   41 5939          -  113.97190      -  1840 6340s
  1133  1244  115.63478   43 5852          -  113.97190      -  1760 6364s
  1243  1348  115.64913   45 5793          -  113.97190      -  1665 6383s
  1347  1451  115.64933   46 5769          -  113.97190      -  1594 6408s
  1450  1574  115.64991   56 5795          -  113.97190      -  1533 6432s
  1573  1699  115.65470   71 5826          -  113.97190      -  1472 6480s
  1698  1815  115.70895   77 5930          -  113.97190      -  1426 6505s
  1814  1938  116.92541   78 5808          -  113.97190      -  1389 6549s
  1937  2029  116.92816   84 5844          -  113.97190      -  1365 6587s
  2028  2114  116.94847   91 5874          -  113.97190      -  1361 6625s
  2115  2232  116.96337   93 5820          -  113.97190      -  1364 6672s
  2241  2443  117.02250   97 5862          -  113.97190      -  1361 6713s
  2452  2545  117.06301  102 5927          -  113.97190      -  1288 6757s
  2556  2648  117.16994  112 5860          -  113.97190      -  1292 6807s
  2667  2773  117.22542  119 5878          -  113.97190      -  1283 6858s
  2792  2877  117.30740  131 5871          -  113.97190      -  1273 6913s
  2896  2975  117.31728  142 5772          -  113.97190      -  1276 6947s
  2996  3052  117.39674  146 5822          -  113.97190      -  1279 6989s
  3085  3165  117.49271  152 5829          -  113.97190      -  1286 7038s
  3204  3270  117.63154  180 5913          -  113.97190      -  1294 7075s
H 3248  3270                     201.3724830  113.97190  43.4%  1297 7075s
  3309  3384  117.90516  191 5894  201.37248  113.97190  43.4%  1299 7145s
  3431  3458  123.90902  196 6129  201.37248  113.97190  43.4%  1312 7200s

Cutting planes:
  Learned: 113
  Gomory: 7
  Cover: 1015
  Implied bound: 2647
  Clique: 2092
  MIR: 5559
  StrongCG: 6
  Flow cover: 4647
  GUB cover: 11
  Zero half: 39
  RLT: 798
  Relax-and-lift: 299
  PSD: 1

Explored 3515 nodes (5776915 simplex iterations) in 7200.10 seconds (13345.75 work units)
Thread count was 32 (of 32 available processors)

Solution count 1: 201.372 

Time limit reached
Best objective 2.013724829984e+02, best bound 1.139719000789e+02, gap 43.4024%
