
Gurobi 9.5.2 (linux64) logging started Sat Aug  1 03:28:16 2026

Set parameter LogFile to value "logs/RlongCfewTtight_46_RO_20260730_132726_159_gurobi.log"
Gurobi Optimizer version 9.5.2 build v9.5.2rc0 (linux64)
Thread count: 16 physical cores, 32 logical processors, using up to 32 threads
Optimize a model with 8594 rows, 4965 columns and 30052 nonzeros
Model fingerprint: 0xa6c43141
Variable types: 3107 continuous, 1858 integer (1858 binary)
Coefficient statistics:
  Matrix range     [2e-02, 2e+03]
  Objective range  [1e+00, 1e+00]
  Bounds range     [1e+00, 1e+00]
  RHS range        [5e-02, 5e+02]
Presolve removed 2599 rows and 868 columns
Presolve time: 0.29s
Presolved: 5995 rows, 4097 columns, 26943 nonzeros
Variable types: 2419 continuous, 1678 integer (1677 binary)
Found heuristic solution: objective 314.4798868

Root relaxation: objective 1.459666e+02, 6304 iterations, 0.54 seconds (0.20 work units)

    Nodes    |    Current Node    |     Objective Bounds      |     Work
 Expl Unexpl |  Obj  Depth IntInf | Incumbent    BestBd   Gap | It/Node Time

     0     0  145.97233    0  549  314.47989  145.97233  53.6%     -    1s
     0     0  148.17971    0  567  314.47989  148.17971  52.9%     -    2s
     0     0  148.28353    0  583  314.47989  148.28353  52.8%     -    2s
     0     0  148.28483    0  588  314.47989  148.28483  52.8%     -    3s
     0     0  148.28483    0  591  314.47989  148.28483  52.8%     -    3s
     0     0  149.81891    0  564  314.47989  149.81891  52.4%     -    3s
     0     0  149.97978    0  615  314.47989  149.97978  52.3%     -    3s
     0     0  150.01216    0  644  314.47989  150.01216  52.3%     -    4s
     0     0  150.01391    0  643  314.47989  150.01391  52.3%     -    4s
     0     0  150.01391    0  643  314.47989  150.01391  52.3%     -    4s
     0     0  151.29216    0  607  314.47989  151.29216  51.9%     -    4s
     0     0  151.45379    0  606  314.47989  151.45379  51.8%     -    5s
     0     0  151.48566    0  613  314.47989  151.48566  51.8%     -    5s
     0     0  151.48901    0  622  314.47989  151.48901  51.8%     -    5s
     0     0  151.48939    0  630  314.47989  151.48939  51.8%     -    5s
     0     0  152.27657    0  612  314.47989  152.27657  51.6%     -    5s
     0     0  152.41665    0  586  314.47989  152.41665  51.5%     -    6s
     0     0  152.43156    0  611  314.47989  152.43156  51.5%     -    6s
     0     0  152.43224    0  610  314.47989  152.43224  51.5%     -    6s
     0     0  152.62207    0  669  314.47989  152.62207  51.5%     -    6s
     0     0  152.64990    0  679  314.47989  152.64990  51.5%     -    7s
     0     0  152.65723    0  673  314.47989  152.65723  51.5%     -    7s
     0     0  152.65727    0  669  314.47989  152.65727  51.5%     -    7s
     0     0  152.81444    0  667  314.47989  152.81444  51.4%     -    7s
     0     0  152.82614    0  671  314.47989  152.82614  51.4%     -    7s
     0     0  152.82849    0  676  314.47989  152.82849  51.4%     -    8s
     0     0  152.82851    0  676  314.47989  152.82851  51.4%     -    8s
H    0     0                     313.5811554  152.89370  51.2%     -    8s
     0     0  152.89370    0  678  313.58116  152.89370  51.2%     -    8s
H    0     0                     312.2458394  152.90099  51.0%     -    8s
H    0     0                     308.8377988  152.90099  50.5%     -    8s
     0     0  152.90099    0  681  308.83780  152.90099  50.5%     -    8s
     0     0  152.90158    0  686  308.83780  152.90158  50.5%     -    8s
H    0     0                     308.0303815  152.90158  50.4%     -    8s
H    0     0                     302.5300012  152.93187  49.4%     -    9s
     0     0  152.93187    0  669  302.53000  152.93187  49.4%     -    9s
H    0     0                     300.7672208  152.94253  49.1%     -    9s
     0     0  152.94253    0  676  300.76722  152.94253  49.1%     -    9s
     0     0  152.94494    0  683  300.76722  152.94494  49.1%     -    9s
     0     0  152.94519    0  685  300.76722  152.94519  49.1%     -    9s
     0     0  152.99917    0  627  300.76722  152.99917  49.1%     -    9s
     0     0  153.00976    0  657  300.76722  153.00976  49.1%     -   10s
     0     0  153.01005    0  670  300.76722  153.01005  49.1%     -   10s
H    0     0                     299.0664138  153.04835  48.8%     -   10s
     0     0  153.04835    0  670  299.06641  153.04835  48.8%     -   10s
     0     0  153.05746    0  679  299.06641  153.05746  48.8%     -   10s
     0     0  153.05751    0  673  299.06641  153.05751  48.8%     -   11s
     0     0  153.07220    0  664  299.06641  153.07220  48.8%     -   11s
H    0     0                     298.2546139  153.07279  48.7%     -   11s
     0     0  153.07279    0  667  298.25461  153.07279  48.7%     -   11s
     0     0  153.07617    0  677  298.25461  153.07617  48.7%     -   12s
     0     0  153.07618    0  677  298.25461  153.07618  48.7%     -   12s
     0     0  153.07639    0  680  298.25461  153.07639  48.7%     -   13s
     0     0  153.07639    0  680  298.25461  153.07639  48.7%     -   13s
H    0     0                     297.6648981  153.07639  48.6%     -   14s
     0     2  153.07639    0  680  297.66490  153.07639  48.6%     -   17s
    15    32  153.10111    4  679  297.66490  153.10014  48.6%   257   20s
H   32    48                     296.7266990  153.10111  48.4%   276   20s
    63    80  153.10155    7  691  296.72670  153.10111  48.4%   196   25s
H   79    96                     291.9967217  153.10111  47.6%   170   27s
H   80    96                     279.2763835  153.10111  45.2%   168   27s
H   83    96                     278.6631971  153.10111  45.1%   164   27s
H   92    96                     278.1697319  153.10111  45.0%   158   27s
H  124   141                     265.2460399  153.10111  42.3%   125   29s
H  124   141                     214.4281884  153.10111  28.6%   125   29s
   140   172  153.12166   11  658  214.42819  153.10111  28.6%   117   30s
H  171   188                     200.6573447  153.10111  23.7%   103   37s
H  171   188                     199.6199786  153.10111  23.3%   103   37s
H  173   188                     198.7708730  153.10111  23.0%   102   37s
H  180   188                     189.4000419  153.10111  19.2%  99.2   37s
H  234   245                     188.6694076  153.10111  18.9%  82.9   38s
H  235   245                     188.5269879  153.10111  18.8%  82.6   38s
H  236   245                     188.3339660  153.10111  18.7%  82.2   38s
H  241   245                     187.9887062  153.10111  18.6%  81.1   38s
H  303   310                     187.9855215  153.10111  18.6%  72.4   40s
H  307   310                     187.8908741  153.10111  18.5%  71.8   40s
H  310   310                     187.7754197  153.10111  18.5%  71.4   40s
H  393   382                     187.7596417  153.10111  18.5%  63.7   41s
   655   635  158.02170   39  558  187.75964  153.10111  18.5%  52.3   45s
H  659   635                     187.6486008  153.10111  18.4%  52.2   45s
H  894   842                     187.4158471  153.10111  18.3%  46.2   47s
H  899   842                     186.8535876  153.10111  18.1%  46.5   47s
H  900   842                     186.6208340  153.10111  18.0%  46.5   47s
H  909   857                     186.5530743  153.10111  17.9%  46.6   57s
H  914   857                     186.3776315  153.10111  17.9%  46.6   57s
H  935   960                     185.9526565  153.10111  17.7%  46.1   58s
H 1020   960                     185.9278919  153.10111  17.7%  44.9   58s
H 1132  1109                     185.8221758  153.10111  17.6%  43.7   59s
H 1182  1109                     184.8701136  153.10111  17.2%  43.2   59s
  1197  1213  158.04985   71  541  184.87011  153.10111  17.2%  42.8   60s
H 1540  1442                     184.6413681  153.10111  17.1%  42.6   63s
  1724  1630  160.06369  110  487  184.64137  153.10111  17.1%  41.8   65s
H 1735  1629                     184.5577446  153.10111  17.0%  41.8   65s
  2103  1998  161.23045  142  470  184.55774  153.10111  17.0%  40.7   70s
  2704  2443  158.32670   90  680  184.55774  153.10111  17.0%  40.7   81s
  2706  2444  155.97352   29  440  184.55774  153.10111  17.0%  40.7   86s
  2709  2446  158.04985   72  595  184.55774  154.65726  16.2%  40.6   90s
  2719  2453  156.88699   75  602  184.55774  156.17022  15.4%  40.5   95s
  2726  2458  183.35336  114  621  184.55774  156.87494  15.0%  40.4  100s
  2735  2464  157.48168   54  675  184.55774  157.48168  14.7%  40.3  105s
  2750  2474  163.43311   72  567  184.55774  157.92210  14.4%  40.0  114s
  2751  2474  164.86880  102  603  184.55774  157.96548  14.4%  40.0  115s
  2757  2478  159.29488   10  668  184.55774  158.08996  14.3%  39.9  120s
  2769  2486  160.84934   80  601  184.55774  158.25359  14.3%  39.8  127s
  2776  2491  179.02306  114  661  184.55774  158.37692  14.2%  39.7  131s
H 2777  2366                     184.5138877  158.40714  14.1%  39.7  131s
  2783  2370  158.49971   56  655  184.51389  158.49971  14.1%  39.6  135s
  2793  2376  176.16012  101  676  184.51389  158.69325  14.0%  39.4  140s
  2806  2385  158.82140   29  670  184.51389  158.82140  13.9%  39.2  145s
H 2812  2267                     184.3044034  159.01201  13.7%  39.2  148s
H 2813  2153                     183.7923052  159.01201  13.5%  39.1  151s
H 2821  2048                     183.7089718  159.13340  13.4%  39.0  156s
  2826  2051  183.35336  114  701  183.70897  159.37709  13.2%  39.0  160s
  2838  2059  160.84332   31  595  183.70897  159.64453  13.1%  38.8  166s
H 2843  1958                     183.6396099  159.68112  13.0%  38.7  168s
  2845  1959  171.48634  101  621  183.63961  159.76620  13.0%  38.7  172s
  2852  1964  159.87245   32  555  183.63961  159.87245  12.9%  38.6  175s
  2864  1972  159.96386   46  701  183.63961  159.96386  12.9%  38.4  180s
  2870  1976  163.41656   59  692  183.63961  160.09490  12.8%  38.4  185s
H 2873  1876                     183.6247213  160.14934  12.8%  38.3  188s
  2879  1880  160.19430   15  595  183.62472  160.19430  12.8%  38.2  190s
  2897  1892  183.62472   72  621  183.62472  160.35433  12.7%  38.0  196s
  2909  1900  160.47538   72  614  183.62472  160.47538  12.6%  37.9  200s
  2916  1904  161.09578   91  619  183.62472  160.58282  12.5%  37.8  205s
H 2923  1810                     183.6247213  160.62662  12.5%  37.7  207s
H 2927  1719                     183.4580547  160.63013  12.4%  37.6  209s
  2928  1719  160.67194   81  597  183.45805  160.67194  12.4%  37.6  210s
  2944  1730  160.90412   41  633  183.45805  160.90412  12.3%  37.4  215s
  2958  1739  161.05941    7  544  183.45805  161.05941  12.2%  37.2  221s
  2970  1747  163.41656   59  639  183.45805  161.13869  12.2%  37.1  225s
  2988  1759  164.51804   24  636  183.45805  161.28089  12.1%  36.9  230s
  3001  1768  164.86854  106  615  183.45805  161.34940  12.1%  36.7  235s
  3006  1771  161.36786   29  674  183.45805  161.36786  12.0%  36.6  240s
  3023  1783  170.38925   51  669  183.45805  161.42576  12.0%  36.4  245s
  3040  1794  161.58983   43  613  183.45805  161.58983  11.9%  36.2  250s
H 3055  1708                     183.4081593  161.68481  11.8%  36.0  254s
  3056  1709  161.71599   66  657  183.40816  161.71599  11.8%  36.0  255s
H 3061  1620                     183.3413553  161.91330  11.7%  36.0  257s
  3068  1625  170.84733  132  614  183.34136  162.00305  11.6%  35.9  260s
H 3071  1540                     183.3243515  162.04606  11.6%  35.9  262s
  3078  1544  162.08365   84  606  183.32435  162.08365  11.6%  35.8  265s
  3093  1554  176.16012  101  628  183.32435  162.25534  11.5%  35.6  270s
H 3096  1471                     183.2818216  162.26238  11.5%  35.6  271s
  3107  1479  162.27577   97  646  183.28182  162.27577  11.5%  35.4  275s
  3123  1489  170.38925   51  682  183.28182  162.35971  11.4%  35.3  280s
  3141  1501  162.44306   28  669  183.28182  162.44306  11.4%  35.1  285s
  3151  1508  164.86880  102  697  183.28182  162.45528  11.4%  34.9  290s
  3163  1516  162.47419   66  669  183.28182  162.47419  11.4%  34.8  296s
H 3172  1438                     183.1667630  162.48708  11.3%  34.7  300s
H 3175  1360                     183.1667630  162.49132  11.3%  34.7  303s
  3179  1363  162.53493   15  626  183.16676  162.53493  11.3%  34.6  305s
  3187  1368  182.56619   82  660  183.16676  162.54759  11.3%  34.6  310s
  3197  1375  183.16676   72  648  183.16676  162.58776  11.2%  34.4  315s
  3205  1380  162.61464   42  629  183.16676  162.61464  11.2%  34.4  320s
  3218  1389  162.65822   76  644  183.16676  162.65822  11.2%  34.2  326s
  3230  1397  162.67370   31  641  183.16676  162.67370  11.2%  34.1  330s
  3244  1406  162.68322   41  697  183.16676  162.68322  11.2%  33.9  335s
  3256  1414  162.69660   66  664  183.16676  162.69660  11.2%  33.8  340s
  3268  1422  170.84733  132  688  183.16676  162.70999  11.2%  33.7  345s
  3287  1435  182.56619   82  658  183.16676  162.73368  11.2%  33.5  350s
  3294  1441  163.41656   58  346  183.16676  162.73368  11.2%   104  355s
  3303  1447  162.77756   37  623  183.16676  162.77756  11.1%   103  360s
  3311  1452  163.24487   31  600  183.16676  163.24487  10.9%   103  368s
  3315  1455  164.57699   44  617  183.16676  163.31258  10.8%   103  370s
  3326  1462  183.16676  114  544  183.16676  163.62939  10.7%   103  376s
  3339  1471  163.80744   22  621  183.16676  163.80744  10.6%   102  380s
  3346  1475  163.87792   28  604  183.16676  163.87792  10.5%   102  386s
  3356  1482  163.92715   66  530  183.16676  163.92715  10.5%   102  390s
  3369  1491  163.98594   80  489  183.16676  163.98594  10.5%   101  395s
  3380  1498  176.08592   68  565  183.16676  164.02722  10.4%   101  400s
  3394  1507  164.05647   58  576  183.16676  164.05647  10.4%   101  405s
  3403  1513  164.06423   37  470  183.16676  164.06423  10.4%   100  410s
  3412  1519  164.06773   26  509  183.16676  164.06773  10.4%   100  415s
  3422  1526  164.07152   73  467  183.16676  164.07152  10.4%   100  420s
H 3426  1450                     183.1667628  164.07256  10.4%   100  424s
  3429  1452  164.07288    9  530  183.16676  164.07288  10.4%  99.5  425s
  3436  1458  164.07322   27   53  183.16676  164.07322  10.4%   119  432s
  3438  1459  164.07322   31   98  183.16676  164.07322  10.4%   119  436s
  3440  1461  164.07322   43   84  183.16676  164.07322  10.4%   119  441s
  3443  1463  164.07322  115  265  183.16676  164.07322  10.4%   119  445s
  3445  1464  171.48634  101  362  183.16676  164.07322  10.4%   119  450s
  3446  1465  164.07322   28  180  183.16676  164.07322  10.4%   119  455s
  3448  1466  164.07322  110  251  183.16676  164.07322  10.4%   119  461s
  3450  1467  164.07322   72  223  183.16676  164.07322  10.4%   119  471s
  3452  1469  164.07322   32  177  183.16676  164.07322  10.4%   119  479s
  3453  1469  164.07322   51  459  183.16676  164.07322  10.4%   119  480s
  3454  1470  164.07322   15  235  183.16676  164.07322  10.4%   119  488s
  3455  1471  164.07322    7  178  183.16676  164.07322  10.4%   119  490s
  3457  1475  164.07322   39  318  183.16676  164.07322  10.4%   155  508s
  3459  1478  164.07322   40  552  183.16676  164.07322  10.4%   157  545s
  3463  1485  164.18566   41  640  183.16676  164.07322  10.4%   161  552s
  3487  1509  164.30735   43  607  183.16676  164.20903  10.3%   169  555s
  3551  1562  164.32002   45  583  183.16676  164.21001  10.3%   170  560s
H 3577  1495                     183.0268492  164.21001  10.3%   171  575s
H 3590  1420                     183.0064967  164.21001  10.3%   171  575s
H 3624  1388                     172.7564967  164.21001  4.95%   170  586s
H 3630  1322                     171.8836326  164.21001  4.46%   170  586s
  3679  1345  164.34297   48  642  171.88363  164.21001  4.46%   170  632s
H 3683  1284                     171.8741606  164.21001  4.46%   170  632s
  3730  1311  164.34941   49  647  171.87416  164.21001  4.46%   171  638s
H 3733  1253                     171.8741606  164.21001  4.46%   171  638s
H 3736  1197                     171.8339225  164.21001  4.44%   171  638s
H 3744  1143                     171.7365551  164.21001  4.38%   171  638s
  3746  1172  165.98133   49  580  171.73656  164.21001  4.38%   171  640s
H 3798  1121                     171.7241537  164.21001  4.38%   171  644s
  3807  1162  164.49025   50  661  171.72415  164.21001  4.38%   171  645s
  3859  1158  164.47888   51  631  171.72415  164.21001  4.38%   172  653s
  3945  1210  164.51653   52  585  171.72415  164.21001  4.38%   171  666s
H 3950  1162                     171.7241537  164.21001  4.38%   171  666s
  4039  1203  164.53558   53  583  171.72415  164.21001  4.38%   171  673s
  4119  1314  164.53714   55  580  171.72415  164.21001  4.38%   170  676s
  4306  1426  164.57592   58  542  171.72415  164.21001  4.38%   169  683s
  4412  1500  164.58567   60  567  171.72415  164.21001  4.38%   168  685s
  4675  1630  164.93836   64  495  171.72415  164.21001  4.38%   164  691s
  4892  1738  165.49059   66  415  171.72415  164.21001  4.38%   161  695s
  5121  1880  165.07450   69  481  171.72415  164.21001  4.38%   158  701s
  5484  2019  166.17097   71  519  171.72415  164.21001  4.38%   152  707s
  5780  2059  165.32165   74  498  171.72415  164.21001  4.38%   150  712s
  5884  2040  165.81632   75  424  171.72415  164.21001  4.38%   151  737s
  6018  2220  165.61222   78  395  171.72415  164.21001  4.38%   151  742s
  6163  2336  166.49742   82  327  171.72415  164.21001  4.38%   150  747s
  6346  2519  165.86646   88  366  171.72415  164.21001  4.38%   149  750s
  6735  2888  166.57001  103  319  171.72415  164.21001  4.38%   147  756s
  7204  3377  166.84707  122  292  171.72415  164.21001  4.38%   144  762s
  7498  3625  169.68379  136  250  171.72415  164.21001  4.38%   142  767s
  7803  3850  167.86087  148  281  171.72415  164.21001  4.38%   140  771s
  8140  4038  168.36116  167  197  171.72415  164.21001  4.38%   139  775s
  8428  4217     cutoff  190       171.72415  164.22222  4.37%   137  780s
  8700  4487  165.78420   45  496  171.72415  164.22222  4.37%   137  786s
  9039  4722  166.21564   61  433  171.72415  164.22222  4.37%   135  792s
  9351  4897  166.88330   74  416  171.72415  164.22222  4.37%   134  797s
  9550  5124  169.58750   94  366  171.72415  164.36788  4.28%   134  801s
  9867  5335  166.82908   45  482  171.72415  164.36788  4.28%   134  805s
 10102  5379  168.21749   56  367  171.72415  164.36788  4.28%   134  815s
 10171  5638  168.46505   67  290  171.72415  164.36788  4.28%   134  820s
 10574  5672  169.90294  106  172  171.72415  164.36788  4.28%   133  827s
H10638  5694                     171.7241536  164.36788  4.28%   132  853s
 10678  5885  170.35452  108  141  171.72415  164.60046  4.15%   132  858s
 10943  6143  166.34194   54  518  171.72415  164.60046  4.15%   133  863s
 11235  6461  167.23756   68  381  171.72415  164.60046  4.15%   133  870s
 11653  6678  167.94506  102  368  171.72415  164.60046  4.15%   132  877s
 11978  6965  168.99146  157  171  171.72415  164.66222  4.11%   132  886s
 12344  7195  168.77544   64  419  171.72415  164.66222  4.11%   132  894s
 12674  7402  169.54172   87  364  171.72415  164.66222  4.11%   132  901s
 12988  7776  169.91868  104  264  171.72415  164.73606  4.07%   133  909s
 13467  8049  164.74090   59  593  171.72415  164.74090  4.07%   132  914s
 13834  8531  165.25599   63  524  171.72415  164.74125  4.07%   133  922s
 14521  8996  165.52373   67  479  171.72415  164.74125  4.07%   131  934s
 15071  9737  167.11325  111  170  171.72415  164.74125  4.07%   129  943s
 15874 10277  169.40992  201   87  171.72415  164.74170  4.07%   126  951s
 16612 10732  165.43866   62  577  171.72415  164.74170  4.07%   125  962s
 17174 11253  165.96710   77  488  171.72415  164.74170  4.07%   124  969s
 17775 11761  166.55724   94  393  171.72415  164.74170  4.07%   124  978s
 18419 12347  167.31201  113  331  171.72415  164.74170  4.07%   123  988s
 19113 12526  167.90134  140  284  171.72415  164.74170  4.07%   122  998s
 19385 13203  168.12838  152  253  171.72415  164.74170  4.07%   122 1011s
 20183 13820  168.53751  221  205  171.72415  164.87756  3.99%   121 1022s
 20954 15340  166.74624   61  632  171.72415  164.90764  3.97%   120 1042s
 22962 15671  167.83495   72  429  171.72415  164.90764  3.97%   117 1049s
 23459 16097  169.51530  105  301  171.72415  164.90764  3.97%   117 1061s
 24002 16122  171.34956  171   81  171.72415  164.90764  3.97%   117 1078s
H24023 16122                     171.7241522  164.90764  3.97%   117 1078s
 24027 16699  171.36746  176  114  171.72415  164.93410  3.95%   117 1092s
 24738 17202  166.36376   94  376  171.72415  164.94253  3.95%   116 1100s
 25348 17901  167.44637  143  280  171.72415  164.94253  3.95%   116 1113s
 26179 18868  168.59271  217  187  171.72415  164.95588  3.94%   115 1123s
 27400 19634  167.13694  126  548  171.72415  164.96457  3.94%   113 1133s
 28300 20379  169.73822   50  468  171.72415  164.96632  3.94%   113 1145s
 29344 21088  166.91531   53  480  171.72415  164.97419  3.93%   113 1156s
 30195 21302  169.83537   68  395  171.72415  164.97770  3.93%   113 1168s
 30484 22188  166.07946   82  467  171.72415  164.98206  3.93%   113 1182s
 31539 23309  168.89829  172  249  171.72415  164.98439  3.92%   112 1197s
 32954 23860  169.59001  121  447  171.72415  164.99777  3.92%   112 1209s
 33896 24563  166.82540   95  385  171.72415  165.00635  3.91%   113 1226s
 34769 25792  169.48216  173  152  171.72415  165.00890  3.91%   113 1244s
 36355 26426  169.59957  114  438  171.72415  165.01004  3.91%   112 1258s
 37236 27086  168.87436  112  323  171.72415  165.01903  3.90%   113 1276s
 38131 28132  167.01562  111  519  171.72415  165.02872  3.90%   114 1294s
 39383 29664  171.32056   77  588  171.72415  165.03507  3.90%   114 1314s
 41285 30958  165.46804   57  480  171.72415  165.04662  3.89%   113 1331s
 43079 32251  165.47361   79  571  171.72415  165.05372  3.88%   112 1563s
 44887 33035  167.17941   87  418  171.72415  165.05701  3.88%   113 1589s
 46064 33374  171.47330   98  313  171.72415  165.07671  3.87%   115 1618s
 46589 33870  166.80716   73  357  171.72415  165.07671  3.87%   115 1656s
 47197 36087  166.80716   74  357  171.72415  165.08641  3.87%   115 1690s
 49927 37502  165.77873   83  488  171.72415  165.10161  3.86%   116 1717s
 52012 38492  166.84786   65  485  171.72415  165.11456  3.85%   117 1745s
 53621 39968     cutoff  107       171.72415  165.12393  3.84%   118 1777s
 55509 41640  171.35804   63  444  171.72415  165.13584  3.84%   119 1803s
 57618 42931  171.40309   79  329  171.72415  165.14265  3.83%   119 1839s
 59321 44940  170.95953   55  508  171.72415  165.14744  3.83%   120 1870s
 62024 45038  171.22596  139  296  171.72415  165.16155  3.82%   119 1901s
 62363 46152  168.70611   81  460  171.72415  165.16174  3.82%   119 1938s
 63950 47123  165.95595   73  511  171.72415  165.16859  3.82%   120 1967s
 65403 48333  165.78806   77  472  171.72415  165.17929  3.81%   121 2005s
 67280 49918  165.85931   68  508  171.72415  165.18109  3.81%   122 2044s
 69406 51027     cutoff   61       171.72415  165.18447  3.81%   122 2071s
 70993 52214  169.66964   60  489  171.72415  165.18447  3.81%   122 2100s
 72592 53607 infeasible   61       171.72415  165.19940  3.80%   122 2129s
 74685 54079  168.25971  105  354  171.72415  165.20139  3.80%   123 2174s
 75470 55560  168.28259  105  381  171.72415  165.20914  3.79%   123 2210s
 77805 55787  166.44837   75  539  171.72415  165.21437  3.79%   123 2237s
 78248 57063  166.44837   76  539  171.72415  165.22016  3.79%   123 2269s
 79910 58639  166.13849   77  407  171.72415  165.23079  3.78%   124 2304s
 81897 59564  167.90091  114  422  171.72415  165.24518  3.77%   124 2338s
 83293 60575  171.59078   81  436  171.72415  165.25071  3.77%   125 2372s
 84885 61235  168.93199  110  418  171.72415  165.25975  3.76%   126 2403s
 86140 62836  170.43120   97  367  171.72415  165.27109  3.76%   126 2445s
 88411 64622  166.70652   74  555  171.72415  165.27880  3.75%   126 2471s
 90761 66111  167.25708  114  396  171.72415  165.29347  3.74%   126 2507s
 92615 66871  169.93498  109  224  171.72415  165.29979  3.74%   126 2537s
 93822 68037  170.36138  100  371  171.72415  165.30053  3.74%   126 2568s
 95534 68475 infeasible  130       171.72415  165.30723  3.74%   127 2600s
 96388 69484  171.48379  108  446  171.72415  165.31204  3.73%   127 2633s
 98026 70846  166.21459   98  443  171.72415  165.32197  3.73%   128 2665s
 100023 71216  165.89523   61  418  171.72415  165.32658  3.73%   128 2700s
 100907 72167  166.10758   60  382  171.72415  165.32664  3.73%   129 2728s
 102556 73310  167.97646  125  470  171.72415  165.33462  3.72%   129 2764s
 104206 74171  166.14072   57  383  171.72415  165.34067  3.72%   130 2793s
 105762 75256  168.70056  101  357  171.72415  165.34485  3.71%   130 2840s
 107123 76684  168.24839  100  339  171.72415  165.34708  3.71%   131 2885s
 109187 78342  167.40983  113  461  171.72415  165.35946  3.71%   131 2924s
 111621 78694 infeasible   70       171.72415  165.36145  3.71%   131 2951s
H111635 78689                     171.7203320  165.36145  3.70%   131 2951s
 112327 78703  169.73579   75  427  171.72033  165.36145  3.70%   131 3064s
 112345 79809  167.60046   75  497  171.72033  165.36798  3.70%   131 3099s
H113737 79809                     171.7203319  165.37616  3.69%   131 3099s
 113829 81439  169.22980  107  460  171.72033  165.37629  3.69%   131 3142s
 115922 82994  170.67052  150  376  171.72033  165.38121  3.69%   131 3184s
 117915 84089  165.98772   63  523  171.72033  165.38424  3.69%   131 3213s
 119352 85535  166.15905   64  480  171.72033  165.39147  3.69%   131 3250s
 121250 87231  170.94003   95  438  171.72033  165.40715  3.68%   131 3283s
 123606 88430  170.86115  120  478  171.72033  165.41978  3.67%   130 3322s
 125211 89502     cutoff  108       171.72033  165.42819  3.66%   130 3360s
 126646 90825  165.87510   78  524  171.72033  165.43265  3.66%   130 3400s
 128577 90878  167.75125   84  448  171.72033  165.43866  3.66%   130 3445s
 128656 92417  167.86066   89  437  171.72033  165.44279  3.66%   131 3488s
 130598 93812     cutoff  112       171.72033  165.45088  3.65%   130 3522s
 132428 94769     cutoff  108       171.72033  165.45416  3.65%   130 3562s
 133698 96325 infeasible  101       171.72033  165.46016  3.65%   130 3597s
 135722 97547  166.10845   53  414  171.72033  165.46963  3.64%   130 3631s
 137373 99250  166.81262   75  438  171.72033  165.47553  3.64%   130 3669s
 139539 100276  169.77860   92  382  171.72033  165.48031  3.63%   130 3698s
 140967 101785  171.65004   67  420  171.72033  165.48591  3.63%   130 3733s
 142984 102618  165.91703   76  502  171.72033  165.49251  3.63%   130 3794s
 144027 103982     cutoff  118       171.72033  165.49497  3.63%   130 3834s
 145799 105715  169.00017  121  319  171.72033  165.50468  3.62%   130 3873s
 148201 107135  166.00632   55  437  171.72033  165.50959  3.62%   130 3914s
 150175 108272  167.52206   58  498  171.72033  165.51359  3.61%   130 3948s
 151750 109953  170.13346  137  304  171.72033  165.51784  3.61%   130 3976s
 153934 110583  169.76586  131  349  171.72033  165.52472  3.61%   130 4023s
 154825 111596  170.10916  174  338  171.72033  165.52665  3.61%   130 4058s
 156375 112640  166.98632   95  396  171.72033  165.53607  3.60%   130 4087s
 157857 113536  171.57730  102  377  171.72033  165.53967  3.60%   131 4113s
 159639 114205  169.11942   93  403  171.72033  165.54453  3.60%   131 4171s
 161072 115216  166.76196   86  456  171.72033  165.54948  3.59%   132 4202s
 162771 116811  166.64862   83  423  171.72033  165.55370  3.59%   132 4244s
 164932 117838  166.52908   67  470  171.72033  165.56408  3.59%   132 4279s
 166384 118739  165.95978   95  459  171.72033  165.56752  3.58%   132 4325s
 167615 120317  169.44361  154  263  171.72033  165.57164  3.58%   132 4364s
 169910 121473  166.69776   96  319  171.72033  165.58046  3.58%   132 4410s
 171618 123141  166.92958   69  535  171.72033  165.58453  3.57%   132 4441s
 173899 124352  169.81542   82  459  171.72033  165.59333  3.57%   132 4470s
 175647 125217  166.85881   82  381  171.72033  165.59536  3.57%   132 4499s
 176780 127003  166.06298   77  429  171.72033  165.59693  3.57%   132 4538s
 179141 128154  167.74830   78  377  171.72033  165.60241  3.56%   132 4571s
 180834 129491  166.19152   86  373  171.72033  165.60891  3.56%   132 4605s
 182704 130495  166.24586   71  545  171.72033  165.61323  3.56%   132 4637s
 184237 131781  166.07401   85  437  171.72033  165.61686  3.55%   132 4663s
 186433 132277  166.47207   82  479  171.72033  165.62050  3.55%   132 4696s
 187402 133752  169.91353  144  334  171.72033  165.62389  3.55%   132 4730s
 189406 134767  170.90030  188  329  171.72033  165.62414  3.55%   132 4768s
 190946 136436  169.26839   92  388  171.72033  165.63116  3.55%   132 4798s
 193119 136937  168.18767   89  488  171.72033  165.63559  3.54%   132 4833s
 193874 138002  169.43331  104  441  171.72033  165.63727  3.54%   132 4874s
 195652 139243  171.18784   88  403  171.72033  165.63932  3.54%   133 4918s
 197631 140698  170.94971   77  532  171.72033  165.64267  3.54%   133 4948s
 199815 141257 infeasible   84       171.72033  165.64711  3.54%   133 4984s
 200735 142479  169.28324  101  473  171.72033  165.64938  3.54%   133 5024s
 202465 144289     cutoff  138       171.72033  165.65204  3.53%   133 5057s
 204987 144855  171.63774   83  469  171.72033  165.65525  3.53%   133 5090s
H205803 144855                     171.7203311  165.65678  3.53%   133 5090s
 206020 145846  167.57203   71  521  171.72033  165.65841  3.53%   133 5130s
 207731 147474  167.29145   89  340  171.72033  165.66065  3.53%   133 5158s
 209978 148866     cutoff   74       171.72033  165.66348  3.53%   133 5195s
 211885 149721  166.46961  111  470  171.72033  165.66829  3.52%   133 5252s
 213385 151838     cutoff   86       171.72033  165.66976  3.52%   133 5291s
 216462 152709     cutoff   78       171.72033  165.67323  3.52%   133 5344s
 217850 153432  166.88906   89  432  171.72033  165.67944  3.52%   133 5387s
 219483 154473  166.33098   76  565  171.72033  165.68285  3.52%   133 5431s
 221144 155747  168.15040   97  514  171.72033  165.68285  3.52%   134 5476s
 222870 156911     cutoff   98       171.72033  165.68800  3.51%   134 5514s
 224438 158448  169.25458   89  479  171.72033  165.69113  3.51%   134 5556s
 226409 160135  166.39985  100  418  171.72033  165.69408  3.51%   134 5589s
 228786 161267  165.90637   69  560  171.72033  165.69637  3.51%   134 5630s
 230706 161941 infeasible   57       171.72033  165.69936  3.51%   134 5675s
 231776 163614     cutoff   66       171.72033  165.69950  3.51%   134 5720s
 233894 165303  168.21031   89  429  171.72033  165.70391  3.50%   134 5765s
 236089 166479  166.32453   70  297  171.72033  165.70761  3.50%   134 5822s
 237595 167838  171.28427  204  230  171.72033  165.71080  3.50%   134 5870s
 239463 168422  171.41876  124  213  171.72033  165.71309  3.50%   134 5911s
 240383 169254  166.12151   86  349  171.72033  165.71356  3.50%   134 5984s
 241619 170423  171.08857  124  428  171.72033  165.71514  3.50%   134 6040s
 243563 171409  170.56684   68  422  171.72033  165.71894  3.49%   135 6102s
 245443 173048  168.19416   91  432  171.72033  165.71998  3.49%   135 6174s
 247810 174471     cutoff   88       171.72033  165.72373  3.49%   135 6221s
 250016 174650  167.95261   90  417  171.72033  165.72524  3.49%   135 6337s
 250272 175551  167.95261   91  408  171.72033  165.72626  3.49%   135 6386s
 251581 177355  165.98180   79  547  171.72033  165.72885  3.49%   135 6450s
 253928 178811  169.52845   98  410  171.72033  165.73226  3.49%   136 6502s
 256050 179690  166.36480   92  483  171.72033  165.73516  3.49%   136 6534s
 257672 180427     cutoff   98       171.72033  165.73587  3.49%   136 6589s
 259051 181984  168.38712  102  498  171.72033  165.73710  3.48%   136 6650s
 261396 183600  166.59515   90  354  171.72033  165.74087  3.48%   136 6698s
 263733 185338  169.10391   72  359  171.72033  165.74291  3.48%   137 6756s
 266024 187168  166.92627  114  533  171.72033  165.74607  3.48%   137 6805s
 268544 187953 infeasible  164       171.72033  165.74965  3.48%   136 6850s
 269678 189318  166.75383   96  473  171.72033  165.75220  3.48%   137 6895s
 271673 190448  169.21423  109  372  171.72033  165.75545  3.47%   137 6941s
 273270 192072  166.48337   77  362  171.72033  165.75807  3.47%   137 6986s
 275521 193889  167.74963  104  425  171.72033  165.76291  3.47%   137 7032s
 277928 194870     cutoff  101       171.72033  165.76553  3.47%   137 7078s
 279247 196365  168.68369   88  372  171.72033  165.76678  3.47%   137 7140s
 281667 197966  168.48832   91  376  171.72033  165.77036  3.46%   137 7195s
 284108 198390  166.21179   90  394  171.72033  165.77344  3.46%   137 7200s

Cutting planes:
  Learned: 8
  Gomory: 223
  Cover: 225
  Implied bound: 1465
  Projected implied bound: 39
  Clique: 14
  MIR: 2094
  StrongCG: 7
  Flow cover: 3951
  GUB cover: 1
  Inf proof: 139
  Zero half: 32
  Network: 3
  RLT: 171
  Relax-and-lift: 379
  PSD: 2

Explored 284678 nodes (38990394 simplex iterations) in 7200.12 seconds (1920.89 work units)
Thread count was 32 (of 32 available processors)

Solution count 10: 171.72 171.72 171.72 ... 171.874

Time limit reached
Best objective 1.717203310709e+02, best bound 1.657734380629e+02, gap 3.4631%
