
Gurobi 9.5.2 (linux64) logging started Thu Aug  6 11:08:14 2026

Set parameter LogFile to value "/mnt/beegfs/users/celinep/ChargeAndBreak/logs/RlongCmanyTmedium_48_2SP_20260805_125650_092_gurobi.log"
Gurobi Optimizer version 9.5.2 build v9.5.2rc0 (linux64)
Thread count: 16 physical cores, 32 logical processors, using up to 32 threads
Optimize a model with 168457 rows, 81977 columns and 560161 nonzeros
Model fingerprint: 0xecaed9c2
Variable types: 69876 continuous, 12101 integer (12101 binary)
Coefficient statistics:
  Matrix range     [2e-02, 2e+03]
  Objective range  [4e-02, 4e-02]
  Bounds range     [1e+00, 1e+00]
  RHS range        [1e-02, 5e+02]
Presolve removed 55164 rows and 19026 columns (presolve time = 5s) ...
Presolve removed 55190 rows and 19026 columns
Presolve time: 6.35s
Presolved: 113267 rows, 62951 columns, 487477 nonzeros
Variable types: 54036 continuous, 8915 integer (8915 binary)

Deterministic concurrent LP optimizer: primal and dual simplex (primal and dual model)
Showing first log only...

Root relaxation presolve removed 2521 rows and 2521 columns
Root relaxation presolved: 110746 rows, 60430 columns, 482435 nonzeros


Root simplex log...

Iteration    Objective       Primal Inf.    Dual Inf.      Time
       0    3.9727723e+01   5.923560e+04   5.101670e+11     10s
    7874    3.9727723e+01   1.429984e+04   1.339508e+11     10s
   45755    1.0616202e+02   1.249511e+02   1.630654e+09     15s
   49623    1.4118575e+02   0.000000e+00   1.764382e+03     19s
   50612    1.3976179e+02   0.000000e+00   1.626222e+03     20s
   56322    1.1794862e+02   0.000000e+00   3.944535e+04     25s
   60810    1.1252975e+02   0.000000e+00   5.824160e+03     30s
   64924    1.0646010e+02   0.000000e+00   1.375606e+03     35s
   68403    1.0365059e+02   0.000000e+00   1.888711e+03     40s
   70915    1.0022455e+02   0.000000e+00   2.406072e+04     45s
   72792    9.8355591e+01   0.000000e+00   7.089251e+04     50s
   75119    9.7630000e+01   0.000000e+00   3.229324e+04     55s
   76449    9.6767661e+01   0.000000e+00   1.857861e+04     60s
   78293    9.6184691e+01   0.000000e+00   1.832774e+04     65s
   79937    9.5505424e+01   0.000000e+00   4.228723e+03     70s
   80947    9.5254200e+01   0.000000e+00   1.401374e+04     75s
   81894    9.5018110e+01   0.000000e+00   7.301870e+03     81s
   82858    9.4882972e+01   0.000000e+00   3.295075e+04     85s
   83929    9.4599904e+01   0.000000e+00   2.566333e+03     90s
   84979    9.4251027e+01   0.000000e+00   1.678390e+03     96s
   85939    9.4087463e+01   0.000000e+00   1.843813e+03    101s
   86836    9.3756807e+01   0.000000e+00   1.783339e+03    105s
   87836    9.3554454e+01   0.000000e+00   7.253663e+04    110s
   88743    9.3280589e+01   0.000000e+00   1.230469e+04    115s
   89573    9.3115023e+01   0.000000e+00   4.508881e+03    120s
   91022    9.2831302e+01   0.000000e+00   8.819306e+04    125s
   91892    9.2753872e+01   0.000000e+00   8.519260e+02    131s
   92682    9.2665876e+01   0.000000e+00   4.061446e+02    135s
   93529    9.2542825e+01   0.000000e+00   2.245368e+03    140s
   94536    9.2354939e+01   0.000000e+00   2.036350e+02    146s
   95416    9.2277001e+01   0.000000e+00   7.402072e+02    151s
   96596    9.2108228e+01   0.000000e+00   8.914170e+03    155s
   98283    9.1982256e+01   0.000000e+00   2.942208e+03    160s
  100064    9.1873887e+01   0.000000e+00   1.516623e+03    165s
  102172    9.1748046e+01   0.000000e+00   1.160924e+03    170s
  103412    9.1684978e+01   0.000000e+00   2.560444e+03    175s
  105173    9.1587222e+01   0.000000e+00   3.011538e+03    180s
  106737    9.1479730e+01   0.000000e+00   3.033715e+02    185s
  108474    9.1415320e+01   0.000000e+00   1.753845e+03    190s
  110124    9.1353545e+01   0.000000e+00   8.949188e+02    195s
  111614    9.1325952e+01   0.000000e+00   6.101781e+02    200s
  113404    9.1275129e+01   0.000000e+00   1.683796e+02    205s
  115335    9.1228444e+01   0.000000e+00   1.353015e+02    210s
  116862    9.1207720e+01   0.000000e+00   1.316101e+02    215s
  118462    9.1171773e+01   0.000000e+00   9.786916e+01    220s
Concurrent spin time: 0.00s

Solved with primal simplex (dual model)

Root relaxation: objective 9.088710e+01, 78013 iterations, 212.99 seconds (115.15 work units)
Total elapsed time = 225.44s

    Nodes    |    Current Node    |     Objective Bounds      |     Work
 Expl Unexpl |  Obj  Depth IntInf | Incumbent    BestBd   Gap | It/Node Time

     0     0   90.89081    0 3355          -   90.89081      -     -  247s
     0     0   92.34157    0 3939          -   92.34157      -     -  442s
     0     0   92.89964    0 4579          -   92.89964      -     -  527s
     0     0   92.96638    0 4745          -   92.96638      -     -  544s
     0     0   92.96864    0 4697          -   92.96864      -     -  548s
     0     0   92.96883    0 4703          -   92.96883      -     -  549s
     0     0   93.99578    0 5153          -   93.99578      -     -  684s
     0     0   94.14913    0 5345          -   94.14913      -     -  717s
     0     0   94.17395    0 5319          -   94.17395      -     -  735s
     0     0   94.17744    0 5270          -   94.17744      -     -  740s
     0     0   94.17784    0 5280          -   94.17784      -     -  742s
     0     0   95.63357    0 5496          -   95.63357      -     -  879s
     0     0   95.84273    0 5494          -   95.84273      -     -  933s
     0     0   95.88148    0 5693          -   95.88148      -     -  950s
     0     0   95.88725    0 5789          -   95.88725      -     -  954s
     0     0   95.88852    0 5796          -   95.88852      -     -  956s
     0     0   95.88905    0 5797          -   95.88905      -     -  958s
     0     0   96.45191    0 5862          -   96.45191      -     - 1060s
     0     0   96.56022    0 5867          -   96.56022      -     - 1094s
     0     0   96.57769    0 5899          -   96.57769      -     - 1105s
     0     0   96.58158    0 6010          -   96.58158      -     - 1109s
     0     0   96.58206    0 6085          -   96.58206      -     - 1111s
     0     0   96.78814    0 6136          -   96.78814      -     - 1158s
     0     0   96.81302    0 6132          -   96.81302      -     - 1171s
     0     0   96.81813    0 6191          -   96.81813      -     - 1177s
     0     0   96.81887    0 6209          -   96.81887      -     - 1179s
     0     0   96.95536    0 6129          -   96.95536      -     - 1212s
     0     0   96.97690    0 6206          -   96.97690      -     - 1239s
     0     0   96.98136    0 6128          -   96.98136      -     - 1243s
     0     0   96.98240    0 6156          -   96.98240      -     - 1244s
     0     0   97.08455    0 6255          -   97.08455      -     - 1291s
     0     0   97.09976    0 6157          -   97.09976      -     - 1303s
     0     0   97.10165    0 6264          -   97.10165      -     - 1306s
     0     0   97.10214    0 6239          -   97.10214      -     - 1308s
     0     0   97.17085    0 6069          -   97.17085      -     - 1332s
     0     0   97.17908    0 6133          -   97.17908      -     - 1340s
     0     0   97.18075    0 6151          -   97.18075      -     - 1342s
     0     0   97.23546    0 6101          -   97.23546      -     - 1359s
     0     0   97.24017    0 6145          -   97.24017      -     - 1365s
     0     0   97.24094    0 6173          -   97.24094      -     - 1366s
     0     0   97.28302    0 6208          -   97.28302      -     - 1382s
     0     0   97.28901    0 6233          -   97.28901      -     - 1390s
     0     0   97.29035    0 6243          -   97.29035      -     - 1392s
     0     0   97.31568    0 6167          -   97.31568      -     - 1405s
     0     0   97.32251    0 6217          -   97.32251      -     - 1412s
     0     0   97.32339    0 6247          -   97.32339      -     - 1414s
     0     0   97.34921    0 6255          -   97.34921      -     - 1424s
     0     0   97.35252    0 6299          -   97.35252      -     - 1429s
     0     0   97.35298    0 6283          -   97.35298      -     - 1431s
     0     0   97.37476    0 6237          -   97.37476      -     - 1441s
     0     0   97.37619    0 6226          -   97.37619      -     - 1448s
     0     0   97.38867    0 6262          -   97.38867      -     - 1458s
     0     0   97.39263    0 6266          -   97.39263      -     - 1465s
     0     0   97.39298    0 6274          -   97.39298      -     - 1467s
     0     0   97.40576    0 6248          -   97.40576      -     - 1476s
     0     0   97.40576    0 5781          -   97.40576      -     - 1532s
     0     2   97.40576    0 5714          -   97.40576      -     - 2867s
     1     4   97.40998    1 5749          -   97.40586      -  4422 2883s
     3     8   97.41166    2 5756          -   97.41056      -  4369 2909s
     7    16   97.41447    3 5723          -   97.41166      -  4714 2948s
    15    32   97.42265    4 5712          -   97.42185      -  5748 2990s
    31    48   97.42325    5 5840          -   97.42325      -  8246 3118s
    47    64   97.42452    6 5807          -   97.42325      -  6523 3122s
    63    80   97.42954    7 5815          -   97.42325      -  5065 3136s
    79    96   97.42954    8 5784          -   97.42325      -  4348 3146s
    95   121   97.43080    9 5727          -   97.42325      -  3745 3161s
   120   146   97.44305   10 5762          -   97.42325      -  3152 3171s
   145   169   97.45459   11 5677          -   97.42325      -  2742 3179s
   168   198   97.45536   12 5713          -   97.42325      -  2466 3187s
   197   231   97.45552   13 5687          -   97.42325      -  2215 3194s
   230   265   97.45659   14 5625          -   97.42325      -  1968 3199s
   264   307   97.45688   15 5625          -   97.42325      -  1772 3206s
   306   348   97.45692   16 5597          -   97.42325      -  1574 3213s
   347   397   97.45882   17 5520          -   97.42325      -  1444 3219s
   396   439   98.04338   18 5451          -   97.42325      -  1334 3264s
   438   479   98.04338   19 5451          -   97.42325      -  1355 3278s
   478   509   98.04805   24 5392          -   97.42325      -  1321 3306s
   508   551   98.04891   27 5371          -   97.42325      -  1358 3320s
   550   582   98.10705   30 5346          -   97.42325      -  1338 3370s
   581   634   98.10804   31 5343          -   97.42325      -  1347 3419s
   633   684   98.11310   33 5323          -   97.42325      -  1336 3443s
   683   735   99.39506   35 5301          -   97.42325      -  1304 3468s
   734   770   99.39640   36 5321          -   97.42325      -  1263 3522s
   769   842   99.39953   38 5266          -   97.42325      -  1290 3560s
   841   927   99.40621   40 5213          -   97.42325      -  1256 3595s
   926   967   99.40694   41 5216          -   97.42325      -  1210 3630s
   966  1029   99.41067   43 5204          -   97.42325      -  1223 3665s
  1030  1097  100.35171   49 5246          -   97.42325      -  1213 3698s
  1098  1183  100.35559   52 5296          -   97.42325      -  1198 3754s
  1184  1257  100.35655   56 5226          -   97.42325      -  1177 3777s
  1258  1342  100.36174   60 5211          -   97.42325      -  1164 3894s
  1347  1467  100.36604   65 5180          -   97.42325      -  1162 3923s
  1476  1598  100.37562   82 5070          -   97.42325      -  1121 3962s
  1611  1732  100.39629   89 5094          -   97.42325      -  1089 3991s
  1749  1887  108.62167   90 4936          -   97.42325      -  1068 4056s
  1908  2073  108.62167   91 4936          -   97.42325      -  1022 4089s
  2102  2252  110.68824  113 4945          -   97.42325      -   963 4149s
  2289  2461  118.66524  114 4940          -   97.42325      -   921 4203s
  2498  2648  118.69412  117 4925          -   97.42325      -   868 4237s
  2693  2794  118.73402  121 4904          -   97.42325      -   835 4291s
  2854  2935  127.86185  123 4967          -   97.42325      -   829 4381s
  3003  3097  127.86472  124 4966          -   97.42325      -   824 4523s
  3171  3309  128.51516  144 4805          -   97.42325      -   820 4604s
  3389  3476  129.04501  148 4818          -   97.42325      -   807 4684s
  3556  3641  136.71193  155 4516          -   97.42325      -   806 4783s
  3743  3778  136.99179  159 4253          -   97.42325      -   799 4837s
  3938  3918  137.34784  164 3888          -   97.42325      -   794 4900s
  4132  4113  138.70993  178 2982          -   97.42325      -   797 4996s
  4353  4266  141.16625  225 2015          -   97.42325      -   790 5057s
  4519  4431  141.23339  277 1926          -   97.42325      -   789 5222s
  4696  4650  142.70418  327 1869          -   97.42325      -   795 5282s
  4938  4871  144.25643  373 1824          -   97.42325      -   784 5380s
  5163  5015 infeasible  426               -   97.42325      -   784 5464s
  5349  5217  157.54189  466 1753          -   97.42325      -   788 5608s
  5599  5457  158.91679  512 1705          -   97.42325      -   785 5694s
  5885  5804  160.39524  568 1649          -   97.42325      -   775 5761s
  6256  6136  160.52697  642 1573          -   97.42325      -   757 5851s
  6619  6358  161.52141  719 1576          -   97.42325      -   746 5948s
  6983  6598  161.88216  780 1522          -   97.42325      -   732 6063s
  7379  6873  162.76275  827 1486          -   97.42325      -   710 6128s
  7810  7191  163.79034  873 1438          -   97.42325      -   697 6223s
  8296  7551  164.57650  937 1378          -   97.42325      -   683 6319s
  8786  8027  165.54392 1012 1314          -   97.42325      -   677 6437s
  9467  8028  142.86876  380 5781          -   97.42325      -   668 6445s
  9469  8029  118.76136  105 3201          -   97.42325      -   668 6760s
  9470  8030  113.91158   78 3308          -   97.42325      -   668 7099s

Cutting planes:
  Learned: 27
  Gomory: 12
  Cover: 619
  Implied bound: 128
  Projected implied bound: 103
  Clique: 45
  MIR: 2467
  Flow cover: 2257
  GUB cover: 2
  RLT: 180
  Relax-and-lift: 90
  PSD: 23

Explored 9470 nodes (7191576 simplex iterations) in 7200.22 seconds (8207.50 work units)
Thread count was 32 (of 32 available processors)

Solution count 0

Time limit reached
Best objective -, best bound 9.742324963901e+01, gap -
