
Gurobi 9.5.2 (linux64) logging started Thu Aug  6 03:05:39 2026

Set parameter LogFile to value "/mnt/beegfs/users/celinep/ChargeAndBreak/logs/RlongCmanyTmedium_21_2SP_20260805_125650_063_gurobi.log"
Gurobi Optimizer version 9.5.2 build v9.5.2rc0 (linux64)
Thread count: 16 physical cores, 32 logical processors, using up to 32 threads
Optimize a model with 198071 rows, 96352 columns and 659950 nonzeros
Model fingerprint: 0x5bbe697c
Variable types: 82251 continuous, 14101 integer (14101 binary)
Coefficient statistics:
  Matrix range     [3e-02, 2e+03]
  Objective range  [4e-02, 4e-02]
  Bounds range     [1e+00, 1e+00]
  RHS range        [1e-02, 5e+02]
Presolve removed 64155 rows and 21724 columns (presolve time = 5s) ...
Presolve removed 64155 rows and 21724 columns
Presolve time: 5.36s
Presolved: 133916 rows, 74628 columns, 576583 nonzeros
Variable types: 64083 continuous, 10545 integer (10545 binary)

Deterministic concurrent LP optimizer: primal and dual simplex (primal and dual model)
Showing first log only...

Root relaxation presolve removed 2880 rows and 2880 columns
Root relaxation presolved: 131036 rows, 71748 columns, 570823 nonzeros


Root simplex log...

Iteration    Objective       Primal Inf.    Dual Inf.      Time
       0    4.6349996e+01   8.114533e+04   7.077125e+11      9s
   44155    5.5444334e+01   7.826905e+02   7.527173e+09     10s
   52028    1.0977650e+02   3.830553e+02   5.612162e+09     15s
   57066    1.3440302e+02   2.320470e+02   4.832790e+09     20s
   61104    1.5119270e+02   6.630015e+01   1.188329e+09     25s
   64729    1.5728250e+02   7.850006e-01   7.074021e+08     30s
   65390    1.6664690e+02   0.000000e+00   1.426734e+03     32s
   67861    1.4971156e+02   0.000000e+00   5.420603e+03     35s
   70474    1.3867767e+02   0.000000e+00   3.295977e+03     40s
   72886    1.3453280e+02   0.000000e+00   1.380187e+03     45s
   74895    1.3222952e+02   0.000000e+00   4.777475e+03     50s
   76883    1.3023743e+02   0.000000e+00   4.853656e+03     55s
   78692    1.2743401e+02   0.000000e+00   2.642038e+03     60s
   80639    1.2588945e+02   0.000000e+00   4.164147e+03     66s
   82101    1.2426384e+02   0.000000e+00   3.535605e+04     70s
   83411    1.2135527e+02   0.000000e+00   1.232998e+04     75s
   85024    1.2038990e+02   0.000000e+00   3.363351e+05     80s
   86164    1.1911527e+02   0.000000e+00   1.664361e+04     86s
   87305    1.1842183e+02   0.000000e+00   4.091713e+03     90s
   88919    1.1693009e+02   0.000000e+00   1.083539e+04     95s
   90049    1.1634809e+02   0.000000e+00   4.869538e+03    100s
   91079    1.1582975e+02   0.000000e+00   3.244937e+06    106s
   92162    1.1538643e+02   0.000000e+00   1.246596e+04    111s
   93203    1.1325126e+02   0.000000e+00   2.805372e+04    115s
   94253    1.1302254e+02   0.000000e+00   5.161462e+05    120s
   95445    1.1258952e+02   0.000000e+00   4.312724e+04    126s
   96295    1.1235152e+02   0.000000e+00   1.264928e+03    130s
   97415    1.1198697e+02   0.000000e+00   4.909774e+03    135s
   98475    1.1180422e+02   0.000000e+00   9.735188e+03    141s
   99365    1.1147177e+02   0.000000e+00   4.280033e+04    146s
  100396    1.1090386e+02   0.000000e+00   8.665187e+03    150s
  101456    1.1055127e+02   0.000000e+00   7.531901e+03    155s
  102597    1.1019262e+02   0.000000e+00   2.097091e+04    161s
  104250    1.0952160e+02   0.000000e+00   3.752037e+04    166s
  105220    1.0928657e+02   0.000000e+00   2.021230e+04    171s
  106040    1.0908638e+02   0.000000e+00   1.025974e+04    175s
  107160    1.0877349e+02   0.000000e+00   4.833912e+03    180s
  108311    1.0853576e+02   0.000000e+00   1.031396e+03    185s
  109491    1.0832289e+02   0.000000e+00   3.111550e+03    190s
  110593    1.0807753e+02   0.000000e+00   8.757696e+03    195s
  111513    1.0793972e+02   0.000000e+00   1.614618e+04    200s
  112484    1.0785870e+02   0.000000e+00   8.843089e+03    205s
  113544    1.0777168e+02   0.000000e+00   1.100254e+04    211s
  114824    1.0770616e+02   0.000000e+00   1.059504e+04    215s
  115884    1.0762886e+02   0.000000e+00   3.509754e+03    220s
  117094    1.0755964e+02   0.000000e+00   3.472561e+03    226s
  118274    1.0745907e+02   0.000000e+00   3.202178e+03    230s
  119565    1.0735634e+02   0.000000e+00   4.061571e+03    235s
  120425    1.0720416e+02   0.000000e+00   5.296854e+02    241s
  121465    1.0706791e+02   0.000000e+00   5.515017e+03    245s
  122765    1.0693113e+02   0.000000e+00   3.285003e+03    250s
  124176    1.0683421e+02   0.000000e+00   2.004157e+03    255s
  125636    1.0671284e+02   0.000000e+00   7.716536e+03    260s
  127228    1.0657925e+02   0.000000e+00   2.475721e+03    265s
  128388    1.0654618e+02   0.000000e+00   2.638852e+03    270s
  129778    1.0646232e+02   0.000000e+00   9.275510e+03    275s
  131108    1.0640918e+02   0.000000e+00   6.862067e+03    281s
  132568    1.0634645e+02   0.000000e+00   1.254550e+03    285s
Concurrent spin time: 2.71s

Solved with primal simplex (dual model)

Root relaxation: objective 1.052217e+02, 92499 iterations, 283.76 seconds (172.13 work units)
Total elapsed time = 295.72s

    Nodes    |    Current Node    |     Objective Bounds      |     Work
 Expl Unexpl |  Obj  Depth IntInf | Incumbent    BestBd   Gap | It/Node Time

     0     0  105.23231    0 3953          -  105.23231      -     -  332s
     0     0  106.67932    0 4488          -  106.67932      -     -  543s
     0     0  107.64591    0 5468          -  107.64591      -     -  761s
     0     0  107.70253    0 5590          -  107.70253      -     -  809s
     0     0  107.70763    0 5612          -  107.70763      -     -  824s
     0     0  107.70841    0 5555          -  107.70841      -     -  828s
     0     0  107.70843    0 5554          -  107.70843      -     -  829s
     0     0  109.13201    0 6289          -  109.13201      -     - 1072s
     0     0  109.32530    0 6508          -  109.32530      -     - 1164s
     0     0  109.35074    0 6588          -  109.35074      -     - 1175s
     0     0  109.35282    0 6591          -  109.35282      -     - 1185s
     0     0  109.35305    0 6581          -  109.35305      -     - 1187s
     0     0  110.67876    0 6535          -  110.67876      -     - 1363s
     0     0  110.93639    0 6658          -  110.93639      -     - 1496s
     0     0  110.98629    0 6761          -  110.98629      -     - 1542s
     0     0  110.99966    0 6728          -  110.99966      -     - 1552s
     0     0  111.00361    0 6723          -  111.00361      -     - 1557s
     0     0  111.01698    0 6749          -  111.01698      -     - 1562s
     0     0  111.01817    0 6820          -  111.01817      -     - 1588s
     0     0  111.74575    0 6858          -  111.74575      -     - 1846s
     0     0  111.89396    0 6910          -  111.89396      -     - 1955s
     0     0  111.91497    0 6973          -  111.91497      -     - 1991s
     0     0  111.91938    0 6983          -  111.91938      -     - 2000s
     0     0  111.92094    0 6989          -  111.92094      -     - 2009s
     0     0  112.16086    0 7052          -  112.16086      -     - 2187s
     0     0  112.19836    0 7066          -  112.19836      -     - 2262s
     0     0  112.20369    0 7094          -  112.20369      -     - 2282s
     0     0  112.20506    0 7114          -  112.20506      -     - 2297s
     0     0  112.35876    0 7030          -  112.35876      -     - 2412s
     0     0  112.38710    0 7127          -  112.38710      -     - 2439s
     0     0  112.39062    0 7145          -  112.39062      -     - 2449s
     0     0  112.39141    0 7235          -  112.39141      -     - 2453s
     0     0  112.52573    0 6966          -  112.52573      -     - 2547s
     0     0  112.54401    0 7109          -  112.54401      -     - 2627s
     0     0  112.54729    0 7166          -  112.54729      -     - 2637s
     0     0  112.54819    0 7173          -  112.54819      -     - 2666s
     0     0  112.63700    0 7110          -  112.63700      -     - 2763s
     0     0  112.64678    0 7115          -  112.64678      -     - 2808s
     0     0  112.64850    0 7200          -  112.64850      -     - 2816s
     0     0  112.71581    0 7191          -  112.71581      -     - 2905s
     0     0  112.72442    0 7180          -  112.72442      -     - 2945s
     0     0  112.72605    0 7199          -  112.72605      -     - 2951s
     0     0  112.78292    0 7213          -  112.78292      -     - 3019s
     0     0  112.79246    0 7250          -  112.79246      -     - 3037s
     0     0  112.79331    0 7258          -  112.79331      -     - 3040s
     0     0  112.83186    0 7184          -  112.83186      -     - 3116s
     0     0  112.83611    0 7333          -  112.83611      -     - 3150s
     0     0  112.83641    0 7244          -  112.83641      -     - 3158s
     0     0  112.87215    0 7248          -  112.87215      -     - 3215s
     0     0  112.87653    0 7328          -  112.87653      -     - 3237s
     0     0  112.87769    0 7314          -  112.87769      -     - 3242s
     0     0  112.90762    0 7251          -  112.90762      -     - 3265s
     0     0  112.91126    0 7279          -  112.91126      -     - 3279s
     0     0  112.91165    0 7233          -  112.91165      -     - 3290s
     0     0  112.93734    0 7302          -  112.93734      -     - 3343s
     0     0  112.94203    0 7330          -  112.94203      -     - 3372s
     0     0  112.94270    0 7365          -  112.94270      -     - 3376s
     0     0  112.96690    0 7245          -  112.96690      -     - 3407s
     0     0  112.97064    0 7272          -  112.97064      -     - 3430s
     0     0  112.97124    0 7313          -  112.97124      -     - 3432s
     0     0  112.99646    0 7325          -  112.99646      -     - 3481s
     0     0  112.99910    0 7287          -  112.99910      -     - 3491s
     0     0  113.00486    0 7270          -  113.00486      -     - 3514s
     0     0  113.00510    0 7385          -  113.00510      -     - 3517s
     0     0  113.02513    0 7350          -  113.02513      -     - 3534s
     0     0  113.02878    0 7338          -  113.02878      -     - 3549s
     0     0  113.02923    0 7347          -  113.02923      -     - 3552s
     0     0  113.05071    0 7276          -  113.05071      -     - 3619s
     0     0  113.05384    0 7302          -  113.05384      -     - 3649s
     0     0  113.05403    0 7367          -  113.05403      -     - 3655s
     0     0  113.07550    0 7297          -  113.07550      -     - 3719s
     0     0  113.07804    0 7203          -  113.07804      -     - 3730s
     0     0  113.07878    0 7287          -  113.07878      -     - 3734s
     0     0  113.10337    0 7152          -  113.10337      -     - 3807s
     0     0  113.10621    0 7303          -  113.10621      -     - 3820s
     0     0  113.10667    0 7339          -  113.10667      -     - 3824s
     0     0  113.11420    0 7294          -  113.11420      -     - 3860s
     0     0  113.11420    0 6725          -  113.11420      -     - 3961s

Cutting planes:
  Learned: 88
  Gomory: 3
  Cover: 624
  Implied bound: 1611
  Clique: 2186
  MIR: 3838
  Flow cover: 3202
  GUB cover: 20
  RLT: 550
  Relax-and-lift: 226

Explored 1 nodes (1122002 simplex iterations) in 7200.05 seconds (8887.58 work units)
Thread count was 32 (of 32 available processors)

Solution count 0

Time limit reached
Best objective -, best bound 1.131142032839e+02, gap -
