
Gurobi 9.5.2 (linux64) logging started Fri Aug  7 18:00:47 2026

Set parameter LogFile to value "/mnt/beegfs/users/celinep/ChargeAndBreak/logs/RlongCfewTtight_40_2SP_20260803_212939_184_gurobi.log"
Gurobi Optimizer version 9.5.2 build v9.5.2rc0 (linux64)
Thread count: 16 physical cores, 32 logical processors, using up to 32 threads
Optimize a model with 182098 rows, 88560 columns and 608477 nonzeros
Model fingerprint: 0x44dc6d02
Variable types: 75751 continuous, 12809 integer (12809 binary)
Coefficient statistics:
  Matrix range     [3e-02, 2e+03]
  Objective range  [4e-02, 4e-02]
  Bounds range     [1e+00, 1e+00]
  RHS range        [1e-01, 5e+02]
Presolve removed 59224 rows and 20077 columns
Presolve time: 2.72s
Presolved: 122874 rows, 68483 columns, 530601 nonzeros
Variable types: 58939 continuous, 9544 integer (9544 binary)

Deterministic concurrent LP optimizer: primal and dual simplex (primal and dual model)
Showing first log only...

Root relaxation presolve removed 2672 rows and 2672 columns
Root relaxation presolved: 120202 rows, 65811 columns, 525257 nonzeros


Root simplex log...

Iteration    Objective       Primal Inf.    Dual Inf.      Time
   46764    6.8011533e+01   4.352963e+02   5.418429e+09      5s
   55079    1.4019182e+02   0.000000e+00   1.346489e+03      8s
   58579    1.3137896e+02   0.000000e+00   1.128693e+03     10s
   65369    1.2285436e+02   0.000000e+00   3.323196e+03     15s
   72741    1.1391691e+02   0.000000e+00   3.065764e+03     20s
   78561    1.0822710e+02   0.000000e+00   2.066938e+03     25s
   82073    1.0353266e+02   0.000000e+00   7.999106e+03     30s
   84407    1.0134775e+02   0.000000e+00   1.063792e+04     35s
   86517    9.9223718e+01   0.000000e+00   1.381898e+04     40s
   88387    9.7933855e+01   0.000000e+00   4.541091e+03     45s
   90357    9.6818619e+01   0.000000e+00   6.470359e+03     50s
   92367    9.5458138e+01   0.000000e+00   2.252787e+03     55s
   94641    9.4422026e+01   0.000000e+00   7.028804e+03     60s
   97171    9.3477090e+01   0.000000e+00   3.064578e+05     65s
   99225    9.2565051e+01   0.000000e+00   3.599308e+04     70s
  101379    9.2074650e+01   0.000000e+00   5.596936e+03     75s
  103593    9.1824927e+01   0.000000e+00   2.903952e+03     80s
  105863    9.1645243e+01   0.000000e+00   2.621820e+03     85s
  107993    9.1438931e+01   0.000000e+00   8.284713e+02     90s
  110103    9.1289081e+01   0.000000e+00   7.561431e+02     95s
  112683    9.1001874e+01   0.000000e+00   1.024445e+03    100s
  114969    9.0854352e+01   0.000000e+00   3.117931e+03    105s
  117009    9.0758057e+01   0.000000e+00   1.723952e+03    110s
  119029    9.0663743e+01   0.000000e+00   3.711168e+03    115s
  120949    9.0591345e+01   0.000000e+00   1.013987e+03    120s
  122883    9.0543389e+01   0.000000e+00   2.775357e+04    125s
  124907    9.0495724e+01   0.000000e+00   1.608406e+03    130s
  127197    9.0407712e+01   0.000000e+00   2.969639e+03    135s
Concurrent spin time: 0.00s

Solved with primal simplex (dual model)

Root relaxation: objective 8.997202e+01, 84360 iterations, 131.91 seconds (139.78 work units)
Total elapsed time = 141.43s

    Nodes    |    Current Node    |     Objective Bounds      |     Work
 Expl Unexpl |  Obj  Depth IntInf | Incumbent    BestBd   Gap | It/Node Time

     0     0   89.97482    0 3389          -   89.97482      -     -  163s
     0     0   90.66711    0 3808          -   90.66711      -     -  299s
     0     0   91.25725    0 3839          -   91.25725      -     -  392s
     0     0   92.35347    0 5356          -   92.35347      -     -  664s
     0     0   92.52633    0 5761          -   92.52633      -     -  730s
     0     0   92.55612    0 5722          -   92.55612      -     -  754s
     0     0   92.55893    0 5701          -   92.55893      -     -  758s
     0     0   92.55929    0 5714          -   92.55929      -     -  760s
     0     0   93.76269    0 5574          -   93.76269      -     -  943s
     0     0   93.96630    0 5646          -   93.96630      -     -  999s
     0     0   93.99206    0 5709          -   93.99206      -     - 1017s
     0     0   93.99633    0 5679          -   93.99633      -     - 1022s
     0     0   93.99757    0 5723          -   93.99757      -     - 1024s
     0     0   93.99776    0 5709          -   93.99776      -     - 1026s
     0     0   94.59872    0 5808          -   94.59872      -     - 1155s
     0     0   94.71141    0 5933          -   94.71141      -     - 1221s
     0     0   94.72562    0 6023          -   94.72562      -     - 1236s
     0     0   94.72853    0 6012          -   94.72853      -     - 1241s
     0     0   94.72906    0 6033          -   94.72906      -     - 1243s
     0     0   94.93821    0 6031          -   94.93821      -     - 1319s
H    0     0                     213.4179437   94.93821  55.5%     - 1331s
     0     0   94.98339    0 6209  213.41794   94.98339  55.5%     - 1369s
     0     0   94.99103    0 6220  213.41794   94.99103  55.5%     - 1376s
     0     0   94.99245    0 6247  213.41794   94.99245  55.5%     - 1380s
     0     0   94.99300    0 6264  213.41794   94.99300  55.5%     - 1383s
     0     0   95.17975    0 6268  213.41794   95.17975  55.4%     - 1472s
     0     0   95.21801    0 6312  213.41794   95.21801  55.4%     - 1505s
     0     0   95.22318    0 6369  213.41794   95.22318  55.4%     - 1520s
     0     0   95.22364    0 6395  213.41794   95.22364  55.4%     - 1522s
     0     0   95.34990    0 6318  213.41794   95.34990  55.3%     - 1575s
     0     0   95.37096    0 6420  213.41794   95.37096  55.3%     - 1609s
     0     0   95.37465    0 6382  213.41794   95.37465  55.3%     - 1616s
     0     0   95.37519    0 6385  213.41794   95.37519  55.3%     - 1618s
     0     0   95.48990    0 6277  213.41794   95.48990  55.3%     - 1658s
     0     0   95.50308    0 6404  213.41794   95.50308  55.3%     - 1676s
     0     0   95.50455    0 6326  213.41794   95.50455  55.2%     - 1680s
     0     0   95.57580    0 6387  213.41794   95.57580  55.2%     - 1734s
     0     0   95.58984    0 6384  213.41794   95.58984  55.2%     - 1751s
     0     0   95.59114    0 6399  213.41794   95.59114  55.2%     - 1767s
     0     0   95.66356    0 6376  213.41794   95.66356  55.2%     - 1818s
     0     0   95.67330    0 6478  213.41794   95.67330  55.2%     - 1837s
     0     0   95.67477    0 6484  213.41794   95.67477  55.2%     - 1848s
     0     0   95.74507    0 6402  213.41794   95.74507  55.1%     - 1903s
     0     0   95.75447    0 6431  213.41794   95.75447  55.1%     - 1939s
     0     0   95.75597    0 6468  213.41794   95.75597  55.1%     - 1952s
     0     0   95.79038    0 6468  213.41794   95.79038  55.1%     - 1990s
     0     0   95.79582    0 6460  213.41794   95.79582  55.1%     - 2004s
     0     0   95.79631    0 6448  213.41794   95.79631  55.1%     - 2007s
     0     0   95.83342    0 6455  213.41794   95.83342  55.1%     - 2049s
     0     0   95.83939    0 6433  213.41794   95.83939  55.1%     - 2062s
     0     0   95.84023    0 6474  213.41794   95.84023  55.1%     - 2074s
     0     0   95.86573    0 6473  213.41794   95.86573  55.1%     - 2116s
     0     0   95.86998    0 6398  213.41794   95.86998  55.1%     - 2121s
     0     0   95.87047    0 6451  213.41794   95.87047  55.1%     - 2127s
     0     0   95.89645    0 6423  213.41794   95.89645  55.1%     - 2148s
     0     0   95.89982    0 6446  213.41794   95.89982  55.1%     - 2166s
     0     0   95.90024    0 6500  213.41794   95.90024  55.1%     - 2169s
     0     0   95.92125    0 6463  213.41794   95.92125  55.1%     - 2196s
     0     0   95.92379    0 6522  213.41794   95.92379  55.1%     - 2222s
     0     0   95.92425    0 6546  213.41794   95.92425  55.1%     - 2224s
     0     0   95.93792    0 6533  213.41794   95.93792  55.0%     - 2249s
     0     0   95.93926    0 6499  213.41794   95.93926  55.0%     - 2253s
     0     0   95.95953    0 6479  213.41794   95.95953  55.0%     - 2274s
     0     0   95.96216    0 6469  213.41794   95.96216  55.0%     - 2280s
     0     0   95.96242    0 6509  213.41794   95.96242  55.0%     - 2281s
     0     0   95.97711    0 6550  213.41794   95.97711  55.0%     - 2297s
     0     0   95.97856    0 6544  213.41794   95.97856  55.0%     - 2303s
     0     0   95.98908    0 6517  213.41794   95.98908  55.0%     - 2325s
     0     0   95.99019    0 6525  213.41794   95.99019  55.0%     - 2336s
     0     0   95.99697    0 6555  213.41794   95.99697  55.0%     - 2359s
     0     0   95.99697    0 6051  213.41794   95.99697  55.0%     - 2382s
     0     2   95.99697    0 5906  213.41794   95.99697  55.0%     - 2493s
     1     4   96.00099    1 5853  213.41794   95.99902  55.0%  3785 2497s
     3     8   96.02877    2 6203  213.41794   96.02877  55.0% 11488 2536s
     7    16   96.09475    3 6281  213.41794   96.02877  55.0% 12769 2582s
    15    32   96.09901    4 6312  213.41794   96.09583  55.0% 15136 2610s
    31    48   96.09929    5 6324  213.41794   96.09901  55.0% 12029 2795s
    47    64   96.09947    6 6317  213.41794   96.09901  55.0% 20787 2811s
    63    80   96.09983    7 6340  213.41794   96.09901  55.0% 16161 3213s
    79    96   96.10014    8 6332  213.41794   96.09901  55.0% 13328 3226s
H   82    96                     202.2503144   96.09901  52.5% 12856 3226s
    95   126   96.10082    9 6315  202.25031   96.09901  52.5% 11400 3236s
H  125   145                     157.8495333   96.09901  39.1%  8912 3260s
H  128   145                     147.3941003   96.09901  34.8%  8743 3260s
   144   174   96.10288   12 6307  147.39410   96.09901  34.8%  7936 3277s
H  173   190                     138.2441902   96.09901  30.5%  6857 3361s
H  173   190                     135.2689526   96.09901  29.0%  6857 3361s
H  182   190                     127.2122952   96.09901  24.5%  6567 3361s
   189   223   96.10706   15 6208  127.21230   96.09901  24.5%  6368 3373s
H  228   238                     127.1921157   96.09901  24.4%  5453 3652s
H  229   238                     127.1484853   96.09901  24.4%  5434 3652s
H  235   238                     127.1198940   96.09901  24.4%  5319 3652s
H  238   238                     126.6232396   96.09901  24.1%  5368 3652s
   245   280   96.11386   18 6215  126.62324   96.09901  24.1%  5245 3674s
H  291   303                     126.5857257   96.09901  24.1%  4640 3705s
H  297   303                     126.5837644   96.09901  24.1%  4574 3705s
   316   352   96.12650   20 6153  126.58376   96.09901  24.1%  4369 3716s
H  369   394                     124.5810411   96.09901  22.9%  3854 3736s
   413   453   96.14637   22 6176  124.58104   96.09901  22.9%  3548 3745s
H  476   499                     124.5809839   96.09901  22.9%  3184 3769s
H  476   499                     124.5160623   96.09901  22.8%  3184 3769s
H  480   499                     124.4819066   96.09901  22.8%  3187 3769s
H  480   499                     124.4762072   96.09901  22.8%  3187 3769s
   528   551   96.17004   24 6196  124.47621   96.09901  22.8%  2971 3793s
H  596   604                     124.4735844   96.09901  22.8%  2739 3818s
   656   675   96.38787   27 6003  124.47358   96.09901  22.8%  2567 3835s
   741   749   97.88127   30 5954  124.47358   96.09901  22.8%  2351 3859s
H  745   749                     124.4723180   96.09901  22.8%  2342 3859s
   829   840   97.88752   34 5941  124.47232   96.09901  22.8%  2177 3881s
H  924   897                     124.0516686   96.09901  22.5%  2033 3909s
H  978   897                     123.8117985   96.09901  22.4%  1978 3909s
   981   974   97.90615   37 5881  123.81180   96.09901  22.4%  1983 3944s
H 1072  1028                     123.8117413   96.09901  22.4%  1912 4007s
H 1077  1028                     123.7556398   96.09901  22.3%  1907 4007s
H 1081  1028                     123.6935978   96.09901  22.3%  1902 4007s
H 1097  1028                     123.6122975   96.09901  22.3%  1882 4007s
  1133  1116   97.91426   50 5976  123.61230   96.09901  22.3%  1877 4031s
H 1221  1172                     123.6015147   96.09901  22.3%  1799 4062s
H 1226  1172                     123.5961055   96.09901  22.2%  1799 4062s
H 1248  1172                     123.5876308   96.09901  22.2%  1776 4062s
H 1266  1172                     123.5179347   96.09901  22.2%  1762 4062s
  1278  1278   97.93560   54 5835  123.51793   96.09901  22.2%  1766 4077s
H 1384  1393                     123.5136343   96.09901  22.2%  1684 4100s
H 1398  1393                     123.5114804   96.09901  22.2%  1678 4100s
H 1417  1393                     123.5016904   96.09901  22.2%  1665 4100s
H 1435  1393                     123.4868638   96.09901  22.2%  1646 4100s
  1501  1498   97.94882   58 5932  123.48686   96.09901  22.2%  1597 4128s
H 1567  1498                     123.4833557   96.09901  22.2%  1548 4128s
H 1568  1498                     123.4606894   96.09901  22.2%  1548 4128s
H 1612  1598                     123.4601847   96.09901  22.2%  1544 4169s
H 1621  1598                     123.4559351   96.09901  22.2%  1537 4169s
H 1629  1598                     123.4454056   96.09901  22.2%  1532 4169s
H 1677  1598                     123.4324561   96.09901  22.1%  1508 4169s
  1712  1735   97.97960   78 5870  123.43246   96.09901  22.1%  1505 4201s
H 1859  1837                     123.4260900   96.09901  22.1%  1447 4253s
H 1954  1837                     123.3808065   96.09901  22.1%  1425 4253s
H 1957  1837                     123.3803487   96.09901  22.1%  1424 4253s
H 1962  1837                     123.3780799   96.09901  22.1%  1423 4253s
  1965  2008   98.14695   88 5795  123.37808   96.09901  22.1%  1422 4290s
H 1998  2008                     123.3779637   96.09901  22.1%  1405 4290s
H 2120  2008                     123.3778044   96.09901  22.1%  1359 4290s
H 2153  2122                     123.3777811   96.09901  22.1%  1357 4328s
H 2156  2122                     123.3774045   96.09901  22.1%  1358 4328s
H 2226  2122                     123.3770524   96.09901  22.1%  1344 4328s
  2281  2203   98.48338  100 5834  123.37705   96.09901  22.1%  1340 4387s
H 2283  2203                     123.3770291   96.09901  22.1%  1339 4387s
H 2295  2203                     123.2937191   96.09901  22.1%  1346 4387s
H 2323  2203                     123.1088503   96.09901  21.9%  1346 4387s
  2370  2265   98.62176  103 5706  123.10885   96.09901  21.9%  1338 4433s
H 2378  2265                     123.1039792   96.09901  21.9%  1340 4433s
H 2391  2265                     122.5642192   96.09901  21.6%  1347 4433s
  2448  2380   98.85181  107 5828  122.56422   96.09901  21.6%  1342 4535s
H 2573  2380                     122.2286378   96.09901  21.4%  1333 4535s
  2575  2381  104.77584  130 6051  122.22864   96.09901  21.4%  1332 5478s
  2577  2382   97.66871   48 3268  122.22864   96.09901  21.4%  1331 5814s
  2578  2383  107.61768  159 3925  122.22864   96.09901  21.4%  1330 6114s
  2579  2384  104.02119   28 4514  122.22864   96.09901  21.4%  1329 6322s
  2580  2384  108.40692   80 4957  122.22864   96.56068  21.0%  1329 6443s
  2581  2385  100.97393   18 5164  122.22864   96.64761  20.9%  1328 6519s
  2582  2386   98.00947   34 5191  122.22864   96.65907  20.9%  1328 6563s
  2583  2386  101.00860   36 5277  122.22864   96.66274  20.9%  1327 6577s
  2584  2387   97.89303   31 5222  122.22864   96.66353  20.9%  1327 6601s
  2585  2388  100.00004   82 5226  122.22864   96.66382  20.9%  1326 6607s
  2586  2388  114.52988   38 4888  122.22864   97.71267  20.1%  1326 6857s
  2587  2389  118.63990  129 5214  122.22864   97.98944  19.8%  1325 6983s
  2588  2390   98.09105   27 5296  122.22864   98.09105  19.7%  1325 7050s
  2589  2390   98.11737   21 5395  122.22864   98.11737  19.7%  1324 7121s
  2590  2391  100.38938  147 5456  122.22864   98.12491  19.7%  1324 7152s
  2591  2392   98.12639   59 5478  122.22864   98.12639  19.7%  1323 7165s
  2592  2392   98.12793   23 5482  122.22864   98.12793  19.7%  1323 7176s
  2593  2393   98.13899   97 5452  122.22864   98.13899  19.7%  1322 7186s
  2595  2394   98.14249   31 5395  122.22864   98.14249  19.7%  1321 7196s

Cutting planes:
  Learned: 84
  Gomory: 35
  Cover: 1051
  Implied bound: 1299
  Projected implied bound: 546
  Clique: 65
  MIR: 3027
  Flow cover: 4304
  Zero half: 6
  RLT: 407
  Relax-and-lift: 355
  PSD: 15

Explored 2595 nodes (5015090 simplex iterations) in 7200.22 seconds (14155.17 work units)
Thread count was 32 (of 32 available processors)

Solution count 10: 122.229 122.564 123.104 ... 123.378

Time limit reached
Best objective 1.222286378131e+02, best bound 9.814248994865e+01, gap 19.7058%
