
Gurobi 9.5.2 (linux64) logging started Sat Aug  1 09:28:19 2026

Set parameter LogFile to value "logs/RlongCmanyTlarge_25_RO_20260730_132726_179_gurobi.log"
Gurobi Optimizer version 9.5.2 build v9.5.2rc0 (linux64)
Thread count: 16 physical cores, 32 logical processors, using up to 32 threads
Optimize a model with 7501 rows, 4332 columns and 26133 nonzeros
Model fingerprint: 0x3a9a9744
Variable types: 2707 continuous, 1625 integer (1625 binary)
Coefficient statistics:
  Matrix range     [3e-02, 2e+03]
  Objective range  [1e+00, 1e+00]
  Bounds range     [1e+00, 1e+00]
  RHS range        [1e-02, 5e+02]
Presolve removed 2290 rows and 773 columns
Presolve time: 0.20s
Presolved: 5211 rows, 3559 columns, 23326 nonzeros
Variable types: 2100 continuous, 1459 integer (1458 binary)
Found heuristic solution: objective 281.6374772

Root relaxation: objective 1.321918e+02, 5432 iterations, 0.35 seconds (0.19 work units)

    Nodes    |    Current Node    |     Objective Bounds      |     Work
 Expl Unexpl |  Obj  Depth IntInf | Incumbent    BestBd   Gap | It/Node Time

     0     0  132.22385    0  500  281.63748  132.22385  53.1%     -    0s
     0     0  134.68375    0  512  281.63748  134.68375  52.2%     -    1s
     0     0  134.79887    0  520  281.63748  134.79887  52.1%     -    1s
     0     0  134.80747    0  524  281.63748  134.80747  52.1%     -    1s
     0     0  134.80852    0  522  281.63748  134.80852  52.1%     -    1s
     0     0  134.80852    0  525  281.63748  134.80852  52.1%     -    1s
     0     0  136.33720    0  592  281.63748  136.33720  51.6%     -    2s
     0     0  136.43682    0  606  281.63748  136.43682  51.6%     -    2s
     0     0  136.47014    0  584  281.63748  136.47014  51.5%     -    2s
     0     0  136.47857    0  583  281.63748  136.47857  51.5%     -    2s
     0     0  136.47866    0  587  281.63748  136.47866  51.5%     -    2s
     0     0  137.87230    0  551  281.63748  137.87230  51.0%     -    3s
     0     0  138.06326    0  561  281.63748  138.06326  51.0%     -    3s
     0     0  138.08522    0  560  281.63748  138.08522  51.0%     -    3s
     0     0  138.08690    0  560  281.63748  138.08690  51.0%     -    3s
     0     0  138.08703    0  563  281.63748  138.08703  51.0%     -    3s
     0     0  138.69974    0  564  281.63748  138.69974  50.8%     -    3s
     0     0  140.55405    0  568  281.63748  140.55405  50.1%     -    4s
     0     0  140.58182    0  570  281.63748  140.58182  50.1%     -    4s
     0     0  140.58685    0  588  281.63748  140.58685  50.1%     -    4s
     0     0  140.58700    0  588  281.63748  140.58700  50.1%     -    4s
     0     0  140.75846    0  577  281.63748  140.75846  50.0%     -    4s
     0     0  140.78417    0  584  281.63748  140.78417  50.0%     -    4s
     0     0  140.79163    0  588  281.63748  140.79163  50.0%     -    4s
     0     0  140.79374    0  583  281.63748  140.79374  50.0%     -    4s
     0     0  140.89688    0  597  281.63748  140.89688  50.0%     -    4s
     0     0  140.90051    0  592  281.63748  140.90051  50.0%     -    5s
     0     0  140.90120    0  597  281.63748  140.90120  50.0%     -    5s
     0     0  140.98853    0  580  281.63748  140.98853  49.9%     -    5s
     0     0  141.00671    0  581  281.63748  141.00671  49.9%     -    5s
     0     0  141.01061    0  594  281.63748  141.01061  49.9%     -    5s
     0     0  141.01118    0  591  281.63748  141.01118  49.9%     -    5s
H    0     0                     271.3874772  141.04995  48.0%     -    5s
     0     0  141.04995    0  578  271.38748  141.04995  48.0%     -    5s
     0     0  141.06257    0  582  271.38748  141.06257  48.0%     -    6s
     0     0  141.06286    0  583  271.38748  141.06286  48.0%     -    6s
H    0     0                     269.5868917  141.06286  47.7%     -    6s
     0     0  141.11158    0  593  269.58689  141.11158  47.7%     -    6s
     0     0  141.11532    0  571  269.58689  141.11532  47.7%     -    6s
     0     0  141.11573    0  592  269.58689  141.11573  47.7%     -    6s
H    0     0                     268.1749458  141.11573  47.4%     -    6s
     0     0  141.14192    0  580  268.17495  141.14192  47.4%     -    6s
     0     0  141.14477    0  580  268.17495  141.14477  47.4%     -    6s
     0     0  141.14491    0  582  268.17495  141.14491  47.4%     -    6s
     0     0  141.14905    0  592  268.17495  141.14905  47.4%     -    6s
     0     0  141.15110    0  580  268.17495  141.15110  47.4%     -    6s
     0     0  141.15857    0  584  268.17495  141.15857  47.4%     -    6s
     0     0  141.15857    0  558  268.17495  141.15857  47.4%     -    7s
H    0     0                     266.7235977  141.15857  47.1%     -    7s
     0     2  141.15857    0  557  266.72360  141.15857  47.1%     -    8s
    63    80  141.33300    7  510  266.72360  141.28021  47.0%   153   11s
H   87    96                     266.2193588  141.28021  46.9%   124   12s
H   89    96                     259.4120209  141.28021  45.5%   123   12s
H  122   139                     240.7484768  141.28021  41.3%   105   18s
H  123   139                     236.8990879  141.28021  40.4%   104   18s
H  124   139                     216.0235706  141.28021  34.6%   103   18s
H  127   139                     200.5317380  141.28021  29.5%   101   18s
H  135   139                     198.7645479  141.28021  28.9%  98.1   18s
H  137   139                     198.5267682  141.28021  28.8%  97.4   18s
H  167   184                     197.4415448  141.28021  28.4%  93.7   30s
H  168   184                     195.5828491  141.28021  27.8%  93.3   30s
H  169   184                     185.9871133  141.28021  24.0%  92.8   30s
H  170   184                     173.5945504  141.28021  18.6%  92.3   30s
H  183   196                     172.1827230  141.28021  17.9%  87.4   32s
H  184   196                     171.9971346  141.28021  17.9%  87.0   32s
H  187   196                     171.7660563  141.28021  17.7%  86.1   32s
H  197   196                     171.7376708  141.28021  17.7%  82.3   32s
H  198   196                     171.3559907  141.28021  17.6%  83.1   32s
H  199   196                     171.3061472  141.28021  17.5%  82.9   32s
   201   227  141.35091   15  497  171.30615  141.28021  17.5%  82.1   35s
H  232   243                     171.2440270  141.28021  17.5%  76.3   36s
H  233   243                     171.1415031  141.28021  17.4%  76.0   36s
H  235   243                     171.1089648  141.28021  17.4%  75.7   36s
H  245   243                     171.0796310  141.28021  17.4%  74.9   36s
H  311   322                     171.0261461  141.28021  17.4%  63.4   39s
H  312   322                     170.8866318  141.28021  17.3%  63.3   39s
H  325   322                     170.7119332  141.28021  17.2%  62.3   39s
   400   411  141.38556   28  513  170.71193  141.28021  17.2%  55.9   44s
H  401   411                     170.5472891  141.28021  17.2%  55.8   44s
H  509   514                     170.4353758  141.28021  17.1%  49.4   47s
   605   600  141.41501   41  521  170.43538  141.28021  17.1%  46.6   52s
H  620   600                     170.3785246  141.28021  17.1%  46.1   52s
   623   615  141.41776   42  518  170.37852  141.28021  17.1%  46.2   84s
H  632   615                     170.3426874  141.28021  17.1%  46.0   84s
H  634   615                     162.3485241  141.28021  13.0%  46.2   84s
H  735   714                     161.7418397  141.28021  12.7%  44.1   88s
H  739   714                     161.5173434  141.28021  12.5%  45.4   88s
H  748   714                     160.3625700  141.28021  11.9%  46.3   88s
   803   782  141.91887   48  518  160.36257  141.28021  11.9%  45.6   92s
   943   884  141.94528   56  514  160.36257  141.28021  11.9%  43.2   95s
H  951   884                     160.3625698  141.28021  11.9%  43.1   95s
  1086  1025  142.37944   62  504  160.36257  141.28021  11.9%  41.0  103s
H 1089  1025                     159.8496750  141.28021  11.6%  41.0  103s
  1250  1180  142.93352   66  500  159.84967  141.28021  11.6%  39.4  109s
  1266  1314  144.09522   67  475  159.84967  141.28021  11.6%  39.8  110s
  1427  1328  144.09522   71  474  159.84967  141.28021  11.6%  38.2  117s
  1586  1466  144.18310   82  468  159.84967  141.28021  11.6%  37.8  122s
H 1600  1466                     159.8496749  141.28021  11.6%  38.2  122s
  1777  1647  144.28265  101  437  159.84967  141.28021  11.6%  37.4  126s
  1998  1958  147.78806  104  408  159.84967  141.28021  11.6%  37.6  130s
H 2144  1958                     159.7342359  141.28021  11.6%  38.0  133s
  2345  2132 infeasible  135       159.73424  141.28021  11.6%  38.0  136s
  2363  2133  151.16410   46  558  159.73424  141.28021  11.6%  38.1  146s
  2366  2135  157.99060   62  529  159.73424  141.28021  11.6%  38.0  151s
  2385  2148  144.30123   21  521  159.73424  143.98048  9.86%  37.7  156s
  2403  2160  144.86467   77  512  159.73424  144.86467  9.31%  37.5  160s
  2417  2169  145.42531   48  499  159.73424  145.42531  8.96%  37.2  166s
  2429  2177  153.63687   96  547  159.73424  145.81132  8.72%  37.1  170s
H 2447  2078                     159.4859032  146.02398  8.44%  36.8  175s
  2459  2086  147.67601  123  438  159.48590  146.20210  8.33%  36.6  180s
  2476  2097  146.39288   73  521  159.48590  146.39288  8.21%  36.3  185s
H 2494  2001                     159.3617740  146.56009  8.03%  36.1  190s
H 2501  1903                     159.3617740  146.64034  7.98%  36.0  191s
  2516  1913  151.16498   63  544  159.36177  146.69811  7.95%  35.8  195s
H 2524  1820                     159.0832015  146.73903  7.76%  35.7  197s
  2537  1829  158.99215   96  528  159.08320  146.79155  7.73%  35.5  200s
H 2556  1746                     159.0456820  146.89892  7.64%  35.2  205s
  2574  1758  147.17703   48  527  159.04568  147.17703  7.46%  35.0  210s
  2593  1770  147.24476   40  536  159.04568  147.24476  7.42%  34.7  215s
H 2593  1678                     158.9718309  147.25846  7.37%  34.7  215s
  2609  1689  152.96510   47  514  158.97183  147.43067  7.26%  34.5  220s
  2628  1702  155.69654   34  501  158.97183  147.52547  7.20%  34.2  225s
H 2631  1614                     158.9466821  147.53425  7.18%  34.2  226s
  2642  1621  147.57254   38  442  158.94668  147.57254  7.16%  34.1  230s
  2661  1634  147.70833   23  431  158.94668  147.70833  7.07%  33.8  235s
  2675  1644  151.61514  119  482  158.94668  147.72523  7.06%  71.5  241s
  2690  1654  147.84405   37  438  158.94668  147.84405  6.99%  71.1  245s
  2707  1665  153.12410   28  410  158.94668  147.92651  6.93%  70.7  250s
  2721  1675  158.94668   38  462  158.94668  147.97122  6.91%  70.3  255s
  2733  1683  148.00672   50  489  158.94668  148.00672  6.88%  70.0  260s
  2749  1693  148.07560   64  499  158.94668  148.07560  6.84%  69.6  265s
  2765  1704  148.13468   11  506  158.94668  148.13468  6.80%  69.2  270s
  2773  1709  157.67596   81  507  158.94668  148.18812  6.77%  69.0  275s
  2774  1711 infeasible   22       158.94668  148.21362  6.75%  85.6  281s
  2776  1710  149.42842   23  505  158.94668  148.95202  6.29%  85.9  291s
  2780  1709  150.12203   25  477  158.94668  150.06550  5.59%  86.5  296s
  2798  1728  151.25077   30  448  158.94668  151.17801  4.89%  87.9  300s
H 2863  1680                     158.9256046  151.18593  4.87%  91.0  302s
H 2910  1618                     158.9085326  151.18593  4.86%  91.9  304s
  2954  1646  151.62413   40  458  158.90853  151.18593  4.86%  91.7  309s
H 2956  1566                     158.8014679  151.18593  4.80%  91.8  309s
H 2966  1488                     158.8014678  151.18593  4.80%  92.0  309s
  2970  1519  151.62747   41  458  158.80147  151.18593  4.80%  92.1  310s
  3551  1860  155.58161   64  268  158.80147  151.18593  4.80%  90.7  315s
H 3792  1936                     158.7320837  151.18593  4.75%  89.6  316s
  4462  2194  152.40819   32  498  158.73208  151.19933  4.75%  86.2  320s
  5181  2545  155.93517   85  271  158.73208  151.19933  4.75%  87.2  325s
  5741  2791  152.46162   40  515  158.73208  151.22691  4.73%  89.0  330s
  6642  3204  155.48867   97  285  158.73208  151.22691  4.73%  88.0  335s
  7155  3752  152.19850   38  503  158.73208  151.29966  4.68%  87.2  340s
  7691  4032  152.63511   70  490  158.73208  151.29966  4.68%  85.9  352s
  7708  4044  152.64555   71  480  158.73208  151.29966  4.68%  85.9  369s
  7728  4060  152.70312   72  478  158.73208  151.29966  4.68%  86.1  389s
  7744  4243  152.71619   73  478  158.73208  151.29966  4.68%  86.3  391s
  8455  4754  153.02586  118  426  158.73208  151.29966  4.68%  86.5  395s
  9171  5426  152.29432   39  461  158.73208  151.30289  4.68%  87.0  401s
  9783  6097  152.52995   53  446  158.73208  151.30289  4.68%  86.2  405s
 10690  6754  153.29569   96  391  158.73208  151.30289  4.68%  84.9  410s
 11431  7277  154.97881  154  314  158.73208  151.33361  4.66%  84.9  415s
 12115  7816  151.77188   46  541  158.73208  151.33368  4.66%  85.5  422s
 12508  8176  152.20596   60  536  158.73208  151.33368  4.66%  85.7  425s
 13456  9070  152.58444  116  487  158.73208  151.33368  4.66%  85.6  431s
 14302  9793  154.10877  193  360  158.73208  151.37828  4.63%  85.6  436s
 15397 10868  152.45977   60  478  158.73208  151.37828  4.63%  85.2  442s
 16013 11384  152.77052   90  450  158.73208  151.37828  4.63%  84.8  447s
 16676 11694  154.77048  111  481  158.73208  151.37828  4.63%  84.2  452s
 17102 11722  155.48077  134  448  158.73208  151.37828  4.63%  84.5  460s
 17131 12186  155.49196  136  443  158.73208  151.40043  4.62%  84.4  465s
 18461 13097  155.38745   58  496  158.73208  151.44412  4.59%  84.6  474s
 18943 13453  157.75267   80  325  158.73208  151.71073  4.42%  85.5  480s
 19653 14158  152.55753   48  494  158.73208  151.71073  4.42%  85.1  487s
 20496 15161  153.03227   81  423  158.73208  151.71073  4.42%  84.9  497s
 22136 15428  156.30693  167  309  158.73208  151.88739  4.31%  84.0  503s
 22633 16097  152.40973   45  490  158.73208  151.89239  4.31%  84.3  509s
 23413 16843  153.02177   59  505  158.73208  151.89425  4.31%  84.3  514s
 24344 17331  152.64406   45  544  158.73208  151.89425  4.31%  84.1  518s
 24936 18011  153.70933   76  457  158.73208  151.89425  4.31%  83.8  523s
 25720 18827  154.12256  104  424  158.73208  151.89425  4.31%  83.7  528s
 26717 19677  156.16636  175  298  158.73208  151.93871  4.28%  83.6  533s
 27716 20569  154.20698   73  412  158.73208  151.93871  4.28%  83.6  538s
 28739 21535  155.28397  136  217  158.73208  151.96971  4.26%  83.6  545s
 29930 22349  154.47189  101  414  158.73208  151.96971  4.26%  83.5  550s
 30857 22409  155.90981  192  250  158.73208  151.98689  4.25%  83.7  573s
H30934 22409                     158.7320837  151.99605  4.24%  83.7  573s
 30943 23088  152.72284   45  494  158.73208  152.00390  4.24%  83.7  581s
 31876 23393  153.53347   47  291  158.73208  152.01285  4.23%  83.8  588s
 32407 23934  153.00440   46  478  158.73208  152.01399  4.23%  84.3  592s
 33178 24616  153.90336   53  444  158.73208  152.01399  4.23%  84.9  603s
 34244 25189  153.28453   65  464  158.73208  152.01399  4.23%  85.8  613s
 35063 26101  153.31287   84  453  158.73208  152.01399  4.23%  87.0  625s
 36345 26988  153.34461   99  461  158.73208  152.01399  4.23%  87.5  638s
 37711 27415  153.50698  110  425  158.73208  152.01399  4.23%  88.0  649s
 38386 27912  154.44007  120  416  158.73208  152.01399  4.23%  88.8  662s
 39061 28499  153.81536  133  425  158.73208  152.01399  4.23%  90.3  673s
 40081 29289  156.37302  152  413  158.73208  152.01527  4.23%  91.9  686s
 41399 29290  154.75148   98  558  158.73208  152.05448  4.21%  92.9  879s
 41401 29291  152.20685   61  417  158.73208  152.05448  4.21%  92.9  883s
 41402 29292  153.01039  108  347  158.73208  152.05448  4.21%  92.9  890s
 41406 29295  153.53291   95  498  158.73208  152.05448  4.21%  92.9  897s
 41408 29296  155.34048  161  376  158.73208  152.05448  4.21%  92.9  900s
 41420 29304  152.09369   62  417  158.73208  152.05448  4.21%  92.9  910s
 41427 29309  155.41891  114  498  158.73208  152.05448  4.21%  92.9  918s
 41432 29312  155.01173  107  523  158.73208  152.05448  4.21%  92.9  922s
 41433 29313  152.64219   40  481  158.73208  152.05448  4.21%  92.9  928s
 41437 29315  152.55816   49  492  158.73208  152.05448  4.21%  92.9  931s
 41438 29316  157.11116  104  450  158.73208  152.05448  4.21%  92.9  936s
 41445 29321  154.60021  138  449  158.73208  152.05448  4.21%  92.8  949s
 41447 29322  152.64828   82  540  158.73208  152.05448  4.21%  92.8  950s
 41450 29324  157.32900  112  470  158.73208  152.05448  4.21%  92.8  962s
 41453 29326  153.71793   97  461  158.73208  152.05448  4.21%  92.8  965s
 41458 29329  154.99534  119  439  158.73208  152.05448  4.21%  92.8  974s
 41459 29330  155.14776  111  447  158.73208  152.05448  4.21%  92.8  975s
 41464 29333  157.91614  124  455  158.73208  152.05448  4.21%  92.8  981s
 41470 29337  157.29179  144  389  158.73208  152.05448  4.21%  92.8  987s
 41475 29341  155.60857   90  392  158.73208  152.32355  4.04%  92.8  991s
 41479 29343  154.29081  115  510  158.73208  152.33870  4.03%  92.8  995s
 41480 29344  157.49980  108  455  158.73208  152.35500  4.02%  92.8 1003s
 41484 29347  153.89465  145  494  158.73208  152.37711  4.00%  92.8 1007s
 41485 29347  153.93008   46  446  158.73208  152.39107  3.99%  92.8 1010s
 41492 29352  155.93612   87  419  158.73208  152.44176  3.96%  92.7 1017s
 41495 29354  154.38243  108  536  158.73208  152.45571  3.95%  92.7 1020s
 41501 29358  152.53724   61  451  158.73208  152.53724  3.90%  92.7 1029s
 41503 29359  152.55364   74  445  158.73208  152.54886  3.90%  92.7 1030s
 41506 29361  153.53291   95  500  158.73208  152.56989  3.88%  92.7 1036s
 41511 29365  153.29226   53  541  158.73208  152.59134  3.87%  92.7 1042s
 41513 29366  155.23928  160  515  158.73208  152.59362  3.87%  92.7 1045s
 41517 29369  152.60643   60  516  158.73208  152.60643  3.86%  92.7 1050s
 41520 29371  152.65639   62  455  158.73208  152.65639  3.83%  92.7 1056s
 41524 29373  153.13316  107  514  158.73208  152.66754  3.82%  92.7 1060s
 41528 29376  156.88131   97  484  158.73208  152.67532  3.82%  92.7 1067s
 41530 29377  153.80202   72  543  158.73208  152.67637  3.82%  92.7 1070s
 41532 29379  155.01173  107  538  158.73208  152.67853  3.81%  92.6 1075s
 41536 29381  154.43186  138  532  158.73208  152.68741  3.81%  92.6 1080s
 41540 29384  156.01985  149  489  158.73208  152.70767  3.80%  92.6 1085s
 41545 29387  154.60021  138  451  158.73208  152.72623  3.78%  92.6 1093s
 41548 29389  156.78962  119  511  158.73208  152.73949  3.78%  92.6 1096s
 41550 29391  157.32900  112  565  158.73208  152.75263  3.77%  92.6 1100s
 41555 29394  153.16086   61  482  158.73208  152.75623  3.76%  92.6 1106s
 41558 29396  154.99534  119  515  158.73208  152.76187  3.76%  92.6 1110s
 41562 29399  155.15480  117  484  158.73208  152.76813  3.76%  92.6 1116s
 41567 29402  156.77258  117  492  158.73208  152.77896  3.75%  92.6 1121s
 41571 29405  154.03332   82  475  158.73208  152.78682  3.75%  92.6 1125s
 41576 29408  152.91011   89  492  158.73208  152.79443  3.74%  92.6 1131s
 41578 29409  152.92211   84  509  158.73208  152.79703  3.74%  92.5 1136s
 41580 29411  157.49980  108  482  158.73208  152.80074  3.74%  92.5 1140s
 41582 29412  154.01468  156  525  158.73208  152.80272  3.74%  92.5 1146s
 41588 29416  154.62304  139  450  158.73208  152.81875  3.73%  92.5 1150s
 41592 29419  155.93612   87  477  158.73208  152.82022  3.72%  92.5 1156s
 41594 29420  155.87860  119  506  158.73208  152.82063  3.72%  92.5 1161s
 41596 29421  158.04557  146  508  158.73208  152.82115  3.72%  92.5 1165s
 41598 29423  157.15085  112  466  158.73208  152.82125  3.72%  92.5 1170s
 41601 29425  152.82129   61  463  158.73208  152.82129  3.72%  92.5 1175s
 41604 29427  152.97575   47  458  158.73208  152.82140  3.72%  92.5 1180s
 41607 29429  153.91202   87  475  158.73208  152.82221  3.72%  92.5 1186s
 41609 29430  158.53373  140  480  158.73208  152.82296  3.72%  92.5 1190s
 41611 29431  153.29226   53  476  158.73208  152.82355  3.72%  92.5 1195s
 41613 29433  155.23928  160  488  158.73208  152.82373  3.72%  92.5 1201s
 41615 29434  153.71517  117  467  158.73208  152.82407  3.72%  92.5 1206s
 41617 29435  152.82407   60  470  158.73208  152.82407  3.72%  92.5 1210s
 41619 29437  152.96803  112  465  158.73208  152.82673  3.72%  92.5 1216s
 41620 29437  152.82691   62  454  158.73208  152.82691  3.72%  92.5 1220s
 41622 29439  152.93838   57  477  158.73208  152.82760  3.72%  92.4 1225s
 41624 29440  153.13316  107  506  158.73208  152.82894  3.72%  92.4 1231s
 41627 29442  155.41891  114  492  158.73208  152.83094  3.72%  92.4 1235s
 41629 29443  156.40804  168  488  158.73208  152.83158  3.72%  92.4 1242s
 41631 29445  154.77483  115  501  158.73208  152.83239  3.72%  92.4 1245s
 41634 29447  153.05889   86  512  158.73208  152.83602  3.71%  92.4 1251s
 41636 29448  154.43186  138  518  158.73208  152.83720  3.71%  92.4 1256s
 41637 29449  152.83748   49  514  158.73208  152.83748  3.71%  92.4 1260s
 41640 29451  156.01985  149  523  158.73208  152.83799  3.71%  92.4 1265s
 41642 29452  154.45581  122  523  158.73208  152.83887  3.71%  92.4 1271s
 41644 29453  152.83952   69  530  158.73208  152.83952  3.71%  92.4 1277s
 41645 29454  154.60021  138  511  158.73208  152.83971  3.71%  92.4 1280s
 41647 29455  152.84045   82  510  158.73208  152.84045  3.71%  92.4 1285s
 41651 29458  154.99748  106  514  158.73208  152.84700  3.71%  92.4 1291s
 41653 29459  153.71793   97  540  158.73208  152.84776  3.71%  92.4 1297s
 41654 29460  152.84795   43  535  158.73208  152.84795  3.71%  92.4 1300s
 41656 29461  155.76575  130  551  158.73208  152.84812  3.71%  92.4 1305s
 41657 29462  156.93422  144  535  158.73208  152.84828  3.71%  92.4 1310s
 41660 29464  155.63730  145  546  158.73208  152.84875  3.71%  92.4 1316s
 41662 29465  155.15480  117  545  158.73208  152.84877  3.71%  92.4 1322s
 41663 29466  152.96198   51  527  158.73208  152.84889  3.71%  92.4 1326s
 41665 29467  155.76907  130  512  158.73208  152.84901  3.71%  92.4 1332s
 41667 29469  156.77258  117  535  158.73208  152.84904  3.71%  92.3 1337s
 41668 29469  155.34197  133  543  158.73208  152.84904  3.71%  92.3 1340s
 41669 29470  152.86225   59  475  158.73208  152.86225  3.70%  92.3 1346s
 41674 29473  154.51696   81  494  158.73208  152.87841  3.69%  92.3 1350s
 41677 29475  154.32126   48  486  158.73208  152.88222  3.69%  92.3 1356s
 41679 29477  154.29081  115  498  158.73208  152.88343  3.68%  92.3 1362s
 41681 29478  155.10869  144  500  158.73208  152.88380  3.68%  92.3 1367s
 41682 29479  154.01468  156  521  158.73208  152.88401  3.68%  92.3 1370s
 41684 29480  153.89465  145  512  158.73208  152.88446  3.68%  92.3 1375s
 41686 29481  155.58339   52  516  158.73208  152.88454  3.68%  92.3 1380s
 41689 29483  157.10704   74  502  158.73208  152.88485  3.68%  92.3 1386s
 41691 29485  156.73696  103  443  158.73208  152.88596  3.68%  92.3 1391s
 41693 29486  156.14201  107  505  158.73208  152.88638  3.68%  92.3 1395s
 41696 29488  158.04557  146  502  158.73208  152.88948  3.68%  92.3 1401s
 41698 29489  157.15085  112  507  158.73208  152.88976  3.68%  92.3 1406s
 41700 29491  157.38359   78  508  158.73208  152.88979  3.68%  92.3 1412s
 41701 29491  152.88979   61  495  158.73208  152.88979  3.68%  92.3 1415s
 41704 29493  152.97575   47  508  158.73208  152.88987  3.68%  92.3 1420s
 41706 29495  153.53291   95  508  158.73208  152.88988  3.68%  92.3 1425s
 41709 29497  158.53373  140  501  158.73208  152.88988  3.68%  92.3 1433s
 41710 29497  153.80254   60  505  158.73208  152.88988  3.68%  92.3 1435s
 41713 29499  155.23928  160  501  158.73208  152.88988  3.68%  92.2 1441s
 41715 29501  153.71517  117  501  158.73208  152.88988  3.68%  92.2 1445s
 41717 29502  152.88988   60  504  158.73208  152.88988  3.68%  92.2 1452s
 41719 29506  152.93437   36  494  158.73208  152.91146  3.67%  95.0 1474s
 41721 29506     cutoff   37       158.73208  153.17328  3.50%  95.0 1493s
 41725 29504  154.45995   38  470  158.73208  153.66114  3.19%  95.1 1511s
 41729 29505  154.48023   39  469  158.73208  154.48023  2.68%  95.1 1528s
 41733 29507  154.50431   40  462  158.73208  154.49746  2.67%  95.1 1546s
 41748 29518  154.52174   42  521  158.73208  154.52174  2.65%  95.2 1552s
 41764 29523  154.52598   43  515  158.73208  154.52518  2.65%  95.4 1555s
 41796 29536  154.54282   45  523  158.73208  154.52518  2.65%  95.6 1574s
 41812 29556  154.55844   46  527  158.73208  154.52518  2.65%  95.7 1575s
 41844 29557  154.55987   48  508  158.73208  154.52518  2.65%  95.7 1583s
 41892 29598  154.57499   51  504  158.73208  154.52518  2.65%  95.7 1586s
 42170 29752  154.65512   63  454  158.73208  154.52518  2.65%  95.9 1590s
 42377 29802  154.70575   75  386  158.73208  154.52518  2.65%  96.0 1597s
 42475 29875  154.86288   83  344  158.73208  154.52518  2.65%  96.0 1600s
H42509 28383                     158.7320836  154.52518  2.65%  96.0 1600s
 42858 28590  155.34374  110  350  158.73208  154.52518  2.65%  96.1 1605s
 43245 28661  158.54809   46  416  158.73208  154.52729  2.65%  96.2 1610s
 43789 28874     cutoff   74       158.73208  154.56067  2.63%  96.4 1616s
 44247 29110  155.39368   57  446  158.73208  154.56067  2.63%  96.7 1620s
 44718 29386  156.99575   85  368  158.73208  154.56067  2.63%  97.1 1625s
 45501 29737  157.28215  126  403  158.73208  154.56067  2.63%  97.0 1630s
 46031 29946  155.31579   50  486  158.73208  154.62501  2.59%  97.0 1635s
 46580 30055  155.77280   75  383  158.73208  154.62501  2.59%  97.2 1640s
 46874 29971  156.23741   99  346  158.73208  154.62501  2.59%  97.2 1647s
 47147 30103  157.05683  121  323  158.73208  154.62501  2.59%  97.4 1652s
 47592 30338     cutoff  153       158.73208  154.68524  2.55%  97.6 1656s
 48086 30545  154.82781   77  436  158.73208  154.68524  2.55%  97.9 1662s
 48335 30683  154.87362   91  424  158.73208  154.68524  2.55%  98.0 1665s
 48921 30853     cutoff   70       158.73208  154.70128  2.54%  98.4 1670s
 49310 31019  155.03599   74  418  158.73208  154.70128  2.54%  98.9 1675s
 49915 31248  154.89853   46  446  158.73208  154.70288  2.54%  99.5 1682s
 50269 31391  155.16386   68  371  158.73208  154.70288  2.54%   100 1686s
 51112 31649  156.09700   78  504  158.73208  154.71455  2.53%   100 1692s
 51492 31757  156.33308  102  504  158.73208  154.71455  2.53%   100 1695s
 52349 31840  156.48287  161  432  158.73208  154.71455  2.53%   100 1702s
 52412 32058  156.48293  162  452  158.73208  154.71455  2.53%   101 1710s
 53225 32346  157.45031  205  447  158.73208  154.75741  2.50%   101 1719s
 53682 32476  155.93332   58  424  158.73208  154.75741  2.50%   102 1724s
 54125 32855  156.12226   63  337  158.73208  154.75741  2.50%   102 1729s
 54755 32728  156.55682  103  392  158.73208  154.75741  2.50%   102 1749s
 54874 33135  156.74147  123  330  158.73208  154.75741  2.50%   102 1754s
 55450 32968  157.35032   95  372  158.73208  154.75741  2.50%   103 1766s
 55483 33565     cutoff   97       158.73208  154.76313  2.50%   103 1773s
 56316 33803  154.88658   87  459  158.73208  154.76313  2.50%   103 1779s
 56944 34121  155.15164  110  463  158.73208  154.76313  2.50%   103 1786s
 57659 33894  155.32093  148  430  158.73208  154.76313  2.50%   103 1796s
 57715 34256  155.32093  149  432  158.73208  154.76313  2.50%   103 1804s
 58460 34224  155.68315  181  431  158.73208  154.78252  2.49%   103 1812s
 59055 34265  154.80557   61  474  158.73208  154.79626  2.48%   104 1819s
 59651 34538 infeasible   68       158.73208  154.79626  2.48%   104 1827s
 60692 34555  156.68612   83  352  158.73208  154.79735  2.48%   104 1836s
 61382 34827  156.66924   70  446  158.73208  154.81525  2.47%   105 1842s
 62253 35346  155.11763   72  328  158.73208  154.81941  2.46%   105 1853s
 63427 35788  156.57807  139  377  158.73208  154.82781  2.46%   106 1863s
 64575 35646  155.12510   67  403  158.73208  154.83256  2.46%   106 1872s
 64935 36236  156.27820   78  378  158.73208  154.83909  2.45%   106 1883s
 66017 36536  155.29633   85  420  158.73208  154.84851  2.45%   107 1892s
 66875 36812  154.95823  127  371  158.73208  154.85045  2.45%   107 1907s
 67871 36951  155.92439   72  377  158.73208  154.85924  2.44%   108 1920s
 68662 37423  158.02702   96  339  158.73208  154.85958  2.44%   109 1936s
 69895 37574  155.39542   50  399  158.73208  154.86984  2.43%   109 1950s
 70872 37822  158.23994   67  426  158.73208  154.88288  2.42%   110 1966s
 71716 37968  155.05754   79  401  158.73208  154.88789  2.42%   111 1986s
 72431 38820  156.16466  106  392  158.73208  154.89119  2.42%   111 2002s
 74249 39252  157.81016   88  362  158.73208  154.89701  2.42%   111 2022s
 75749 39999  155.11369  116  430  158.73208  154.90096  2.41%   111 2039s
 77569 40480  158.40193  111  362  158.73208  154.90947  2.41%   112 2059s
 79246 40177  155.70782  100  434  158.73208  154.91305  2.41%   112 2081s
 79676 41660  155.72156  105  438  158.73208  154.91355  2.41%   112 2100s
 81854 42594  158.59571  149  352  158.73208  154.92227  2.40%   112 2121s
 84296 43124     cutoff   94       158.73208  154.92715  2.40%   112 2145s
 86295 44081  156.35155   96  352  158.73208  154.93597  2.39%   112 2173s
 88546 44372  154.98079  100  388  158.73208  154.94217  2.39%   112 2194s
 90451 43760  155.23427  155  304  158.73208  154.94582  2.39%   112 2284s
H90482 42344                     158.7320835  154.94582  2.39%   112 2284s
 90484 43185  155.23541  156  303  158.73208  154.94749  2.38%   112 2306s
 92113 43316  158.33155   57  439  158.73208  154.95252  2.38%   112 2323s
 93403 43715  155.03908   68  491  158.73208  154.95653  2.38%   113 2343s
 95057 43883  155.54835   64  435  158.73208  154.95653  2.38%   113 2362s
 96198 43703  155.84520   74  381  158.73208  154.95653  2.38%   114 2390s
H96415 42294                     158.7320835  154.95653  2.38%   114 2390s
 96524 43186  155.90189   84  312  158.73208  154.96376  2.37%   114 2413s
 98409 43545  155.30303   71  401  158.73208  154.97028  2.37%   114 2436s
 100359 44241  157.15250  140  374  158.73208  154.97646  2.37%   114 2469s
 100914 44056  155.24670  106  358  158.73208  154.97694  2.37%   114 2470s
 102622 44282     cutoff   87       158.73208  154.98277  2.36%   114 2497s
 104219 44692     cutoff   97       158.73208  154.98512  2.36%   115 2540s
 105983 45378  155.03375   82  478  158.73208  154.98920  2.36%   115 2573s
 108093 45995  156.37495   82  410  158.73208  154.99451  2.35%   115 2601s
 110327 45880  155.17019   61  359  158.73208  154.99871  2.35%   116 2630s
H110582 44525                     158.7320834  154.99942  2.35%   116 2630s
 111515 44241     cutoff  140       158.73208  154.99970  2.35%   116 2669s
H111580 43497                     158.7320833  154.99974  2.35%   116 2669s
 111595 44629  155.76355  108  442  158.73208  155.00087  2.35%   116 2697s
 113420 45746  155.09636  115  440  158.73208  155.00550  2.35%   116 2723s
 115247 47082  156.22745  107  440  158.73208  155.01044  2.34%   117 2757s
 117706 47763  155.84363   97  444  158.73208  155.01591  2.34%   117 2786s
 118943 49489  155.17953   91  354  158.73208  155.01945  2.34%   117 2821s
 121557 50508  155.68531  143  374  158.73208  155.02342  2.34%   117 2849s
 123459 51716  157.09291   77  361  158.73208  155.02723  2.33%   118 2885s
 125552 52796  155.15881   88  352  158.73208  155.03194  2.33%   118 2923s
 127479 54468  158.37533   90  350  158.73208  155.03600  2.33%   118 2963s
 130263 55032  155.12631  113  417  158.73208  155.04039  2.33%   118 2987s
 131428 55976     cutoff  109       158.73208  155.04222  2.32%   119 3027s
 133434 57527  156.82948  109  406  158.73208  155.04488  2.32%   119 3059s
 135943 58684  158.47407   85  330  158.73208  155.04883  2.32%   119 3091s
 137841 59566  157.46043  127  427  158.73208  155.05079  2.32%   120 3127s
 139529 60184  156.94245   89  351  158.73208  155.05213  2.32%   120 3157s
 141078 61121  155.98618   67  418  158.73208  155.05716  2.32%   120 3186s
 143046 62256  155.15711  112  432  158.73208  155.06090  2.31%   121 3216s
 145130 62915  155.67023  105  377  158.73208  155.06527  2.31%   121 3248s
 146873 63868  157.26965  112  337  158.73208  155.06920  2.31%   121 3278s
 148855 64989  155.99361  111  410  158.73208  155.07391  2.30%   122 3316s
 151063 66278  155.40736  106  455  158.73208  155.07774  2.30%   123 3352s
 153828 67051  158.62672  137  344  158.73208  155.08104  2.30%   123 3385s
H155104 67051                     158.7320833  155.08318  2.30%   123 3386s
 155280 68138  158.50016   79  283  158.73208  155.08416  2.30%   123 3430s
 157618 69226  155.32673  109  447  158.73208  155.08756  2.30%   123 3472s
 160225 70206  158.32931  114  271  158.73208  155.09011  2.29%   124 3512s
 162079 71486  155.17706  142  437  158.73208  155.09324  2.29%   124 3557s
 164572 72870  158.29758  144  446  158.73208  155.09684  2.29%   124 3594s
 166516 72870  158.67519  172  336  158.73208  155.09808  2.29%   124 3595s
 167274 73598  156.14473  123  460  158.73208  155.10034  2.29%   125 3631s
 168788 74779  157.06775   92  331  158.73208  155.10348  2.29%   125 3676s
 171197 75867  157.63654  128  391  158.73208  155.10705  2.28%   125 3719s
 173690 76955  156.58831  127  404  158.73208  155.10986  2.28%   125 3763s
 175877 78358  158.21960   67  441  158.73208  155.11374  2.28%   125 3809s
 178739 79671  158.67305  149  380  158.73208  155.11574  2.28%   126 3849s
 181042 80580  156.81795  140  375  158.73208  155.12015  2.28%   126 3888s
 183003 81503  155.94090   70  390  158.73208  155.12084  2.28%   126 3936s
 185037 82682  156.30366  107  455  158.73208  155.12134  2.27%   127 3980s
 187432 84028  156.68550   75  259  158.73208  155.12494  2.27%   127 4021s
 190224 84377 infeasible   95       158.73208  155.12893  2.27%   127 4090s
 191119 85827     cutoff  104       158.73208  155.12955  2.27%   127 4133s
 193974 87175  155.29172  116  375  158.73208  155.13253  2.27%   127 4182s
 196568 88214  158.05003  109  445  158.73208  155.13478  2.27%   128 4222s
 198803 89331  155.49538  140  357  158.73208  155.13619  2.27%   128 4288s
 200702 90639  158.47001   92  411  158.73208  155.13833  2.26%   128 4327s
 203437 92563  156.78736   93  325  158.73208  155.14076  2.26%   128 4368s
 206752 93368  157.73198  113  410  158.73208  155.14330  2.26%   128 4403s
 208529 94641  156.58986  130  424  158.73208  155.14457  2.26%   128 4434s
 211038 95626  157.12292   91  308  158.73208  155.14735  2.26%   128 4467s
 213227 97442  157.31602  141  381  158.73208  155.14916  2.26%   129 4502s
 216252 98582  155.33932  138  351  158.73208  155.15050  2.26%   129 4545s
 218166 99958  156.63663   88  344  158.73208  155.15206  2.26%   129 4597s
 221255 100112     cutoff  133       158.73208  155.15617  2.25%   129 4717s
 221593 101657     cutoff  145       158.73208  155.15634  2.25%   129 4782s
 224770 102632  156.18567  192  316  158.73208  155.16007  2.25%   129 4827s
H225210 102632                     158.7320832  155.16008  2.25%   129 4827s
 227076 104062  155.83279  140  383  158.73208  155.16251  2.25%   129 4881s
 229998 106073  157.15102  134  374  158.73208  155.16596  2.25%   130 4918s
 233585 107069  155.66116   78  493  158.73208  155.16819  2.25%   130 4960s
 235702 108158  156.50866  144  384  158.73208  155.17039  2.24%   130 4999s
 238288 109030  155.69524  109  426  158.73208  155.17291  2.24%   130 5042s
 240953 109077     cutoff  122       158.73208  155.17479  2.24%   130 5084s
 241099 110339  158.16373  124  421  158.73208  155.17479  2.24%   130 5117s
 243720 111539  155.94629  157  427  158.73208  155.17721  2.24%   130 5155s
 246039 112762  156.84531  124  351  158.73208  155.17988  2.24%   131 5206s
H246917 112762                     158.7320831  155.18038  2.24%   131 5206s
 248558 113774  155.97740   67  326  158.73208  155.18470  2.23%   131 5254s
 251016 115190     cutoff   97       158.73208  155.18546  2.23%   131 5289s
 252088 115190  158.44620  109  368  158.73208  155.18622  2.23%   131 5290s
 254044 116212  156.68315  103  328  158.73208  155.19147  2.23%   131 5324s
 256059 117704  155.22500  105  372  158.73208  155.19303  2.23%   131 5357s
 259066 119085     cutoff  180       158.73208  155.19625  2.23%   131 5390s
 261773 120058  155.91255  125  327  158.73208  155.19808  2.23%   131 5420s
 263712 121140  156.82324   86  410  158.73208  155.20022  2.23%   131 5451s
 266161 122549  155.28479   88  411  158.73208  155.20263  2.22%   131 5483s
 269170 123636     cutoff  115       158.73208  155.20552  2.22%   131 5515s
 271179 125130  157.85952  134  283  158.73208  155.20759  2.22%   131 5543s
 274451 126473  157.81951   87  378  158.73208  155.21034  2.22%   131 5574s
 276871 127544  155.95233   87  308  158.73208  155.21209  2.22%   131 5604s
H278738 127544                     158.7320830  155.21277  2.22%   131 5604s
 279075 128544     cutoff   91       158.73208  155.21326  2.22%   131 5631s
 281535 129829  155.26152   81  459  158.73208  155.21729  2.21%   131 5661s
 284708 130516  155.24184   73  387  158.73208  155.22160  2.21%   131 5685s
 286123 131298  155.26817   85  394  158.73208  155.22376  2.21%   131 5713s
 288442 132562 infeasible  136       158.73208  155.22594  2.21%   132 5742s
 291506 133176  156.95277   94  371  158.73208  155.22963  2.21%   131 5769s
 292958 134507  156.24511  116  420  158.73208  155.23069  2.21%   132 5803s
 295703 135462  155.38680   73  501  158.73208  155.23410  2.20%   132 5842s
 298001 136282     cutoff   87       158.73208  155.23822  2.20%   132 5878s
 300117 137301  156.07626   62  439  158.73208  155.24024  2.20%   132 5913s
 302546 138272     cutoff  129       158.73208  155.24401  2.20%   132 5952s
 305361 138907  155.45998  100  434  158.73208  155.24737  2.20%   132 5982s
 307058 139999  155.92391  102  389  158.73208  155.24980  2.19%   132 6016s
 309679 141447     cutoff  110       158.73208  155.25356  2.19%   132 6047s
 312676 142222  157.36869   83  409  158.73208  155.25713  2.19%   132 6081s
 314392 143047  158.55092   77  386  158.73208  155.25926  2.19%   132 6121s
 316777 143898     cutoff  122       158.73208  155.26153  2.19%   132 6151s
 319013 145217 infeasible  117       158.73208  155.26480  2.18%   132 6188s
 322030 145997     cutoff  135       158.73208  155.26858  2.18%   132 6229s
 323618 147138     cutoff   75       158.73208  155.27118  2.18%   132 6270s
 326278 148382  155.50493  130  450  158.73208  155.27374  2.18%   132 6303s
 329078 149007  158.37330  123  368  158.73208  155.27700  2.18%   132 6342s
 330646 149964     cutoff   74       158.73208  155.27847  2.18%   132 6386s
 332777 150543  157.16536   95  365  158.73208  155.28132  2.17%   133 6419s
 334332 151883  158.17252  132  324  158.73208  155.28248  2.17%   133 6464s
 337373 152526 infeasible  101       158.73208  155.28644  2.17%   133 6501s
 339220 153773  155.56479  113  421  158.73208  155.28837  2.17%   133 6541s
 341884 155202  156.46658  146  341  158.73208  155.29101  2.17%   133 6576s
 344777 156041  156.73640   75  310  158.73208  155.29494  2.17%   133 6620s
 346839 157780  155.71309   62  365  158.73208  155.29645  2.16%   133 6665s
 350644 158820  156.34126  117  374  158.73208  155.29969  2.16%   133 6701s
 353103 159898  158.48781  124  341  158.73208  155.30139  2.16%   133 6730s
 355209 160847  155.58617   72  390  158.73208  155.30265  2.16%   133 6759s
 357141 160847  157.38391  130  331  158.73208  155.30382  2.16%   133 6760s
 357333 161925  157.57014  145  332  158.73208  155.30486  2.16%   133 6792s
 359619 163203  157.03989  100  392  158.73208  155.30845  2.16%   133 6833s
 362347 164053  155.85228   99  387  158.73208  155.31066  2.16%   133 6869s
 363984 165547     cutoff  159       158.73208  155.31184  2.15%   133 6911s
 366671 166588  156.38790  145  343  158.73208  155.31437  2.15%   133 6948s
 368924 167474     cutoff  117       158.73208  155.31715  2.15%   134 6982s
 370997 168933  158.61855  161  422  158.73208  155.31892  2.15%   134 7023s
 374014 169694     cutoff  130       158.73208  155.32173  2.15%   134 7065s
 376005 170481  157.81901  133  419  158.73208  155.32213  2.15%   134 7105s
 377882 171164  158.07071  121  425  158.73208  155.32504  2.15%   134 7152s
 380343 171798  156.04560   83  356  158.73208  155.32756  2.14%   135 7200s

Cutting planes:
  Learned: 4
  Gomory: 140
  Cover: 199
  Implied bound: 627
  Projected implied bound: 7
  Clique: 3
  MIR: 1112
  StrongCG: 4
  Flow cover: 2305
  GUB cover: 3
  Inf proof: 68
  Zero half: 23
  Network: 5
  RLT: 34
  Relax-and-lift: 107
  PSD: 2

Explored 381904 nodes (51434583 simplex iterations) in 7200.22 seconds (2197.94 work units)
Thread count was 32 (of 32 available processors)

Solution count 10: 158.732 158.732 158.732 ... 158.732

Time limit reached
Best objective 1.587320830451e+02, best bound 1.553287451009e+02, gap 2.1441%
