
Gurobi 9.5.2 (linux64) logging started Tue Aug  4 03:27:09 2026

Set parameter LogFile to value "/mnt/beegfs/users/celinep/ChargeAndBreak/logs/RlongCmediumTmedium_40_RO_20260803_212700_015_gurobi.log"
Gurobi Optimizer version 9.5.2 build v9.5.2rc0 (linux64)
Thread count: 16 physical cores, 32 logical processors, using up to 32 threads
Optimize a model with 8644 rows, 5001 columns and 30207 nonzeros
Model fingerprint: 0x2a7be801
Variable types: 3122 continuous, 1879 integer (1879 binary)
Coefficient statistics:
  Matrix range     [3e-02, 2e+03]
  Objective range  [1e+00, 1e+00]
  Bounds range     [1e+00, 1e+00]
  RHS range        [7e-02, 5e+02]
Presolve removed 2589 rows and 867 columns
Presolve time: 0.12s
Presolved: 6055 rows, 4134 columns, 27104 nonzeros
Variable types: 2441 continuous, 1693 integer (1692 binary)
Found heuristic solution: objective 334.1030674

Root relaxation: objective 1.573411e+02, 6419 iterations, 0.42 seconds (0.23 work units)

    Nodes    |    Current Node    |     Objective Bounds      |     Work
 Expl Unexpl |  Obj  Depth IntInf | Incumbent    BestBd   Gap | It/Node Time

     0     0  157.35228    0  577  334.10307  157.35228  52.9%     -    0s
     0     0  159.94509    0  598  334.10307  159.94509  52.1%     -    1s
     0     0  160.15550    0  573  334.10307  160.15550  52.1%     -    1s
     0     0  160.15653    0  586  334.10307  160.15653  52.1%     -    1s
     0     0  160.15653    0  587  334.10307  160.15653  52.1%     -    1s
     0     0  161.57690    0  631  334.10307  161.57690  51.6%     -    1s
     0     0  161.65474    0  624  334.10307  161.65474  51.6%     -    2s
     0     0  161.68657    0  609  334.10307  161.68657  51.6%     -    2s
     0     0  161.68775    0  608  334.10307  161.68775  51.6%     -    2s
     0     0  163.33333    0  617  334.10307  163.33333  51.1%     -    2s
     0     0  163.60506    0  685  334.10307  163.60506  51.0%     -    2s
     0     0  163.62790    0  685  334.10307  163.62790  51.0%     -    3s
     0     0  163.62836    0  677  334.10307  163.62836  51.0%     -    3s
     0     0  164.33496    0  700  334.10307  164.33496  50.8%     -    3s
     0     0  164.46483    0  699  334.10307  164.46483  50.8%     -    3s
     0     0  164.47070    0  697  334.10307  164.47070  50.8%     -    3s
     0     0  164.47096    0  700  334.10307  164.47096  50.8%     -    3s
H    0     0                     333.5897966  164.77564  50.6%     -    4s
H    0     0                     333.2856224  164.77564  50.6%     -    4s
H    0     0                     330.8766507  164.77564  50.2%     -    4s
     0     0  164.77564    0  682  330.87665  164.77564  50.2%     -    4s
H    0     0                     328.3908228  164.85653  49.8%     -    4s
H    0     0                     326.0872119  164.85653  49.4%     -    4s
     0     0  164.85653    0  712  326.08721  164.85653  49.4%     -    4s
     0     0  164.86847    0  706  326.08721  164.86847  49.4%     -    4s
H    0     0                     324.9920240  164.87170  49.3%     -    4s
     0     0  164.87170    0  706  324.99202  164.87170  49.3%     -    4s
H    0     0                     251.9344469  164.87171  34.6%     -    4s
     0     0  164.87171    0  706  251.93445  164.87171  34.6%     -    4s
H    0     0                     250.1652907  164.87171  34.1%     -    4s
     0     0  165.10948    0  711  250.16529  165.10948  34.0%     -    4s
H    0     0                     227.8855529  165.14187  27.5%     -    4s
     0     0  165.14187    0  715  227.88555  165.14187  27.5%     -    4s
     0     0  165.14348    0  719  227.88555  165.14348  27.5%     -    4s
     0     0  165.27098    0  719  227.88555  165.27098  27.5%     -    5s
     0     0  165.27425    0  648  227.88555  165.27425  27.5%     -    5s
     0     0  165.27425    0  669  227.88555  165.27425  27.5%     -    5s
     0     0  165.33478    0  711  227.88555  165.33478  27.4%     -    5s
     0     0  165.34612    0  714  227.88555  165.34612  27.4%     -    5s
     0     0  165.34779    0  706  227.88555  165.34779  27.4%     -    5s
     0     0  165.41006    0  716  227.88555  165.41006  27.4%     -    5s
     0     0  165.41260    0  670  227.88555  165.41260  27.4%     -    5s
     0     0  165.41331    0  671  227.88555  165.41331  27.4%     -    5s
     0     0  165.46900    0  692  227.88555  165.46900  27.4%     -    6s
     0     0  165.46997    0  714  227.88555  165.46997  27.4%     -    6s
H    0     0                     227.0433507  165.48066  27.1%     -    6s
     0     0  165.48066    0  715  227.04335  165.48066  27.1%     -    6s
H    0     0                     226.5778821  165.48251  27.0%     -    6s
     0     0  165.48251    0  724  226.57788  165.48251  27.0%     -    6s
     0     0  165.48888    0  700  226.57788  165.48888  27.0%     -    7s
     0     0  165.48888    0  594  226.57788  165.48888  27.0%     -    7s
     0     2  165.48888    0  562  226.57788  165.48888  27.0%     -    9s
     3     8  165.52827    2  630  226.57788  165.49635  27.0%   248   10s
H  121   138                     214.3981897  165.58795  22.8%   115   17s
H  122   138                     213.7127210  165.58795  22.5%   115   17s
H  123   138                     204.3209425  165.58795  19.0%   115   17s
H  124   138                     203.7240210  165.58795  18.7%   114   17s
H  131   138                     203.2296648  165.58795  18.5%   110   17s
H  169   184                     202.8385333  165.58795  18.4%  93.9   19s
H  172   184                     192.2877959  165.58795  13.9%  92.7   19s
   185   225  165.92948   14  662  192.28780  165.58795  13.9%  89.5   20s
   230   243  165.94326   16  656  192.28780  165.58795  13.9%  79.0   32s
H  235   243                     192.2877959  165.58795  13.9%  77.7   32s
H  243   243                     192.1973780  165.58795  13.8%  76.4   32s
H  248   259                     191.4010630  165.58795  13.5%  75.7   34s
H  251   259                     191.2682980  165.58795  13.4%  75.3   34s
H  260   259                     191.2682979  165.58795  13.4%  73.8   34s
   322   333  165.94341   22  658  191.26830  165.58795  13.4%  67.4   36s
H  327   333                     191.1849646  165.58795  13.4%  66.9   36s
H  410   416                     191.1454869  165.58795  13.4%  60.7   47s
   635   629  167.09378   42  611  191.14549  165.58795  13.4%  49.2   59s
H  640   629                     191.1375920  165.58795  13.4%  49.1   59s
  1031  1062  167.30916   68  618  191.13759  165.58795  13.4%  42.6   60s
  2718  2544  165.81020    8  652  191.13759  165.60557  13.4%  40.7   78s
H 2727  2544                     191.1359773  165.60557  13.4%  40.7   78s
  2735  2545  171.34268   79  594  191.13598  165.60557  13.4%  40.7   84s
  2737  2546  168.39088   84  458  191.13598  165.60557  13.4%  40.7   85s
  2752  2556  169.08657   40  568  191.13598  169.08657  11.5%  40.5   90s
  2775  2572  170.61759   49  657  191.13598  170.61759  10.7%  40.1   95s
  2798  2587  172.69756  119  695  191.13598  171.31859  10.4%  39.8  100s
  2807  2593  171.59676   40  613  191.13598  171.59676  10.2%  39.7  105s
  2820  2602  171.90395    9  739  191.13598  171.90395  10.1%  39.5  110s
  2830  2608  181.28421   79  593  191.13598  172.10665  10.0%  39.4  115s
H 2839  2481                     191.1337407  172.20233  9.90%  39.2  120s
  2848  2487  179.79809  155  706  191.13374  172.51719  9.74%  39.1  125s
  2862  2497  176.16199  162  733  191.13374  172.71817  9.63%  38.9  130s
  2871  2503  173.00386   92  719  191.13374  173.00386  9.49%  38.8  135s
  2887  2513  173.20806    7  672  191.13374  173.20806  9.38%  38.6  140s
  2900  2522  184.16790  173  642  191.13374  173.40276  9.28%  38.4  146s
  2913  2531  173.62116  183  692  191.13374  173.62116  9.16%  38.2  150s
  2930  2542  181.28421   79  633  191.13374  173.85677  9.04%  38.0  155s
  2948  2554  179.79809  155  622  191.13374  174.12901  8.90%  37.8  160s
  2966  2566  174.42576   47  647  191.13374  174.42576  8.74%  37.5  165s
  2983  2577  174.78424   46  592  191.13374  174.78424  8.55%  37.3  170s
  2995  2585  175.11229   38  652  191.13374  175.11229  8.38%  37.2  175s
  3015  2599  178.44856  115  692  191.13374  175.22322  8.32%  36.9  180s
  3026  2606  175.29596   75  706  191.13374  175.29596  8.29%  36.8  185s
  3044  2618  175.37459   65  687  191.13374  175.37459  8.25%  36.6  190s
  3065  2632  182.99183   94  690  191.13374  175.49720  8.18%  36.3  195s
  3088  2647  175.58027  115  707  191.13374  175.58027  8.14%  36.1  200s
  3111  2663  178.42189   72  676  191.13374  175.70155  8.07%  35.8  205s
H 3112  2524                     191.0992299  175.71253  8.05%  35.8  205s
  3136  2540  186.29804   43  694  191.09923  175.80507  8.00%  35.5  210s
  3150  2551  175.80724  181  499  191.09923  175.80724  8.00%  93.0  215s
  3170  2564  176.47538   12  629  191.09923  176.47538  7.65%  92.4  220s
  3191  2578  176.57065   12  693  191.09923  176.57065  7.60%  91.8  225s
  3212  2592  177.62167  168  712  191.09923  176.61849  7.58%  91.2  230s
  3226  2601  176.70761   75  683  191.09923  176.70761  7.53%  90.8  235s
  3247  2615  177.17698  138  691  191.09923  176.74964  7.51%  90.2  240s
  3255  2621  176.75528   76  682  191.09923  176.75528  7.51%  90.0  245s
  3264  2628  177.17223  137  425  191.09923  176.75528  7.51%   109  252s
  3271  2633  176.75528   92  600  191.09923  176.75528  7.51%   109  255s
  3279  2638  186.53104  101  681  191.09923  176.75774  7.50%   108  260s
  3289  2645  176.78969   86  655  191.09923  176.78969  7.49%   108  266s
  3297  2650  186.62759  110  668  191.09923  176.81145  7.48%   108  270s
  3307  2657  176.84189   40  577  191.09923  176.84189  7.46%   107  275s
  3317  2663  176.85143   83  692  191.09923  176.85143  7.46%   107  280s
  3321  2666  176.85976   23  670  191.09923  176.85976  7.45%   107  287s
  3322  2670  176.85976   38  671  191.09923  176.85976  7.45%   121  304s
  3324  2671  176.86005   39  677  191.09923  176.86005  7.45%   121  318s
  3328  2676  176.90509   40  665  191.09923  176.87229  7.44%   122  321s
  3362  2702  177.66945   43  583  191.09923  177.10636  7.32%   129  325s
H 3421  2594                     191.0683345  177.10683  7.31%   131  327s
  3522  2668  177.95264   53  521  191.06833  177.10683  7.31%   134  332s
H 3531  2538                     191.0191876  177.10683  7.28%   134  332s
H 3589  2447                     191.0042740  177.10683  7.28%   135  333s
H 3641  2376                     191.0020373  177.10683  7.27%   135  344s
H 3654  2263                     190.9446618  177.10683  7.25%   135  344s
  3712  2309  178.02552   69  513  190.94466  177.10683  7.25%   135  357s
H 3719  2202                     190.9424251  177.10683  7.25%   135  357s
  3912  2347  178.50125   80  402  190.94243  177.10683  7.25%   135  360s
H 4219  2393                     190.9424251  177.10683  7.25%   134  363s
  4381  2472  185.66134  119  290  190.94243  177.10683  7.25%   132  370s
  4470  2531  186.53988  125  290  190.94243  177.10683  7.25%   132  377s
  4686  2768  177.77198   48  550  190.94243  177.11367  7.24%   132  380s
  5357  3098  178.70079   80  524  190.94243  177.11367  7.24%   127  385s
  5918  3453  179.32733  110  406  190.94243  177.11367  7.24%   125  390s
  6545  3709  180.54410  164  299  190.94243  177.11367  7.24%   122  396s
  7486  4499  180.02504   81  463  190.94243  177.11367  7.24%   117  400s
  8153  4814  181.23438  107  453  190.94243  177.11367  7.24%   114  405s
  9188  5198  181.77008  169  274  190.94243  177.11367  7.24%   109  411s
  9439  5572  181.85000  188  252  190.94243  177.11367  7.24%   109  419s
  9620  5837  182.01411  201  234  190.94243  177.11367  7.24%   109  421s
 10383  6837  184.32896  304  133  190.94243  177.11367  7.24%   107  426s
 11297  7165  178.34303   45  525  190.94243  177.12492  7.24%   104  431s
 11464  7177  180.47320   52  432  190.94243  177.12492  7.24%   105  440s
 11884  8203  183.38926   77  332  190.94243  177.14686  7.22%   104  446s
 13329  8906  178.73075   56  486  190.94243  177.14686  7.22%   101  459s
 13547  9420  179.05105   70  468  190.94243  177.14686  7.22%   101  463s
 14093  9934  179.26998  100  393  190.94243  177.14686  7.22%   100  467s
 14721 10111  179.95852  138  394  190.94243  177.14686  7.22%  98.1  483s
 14974 10477  190.78182  139  368  190.94243  177.58152  7.00%  97.3  487s
 15444 11330  178.33390   51  561  190.94243  177.58157  7.00%  97.8  490s
 17655 13385  179.74871  129  372  190.94243  177.58157  7.00%  93.8  498s
 18757 13403  185.36396  200  189  190.94243  177.58157  7.00%  92.1  508s
 18775 13977  186.07294  201  155  190.94243  177.58157  7.00%  92.2  511s
 19410 14775  185.90973  267   50  190.94243  177.60284  6.99%  91.4  515s
 21063 16327  178.88503   76  482  190.94243  177.61589  6.98%  91.0  526s
 22152 17080  185.88328   93  372  190.94243  177.61589  6.98%  92.4  532s
 22993 17902  190.13550  116  279  190.94243  177.61589  6.98%  91.6  538s
 24078 18757  190.42899  147  240  190.94243  177.61589  6.98%  91.8  543s
 25025 19602  190.28259  191  119  190.94243  177.71528  6.93%  91.8  549s
 25997 20301  179.00307   69  558  190.94243  177.71537  6.93%  91.8  554s
 26844 20715  189.60516  112  358  190.94243  177.71762  6.93%  92.5  559s
 27341 21994  180.01182   64  401  190.94243  177.71762  6.93%  93.6  564s
 28692 23052  181.00896  152  208  190.94243  177.73762  6.92%  93.0  567s
 29991 23621  181.78863   63  488  190.94243  177.74634  6.91%  92.7  572s
 30727 23785  178.34374   56  575  190.94243  177.74634  6.91%  93.4  576s
 30971 24487  178.35680   57  597  190.94243  177.74634  6.91%  93.7  580s
 33117 26033  180.81611   51  566  190.94243  177.80850  6.88%  95.2  589s
 33921 27151  184.74188   84  501  190.94243  177.82405  6.87%  95.8  595s
 36971 29369  180.97540   52  512  190.94243  177.84911  6.86%  95.9  603s
 38170 30114  189.66516   85  207  190.94243  177.85671  6.85%  97.0  608s
 39038 30897  178.51567   68  548  190.94243  177.85671  6.85%  97.5  615s
 39901 32614  178.56497   69  464  190.94243  177.86915  6.85%  96.6  624s
 41888 34874  177.93415   72  595  190.94243  177.86927  6.85%  96.5  730s
 44450 35469  182.78586  229  146  190.94243  177.87343  6.84%  96.4  739s
 45253 37364  181.08836   85  409  190.94243  177.88531  6.84%  96.9  748s
 47391 38632  183.53255  151  465  190.94243  177.90865  6.83%  96.7  757s
 48800 38901  178.76390   66  534  190.94243  177.90865  6.83%  96.6  778s
 49176 40389  178.76390   67  533  190.94243  177.90893  6.83%  96.6  787s
 51097 41002  183.76832   68  414  190.94243  177.92736  6.82%  97.0  797s
 51903 42498  178.80046   56  462  190.94243  177.92798  6.82%  97.5  807s
 53688 43617  179.84749  101  441  190.94243  177.93717  6.81%  97.9  820s
 55014 44438  180.26817   78  441  190.94243  177.94150  6.81%  97.9  834s
 55993 45758  178.50670   51  580  190.94243  177.94271  6.81%  97.8  845s
 57544 47236  178.80227   77  548  190.94243  177.94277  6.81%  98.0  857s
 59398 48480  184.92172   85  398  190.94243  177.95262  6.80%  98.8  866s
 60969 49358  182.18589  118  425  190.94243  177.96256  6.80%   100  877s
 62053 50579     cutoff  157       190.94243  177.96964  6.79%   100  888s
 63507 51973  187.27468  110  455  190.94243  177.97923  6.79%   101  897s
 65448 53188  178.42767   55  578  190.94243  177.97923  6.79%   102  908s
 67059 53527  183.92496  125  380  190.94243  177.97923  6.79%   102  921s
 67555 54811  184.45009  141  484  190.94243  177.99262  6.78%   102  935s
 69070 56481  180.21986   75  485  190.94243  178.00169  6.78%   102  947s
 71049 57852  184.50990  129  451  190.94243  178.01527  6.77%   103  959s
 72690 58022  178.90298   68  535  190.94243  178.01776  6.77%   103  976s
 72904 59687  178.91090   69  531  190.94243  178.02078  6.77%   103  985s
 74819 60634  188.27768  142  439  190.94243  178.02957  6.76%   104  996s
 76001 62273  182.41256  101  433  190.94243  178.03616  6.76%   104 1006s
 77937 62960  182.53017  126  472  190.94243  178.04096  6.76%   105 1019s
 78797 64506  178.80172   65  502  190.94243  178.04202  6.76%   105 1032s
 80561 65940  183.54107  104  466  190.94243  178.05097  6.75%   106 1042s
 82347 66925  183.03569   75  460  190.94243  178.05704  6.75%   106 1057s
 83497 68457  185.33216   71  526  190.94243  178.06102  6.75%   107 1068s
 85421 69014  188.92833  102  486  190.94243  178.06872  6.74%   107 1082s
H85549 68966                     190.8877801  178.06872  6.72%   107 1082s
 86085 71111  189.31000  124  436  190.88778  178.07032  6.71%   107 1108s
H86237 71111                     190.8877801  178.07032  6.71%   108 1108s
 89222 72735  180.71877  129  543  190.88778  178.09658  6.70%   109 1126s
H90227 72733                     190.8863495  178.10028  6.70%   110 1126s
 91138 73626  184.60936   79  466  190.88635  178.10385  6.70%   110 1143s
 92276 75164  182.56697  115  371  190.88635  178.10627  6.70%   111 1163s
H92494 75164                     190.8863494  178.10673  6.69%   111 1163s
 94223 76376  179.04226   78  574  190.88635  178.10673  6.69%   113 1177s
 95949 77930  179.08005  105  527  190.88635  178.10673  6.69%   114 1193s
 98034 78746  185.81091  146  417  190.88635  178.11697  6.69%   114 1210s
 99071 81049  182.04041  104  400  190.88635  178.12234  6.69%   114 1224s
 101896 83922  178.81857   67  523  190.88635  178.13380  6.68%   114 1238s
 105151 85102  181.37347  304  149  190.88635  178.14524  6.67%   114 1254s
H106257 85102                     190.8863493  178.14596  6.67%   113 1254s
 106584 86638  180.63623  113  496  190.88635  178.14608  6.67%   113 1266s
 108471 86727  178.85866   71  506  190.88635  178.15881  6.67%   113 1291s
 108593 88085  179.40029   68  525  190.88635  178.15881  6.67%   113 1306s
 110167 89865  188.20255   86  433  190.88635  178.15881  6.67%   114 1319s
 112431 90468  180.77433  157  344  190.88635  178.17117  6.66%   114 1336s
 113343 92470  179.17069   65  585  190.88635  178.17236  6.66%   114 1347s
 115741 94136  182.09423   79  496  190.88635  178.17764  6.66%   114 1359s
 117914 95507  178.94330   67  539  190.88635  178.17989  6.66%   114 1370s
 119608 95646  189.94415  179  411  190.88635  178.18556  6.65%   114 1386s
 119824 96372  190.25319  122  481  190.88635  178.19827  6.65%   114 1402s
H120007 96372                     190.8863493  178.19827  6.65%   114 1402s
H120435 96372                     190.8863492  178.19827  6.65%   114 1402s
 120635 98300  180.96953  112  373  190.88635  178.20292  6.64%   114 1414s
 122892 99748  184.41123  334  189  190.88635  178.20968  6.64%   114 1424s
 124721 101352  179.32266   62  492  190.88635  178.21239  6.64%   114 1441s
 126645 102288  189.72602  203  471  190.88635  178.22438  6.63%   114 1452s
 127907 103992     cutoff  139       190.88635  178.22834  6.63%   114 1465s
 129993 105654  185.12985  123  347  190.88635  178.23511  6.63%   114 1476s
 131998 105748 infeasible  121       190.88635  178.24301  6.62%   114 1494s
H132139 105748                     190.8863490  178.24320  6.62%   114 1494s
 132142 106987  187.12512   93  549  190.88635  178.24345  6.62%   114 1504s
 133607 108452  189.06509  128  557  190.88635  178.24573  6.62%   114 1514s
 135333 109819  179.23677   92  579  190.88635  178.25106  6.62%   115 1524s
 136146 109819  188.52553   93  385  190.88635  178.25664  6.62%   115 1525s
 137098 111313  187.66079   86  459  190.88635  178.26059  6.61%   115 1534s
 139016 112950  184.95887   93  499  190.88635  178.26682  6.61%   115 1546s
 140934 113845  178.81010   63  562  190.88635  178.26731  6.61%   114 1556s
 142037 115134  180.23184  121  493  190.88635  178.27414  6.61%   115 1567s
 143640 116447  178.99184   78  478  190.88635  178.28555  6.60%   115 1576s
 145342 117724  178.97930   88  447  190.88635  178.29130  6.60%   115 1586s
 146957 118400     cutoff   87       190.88635  178.29449  6.60%   115 1599s
H147812 118400                     190.8863485  178.29449  6.60%   115 1599s
 147822 119494  186.00038  110  434  190.88635  178.30005  6.59%   115 1611s
 149234 121072  188.27317  137  420  190.88635  178.30867  6.59%   115 1623s
 151203 122401  182.13352  148  436  190.88635  178.31278  6.59%   115 1632s
 152885 123870  180.54396   71  584  190.88635  178.31974  6.58%   115 1643s
 154671 124975  179.10123  105  455  190.88635  178.32529  6.58%   115 1651s
 156027 125898  181.69583   52  477  190.88635  178.32867  6.58%   116 1663s
 157477 127062  179.47948   61  505  190.88635  178.33097  6.58%   116 1674s
 158976 128599  182.95705  144  409  190.88635  178.33154  6.58%   116 1685s
 160894 129534  188.57941  109  388  190.88635  178.34224  6.57%   117 1696s
 162293 130414     cutoff  106       190.88635  178.34503  6.57%   117 1707s
 163774 131470  185.26907   89  485  190.88635  178.34603  6.57%   117 1719s
 165489 132678  179.14300   79  467  190.88635  178.34929  6.57%   117 1731s
 167084 134443     cutoff   93       190.88635  178.35893  6.56%   117 1743s
 169147 135578  186.74957  119  479  190.88635  178.36261  6.56%   117 1753s
 170508 137256  179.17949   61  470  190.88635  178.36509  6.56%   118 1765s
 172559 139002  179.00331   72  568  190.88635  178.36853  6.56%   118 1775s
 174667 140136  180.76359   95  447  190.88635  178.37139  6.56%   118 1786s
 176072 141303  182.45621   63  573  190.88635  178.37519  6.55%   118 1796s
 177660 142199  180.07922   72  533  190.88635  178.37799  6.55%   118 1808s
 178708 142980 infeasible  145       190.88635  178.37909  6.55%   118 1817s
 179931 144335     cutoff   98       190.88635  178.38239  6.55%   118 1828s
 181748 145935  179.40844   74  438  190.88635  178.38503  6.55%   118 1840s
 183801 147484  185.98363  111  467  190.88635  178.38743  6.55%   118 1849s
 185658 148366  190.17254  134  443  190.88635  178.39221  6.55%   118 1861s
 186870 149800  182.31079  155  325  190.88635  178.39603  6.54%   118 1874s
 188576 150946  180.99722  103  518  190.88635  178.39635  6.54%   118 1885s
 190127 152100     cutoff  152       190.88635  178.40021  6.54%   119 1896s
 191710 154102  186.12785  140  399  190.88635  178.40223  6.54%   119 1908s
 194156 155224  182.59813   78  542  190.88635  178.40336  6.54%   119 1918s
 195587 156379  184.11650  121  454  190.88635  178.40744  6.54%   119 1928s
 197143 157488  186.91217  106  367  190.88635  178.41255  6.53%   119 1938s
 198450 159104  180.37571  121  599  190.88635  178.41284  6.53%   119 1948s
 200321 160423  184.76098  213  382  190.88635  178.41366  6.53%   119 1958s
 201972 161865  184.53473   80  489  190.88635  178.41856  6.53%   119 1969s
 203902 163036  178.92824   53  554  190.88635  178.41960  6.53%   119 1982s
 205317 163860  179.44539   72  503  190.88635  178.42015  6.53%   119 1993s
 206625 165140  182.76513   98  392  190.88635  178.42078  6.53%   120 2004s
 208469 166080  190.35967  153  424  190.88635  178.42731  6.53%   120 2015s
 210257 167447  187.70631   74  523  190.88635  178.42970  6.53%   120 2022s
 212005 168392  182.23665  123  350  190.88635  178.43134  6.52%   120 2033s
 213585 169171  189.27242   83  390  190.88635  178.43310  6.52%   120 2049s
 214845 171345  182.33424  108  486  190.88635  178.43569  6.52%   120 2064s
 217419 172562  179.91546   82  591  190.88635  178.43672  6.52%   120 2075s
 218982 174212  186.93736  155  467  190.88635  178.43799  6.52%   120 2085s
 221013 176181  189.40326  133  419  190.88635  178.44648  6.52%   120 2099s
 223396 177352  178.96043   78  561  190.88635  178.45022  6.51%   120 2109s
 224848 178621  182.61622   82  539  190.88635  178.45351  6.51%   120 2120s
 226514 179512  183.82727  110  531  190.88635  178.45554  6.51%   120 2132s
 228174 180266  187.68185   68  466  190.88635  178.45957  6.51%   121 2144s
 229573 181590  185.33197   58  490  190.88635  178.46272  6.51%   121 2155s
 231664 183347  178.93886  109  538  190.88635  178.46525  6.51%   121 2168s
 233792 184578  179.24396   72  602  190.88635  178.46688  6.51%   121 2180s
 235427 185705     cutoff   89       190.88635  178.46967  6.50%   121 2193s
 236779 187521  190.64687  147  311  190.88635  178.46989  6.50%   121 2206s
 239051 188971  179.59559   98  436  190.88635  178.47454  6.50%   121 2220s
 240776 190716  186.23483  116  480  190.88635  178.47725  6.50%   121 2234s
 242964 192058  189.64585   90  450  190.88635  178.47747  6.50%   121 2246s
 244621 193779  189.90605   95  343  190.88635  178.48268  6.50%   121 2258s
 246632 195189  181.66773  182  479  190.88635  178.48506  6.50%   121 2269s
 248483 196082  179.60757   97  550  190.88635  178.48859  6.49%   121 2281s
 249575 196697  188.79048  119  497  190.88635  178.49036  6.49%   122 2294s
 250686 198056  178.66086   76  543  190.88635  178.49355  6.49%   122 2308s
 252961 199634  186.87286  123  497  190.88635  178.49500  6.49%   122 2320s
 254865 200927  190.50383  142  425  190.88635  178.49799  6.49%   122 2335s
 256491 201974  179.46651   87  460  190.88635  178.49851  6.49%   122 2346s
 257845 203952     cutoff   96       190.88635  178.50195  6.49%   122 2361s
 260471 205351  179.36395  106  523  190.88635  178.50638  6.49%   122 2374s
 262267 206565  187.45668  126  349  190.88635  178.50834  6.48%   122 2389s
 263760 208373  181.32344   99  508  190.88635  178.51173  6.48%   122 2402s
 265927 209822  183.96582   96  550  190.88635  178.51312  6.48%   122 2413s
 267678 210490  187.85016   81  533  190.88635  178.51554  6.48%   122 2425s
 268502 212370  187.85016   82  532  190.88635  178.51626  6.48%   122 2438s
 270745 214284  189.72555   72  471  190.88635  178.51864  6.48%   122 2451s
 273111 215574  184.60573  159  487  190.88635  178.52082  6.48%   122 2465s
 274909 216771  183.48059   84  496  190.88635  178.52367  6.48%   122 2476s
 276655 218174  186.31579  147  460  190.88635  178.52544  6.48%   122 2490s
 278334 219271  178.93804   82  561  190.88635  178.52816  6.47%   122 2502s
 279646 220926  180.53819   96  516  190.88635  178.52850  6.47%   123 2519s
 282216 221804  186.54949  106  528  190.88635  178.53077  6.47%   123 2536s
 283485 223638  181.11625  132  455  190.88635  178.53255  6.47%   123 2553s
 285669 223840  179.45536  103  535  190.88635  178.53347  6.47%   123 2578s
 285903 226099  179.77352  104  496  190.88635  178.53354  6.47%   123 2592s
 288726 227193  183.44148  112  555  190.88635  178.53662  6.47%   123 2608s
 290273 227634 infeasible  157       190.88635  178.53778  6.47%   123 2624s
 290878 229498  190.23832  131  356  190.88635  178.53816  6.47%   123 2638s
 293173 231149  179.63004   70  522  190.88635  178.54101  6.47%   123 2653s
 295212 232753  180.61100   86  396  190.88635  178.54445  6.47%   123 2668s
 297401 234318  187.34044   94  393  190.88635  178.54756  6.46%   123 2683s
 299353 235284  180.30664  106  587  190.88635  178.54887  6.46%   123 2695s
 300617 236775  186.16562  113  539  190.88635  178.55101  6.46%   123 2711s
 302893 237857  179.65677   74  468  190.88635  178.55143  6.46%   124 2728s
 304548 239170  189.57720   95  372  190.88635  178.55158  6.46%   124 2746s
 306383 241276  179.69178   69  523  190.88635  178.55646  6.46%   124 2763s
 308892 242622  183.03430  149  413  190.88635  178.55969  6.46%   124 2779s
 310872 243144  184.87237  109  569  190.88635  178.56201  6.46%   124 2793s
 311646 244074  184.93588  114  569  190.88635  178.56203  6.46%   124 2812s
 313043 245498     cutoff   67       190.88635  178.56460  6.46%   125 2825s
 315366 247177  190.54386  157  485  190.88635  178.56602  6.45%   125 2843s
 317487 249042  187.49069  147  450  190.88635  178.56747  6.45%   125 2857s
 319858 249943  184.51551   69  469  190.88635  178.56991  6.45%   125 2870s
 321511 250854  179.28476   74  432  190.88635  178.57220  6.45%   125 2883s
 322883 252371  180.05404  155  343  190.88635  178.57267  6.45%   126 2900s
 324958 252969  188.87471  108  460  190.88635  178.57395  6.45%   126 2915s
 325804 254414  188.29096  111  439  190.88635  178.57666  6.45%   126 2935s
 327741 256029  179.27552   84  505  190.88635  178.57904  6.45%   126 2947s
 330434 257219  181.20515   70  489  190.88635  178.58120  6.45%   126 2960s
 332154 258231  182.53516  132  510  190.88635  178.58343  6.45%   127 2971s
 333470 259398  179.21987   77  492  190.88635  178.58421  6.44%   127 2987s
 335431 260841  188.09278   83  490  190.88635  178.58541  6.44%   127 3006s
 337817 261726  180.16829   92  585  190.88635  178.58715  6.44%   128 3022s
 338867 263580  180.22788   96  611  190.88635  178.58779  6.44%   128 3041s
 341334 265107  179.75835   79  519  190.88635  178.59109  6.44%   128 3053s
 343261 266537  183.74154   55  464  190.88635  178.59258  6.44%   128 3068s
 345287 267401     cutoff  115       190.88635  178.59489  6.44%   128 3081s
 346864 268563  180.43950  103  499  190.88635  178.59764  6.44%   128 3096s
 348304 270060  179.37284   65  519  190.88635  178.59848  6.44%   128 3111s
 350112 270508  185.45011   72  450  190.88635  178.59978  6.44%   128 3127s
 350697 271972  190.63002   96  475  190.88635  178.60035  6.44%   128 3146s
 352515 273863  183.65926   77  430  190.88635  178.60218  6.44%   128 3159s
 354781 274903     cutoff  114       190.88635  178.60374  6.43%   128 3174s
 356266 276551  178.99213   77  607  190.88635  178.60510  6.43%   128 3190s
 358373 277787  187.52113  110  439  190.88635  178.60750  6.43%   128 3206s
 359912 278785  183.73231   72  583  190.88635  178.60879  6.43%   128 3225s
 361136 279664  180.30027   73  528  190.88635  178.61021  6.43%   129 3240s
 362847 279769     cutoff   87       190.88635  178.61210  6.43%   129 3270s
 362983 290651  179.42518   72  473  190.88635  178.61348  6.43%   129 3395s
 378999 291840  187.16318  129  466  190.88635  178.62601  6.42%   130 3412s
 380526 292981  187.70764   72  460  190.88635  178.62966  6.42%   130 3429s
 382156 294532  185.05986  105  520  190.88635  178.63088  6.42%   130 3447s
 384282 295157  183.99675  104  462  190.88635  178.63338  6.42%   130 3460s
 385033 298598  190.23764  129  378  190.88635  178.63348  6.42%   130 3494s
 390199 299066  182.12707   83  518  190.88635  178.63745  6.42%   130 3513s
 390911 299468  181.78992   86  397  190.88635  178.63861  6.42%   131 3532s
 391652 301428  179.97732   72  503  190.88635  178.63883  6.42%   131 3555s
 394080 303625  189.72747  133  425  190.88635  178.63972  6.42%   131 3572s
 397013 304420  190.76868  198  461  190.88635  178.64221  6.41%   131 3588s
 398725 305188  188.10369  104  441  190.88635  178.64296  6.41%   131 3608s
 399864 307190  187.02938  127  434  190.88635  178.64308  6.41%   131 3629s
 402717 309098  182.99900   64  428  190.88635  178.64448  6.41%   131 3648s
 405237 310902  187.06313  191  331  190.88635  178.64629  6.41%   131 3665s
 407531 311911  185.18265  116  405  190.88635  178.64867  6.41%   131 3681s
 409099 313007  184.10181   77  558  190.88635  178.65000  6.41%   131 3693s
 411044 314452  180.36139   69  361  190.88635  178.65085  6.41%   131 3710s
 412911 315050  181.54702  106  289  190.88635  178.65148  6.41%   132 3735s
 413776 316430  183.68586  143  456  190.88635  178.65199  6.41%   132 3750s
 415531 318692  187.74914  105  483  190.88635  178.65379  6.41%   132 3764s
 417448 318692  187.63827  135  479  190.88635  178.65381  6.41%   132 3765s
 418413 320337  188.96717  105  388  190.88635  178.65456  6.41%   132 3783s
 420618 321532  180.36840   80  570  190.88635  178.65587  6.41%   132 3799s
 422387 322775  186.03023  136  431  190.88635  178.65735  6.41%   132 3815s
 424029 324218  182.50813   91  514  190.88635  178.65844  6.41%   132 3834s
 425988 325020  186.09672   78  531  190.88635  178.65998  6.41%   132 3853s
 427243 326287  187.73984   93  500  190.88635  178.66010  6.40%   132 3878s
 428996 329519  179.32913   98  507  190.88635  178.66124  6.40%   132 3908s
 433288 331874  188.79568  172  474  190.88635  178.66309  6.40%   132 3925s
 436187 333227  180.34933   72  454  190.88635  178.66486  6.40%   132 3943s
 438022 335416  179.22686   74  571  190.88635  178.66708  6.40%   132 3961s
 440674 337005  187.35925  170  443  190.88635  178.66808  6.40%   132 3982s
 442823 337320  190.67023   86  388  190.88635  178.66933  6.40%   132 4002s
 443265 338735  186.64414   95  509  190.88635  178.66933  6.40%   132 4022s
 445197 338903  189.70401  172  448  190.88635  178.66998  6.40%   132 4041s
 445452 340932  190.81507  120  422  190.88635  178.67063  6.40%   132 4067s
 448137 342508  182.46043  215  370  190.88635  178.67176  6.40%   132 4088s
 450489 343849  182.58788   89  471  190.88635  178.67375  6.40%   132 4103s
 452199 344823  179.16309   87  468  190.88635  178.67440  6.40%   132 4120s
 453468 346361  178.95888   83  566  190.88635  178.67445  6.40%   132 4136s
 456053 347265  179.65033   79  504  190.88635  178.67580  6.40%   132 4155s
 457445 348603  186.91238   86  495  190.88635  178.67674  6.40%   133 4174s
 459626 349397  179.87277   93  484  190.88635  178.67687  6.40%   133 4196s
 460687 351341  184.92572   95  561  190.88635  178.67709  6.40%   133 4213s
 463210 352847  186.29429  146  397  190.88635  178.67907  6.40%   133 4231s
 465231 353632  190.05887  133  451  190.88635  178.68022  6.39%   133 4255s
 466195 355943  182.02330  109  492  190.88635  178.68073  6.39%   133 4272s
 469085 357145     cutoff   75       190.88635  178.68225  6.39%   133 4289s
 470880 359382  179.28830   74  553  190.88635  178.68381  6.39%   133 4309s
 473678 360913  180.12534   81  546  190.88635  178.68472  6.39%   133 4323s
 476008 362284  186.17576  136  550  190.88635  178.68637  6.39%   133 4336s
 478133 363570  189.09939   99  482  190.88635  178.68855  6.39%   133 4349s
 479876 365342  187.34802  166  493  190.88635  178.68888  6.39%   133 4367s
 482150 367464  183.14193  100  460  190.88635  178.68984  6.39%   133 4384s
 484597 367464  180.45976   98  585  190.88635  178.69092  6.39%   133 4385s
 484717 367522  186.10772  140  469  190.88635  178.69092  6.39%   133 4423s
 484783 369037  186.10772  141  468  190.88635  178.69096  6.39%   133 4439s
 486802 370400  186.09971  111  496  190.88635  178.69253  6.39%   133 4459s
 488651 371558 infeasible  131       190.88635  178.69324  6.39%   133 4477s
 491112 373113  189.97149  155  178  190.88635  178.69419  6.39%   133 4493s
 493314 374207  188.88930   83  493  190.88635  178.69527  6.39%   133 4512s
 494612 375791     cutoff  139       190.88635  178.69563  6.39%   133 4533s
 496839 377315  189.78490  144  436  190.88635  178.69678  6.39%   133 4555s
 499087 378984     cutoff  110       190.88635  178.69792  6.39%   133 4575s
 501353 379862  181.04822   95  415  190.88635  178.69902  6.38%   133 4593s
 502662 381091  180.05923   97  545  190.88635  178.69985  6.38%   134 4614s
 504914 381856 infeasible   80       190.88635  178.70016  6.38%   134 4638s
 506226 384070  179.91013   70  477  190.88635  178.70086  6.38%   134 4659s
 509223 385710  189.05280   68  437  190.88635  178.70269  6.38%   134 4681s
 511561 387841  190.57997  117  442  190.88635  178.70368  6.38%   134 4698s
 514243 389610  190.48977  211  373  190.88635  178.70406  6.38%   134 4714s
 516464 391038  183.05235  144  405  190.88635  178.70541  6.38%   134 4727s
 518268 391816     cutoff   92       190.88635  178.70663  6.38%   134 4744s
 519355 393636  189.89891  149  377  190.88635  178.70756  6.38%   134 4763s
 521663 394781  187.67440   68  558  190.88635  178.70803  6.38%   134 4780s
 523227 396398  186.55703   91  483  190.88635  178.70837  6.38%   134 4798s
 525463 397848     cutoff  161       190.88635  178.70930  6.38%   134 4819s
 527520 399283  189.74764   68  460  190.88635  178.70977  6.38%   134 4835s
 529657 399696  185.54721   81  501  190.88635  178.71103  6.38%   134 4856s
 530257 401355     cutoff  121       190.88635  178.71134  6.38%   134 4876s
 532329 403465  185.41863  125  522  190.88635  178.71283  6.38%   134 4893s
 534970 404255  190.41692   57  458  190.88635  178.71336  6.38%   134 4910s
 536288 405432  180.07084   83  547  190.88635  178.71428  6.38%   134 4925s
 538040 406771  180.42555   98  552  190.88635  178.71428  6.38%   135 4943s
 539838 408401  180.45618  102  544  190.88635  178.71428  6.38%   135 4962s
 542075 409256  181.04695  116  527  190.88635  178.71428  6.38%   135 4980s
 543372 410539  184.89940  144  525  190.88635  178.71647  6.38%   135 4998s
 545587 411866  190.56407  155  410  190.88635  178.71728  6.38%   135 5020s
 547549 413169  184.11576  112  517  190.88635  178.71818  6.37%   136 5039s
 549515 414878  180.77415  103  504  190.88635  178.72028  6.37%   136 5063s
 551770 416157  183.70182   76  478  190.88635  178.72142  6.37%   136 5091s
H552782 416157                     190.8863480  178.72162  6.37%   136 5091s
 554085 417755  181.55685   82  460  190.88635  178.72199  6.37%   136 5110s
 556261 418478  181.59607  102  398  190.88635  178.72199  6.37%   136 5131s
 557244 419907  189.49454  116  417  190.88635  178.72317  6.37%   136 5154s
 559306 420392  185.27397   76  489  190.88635  178.72470  6.37%   136 5188s
 560166 422386  181.83968   65  508  190.88635  178.72492  6.37%   136 5218s
 562835 424855  187.30775  103  606  190.88635  178.72672  6.37%   136 5241s
 566178 426788  189.12391   79  496  190.88635  178.72836  6.37%   136 5265s
 568788 428428  187.26725  113  447  190.88635  178.72914  6.37%   136 5289s
 571162 430571  184.82448  117  508  190.88635  178.73070  6.37%   136 5307s
 573930 431989  185.30670  153  456  190.88635  178.73214  6.37%   136 5331s
 575967 432632  183.87322   78  385  190.88635  178.73340  6.37%   136 5351s
 577031 435768  179.65631   82  519  190.88635  178.73388  6.37%   136 5391s
 581153 438444  183.65711  117  418  190.88635  178.73584  6.37%   137 5417s
 584626 439854  179.37286  103  554  190.88635  178.73831  6.36%   136 5439s
 586496 441983  178.98892   75  579  190.88635  178.73896  6.36%   136 5460s
 589266 443424  179.84635   97  540  190.88635  178.74039  6.36%   137 5477s
 591174 445103  183.97648   93  569  190.88635  178.74109  6.36%   137 5495s
 593444 446445  190.26288   79  517  190.88635  178.74224  6.36%   137 5517s
 595720 447617  185.43298   66  472  190.88635  178.74243  6.36%   137 5537s
 597322 448812  190.07401  120  429  190.88635  178.74326  6.36%   137 5560s
 599034 451350  181.14394  127  466  190.88635  178.74477  6.36%   137 5584s
 602319 452807  182.73352   85  503  190.88635  178.74596  6.36%   137 5605s
 604910 454212  183.29650  138  515  190.88635  178.74653  6.36%   137 5628s
 606736 455089  190.71076  129  332  190.88635  178.74747  6.36%   137 5649s
 607845 457091  184.60854   92  503  190.88635  178.74772  6.36%   137 5673s
 610814 458480  180.25553   79  464  190.88635  178.74952  6.36%   137 5693s
 612822 460264  188.06882  117  446  190.88635  178.75058  6.36%   137 5712s
 615313 461143  187.79404   70  507  190.88635  178.75236  6.36%   137 5735s
 616499 463176  190.28079  100  405  190.88635  178.75288  6.36%   137 5756s
 619413 464397  180.04655   93  547  190.88635  178.75468  6.36%   137 5774s
 621068 465582  190.20234   66  441  190.88635  178.75529  6.36%   137 5800s
 622864 467825  184.79937   81  521  190.88635  178.75563  6.35%   138 5831s
 626129 469880  183.42070   78  524  190.88635  178.75563  6.35%   138 5863s
 628759 472124  185.76936   67  439  190.88635  178.75811  6.35%   138 5888s
 631775 473853  182.90702   76  501  190.88635  178.75955  6.35%   138 5909s
 634490 474913     cutoff  111       190.88635  178.76124  6.35%   138 5933s
 636076 475792  179.15191   85  485  190.88635  178.76214  6.35%   138 5960s
 637525 477287  185.13458   88  437  190.88635  178.76272  6.35%   138 5986s
 640005 478836  186.26945  114  458  190.88635  178.76366  6.35%   138 6007s
 642406 479426  190.51195  136  404  190.88635  178.76495  6.35%   138 6035s
 643190 481521  181.07739  147  499  190.88635  178.76552  6.35%   138 6060s
 645947 482488  190.38915  131  401  190.88635  178.76655  6.35%   138 6081s
 647580 484135  184.28167   57  564  190.88635  178.76716  6.35%   138 6106s
 650432 485254     cutoff   88       190.88635  178.76843  6.35%   139 6128s
 652251 486992  185.20964   70  540  190.88635  178.77007  6.35%   139 6151s
 654622 487525  182.84402   91  475  190.88635  178.77151  6.35%   139 6175s
 655305 489216  189.36549  116  460  190.88635  178.77171  6.35%   139 6199s
 657758 490255  183.15757  103  597  190.88635  178.77301  6.35%   139 6223s
 659785 491383  189.39818   82  421  190.88635  178.77377  6.35%   139 6248s
 661793 492840  190.40278   91  465  190.88635  178.77535  6.34%   139 6265s
 664243 493476  185.90908  114  501  190.88635  178.77718  6.34%   139 6284s
 665373 495153  189.00066   73  501  190.88635  178.77792  6.34%   140 6308s
 667720 497599     cutoff  104       190.88635  178.77935  6.34%   140 6330s
 671023 499942  189.45782  124  498  190.88635  178.78054  6.34%   140 6352s
 674035 500864  185.37270  138  404  190.88635  178.78210  6.34%   140 6371s
 675357 502231  190.44852  114  492  190.88635  178.78214  6.34%   140 6390s
 677262 504319  190.53142  128  428  190.88635  178.78396  6.34%   140 6411s
 679976 505674  188.99584  135  538  190.88635  178.78507  6.34%   140 6432s
 681746 506896  180.06150   79  437  190.88635  178.78591  6.34%   140 6450s
 683377 508194  190.78371  109  309  190.88635  178.78635  6.34%   140 6466s
 685080 510954  189.83602   69  439  190.88635  178.78730  6.34%   140 6490s
 688863 512248  186.91994  101  455  190.88635  178.78941  6.34%   140 6506s
 690872 513693  187.71663  117  562  190.88635  178.79021  6.34%   140 6523s
 693072 514869  187.61383  116  292  190.88635  178.79143  6.34%   140 6544s
 695213 515930  181.51957  147  470  190.88635  178.79228  6.34%   140 6567s
 696576 516761  182.26559   70  478  190.88635  178.79237  6.34%   140 6590s
 698593 518075  185.62685  103  462  190.88635  178.79303  6.34%   140 6613s
 701008 519706  187.58841  175  455  190.88635  178.79362  6.34%   141 6636s
 703314 521792  182.16307  106  560  190.88635  178.79440  6.33%   141 6667s
 706295 522391  179.09642   63  580  190.88635  178.79480  6.33%   141 6686s
 707306 525771  179.85156   68  470  190.88635  178.79499  6.33%   141 6726s
 712343 527238  179.21511  115  542  190.88635  178.79787  6.33%   141 6741s
 714339 529380     cutoff  121       190.88635  178.79869  6.33%   141 6768s
 717345 530358  181.86678   76  477  190.88635  178.80036  6.33%   141 6801s
 719057 532217  189.97433  118  392  190.88635  178.80148  6.33%   141 6829s
 721425 534154  183.58738  117  539  190.88635  178.80249  6.33%   141 6855s
 724593 536089  182.38669  134  344  190.88635  178.80384  6.33%   141 6876s
 727049 537040  186.82469  102  436  190.88635  178.80538  6.33%   142 6894s
 728394 540274  189.84789   72  467  190.88635  178.80592  6.33%   142 6927s
 732802 541655  185.31733   86  454  190.88635  178.80756  6.33%   142 6952s
 734982 543374     cutoff  102       190.88635  178.80914  6.33%   142 6978s
 737334 545774  181.75896   81  493  190.88635  178.80964  6.33%   142 7002s
 740540 547491     cutoff  150       190.88635  178.81140  6.33%   142 7025s
 742771 548485  187.39528   71  457  190.88635  178.81224  6.33%   142 7060s
 744088 550282  182.78360   73  530  190.88635  178.81302  6.32%   142 7083s
 746816 550981  186.49306   78  443  190.88635  178.81404  6.32%   142 7106s
 748313 552436  187.95573  107  498  190.88635  178.81496  6.32%   142 7125s
 750342 554887  184.00310  127  462  190.88635  178.81534  6.32%   142 7158s
 753548 556245  190.71376  125  381  190.88635  178.81750  6.32%   142 7178s
 755458 557011  188.50771   78  494  190.88635  178.81836  6.32%   142 7200s

Cutting planes:
  Learned: 11
  Gomory: 77
  Cover: 227
  Implied bound: 678
  Projected implied bound: 22
  Clique: 2
  MIR: 1280
  StrongCG: 4
  Flow cover: 2763
  GUB cover: 2
  Inf proof: 56
  Zero half: 14
  RLT: 111
  Relax-and-lift: 144

Explored 756748 nodes (107869598 simplex iterations) in 7200.23 seconds (4213.39 work units)
Thread count was 32 (of 32 available processors)

Solution count 10: 190.886 190.886 190.886 ... 190.945

Time limit reached
Best objective 1.908863479868e+02, best bound 1.788188138448e+02, gap 6.3218%
