
Gurobi 9.5.2 (linux64) logging started Fri Aug  7 07:16:38 2026

Set parameter LogFile to value "/mnt/beegfs/users/celinep/ChargeAndBreak/logs/RlongCmanyTtight_3_2SP_20260805_125650_172_gurobi.log"
Gurobi Optimizer version 9.5.2 build v9.5.2rc0 (linux64)
Thread count: 16 physical cores, 32 logical processors, using up to 32 threads
Optimize a model with 184112 rows, 89476 columns and 613241 nonzeros
Model fingerprint: 0x0dceac0f
Variable types: 76501 continuous, 12975 integer (12975 binary)
Coefficient statistics:
  Matrix range     [2e-02, 2e+03]
  Objective range  [4e-02, 4e-02]
  Bounds range     [1e+00, 1e+00]
  RHS range        [6e-03, 5e+02]
Presolve removed 60232 rows and 20468 columns (presolve time = 5s) ...
Presolve removed 60232 rows and 20468 columns
Presolve time: 5.15s
Presolved: 123880 rows, 69008 columns, 533337 nonzeros
Variable types: 59325 continuous, 9683 integer (9683 binary)

Deterministic concurrent LP optimizer: primal and dual simplex (primal and dual model)
Showing first log only...

Root relaxation presolve removed 2687 rows and 2687 columns
Root relaxation presolved: 121193 rows, 66321 columns, 527963 nonzeros


Root simplex log...

Iteration    Objective       Primal Inf.    Dual Inf.      Time
       0    4.3911687e+01   6.647753e+04   6.188095e+11      7s
   44501    6.2743614e+01   4.851212e+02   4.004397e+09     10s
   55971    1.3050077e+02   4.427066e+00   6.682412e+09     15s
   57345    1.3920249e+02   0.000000e+00   1.578379e+04     17s
   59904    1.2983905e+02   0.000000e+00   2.744542e+03     20s
   62233    1.2133749e+02   0.000000e+00   6.785989e+04     25s
   64173    1.1904717e+02   0.000000e+00   9.559612e+03     30s
   66695    1.1591834e+02   0.000000e+00   1.961365e+03     35s
   69993    1.1277583e+02   0.000000e+00   1.835438e+04     40s
   72709    1.1050028e+02   0.000000e+00   1.990495e+03     45s
   75619    1.0899918e+02   0.000000e+00   4.292571e+03     50s
   78141    1.0729813e+02   0.000000e+00   3.974441e+03     55s
   79887    1.0524512e+02   0.000000e+00   7.118287e+02     60s
   81143    1.0463638e+02   0.000000e+00   1.425532e+03     65s
   82083    1.0346620e+02   0.000000e+00   1.974009e+07     70s
   83083    1.0185271e+02   0.000000e+00   2.666097e+05     76s
   83793    1.0120576e+02   0.000000e+00   2.327928e+05     80s
   84673    1.0073944e+02   0.000000e+00   1.705085e+03     85s
   85413    1.0046247e+02   0.000000e+00   5.256538e+04     90s
   86143    1.0023218e+02   0.000000e+00   6.394430e+04     95s
   87067    9.9835306e+01   0.000000e+00   7.679020e+02    100s
   87857    9.9576838e+01   0.000000e+00   1.943227e+04    105s
   88847    9.9310889e+01   0.000000e+00   1.223569e+05    110s
   89657    9.9130609e+01   0.000000e+00   3.841852e+04    115s
   90397    9.8807702e+01   0.000000e+00   9.217652e+04    120s
   91467    9.8409836e+01   0.000000e+00   2.871089e+05    125s
   92661    9.7899016e+01   0.000000e+00   8.005555e+04    130s
   93831    9.7502556e+01   0.000000e+00   5.259056e+03    136s
   94901    9.7247073e+01   0.000000e+00   5.827927e+03    140s
   96095    9.6782538e+01   0.000000e+00   6.088183e+03    145s
   97169    9.6537026e+01   0.000000e+00   2.035496e+06    150s
   98517    9.6290950e+01   0.000000e+00   6.254136e+04    156s
   99567    9.6156017e+01   0.000000e+00   2.308568e+04    160s
  100637    9.6018153e+01   0.000000e+00   6.982813e+04    165s
  102215    9.5707137e+01   0.000000e+00   3.222671e+05    171s
  103059    9.5541743e+01   0.000000e+00   1.033148e+04    175s
  103879    9.5422733e+01   0.000000e+00   3.244541e+03    181s
  104559    9.5320120e+01   0.000000e+00   1.189202e+03    185s
  105593    9.5231227e+01   0.000000e+00   1.786478e+03    191s
  106373    9.5151812e+01   0.000000e+00   1.631259e+03    195s
  107271    9.4996070e+01   0.000000e+00   1.229674e+03    200s
  108545    9.4908419e+01   0.000000e+00   6.032118e+02    205s
  109725    9.4769591e+01   0.000000e+00   3.113472e+03    210s
  111101    9.4587309e+01   0.000000e+00   2.590784e+02    215s
  112281    9.4489711e+01   0.000000e+00   5.581652e+02    220s
  113665    9.4382880e+01   0.000000e+00   1.406048e+02    225s
  115059    9.4304632e+01   0.000000e+00   7.269648e+03    230s
  116493    9.4172155e+01   0.000000e+00   1.167048e+03    235s
  117841    9.4065804e+01   0.000000e+00   1.450089e+03    240s
  119219    9.4029657e+01   0.000000e+00   9.384407e+02    245s
  120551    9.3945625e+01   0.000000e+00   1.535971e+02    250s
  121831    9.3898485e+01   0.000000e+00   8.051980e+01    255s
  123111    9.3856595e+01   0.000000e+00   1.303447e+04    260s
Concurrent spin time: 0.00s

Solved with primal simplex (dual model)

Root relaxation: objective 9.318682e+01, 85074 iterations, 258.57 seconds (141.23 work units)
Total elapsed time = 265.02s
Total elapsed time = 270.06s

    Nodes    |    Current Node    |     Objective Bounds      |     Work
 Expl Unexpl |  Obj  Depth IntInf | Incumbent    BestBd   Gap | It/Node Time

     0     0   93.18817    0 3486          -   93.18817      -     -  298s
     0     0   94.79912    0 4067          -   94.79912      -     -  509s
     0     0   95.41991    0 4611          -   95.41991      -     -  639s
     0     0   95.47105    0 4970          -   95.47105      -     -  680s
     0     0   95.47414    0 4924          -   95.47414      -     -  688s
     0     0   95.47431    0 4927          -   95.47431      -     -  689s
     0     0   96.31279    0 5469          -   96.31279      -     -  851s
     0     0   96.47728    0 5547          -   96.47728      -     -  905s
     0     0   96.51174    0 5581          -   96.51174      -     -  918s
     0     0   96.51693    0 5600          -   96.51693      -     -  923s
     0     0   96.51848    0 5649          -   96.51848      -     -  926s
     0     0   96.51862    0 5635          -   96.51862      -     -  928s
     0     0   97.63959    0 5633          -   97.63959      -     - 1158s
     0     0   97.88761    0 5812          -   97.88761      -     - 1236s
     0     0   97.92201    0 5786          -   97.92201      -     - 1254s
     0     0   97.93077    0 5755          -   97.93077      -     - 1262s
     0     0   97.93377    0 5775          -   97.93377      -     - 1266s
     0     0   97.93438    0 5814          -   97.93438      -     - 1269s
     0     0   98.99141    0 5922          -   98.99141      -     - 1444s
     0     0   99.19671    0 5978          -   99.19671      -     - 1510s
     0     0   99.21794    0 5939          -   99.21794      -     - 1525s
     0     0   99.22162    0 6048          -   99.22162      -     - 1534s
     0     0   99.22320    0 6025          -   99.22320      -     - 1537s
     0     0   99.22347    0 6079          -   99.22347      -     - 1539s
     0     0   99.47231    0 6141          -   99.47231      -     - 1597s
H    0     0                     181.4038081   99.47231  45.2%     - 1670s
     0     0   99.50954    0 6197  181.40381   99.50954  45.1%     - 1707s
     0     0   99.51506    0 6336  181.40381   99.51506  45.1%     - 1715s
     0     0   99.51655    0 6310  181.40381   99.51655  45.1%     - 1719s
     0     0   99.66085    0 6309  181.40381   99.66085  45.1%     - 1783s
     0     0   99.68254    0 6388  181.40381   99.68254  45.0%     - 1821s
     0     0   99.68529    0 6420  181.40381   99.68529  45.0%     - 1835s
     0     0   99.68687    0 6416  181.40381   99.68687  45.0%     - 1843s
     0     0   99.80871    0 6249  181.40381   99.80871  45.0%     - 1902s
     0     0   99.82546    0 6354  181.40381   99.82546  45.0%     - 1931s
     0     0   99.82780    0 6362  181.40381   99.82780  45.0%     - 1937s
     0     0   99.82837    0 6409  181.40381   99.82837  45.0%     - 1940s
     0     0   99.90703    0 6279  181.40381   99.90703  44.9%     - 2003s
     0     0   99.91812    0 6398  181.40381   99.91812  44.9%     - 2019s
     0     0   99.92023    0 6387  181.40381   99.92023  44.9%     - 2030s
     0     0   99.92083    0 6422  181.40381   99.92083  44.9%     - 2032s
     0     0   99.99266    0 6304  181.40381   99.99266  44.9%     - 2088s
     0     0  100.00638    0 6365  181.40381  100.00638  44.9%     - 2112s
     0     0  100.00762    0 6434  181.40381  100.00762  44.9%     - 2120s
     0     0  100.04418    0 6301  181.40381  100.04418  44.9%     - 2148s
     0     0  100.04965    0 6334  181.40381  100.04965  44.8%     - 2173s
     0     0  100.05062    0 6388  181.40381  100.05062  44.8%     - 2178s
     0     0  100.08164    0 6353  181.40381  100.08164  44.8%     - 2209s
     0     0  100.08731    0 6416  181.40381  100.08731  44.8%     - 2222s
     0     0  100.08860    0 6413  181.40381  100.08860  44.8%     - 2230s
     0     0  100.11777    0 6436  181.40381  100.11777  44.8%     - 2263s
     0     0  100.12218    0 6458  181.40381  100.12218  44.8%     - 2282s
     0     0  100.12291    0 6445  181.40381  100.12291  44.8%     - 2285s
     0     0  100.15123    0 6421  181.40381  100.15123  44.8%     - 2307s
     0     0  100.15645    0 6466  181.40381  100.15645  44.8%     - 2333s
     0     0  100.15754    0 6453  181.40381  100.15754  44.8%     - 2337s
     0     0  100.17419    0 6382  181.40381  100.17419  44.8%     - 2361s
     0     0  100.17641    0 6390  181.40381  100.17641  44.8%     - 2367s
     0     0  100.17664    0 6474  181.40381  100.17664  44.8%     - 2369s
     0     0  100.19218    0 6447  181.40381  100.19218  44.8%     - 2386s
     0     0  100.19472    0 6500  181.40381  100.19472  44.8%     - 2393s
     0     0  100.19488    0 6545  181.40381  100.19488  44.8%     - 2394s
     0     0  100.20943    0 6518  181.40381  100.20943  44.8%     - 2408s
     0     0  100.20943    0 6047  181.40381  100.20943  44.8%     - 2449s
H    0     0                     169.4291018  100.20943  40.9%     - 2772s
     0     2  100.20943    0 5935  169.42910  100.20943  40.9%     - 2781s
     1     4  100.21499    1 5925  169.42910  100.20943  40.9%  4185 2793s
     3     8  100.30957    2 6119  169.42910  100.23290  40.8%  5940 2850s
     7    16  100.44546    3 6171  169.42910  100.30957  40.8% 14842 2918s
    15    32  100.45990    4 6145  169.42910  100.44547  40.7% 19194 2995s
    31    48  100.50234    5 6124  169.42910  100.46302  40.7% 20247 3271s
H   36    48                     169.3528265  100.46302  40.7% 19150 3271s
H   40    48                     168.9678437  100.46302  40.5% 19167 3271s
H   42    48                     168.9256353  100.46302  40.5% 18674 3271s
    47    64  100.50876    6 6016  168.92564  100.46302  40.5% 17604 3376s
    63    80  100.50917    7 6001  168.92564  100.46302  40.5% 15344 4633s
H   79    96                     168.8836766  100.46302  40.5% 13041 4702s
H   79    96                     168.5144432  100.46302  40.4% 13041 4702s
H   93    96                     168.4852761  100.46302  40.4% 11503 4702s
    95   125  100.50974    9 6012  168.48528  100.46302  40.4% 11282 4766s
H  124   156                     168.4498201  100.46302  40.4%  9209 4824s
H  124   156                     167.9779246  100.46302  40.2%  9209 4824s
H  126   156                     167.9447782  100.46302  40.2%  9091 4824s
H  134   156                     167.9150654  100.46302  40.2%  8635 4824s
H  153   156                     167.7824448  100.46302  40.1%  7789 4824s
   155   185  100.88250   13 5969  167.78244  100.46302  40.1%  7784 4871s
H  184   203                     167.6336565  100.46302  40.1%  6841 4932s
H  184   203                     167.3886729  100.46302  40.0%  6841 4932s
H  185   203                     167.3007952  100.46302  40.0%  6831 4932s
H  186   203                     167.0834141  100.46302  39.9%  6824 4932s
H  190   203                     166.5402095  100.46302  39.7%  6716 4932s
H  199   203                     157.3996709  100.46302  36.2%  6473 4932s
   202   241  100.54556   14 6267  157.39967  100.46302  36.2%  6402 4975s
H  240   261                     157.3963179  100.46302  36.2%  5664 5040s
H  241   261                     156.7113550  100.46302  35.9%  5643 5040s
H  244   261                     156.3492368  100.46302  35.7%  5598 5040s
H  250   261                     146.1043982  100.46302  31.2%  5492 5040s
   260   316  100.60451   17 6227  146.10440  100.46302  31.2%  5363 5102s
   315   339  100.62344   21 6122  146.10440  100.46302  31.2%  4725 5161s
H  316   339                     146.1003639  100.46302  31.2%  4710 5162s
H  316   339                     144.9801178  100.46302  30.7%  4710 5162s
   338   401  100.63337   22 6118  144.98012  100.46302  30.7%  4493 5249s
H  402   440                     144.6212886  100.46302  30.5%  3992 5311s
H  403   440                     144.6072536  100.46302  30.5%  3990 5311s
H  404   440                     144.5946362  100.46302  30.5%  3981 5311s
H  409   440                     144.3252601  100.46302  30.4%  3950 5312s
   443   502  100.65793   27 5977  144.32526  100.46302  30.4%  3699 5395s
H  507   547                     144.3239843  100.46302  30.4%  3463 5473s
H  507   547                     144.3129867  100.46302  30.4%  3463 5473s
H  510   547                     144.3129406  100.46302  30.4%  3447 5473s
H  511   547                     144.2907499  100.46302  30.4%  3441 5473s
H  533   547                     144.0027904  100.46302  30.2%  3326 5473s
   558   623  100.70844   33 5965  144.00279  100.46302  30.2%  3246 5560s
H  634   674                     143.9791621  100.46302  30.2%  2999 5637s
H  653   674                     143.9651695  100.46302  30.2%  2948 5637s
H  679   674                     143.7309673  100.46302  30.1%  2882 5637s
   685   742  100.72633   48 5939  143.73097  100.46302  30.1%  2879 5695s
