
Gurobi 9.5.2 (linux64) logging started Thu Jul 30 02:36:56 2026

Set parameter LogFile to value "logs/RlongCmanyTtight_7_RO_20260729_103642_069_gurobi.log"
Gurobi Optimizer version 9.5.2 build v9.5.2rc0 (linux64)
Thread count: 16 physical cores, 32 logical processors, using up to 32 threads
Optimize a model with 9159 rows, 5295 columns and 31982 nonzeros
Model fingerprint: 0x11f8d2ac
Variable types: 3307 continuous, 1988 integer (1988 binary)
Coefficient statistics:
  Matrix range     [3e-02, 2e+03]
  Objective range  [1e+00, 1e+00]
  Bounds range     [1e+00, 1e+00]
  RHS range        [2e-02, 5e+02]
Presolve removed 2753 rows and 921 columns
Presolve time: 0.11s
Presolved: 6406 rows, 4374 columns, 28663 nonzeros
Variable types: 2580 continuous, 1794 integer (1793 binary)
Found heuristic solution: objective 342.1891171

Root relaxation: objective 1.638406e+02, 6795 iterations, 0.27 seconds (0.24 work units)

    Nodes    |    Current Node    |     Objective Bounds      |     Work
 Expl Unexpl |  Obj  Depth IntInf | Incumbent    BestBd   Gap | It/Node Time

     0     0  163.84472    0  636  342.18912  163.84472  52.1%     -    0s
     0     0  167.18086    0  696  342.18912  167.18086  51.1%     -    1s
     0     0  167.23771    0  698  342.18912  167.23771  51.1%     -    1s
     0     0  167.24019    0  685  342.18912  167.24019  51.1%     -    1s
     0     0  167.24019    0  683  342.18912  167.24019  51.1%     -    1s
     0     0  168.96070    0  688  342.18912  168.96070  50.6%     -    2s
     0     0  169.03440    0  707  342.18912  169.03440  50.6%     -    3s
     0     0  169.04340    0  689  342.18912  169.04340  50.6%     -    3s
     0     0  169.04539    0  691  342.18912  169.04539  50.6%     -    3s
     0     0  169.04548    0  693  342.18912  169.04548  50.6%     -    3s
     0     0  170.46241    0  747  342.18912  170.46241  50.2%     -    4s
     0     0  170.69790    0  742  342.18912  170.69790  50.1%     -    4s
     0     0  170.72543    0  718  342.18912  170.72543  50.1%     -    4s
     0     0  170.73042    0  736  342.18912  170.73042  50.1%     -    4s
     0     0  170.73069    0  736  342.18912  170.73069  50.1%     -    4s
H    0     0                     341.9186857  171.52051  49.8%     -    6s
H    0     0                     338.7335866  171.52051  49.4%     -    6s
     0     0  171.52051    0  671  338.73359  171.52051  49.4%     -    6s
H    0     0                     337.0164049  171.66856  49.1%     -    6s
     0     0  171.66856    0  663  337.01640  171.66856  49.1%     -    6s
     0     0  171.70404    0  728  337.01640  171.70404  49.1%     -    6s
     0     0  171.70780    0  674  337.01640  171.70780  49.1%     -    7s
     0     0  171.71034    0  673  337.01640  171.71034  49.0%     -    7s
     0     0  171.71035    0  675  337.01640  171.71035  49.0%     -    7s
H    0     0                     335.6061481  171.99734  48.8%     -    7s
H    0     0                     334.3331718  171.99734  48.6%     -    7s
     0     0  171.99734    0  694  334.33317  171.99734  48.6%     -    7s
H    0     0                     329.8425270  172.09020  47.8%     -    8s
     0     0  172.09020    0  693  329.84253  172.09020  47.8%     -    8s
     0     0  172.09327    0  760  329.84253  172.09327  47.8%     -    8s
     0     0  172.09427    0  759  329.84253  172.09427  47.8%     -    8s
H    0     0                     327.7956258  172.09427  47.5%     -    8s
H    0     0                     323.0395752  172.23053  46.7%     -    8s
     0     0  172.23053    0  718  323.03958  172.23053  46.7%     -    8s
     0     0  172.24555    0  679  323.03958  172.24555  46.7%     -    8s
     0     0  172.24669    0  726  323.03958  172.24669  46.7%     -    8s
H    0     0                     321.2684312  172.48436  46.3%     -    9s
H    0     0                     319.0853774  172.48436  45.9%     -    9s
     0     0  172.48436    0  765  319.08538  172.48436  45.9%     -    9s
H    0     0                     317.7590933  172.52222  45.7%     -    9s
     0     0  172.52222    0  763  317.75909  172.52222  45.7%     -    9s
H    0     0                     317.0571734  172.53120  45.6%     -   10s
     0     0  172.53120    0  764  317.05717  172.53120  45.6%     -   10s
     0     0  172.53312    0  766  317.05717  172.53312  45.6%     -   10s
     0     0  172.60115    0  728  317.05717  172.60115  45.6%     -   10s
H    0     0                     315.7819890  172.62385  45.3%     -   10s
     0     0  172.62385    0  754  315.78199  172.62385  45.3%     -   10s
     0     0  172.62554    0  764  315.78199  172.62554  45.3%     -   11s
H    0     0                     314.3538931  172.62554  45.1%     -   11s
H    0     0                     312.7210955  172.71229  44.8%     -   11s
     0     0  172.71229    0  721  312.72110  172.71229  44.8%     -   11s
     0     0  172.72747    0  727  312.72110  172.72747  44.8%     -   11s
     0     0  172.72876    0  734  312.72110  172.72876  44.8%     -   11s
H    0     0                     311.7898198  172.77570  44.6%     -   12s
     0     0  172.77570    0  742  311.78982  172.77570  44.6%     -   12s
H    0     0                     309.8286289  172.78997  44.2%     -   12s
     0     0  172.78997    0  760  309.82863  172.78997  44.2%     -   12s
     0     0  172.79090    0  748  309.82863  172.79090  44.2%     -   12s
     0     0  172.83610    0  754  309.82863  172.83610  44.2%     -   13s
     0     0  172.84056    0  763  309.82863  172.84056  44.2%     -   13s
     0     0  172.84058    0  763  309.82863  172.84058  44.2%     -   13s
     0     0  172.86007    0  747  309.82863  172.86007  44.2%     -   13s
H    0     0                     307.2421266  172.86580  43.7%     -   13s
     0     0  172.86580    0  760  307.24213  172.86580  43.7%     -   13s
     0     0  172.86623    0  765  307.24213  172.86623  43.7%     -   14s
     0     0  172.87692    0  765  307.24213  172.87692  43.7%     -   14s
     0     0  172.87692    0  694  307.24213  172.87692  43.7%     -   14s
     0     2  172.87692    0  648  307.24213  172.87692  43.7%     -   17s
    15    32  172.92694    4  756  307.24213  172.91455  43.7%   343   20s
H   33    48                     293.8471530  172.92694  41.2%   304   21s
    63    80  172.92755    7  755  293.84715  172.92694  41.2%   200   26s
H   79    96                     281.7864647  172.92694  38.6%   179   27s
H   91    96                     272.8003167  172.92694  36.6%   167   27s
H  123   140                     271.5813452  172.92694  36.3%   141   29s
H  123   140                     261.5744571  172.92694  33.9%   141   29s
H  124   140                     259.8462796  172.92694  33.5%   140   29s
H  130   140                     249.6811176  172.92694  30.7%   136   29s
   139   170  172.93803   12  759  249.68112  172.92694  30.7%   131   30s
H  169   186                     246.6552443  172.92694  29.9%   115   43s
H  169   186                     229.0506633  172.92694  24.5%   115   43s
H  176   186                     225.3197004  172.92694  23.3%   112   43s
H  225   245                     223.1529253  172.92694  22.5%  95.9   44s
H  227   245                     222.8458549  172.92694  22.4%  95.3   44s
   282   299  172.95990   18  781  222.84585  172.92694  22.4%  89.1   45s
   346   359  172.96415   20  769  222.84585  172.92694  22.4%  79.3   53s
H  347   359                     221.8748022  172.92694  22.1%  79.1   53s
H  349   359                     214.1782176  172.92694  19.3%  78.7   53s
H  351   359                     213.1952579  172.92694  18.9%  78.5   53s
   421   429  172.96716   23  771  213.19526  172.92694  18.9%  72.3   60s
H  422   429                     212.5285912  172.92694  18.6%  72.1   60s
H  424   429                     212.1782176  172.92694  18.5%  72.0   60s
H  427   429                     211.8708337  172.92694  18.4%  71.8   60s
H  433   429                     211.6939927  172.92694  18.3%  71.5   60s
H  504   512                     204.3934138  172.92694  15.4%  68.3   66s
H  601   598                     204.2971452  172.92694  15.4%  63.4   70s
H  602   598                     202.2627339  172.92694  14.5%  63.3   70s
H  606   598                     201.8636159  172.92694  14.3%  63.1   70s
H  608   598                     200.8636159  172.92694  13.9%  63.0   70s
H  614   598                     199.8464250  172.92694  13.5%  62.8   70s
H  716   697                     199.8464250  172.92694  13.5%  61.3   74s
   726   775  173.87436   37  754  199.84642  172.92694  13.5%  62.4   75s
   804   791  174.47979   39  721  199.84642  172.92694  13.5%  63.2   85s
H  805   791                     199.1024261  172.92694  13.1%  63.1   85s
H  820   807                     198.9857723  172.92694  13.1%  63.2  108s
H  822   807                     198.9339705  172.92694  13.1%  63.1  108s
H  824   807                     198.9290843  172.92694  13.1%  63.0  108s
   836   943  174.48400   41  727  198.92908  172.92694  13.1%  62.6  114s
H  899   943                     198.9290843  172.92694  13.1%  60.4  114s
   972  1076  174.48642   49  726  198.92908  172.92694  13.1%  58.1  115s
  1121  1092  174.49998   59  729  198.92908  172.92694  13.1%  55.4  122s
  1309  1271  175.66423   68  665  198.92908  172.92694  13.1%  53.5  125s
  1518  1661  175.68735   82  673  198.92908  172.92694  13.1%  52.0  130s
H 1734  1677                     198.9290842  172.92694  13.1%  50.4  133s
  1936  1862  176.86618  103  590  198.92908  172.92694  13.1%  49.4  137s
  2178  2092  176.90392  121  584  198.92908  172.92694  13.1%  48.3  140s
  2390  2288  176.93179  140  585  198.92908  172.92694  13.1%  48.0  145s
  2595  2485  184.53921  149  545  198.92908  172.92694  13.1%  48.2  150s
H 2786  2655                     198.8534419  172.92694  13.0%  49.1  153s
  3021  2883  186.99122  192  536  198.85344  172.92694  13.0%  49.1  157s
  3043  2884  181.47707   27  694  198.85344  172.92694  13.0%  49.3  169s
  3045  2885  178.89538   23  581  198.85344  172.92694  13.0%  49.3  172s
  3049  2888  180.75351  133  691  198.85344  176.23520  11.4%  49.2  175s
  3062  2897  184.30240  158  659  198.85344  178.64711  10.2%  49.0  180s
  3077  2907  192.25840   74  670  198.85344  179.56381  9.70%  48.8  187s
  3086  2913  186.64315  135  616  198.85344  179.94823  9.51%  48.6  191s
  3100  2922  180.33223   64  749  198.85344  180.33223  9.31%  48.4  195s
  3110  2929  196.57688  135  738  198.85344  180.83315  9.06%  48.2  200s
  3121  2936  181.06556   72  751  198.85344  181.06556  8.95%  48.1  205s
  3128  2941  181.38607   69  732  198.85344  181.38607  8.78%  48.0  210s
  3142  2950  185.85123  119  653  198.85344  181.74980  8.60%  47.7  215s
  3155  2959  182.01173  104  752  198.85344  182.01173  8.47%  47.5  220s
  3160  2962  182.22671   61  731  198.85344  182.22671  8.36%  47.5  225s
  3175  2972  184.32502   69  731  198.85344  182.43279  8.26%  47.2  230s
H 3176  2822                     198.8534418  182.43629  8.26%  47.2  230s
  3190  2831  182.63617  129  693  198.85344  182.63617  8.16%  47.0  235s
  3204  2840  182.77488  106  689  198.85344  182.77488  8.09%  46.8  241s
  3215  2848  184.74395   36  704  198.85344  182.84762  8.05%  46.7  246s
  3225  2854  182.93530   41  692  198.85344  182.93530  8.00%  46.5  250s
  3237  2862  186.87017   95  678  198.85344  183.00646  7.97%  46.3  255s
  3254  2874  183.08917   61  725  198.85344  183.08917  7.93%  46.1  261s
  3266  2882  187.96344   63  706  198.85344  183.15064  7.90%  45.9  265s
  3276  2888  195.98509  107  686  198.85344  183.17944  7.88%  45.8  270s
  3293  2900  183.30660   74  705  198.85344  183.30660  7.82%  45.6  275s
  3309  2910  183.44902   15  621  198.85344  183.44902  7.75%  45.3  281s
  3319  2917  188.17412   77  696  198.85344  183.53843  7.70%  45.2  285s
  3334  2927  183.73136   20  681  198.85344  183.73136  7.60%  45.0  291s
  3344  2934  187.95609   21  670  198.85344  183.88988  7.52%  44.9  295s
H 3353  2787                     198.7857909  184.03661  7.42%  44.7  299s
  3358  2790  186.98280  155  669  198.78579  184.07684  7.40%  44.7  300s
  3366  2795  187.96344   63  721  198.78579  184.34595  7.26%  44.6  305s
  3378  2803  184.48568   15  703  198.78579  184.48568  7.19%  44.4  310s
  3388  2810  186.62838  116  694  198.78579  184.82371  7.02%  44.3  315s
  3399  2817  185.09591   55  611  198.78579  185.09591  6.89%  44.1  320s
  3415  2828  185.35678   36  655  198.78579  185.35678  6.76%  43.9  325s
  3427  2836  185.85103  126  671  198.78579  185.52945  6.67%  43.8  331s
  3439  2844  185.63252   21  654  198.78579  185.63252  6.62%  43.6  335s
  3450  2851  185.71938   63  719  198.78579  185.71938  6.57%  43.5  340s
  3460  2858  185.83172   61  697  198.78579  185.83172  6.52%  43.4  345s
  3470  2865  185.91943  138  661  198.78579  185.91943  6.47%  43.2  350s
  3480  2871  185.95081    7  706  198.78579  185.95081  6.46%  43.1  355s
  3487  2876  186.00952   25  717  198.78579  186.00952  6.43%  43.0  360s
  3495  2881  186.05613   55  692  198.78579  186.05613  6.40%  42.9  366s
  3502  2886  186.08483   61  681  198.78579  186.08483  6.39%  42.8  370s
  3510  2891  196.57688  135  711  198.78579  186.10442  6.38%  42.7  375s
  3522  2899  186.13466   64  722  198.78579  186.13466  6.36%  42.6  380s
  3529  2904  186.20361  116  705  198.78579  186.20361  6.33%  42.5  385s
  3532  2906  186.23355   23  581  198.78579  186.23355  6.31%  42.5  390s
  3543  2913  186.26598   27  699  198.78579  186.26598  6.30%  42.3  395s
  3551  2919  186.29691   72  583  198.78579  186.29691  6.28%  42.2  401s
  3557  2923  186.31139   75  624  198.78579  186.31139  6.28%  42.2  405s
  3562  2926  186.32292  158  681  198.78579  186.32292  6.27%  42.1  411s
  3567  2929  186.33150   44  602  198.78579  186.33150  6.27%  42.1  415s
  3573  2933  186.33764   47  601  198.78579  186.33764  6.26%  42.0  420s
  3578  2937  186.34760   15  644  198.78579  186.34760  6.26%  41.9  426s
H 3580  2783                     198.7095100  186.34927  6.22%  41.9  428s
  3584  2786  186.35197   33  601  198.70951  186.35197  6.22%  41.9  430s
  3589  2789  186.35401   48  664  198.70951  186.35401  6.22%  41.8  435s
  3594  2793  186.35401  112  524  198.70951  186.35401  6.22%  98.3  441s
  3595  2794  186.35401   55  624  198.70951  186.35401  6.22%  98.3  448s
  3596  2795  186.35401  123  626  198.70951  186.35401  6.22%  98.3  450s
  3598  2796  188.58855   78  627  198.70951  186.35401  6.22%  98.2  455s
  3602  2799  186.35401   61  632  198.70951  186.35401  6.22%  98.1  460s
  3613  2806  186.42498  101  642  198.70951  186.42498  6.18%  97.8  465s
  3622  2812  186.46584   64  652  198.70951  186.46584  6.16%  97.6  472s
  3628  2816  186.48329   69  599  198.70951  186.48329  6.15%  97.4  476s
  3634  2820  186.49209   20  654  198.70951  186.49209  6.15%  97.2  481s
  3639  2823  186.49735   21  660  198.70951  186.49735  6.15%  97.1  485s
  3644  2827  187.95609   21  669  198.70951  186.50465  6.14%  97.0  490s
  3649  2830  186.51009  133  618  198.70951  186.51009  6.14%  96.8  497s
  3654  2833  186.51403   61  630  198.70951  186.51403  6.14%  96.7  500s
  3658  2836  186.98280  155  678  198.70951  186.51742  6.14%  96.6  506s
  3663  2839  186.52108   45  650  198.70951  186.52108  6.13%  96.5  512s
  3667  2842  186.53301   44  621  198.70951  186.53301  6.13%  96.4  517s
  3672  2845  186.54759  143  654  198.70951  186.54759  6.12%  96.2  524s
  3675  2847  186.55247   69  690  198.70951  186.55247  6.12%  96.1  525s
  3680  2851  186.55526    7  642  198.70951  186.55526  6.12%  96.0  531s
  3683  2853  186.55706   34  664  198.70951  186.55706  6.12%  95.9  539s
  3684  2853  186.55706   33  661  198.70951  186.55706  6.12%  95.9  540s
  3686  2856 infeasible   29       198.70951  186.56595  6.11%   111  585s
  3688  2855  187.06388   30  622  198.70951  186.89111  5.95%   111  619s
  3690  2854 infeasible   31       198.70951  187.14944  5.82%   111  653s
  3692  2856  187.76993   32  632  198.70951  187.66085  5.56%   111  659s
  3694  2857 infeasible   33       198.70951  187.70559  5.54%   112  663s
  3698  2858  188.42571   34  578  198.70951  187.77949  5.50%   112  668s
  3704  2864  188.46554   35  551  198.70951  187.81209  5.48%   113  673s
  3712  2876  188.48767   36  552  198.70951  187.82637  5.48%   114  676s
  3744  2897  188.49696   38  587  198.70951  187.84840  5.47%   117  680s
H 3760  2761                     198.5214835  187.84840  5.38%   118  682s
  3805  2785  188.50854   42  571  198.52148  187.84840  5.38%   118  687s
H 3808  2647                     198.5214834  187.84840  5.38%   118  687s
H 3810  2516                     198.5214833  187.84840  5.38%   118  687s
  3850  2544  188.54099   45  524  198.52148  187.84840  5.38%   119  700s
H 3854  2419                     198.5043719  187.84840  5.37%   119  700s
  3991  2511  188.86914   56  542  198.50437  187.84840  5.37%   120  705s
  4166  2664  188.89727   67  521  198.50437  187.84840  5.37%   121  710s
  4327  2716  188.92975   78  476  198.50437  187.84840  5.37%   121  718s
H 4333  2597                     198.4741091  187.84840  5.35%   121  718s
  4434  2716  188.98805   83  420  198.47411  187.84840  5.35%   120  721s
  4586  2862  189.12120   91  407  198.47411  187.84840  5.35%   119  725s
  4869  2956  189.17067  117  397  198.47411  187.84840  5.35%   118  730s
H 4905  2832                     198.4741091  187.84840  5.35%   117  730s
  5205  3132  190.26804  137  277  198.47411  187.84840  5.35%   116  735s
H 5737  3145                     198.4492412  187.84840  5.34%   111  738s
  5949  3439  192.16626  191  182  198.44924  187.84840  5.34%   110  741s
  6726  3920  193.77196  264  128  198.44924  187.84840  5.34%   104  746s
H 7093  3765                     198.3964196  187.84840  5.32%   102  747s
  7347  4062  195.04991  339   96  198.39642  187.85376  5.31%   101  750s
  7810  4133  189.68549   41  524  198.39642  187.85376  5.31%   101  758s
  7826  4372  189.68549   42  523  198.39642  187.85376  5.31%   101  760s
  8417  4672  196.45016   43  506  198.39642  187.85376  5.31%   100  765s
  9083  5022  196.93617   53  417  198.39642  187.85376  5.31%  98.2  772s
  9332  4990     cutoff   56       198.39642  187.85376  5.31%  97.7  779s
  9408  5224     cutoff   58       198.39642  187.85376  5.31%  97.4  781s
  9987  5761  197.53400   72  318  198.39642  187.85376  5.31%  95.5  786s
 10675  6330  198.27675   88  280  198.39642  187.85678  5.31%  93.6  793s
 10953  6555  189.24318   42  491  198.39642  187.85678  5.31%  93.0  796s
 11889  7529  192.18720   63  429  198.39642  187.85678  5.31%  90.2  801s
 12426  8060  192.52105   88  305  198.39642  187.85678  5.31%  89.1  805s
 13432  9085  194.35579  156  170  198.39642  187.85678  5.31%  87.4  812s
 14162  9376  196.08826  235   66  198.39642  187.96118  5.26%  85.8  817s
 14507  9950  190.21644   41  561  198.39642  187.96118  5.26%  85.8  820s
 15133 10266  188.20592   47  495  198.39642  187.96118  5.26%  85.2  825s
 16325 11476  188.86131   75  381  198.39642  187.96118  5.26%  83.9  833s
 16878 12189  189.04009   82  383  198.39642  187.96118  5.26%  83.5  836s
 17653 12903  189.34075  108  286  198.39642  187.96118  5.26%  82.8  841s
 18489 13445  189.95294  161  130  198.39642  187.96118  5.26%  82.0  846s
 19105 13575  190.13757  191  195  198.39642  188.01324  5.23%  81.7  859s
 19278 14010  188.58399   48  532  198.39642  188.01324  5.23%  81.5  863s
 19755 14855  188.79721   71  477  198.39642  188.01324  5.23%  81.3  868s
 20702 15195  189.12891  120  425  198.39642  188.01324  5.23%  80.5  876s
H20706 15195                     198.3947766  188.01324  5.23%  80.5  876s
H20726 15193                     198.3790314  188.01324  5.23%  80.5  876s
 21085 15675  195.94942  145  354  198.37903  188.03952  5.21%  80.8  895s
H21268 15675                     198.3790314  188.04096  5.21%  80.8  895s
 21690 16450  188.23672   40  632  198.37903  188.04096  5.21%  81.2  914s
H21715 16450                     198.3790314  188.04096  5.21%  81.6  914s
 22600 18826  188.86894   53  424  198.37903  188.04096  5.21%  83.0  931s
 25235 19756  193.02687   95  319  198.37903  188.04096  5.21%  85.8  942s
 26458 20997  190.01910  147  243  198.37903  188.04096  5.21%  86.8  950s
 27953 22075  191.30172  210  118  198.37903  188.09748  5.18%  86.9  959s
 28759 22075  196.15272  170  246  198.37903  188.11300  5.17%  86.9  960s
 29424 23689  193.74336   96  494  198.37903  188.11338  5.17%  87.0  967s
 31164 24359  196.44199  176  331  198.37903  188.11351  5.17%  86.4  977s
 32047 25196  196.71399   74  457  198.37903  188.11570  5.17%  87.2  986s
 33098 26024  190.39013   63  537  198.37903  188.11570  5.17%  87.0  993s
 34071 27582  194.14202  121  446  198.37903  188.12497  5.17%  87.0 1001s
 35893 28813  196.31682   86  497  198.37903  188.12989  5.17%  86.7 1011s
 37416 29181  191.90627   62  439  198.37903  188.13721  5.16%  86.9 1021s
H37436 29181                     198.3790313  188.13721  5.16%  87.0 1021s
 37909 29772  195.54412   54  421  198.37903  188.14140  5.16%  87.3 1037s
H38469 29772                     198.3790313  188.14206  5.16%  87.4 1037s
 38705 30279     cutoff   56       198.37903  188.14206  5.16%  87.6 1050s
 39751 31156     cutoff   91       198.37903  188.14420  5.16%  89.3 1060s
 41476 31157  191.96284   92  694  198.37903  188.15121  5.16%  90.1 1278s
 41478 31158  196.56705  234  439  198.37903  188.15121  5.16%  90.1 1281s
 41479 31159  189.03107   74  536  198.37903  188.15121  5.16%  90.1 1285s
 41482 31161  188.19308   60  591  198.37903  188.15121  5.16%  90.1 1290s
 41485 31163  189.26460  118  584  198.37903  188.15121  5.16%  90.1 1295s
 41489 31166  196.37468  271  576  198.37903  188.15121  5.16%  90.1 1301s
 41493 31168  189.18591  105  618  198.37903  188.15121  5.16%  90.1 1305s
 41501 31174  189.65157  125  594  198.37903  188.15121  5.16%  90.1 1319s
 41502 31174  196.96276  116  654  198.37903  188.15121  5.16%  90.1 1320s
 41507 31178  190.15883  100  646  198.37903  188.15121  5.16%  90.0 1331s
 41512 31181  190.57451  186  678  198.37903  188.15121  5.16%  90.0 1335s
 41513 31182  198.12942  208  610  198.37903  188.15121  5.16%  90.0 1343s
 41517 31184  190.39357   68  645  198.37903  188.15121  5.16%  90.0 1345s
 41520 31186  192.09458  168  552  198.37903  188.15121  5.16%  90.0 1351s
 41526 31190  190.13517  161  631  198.37903  188.15121  5.16%  90.0 1355s
 41532 31194  196.84025   60  643  198.37903  188.15121  5.16%  90.0 1361s
 41536 31197  196.15776  142  642  198.37903  188.15121  5.16%  90.0 1365s
 41539 31199  191.11576  166  678  198.37903  188.15121  5.16%  90.0 1376s
 41543 31202  192.03084   73  666  198.37903  188.15121  5.16%  90.0 1383s
 41547 31204  193.29713  451  693  198.37903  188.15121  5.16%  90.0 1387s
 41548 31205  191.16532   60  589  198.37903  188.15121  5.16%  90.0 1392s
 41550 31206  191.46650  100  637  198.37903  188.15121  5.16%  89.9 1395s
 41554 31209  195.86512   67  715  198.37903  188.15121  5.16%  89.9 1401s
 41555 31210  195.46838   87  636  198.37903  188.15121  5.16%  89.9 1409s
 41558 31212  190.56482  149  650  198.37903  188.15121  5.16%  89.9 1413s
 41559 31212  194.68478  214  631  198.37903  188.15121  5.16%  89.9 1418s
 41562 31214  192.17989  255  686  198.37903  188.15121  5.16%  89.9 1423s
 41563 31215  190.81973  146  692  198.37903  188.15121  5.16%  89.9 1427s
 41564 31216  196.73350  287  686  198.37903  188.15121  5.16%  89.9 1430s
 41565 31216  192.49318  216  675  198.37903  188.15121  5.16%  89.9 1435s
 41567 31218  196.47256  164  641  198.37903  188.15121  5.16%  89.9 1440s
 41568 31218  195.97495  492  625  198.37903  188.15121  5.16%  89.9 1450s
 41572 31221  195.20121  148  632  198.37903  188.15121  5.16%  89.9 1455s
 41574 31222  190.80076  149  636  198.37903  188.15121  5.16%  89.9 1461s
 41578 31225  196.56705  234  712  198.37903  188.15121  5.16%  89.9 1465s
 41579 31226  189.03107   74  707  198.37903  188.15121  5.16%  89.9 1474s
 41581 31227  190.97786  119  735  198.37903  188.15121  5.16%  89.9 1479s
 41582 31228  188.19308   60  688  198.37903  188.15121  5.16%  89.9 1487s
 41584 31229  191.67196  226  699  198.37903  188.15121  5.16%  89.9 1498s
 41587 31231  193.64925  148  716  198.37903  188.15121  5.16%  89.9 1501s
 41588 31232  190.99772   86  666  198.37903  188.15121  5.16%  89.9 1507s
 41590 31233  197.44958  187  688  198.37903  188.15121  5.16%  89.9 1511s
 41591 31234  189.65729  100  665  198.37903  188.15121  5.16%  89.9 1516s
 41595 31236  193.75670   53  671  198.37903  188.15121  5.16%  89.9 1522s
 41596 31237  190.15416   65  610  198.37903  188.15121  5.16%  89.8 1526s
 41598 31238  194.04648  158  652  198.37903  188.15121  5.16%  89.8 1530s
 41601 31240  189.65157  125  654  198.37903  188.17214  5.15%  89.8 1535s
 41607 31244  190.15883  100  670  198.37903  188.18749  5.14%  89.8 1542s
 41611 31247  198.07052  140  697  198.37903  188.19201  5.14%  89.8 1547s
 41612 31248  190.57451  186  578  198.37903  188.19588  5.13%  89.8 1555s
 41617 31251  190.39357   68  622  198.37903  188.20089  5.13%  89.8 1565s
 41619 31252  188.67825   81  604  198.37903  188.20162  5.13%  89.8 1573s
 41621 31254  191.03791  178  629  198.37903  188.20275  5.13%  89.8 1578s
 41622 31254  196.32900   96  643  198.37903  188.20353  5.13%  89.8 1584s
 41623 31255  197.84156   54  659  198.37903  188.20357  5.13%  89.8 1589s
 41624 31256  190.90332  107  638  198.37903  188.20384  5.13%  89.8 1595s
 41626 31257  190.13517  161  645  198.37903  188.20447  5.13%  89.8 1601s
 41628 31258  196.09029   94  642  198.37903  188.20535  5.13%  89.8 1605s
 41632 31261  196.84025   60  676  198.37903  188.20739  5.13%  89.8 1611s
 41634 31262  188.68752  100  660  198.37903  188.20790  5.13%  89.8 1619s
 41635 31263  188.74711   69  644  198.37903  188.20965  5.13%  89.8 1626s
H41635 29697                     198.3790313  188.20985  5.13%  89.8 1631s
 41637 29698  192.79298  209  636  198.37903  188.21007  5.13%  89.8 1638s
 41639 29700  191.11576  166  668  198.37903  188.21051  5.13%  89.8 1641s
H41639 28212                     198.3790313  188.21051  5.13%  89.8 1644s
 41640 28212  190.24658   80  651  198.37903  188.21065  5.13%  89.8 1645s
 41642 28214  193.85541  115  645  198.37903  188.21067  5.13%  89.7 1650s
 41644 28215  195.81588  128  645  198.37903  188.21077  5.13%  89.7 1659s
 41645 28216  195.01208  121  654  198.37903  188.21079  5.13%  89.7 1663s
H41645 26802                     198.3790313  188.21079  5.13%  89.7 1667s
 41647 26803  193.29713  451  654  198.37903  188.21107  5.13%  89.7 1671s
 41648 26804  191.16532   60  639  198.37903  188.21112  5.13%  89.7 1676s
 41650 26805  191.46650  100  658  198.37903  188.21112  5.13%  89.7 1684s
 41651 26806  188.24460   55  662  198.37903  188.21112  5.13%  89.7 1687s
 41652 26806  189.70026   91  652  198.37903  188.21112  5.13%  89.7 1693s
 41653 26807  193.53708  141  666  198.37903  188.21112  5.13%  89.7 1696s
 41654 26808  195.86512   67  676  198.37903  188.21200  5.13%  89.7 1703s
 41656 26809  192.21638  230  680  198.37903  188.21243  5.12%  89.7 1707s
 41657 26810  194.13836   63  656  198.37903  188.21248  5.12%  89.7 1713s
 41658 26810  190.56482  149  665  198.37903  188.21248  5.12%  89.7 1719s
 41659 26811  194.68478  214  651  198.37903  188.21248  5.12%  89.7 1724s
 41660 26812  192.53712   60  664  198.37903  188.21248  5.12%  89.7 1727s
 41661 26812  191.69513   59  662  198.37903  188.21248  5.12%  89.7 1730s
 41663 26814  190.81973  146  626  198.37903  188.21340  5.12%  89.7 1739s
 41666 26816  195.54167  109  665  198.37903  188.21449  5.12%  89.7 1745s
 41667 26816  196.47256  164  660  198.37903  188.21449  5.12%  89.7 1750s
 41669 26818  192.15476   94  663  198.37903  188.21464  5.12%  89.7 1758s
 41670 26818  188.59655   71  674  198.37903  188.21468  5.12%  89.7 1761s
 41671 26819  196.95679  211  656  198.37903  188.21473  5.12%  89.7 1767s
 41672 26820  195.20121  148  671  198.37903  188.21474  5.12%  89.7 1771s
 41673 26820  189.71200   64  655  198.37903  188.21474  5.12%  89.7 1779s
 41674 26821  190.80076  149  669  198.37903  188.21474  5.12%  89.7 1783s
 41675 26822  190.44101   98  673  198.37903  188.21474  5.12%  89.7 1789s
 41676 26822  191.96284   92  675  198.37903  188.21474  5.12%  89.7 1792s
 41677 26823  189.58464  137  671  198.37903  188.21474  5.12%  89.7 1798s
 41678 26824  196.56705  234  674  198.37903  188.21474  5.12%  89.7 1802s
 41679 26824  189.03107   74  667  198.37903  188.21474  5.12%  89.7 1807s
 41680 26825  193.49818   80  677  198.37903  188.21474  5.12%  89.7 1810s
 41681 26826  190.97786  119  663  198.37903  188.21475  5.12%  89.7 1817s
 41682 26826  188.21476   60  678  198.37903  188.21476  5.12%  89.7 1822s
 41683 26827  189.86515  150  672  198.37903  188.21476  5.12%  89.7 1827s
 41684 26828  191.67196  226  676  198.37903  188.21476  5.12%  89.7 1831s
 41686 26829  190.86614  170  676  198.37903  188.21477  5.12%  89.7 1837s
 41687 26830  193.64925  148  666  198.37903  188.21477  5.12%  89.7 1841s
 41688 26830  190.99772   86  673  198.37903  188.21477  5.12%  89.7 1845s
 41689 26831  196.37468  271  665  198.37903  188.21477  5.12%  89.6 1851s
 41690 26832  197.44958  187  679  198.37903  188.21477  5.12%  89.6 1856s
 41691 26832  189.65729  100  663  198.37903  188.21477  5.12%  89.6 1860s
 41693 26834  189.18591  105  666  198.37903  188.21478  5.12%  89.6 1868s
 41694 26834  191.17270  272  677  198.37903  188.21478  5.12%  89.6 1872s
 41695 26835  193.75670   53  669  198.37903  188.21483  5.12%  89.6 1875s
 41696 26836  190.15416   65  686  198.37903  188.21484  5.12%  89.6 1880s
 41697 26836  194.95229  117  640  198.37903  188.21751  5.12%  89.6 1887s
 41700 26838  193.48272   66  673  198.37903  188.21901  5.12%  89.6 1891s
 41701 26839  189.65157  125  668  198.37903  188.21939  5.12%  89.6 1900s
 41704 26841  192.43506  237  678  198.37903  188.22040  5.12%  89.6 1910s
 41706 26842  193.44535  187  664  198.37903  188.22106  5.12%  89.6 1918s
 41708 26844  190.37430  219  682  198.37903  188.22137  5.12%  89.6 1922s
 41709 26844  189.25461   97  671  198.37903  188.22151  5.12%  89.6 1926s
 41710 26845  191.85525   95  684  198.37903  188.22152  5.12%  89.6 1931s
 41711 26846  198.07052  140  666  198.37903  188.22153  5.12%  89.6 1942s
 41712 26846  190.57451  186  675  198.37903  188.22153  5.12%  89.6 1946s
 41713 26847  198.12942  208  671  198.37903  188.22157  5.12%  89.6 1950s
 41715 26848  193.02146  175  677  198.37903  188.22159  5.12%  89.6 1959s
 41716 26849  194.09647   45  679  198.37903  188.22170  5.12%  89.6 1965s
 41717 26850  190.39357   68  674  198.37903  188.22193  5.12%  89.6 1971s
 41718 26850  195.52593   95  681  198.37903  188.22197  5.12%  89.6 1977s
 41719 26851  188.67825   81  661  198.37903  188.22197  5.12%  89.6 1984s
 41720 26852  192.09458  168  675  198.37903  188.22197  5.12%  89.6 1988s
 41721 26852  191.03791  178  664  198.37903  188.22197  5.12%  89.6 1995s
 41723 26854  197.84156   54  658  198.37903  188.22197  5.12%  89.6 2005s
 41724 26854  190.90332  107  676  198.37903  188.22198  5.12%  89.6 2010s
 41725 26855  189.61972  114  678  198.37903  188.22334  5.12%  89.6 2016s
 41727 26856  191.32823   88  667  198.37903  188.22535  5.12%  89.6 2023s
 41728 26857  196.09029   94  659  198.37903  188.22548  5.12%  89.6 2026s
 41729 26858  197.27483   95  668  198.37903  188.22550  5.12%  89.6 2033s
 41730 26858  194.32248  339  619  198.37903  188.22665  5.12%  89.6 2041s
 41732 26860  196.84025   60  634  198.37903  188.22723  5.12%  89.6 2045s
 41734 26861  188.68752  100  627  198.37903  188.22764  5.12%  89.6 2051s
 41736 26862  196.15776  142  637  198.37903  188.22791  5.12%  89.5 2056s
 41737 26863  192.79298  209  652  198.37903  188.22836  5.12%  89.5 2062s
 41738 26864  191.70566   60  678  198.37903  188.22848  5.12%  89.5 2067s
 41739 26864  191.11576  166  666  198.37903  188.22860  5.12%  89.5 2073s
 41740 26865  190.24658   80  682  198.37903  188.22877  5.12%  89.5 2076s
 41741 26866  190.44833   66  651  198.37903  188.22889  5.12%  89.5 2082s
 41742 26866  193.85541  115  666  198.37903  188.22911  5.12%  89.5 2087s
 41743 26867  192.03084   73  662  198.37903  188.22917  5.12%  89.5 2092s
 41744 26868  195.81588  128  656  198.37903  188.22920  5.12%  89.5 2095s
 41745 26868  195.01208  121  653  198.37903  188.22920  5.12%  89.5 2103s
 41746 26869  188.59633   59  667  198.37903  188.22920  5.12%  89.5 2110s
 41747 26870  193.29713  451  651  198.37903  188.22920  5.12%  89.5 2115s
 41749 26871  190.95313  113  644  198.37903  188.22931  5.12%  89.5 2125s
 41751 26872  188.24460   55  655  198.37903  188.22940  5.12%  89.5 2133s
 41752 26873  189.70026   91  658  198.37903  188.22941  5.12%  89.5 2137s
 41753 26874  193.53708  141  649  198.37903  188.22941  5.12%  89.5 2143s
 41754 26874  195.86512   67  657  198.37903  188.22942  5.12%  89.5 2149s
 41755 26875  195.46838   87  649  198.37903  188.22942  5.12%  89.5 2154s
 41756 26876  192.21638  230  656  198.37903  188.22942  5.12%  89.5 2158s
 41757 26876  194.13836   63  646  198.37903  188.22942  5.12%  89.5 2163s
 41758 26877  190.56482  149  655  198.37903  188.22942  5.12%  89.5 2167s
 41759 26878  194.68478  214  647  198.37903  188.22962  5.12%  89.5 2172s
 41760 26878  192.53712   60  658  198.37903  188.22977  5.12%  89.5 2177s
 41761 26879  191.69513   59  666  198.37903  188.22990  5.12%  89.5 2182s
 41762 26880  192.17989  255  665  198.37903  188.22992  5.12%  89.5 2187s
 41763 26880  190.81973  146  647  198.37903  188.22992  5.12%  89.5 2192s
 41764 26881  196.73350  287  666  198.37903  188.22992  5.12%  89.5 2197s
 41765 26882  192.49318  216  658  198.37903  188.22992  5.12%  89.5 2203s
 41766 26882  195.54167  109  667  198.37903  188.22992  5.12%  89.5 2207s
 41767 26883  196.47256  164  656  198.37903  188.22992  5.12%  89.5 2211s
 41768 26884  195.97495  492  672  198.37903  188.22992  5.12%  89.5 2216s
 41769 26884  192.15476   94  658  198.37903  188.22992  5.12%  89.5 2230s
 41770 26885  188.59655   71  633  198.37903  188.22992  5.12%  89.5 2235s
 41772 26887     cutoff   42       198.37903  188.25259  5.10%  92.4 2274s
 41774 26889  191.05406   43  449  198.37903  188.64457  4.91%  92.5 2309s
 41776 26891  195.64960   44  443  198.37903  188.71129  4.87%  92.5 2341s
 41780 26893  195.79579   45  478  198.37903  188.71182  4.87%  92.5 2372s
 41787 26897  195.79589   46  477  198.37903  188.72275  4.87%  92.6 2375s
 41797 26908  195.82126   47  441  198.37903  188.72368  4.87%  92.7 2380s
H41811 25554                     198.3790312  188.72826  4.86%  92.7 2380s
 41813 25569  195.82810   48  407  198.37903  188.72826  4.86%  92.7 2387s
 41845 25583  195.82810   49  407  198.37903  188.73492  4.86%  92.9 2391s
 41861 25593  195.96357   49  412  198.37903  188.73492  4.86%  93.0 2408s
 41877 25618  195.82830   50  410  198.37903  188.73492  4.86%  93.0 2410s
 41909 25623  195.82830   51  410  198.37903  188.73492  4.86%  93.0 2422s
 41956 25664  195.88849   52  385  198.37903  188.73492  4.86%  93.0 2425s
 42038 25685  195.85880   55  439  198.37903  188.73492  4.86%  93.1 2444s
 42054 25723  196.70692   55  441  198.37903  188.73492  4.86%  93.1 2447s
 42107 25722  195.85880   56  436  198.37903  188.73492  4.86%  93.1 2476s
H42119 24436                     198.3790312  188.73492  4.86%  93.1 2476s
 42192 24496     cutoff   59       198.37903  188.73492  4.86%  93.1 2514s
H42196 23278                     198.3790312  188.73492  4.86%  93.1 2514s
 42221 23350  196.42093   60  445  198.37903  188.73492  4.86%  93.1 2517s
 42312 23339  196.01604   63  382  198.37903  188.73492  4.86%  93.1 2553s
H42315 22181                     198.3790311  188.73492  4.86%  93.1 2553s
H42321 21080                     198.3790311  188.73492  4.86%  93.1 2553s
 42332 21143  195.93767   64  444  198.37903  188.73492  4.86%  93.1 2556s
 42474 21215  196.07160   68  347  198.37903  188.73492  4.86%  93.2 2560s
 42776 21384  196.24713   74  382  198.37903  188.73492  4.86%  93.3 2566s
 43013 21519  196.20914   81  386  198.37903  188.73492  4.86%  93.2 2571s
 43274 21577  196.23146   85  335  198.37903  188.73492  4.86%  93.3 2589s
H43286 20529                     198.3790311  188.73492  4.86%  93.3 2589s
 43290 20660  196.96621   85  415  198.37903  188.73492  4.86%  93.4 2591s
 43565 20839  196.40225   92  272  198.37903  188.73492  4.86%  93.5 2595s
 43942 21046  196.33101  106  318  198.37903  188.73492  4.86%  93.6 2605s
 44143 20994  196.33317  110  321  198.37903  188.73492  4.86%  93.6 2620s
H44146 19990                     198.2411931  188.73492  4.80%  93.6 2620s
 44423 20314  196.33428  115  304  198.24119  188.73492  4.80%  93.6 2627s
 44658 20435     cutoff  126       198.24119  188.73492  4.80%  93.6 2631s
 44909 20539  196.35844  132  360  198.24119  188.73492  4.80%  93.6 2635s
 45404 20853  196.99136  140  323  198.24119  188.73492  4.80%  93.8 2641s
 45700 21064  196.38886  146  338  198.24119  188.73492  4.80%  93.8 2646s
 46371 21305  196.80195  157  324  198.24119  188.73492  4.80%  93.7 2652s
 46696 21449  196.70186  162  354  198.24119  188.73492  4.80%  93.7 2655s
 47315 21954  190.61667   57  436  198.24119  188.85656  4.73%  93.7 2662s
 47824 22141  194.06821   92  397  198.24119  188.85656  4.73%  93.5 2667s
 48270 22445  194.56639  117  257  198.24119  188.85656  4.73%  93.3 2672s
 48881 22693  195.25402  154  223  198.24119  188.85656  4.73%  93.2 2676s
 49463 22891  196.96571  198  145  198.24119  188.89509  4.71%  92.9 2680s
 50016 23004  189.16410   61  431  198.24119  188.89509  4.71%  92.8 2685s
 50375 23326  191.59380   83  360  198.24119  188.89509  4.71%  92.9 2690s
 51505 23847  198.13175  133  104  198.24119  188.89933  4.71%  93.0 2699s
 52122 24147  189.48883   94  446  198.24119  188.89933  4.71%  92.9 2703s
 52712 24290  193.24555  147  355  198.24119  188.89933  4.71%  92.8 2710s
 53172 24540  194.38324  186  226  198.24119  188.92665  4.70%  92.9 2715s
 54251 25023  195.74036   87  365  198.24119  188.93409  4.69%  93.3 2724s
 54791 25318  191.17210   81  455  198.24119  188.93409  4.69%  93.6 2731s
 55336 25583  191.20417   89  328  198.24119  188.93409  4.69%  94.0 2738s
 56052 25912     cutoff  120       198.24119  188.93968  4.69%  94.3 2743s
 56715 26318  190.85012  107  302  198.24119  188.95100  4.69%  94.6 2749s
 57555 26050  191.97984   60  408  198.24119  188.95104  4.69%  94.6 2765s
H57557 25108                     198.2411930  188.95104  4.69%  94.6 2765s
H57561 24211                     198.2411930  188.95104  4.69%  94.6 2765s
 57575 24565  191.97984   61  407  198.24119  188.95104  4.69%  94.6 2776s
 58221 24807     cutoff   78       198.24119  188.95104  4.69%  94.7 2784s
 58930 25249     cutoff   97       198.24119  188.95461  4.68%  94.8 2789s
 59830 25940  189.02333   86  367  198.24119  188.96207  4.68%  94.8 2796s
 60948 25753  196.84877  121  415  198.24119  188.96207  4.68%  94.5 2813s
H61136 24816                     198.2130911  188.96207  4.67%  94.4 2813s
 61204 25346  196.85070  122  355  198.21309  188.96638  4.67%  94.4 2820s
 61977 25763  189.76662   72  382  198.21309  188.97428  4.66%  94.4 2836s
 63157 26589     cutoff   87       198.21309  188.97456  4.66%  94.2 2852s
 65049 27031  190.67618  120  363  198.21309  188.98623  4.66%  93.7 2861s
 66300 26772  189.10673   81  351  198.21309  188.98623  4.66%  93.7 2887s
 66520 27528  189.10693   82  363  198.21309  188.98623  4.66%  93.7 2899s
 67555 28604  191.32618  147  283  198.21309  188.98696  4.65%  93.5 2909s
 69260 29213  189.02580   69  409  198.21309  188.98883  4.65%  93.0 2920s
 70796 29883     cutoff  106       198.21309  188.99003  4.65%  92.8 2931s
 72405 30840  196.83662  103  340  198.21309  188.99450  4.65%  92.7 2941s
 74265 31448  189.87510  111  407  198.21309  188.99580  4.65%  92.1 2951s
 75830 32120     cutoff  120       198.21309  188.99871  4.65%  92.0 2961s
 77385 31781  194.65413  116  314  198.21309  188.99889  4.65%  92.0 2974s
 77603 32885     cutoff  124       198.21309  188.99998  4.65%  92.0 2986s
 78988 33880  194.49588   91  487  198.21309  189.00158  4.65%  91.7 2997s
 81017 34310     cutoff  115       198.21309  189.00952  4.64%  91.4 3013s
 82602 35972  197.01954  142  254  198.21309  189.01096  4.64%  91.7 3047s
 85869 35329  195.09835   72  444  198.21309  189.01571  4.64%  91.8 3088s
H85948 34495                     198.2130911  189.01571  4.64%  91.8 3088s
 86459 34704  192.09043  105  404  198.21309  189.01571  4.64%  91.8 3104s
 86905 36597  192.55602  114  393  198.21309  189.01671  4.64%  91.8 3127s
 89768 37601  195.45903   98  419  198.21309  189.02244  4.64%  91.7 3148s
 91471 39748  193.71607  141  260  198.21309  189.02453  4.64%  91.7 3165s
 94198 41609  189.28644  104  367  198.21309  189.02653  4.63%  91.5 3183s
H96757 41961                     198.2130909  189.02768  4.63%  91.3 3202s
 97183 43928  189.09021   77  435  198.21309  189.02777  4.63%  91.3 3220s
 99629 45123  190.99252   81  412  198.21309  189.02930  4.63%  91.1 3238s
 101639 46046  189.28991   91  424  198.21309  189.02965  4.63%  91.4 3252s
 103014 48377  193.22750   77  291  198.21309  189.03111  4.63%  91.7 3277s
H106138 48684                     198.2130909  189.03216  4.63%  91.9 3348s
 106613 49101  196.85494  104  478  198.21309  189.03216  4.63%  91.9 3383s
H106715 49075                     198.1857348  189.03216  4.62%  91.9 3383s
 107223 50466  197.20247  105  482  198.18573  189.03342  4.62%  92.1 3414s
 108215 50466  194.51883   81  513  198.18573  189.03342  4.62%  92.3 3415s
 109342 51805  190.00138  161  362  198.18573  189.03436  4.62%  92.5 3444s
 111553 53717  192.28595   80  373  198.18573  189.03661  4.62%  93.5 3466s
 114155 55202  189.82190  155  462  198.18573  189.03678  4.62%  93.9 3495s
 116047 55916  189.22775  103  406  198.18573  189.03678  4.62%  94.0 3524s
H116437 55916                     198.1857348  189.03678  4.62%  93.9 3524s
 117336 58300  189.22821  104  411  198.18573  189.03892  4.62%  93.9 3554s
 120438 59976  194.54002   90  449  198.18573  189.03971  4.61%  93.8 3579s
 123046 61186  195.64897   80  409  198.18573  189.04130  4.61%  93.7 3605s
 125482 61313  196.96474  108  347  198.18573  189.04482  4.61%  93.6 3629s
 125702 72903  189.15834   85  523  198.18573  189.04491  4.61%  93.7 3752s
H141718 72863                     198.1733335  189.05624  4.60%  93.7 3859s
H141747 72863                     198.1733335  189.05624  4.60%  93.7 3859s
 141749 73081  195.00151   93  364  198.17333  189.05624  4.60%  93.7 3881s
H141852 73081                     198.1733335  189.05624  4.60%  93.8 3881s
 142023 74196     cutoff  101       198.17333  189.05669  4.60%  93.7 3898s
 143518 75297  195.69334  108  399  198.17333  189.05826  4.60%  93.8 3916s
 144919 76967  189.24158   68  478  198.17333  189.05937  4.60%  94.1 3940s
 147304 77326     cutoff   86       198.17333  189.06053  4.60%  94.3 3967s
 147918 82174     cutoff   95       198.17333  189.06227  4.60%  94.3 4036s
 155237 83423  195.15075  160  313  198.17333  189.06396  4.60%  95.5 4062s
H155770 83423                     198.1733334  189.06396  4.60%  95.4 4062s
 157096 85662  197.16402  261  274  198.17333  189.06530  4.60%  95.4 4086s
 159978 88088  194.60927  108  304  198.17333  189.06802  4.59%  95.3 4106s
 163235 88949  189.16533  107  520  198.17333  189.06948  4.59%  95.2 4126s
 164361 90912  189.16533  108  475  198.17333  189.06993  4.59%  95.1 4154s
 167108 92416  197.77632   70  367  198.17333  189.07148  4.59%  95.1 4173s
 169646 93231     cutoff  126       198.17333  189.07387  4.59%  95.4 4197s
 170884 97366  197.02676  105  359  198.17333  189.07394  4.59%  95.6 4246s
 176485 97983  189.71942  139  363  198.17333  189.07744  4.59%  95.7 4274s
 177310 99927  194.76960  106  395  198.17333  189.07784  4.59%  95.7 4302s
 179923 102156  194.90461  158  346  198.17333  189.07978  4.59%  95.7 4326s
 182823 102531  191.71245   83  356  198.17333  189.08065  4.59%  95.7 4350s
 183380 104065  191.72416   84  377  198.17333  189.08126  4.59%  95.6 4369s
 185436 106555  190.70609  144  354  198.17333  189.08269  4.59%  95.7 4394s
 188640 107522  193.38051   95  413  198.17333  189.08330  4.59%  95.6 4415s
 190028 109815  192.61708  102  400  198.17333  189.08412  4.59%  95.5 4445s
 193142 111842  196.51983  109  479  198.17333  189.08591  4.59%  95.5 4481s
 196389 112425     cutoff  105       198.17333  189.08820  4.58%  95.7 4505s
 197201 114792     cutoff  108       198.17333  189.08830  4.58%  95.8 4536s
 200755 116068  189.68422  104  337  198.17333  189.09027  4.58%  95.6 4556s
 202473 118389  196.34520  121  368  198.17333  189.09040  4.58%  95.7 4580s
 205659 119070  193.35252  149  255  198.17333  189.09209  4.58%  95.6 4600s
 206593 122342  196.94071  114  362  198.17333  189.09253  4.58%  95.6 4634s
 210478 124000     cutoff  153       198.17333  189.09312  4.58%  95.2 4666s
 212668 126095  192.24071   76  370  198.17333  189.09414  4.58%  95.0 4688s
 215685 128213  195.54088  104  410  198.17333  189.09588  4.58%  94.8 4717s
 218819 128559     cutoff   91       198.17333  189.09750  4.58%  94.9 4739s
 219399 130868  196.49590   94  484  198.17333  189.09770  4.58%  95.0 4769s
 222749 132741  195.07908   87  441  198.17333  189.09918  4.58%  94.9 4794s
 225947 134006  189.26407   98  360  198.17333  189.10032  4.58%  94.9 4816s
 227912 134561  193.43969  111  320  198.17333  189.10140  4.58%  94.9 4839s
 229022 136441     cutoff  124       198.17333  189.10195  4.58%  94.8 4864s
 231989 138369     cutoff   95       198.17333  189.10280  4.58%  94.8 4886s
 235302 140211  189.32777   91  366  198.17333  189.10351  4.58%  94.7 4910s
 237915 141995  190.04847   74  389  198.17333  189.10418  4.58%  94.8 4944s
 241042 143081  189.23615   94  424  198.17333  189.10512  4.58%  95.0 4970s
 242815 143893  190.22725  194  322  198.17333  189.10512  4.58%  95.0 4999s
 244017 145465  193.19741  253  200  198.17333  189.10648  4.58%  95.0 5034s
 246914 145477  194.98051   82  443  198.17333  189.10708  4.57%  95.2 5073s
 246948 146909  194.98090   83  398  198.17333  189.10820  4.57%  95.2 5101s
H248936 146346                     198.0900002  189.10914  4.53%  95.3 5101s
 249082 146958  195.99830  101  448  198.09000  189.10915  4.53%  95.3 5131s
H249597 146958                     198.0900000  189.10915  4.53%  95.3 5131s
 250003 149509     cutoff  121       198.09000  189.10926  4.53%  95.4 5167s
 253376 149517  189.36861   77  378  198.09000  189.11108  4.53%  95.4 5244s
 253399 151040  189.37087   78  378  198.09000  189.11136  4.53%  95.4 5274s
 255451 152357  189.95138  162  311  198.09000  189.11213  4.53%  95.5 5307s
 257366 154699  189.86625  124  330  198.09000  189.11288  4.53%  95.5 5337s
 260860 155702     cutoff  102       198.09000  189.11453  4.53%  95.5 5366s
 263317 156590 infeasible  168       198.09000  189.11527  4.53%  95.6 5392s
 264736 158102  189.95654  117  396  198.09000  189.11544  4.53%  95.7 5429s
 265423 158102     cutoff  141       198.09000  189.11599  4.53%  95.7 5430s
 267420 160011  194.34170  127  310  198.09000  189.11753  4.53%  95.9 5461s
 270997 160832  194.77167  128  267  198.09000  189.11891  4.53%  96.0 5493s
H271249 160832                     198.0899997  189.11909  4.53%  96.0 5493s
 272216 163541  195.25455  139  361  198.09000  189.11954  4.53%  96.1 5525s
 276064 164591  197.97353  106  395  198.09000  189.12108  4.53%  96.1 5550s
 278026 165433  189.32229   83  442  198.09000  189.12170  4.53%  96.3 5583s
 279595 166953  191.56561  147  443  198.09000  189.12207  4.53%  96.4 5615s
 282042 168553  193.46443  108  379  198.09000  189.12294  4.53%  96.6 5649s
 284238 171075  197.70445  105  341  198.09000  189.12314  4.53%  96.7 5691s
 288113 172938  189.30623  102  381  198.09000  189.12408  4.53%  96.8 5715s
 290796 174312  195.45135  131  394  198.09000  189.12484  4.53%  96.9 5745s
 292728 175868  189.16777   62  383  198.09000  189.12554  4.53%  97.0 5776s
 295703 176705  195.41154  107  177  198.09000  189.12622  4.53%  97.1 5817s
H296322 176705                     198.0899994  189.12674  4.52%  97.1 5817s
 296967 178428  192.56338  125  269  198.09000  189.12675  4.52%  97.1 5841s
 299444 179694     cutoff  145       198.09000  189.12772  4.52%  97.2 5868s
 301573 181157  196.32794  129  251  198.09000  189.12826  4.52%  97.2 5896s
 303624 182346  189.57159  123  357  198.09000  189.12911  4.52%  97.3 5925s
 305353 185909  196.63441  108  300  198.09000  189.12963  4.52%  97.3 5969s
 308791 185909  197.94162  235  305  198.09000  189.13000  4.52%  97.2 5970s
 310368 186465     cutoff  117       198.09000  189.13061  4.52%  97.2 6016s
H310516 186465                     198.0899989  189.13061  4.52%  97.2 6016s
 311191 187938  196.37666  125  413  198.09000  189.13092  4.52%  97.2 6044s
 313410 190010  192.03285   64  374  198.09000  189.13210  4.52%  97.3 6075s
 316720 190619  192.31531  117  469  198.09000  189.13210  4.52%  97.2 6100s
 317640 191981  192.33788  118  428  198.09000  189.13245  4.52%  97.2 6130s
 319748 193951  195.09752   89  386  198.09000  189.13366  4.52%  97.3 6162s
 323014 194665  198.02056  112  386  198.09000  189.13507  4.52%  97.3 6193s
 324075 196254     cutoff  132       198.09000  189.13516  4.52%  97.4 6229s
 326410 198090  196.97638  102  410  198.09000  189.13604  4.52%  97.4 6257s
 329748 199003  189.32866   84  367  198.09000  189.13723  4.52%  97.5 6295s
 331216 200812  192.36160  142  350  198.09000  189.13735  4.52%  97.5 6326s
 333764 201687  194.80988  186  388  198.09000  189.13847  4.52%  97.6 6359s
 335698 203088  189.23993  128  361  198.09000  189.13889  4.52%  97.7 6395s
 337860 204125     cutoff  139       198.09000  189.13999  4.52%  97.8 6432s
 339392 206633  190.01694  114  284  198.09000  189.14033  4.52%  97.9 6477s
 343036 207790  193.22852  153  319  198.09000  189.14198  4.52%  97.9 6507s
 344812 208883  191.83463  116  433  198.09000  189.14229  4.52%  98.0 6538s
 346421 212356  195.85852  114  393  198.09000  189.14303  4.52%  97.9 6584s
 351491 212365  189.17914  100  455  198.09000  189.14444  4.52%  97.9 6643s
H351504 212365                     198.0899984  189.14444  4.52%  97.9 6643s
 351513 213603  189.17960  101  456  198.09000  189.14466  4.52%  97.9 6670s
 353573 214955  196.65875  101  448  198.09000  189.14590  4.52%  97.9 6692s
 355848 217313  196.55484   96  436  198.09000  189.14666  4.51%  98.0 6718s
 359203 218750  190.98534  115  374  198.09000  189.14739  4.51%  97.9 6744s
 361254 220822     cutoff   80       198.09000  189.14821  4.51%  97.8 6768s
 364487 222173  190.31980  132  315  198.09000  189.14919  4.51%  97.7 6794s
 366349 223322  196.32998  137  295  198.09000  189.14959  4.51%  97.8 6818s
 368206 225976  196.34286  206  341  198.09000  189.15040  4.51%  97.8 6857s
 372329 227022  190.02986  131  370  198.09000  189.15141  4.51%  97.8 6883s
H374400 227782                     198.0899980  189.15205  4.51%  97.9 6909s
 375451 229461  196.29717   89  398  198.09000  189.15233  4.51%  98.0 6938s
 377945 231877  197.84813  145  261  198.09000  189.15318  4.51%  98.0 6969s
 381759 232456  190.01943  120  406  198.09000  189.15359  4.51%  97.9 6993s
 382904 234228  192.28026  122  369  198.09000  189.15405  4.51%  98.0 7024s
 386190 235779  191.53216  104  468  198.09000  189.15481  4.51%  97.9 7046s
 388389 237227  197.08557  117  392  198.09000  189.15518  4.51%  97.9 7076s
 390596 237427  195.75348  108  401  198.09000  189.15559  4.51%  97.8 7113s
 390883 240223  197.42002   91  324  198.09000  189.15602  4.51%  97.8 7149s
 395035 242005  195.89324  224  216  198.09000  189.15681  4.51%  97.9 7176s
 397496 243063  190.31865   92  366  198.09000  189.15750  4.51%  97.9 7200s

Cutting planes:
  Learned: 2
  Gomory: 127
  Cover: 145
  Implied bound: 507
  Projected implied bound: 9
  MIR: 1098
  StrongCG: 7
  Flow cover: 2202
  GUB cover: 5
  Inf proof: 30
  Zero half: 44
  Mod-K: 1
  Network: 3
  RLT: 49
  Relax-and-lift: 118
  PSD: 1

Explored 398916 nodes (39064366 simplex iterations) in 7200.12 seconds (1731.79 work units)
Thread count was 32 (of 32 available processors)

Solution count 10: 198.09 198.09 198.09 ... 198.173

Time limit reached
Best objective 1.980899979545e+02, best bound 1.891575012377e+02, gap 4.5093%
