
Gurobi 9.5.2 (linux64) logging started Wed Aug  5 07:13:18 2026

Set parameter LogFile to value "/mnt/beegfs/users/celinep/ChargeAndBreak/logs/RlongCmediumTnone_47_RO_20260803_212700_068_gurobi.log"
Gurobi Optimizer version 9.5.2 build v9.5.2rc0 (linux64)
Thread count: 16 physical cores, 32 logical processors, using up to 32 threads
Optimize a model with 8038 rows, 4650 columns and 28062 nonzeros
Model fingerprint: 0x80937d1e
Variable types: 2902 continuous, 1748 integer (1748 binary)
Coefficient statistics:
  Matrix range     [2e-02, 2e+03]
  Objective range  [1e+00, 1e+00]
  Bounds range     [1e+00, 1e+00]
  RHS range        [1e-02, 2e+07]
Presolve removed 2331 rows and 778 columns
Presolve time: 0.23s
Presolved: 5707 rows, 3872 columns, 23624 nonzeros
Variable types: 2287 continuous, 1585 integer (1584 binary)

Root relaxation: objective 1.427870e+02, 5085 iterations, 0.28 seconds (0.13 work units)

    Nodes    |    Current Node    |     Objective Bounds      |     Work
 Expl Unexpl |  Obj  Depth IntInf | Incumbent    BestBd   Gap | It/Node Time

     0     0  143.00337    0  535          -  143.00337      -     -    1s
     0     0  146.03729    0  587          -  146.03729      -     -    2s
     0     0  146.09526    0  545          -  146.09526      -     -    2s
     0     0  146.09534    0  561          -  146.09534      -     -    2s
     0     0  147.62093    0  595          -  147.62093      -     -    3s
     0     0  147.75824    0  595          -  147.75824      -     -    4s
     0     0  147.76996    0  595          -  147.76996      -     -    4s
     0     0  147.77840    0  595          -  147.77840      -     -    4s
     0     0  147.77936    0  602          -  147.77936      -     -    4s
H    0     0                     194.9806364  147.77936  24.2%     -    4s
     0     0  148.91535    0  593  194.98064  148.91535  23.6%     -    5s
     0     0  149.11608    0  575  194.98064  149.11608  23.5%     -    5s
     0     0  149.21660    0  584  194.98064  149.21660  23.5%     -    5s
     0     0  149.22446    0  596  194.98064  149.22446  23.5%     -    5s
     0     0  149.22968    0  575  194.98064  149.22968  23.5%     -    5s
     0     0  149.23000    0  593  194.98064  149.23000  23.5%     -    6s
     0     0  150.03404    0  607  194.98064  150.03404  23.1%     -    6s
     0     0  150.14139    0  622  194.98064  150.14139  23.0%     -    7s
     0     0  150.15277    0  659  194.98064  150.15277  23.0%     -    7s
     0     0  150.15393    0  654  194.98064  150.15393  23.0%     -    7s
     0     0  150.42446    0  592  194.98064  150.42446  22.9%     -    7s
     0     0  150.44969    0  628  194.98064  150.44969  22.8%     -    7s
     0     0  150.45542    0  656  194.98064  150.45542  22.8%     -    8s
     0     0  150.45608    0  662  194.98064  150.45608  22.8%     -    8s
     0     0  150.59418    0  665  194.98064  150.59418  22.8%     -    8s
     0     0  150.61564    0  652  194.98064  150.61564  22.8%     -    8s
     0     0  150.61876    0  652  194.98064  150.61876  22.8%     -    8s
     0     0  150.61986    0  672  194.98064  150.61986  22.8%     -    8s
     0     0  150.67543    0  646  194.98064  150.67543  22.7%     -    9s
     0     0  150.68561    0  636  194.98064  150.68561  22.7%     -    9s
     0     0  150.68608    0  653  194.98064  150.68608  22.7%     -    9s
     0     0  150.78855    0  633  194.98064  150.78855  22.7%     -    9s
     0     0  150.80618    0  674  194.98064  150.80618  22.7%     -   10s
     0     0  150.81082    0  674  194.98064  150.81082  22.7%     -   10s
     0     0  150.81147    0  683  194.98064  150.81147  22.7%     -   10s
     0     0  150.84085    0  655  194.98064  150.84085  22.6%     -   10s
     0     0  150.84743    0  660  194.98064  150.84743  22.6%     -   10s
     0     0  150.85015    0  668  194.98064  150.85015  22.6%     -   10s
     0     0  150.85015    0  666  194.98064  150.85015  22.6%     -   10s
     0     0  150.86537    0  633  194.98064  150.86537  22.6%     -   11s
     0     0  150.86644    0  656  194.98064  150.86644  22.6%     -   11s
     0     0  150.93003    0  631  194.98064  150.93003  22.6%     -   11s
     0     0  150.94793    0  589  194.98064  150.94793  22.6%     -   11s
     0     0  150.95009    0  636  194.98064  150.95009  22.6%     -   11s
     0     0  150.96777    0  599  194.98064  150.96777  22.6%     -   12s
     0     0  150.96849    0  652  194.98064  150.96849  22.6%     -   12s
     0     0  150.97116    0  660  194.98064  150.97116  22.6%     -   12s
     0     0  150.97134    0  659  194.98064  150.97134  22.6%     -   12s
     0     0  150.97296    0  661  194.98064  150.97296  22.6%     -   12s
     0     0  150.97296    0  640  194.98064  150.97296  22.6%     -   13s
     0     2  150.97296    0  608  194.98064  150.97296  22.6%     -   15s
H   79    96                     194.9395216  151.01012  22.5%   147   18s
H   80    96                     194.7644063  151.01012  22.5%   146   18s
H  121   138                     194.6725875  151.01012  22.4%   114   19s
H  121   138                     194.5585884  151.01012  22.4%   114   19s
H  123   138                     194.1755693  151.01012  22.2%   112   19s
H  127   138                     193.9348310  151.01012  22.1%   110   19s
H  167   182                     193.5639369  151.01012  22.0%  94.4   21s
H  167   182                     183.4790131  151.01012  17.7%  94.4   21s
H  174   182                     182.9063165  151.01012  17.4%  91.6   21s
H  222   235                     182.6494172  151.01012  17.3%  79.0   22s
H  288   296                     182.6242516  151.01012  17.3%  68.0   23s
H  356   369                     182.3642358  151.01012  17.2%  59.8   26s
H  361   369                     182.2232204  151.01012  17.1%  59.2   26s
H  364   369                     182.2035258  151.01012  17.1%  58.8   26s
H  366   369                     181.6748178  151.01012  16.9%  59.6   26s
H  529   530                     180.6148803  151.01012  16.4%  48.8   27s
H  538   530                     180.4519620  151.01012  16.3%  48.3   27s
   723   706  151.20749   49  592  180.45196  151.01012  16.3%  42.1   30s
H  732   706                     174.2310434  151.01012  13.3%  41.8   30s
H  738   706                     171.8592162  151.01012  12.1%  41.8   30s
H  836   805                     171.0927276  151.01012  11.7%  39.6   33s
H  837   805                     170.9487068  151.01012  11.7%  39.8   33s
H  851   805                     170.8765428  151.01012  11.6%  39.7   33s
   909   878  151.24393   56  593  170.87654  151.01012  11.6%  38.8   35s
H  915   878                     170.8579290  151.01012  11.6%  38.6   35s
H 1038   978                     170.8228812  151.01012  11.6%  37.2   35s
H 1280  1210                     170.6708445  151.01012  11.5%  36.5   42s
H 1281  1210                     170.4376628  151.01012  11.4%  36.5   42s
H 1284  1208                     169.4148880  151.01012  10.9%  36.6   42s
H 1437  1349                     169.3913371  151.01012  10.9%  36.1   44s
H 1440  1365                     169.1604533  151.01012  10.7%  36.0   59s
H 1442  1365                     168.9585687  151.01012  10.6%  36.0   59s
H 1443  1365                     168.6280670  151.01012  10.4%  36.0   59s
  1456  1470  151.25001   84  562  168.62807  151.01012  10.4%  36.0   60s
H 1497  1470                     168.6053424  151.01012  10.4%  36.1   60s
  2506  2343  153.79009  142  519  168.60534  151.01012  10.4%  36.6   66s
  2741  2513  158.34207   32  530  168.60534  151.01012  10.4%  37.1   71s
  2749  2519  153.85232  154  593  168.60534  151.69181  10.0%  37.0   75s
  2767  2531  155.32261   95  554  168.60534  154.30671  8.48%  36.8   80s
  2782  2541  155.23247   39  612  168.60534  154.63056  8.29%  36.6   85s
  2794  2549  154.95885   18  623  168.60534  154.95885  8.09%  36.4   90s
H 2808  2428                     168.5237206  155.48524  7.74%  36.2   94s
  2812  2431  155.61454   45  511  168.52372  155.61454  7.66%  36.2   95s
  2825  2439  155.75987   37  577  168.52372  155.75987  7.57%  36.0  100s
H 2826  2317                     168.5237206  155.82078  7.54%  36.0  102s
  2835  2323  155.96481   45  606  168.52372  155.96481  7.45%  35.9  105s
  2850  2333  156.13970   58  589  168.52372  156.13970  7.35%  35.7  110s
  2864  2342  156.37916   47  476  168.52372  156.37916  7.21%  35.5  115s
  2891  2360  156.64770   31  539  168.52372  156.64770  7.05%  35.2  120s
  2908  2372  156.82899  109  585  168.52372  156.82899  6.94%  35.0  125s
  2920  2380  156.99336   71  556  168.52372  156.99336  6.84%  34.9  130s
H 2932  2265                     168.5108356  157.15391  6.74%  34.7  134s
  2933  2265  159.92400   40  534  168.51084  157.21716  6.70%  34.7  135s
  2952  2278  157.40046   16  627  168.51084  157.40046  6.59%  34.5  140s
  2966  2287  157.47447  118  616  168.51084  157.47447  6.55%  34.3  145s
  2978  2295  157.55281   55  549  168.51084  157.55281  6.50%  34.2  150s
H 2986  2182                     168.5108355  157.58929  6.48%  34.1  153s
  2992  2186  157.62154   88  586  168.51084  157.62154  6.46%  34.0  155s
  3008  2196  157.67324  109  553  168.51084  157.67324  6.43%  33.8  160s
  3029  2210  157.82404   78  623  168.51084  157.82404  6.34%  33.6  166s
  3044  2220  157.86240  131  585  168.51084  157.86240  6.32%  33.4  170s
  3053  2226  157.87902   20  590  168.51084  157.87902  6.31%  33.3  175s
  3071  2238  157.90522    9  517  168.51084  157.90522  6.29%  33.1  180s
  3085  2248  157.92426   33  675  168.51084  157.92426  6.28%  33.0  185s
  3104  2260  162.53343  118  617  168.51084  157.95111  6.27%  32.8  190s
  3120  2271  158.00822   71  602  168.51084  158.00822  6.23%  32.6  195s
  3137  2283  158.01437   83  494  168.51084  158.01437  6.23%  78.1  201s
  3154  2295  158.03283  107  576  168.51084  158.03283  6.22%  77.7  205s
  3167  2303  158.23429   95  607  168.51084  158.23429  6.10%  77.4  210s
  3182  2313  158.32717   39  530  168.51084  158.32717  6.04%  77.0  215s
  3204  2328  162.53343  118  547  168.51084  158.44436  5.97%  76.5  220s
  3217  2337  158.53662   48  525  168.51084  158.53662  5.92%  76.2  225s
  3232  2347  158.64910   73  568  168.51084  158.64910  5.85%  75.8  230s
  3250  2359  158.94121   58  592  168.51084  158.94121  5.68%  75.4  235s
  3271  2373  159.03891    9  553  168.51084  159.03891  5.62%  74.9  240s
H 3287  2261                     168.4403873  159.06670  5.56%  74.5  243s
  3296  2267  159.07746   28  603  168.44039  159.07746  5.56%  74.3  245s
  3319  2283  159.10053   49  553  168.44039  159.10053  5.54%  73.8  250s
  3332  2291  159.10958   73  592  168.44039  159.10958  5.54%  73.5  255s
  3343  2300  159.10965   42  333  168.44039  159.10965  5.54%  95.8  260s
  3364  2314  159.19957   47  526  168.44039  159.19957  5.49%  95.2  265s
  3379  2324  159.23817   32  519  168.44039  159.23817  5.46%  94.8  270s
  3400  2338  159.48728  101  580  168.44039  159.48728  5.32%  94.2  275s
  3419  2351  159.55215   49  539  168.44039  159.55215  5.28%  93.7  280s
  3442  2366  159.70529   54  562  168.44039  159.70529  5.19%  93.0  285s
  3468  2383  159.75863   83  625  168.44039  159.75863  5.15%  92.3  290s
  3483  2393  159.76571   99  651  168.44039  159.76571  5.15%  92.0  295s
  3501  2406  159.76571   32  564  168.44039  159.76571  5.15%   108  300s
  3516  2416  159.76611  120  628  168.44039  159.76611  5.15%   108  305s
  3534  2428  159.80077   77  621  168.44039  159.80077  5.13%   107  310s
  3543  2434  159.80610   42  652  168.44039  159.80610  5.13%   107  315s
  3550  2439  159.80803   58  622  168.44039  159.80803  5.12%   107  321s
  3553  2444  159.85707   47  579  168.44039  159.81181  5.12%   118  330s
  3555  2447  159.89936   48  576  168.44039  159.83098  5.11%   118  337s
  3583  2478  160.00182   51  543  168.44039  159.85329  5.10%   121  340s
H 3636  2383                     168.4164508  159.85329  5.08%   125  343s
  3720  2443  160.01043   55  539  168.41645  159.85329  5.08%   127  346s
H 3839  2389                     168.4164508  159.85329  5.08%   131  349s
  3881  2437  160.18589   59  536  168.41645  159.85329  5.08%   132  350s
  3995  2514  163.22415   61  464  168.41645  159.85329  5.08%   133  355s
  4243  2626  160.32336   65  536  168.41645  159.85329  5.08%   134  361s
  4366  2758  160.84003   66  503  168.41645  159.85329  5.08%   134  365s
  4463  2740  160.78923   68  534  168.41645  159.85329  5.08%   134  370s
H 4465  2628                     168.4044343  159.85329  5.08%   134  370s
  4871  2931  161.21877   74  505  168.40443  159.85329  5.08%   131  375s
  5672  3312  161.91766   83  436  168.40443  159.85329  5.08%   127  382s
  6025  3752  161.66223   94  434  168.40443  159.85329  5.08%   125  385s
H 6778  3880                     168.3937128  159.85329  5.07%   120  387s
  7405  4251  162.28096  135  248  168.39371  159.85329  5.07%   117  391s
H 7541  4106                     168.3937128  159.85329  5.07%   117  391s
H 7705  4132                     168.3423569  159.85329  5.04%   117  392s
  7964  4118  162.48073  154  195  168.34236  159.85329  5.04%   116  397s
  8189  4647  162.44620  165  193  168.34236  159.85329  5.04%   116  400s
H 9248  4889                     168.3268155  159.85329  5.03%   111  401s
 10085  5580  160.09549   64  577  168.32682  159.88192  5.02%   111  407s
 10512  5913  160.84387   77  585  168.32682  159.88192  5.02%   111  410s
H11467  6893                     168.3268155  159.88192  5.02%   106  414s
 11701  7130  162.90327   93  449  168.32682  159.88192  5.02%   106  418s
 11946  7582  163.16418  106  266  168.32682  159.91079  5.00%   106  420s
 14018  8964  160.72836   72  430  168.32682  159.93729  4.98%   100  426s
H14019  8961                     168.3127566  159.93729  4.98%   100  426s
H14465  9699                     168.3127565  159.93729  4.98%   100  430s
 15750 10499  163.97276  142  244  168.31276  159.93729  4.98%  97.2  435s
 16335 11400  163.25057   57  430  168.31276  159.95109  4.97%  97.5  440s
H16351 11400                     168.3127563  159.95109  4.97%  97.6  440s
 18265 12802  160.63365   63  505  168.31276  160.09730  4.88%  97.2  445s
 19396 13965  161.09101   65  577  168.31276  160.10685  4.88%  96.2  451s
 21080 15030  166.55502  123  414  168.31276  160.12277  4.87%  96.2  460s
 21637 16805  162.34660   66  564  168.31276  160.15898  4.84%  96.6  466s
 24583 17726  167.36410   76  452  168.31276  160.21118  4.81%  95.8  470s
 25108 18243  164.77949   84  217  168.31276  160.21118  4.81%  96.5  475s
 26413 19662  167.46875   78  558  168.31276  160.24574  4.79%  96.4  483s
 27513 20578  161.20710   85  407  168.31276  160.26737  4.78%  97.0  487s
 28515 21152  161.38468   77  583  168.31276  160.26737  4.78%  97.1  492s
H29123 21152                     168.3127556  160.26737  4.78%  96.2  492s
 29177 22881  161.40864   78  579  168.31276  160.26758  4.78%  96.2  498s
 31180 24241  160.48236   76  540  168.31276  160.29523  4.76%  94.7  504s
 32725 25449  167.83100   67  595  168.31276  160.29539  4.76%  94.5  507s
 34225 26131  164.10451   95  353  168.31276  160.31651  4.75%  94.3  510s
 36461 28614  163.22868   80  540  168.31276  160.34663  4.73%  94.6  516s
 38396 28961  165.86671   75  461  168.31276  160.37239  4.72%  94.0  521s
 38886 29736  166.86000  101  515  168.31276  160.37338  4.72%  94.3  527s
 39868 30577  167.21150   64  606  168.31276  160.38335  4.71%  94.4  534s
 40891 31516  160.90595   68  569  168.31276  160.38424  4.71%  94.9  539s
 42156 31517  164.74037  209  640  168.31276  160.39143  4.71%  95.2  606s
 42163 31522  164.80701  157  486  168.31276  160.39143  4.71%  95.2  610s
 42175 31530  162.28629  121  431  168.31276  160.39143  4.71%  95.2  615s
 42186 31537  161.90831  105  483  168.31276  160.41935  4.69%  95.1  621s
 42187 31538  165.61980  239  414  168.31276  160.61834  4.57%  95.1  625s
 42194 31542  161.29006   93  581  168.31276  160.74245  4.50%  95.1  631s
 42201 31547  163.79846  135  516  168.31276  160.84996  4.43%  95.1  635s
 42207 31551  163.10460  213  519  168.31276  160.90043  4.40%  95.1  641s
 42208 31552  163.33678  219  523  168.31276  160.91379  4.40%  95.1  646s
 42215 31556  161.01581   87  500  168.31276  160.93777  4.38%  95.1  650s
 42221 31560  165.98562  237  514  168.31276  160.98641  4.35%  95.1  655s
 42225 31563  163.64448   94  521  168.31276  161.01098  4.34%  95.0  660s
 42232 31568  166.20325   64  526  168.31276  161.06594  4.31%  95.0  667s
 42238 31572  164.60802  108  554  168.31276  161.13044  4.27%  95.0  671s
 42246 31577  165.04522   92  469  168.31276  161.14939  4.26%  95.0  675s
 42252 31581  161.68323   80  497  168.31276  161.16488  4.25%  95.0  680s
 42257 31584  167.26827  158  495  168.31276  161.17445  4.24%  95.0  686s
 42262 31588  166.06561  153  494  168.31276  161.18807  4.23%  95.0  692s
 42267 31591  161.71982  134  471  168.31276  161.19308  4.23%  95.0  697s
 42275 31596  162.28629  121  518  168.31276  161.19789  4.23%  94.9  701s
 42281 31600  163.80891   75  501  168.31276  161.23450  4.21%  94.9  705s
 42288 31605  168.12808  221  478  168.31276  161.24072  4.20%  94.9  711s
 42294 31609  161.29006   93  517  168.31276  161.25532  4.19%  94.9  717s
 42297 31611  164.06882   79  529  168.31276  161.25619  4.19%  94.9  721s
 42299 31612  165.17862  176  527  168.31276  161.25636  4.19%  94.9  725s
 42304 31616  164.90145   94  532  168.31276  161.25813  4.19%  94.9  730s
 42308 31618  163.33678  219  533  168.31276  161.25821  4.19%  94.9  736s
 42311 31620  166.54442   81  545  168.31276  161.25827  4.19%  94.9  740s
 42316 31624  166.37335  183  544  168.31276  161.26086  4.19%  94.8  745s
 42321 31627  165.98562  237  525  168.31276  161.26326  4.19%  94.8  750s
 42330 31633  161.28015  103  537  168.31276  161.28015  4.18%  94.8  755s
 42335 31636  162.49432   91  542  168.31276  161.28371  4.18%  94.8  760s
 42341 31640  166.33092  279  531  168.31276  161.28497  4.18%  94.8  765s
 42346 31644  165.04522   92  544  168.31276  161.28535  4.18%  94.8  770s
 42350 31646  163.28096  105  545  168.31276  161.28536  4.18%  94.8  775s
 42355 31650  163.65259   77  541  168.31276  161.28793  4.17%  94.8  780s
 42361 31654  165.72485  199  571  168.31276  161.29067  4.17%  94.7  785s
 42367 31658  161.71982  134  585  168.31276  161.29084  4.17%  94.7  790s
 42371 31660  165.67765  192  568  168.31276  161.29084  4.17%  94.7  795s
 42374 31665  161.30802   56  557  168.31276  161.30802  4.16%  96.5  812s
 42376 31668  161.30802   57  565  168.31276  161.30802  4.16%  96.5  827s
 42380 31671  161.40144   58  507  168.31276  161.31718  4.16%  96.5  845s
 42387 31681  161.44878   59  548  168.31276  161.31947  4.15%  96.6  850s
 42399 31693  161.45023   60  544  168.31276  161.36135  4.13%  96.7  865s
H42463 30147                     168.3127554  161.37278  4.12%  97.0  882s
H42469 28637                     168.3127553  161.37326  4.12%  97.0  882s
 42511 28665  161.50071   64  422  168.31276  161.38191  4.12%  97.1  886s
 42559 28695  162.33644   65  368  168.31276  161.38498  4.12%  97.3  919s
 42575 28732  161.51732   66  429  168.31276  161.38562  4.12%  97.3  920s
 42708 28771  161.52990   70  434  168.31276  161.38562  4.12%  97.4  932s
 42993 28977  161.94219   77  402  168.31276  161.38562  4.12%  97.5  935s
 43785 29253  161.94043   98  236  168.31276  161.38562  4.12%  97.4  942s
 44280 29525  162.30040  109  256  168.31276  161.38562  4.12%  97.4  945s
 45270 29816  161.38874   61  575  168.31276  161.38826  4.11%  97.3  950s
 46423 30319     cutoff  107       168.31276  161.38826  4.11%  97.1  964s
 46615 30322  162.39187  124  341  168.31276  161.38826  4.11%  97.1  965s
 46986 30398  163.45220  146  213  168.31276  161.38826  4.11%  97.3  979s
 47005 30407  163.75288  147  247  168.31276  161.38826  4.11%  97.3  996s
 47648 30714  167.08165   63  508  168.31276  161.40911  4.10%  97.2 1007s
 47962 31006  165.00112   68  332  168.31276  161.40911  4.10%  97.3 1010s
 48964 31514     cutoff   94       168.31276  161.44971  4.08%  97.6 1015s
 50474 32410  162.33943   79  304  168.31276  161.44971  4.08%  97.5 1021s
 51743 32933  162.53386  105  233  168.31276  161.44971  4.08%  97.2 1025s
 52962 33044  165.01694  182   67  168.31276  161.48513  4.06%  97.1 1041s
 53740 33764  163.68447   66  504  168.31276  161.49992  4.05%  97.2 1045s
 54884 34509  164.29140  127  271  168.31276  161.50554  4.04%  97.0 1051s
 56480 35378  167.45941  136  159  168.31276  161.51679  4.04%  96.8 1057s
 58367 35564  161.76994  106  504  168.31276  161.52400  4.03%  96.4 1066s
H58427 34110                     168.3083477  161.52400  4.03%  96.4 1066s
 58917 35127  162.42723  120  409  168.30835  161.52400  4.03%  96.7 1072s
 60712 35647  162.21487   98  370  168.30835  161.54269  4.02%  96.6 1077s
 62437 36223  166.34125   79  468  168.30835  161.54668  4.02%  97.2 1082s
 63449 37866  162.29800   65  478  168.30835  161.55339  4.01%  97.4 1092s
 65919 37407  166.59203  108  401  168.30835  161.56046  4.01%  97.3 1097s
 66417 37940  161.78150   92  496  168.30835  161.56333  4.01%  97.4 1102s
 67298 39011  163.07354  139  361  168.30835  161.56386  4.01%  97.6 1106s
 68979 38519  162.22857   89  514  168.30835  161.56868  4.00%  97.8 1122s
 69067 39360  162.22857   90  514  168.30835  161.56940  4.00%  97.8 1128s
 70210 39615  161.64196   84  417  168.30835  161.57087  4.00%  98.1 1133s
 71216 39301  161.69907   81  463  168.30835  161.57581  4.00%  98.3 1162s
H71218 37941                     168.3083476  161.57581  4.00%  98.3 1162s
 71238 38954  161.71045   82  457  168.30835  161.57581  4.00%  98.3 1168s
 72576 39525  163.05065  148  241  168.30835  161.57754  4.00%  98.5 1175s
 73919 39310  161.93184  102  378  168.30835  161.57985  4.00%  98.3 1187s
 74200 40823  161.93241  103  371  168.30835  161.57985  4.00%  98.3 1196s
 76127 41981  164.00075  201   69  168.30835  161.58423  4.00%  97.9 1207s
 78425 42826  164.51045   69  464  168.30835  161.58563  3.99%  97.8 1214s
 80470 43100  161.66394   77  425  168.30835  161.58822  3.99%  98.1 1221s
 82194 42884  162.62825  106  420  168.30835  161.59010  3.99%  98.9 1227s
 82738 43825  161.95233   83  340  168.30835  161.59110  3.99%  99.1 1233s
 84734 44718     cutoff  122       168.30835  161.59387  3.99%  99.5 1243s
 87031 46098  162.08110  103  378  168.30835  161.59625  3.99%   100 1254s
 90013 45652     cutoff   88       168.30835  161.60367  3.98%   100 1263s
 90913 46831  162.46923  103  456  168.30835  161.60539  3.98%   100 1270s
 92941 46941  163.75429  131  368  168.30835  161.60915  3.98%   101 1283s
 93926 49110  163.82425  140  354  168.30835  161.61031  3.98%   100 1293s
 97257 48275  163.00629  134  275  168.30835  161.61509  3.98%   100 1307s
H97580 46875                     168.3083476  161.61509  3.98%   100 1307s
 97709 48024  165.66124  183  219  168.30835  161.61528  3.98%   100 1317s
 99603 47445  161.90995  103  471  168.30835  161.61763  3.98%   101 1338s
H99662 46197                     168.3083476  161.61763  3.98%   101 1338s
 99703 47521     cutoff  103       168.30835  161.61763  3.98%   101 1349s
 101800 48507  162.31044  139  372  168.30835  161.62007  3.97%   101 1358s
 104448 47635  162.27915  150  420  168.30835  161.62157  3.97%   101 1410s
H104449 46469                     168.3083475  161.62157  3.97%   101 1410s
 104468 46912  162.27947  151  414  168.30835  161.62157  3.97%   101 1426s
H104494 45795                     168.3083475  161.62157  3.97%   101 1426s
H104881 45522                     168.3083473  161.62157  3.97%   102 1426s
 105048 45859  162.80837  175  376  168.30835  161.62497  3.97%   102 1441s
 105488 48088     cutoff  100       168.30835  161.62662  3.97%   102 1462s
 108647 49253  163.20819  152  349  168.30835  161.63082  3.97%   102 1473s
 110361 50644  162.93049   64  477  168.30835  161.63271  3.97%   102 1482s
 112788 51265  161.72430  102  444  168.30835  161.63469  3.97%   103 1495s
 113743 53228  162.64593  121  280  168.30835  161.63484  3.97%   103 1505s
 116476 53454  161.87873  108  469  168.30835  161.64106  3.96%   103 1518s
 116922 54797  162.48359  123  391  168.30835  161.64106  3.96%   104 1530s
 118867 55255  163.16190  164  285  168.30835  161.64143  3.96%   104 1543s
 119616 57733  166.38166   85  455  168.30835  161.64356  3.96%   104 1553s
 122990 59201  163.39027  108  394  168.30835  161.64644  3.96%   104 1562s
 125473 60021  168.25757   87  381  168.30835  161.65150  3.96%   104 1571s
 127115 62307  163.05795  109  480  168.30835  161.65269  3.95%   105 1586s
 130389 64239  165.74025   90  387  168.30835  161.65670  3.95%   105 1597s
 133349 65716  168.01623  124  263  168.30835  161.65958  3.95%   105 1607s
 135699 67538  162.66684   89  415  168.30835  161.66157  3.95%   105 1615s
 138084 68937  161.87131   97  466  168.30835  161.66403  3.95%   105 1622s
 140153 69910  166.90410   98  386  168.30835  161.66617  3.95%   106 1630s
 141684 71570  167.36969  116  267  168.30835  161.66778  3.95%   106 1639s
 144006 72832  162.54413   71  444  168.30835  161.67003  3.94%   106 1649s
 145888 74749  166.80699  117  261  168.30835  161.67081  3.94%   106 1656s
 148456 77200  162.40195  109  418  168.30835  161.67357  3.94%   106 1674s
 152555 78623  163.95947  183  185  168.30835  161.67522  3.94%   106 1684s
 154721 79706  163.17743  114  422  168.30835  161.67711  3.94%   107 1693s
 156188 81579  161.75518  112  480  168.30835  161.67751  3.94%   107 1701s
 158705 83626  163.57454   69  438  168.30835  161.68047  3.94%   107 1713s
 161397 84717  161.91672   84  486  168.30835  161.68267  3.94%   107 1722s
 163336 85986  168.17815   95  377  168.30835  161.68370  3.94%   107 1732s
 165035 87916  162.35794   95  394  168.30835  161.68533  3.94%   107 1742s
 167816 89709  167.95823  100  247  168.30835  161.68715  3.93%   107 1751s
 170394 91948  168.06110  134  262  168.30835  161.68988  3.93%   107 1766s
 173796 93565  165.35075  111  401  168.30835  161.69118  3.93%   107 1773s
 176345 94147  161.86602   84  505  168.30835  161.69286  3.93%   108 1783s
 177266 95443  162.49904   96  497  168.30835  161.69315  3.93%   108 1795s
 179269 96687  166.94755  135  279  168.30835  161.69599  3.93%   108 1805s
 181457 98385  168.11058   88  289  168.30835  161.69843  3.93%   108 1816s
 183885 100158  163.54720   96  348  168.30835  161.69880  3.93%   108 1826s
 186414 101414  161.74299  104  500  168.30835  161.70098  3.93%   108 1838s
 188163 103175  167.38829  205  204  168.30835  161.70233  3.92%   109 1849s
 190717 104948  165.29818  126  385  168.30835  161.70433  3.92%   109 1859s
 192782 104948  162.68802  117  260  168.30835  161.70584  3.92%   109 1860s
 193303 107898  166.37612  114  290  168.30835  161.70695  3.92%   109 1873s
 197407 109003  167.55317   97  400  168.30835  161.70963  3.92%   109 1881s
 198990 110416  167.11063  169  264  168.30835  161.71096  3.92%   109 1891s
 201244 111736  164.90927  122  347  168.30835  161.71236  3.92%   109 1900s
 203357 112981  168.13864  180  188  168.30835  161.71388  3.92%   109 1910s
 205310 113844  163.70219  114  378  168.30835  161.71571  3.92%   109 1921s
 206725 115313  164.19972  138  307  168.30835  161.71571  3.92%   109 1930s
 209018 116332  162.44011  109  455  168.30835  161.71931  3.91%   109 1939s
 210740 118003  162.95941   90  473  168.30835  161.72054  3.91%   110 1948s
 213239 119225  162.50773   92  363  168.30835  161.72258  3.91%   110 1959s
 214954 121438  164.68365  100  462  168.30835  161.72493  3.91%   110 1973s
 218407 122488  162.87605  118  385  168.30835  161.72778  3.91%   110 1984s
 220443 123509  165.97323   78  388  168.30835  161.72926  3.91%   110 1991s
 222500 124502  161.83469   82  574  168.30835  161.73036  3.91%   110 2001s
 224009 126330  164.50007  130  313  168.30835  161.73154  3.91%   111 2010s
 226633 127933  161.93247   65  529  168.30835  161.73433  3.91%   111 2021s
 228749 128898  167.78106   94  358  168.30835  161.73568  3.91%   111 2032s
 230361 129474  162.78886  103  422  168.30835  161.73601  3.90%   111 2043s
 231289 130929  162.93604  121  390  168.30835  161.73749  3.90%   111 2053s
 233800 131868  162.12562   94  466  168.30835  161.74061  3.90%   111 2066s
 235299 133451  163.36966  187  227  168.30835  161.74061  3.90%   111 2075s
 237685 135401  162.66416   94  394  168.30835  161.74447  3.90%   111 2088s
 240674 136298  166.82078   91  307  168.30835  161.74754  3.90%   112 2097s
 242106 137396  161.86567   81  436  168.30835  161.74899  3.90%   112 2107s
 244012 139297  166.16971  126  200  168.30835  161.75013  3.90%   112 2116s
 246934 141072  166.89312  113  293  168.30835  161.75257  3.90%   112 2125s
 249513 142491  162.71785   94  369  168.30835  161.75715  3.89%   112 2132s
 251498 144553  162.37290  105  432  168.30835  161.75846  3.89%   113 2141s
 254354 146401  168.01809  111  357  168.30835  161.75873  3.89%   112 2153s
 257061 147542  165.38141  160  213  168.30835  161.76061  3.89%   112 2163s
 258554 148574  162.87647  104  487  168.30835  161.76166  3.89%   112 2175s
 260491 150317  162.13853   96  495  168.30835  161.76435  3.89%   113 2187s
 263021 151851  162.42311   73  495  168.30835  161.76737  3.89%   113 2202s
 265304 152974  162.18650   81  430  168.30835  161.76978  3.88%   113 2213s
 267316 155127  165.58763  141  209  168.30835  161.77208  3.88%   113 2223s
 270680 156422  162.67139  104  340  168.30835  161.77473  3.88%   113 2234s
 272928 157325  164.10482  132  316  168.30835  161.77666  3.88%   114 2243s
 274393 159401  161.87328   88  497  168.30835  161.77855  3.88%   114 2252s
 277253 160922 infeasible  104       168.30835  161.77925  3.88%   114 2263s
 279290 162352  164.70815  191  176  168.30835  161.78098  3.88%   114 2274s
 281588 163973  162.74023   79  313  168.30835  161.78160  3.88%   114 2282s
 284149 165886     cutoff  109       168.30835  161.78459  3.88%   114 2292s
 287071 166457 infeasible   94       168.30835  161.78637  3.88%   114 2300s
 287970 166764  161.91324   69  510  168.30835  161.78702  3.87%   115 2314s
 288379 167621  161.94212   88  508  168.30835  161.78755  3.87%   115 2326s
 289935 169005  167.51439  113  310  168.30835  161.79037  3.87%   115 2338s
 292177 170262  163.07463   71  335  168.30835  161.79223  3.87%   115 2349s
 294093 171357  164.05723  144  295  168.30835  161.79363  3.87%   116 2360s
 295610 172990 infeasible  139       168.30835  161.79507  3.87%   116 2372s
 297834 175162     cutoff  104       168.30835  161.79727  3.87%   116 2383s
 301147 176737  167.03404  148  237  168.30835  161.80118  3.87%   116 2394s
 303342 178926     cutoff   93       168.30835  161.80263  3.87%   116 2406s
 306684 180341  162.56829   95  417  168.30835  161.80570  3.86%   116 2415s
 308765 181488  166.54832  112  299  168.30835  161.80812  3.86%   116 2424s
 310375 183795  167.49034  100  301  168.30835  161.80958  3.86%   116 2434s
 313392 185695  168.15486  149  326  168.30835  161.81219  3.86%   116 2443s
 316082 186691  162.72817   89  397  168.30835  161.81434  3.86%   116 2459s
 317450 188196  165.46628   90  315  168.30835  161.81512  3.86%   116 2469s
 319424 190036  164.69274  118  381  168.30835  161.81664  3.86%   116 2476s
 322073 191795  163.28757  106  189  168.30835  161.81895  3.86%   116 2488s
 325097 191988  167.12870  103  245  168.30835  161.82117  3.85%   117 2518s
 325493 193520  167.42115  109  466  168.30835  161.82136  3.85%   117 2531s
 327879 195536  162.42441  101  437  168.30835  161.82304  3.85%   117 2543s
 331043 197319  163.07385  160  266  168.30835  161.82594  3.85%   117 2556s
 333394 198280  168.12817   79  509  168.30835  161.82658  3.85%   117 2570s
 335153 200113  163.23362  125  204  168.30835  161.82934  3.85%   117 2580s
 338034 201586  162.65966   86  514  168.30835  161.83111  3.85%   117 2608s
 340164 203918  162.05000   76  468  168.30835  161.83121  3.85%   117 2622s
 343373 206248  164.42858  139  356  168.30835  161.83534  3.85%   117 2637s
 346658 206912  162.12108  105  393  168.30835  161.83667  3.85%   118 2653s
 347627 208400  163.40224  144  242  168.30835  161.83685  3.85%   118 2665s
 350099 210014  162.93785  119  228  168.30835  161.83931  3.84%   118 2681s
 352392 211444  162.21106   89  340  168.30835  161.84043  3.84%   118 2695s
 354766 213087     cutoff  101       168.30835  161.84282  3.84%   118 2705s
 357347 214855     cutoff  131       168.30835  161.84471  3.84%   118 2720s
 359982 215320  162.72827  104  498  168.30835  161.84620  3.84%   118 2732s
 360657 216559     cutoff   91       168.30835  161.84696  3.84%   118 2744s
 362555 218311  162.17300  111  256  168.30835  161.84814  3.84%   118 2758s
 365254 220395  161.92689   83  419  168.30835  161.85005  3.84%   118 2770s
 368234 221295  164.49800  135  314  168.30835  161.85248  3.84%   119 2787s
 369425 221302  162.40111  107  432  168.30835  161.85248  3.84%   119 2845s
 369449 221646  162.48039  108  374  168.30835  161.85248  3.84%   119 2862s
 369937 223070  162.48039  109  374  168.30835  161.85257  3.84%   119 2876s
 372592 224885  162.52546  111  314  168.30835  161.85553  3.83%   119 2888s
 375185 225638  166.35543  163  284  168.30835  161.85648  3.83%   119 2903s
 376336 228453  166.07735   97  385  168.30835  161.85721  3.83%   119 2919s
 380165 230563  166.30948  130  339  168.30835  161.85972  3.83%   119 2933s
 383121 231737  162.04112   89  475  168.30835  161.86165  3.83%   119 2945s
 384795 234450  162.04433   90  451  168.30835  161.86207  3.83%   119 2958s
 388329 236322  165.34279   96  375  168.30835  161.86422  3.83%   119 2971s
 391395 236996     cutoff  132       168.30835  161.86576  3.83%   119 2981s
H391534 236996                     168.3083473  161.86576  3.83%   119 2982s
 392490 239281  162.08006   87  525  168.30835  161.86593  3.83%   119 2995s
 395571 240227  165.14564   87  388  168.30835  161.86936  3.83%   119 3006s
 397249 242040     cutoff  146       168.30835  161.86951  3.83%   120 3020s
 400014 243604  163.53956  106  435  168.30835  161.87275  3.82%   120 3032s
 402519 244286  164.95207  104  350  168.30835  161.87379  3.82%   120 3044s
H402583 244286                     168.3083473  161.87379  3.82%   120 3044s
 403652 245289  165.33445  112  330  168.30835  161.87379  3.82%   120 3058s
 405545 246284  167.27725  106  331  168.30835  161.87628  3.82%   120 3067s
 407127 247568  162.77133  113  378  168.30835  161.87635  3.82%   120 3080s
 409062 249661  167.80094  117  335  168.30835  161.87860  3.82%   120 3093s
 412174 250618 infeasible  258       168.30835  161.87995  3.82%   120 3103s
 413617 252216 infeasible   79       168.30835  161.88128  3.82%   121 3112s
 415905 253917  165.80009   91  469  168.30835  161.88330  3.82%   121 3124s
 418205 253956     cutoff  107       168.30835  161.88421  3.82%   121 3142s
 418269 254263  162.04634   88  527  168.30835  161.88464  3.82%   121 3161s
 418748 255455  162.07789   92  529  168.30835  161.88464  3.82%   121 3176s
 420460 256744  167.55519   90  376  168.30835  161.88571  3.82%   121 3190s
 422437 259210  163.88082  156  337  168.30835  161.88737  3.82%   121 3199s
 425951 260321  167.27083  103  360  168.30835  161.88960  3.81%   121 3212s
 427573 261884     cutoff  138       168.30835  161.89106  3.81%   121 3228s
 429830 263911  163.01812   99  484  168.30835  161.89252  3.81%   121 3242s
 432745 264476     cutoff  127       168.30835  161.89389  3.81%   121 3253s
 433593 266206  164.17671  122  409  168.30835  161.89465  3.81%   121 3265s
 436229 267755  161.99859   96  460  168.30835  161.89688  3.81%   121 3278s
 438575 268570  165.35229  133  325  168.30835  161.89916  3.81%   121 3296s
 440126 270233  167.45726  127  353  168.30835  161.90103  3.81%   121 3309s
 442372 270233  164.37499   85  418  168.30835  161.90200  3.81%   122 3310s
 443175 272148  167.34978  124  319  168.30835  161.90328  3.81%   122 3324s
 446154 272668  166.80655  100  265  168.30835  161.90543  3.80%   122 3339s
 447367 273838  162.98116  144  357  168.30835  161.90663  3.80%   122 3352s
 449544 275341  165.54287  125  254  168.30835  161.90804  3.80%   122 3365s
 452017 276911  164.05743  108  288  168.30835  161.91065  3.80%   122 3381s
 454610 278376  167.98840  167  217  168.30835  161.91144  3.80%   122 3396s
 456823 280501  162.72827   92  450  168.30835  161.91243  3.80%   122 3409s
 459881 282537     cutoff  259       168.30835  161.91515  3.80%   122 3421s
 462852 283584  163.23621   90  392  168.30835  161.91676  3.80%   122 3435s
 464409 286109  163.36375  111  278  168.30835  161.91736  3.80%   122 3450s
 467669 288130  168.17275  104  492  168.30835  161.91901  3.80%   122 3462s
 470712 288830  166.83105  126  298  168.30835  161.92078  3.80%   122 3474s
 471888 290083  167.68843  109  310  168.30835  161.92103  3.80%   122 3488s
 473833 292586  168.16061  121  283  168.30835  161.92269  3.79%   122 3505s
 477430 293593 infeasible  106       168.30835  161.92472  3.79%   122 3514s
H478127 293593                     168.3083467  161.92472  3.79%   122 3514s
 478841 295064 infeasible  108       168.30835  161.92472  3.79%   122 3533s
 480934 296791  162.80572   65  448  168.30835  161.92612  3.79%   122 3548s
 483257 298802  162.88475  120  422  168.30835  161.92815  3.79%   122 3560s
 486173 299991  168.03489  104  410  168.30835  161.92969  3.79%   122 3573s
 488045 300005  165.06757  130  350  168.30835  161.93069  3.79%   122 3623s
 488063 300476  165.06763  131  351  168.30835  161.93069  3.79%   122 3635s
 488907 302008  165.48090  107  360  168.30835  161.93135  3.79%   123 3650s
 491100 303690  162.91017   67  468  168.30835  161.93245  3.79%   123 3664s
 493873 304084  166.20360  164  201  168.30835  161.93443  3.79%   123 3683s
 494635 305594  164.98636  105  373  168.30835  161.93495  3.79%   123 3699s
 497036 307892  165.72329  113  288  168.30835  161.93663  3.79%   123 3714s
 500541 309009  166.96576   98  374  168.30835  161.93948  3.78%   123 3724s
 502269 310079  163.86816  263  209  168.30835  161.94034  3.78%   123 3738s
 504515 311351  164.49068  192  225  168.30835  161.94128  3.78%   123 3753s
 506859 313247  163.66977  133  411  168.30835  161.94219  3.78%   123 3766s
 509845 313598  162.20907   97  543  168.30835  161.94401  3.78%   124 3784s
 510399 315127  162.31519   98  468  168.30835  161.94468  3.78%   124 3799s
 512573 317482  162.36857   91  475  168.30835  161.94572  3.78%   124 3813s
 515775 319174  165.83886  142  353  168.30835  161.94728  3.78%   124 3829s
 518114 321766  167.65279  103  285  168.30835  161.94894  3.78%   124 3843s
 521765 323103  163.17211   87  183  168.30835  161.95074  3.78%   124 3857s
 523714 324338  162.66708   91  428  168.30835  161.95159  3.78%   124 3874s
 525468 325925  165.00778  187  299  168.30835  161.95250  3.78%   124 3888s
 528213 327709     cutoff  107       168.30835  161.95425  3.78%   124 3902s
 530817 327980  163.62996  101  429  168.30835  161.95575  3.77%   124 3928s
 531299 329608  165.37572  122  325  168.30835  161.95586  3.77%   124 3942s
 533812 331824  162.30238  106  379  168.30835  161.95695  3.77%   124 3957s
 537184 333586  162.23039  111  252  168.30835  161.95827  3.77%   124 3971s
 539782 335348  166.27945  245  339  168.30835  161.95929  3.77%   124 3986s
 542455 336861  165.65681  137  386  168.30835  161.96039  3.77%   124 4000s
 544704 337741  162.92326  130  414  168.30835  161.96207  3.77%   124 4016s
 546267 340198 infeasible  114       168.30835  161.96311  3.77%   124 4030s
 549726 342262  165.74354  128  404  168.30835  161.96434  3.77%   124 4042s
 552606 342991 infeasible  147       168.30835  161.96608  3.77%   124 4056s
 553989 344703  167.99784  103  277  168.30835  161.96640  3.77%   125 4071s
 556421 346474  168.03936  145  241  168.30835  161.96713  3.77%   125 4085s
 559168 347115  163.59492  163  333  168.30835  161.96915  3.77%   125 4101s
 560359 350390     cutoff  137       168.30835  161.96948  3.77%   125 4127s
 565309 352662  163.31275   96  273  168.30835  161.97254  3.76%   125 4146s
 568606 354846  163.01659   85  446  168.30835  161.97383  3.76%   125 4162s
 571863 355878  166.56691  138  358  168.30835  161.97537  3.76%   125 4175s
 573464 356863  166.26339  173  338  168.30835  161.97636  3.76%   125 4191s
 575144 359087  163.32818  107  353  168.30835  161.97703  3.76%   125 4208s
 578395 360677  164.49269   99  387  168.30835  161.97821  3.76%   125 4222s
 580808 361361  162.82711   78  388  168.30835  161.97940  3.76%   125 4242s
 581844 367246  164.08515   78  325  168.30835  161.97942  3.76%   125 4281s
 590163 368030  163.21081  152  384  168.30835  161.98287  3.76%   125 4292s
 591418 369466  162.94795  108  362  168.30835  161.98295  3.76%   125 4317s
 593604 370831  164.66201  196  208  168.30835  161.98364  3.76%   125 4332s
 595997 372364  164.80321   90  401  168.30835  161.98477  3.76%   125 4348s
 598365 373879  162.87659   98  492  168.30835  161.98567  3.76%   126 4362s
 600469 376303  164.76488  115  348  168.30835  161.98666  3.76%   126 4373s
 603672 376425     cutoff  211       168.30835  161.98830  3.76%   126 4415s
 603825 386993  167.54675  120  455  168.30835  161.98831  3.76%   126 4526s
 619841 389572  164.15369  107  355  168.30835  161.99408  3.75%   126 4540s
 623421 389975  163.27666   87  491  168.30835  161.99598  3.75%   126 4552s
 623985 392182  163.33037  103  518  168.30835  161.99602  3.75%   126 4569s
 627312 393860  167.77064  145  267  168.30835  161.99806  3.75%   126 4583s
 630137 395213  162.66611  100  363  168.30835  161.99948  3.75%   126 4596s
 632634 397004  167.28835   95  463  168.30835  162.00068  3.75%   127 4609s
 635404 398154  162.43504  105  326  168.30835  162.00187  3.75%   127 4620s
 637529 399288  163.48116   77  336  168.30835  162.00349  3.75%   127 4633s
 639576 400769  166.18665  117  304  168.30835  162.00384  3.75%   127 4646s
 641877 402398  166.53795  181  268  168.30835  162.00539  3.74%   127 4660s
 644528 404356  164.67013  148  256  168.30835  162.00660  3.74%   127 4673s
 647166 405636  164.46606  113  324  168.30835  162.00726  3.74%   127 4684s
 649306 407539  162.77188  128  462  168.30835  162.00837  3.74%   127 4702s
 652220 409283  162.67396   98  352  168.30835  162.00953  3.74%   127 4715s
 654868 410503  162.69922   87  504  168.30835  162.01039  3.74%   127 4728s
 656663 411739 infeasible  197       168.30835  162.01150  3.74%   127 4738s
 658826 413200  162.18449  113  413  168.30835  162.01263  3.74%   127 4752s
 661320 414765  166.53360  156  180  168.30835  162.01283  3.74%   127 4765s
 663444 416783  162.84596  107  358  168.30835  162.01395  3.74%   127 4777s
 666300 418381  167.63542  171  304  168.30835  162.01483  3.74%   127 4787s
 668736 419745  164.23520  120  368  168.30835  162.01569  3.74%   127 4800s
 671190 421836  164.11392   97  451  168.30835  162.01662  3.74%   128 4817s
 674309 423100  162.05631   82  456  168.30835  162.01719  3.74%   128 4830s
 676088 425223  167.80816  100  373  168.30835  162.01812  3.74%   128 4844s
 678903 426404  162.50304  125  434  168.30835  162.01874  3.74%   128 4854s
 680957 427889  162.98115   77  360  168.30835  162.01874  3.74%   128 4864s
 682948 428613  163.30563   87  424  168.30835  162.01874  3.74%   128 4877s
 684641 430187  162.52754   84  363  168.30835  162.01874  3.74%   128 4893s
 686997 432001  164.28918  140  288  168.30835  162.01948  3.74%   128 4908s
 689490 433763     cutoff  115       168.30835  162.02013  3.74%   128 4921s
 691983 435752  163.33614  152  399  168.30835  162.02076  3.74%   128 4935s
 694843 436937  162.52316  124  357  168.30835  162.02192  3.74%   128 4949s
 696599 439006  167.19365  118  312  168.30835  162.02228  3.73%   128 4964s
 699587 440818  166.42313  173  294  168.30835  162.02318  3.73%   128 4980s
 702123 442295  165.46131  138  357  168.30835  162.02424  3.73%   128 4992s
 704162 444072  163.47965  139  367  168.30835  162.02518  3.73%   128 5007s
 706771 445694     cutoff  113       168.30835  162.02615  3.73%   128 5021s
 709194 447487     cutoff  113       168.30835  162.02687  3.73%   128 5034s
 711860 448579  165.63949  225  355  168.30835  162.02761  3.73%   128 5049s
 714021 450051  164.32600  121  305  168.30835  162.02873  3.73%   129 5066s
 716231 452517  162.48611  123  424  168.30835  162.02977  3.73%   129 5084s
 719516 454209  167.89034  132  352  168.30835  162.03076  3.73%   129 5099s
 722145 455576  162.35175  138  415  168.30835  162.03143  3.73%   129 5111s
 724138 457197  162.15666  116  457  168.30835  162.03200  3.73%   129 5122s
 726652 458940  167.34604  116  308  168.30835  162.03277  3.73%   129 5138s
 729368 460625  168.09103  135  263  168.30835  162.03375  3.73%   129 5147s
 731961 461896  164.80535  115  477  168.30835  162.03453  3.73%   129 5161s
 733832 463444  167.99346  133  358  168.30835  162.03512  3.73%   129 5174s
 736034 463749  163.29129   71  364  168.30835  162.03571  3.73%   129 5198s
 736509 473335  163.29129   72  366  168.30835  162.03571  3.73%   129 5283s
 750948 475965  166.14838  190  210  168.30835  162.04034  3.72%   129 5302s
 754588 477752  164.13114  103  398  168.30835  162.04180  3.72%   129 5314s
 755162 477752  162.82271  101  457  168.30835  162.04198  3.72%   129 5315s
 757229 480127  163.98134  126  369  168.30835  162.04280  3.72%   129 5331s
 760543 481460  162.34735  116  326  168.30835  162.04354  3.72%   129 5343s
 762592 483138  163.42937  103  349  168.30835  162.04465  3.72%   129 5358s
 765144 484354  163.69974  106  433  168.30835  162.04517  3.72%   129 5371s
 767019 485338  162.87689  135  313  168.30835  162.04558  3.72%   129 5382s
 768478 486424  162.42576   89  444  168.30835  162.04580  3.72%   130 5394s
 770513 487999  162.23722   72  453  168.30835  162.04621  3.72%   130 5410s
 772986 489338  164.14051  187  292  168.30835  162.04657  3.72%   130 5423s
 775072 491426  166.05498  117  264  168.30835  162.04682  3.72%   130 5437s
 777826 493793  162.19313  129  461  168.30835  162.04827  3.72%   130 5450s
 780955 495574  163.54234  125  373  168.30835  162.04900  3.72%   130 5463s
 783346 496621  167.43876  143  412  168.30835  162.04935  3.72%   130 5476s
 785000 498170  166.08109  146  312  168.30835  162.05015  3.72%   130 5489s
 787575 499218  168.00243  123  396  168.30835  162.05082  3.72%   130 5502s
 789884 500394  168.01434   76  374  168.30835  162.05122  3.72%   130 5516s
 791627 501654  165.02466  136  407  168.30835  162.05199  3.72%   130 5527s
 793802 502691  165.67052  113  359  168.30835  162.05286  3.72%   130 5540s
 795633 503689     cutoff  106       168.30835  162.05366  3.72%   130 5554s
 797457 505251  165.36755  107  401  168.30835  162.05452  3.72%   130 5569s
 799844 506327  163.29248   95  418  168.30835  162.05511  3.72%   130 5584s
 801635 508099  167.29026   80  320  168.30835  162.05594  3.71%   130 5602s
 804707 509554  164.58908  148  253  168.30835  162.05703  3.71%   131 5620s
 807014 511442  164.14998  112  281  168.30835  162.05756  3.71%   131 5636s
 809743 513524  164.83044  148  405  168.30835  162.05848  3.71%   131 5652s
 812697 514844     cutoff  169       168.30835  162.05930  3.71%   131 5667s
 815053 516353  164.10430  142  334  168.30835  162.06048  3.71%   131 5684s
 817337 518720  166.93283  182  238  168.30835  162.06119  3.71%   131 5700s
 820566 520464  162.45185   83  457  168.30835  162.06277  3.71%   131 5716s
 823099 522069  165.42910  185  247  168.30835  162.06342  3.71%   131 5730s
 825457 523196  163.42171  117  280  168.30835  162.06390  3.71%   131 5748s
 827357 524901  167.08906  131  324  168.30835  162.06477  3.71%   131 5763s
 830003 526320  166.98301  157  314  168.30835  162.06496  3.71%   131 5779s
 832348 527447  165.72740  189  315  168.30835  162.06603  3.71%   131 5793s
 834165 529009  163.38487  112  328  168.30835  162.06652  3.71%   131 5811s
 836615 530504  165.56635  187  278  168.30835  162.06761  3.71%   132 5828s
 838751 532535  162.80446  137  194  168.30835  162.06826  3.71%   132 5843s
 841628 533978     cutoff  136       168.30835  162.06911  3.71%   132 5858s
 843912 535779  164.90739  134  342  168.30835  162.06972  3.71%   132 5874s
 846540 537328  162.89499  140  322  168.30835  162.07046  3.71%   132 5891s
 848867 539022     cutoff  103       168.30835  162.07085  3.71%   132 5905s
 851420 540731  163.08217  127  450  168.30835  162.07160  3.71%   132 5921s
 853803 542858  167.88283   97  387  168.30835  162.07212  3.71%   132 5937s
 856690 544084  163.21017   77  397  168.30835  162.07295  3.70%   132 5953s
 858471 545377  167.85969   87  420  168.30835  162.07348  3.70%   132 5968s
 860361 546894  163.70549  167  351  168.30835  162.07428  3.70%   132 5983s
 863018 547958     cutoff  233       168.30835  162.07486  3.70%   132 5995s
 865211 549440  168.17257   98  364  168.30835  162.07562  3.70%   132 6013s
 867363 551464     cutoff  209       168.30835  162.07638  3.70%   132 6030s
 870224 553526  163.51382  180  358  168.30835  162.07749  3.70%   132 6047s
 873138 555260  168.26363   88  275  168.30835  162.07856  3.70%   132 6062s
 875801 556678  167.00023  105  450  168.30835  162.07915  3.70%   132 6078s
 877771 558436  162.15337  141  333  168.30835  162.08001  3.70%   132 6092s
 880179 560047  162.87389  100  379  168.30835  162.08064  3.70%   132 6108s
 882606 561060  167.79763  105  376  168.30835  162.08122  3.70%   133 6126s
 884695 562564  162.73406  113  323  168.30835  162.08160  3.70%   133 6140s
 886957 563561  162.70391  109  358  168.30835  162.08220  3.70%   133 6157s
 888724 564504  163.30135  133  285  168.30835  162.08220  3.70%   133 6174s
 889354 564504     cutoff  113       168.30835  162.08220  3.70%   133 6175s
 890260 566772  163.58226  141  300  168.30835  162.08328  3.70%   133 6195s
 893454 568128  164.20415   79  416  168.30835  162.08459  3.70%   133 6211s
 896411 569879  166.04181  109  357  168.30835  162.08498  3.70%   133 6229s
 899274 571353     cutoff  113       168.30835  162.08591  3.70%   133 6244s
 901407 573405  165.25202  112  334  168.30835  162.08692  3.70%   133 6259s
 904211 575341  165.18979  112  401  168.30835  162.08788  3.70%   133 6275s
 906966 576457  164.91650  100  333  168.30835  162.08872  3.70%   133 6291s
 908936 578625  166.29386  123  267  168.30835  162.08954  3.69%   133 6308s
 912169 580146  167.39796   95  361  168.30835  162.09049  3.69%   133 6323s
 914497 581334  163.01498  109  289  168.30835  162.09089  3.69%   133 6338s
 916348 583203     cutoff  132       168.30835  162.09158  3.69%   134 6354s
 918954 585266  163.70921  124  304  168.30835  162.09235  3.69%   134 6368s
 921817 586569  166.34156  175  308  168.30835  162.09327  3.69%   134 6384s
 923682 588090  166.53435  115  368  168.30835  162.09370  3.69%   134 6398s
 926210 589922  164.02516  132  345  168.30835  162.09439  3.69%   134 6412s
 928748 591197  166.74704  155  257  168.30835  162.09494  3.69%   134 6427s
 930537 593868  164.75027  115  319  168.30835  162.09560  3.69%   134 6446s
 934087 595505  167.93857  151  302  168.30835  162.09664  3.69%   134 6464s
 936291 596738  167.43342  121  409  168.30835  162.09727  3.69%   134 6480s
 938624 598055  164.60295  109  308  168.30835  162.09774  3.69%   134 6497s
 940630 599984  163.61537  127  339  168.30835  162.09828  3.69%   134 6514s
 943444 602249  164.57095  140  362  168.30835  162.09933  3.69%   134 6526s
 946471 603707  163.40777  131  434  168.30835  162.10005  3.69%   134 6546s
 948735 604653 infeasible  104       168.30835  162.10038  3.69%   134 6561s
 950585 606320  166.42357  153  300  168.30835  162.10182  3.69%   134 6577s
 952919 607111  163.85333  180  347  168.30835  162.10225  3.69%   134 6594s
 953993 609806  164.72550  103  400  168.30835  162.10284  3.69%   134 6610s
 957539 611510     cutoff  102       168.30835  162.10330  3.69%   134 6630s
 959884 612840  163.14335  108  325  168.30835  162.10381  3.69%   134 6642s
 962321 614115     cutoff  122       168.30835  162.10427  3.69%   135 6660s
 964246 615699  162.62605  107  354  168.30835  162.10486  3.69%   135 6677s
 966831 617741  168.29710  131  302  168.30835  162.10561  3.69%   135 6692s
 969620 618638  167.54587  149  322  168.30835  162.10604  3.69%   135 6710s
 971360 620444  162.92699  145  362  168.30835  162.10643  3.68%   135 6725s
 973884 621901  167.95864  207  338  168.30835  162.10700  3.68%   135 6740s
 975850 623861     cutoff  225       168.30835  162.10735  3.68%   135 6755s
 978560 625699     cutoff   97       168.30835  162.10788  3.68%   135 6769s
 981290 627059  162.60543  134  429  168.30835  162.10848  3.68%   135 6779s
 983607 628315  166.89221  141  314  168.30835  162.10888  3.68%   135 6790s
 985485 629794  162.94052  135  426  168.30835  162.10929  3.68%   135 6804s
 986457 629794  167.74946  152  342  168.30835  162.10944  3.68%   135 6805s
 987871 631370  166.19860  130  360  168.30835  162.10977  3.68%   135 6819s
 990289 632535  167.82813  106  365  168.30835  162.11055  3.68%   135 6835s
 992300 634020  162.93828  110  433  168.30835  162.11103  3.68%   135 6851s
 994463 636076  166.46439   95  343  168.30835  162.11153  3.68%   135 6868s
 997344 637188  168.10232  102  346  168.30835  162.11232  3.68%   135 6885s
 998880 638659  168.29118  103  457  168.30835  162.11247  3.68%   135 6899s
 1001073 639776  163.23315  117  379  168.30835  162.11304  3.68%   136 6914s
 1002955 640554  164.33321  133  331  168.30835  162.11353  3.68%   136 6937s
 1004163 642154  168.16850  127  261  168.30835  162.11389  3.68%   136 6957s
 1006715 644229  163.82525  138  357  168.30835  162.11449  3.68%   136 6976s
 1009677 645381  162.85306   98  401  168.30835  162.11505  3.68%   136 6994s
 1011709 646972     cutoff  158       168.30835  162.11544  3.68%   136 7014s
 1014333 648099  165.29335  134  317  168.30835  162.11589  3.68%   136 7029s
 1016080 649655  165.18313  176  302  168.30835  162.11646  3.68%   136 7047s
 1018594 651506  162.30723  132  335  168.30835  162.11769  3.68%   136 7067s
 1021649 652710  163.72236  138  271  168.30835  162.11811  3.68%   136 7084s
 1023900 654179  166.25896  139  293  168.30835  162.11909  3.68%   136 7102s
 1026478 656169     cutoff  102       168.30835  162.11945  3.68%   137 7118s
 1029402 657492 infeasible  107       168.30835  162.12019  3.68%   137 7139s
 1031374 659455  166.03127   97  269  168.30835  162.12095  3.68%   137 7154s
 1034222 660965  167.17622  103  430  168.30835  162.12194  3.68%   137 7172s
 1036638 662273  162.33464  115  359  168.30835  162.12266  3.68%   137 7188s
 1038420 663665  166.58220  136  361  168.30835  162.12302  3.67%   137 7200s

Cutting planes:
  Learned: 6
  Gomory: 123
  Cover: 349
  Implied bound: 793
  Projected implied bound: 11
  Clique: 2
  MIR: 1542
  StrongCG: 3
  Flow cover: 3268
  GUB cover: 7
  Inf proof: 62
  Zero half: 37
  Network: 8
  RLT: 50
  Relax-and-lift: 168
  PSD: 2

Explored 1040367 nodes (142508147 simplex iterations) in 7200.19 seconds (4175.19 work units)
Thread count was 32 (of 32 available processors)

Solution count 10: 168.308 168.308 168.308 ... 168.308

Time limit reached
Warning: max constraint violation (1.4483e-06) exceeds tolerance
Best objective 1.683083467250e+02, best bound 1.621234590102e+02, gap 3.6747%
