
Gurobi 9.5.2 (linux64) logging started Sat Aug 15 18:51:48 2026

Set parameter LogFile to value "/mnt/beegfs/users/celinep/ChargeAndBreak/logs/RmediumCmanyTlarge_4_2SP_20260814_230228_139_gurobi.log"
Gurobi Optimizer version 9.5.2 build v9.5.2rc0 (linux64)
Thread count: 16 physical cores, 32 logical processors, using up to 32 threads
Optimize a model with 109850 rows, 50776 columns and 357429 nonzeros
Model fingerprint: 0xd6ae5034
Variable types: 44501 continuous, 6275 integer (6275 binary)
Coefficient statistics:
  Matrix range     [3e-02, 1e+03]
  Objective range  [2e-02, 4e-02]
  Bounds range     [1e+00, 1e+00]
  RHS range        [8e-02, 5e+02]
Presolve removed 39146 rows and 13033 columns (presolve time = 6s) ...
Presolve removed 39149 rows and 13034 columns
Presolve time: 7.39s
Presolved: 70701 rows, 37742 columns, 296917 nonzeros
Variable types: 33435 continuous, 4307 integer (4307 binary)
Found heuristic solution: objective 115.5097510

Deterministic concurrent LP optimizer: primal and dual simplex (primal and dual model)
Showing first log only...

Root relaxation presolve removed 1571 rows and 1571 columns
Root relaxation presolved: 69130 rows, 36171 columns, 293775 nonzeros


Root simplex log...

Iteration    Objective       Primal Inf.    Dual Inf.      Time
       0    3.9166543e+01   1.582929e+04   2.250256e+11     12s
   25154    5.8025572e+01   1.657164e+02   1.416160e+09     15s
   28385    9.3547409e+01   0.000000e+00   7.214216e+02     20s
   30716    8.1491302e+01   0.000000e+00   1.268843e+03     26s
   31913    7.8545595e+01   0.000000e+00   4.921493e+02     30s
   33229    7.7023393e+01   0.000000e+00   4.830723e+02     35s
   34370    7.5520945e+01   0.000000e+00   2.568876e+03     40s
   35660    7.3316014e+01   0.000000e+00   1.937368e+03     45s
   36631    7.1232433e+01   0.000000e+00   1.043072e+04     50s
   37482    7.0700481e+01   0.000000e+00   7.049074e+04     56s
   38172    7.0267968e+01   0.000000e+00   1.417260e+05     60s
   39223    6.9245083e+01   0.000000e+00   1.622079e+04     66s
   40165    6.7819618e+01   0.000000e+00   1.897527e+05     70s
   41327    6.6796073e+01   0.000000e+00   2.512243e+04     75s
   42227    6.6178819e+01   0.000000e+00   8.402243e+03     80s
   43237    6.5523360e+01   0.000000e+00   7.151507e+03     85s
   44447    6.5006861e+01   0.000000e+00   1.577954e+04     91s
   45277    6.4656499e+01   0.000000e+00   1.627158e+04     96s
   46007    6.4501348e+01   0.000000e+00   4.953380e+02    101s
Concurrent spin time: 3.18s

Solved with primal simplex (dual model)

Root relaxation: objective 6.107400e+01, 38366 iterations, 98.83 seconds (22.15 work units)
Total elapsed time = 112.37s
Total elapsed time = 115.61s

    Nodes    |    Current Node    |     Objective Bounds      |     Work
 Expl Unexpl |  Obj  Depth IntInf | Incumbent    BestBd   Gap | It/Node Time

     0     0   62.09058    0 1716  115.50975   62.09058  46.2%     -  149s
H    0     0                      77.9114670   62.09058  20.3%     -  162s
     0     0   63.09628    0 1937   77.91147   63.09628  19.0%     -  211s
     0     0   63.24410    0 2207   77.91147   63.24410  18.8%     -  252s
     0     0   63.24621    0 2194   77.91147   63.24621  18.8%     -  253s
     0     0   63.24647    0 2192   77.91147   63.24647  18.8%     -  254s
     0     0   63.24648    0 2196   77.91147   63.24648  18.8%     -  255s
     0     0   63.39073    0 2157   77.91147   63.39073  18.6%     -  297s
     0     0   63.40978    0 2142   77.91147   63.40978  18.6%     -  314s
     0     0   63.41135    0 2140   77.91147   63.41135  18.6%     -  317s
     0     0   63.41191    0 2138   77.91147   63.41191  18.6%     -  319s
     0     0   63.41203    0 2141   77.91147   63.41203  18.6%     -  320s
     0     0   63.67737    0 2074   77.91147   63.67737  18.3%     -  388s
     0     0   63.69768    0 2118   77.91147   63.69768  18.2%     -  438s
     0     0   63.70050    0 2115   77.91147   63.70050  18.2%     -  443s
     0     0   63.70105    0 2122   77.91147   63.70105  18.2%     -  446s
     0     0   63.70127    0 2123   77.91147   63.70127  18.2%     -  448s
     0     0   63.90730    0 2075   77.91147   63.90730  18.0%     -  486s
     0     0   63.92492    0 2072   77.91147   63.92492  18.0%     -  499s
     0     0   63.92899    0 2131   77.91147   63.92899  17.9%     -  505s
     0     0   63.92987    0 2144   77.91147   63.92987  17.9%     -  507s
     0     0   63.93014    0 2143   77.91147   63.93014  17.9%     -  509s
     0     0   64.00202    0 2164   77.91147   64.00202  17.9%     -  552s
     0     0   64.00958    0 2278   77.91147   64.00958  17.8%     -  591s
     0     0   64.01088    0 2268   77.91147   64.01088  17.8%     -  596s
     0     0   64.01114    0 2272   77.91147   64.01114  17.8%     -  599s
     0     0   64.06704    0 2243   77.91147   64.06704  17.8%     -  637s
     0     0   64.07688    0 2264   77.91147   64.07688  17.8%     -  667s
     0     0   64.07913    0 2262   77.91147   64.07913  17.8%     -  674s
     0     0   64.07980    0 2277   77.91147   64.07980  17.8%     -  678s
     0     0   64.07997    0 2260   77.91147   64.07997  17.8%     -  680s
     0     0   64.11588    0 2241   77.91147   64.11588  17.7%     -  712s
     0     0   64.12015    0 2283   77.91147   64.12015  17.7%     -  741s
     0     0   64.12123    0 2252   77.91147   64.12123  17.7%     -  748s
     0     0   64.12154    0 2240   77.91147   64.12154  17.7%     -  752s
     0     0   64.14430    0 2198   77.91147   64.14430  17.7%     -  776s
     0     0   64.14815    0 2122   77.91147   64.14815  17.7%     -  783s
     0     0   64.14876    0 2208   77.91147   64.14876  17.7%     -  786s
     0     0   64.14891    0 2215   77.91147   64.14891  17.7%     -  788s
     0     0   64.17458    0 2249   77.91147   64.17458  17.6%     -  813s
     0     0   64.17721    0 2264   77.91147   64.17721  17.6%     -  836s
     0     0   64.17785    0 2262   77.91147   64.17785  17.6%     -  838s
     0     0   64.17821    0 2262   77.91147   64.17821  17.6%     -  842s
     0     0   64.18954    0 2132   77.91147   64.18954  17.6%     -  849s
     0     0   64.19507    0 2153   77.91147   64.19507  17.6%     -  857s
     0     0   64.19733    0 2257   77.91147   64.19733  17.6%     -  862s
     0     0   64.19868    0 2265   77.91147   64.19868  17.6%     -  865s
     0     0   64.19879    0 2264   77.91147   64.19879  17.6%     -  867s
     0     0   64.21293    0 2099   77.91147   64.21293  17.6%     -  883s
     0     0   64.21837    0 2208   77.91147   64.21837  17.6%     -  894s
     0     0   64.21934    0 2195   77.91147   64.21934  17.6%     -  896s
     0     0   64.21956    0 2194   77.91147   64.21956  17.6%     -  898s
     0     0   64.23114    0 2143   77.91147   64.23114  17.6%     -  905s
     0     0   64.23300    0 2154   77.91147   64.23300  17.6%     -  914s
     0     0   64.23332    0 2151   77.91147   64.23332  17.6%     -  916s
     0     0   64.23898    0 2137   77.91147   64.23898  17.5%     -  923s
     0     0   64.24015    0 2141   77.91147   64.24015  17.5%     -  932s
     0     0   64.24046    0 2150   77.91147   64.24046  17.5%     -  934s
     0     0   64.24588    0 2093   77.91147   64.24588  17.5%     -  945s
     0     0   64.24723    0 2128   77.91147   64.24723  17.5%     -  958s
     0     0   64.24745    0 2112   77.91147   64.24745  17.5%     -  961s
     0     0   64.25411    0 2111   77.91147   64.25411  17.5%     -  969s
     0     0   64.25484    0 2084   77.91147   64.25484  17.5%     -  982s
     0     0   64.25511    0 2109   77.91147   64.25511  17.5%     -  983s
     0     0   64.25970    0 2068   77.91147   64.25970  17.5%     -  990s
     0     0   64.26071    0 2143   77.91147   64.26071  17.5%     - 1003s
     0     0   64.26078    0 2135   77.91147   64.26078  17.5%     - 1005s
     0     0   64.26515    0 2110   77.91147   64.26515  17.5%     - 1013s
     0     0   64.26515    0 1997   77.91147   64.26515  17.5%     - 1086s
     0     2   64.26515    0 1985   77.91147   64.26515  17.5%     - 1164s
     1     4   64.26962    1 1905   77.91147   64.26515  17.5%  4541 1174s
     3     8   64.27060    2 1956   77.91147   64.26966  17.5%  4112 1204s
     7    16   64.27222    3 2036   77.91147   64.27222  17.5%  5013 1236s
    15    32   64.27628    4 2035   77.91147   64.27628  17.5%  4782 1271s
    31    48   64.27923    5 2150   77.91147   64.27802  17.5%  5009 1426s
H   40    48                      77.9110983   64.27802  17.5%  5161 1426s
    47    62   64.28416    6 2157   77.91110   64.27802  17.5%  5988 1437s
    63    76   64.30361    7 2137   77.91110   64.27802  17.5%  4905 1503s
H   79    92                      77.8942715   64.27802  17.5%  4067 1511s
H   81    92                      77.0070279   64.27802  16.5%  4025 1511s
H   93    92                      76.9850368   64.27802  16.5%  3616 1511s
    95   113   64.33104    9 2108   76.98504   64.27802  16.5%  3589 1515s
H  120   129                      76.9768595   64.27802  16.5%  2987 1534s
H  125   129                      76.6490601   64.27802  16.1%  2922 1534s
H  137   129                      76.4214539   64.27802  15.9%  2785 1534s
   138   151   64.33926   11 2149   76.42145   64.27802  15.9%  2776 1538s
   160   182   64.33965   12 2148   76.42145   64.27802  15.9%  2527 1569s
H  171   182                      76.2343992   64.27802  15.7%  2421 1569s
H  182   182                      76.0428355   64.27802  15.5%  2307 1569s
H  191   197                      75.9922573   64.27802  15.4%  2227 1607s
H  192   197                      75.8249833   64.27802  15.2%  2218 1607s
H  198   197                      75.7735575   64.27802  15.2%  2176 1607s
H  207   197                      75.6837262   64.27802  15.1%  2116 1607s
   208   221   64.33965   15 2127   75.68373   64.27802  15.1%  2108 1629s
H  242   236                      75.6634671   64.27802  15.0%  1955 1791s
H  242   236                      75.5236081   64.27802  14.9%  1955 1791s
   259   278   64.34480   18 2162   75.52361   64.27802  14.9%  1958 1806s
H  311   292                      75.4402747   64.27802  14.8%  1752 3109s
H  319   292                      75.4198871   64.27802  14.8%  1728 3109s
   327   334   64.35237   21 2248   75.41989   64.27802  14.8%  1727 3142s
H  389   348                      75.4086208   64.27802  14.8%  1582 3539s
H  398   348                      75.4064118   64.27802  14.8%  1563 3539s
   405   418   64.38094   24 2349   75.40641   64.27802  14.8%  1595 3559s
H  476   434                      75.4019138   64.27802  14.8%  1484 3945s
   492   510   64.63541   31 2325   75.40191   64.27802  14.8%  1477 3984s
   572   526   64.80951   32 2276   75.40191   64.27802  14.8%  1392 4304s
   588   613   64.81303   33 2268   75.40191   64.27802  14.8%  1372 4321s
   685   623   64.84003   35 2248   75.40191   64.27802  14.8%  1239 4585s
H  700   623                      75.4019137   64.27802  14.8%  1223 4585s
   707   671   64.84003   36 2232   75.40191   64.27802  14.8%  1243 4639s
   757   687   64.84130   39 2226   75.40191   64.27802  14.8%  1198 4929s
   773   788   64.84130   40 2226   75.40191   64.27802  14.8%  1185 4961s
   878   801   64.87374   46 2107   75.40191   64.27802  14.8%  1103 5166s
   897   900   64.94967   47 2153   75.40191   64.27802  14.8%  1107 5218s
  1020   887   64.95702   48 2148   75.40191   64.27802  14.8%  1062 5370s
  1037   971   64.97475   49 2079   75.40191   64.27802  14.8%  1085 5401s
  1142   980   65.49135   52 2109   75.40191   64.27802  14.8%  1069 5806s
  1160  1048   65.52171   53 2207   75.40191   64.27802  14.8%  1101 5849s
  1258  1056   66.10251   56 2215   75.40191   64.27802  14.8%  1099 6255s
  1280  1080   67.44172   57 2336   75.40191   64.27802  14.8%  1133 6322s
  1344  1089   67.58679   58 2257   75.40191   64.27802  14.8%  1189 6572s
  1361  1162   67.96922   59 2251   75.40191   64.27802  14.8%  1213 6608s
  1448  1175   68.57460   71 2212   75.40191   64.27802  14.8%  1226 7015s
  1467  1284   68.66586   72 2235   75.40191   64.27802  14.8%  1236 7075s
  1625  1295   68.84787   75 2057   75.40191   64.27802  14.8%  1192 7200s

Cutting planes:
  Gomory: 13
  Cover: 397
  Implied bound: 3794
  Clique: 1248
  MIR: 3373
  StrongCG: 1
  Flow cover: 4220
  Zero half: 7
  Network: 13
  RLT: 1045
  Relax-and-lift: 331

Explored 1644 nodes (2171423 simplex iterations) in 7200.28 seconds (3390.13 work units)
Thread count was 32 (of 32 available processors)

Solution count 10: 75.4019 75.4019 75.4064 ... 75.7736

Time limit reached
Best objective 7.540191370149e+01, best bound 6.427801736429e+01, gap 14.7528%
