
Gurobi 9.5.2 (linux64) logging started Tue Aug 11 16:52:45 2026

Set parameter LogFile to value "/mnt/beegfs/users/celinep/ChargeAndBreak/logs/RmediumCmanyTtight_4_2SP_20260810_213134_094_gurobi.log"
Gurobi Optimizer version 9.5.2 build v9.5.2rc0 (linux64)
Thread count: 16 physical cores, 32 logical processors, using up to 32 threads
Optimize a model with 111189 rows, 51341 columns and 359968 nonzeros
Model fingerprint: 0x5359b54e
Variable types: 45051 continuous, 6290 integer (6290 binary)
Coefficient statistics:
  Matrix range     [2e-02, 1e+03]
  Objective range  [2e-02, 4e-02]
  Bounds range     [1e+00, 1e+00]
  RHS range        [2e-02, 5e+02]
Presolve removed 39817 rows and 13128 columns (presolve time = 5s) ...
Presolve removed 39817 rows and 13128 columns
Presolve time: 5.37s
Presolved: 71372 rows, 38213 columns, 290875 nonzeros
Variable types: 33796 continuous, 4417 integer (4416 binary)
Found heuristic solution: objective 119.7778823

Deterministic concurrent LP optimizer: primal and dual simplex (primal and dual model)
Showing first log only...

Root relaxation presolve removed 1574 rows and 1574 columns
Root relaxation presolved: 69798 rows, 36639 columns, 287727 nonzeros


Root simplex log...

Iteration    Objective       Primal Inf.    Dual Inf.      Time
       0    4.1309595e+01   1.458981e+04   2.243952e+11      8s
   25937    5.9633876e+01   2.389800e+02   4.332990e+09     10s
   32005    9.1901215e+01   1.054351e-01   3.647983e+08     15s
   32117    9.8906865e+01   0.000000e+00   8.522259e+02     15s
   35045    8.3220568e+01   0.000000e+00   7.188507e+03     20s
   36475    7.8763886e+01   0.000000e+00   6.744130e+03     25s
   38235    7.5928582e+01   0.000000e+00   1.101816e+05     30s
   40525    7.1576847e+01   0.000000e+00   4.703606e+03     35s
   42345    6.8776910e+01   0.000000e+00   9.518472e+02     40s
   43685    6.8143131e+01   0.000000e+00   3.100755e+04     46s
   44475    6.7433934e+01   0.000000e+00   1.232500e+03     50s
   45627    6.6853589e+01   0.000000e+00   3.000581e+03     55s
   46927    6.6224969e+01   0.000000e+00   4.606730e+04     60s
   48797    6.5439027e+01   0.000000e+00   2.127161e+02     65s
   50969    6.4288841e+01   0.000000e+00   1.324416e+03     71s
   51969    6.3927584e+01   0.000000e+00   1.139769e+03     76s
   53019    6.3626346e+01   0.000000e+00   1.616107e+03     81s
Concurrent spin time: 0.20s

Solved with primal simplex (dual model)

Root relaxation: objective 6.211277e+01, 42269 iterations, 76.22 seconds (29.43 work units)
Total elapsed time = 85.33s

    Nodes    |    Current Node    |     Objective Bounds      |     Work
 Expl Unexpl |  Obj  Depth IntInf | Incumbent    BestBd   Gap | It/Node Time

     0     0   63.73166    0 1829  119.77788   63.73166  46.8%     -  107s
H    0     0                     119.7001632   63.73166  46.8%     -  111s
     0     0   64.93027    0 1959  119.70016   64.93027  45.8%     -  134s
H    0     0                     118.4226801   64.93027  45.2%     -  139s
     0     0   65.45251    0 2109  118.42268   65.45251  44.7%     -  157s
     0     0   65.46907    0 2289  118.42268   65.46907  44.7%     -  159s
     0     0   65.47230    0 2281  118.42268   65.47230  44.7%     -  160s
     0     0   65.47387    0 2277  118.42268   65.47387  44.7%     -  161s
     0     0   65.47389    0 2278  118.42268   65.47389  44.7%     -  161s
     0     0   65.72289    0 2373  118.42268   65.72289  44.5%     -  179s
     0     0   65.75250    0 2358  118.42268   65.75250  44.5%     -  192s
     0     0   65.75447    0 2321  118.42268   65.75447  44.5%     -  193s
     0     0   65.75584    0 2332  118.42268   65.75584  44.5%     -  194s
     0     0   65.75615    0 2338  118.42268   65.75615  44.5%     -  194s
     0     0   66.15941    0 2113  118.42268   66.15941  44.1%     -  218s
     0     0   66.18389    0 2216  118.42268   66.18389  44.1%     -  228s
     0     0   66.18826    0 2191  118.42268   66.18826  44.1%     -  233s
     0     0   66.18892    0 2192  118.42268   66.18892  44.1%     -  234s
     0     0   66.18922    0 2189  118.42268   66.18922  44.1%     -  235s
     0     0   66.38276    0 2242  118.42268   66.38276  43.9%     -  266s
     0     0   66.41352    0 2544  118.42268   66.41352  43.9%     -  288s
     0     0   66.41726    0 2337  118.42268   66.41726  43.9%     -  293s
     0     0   66.41818    0 2330  118.42268   66.41818  43.9%     -  295s
     0     0   66.41831    0 2337  118.42268   66.41831  43.9%     -  296s
     0     0   66.49916    0 2495  118.42268   66.49916  43.8%     -  308s
H    0     0                     118.4048604   66.49916  43.8%     -  312s
     0     0   66.50830    0 2522  118.40486   66.50830  43.8%     -  316s
     0     0   66.50964    0 2540  118.40486   66.50964  43.8%     -  319s
     0     0   66.51009    0 2541  118.40486   66.51009  43.8%     -  321s
     0     0   66.56591    0 2546  118.40486   66.56591  43.8%     -  332s
H    0     0                     118.3964143   66.56591  43.8%     -  335s
     0     0   66.57047    0 2570  118.39641   66.57047  43.8%     -  346s
     0     0   66.57149    0 2569  118.39641   66.57149  43.8%     -  347s
     0     0   66.57260    0 2560  118.39641   66.57260  43.8%     -  349s
     0     0   66.57305    0 2571  118.39641   66.57305  43.8%     -  350s
     0     0   66.60738    0 2488  118.39641   66.60738  43.7%     -  362s
H    0     0                     118.2665962   66.60738  43.7%     -  368s
     0     0   66.61476    0 2466  118.26660   66.61476  43.7%     -  371s
     0     0   66.61600    0 2471  118.26660   66.61600  43.7%     -  375s
     0     0   66.61620    0 2492  118.26660   66.61620  43.7%     -  376s
     0     0   66.65521    0 2557  118.26660   66.65521  43.6%     -  400s
     0     0   66.65916    0 2554  118.26660   66.65916  43.6%     -  412s
     0     0   66.65996    0 2576  118.26660   66.65996  43.6%     -  414s
     0     0   66.67683    0 2495  118.26660   66.67683  43.6%     -  423s
     0     0   66.68402    0 2481  118.26660   66.68402  43.6%     -  438s
     0     0   66.68504    0 2495  118.26660   66.68504  43.6%     -  445s
     0     0   66.68604    0 2465  118.26660   66.68604  43.6%     -  449s
     0     0   66.68614    0 2471  118.26660   66.68614  43.6%     -  450s
     0     0   66.70610    0 2523  118.26660   66.70610  43.6%     -  462s
     0     0   66.71340    0 2473  118.26660   66.71340  43.6%     -  476s
     0     0   66.71503    0 2367  118.26660   66.71503  43.6%     -  480s
     0     0   66.71539    0 2381  118.26660   66.71539  43.6%     -  480s
     0     0   66.72285    0 2231  118.26660   66.72285  43.6%     -  487s
     0     0   66.72723    0 2261  118.26660   66.72723  43.6%     -  502s
     0     0   66.72757    0 2250  118.26660   66.72757  43.6%     -  507s
     0     0   66.73475    0 2245  118.26660   66.73475  43.6%     -  519s
H    0     0                     118.2658806   66.73475  43.6%     -  526s
     0     0   66.73626    0 2247  118.26588   66.73626  43.6%     -  533s
     0     0   66.73655    0 2244  118.26588   66.73655  43.6%     -  534s
     0     0   66.74342    0 2209  118.26588   66.74342  43.6%     -  547s
     0     0   66.74396    0 2219  118.26588   66.74396  43.6%     -  567s
     0     0   66.74846    0 2232  118.26588   66.74846  43.6%     -  585s
     0     0   66.74846    0 2046  118.26588   66.74846  43.6%     -  629s
H    0     0                     118.2648068   66.74846  43.6%     -  647s
H    0     0                     118.2642506   66.74846  43.6%     -  682s
H    0     2                     118.2591059   66.74846  43.6%     -  691s
     0     2   66.74846    0 2022  118.25911   66.74846  43.6%     -  691s
     1     4   66.75377    1 2052  118.25911   66.74847  43.6%  5181  721s
     3     8   66.75652    2 2167  118.25911   66.75381  43.6%  6415  796s
     7    16   66.77292    3 2321  118.25911   66.75666  43.6%  9744  835s
    15    32   66.77707    4 2361  118.25911   66.77295  43.5%  9340  882s
    31    48   66.77871    5 2368  118.25911   66.77718  43.5%  9391  962s
H   32    48                     118.2587546   66.77718  43.5%  9098  962s
H   33    48                     118.2537770   66.77718  43.5%  8913  962s
H   35    48                     118.2530160   66.77718  43.5%  8554  962s
H   36    48                     118.2519434   66.77718  43.5%  8417  962s
H   44    48                     118.2389491   66.77718  43.5%  9234  962s
H   46    48                     107.4446940   66.77718  37.8%  9020  962s
    47    64   66.78066    6 2345  107.44469   66.77718  37.8%  9054  984s
    63    80   66.80291    7 2335  107.44469   66.77718  37.8%  7568 1084s
H   79    96                     106.9412103   66.77718  37.6%  6602 1110s
H   80    96                     106.9271862   66.77718  37.5%  6562 1110s
    95   124   66.88976    9 2318  106.92719   66.77718  37.5%  5902 1125s
H  123   150                     106.8266679   66.77718  37.5%  4829 1149s
H  128   150                     106.7385228   66.77718  37.4%  4670 1149s
H  129   150                     106.5186023   66.77718  37.3%  4649 1149s
H  133   150                     106.4483893   66.77718  37.3%  4648 1149s
H  137   150                     106.4467096   66.77718  37.3%  4527 1149s
   149   178   66.93103   12 2301  106.44671   66.77718  37.3%  4229 1164s
H  177   198                     106.4330222   66.77718  37.3%  3684 1218s
H  179   198                     106.4302407   66.77718  37.3%  3657 1218s
H  179   198                     106.4111439   66.77718  37.2%  3657 1218s
H  186   198                     106.4005922   66.77718  37.2%  3551 1218s
   197   237   66.95598   14 2286  106.40059   66.77718  37.2%  3409 1230s
H  236   253                     106.3785221   66.77718  37.2%  2943 1689s
H  237   253                      96.1381580   66.77718  30.5%  2943 1689s
H  244   253                      95.4916478   66.77718  30.1%  2927 1689s
H  245   253                      89.8314477   66.77718  25.7%  2917 1689s
   252   303   66.98639   16 2172   89.83145   66.77718  25.7%  2853 1697s
H  304   318                      78.9515505   66.77718  15.4%  2447 1749s
H  305   318                      77.7650293   66.77718  14.1%  2440 1749s
   321   356   67.05790   18 2177   77.76503   66.77718  14.1%  2368 1797s
H  381   369                      77.7450293   66.77718  14.1%  2184 1865s
H  383   369                      77.4682987   66.77718  13.8%  2208 1865s
   398   382   67.64005   20 1969   77.46830   66.77718  13.8%  2216 2863s
H  405   382                      77.2378600   66.77718  13.5%  2187 2863s
   417   450   67.70148   21 1830   77.23786   66.77718  13.5%  2195 2872s
H  487   465                      77.2274857   66.77718  13.5%  1978 2918s
   503   496   67.80104   24 1507   77.22749   66.77718  13.5%  1958 2965s
   554   515   67.99861   25 1490   77.22749   66.77718  13.5%  1922 3032s
   573   596   67.99863   26 1462   77.22749   66.77718  13.5%  1944 3048s
