
Gurobi 9.5.2 (linux64) logging started Thu Jul 30 15:30:40 2026

Set parameter LogFile to value "logs/RmediumCmediumTtight_32_2SP_20260730_132944_015_gurobi.log"
Gurobi Optimizer version 9.5.2 build v9.5.2rc0 (linux64)
Thread count: 16 physical cores, 32 logical processors, using up to 32 threads
Optimize a model with 123909 rows, 60150 columns and 411838 nonzeros
Model fingerprint: 0x8889e53e
Variable types: 51501 continuous, 8649 integer (8649 binary)
Coefficient statistics:
  Matrix range     [3e-02, 1e+03]
  Objective range  [4e-02, 4e-02]
  Bounds range     [1e+00, 1e+00]
  RHS range        [3e-02, 5e+02]
Presolve removed 40807 rows and 13710 columns
Presolve time: 2.32s
Presolved: 83102 rows, 46440 columns, 353617 nonzeros
Variable types: 39784 continuous, 6656 integer (6656 binary)

Deterministic concurrent LP optimizer: primal and dual simplex (primal and dual model)
Showing first log only...

Root relaxation presolve removed 1875 rows and 1875 columns
Root relaxation presolved: 81227 rows, 44565 columns, 349867 nonzeros


Root simplex log...

Iteration    Objective       Primal Inf.    Dual Inf.      Time
   30118    7.7609797e+01   8.867107e+01   1.661697e+09      5s
   32227    1.0050638e+02   0.000000e+00   1.933764e+03      6s
   38287    8.3001358e+01   0.000000e+00   1.170593e+03     10s
   44767    7.3627733e+01   0.000000e+00   3.939473e+02     15s
   50273    6.6778144e+01   0.000000e+00   9.103894e+02     20s
   54829    6.2315635e+01   0.000000e+00   1.193412e+03     25s
   58239    6.1801463e+01   0.000000e+00   1.489297e+05     30s
   62337    6.1487929e+01   0.000000e+00   2.323469e+01     35s
   66257    6.1415464e+01   0.000000e+00   3.714384e+01     40s
   69307    6.1379700e+01   0.000000e+00   1.287706e+00     45s
   72009    6.1315056e+01   0.000000e+00   2.085446e+01     50s
Concurrent spin time: 0.01s

Solved with primal simplex (dual model)

Root relaxation: objective 6.120392e+01, 48979 iterations, 48.37 seconds (45.75 work units)
Total elapsed time = 55.31s

    Nodes    |    Current Node    |     Objective Bounds      |     Work
 Expl Unexpl |  Obj  Depth IntInf | Incumbent    BestBd   Gap | It/Node Time

     0     0   61.27621    0 2399          -   61.27621      -     -   92s
     0     0   61.71154    0 2993          -   61.71154      -     -  176s
     0     0   62.05850    0 2970          -   62.05850      -     -  210s
     0     0   62.81909    0 3218          -   62.81909      -     -  276s
     0     0   62.94784    0 3388          -   62.94784      -     -  290s
     0     0   62.96209    0 3459          -   62.96209      -     -  293s
     0     0   62.96534    0 3479          -   62.96534      -     -  294s
     0     0   62.96598    0 3479          -   62.96598      -     -  294s
     0     0   62.96606    0 3487          -   62.96606      -     -  295s
     0     0   64.19274    0 3356          -   64.19274      -     -  333s
     0     0   64.35828    0 3431          -   64.35828      -     -  344s
     0     0   64.37793    0 3475          -   64.37793      -     -  346s
     0     0   64.38357    0 3520          -   64.38357      -     -  348s
     0     0   64.38503    0 3537          -   64.38503      -     -  349s
     0     0   64.38563    0 3540          -   64.38563      -     -  350s
     0     0   64.90902    0 3540          -   64.90902      -     -  388s
     0     0   64.98296    0 3600          -   64.98296      -     -  403s
     0     0   64.99241    0 3609          -   64.99241      -     -  407s
     0     0   64.99483    0 3618          -   64.99483      -     -  408s
     0     0   64.99979    0 3608          -   64.99979      -     -  410s
     0     0   65.00018    0 3578          -   65.00018      -     -  412s
     0     0   65.16242    0 3636          -   65.16242      -     -  434s
     0     0   65.18666    0 3718          -   65.18666      -     -  442s
     0     0   65.19032    0 3741          -   65.19032      -     -  445s
     0     0   65.19122    0 3754          -   65.19122      -     -  446s
     0     0   65.30291    0 3622          -   65.30291      -     -  467s
     0     0   65.31922    0 3647          -   65.31922      -     -  479s
     0     0   65.32241    0 3679          -   65.32241      -     -  483s
     0     0   65.32311    0 3670          -   65.32311      -     -  484s
     0     0   65.40228    0 3756          -   65.40228      -     -  492s
     0     0   65.41080    0 3779          -   65.41080      -     -  506s
     0     0   65.41224    0 3789          -   65.41224      -     -  508s
     0     0   65.41295    0 3788          -   65.41295      -     -  509s
     0     0   65.47235    0 3680          -   65.47235      -     -  525s
     0     0   65.48463    0 3750          -   65.48463      -     -  538s
     0     0   65.48665    0 3712          -   65.48665      -     -  542s
     0     0   65.48707    0 3830          -   65.48707      -     -  544s
     0     0   65.53421    0 3805          -   65.53421      -     -  563s
     0     0   65.54266    0 3836          -   65.54266      -     -  578s
     0     0   65.54362    0 3840          -   65.54362      -     -  579s
     0     0   65.59043    0 3812          -   65.59043      -     -  588s
     0     0   65.59684    0 3814          -   65.59684      -     -  593s
     0     0   65.59819    0 3857          -   65.59819      -     -  594s
     0     0   65.59844    0 3823          -   65.59844      -     -  594s
     0     0   65.63038    0 3879          -   65.63038      -     -  602s
     0     0   65.63478    0 3845          -   65.63478      -     -  618s
     0     0   65.63550    0 3862          -   65.63550      -     -  620s
     0     0   65.65971    0 3810          -   65.65971      -     -  636s
     0     0   65.66559    0 3862          -   65.66559      -     -  656s
     0     0   65.66649    0 3877          -   65.66649      -     -  658s
     0     0   65.68604    0 3893          -   65.68604      -     -  666s
     0     0   65.69024    0 3914          -   65.69024      -     -  678s
     0     0   65.69117    0 3874          -   65.69117      -     -  680s
     0     0   65.70722    0 3886          -   65.70722      -     -  693s
     0     0   65.70878    0 3941          -   65.70878      -     -  704s
     0     0   65.70904    0 3931          -   65.70904      -     -  706s
     0     0   65.72268    0 3900          -   65.72268      -     -  715s
     0     0   65.72510    0 3922          -   65.72510      -     -  726s
     0     0   65.72539    0 3929          -   65.72539      -     -  727s
     0     0   65.73626    0 3909          -   65.73626      -     -  731s
     0     0   65.73746    0 3921          -   65.73746      -     -  743s
     0     0   65.74402    0 3919          -   65.74402      -     -  746s
     0     0   65.74448    0 3919          -   65.74448      -     -  756s
     0     0   65.75070    0 3904          -   65.75070      -     -  761s
     0     0   65.75070    0 3395          -   65.75070      -     -  832s
     0     2   65.75070    0 3343          -   65.75070      -     - 1519s
     1     4   65.75101    1 3363          -   65.75074      -  1482 1530s
     3     8   65.75142    2 3349          -   65.75142      -  3013 1544s
     7    16   65.76540    3 3337          -   65.75142      -  3488 1550s
    15    32   65.76905    4 3318          -   65.76548      -  3037 1564s
    31    48   65.77496    5 3307          -   65.76936      -  2701 1570s
    47    64   65.78618    6 3322          -   65.76936      -  2193 1575s
    63    80   65.81763    7 3330          -   65.76936      -  1867 1583s
    79    96   65.83798    8 3339          -   65.76936      -  1585 1589s
    95   121   66.15681    9 3242          -   65.76936      -  1460 1597s
   120   143   66.87837   10 3248          -   65.76936      -  1250 1600s
   166   195   66.87844   13 3251          -   65.76936      -   996 1607s
   194   219   66.87887   16 3255          -   65.76936      -   896 1610s
   244   271   66.88934   21 3258          -   65.76936      -   778 1618s
   270   299   66.88934   25 3258          -   65.76936      -   741 1626s
   298   327   66.88936   29 3269          -   65.76936      -   718 1630s
   365   398   66.88936   38 3269          -   65.76936      -   653 1639s
   397   427   66.96000   41 3264          -   65.76936      -   634 1645s
   461   501   66.96138   46 3264          -   65.76936      -   591 1654s
   500   538   66.96144   51 3270          -   65.76936      -   567 1657s
   537   581   66.96759   55 3255          -   65.76936      -   551 1661s
   580   621   66.96759   62 3255          -   65.76936      -   539 1665s
   620   671   66.96766   70 3272          -   65.76936      -   530 1672s
   670   708   76.79248   78 3261          -   65.76936      -   528 1680s
   745   784   76.87304   83 3234          -   65.76936      -   526 1690s
   785   812   76.88725   86 3233          -   65.76936      -   528 1697s
   819   845   76.90176   88 3214          -   65.76936      -   533 1706s
   856   891   77.89751   94 3222          -   65.76936      -   544 1711s
   902   929   77.93344   98 3222          -   65.76936      -   548 1716s
   940   958   78.00552  105 3222          -   65.76936      -   551 1721s
   969   996   78.04797  108 3207          -   65.76936      -   564 1727s
  1007  1037   78.07134  111 3208          -   65.76936      -   575 1735s
  1100  1162   78.19398  117 3241          -   65.76936      -   587 1746s
  1173  1247   78.24987  120 3205          -   65.76936      -   574 1753s
  1262  1330   78.35504  123 3244          -   65.76936      -   561 1761s
  1349  1391   78.47236  127 3203          -   65.76936      -   551 1770s
  1412  1446   78.78785  132 3242          -   65.76936      -   559 1778s
  1470  1508   79.02099  134 3199          -   65.76936      -   567 1786s
  1541  1582   79.37139  136 3202          -   65.76936      -   574 1797s
  1633  1663   79.82017  138 3241          -   65.76936      -   575 1807s
  1742  1740   80.25318  139 3187          -   65.76936      -   569 1824s
  1845  1870   80.66708  140 3226          -   65.76936      -   572 1834s
  2001  2029   86.33459  143 3191          -   65.76936      -   555 1843s
  2190  2197   86.46960  145 3095          -   65.76936      -   529 1853s
  2412  2385   86.68816  148 2950          -   65.76936      -   505 1864s
  2642  2629   87.18943  150 2765          -   65.76936      -   484 1872s
  2938  2867   86.91760  152 2712          -   65.76936      -   456 1886s
  3230  3138   87.25788  155 2601          -   65.76936      -   435 1901s
  3570  3457   87.52491  158 2423          -   65.76936      -   408 1911s
  3986  3729   98.68920  193 2327          -   65.76936      -   374 1930s
  4361  4113   98.82298  195 2214          -   65.76936      -   350 1941s
  4816  4544  100.08916  214 1597          -   65.76936      -   325 1951s
  5313  4952 infeasible  261               -   65.76936      -   303 1964s
  5873  5404  103.06172  310 1293          -   65.76936      -   281 1980s
  6459  5908  104.80499  374 1227          -   65.76936      -   263 1988s
  7052  6405  104.95441  447 1143          -   65.76936      -   249 2011s
  7660  6992  105.05212  519 1027          -   65.76936      -   235 2024s
  8306  7638  105.06359  600  867          -   65.76936      -   223 2038s
  9074  8242  105.06368  680  721          -   65.76936      -   209 2053s
  9918  8845  105.06368  761  609          -   65.76936      -   195 2072s
 10762  8846   68.97140   22 3395          -   65.76936      -   184 2373s
 10764  8847   86.93745   49 2193          -   65.76936      -   184 2491s
 10765  8848  104.86999  384 2075          -   65.76936      -   184 2606s
 10766  8849  105.06368  829 2540          -   66.29345      -   184 2683s
 10767  8849   70.60628   17 2600          -   66.86089      -   184 2796s
 10768  8850  102.04384  282 2914          -   67.17023      -   184 2865s
 10769  8851  104.97589  348 2685          -   67.72513      -   184 2972s
 10770  8851  104.73780  461 3011          -   67.92424      -   184 3019s
 10771  8852  102.96189  220 2586          -   68.20905      -   184 3107s
 10772  8853  104.80404  245 2678          -   68.31440      -   184 3166s
 10773  8853   91.33493  282 2649          -   68.48454      -   184 3256s
 10774  8854  104.71322  339 2803          -   68.54267      -   184 3311s
 10775  8855   69.45940   30 2380          -   68.66523      -   184 3374s
 10776  8855  104.83792  348 2614          -   68.70068      -   184 3432s
 10777  8856  100.46431  118 2367          -   68.79453      -   184 3520s
 10778  8857  104.75470  348 2631          -   68.81140      -   184 3570s
 10779  8857  104.69130  314 2343          -   68.85613      -   184 3636s
 10780  8858  104.99695  754 2601          -   68.86583      -   184 3664s
 10781  8859  105.01704  799 2152          -   68.90554      -   184 3735s
 10782  8859   68.91999  175 2399          -   68.91999      -   184 3754s
 10783  8860   93.76672  530 2256          -   68.96261      -   184 3868s
 10784  8861  105.08612  527 2368          -   68.96820      -   184 3895s
 10785  8861  102.68604  281 2220          -   68.99259      -   184 3964s
 10786  8862   90.01836  189 2604          -   68.99922      -   184 4006s
 10787  8863   77.32364   38 2662          -   69.02699      -   184 4096s
 10788  8863   87.39637   52 2810          -   69.03696      -   184 4137s
 10789  8864  105.21061  652 2477          -   69.06041      -   184 4228s
 10790  8865   72.04208  205 2769          -   69.07155      -   184 4274s
 10791  8865  101.70011  157 2814          -   69.08400      -   184 4344s
 10792  8866   75.86029   10 2880          -   69.10326      -   184 4410s
 10793  8867  101.56622  165 2509          -   69.12243      -   184 4476s
 10794  8867   91.48084  357 2492          -   69.13113      -   184 4548s
 10795  8868   86.42063   37 1989          -   69.17752      -   184 4661s
 10796  8869   76.79448   92 2553          -   69.19365      -   184 4763s
 10797  8869   69.21340   60 2639          -   69.21340      -   184 4820s
 10798  8870   87.22678   58 2549          -   69.22044      -   184 4838s
 10799  8871  117.15830  728 2527          -   69.23323      -   184 4886s
 10800  8871  104.83950  350 2897          -   69.24631      -   184 4974s
 10801  8872  104.85013  416 2137          -   69.25590      -   184 5042s
 10802  8873   69.26045   70 2291          -   69.26045      -   184 5072s
 10803  8873  104.73615  324 2382          -   69.27249      -   184 5159s
 10804  8874   86.20267   42 2623          -   69.27437      -   184 5190s
 10805  8875  105.19789  598 2479          -   69.28366      -   184 5271s
 10806  8875  105.06865  402 2599          -   69.28434      -   184 5312s
 10807  8876  104.85665  364 2425          -   69.28825      -   184 5380s
 10808  8877   71.70831   59 2596          -   69.29067      -   184 5428s
 10809  8877  116.63673  526 2310          -   69.29631      -   184 5477s
 10810  8878  100.74092  243 2445          -   69.29749      -   184 5503s
 10811  8879  105.21089  664 2287          -   69.30115      -   184 5596s
 10812  8879   70.66287   31 2424          -   69.30225      -   183 5633s
 10813  8880  104.79420  397 2351          -   69.30594      -   183 5688s
 10814  8881  104.93289  324 2394          -   69.30660      -   183 5723s
 10815  8881   99.56961  200 2287          -   69.30808      -   183 5766s
 10816  8882  117.17113  621 2419          -   69.30820      -   183 5784s
 10817  8883  105.08143  624 2349          -   69.31390      -   183 5845s
 10818  8883  117.17594  858 2575          -   69.31708      -   183 5883s
 10819  8884  104.99451  481 2134          -   69.32001      -   183 5974s
 10820  8885   77.74089   95 2331          -   69.32114      -   183 6042s
 10821  8885   98.46691   84 2193          -   69.32549      -   183 6153s
H10821  8439                      93.9610720   69.32549  26.2%   183 6206s
 10822  8440   86.62085   49 2259   93.96107   69.32656  26.2%   183 6213s
 10823  8441   87.53351   59 2006   93.96107   69.33485  26.2%   183 6283s
 10824  8441   93.96107  340 2039   93.96107   69.33635  26.2%   183 6301s
 10825  8442   93.96107  362 1958   93.96107   69.34024  26.2%   183 6375s
 10826  8443   93.96107  781 2008   93.96107   69.34060  26.2%   183 6414s
 10827  8443   76.44622    7 1909   93.96107   69.35253  26.2%   183 6515s
 10828  8444   69.47835   40 2140   93.96107   69.35768  26.2%   183 6550s
 10829  8445   93.96107  529 2103   93.96107   69.36159  26.2%   183 6625s
 10830  8445   70.61198   46 2140   93.96107   69.36192  26.2%   183 6642s
 10831  8446   88.47711  123 2004   93.96107   69.36614  26.2%   183 6713s
 10832  8447   87.09974  103 2083   93.96107   69.36682  26.2%   183 6742s
 10833  8447   93.76640  504 1900   93.96107   69.36728  26.2%   183 6785s
 10834  8448   93.96107  331 2096   93.96107   69.36736  26.2%   183 6818s
 10835  8449   93.96107  810 1933   93.96107   69.36824  26.2%   183 6871s
 10836  8449   93.96107  419 2102   93.96107   69.36831  26.2%   183 6890s
 10837  8450   93.96107  304 2001   93.96107   69.36905  26.2%   183 6929s
 10838  8451   93.96107  490 2144   93.96107   69.36928  26.2%   183 6947s
 10839  8451   87.52902   51 1824   93.96107   69.36962  26.2%   183 6980s
 10840  8452   93.76559  770 2060   93.96107   69.36967  26.2%   183 6992s
 10841  8453   69.36988   28 1958   93.96107   69.36988  26.2%   183 7018s
 10842  8453   72.06811   52 1869   93.96107   69.36988  26.2%   183 7028s
 10844  8456   69.36988   11 3395   93.96107   69.36988  26.2%   311 7035s
 10846  8457   93.96107  823 1940   93.96107   69.36988  26.2%   311 7194s

Cutting planes:
  Learned: 58
  Gomory: 25
  Cover: 236
  Implied bound: 197
  Projected implied bound: 307
  Clique: 61
  MIR: 1291
  StrongCG: 4
  Flow cover: 2152
  RLT: 36
  Relax-and-lift: 101
  PSD: 10

Explored 10846 nodes (3842603 simplex iterations) in 7200.06 seconds (6122.28 work units)
Thread count was 32 (of 32 available processors)

Solution count 1: 93.9611 

Time limit reached
Best objective 9.396107200732e+01, best bound 6.936988378764e+01, gap 26.1717%
