
Gurobi 9.5.2 (linux64) logging started Thu Jul 30 21:32:23 2026

Set parameter LogFile to value "logs/RmediumCmediumTtight_9_2SP_20260730_132944_039_gurobi.log"
Gurobi Optimizer version 9.5.2 build v9.5.2rc0 (linux64)
Thread count: 16 physical cores, 32 logical processors, using up to 32 threads
Optimize a model with 81736 rows, 39776 columns and 270640 nonzeros
Model fingerprint: 0xfdd81a3e
Variable types: 33876 continuous, 5900 integer (5900 binary)
Coefficient statistics:
  Matrix range     [3e-02, 8e+02]
  Objective range  [4e-02, 4e-02]
  Bounds range     [1e+00, 1e+00]
  RHS range        [3e-02, 5e+02]
Presolve removed 27424 rows and 9494 columns
Presolve time: 2.64s
Presolved: 54312 rows, 30282 columns, 231179 nonzeros
Variable types: 25775 continuous, 4507 integer (4507 binary)

Deterministic concurrent LP optimizer: primal and dual simplex
Showing first log only...


Root simplex log...

Iteration    Objective       Primal Inf.    Dual Inf.      Time
   18138    4.6787349e+01   1.102803e+02   1.471837e+09      5s
   21684    6.5256974e+01   0.000000e+00   4.436158e+02      6s
   25535    5.4729944e+01   0.000000e+00   8.840310e+02     10s
   27999    5.1714048e+01   0.000000e+00   1.994727e+04     15s
   31483    4.9024327e+01   0.000000e+00   4.841391e+04     20s
   34293    4.6978809e+01   0.000000e+00   1.433034e+04     25s
   37579    4.5030993e+01   0.000000e+00   9.116550e+03     30s
   40651    4.4322222e+01   0.000000e+00   8.128086e+02     35s
   44205    4.3647490e+01   0.000000e+00   2.458859e+03     40s
   47559    4.3410300e+01   0.000000e+00   1.069246e+03     45s
   50557    4.3338464e+01   0.000000e+00   4.200961e+02     50s
   54145    4.3268943e+01   0.000000e+00   1.075413e+02     55s
   57135    4.3197356e+01   0.000000e+00   1.824135e+03     60s
   60515    4.3159515e+01   0.000000e+00   1.355642e+01     65s
   63969    4.3094148e+01   0.000000e+00   2.414706e+03     70s
   66920    4.3088876e+01   0.000000e+00   0.000000e+00     74s
   66924    4.3088876e+01   0.000000e+00   0.000000e+00     74s
Extra simplex iterations after uncrush: 4
Concurrent spin time: 1.33s

Solved with dual simplex

Root relaxation: objective 4.308888e+01, 77705 iterations, 71.58 seconds (58.67 work units)

    Nodes    |    Current Node    |     Objective Bounds      |     Work
 Expl Unexpl |  Obj  Depth IntInf | Incumbent    BestBd   Gap | It/Node Time

     0     0   43.22487    0 1840          -   43.22487      -     -  106s
     0     0   43.54818    0 2217          -   43.54818      -     -  131s
     0     0   43.80319    0 2221          -   43.80319      -     -  153s
     0     0   44.24514    0 2388          -   44.24514      -     -  198s
     0     0   44.32888    0 2430          -   44.32888      -     -  205s
     0     0   44.35056    0 2457          -   44.35056      -     -  207s
     0     0   44.35372    0 2463          -   44.35372      -     -  208s
     0     0   44.35502    0 2461          -   44.35502      -     -  209s
     0     0   44.35508    0 2459          -   44.35508      -     -  209s
     0     0   45.39535    0 2382          -   45.39535      -     -  242s
     0     0   45.46681    0 2352          -   45.46681      -     -  255s
     0     0   45.48954    0 2483          -   45.48954      -     -  262s
     0     0   45.50441    0 2492          -   45.50441      -     -  264s
     0     0   45.50862    0 2399          -   45.50862      -     -  265s
     0     0   45.51284    0 2454          -   45.51284      -     -  266s
     0     0   45.51774    0 2401          -   45.51774      -     -  266s
     0     0   45.51861    0 2399          -   45.51861      -     -  267s
     0     0   45.51868    0 2401          -   45.51868      -     -  267s
     0     0   45.92807    0 2403          -   45.92807      -     -  299s
     0     0   46.01355    0 2444          -   46.01355      -     -  309s
     0     0   46.02428    0 2460          -   46.02428      -     -  312s
     0     0   46.02751    0 2422          -   46.02751      -     -  313s
     0     0   46.02843    0 2424          -   46.02843      -     -  313s
     0     0   46.02875    0 2436          -   46.02875      -     -  314s
     0     0   46.11653    0 2461          -   46.11653      -     -  325s
     0     0   46.12842    0 2484          -   46.12842      -     -  329s
     0     0   46.13049    0 2493          -   46.13049      -     -  331s
     0     0   46.13272    0 2491          -   46.13272      -     -  331s
     0     0   46.13283    0 2493          -   46.13283      -     -  332s
     0     0   46.20594    0 2450          -   46.20594      -     -  343s
     0     0   46.21588    0 2505          -   46.21588      -     -  347s
     0     0   46.21818    0 2509          -   46.21818      -     -  348s
     0     0   46.21890    0 2501          -   46.21890      -     -  349s
     0     0   46.26648    0 2515          -   46.26648      -     -  355s
     0     0   46.27420    0 2521          -   46.27420      -     -  359s
     0     0   46.27528    0 2527          -   46.27528      -     -  360s
     0     0   46.27545    0 2480          -   46.27545      -     -  360s
     0     0   46.30961    0 2529          -   46.30961      -     -  364s
     0     0   46.31428    0 2522          -   46.31428      -     -  367s
     0     0   46.31595    0 2536          -   46.31595      -     -  368s
     0     0   46.31613    0 2541          -   46.31613      -     -  368s
     0     0   46.35239    0 2548          -   46.35239      -     -  373s
     0     0   46.35517    0 2560          -   46.35517      -     -  375s
     0     0   46.35566    0 2564          -   46.35566      -     -  375s
     0     0   46.38096    0 2557          -   46.38096      -     -  382s
     0     0   46.38370    0 2564          -   46.38370      -     -  384s
     0     0   46.38396    0 2578          -   46.38396      -     -  384s
     0     0   46.40028    0 2498          -   46.40028      -     -  388s
     0     0   46.40764    0 2559          -   46.40764      -     -  391s
     0     0   46.40920    0 2569          -   46.40920      -     -  392s
     0     0   46.40940    0 2584          -   46.40940      -     -  392s
     0     0   46.42668    0 2585          -   46.42668      -     -  399s
     0     0   46.43005    0 2644          -   46.43005      -     -  403s
     0     0   46.43034    0 2647          -   46.43034      -     -  403s
     0     0   46.44214    0 2648          -   46.44214      -     -  407s
     0     0   46.44274    0 2655          -   46.44274      -     -  410s
     0     0   46.45760    0 2651          -   46.45760      -     -  416s
     0     0   46.46112    0 2665          -   46.46112      -     -  418s
     0     0   46.46137    0 2678          -   46.46137      -     -  419s
     0     0   46.48171    0 2659          -   46.48171      -     -  422s
     0     0   46.48530    0 2679          -   46.48530      -     -  425s
     0     0   46.48555    0 2687          -   46.48555      -     -  426s
     0     0   46.49047    0 2610          -   46.49047      -     -  431s
     0     0   46.49278    0 2612          -   46.49278      -     -  435s
     0     0   46.49298    0 2614          -   46.49298      -     -  436s
     0     0   46.51155    0 2622          -   46.51155      -     -  440s
     0     0   46.51258    0 2620          -   46.51258      -     -  444s
     0     0   46.51774    0 2689          -   46.51774      -     -  448s
     0     0   46.51836    0 2702          -   46.51836      -     -  450s
     0     0   46.52782    0 2680          -   46.52782      -     -  454s
     0     0   46.52782    0 2394          -   46.52782      -     -  494s
     0     2   46.52782    0 2359          -   46.52782      -     -  634s
     1     4   46.53982    1 2341          -   46.52783      -  1074  643s
     3     8   46.54044    2 2334          -   46.53989      -  2844  649s
     7    16   46.54472    3 2300          -   46.54125      -  2457  660s
    15    32   46.55309    4 2304          -   46.54472      -  2690  673s
    31    48   46.94740    5 2299          -   46.55309      -  2803  680s
    63    80   47.00674    7 2294          -   46.55309      -  1745  687s
    95   115   47.06694    9 2294          -   46.55309      -  1318  695s
   135   160   47.11880   13 2288          -   46.55309      -  1091  700s
   180   206   47.17213   17 2291          -   46.55309      -   928  705s
   230   259   47.23661   21 2245          -   46.55309      -   839  712s
   258   293   47.24453   22 2236          -   46.55309      -   821  715s
   292   326   47.25481   23 2230          -   46.55309      -   788  721s
   325   375   47.30124   25 2304          -   46.55309      -   777  727s
   374   416   47.30887   26 2304          -   46.55309      -   716  734s
   415   469   47.35660   27 2306          -   46.55309      -   687  741s
   468   514   47.44202   28 2272          -   46.55309      -   640  750s
   513   579   47.44520   29 2266          -   46.55309      -   599  758s
   580   639   47.48394   31 2304          -   46.55309      -   559  763s
   642   708   47.50081   32 2243          -   46.55309      -   530  769s
   713   789   47.52803   33 2248          -   46.55309      -   508  774s
   794   843   47.75023   34 2236          -   46.55309      -   477  789s
   849   891   47.79127   35 2262          -   46.55309      -   494  803s
   905   959   47.89582   36 2264          -   46.55309      -   489  813s
H  933   935                      69.5366749   46.55309  33.1%   493  813s
   977   906   47.93439   37 2263   69.53667   46.55309  33.1%   476  830s
H  984   906                      69.4840961   46.55309  33.0%   479  830s
  1037   966   47.99003   38 2258   69.48410   46.55309  33.0%   494  851s
  1102  1022   48.07317   39 2232   69.48410   46.55309  33.0%   501  865s
  1166  1082   48.10656   40 2232   69.48410   46.55309  33.0%   498  873s
H 1199  1082                      69.4349686   46.55309  33.0%   506  873s
H 1220  1082                      69.4286015   46.55309  32.9%   502  873s
  1240  1162   48.41670   43 2253   69.42860   46.55309  32.9%   501  879s
  1327  1260   48.65461   45 2234   69.42860   46.55309  32.9%   500  889s
H 1329   965                      60.0472309   46.55309  22.5%   501  889s
H 1404   965                      59.5780484   46.55309  21.9%   488  889s
  1439   853   48.75260   47 2320   59.57805   46.55309  21.9%   478  901s
  1500   856   48.89290   49 2255   59.57805   46.55309  21.9%   510  943s
H 1508   856                      59.5780484   46.55309  21.9%   512  943s
  1519   875   48.95800   50 2240   59.57805   46.55309  21.9%   518  952s
  1569   876   49.16472   53 2240   59.57805   46.55309  21.9%   521  972s
  1585   899   49.32586   54 2242   59.57805   46.55309  21.9%   522  990s
  1639   904   49.67386   57 2252   59.57805   46.55309  21.9%   527 1011s
  1685   908 infeasible   63        59.57805   46.55309  21.9%   537 1030s
  1725   896   53.69419   64 2218   59.57805   46.55309  21.9%   547 1045s
H 1741   896                      59.5780483   46.55309  21.9%   551 1045s
  1749   908   54.65782   64 2186   59.57805   46.55309  21.9%   554 1056s
  1791   920   54.75560   66 2170   59.57805   46.55309  21.9%   566 1075s
  1841   970   54.76095   86 2157   59.57805   46.55309  21.9%   566 1089s
  1916  1030   54.76687  110 2137   59.57805   46.55309  21.9%   565 1106s
  1976  1084   54.81124  130 2084   59.57805   46.55309  21.9%   563 1116s
  2043  1085   54.29226   27 2394   59.57805   46.55309  21.9%   568 1342s
  2045  1086   55.06966   26 1426   59.57805   46.55309  21.9%   568 1430s
  2046  1087   47.13678   12 1484   59.57805   46.55309  21.9%   567 1477s
  2047  1088   55.97193   29 1619   59.57805   46.60266  21.8%   567 1511s
  2048  1088   54.89702   65 1676   59.57805   46.63720  21.7%   567 1520s
  2050  1090   54.81600  114 1744   59.57805   46.64595  21.7%   566 1527s
  2053  1092   48.64391   31 1781   59.57805   46.64740  21.7%   565 1531s
  2054  1092   57.58290   86 1946   59.57805   47.14698  20.9%   565 1554s
  2055  1093   49.07613   51 1956   59.57805   47.29964  20.6%   565 1568s
  2056  1094   54.15169   23 1970   59.57805   47.32637  20.6%   565 1574s
  2057  1094   57.89454   95 1991   59.57805   47.33020  20.6%   564 1576s
  2060  1096   56.10719   36 2013   59.57805   47.33150  20.6%   564 1581s
  2061  1097   55.08264   33 1819   59.57805   47.56458  20.2%   563 1621s
  2062  1098   47.66283   17 1860   59.57805   47.66283  20.0%   563 1646s
  2063  1098   48.45753   26 1905   59.57805   47.89816  19.6%   563 1674s
  2064  1099   49.07323   37 1926   59.57805   47.90420  19.6%   562 1685s
  2066  1100   55.06458   17 1916   59.57805   47.90689  19.6%   562 1690s
  2067  1101   54.55583   30 1920   59.57805   47.90695  19.6%   562 1695s
  2068  1102   54.80574   71 1828   59.57805   48.11171  19.2%   561 1725s
  2069  1102   54.95398   90 1870   59.57805   48.13473  19.2%   561 1732s
  2070  1103   54.62641   32 1895   59.57805   48.13744  19.2%   561 1736s
  2071  1104   55.14187   13 1970   59.57805   48.13841  19.2%   561 1740s
  2074  1106   54.81279  115 1984   59.57805   48.13899  19.2%   560 1748s
  2075  1106   55.25020   18 1637   59.57805   48.17965  19.1%   559 1763s
  2076  1107   50.90957   21 1742   59.57805   48.18514  19.1%   559 1775s
  2078  1108   54.16265   23 1796   59.57805   48.18658  19.1%   559 1780s
  2080  1110   54.19105   29 1775   59.57805   48.22586  19.1%   558 1800s
  2081  1110   54.39975   35 1779   59.57805   48.23102  19.0%   558 1805s
  2084  1112   55.21738   27 1885   59.57805   48.23286  19.0%   557 1816s
  2085  1113   49.00944   55 1691   59.57805   48.24790  19.0%   557 1839s
  2086  1114   52.75597   63 1775   59.57805   48.25019  19.0%   557 1841s
  2088  1115   57.44985   80 1874   59.57805   48.25078  19.0%   556 1846s
  2089  1116   54.64768   38 1751   59.57805   48.27067  19.0%   556 1865s
  2091  1117   48.27584    5 1844   59.57805   48.27584  19.0%   555 1870s
  2093  1118   54.31676   33 1617   59.57805   48.29002  18.9%   555 1892s
  2094  1119   54.12388   20 1759   59.57805   48.29506  18.9%   554 1896s
  2097  1121   56.74286   70 1790   59.57805   48.29636  18.9%   554 1900s
  2098  1122   54.12293   21 1798   59.57805   48.29640  18.9%   553 1905s
  2099  1122   49.38286   44 1776   59.57805   48.30701  18.9%   553 1925s
  2103  1125   54.14736   20 1758   59.57805   48.30993  18.9%   552 1932s
  2104  1126   55.47342   40 1511   59.57805   48.31613  18.9%   552 1952s
  2105  1126   55.92151   55 1654   59.57805   48.31750  18.9%   552 1957s
  2108  1128   49.29365   11 1705   59.57805   48.31798  18.9%   551 1962s
  2109  1129   55.68552   43 1541   59.57805   48.32544  18.9%   550 1976s
  2110  1130   48.33376   12 1634   59.57805   48.33376  18.9%   550 1987s
  2112  1131   54.85573   92 1676   59.57805   48.33876  18.9%   550 1990s
  2118  1135   55.06458   18 1726   59.57805   48.34007  18.9%   548 1995s
  2119  1136   55.06969   24 1601   59.57805   48.35093  18.8%   548 2010s
  2120  1136   49.64731   53 1592   59.57805   48.35415  18.8%   548 2016s
  2124  1139   54.00423   10 1602   59.57805   48.35822  18.8%   547 2022s
  2125  1140   49.74250   41 1593   59.57805   48.36222  18.8%   546 2032s
  2128  1142   55.85372   52 1603   59.57805   48.36368  18.8%   546 2037s
  2129  1142   48.43212   25 1392   59.57805   48.36583  18.8%   545 2051s
  2130  1143   54.76685  101 1471   59.57805   48.36638  18.8%   545 2056s
  2132  1144   54.17747   13 1538   59.57805   48.36662  18.8%   545 2066s
  2133  1145   54.09020   12 1330   59.57805   48.52693  18.5%   544 2092s
  2134  1146   54.79506   19 1402   59.57805   48.53761  18.5%   544 2097s
  2136  1147   54.84890   62 1488   59.57805   48.53835  18.5%   544 2101s
  2137  1148   56.32453   45 1460   59.57805   48.53847  18.5%   543 2107s
  2138  1148   48.54555    6 1358   59.57805   48.54555  18.5%   543 2122s
  2139  1149   55.59084   41 1410   59.57805   48.54702  18.5%   543 2125s
  2142  1151   55.87264   57 1482   59.57805   48.56491  18.5%   542 2141s
  2143  1152   54.29226   27 1478   59.57805   48.57173  18.5%   542 2147s
  2145  1153   55.06966   26 1564   59.57805   48.57304  18.5%   541 2150s
  2147  1154   55.97193   29 1564   59.57805   48.58273  18.5%   541 2167s
  2149  1156   54.07095   17 1589   59.57805   48.58529  18.5%   540 2170s
  2151  1157   54.82311   80 1563   59.57805   48.59371  18.4%   540 2189s
  2152  1158   56.04259   57 1568   59.57805   48.59833  18.4%   539 2194s
  2153  1158   48.64391   31 1580   59.57805   48.60042  18.4%   539 2197s
  2156  1160   54.15169   23 1589   59.57805   48.60074  18.4%   538 2203s
  2157  1161   57.89454   95 1588   59.57805   48.61842  18.4%   538 2218s
  2159  1162   55.06458   14 1653   59.57805   48.62127  18.4%   538 2220s
  2164  1166   49.07323   37 1657   59.57805   48.64732  18.3%   536 2235s
  2165  1166   54.87872   45 1696   59.57805   48.65375  18.3%   536 2241s
  2167  1168   54.55583   30 1683   59.57805   48.65576  18.3%   536 2246s
  2169  1169   54.95398   90 1671   59.57805   48.67107  18.3%   535 2269s
  2170  1170   54.62641   32 1696   59.57805   48.67314  18.3%   535 2273s
  2172  1171   48.68215   33 1691   59.57805   48.67435  18.3%   534 2276s
  2175  1173   55.25020   18 1702   59.57805   48.67486  18.3%   534 2285s
  2176  1174   50.90957   21 1683   59.57805   48.68068  18.3%   534 2309s
  2177  1174   48.68500   36 1692   59.57805   48.68500  18.3%   533 2314s
  2178  1175   54.16265   23 1674   59.57805   48.69368  18.3%   533 2320s
  2180  1176   54.19105   29 1686   59.57805   48.69777  18.3%   533 2326s
  2182  1178   54.88820   68 1700   59.57805   48.69812  18.3%   532 2331s
  2183  1178   53.69419   65 1676   59.57805   48.70089  18.3%   532 2349s
  2184  1179   55.21738   27 1735   59.57805   48.70474  18.3%   532 2366s
  2185  1180   49.00944   55 1751   59.57805   48.70639  18.2%   531 2378s
  2186  1180   52.75597   63 1829   59.57805   48.70761  18.2%   531 2382s
  2188  1182   57.44985   80 1837   59.57805   48.70833  18.2%   531 2385s
  2190  1183   55.47342   40 1782   59.57805   48.70959  18.2%   530 2402s
  2191  1184   48.71023    5 1785   59.57805   48.71023  18.2%   530 2405s
  2193  1185   54.31676   33 1798   59.57805   48.71067  18.2%   529 2412s
  2194  1186   54.12388   20 1819   59.57805   48.71139  18.2%   529 2435s
  2197  1188   56.74286   70 1818   59.57805   48.71412  18.2%   528 2453s
  2198  1188   54.12293   21 1835   59.57805   48.71458  18.2%   528 2455s
  2200  1190   54.85230   84 1795   59.57805   48.71497  18.2%   528 2460s
  2201  1190   55.08255   28 1780   59.57805   48.71702  18.2%   527 2471s
  2203  1192   54.14736   20 1843   59.57805   48.71873  18.2%   527 2477s
  2205  1193   55.92151   55 1820   59.57805   48.71913  18.2%   526 2480s
  2206  1194   54.95398   87 1774   59.57805   48.71955  18.2%   526 2495s
  2207  1194   48.71961   36 1809   59.57805   48.71961  18.2%   526 2501s
  2208  1195   49.29365   11 1694   59.57805   48.72022  18.2%   526 2516s
  2211  1197   55.35031   38 1790   59.57805   48.72208  18.2%   525 2530s
  2214  1199   54.27463   22 1901   59.57805   48.72392  18.2%   524 2539s
  2215  1200   54.84102   11 1792   59.57805   48.72539  18.2%   524 2549s
  2216  1200   48.72591   32 1771   59.57805   48.72591  18.2%   524 2552s
  2218  1202   55.06458   18 1773   59.57805   48.72609  18.2%   523 2556s
  2219  1202   55.06969   24 1868   59.57805   48.72709  18.2%   523 2566s
  2221  1204   54.90956   61 1874   59.57805   48.72768  18.2%   523 2572s
  2222  1204   54.47743   18 1837   59.57805   48.72953  18.2%   522 2584s
  2223  1205   54.88884   44 1840   59.57805   48.73015  18.2%   522 2586s
  2225  1206   49.74250   41 1844   59.57805   48.73038  18.2%   522 2591s
  2226  1207   54.35436   36 1835   59.57805   48.73080  18.2%   522 2599s
  2228  1208   55.85372   52 1818   59.57805   48.73100  18.2%   521 2604s
  2229  1209   48.73199   25 1817   59.57805   48.73199  18.2%   521 2616s
  2233  1212   54.09020   12 1838   59.57805   48.73291  18.2%   520 2623s
  2234  1212   54.79506   19 1812   59.57805   48.73334  18.2%   520 2629s
  2235  1213   54.38546   20 1869   59.57805   48.73352  18.2%   519 2630s
  2237  1214   56.32453   45 1866   59.57805   48.73373  18.2%   519 2643s
  2239  1216   55.59084   41 1858   59.57805   48.73404  18.2%   519 2645s
  2240  1216   54.80789   21 1862   59.57805   48.73405  18.2%   518 2651s
  2241  1217   54.85568   27 1779   59.57805   48.73410  18.2%   518 2665s
  2242  1218   55.87264   57 1779   59.57805   48.73410  18.2%   518 2671s
  2244  1220   55.97193   34 2394   59.57805   48.73410  18.2%   799 2679s
  2246  1221   48.73410   12 1381   59.57805   48.73410  18.2%   798 2813s
  2247  1222   55.97193   29 1496   59.57805   48.73410  18.2%   798 2892s
  2248  1223   54.89702   65 1386   59.57805   48.73410  18.2%   797 2917s
  2249  1223   54.07095   17 1417   59.57805   48.73410  18.2%   797 2932s
  2250  1224   54.81600  114 1466   59.57805   48.73410  18.2%   796 2950s
  2251  1225   54.82311   80 1435   59.57805   48.73410  18.2%   796 2960s
  2254  1227   57.58290   86 1542   59.57805   48.73410  18.2%   795 2966s
  2255  1227   49.07613   51 1558   59.57805   48.73427  18.2%   795 2973s
  2256  1228   54.15169   23 1544   59.57805   48.73431  18.2%   794 2976s
  2257  1229   57.89454   95 1246   59.57805   48.74526  18.2%   794 2998s
  2258  1229   48.74725   11 1324   59.57805   48.74725  18.2%   794 3001s
  2261  1231   55.08264   33 1297   59.57805   48.74786  18.2%   793 3007s
  2262  1232   48.75275   17 1085   59.57805   48.75275  18.2%   792 3016s
  2264  1233   49.07323   37 1187   59.57805   48.75351  18.2%   792 3020s
  2265  1234   54.87872   45 1236   59.57805   48.75805  18.2%   791 3027s
  2268  1236   54.80574   71 1205   59.57805   48.75937  18.2%   790 3030s
  2269  1237   54.95398   90  983   59.57805   48.76083  18.2%   790 3036s
  2272  1239   48.76111   33 1233   59.57805   48.76111  18.2%   789 3041s
  2273  1239   55.73465   50 1110   59.57805   48.76306  18.2%   788 3047s
  2276  1241   50.90957   21 1259   59.57805   48.76380  18.2%   787 3050s
  2277  1242   48.76431   36 1262   59.57805   48.76431  18.2%   787 3058s
  2278  1243   54.16265   23 1183   59.57805   48.76507  18.1%   787 3060s
  2280  1244   54.19105   29 1106   59.57805   48.76559  18.1%   786 3065s
  2281  1245   54.39975   35 1282   59.57805   48.76713  18.1%   786 3074s
  2282  1245   54.88820   68 1219   59.57805   48.76772  18.1%   785 3077s
  2285  1247   49.00944   55 1308   59.57805   48.76801  18.1%   784 3081s
  2286  1248   52.75597   63 1454   59.57805   48.76911  18.1%   784 3089s
  2287  1249   55.63470   48 1223   59.57805   48.77046  18.1%   784 3092s
  2289  1250   54.64768   38 1105   59.57805   48.77084  18.1%   783 3104s
  2290  1251   55.47342   40 1068   59.57805   48.77093  18.1%   783 3107s
  2291  1251   48.77390    5 1029   59.57805   48.77390  18.1%   782 3119s
  2292  1252   55.72778   30 1336   59.57805   48.77442  18.1%   782 3124s
  2293  1253   54.31676   33 1402   59.57805   48.77450  18.1%   782 3127s
  2294  1253   54.12388   20 1189   59.57805   48.77637  18.1%   781 3138s
  2295  1254   54.85573   92 1138   59.57805   48.77695  18.1%   781 3140s
  2297  1255   56.74286   70 1358   59.57805   48.77855  18.1%   780 3152s
  2299  1257   49.38286   44 1248   59.57805   48.77886  18.1%   780 3156s
  2300  1257   54.85230   84 1009   59.57805   48.77982  18.1%   779 3160s
  2302  1259   55.20606   30 1066   59.57805   48.78386  18.1%   779 3181s
  2303  1259   54.14736   20 1189   59.57805   48.78398  18.1%   778 3193s
  2304  1260   55.47342   40 1240   59.57805   48.93992  17.9%   778 3226s
  2305  1261   55.92151   55 1475   59.57805   49.07085  17.6%   777 3236s
  2306  1261   54.95398   87 1519   59.57805   54.57194  8.40%   777 3274s
  2307  1262   54.61338   36 1242   59.57805   54.61338  8.33%   777 3283s
  2308  1263   54.61889   11 1260   59.57805   54.61889  8.32%   776 3287s
  2310  1264   54.62047   12 1488   59.57805   54.62047  8.32%   776 3290s
  2312  1265   54.85573   92 1242   59.57805   54.63760  8.29%   775 3305s
  2314  1267   54.64083   22 1511   59.57805   54.64083  8.29%   774 3310s
  2317  1269   55.45060   39 1299   59.57805   54.64730  8.28%   773 3323s
  2318  1269   55.06458   18 1320   59.57805   54.64803  8.27%   773 3325s
  2320  1271   54.65011   53 1273   59.57805   54.65011  8.27%   772 3339s
  2321  1271   54.90956   61 1326   59.57805   54.65082  8.27%   772 3342s
  2322  1272   54.65099   18 1325   59.57805   54.65099  8.27%   772 3345s
  2324  1273   54.65160   10 1341   59.57805   54.65160  8.27%   771 3357s
  2325  1274   54.65267   41 1373   59.57805   54.65267  8.27%   771 3360s
  2327  1275   55.97193   36 1324   59.57805   54.65353  8.27%   770 3366s
  2329  1277   54.65496   25 1337   59.57805   54.65496  8.26%   769 3373s
  2330  1277   54.76685  101 1350   59.57805   54.65509  8.26%   769 3375s
  2331  1278   54.65662   25 1315   59.57805   54.65662  8.26%   769 3381s
  2334  1280   54.79506   19 1347   59.57805   54.65720  8.26%   768 3388s
  2336  1281   54.84890   62 1304   59.57805   54.65780  8.26%   767 3393s
  2337  1282   56.32453   45 1320   59.57805   54.65803  8.26%   767 3395s
  2340  1284   54.80789   21 1397   59.57805   54.65866  8.26%   766 3404s
  2341  1285   54.85568   27 1409   59.57805   54.65879  8.26%   766 3405s
  2343  1286   54.65891   27 1424   59.57805   54.65891  8.26%   765 3410s
  2346  1289   54.65891   12 2394   59.57805   54.65891  8.26%   958 3417s
  2348  1290   54.89702   65 1362   59.57805   54.65891  8.26%   957 3545s
  2349  1291   54.65891   17 1312   59.57805   54.65891  8.26%   957 3616s
  2350  1292   54.81600  114 1513   59.57805   54.65891  8.26%   956 3656s
  2351  1292   54.82311   80 1429   59.57805   54.65891  8.26%   956 3663s
  2352  1293   56.04259   57 1527   59.57805   54.65891  8.26%   955 3667s
  2353  1294   54.65891   31 1468   59.57805   54.65891  8.26%   955 3670s
  2357  1296   57.89454   95 1293   59.57805   54.66105  8.25%   953 3686s
  2360  1298   56.10719   36 1298   59.57805   54.66330  8.25%   952 3699s
  2361  1299   55.08264   33 1278   59.57805   54.66353  8.25%   952 3700s
  2363  1300   54.66472   26  819   59.57805   54.66472  8.25%   951 3711s
  2365  1302   54.87872   45  898   59.57805   54.66671  8.24%   950 3719s
  2366  1302   55.06458   17  980   59.57805   54.66728  8.24%   950 3720s
  2370  1305   54.66816   32 1200   59.57805   54.66816  8.24%   948 3737s
  2371  1306   55.14187   13 1078   59.57805   54.66825  8.24%   948 3740s
  2372  1306   54.66860   33 1270   59.57805   54.66860  8.24%   947 3757s
  2373  1307   55.73465   50 1267   59.57805   54.66869  8.24%   947 3761s
  2374  1308   54.81279  115 1078   59.57805   54.66895  8.24%   947 3773s
  2375  1308   55.25020   18  982   59.57805   54.66960  8.24%   946 3776s
  2376  1309   54.66968   21  973   59.57805   54.66968  8.24%   946 3781s
  2377  1310   54.66978   36  708   59.57805   54.66978  8.24%   945 3788s
  2378  1310   54.66994   23  834   59.57805   54.66994  8.24%   945 3790s
  2380  1312   54.67017   29  866   59.57805   54.67017  8.24%   944 3801s
  2382  1313   54.88820   68  879   59.57805   54.67142  8.24%   943 3809s
  2383  1314   54.67148   65  947   59.57805   54.67148  8.24%   943 3811s
  2384  1314   55.21738   27  844   59.57805   54.67163  8.24%   943 3835s
  2386  1316   54.69126   63  834   59.57805   54.69126  8.20%   942 3844s
  2387  1319   54.69126   34  888   59.57805   54.69126  8.20%  1046 4026s
  2389  1323   54.69126   35  737   59.57805   54.69126  8.20%  1050 4192s
  2393  1329   54.69126   36  947   59.57805   54.69126  8.20%  1050 4292s
  2401  1343   54.70065   37  946   59.57805   54.69126  8.20%  1062 4325s
  2417  1353   54.70358   38  879   59.57805   54.69600  8.19%  1085 4337s
  2433  1364   54.75462   38 1164   59.57805   54.70358  8.18%  1103 4360s
  2465  1385   54.74778   39  945   59.57805   54.70389  8.18%  1113 4375s
  2481  1406   54.75493   40  884   59.57805   54.73320  8.13%  1116 4387s
H 2507  1346                      58.9141699   54.73320  7.10%  1122 4414s
H 2511  1282                      55.9641699   54.73320  2.20%  1121 4414s
  2523  1274   54.89618   41 1019   55.96417   54.73320  2.20%  1126 4424s
  2553  1258   55.20478   42  779   55.96417   54.73320  2.20%  1116 4452s
  2585  1277   54.94527   42 1062   55.96417   54.73320  2.20%  1112 4460s
  2624  1275 infeasible   43        55.96417   54.73320  2.20%  1108 4499s
  2645  1309     cutoff   44        55.96417   54.73320  2.20%  1106 4581s
  2699  1302   54.98829   46 1080   55.96417   54.73320  2.20%  1101 4679s
H 2704  1241                      55.9413817   54.73320  2.16%  1100 4679s
H 2715  1180                      55.4660656   54.73320  1.32%  1100 4679s
  2720  1174     cutoff   46        55.46607   54.73320  1.32%  1100 4738s
H 2752  1125                      55.3988649   54.73320  1.20%  1101 4821s
H 2753  1072                      55.0641029   54.73320  0.60%  1101 4821s
  2769  1049   54.99180   48  897   55.06410   54.73320  0.60%  1098 4833s
  2839  1060 infeasible   50        55.06410   54.73320  0.60%  1097 4844s
  2900  1064   55.05074   50  878   55.06410   54.73320  0.60%  1101 4856s
  2976  1059     cutoff   51        55.06410   54.74790  0.57%  1095 4870s
  3072  1063   54.99839   42  741   55.06410   54.74846  0.57%  1089 4880s
  3160  1079   55.00017   43  732   55.06410   54.74846  0.57%  1078 4890s
  3251  1081   55.05300   45  778   55.06410   54.76424  0.54%  1068 4898s
  3348  1081   54.80066   40  746   55.06410   54.76424  0.54%  1053 4912s
  3443  1079     cutoff   89        55.06410   54.76656  0.54%  1044 4932s
  3564  1065   54.78138   41  933   55.06410   54.76656  0.54%  1031 4941s
  3672  1045     cutoff   43        55.06410   54.76656  0.54%  1021 4954s
  3783  1008 infeasible   60        55.06410   54.76656  0.54%  1007 4955s
  3806  1007   55.05943   46  803   55.06410   54.76656  0.54%  1003 4985s
  3873  1005     cutoff   47        55.06410   54.76755  0.54%   995 5009s
  4020   961   54.99899   42 1129   55.06410   54.76780  0.54%   985 5111s
H 4027   911                      55.0641029   54.76780  0.54%   985 5111s
H 4031   862                      55.0641029   54.76780  0.54%   984 5111s
H 4034   817                      55.0543914   54.76780  0.52%   984 5111s
  4044   855     cutoff   43        55.05439   54.76780  0.52%   983 5137s
  4211   914   54.98634   43 1016   55.05439   54.76780  0.52%   966 5150s
  4430   986   55.01204   48  811   55.05439   54.77616  0.51%   937 5163s
H 4470   931                      54.9437236   54.77617  0.30%   936 5163s

Cutting planes:
  Learned: 54
  Gomory: 30
  Cover: 718
  Implied bound: 625
  Projected implied bound: 151
  Clique: 56
  MIR: 1825
  StrongCG: 27
  Flow cover: 4292
  GUB cover: 7
  Inf proof: 1
  Zero half: 4
  Network: 1
  RLT: 183
  Relax-and-lift: 135
  PSD: 1

Explored 4721 nodes (4510187 simplex iterations) in 5163.29 seconds (3847.30 work units)
Thread count was 32 (of 32 available processors)

Solution count 10: 54.9437 54.9437 55.0544 ... 55.9642

Optimal solution found (tolerance 5.00e-03)
Warning: max constraint violation (2.5961e-06) exceeds tolerance
Best objective 5.494372361268e+01, best bound 5.477616986261e+01, gap 0.3050%
