
Gurobi 9.5.2 (linux64) logging started Tue Aug 11 04:59:26 2026

Set parameter LogFile to value "/mnt/beegfs/users/celinep/ChargeAndBreak/logs/RmediumCmanyTtight_24_RO_20260810_213127_091_gurobi.log"
Gurobi Optimizer version 9.5.2 build v9.5.2rc0 (linux64)
Thread count: 16 physical cores, 32 logical processors, using up to 32 threads
Optimize a model with 5212 rows, 2906 columns and 17802 nonzeros
Model fingerprint: 0x9e256e6c
Variable types: 1834 continuous, 1072 integer (1072 binary)
Coefficient statistics:
  Matrix range     [4e-02, 1e+03]
  Objective range  [1e+00, 1e+00]
  Bounds range     [1e+00, 1e+00]
  RHS range        [2e-02, 5e+02]
Presolve removed 1757 rows and 592 columns
Presolve time: 0.54s
Presolved: 3455 rows, 2314 columns, 15490 nonzeros
Variable types: 1375 continuous, 939 integer (938 binary)
Found heuristic solution: objective 179.5383850

Root relaxation: objective 9.897563e+01, 2349 iterations, 0.46 seconds (0.07 work units)

    Nodes    |    Current Node    |     Objective Bounds      |     Work
 Expl Unexpl |  Obj  Depth IntInf | Incumbent    BestBd   Gap | It/Node Time

     0     0   98.97563    0  175  179.53839   98.97563  44.9%     -    1s
H    0     0                     171.6945790   98.97563  42.4%     -    2s
     0     0   99.90880    0  281  171.69458   99.90880  41.8%     -    2s
H    0     0                     167.5332189   99.90880  40.4%     -    2s
     0     0   99.93937    0  284  167.53322   99.93937  40.3%     -    2s
     0     0   99.93937    0  284  167.53322   99.93937  40.3%     -    2s
     0     0  100.24806    0  260  167.53322  100.24806  40.2%     -    3s
     0     0  100.29867    0  301  167.53322  100.29867  40.1%     -    3s
     0     0  100.30164    0  306  167.53322  100.30164  40.1%     -    3s
     0     0  100.30213    0  306  167.53322  100.30213  40.1%     -    3s
H    0     0                     145.0434554  100.30213  30.8%     -    4s
     0     0  100.71291    0  233  145.04346  100.71291  30.6%     -    4s
H    0     0                     135.5483520  100.71291  25.7%     -    4s
     0     0  100.76654    0  221  135.54835  100.76654  25.7%     -    5s
     0     0  100.77015    0  200  135.54835  100.77015  25.7%     -    5s
     0     0  100.77024    0  197  135.54835  100.77024  25.7%     -    5s
     0     0  100.94612    0  212  135.54835  100.94612  25.5%     -    5s
H    0     0                     133.4048172  100.97425  24.3%     -    6s
     0     0  100.97425    0  240  133.40482  100.97425  24.3%     -    6s
     0     0  100.97701    0  253  133.40482  100.97701  24.3%     -    6s
     0     0  100.97740    0  258  133.40482  100.97740  24.3%     -    6s
     0     0  100.98604    0  266  133.40482  100.98604  24.3%     -    6s
     0     0  100.98886    0  262  133.40482  100.98886  24.3%     -    7s
     0     0  100.98886    0  264  133.40482  100.98886  24.3%     -    7s
     0     0  101.00642    0  258  133.40482  101.00642  24.3%     -    7s
     0     0  101.02535    0  280  133.40482  101.02535  24.3%     -    8s
     0     0  101.02614    0  276  133.40482  101.02614  24.3%     -    8s
     0     0  101.02676    0  280  133.40482  101.02676  24.3%     -    8s
     0     0  101.02677    0  280  133.40482  101.02677  24.3%     -    8s
     0     0  101.03924    0  266  133.40482  101.03924  24.3%     -    9s
     0     0  101.05098    0  275  133.40482  101.05098  24.3%     -    9s
     0     0  101.05267    0  273  133.40482  101.05267  24.3%     -    9s
     0     0  101.05297    0  269  133.40482  101.05297  24.3%     -    9s
     0     0  101.05983    0  257  133.40482  101.05983  24.2%     -    9s
     0     0  101.06562    0  273  133.40482  101.06562  24.2%     -   10s
     0     0  101.06658    0  261  133.40482  101.06658  24.2%     -   10s
     0     0  101.06664    0  253  133.40482  101.06664  24.2%     -   10s
     0     0  101.06893    0  275  133.40482  101.06893  24.2%     -   10s
     0     0  101.06929    0  274  133.40482  101.06929  24.2%     -   11s
     0     0  101.07272    0  283  133.40482  101.07272  24.2%     -   11s
     0     0  101.07350    0  282  133.40482  101.07350  24.2%     -   11s
     0     0  101.07352    0  285  133.40482  101.07352  24.2%     -   11s
     0     0  101.07423    0  278  133.40482  101.07423  24.2%     -   12s
     0     0  101.07423    0  260  133.40482  101.07423  24.2%     -   13s
H    0     0                     123.3945541  101.07423  18.1%     -   14s
     0     2  101.07423    0  250  123.39455  101.07423  18.1%     -   15s
H   79    96                     123.2904925  101.12051  18.0%   101   18s
H   80    96                     122.7118021  101.12051  17.6%   100   18s
H  126   138                     111.8562386  101.12051  9.60%  83.4   21s
H  130   138                     111.8274742  101.12051  9.57%  82.5   21s
H  186   172                     111.5774742  101.12051  9.37%  69.4   23s
   232   221  101.39182   16  236  111.57747  101.12051  9.37%  63.6   30s
H  233   221                     111.0784389  101.12051  8.96%  63.4   30s
   448   409  101.44501   31  252  111.07844  101.12051  8.96%  45.0   36s
   515   472  101.45747   38  244  111.07844  101.12051  8.96%  42.9   43s
H  611   544                     111.0554625  101.12051  8.95%  40.6   44s
   716   651  102.60545   46  222  111.05546  101.12051  8.95%  39.9   45s
   836   739  102.87552   54  215  111.05546  101.12051  8.95%  39.0   52s
H  837   739                     110.8887958  101.12051  8.81%  38.9   52s
H  839   739                     110.8291368  101.12051  8.76%  38.9   52s
  1078   911  105.31133   66  160  110.82914  101.12051  8.76%  38.4   63s
H 1080   906                     110.7458034  101.12051  8.69%  38.4   63s
  1265  1063  105.76278   74  160  110.74580  101.12051  8.69%  35.9   70s
  1855  1471  101.33979   14  233  110.74580  101.12458  8.69%  33.7   75s
H 1861  1471                     110.7458034  101.12458  8.69%  33.8   75s
  2070  1627  108.67581   99  254  110.74580  101.15807  8.66%  33.0   82s
  2076  1631  102.58740   46  262  110.74580  101.89666  7.99%  32.9   86s
  2085  1637  107.57608   24  281  110.74580  102.09232  7.81%  32.8   90s
  2095  1644  102.44912   18  280  110.74580  102.27057  7.65%  32.6   95s
  2105  1650  107.77730   88  257  110.74580  102.37459  7.56%  32.4  100s
  2111  1654  108.56594   58  282  110.74580  102.50641  7.44%  32.4  106s
  2119  1660  102.61736   39  238  110.74580  102.61736  7.34%  32.2  110s
  2127  1665  109.85699  100  343  110.74580  102.76675  7.20%  32.1  115s
  2135  1670  102.96703   75  249  110.74580  102.96703  7.02%  32.0  122s
  2141  1674  107.73899   34  209  110.74580  103.06218  6.94%  31.9  126s
  2151  1681  103.23201   31  243  110.74580  103.23201  6.78%  31.8  132s
  2158  1686  108.96486   63  259  110.74580  103.34464  6.68%  31.6  136s
  2164  1690  105.83721   65  313  110.74580  103.49201  6.55%  31.6  140s
  2171  1694  109.82706   52  215  110.74580  103.80663  6.27%  31.5  146s
  2178  1699  103.93242   54  308  110.74580  103.93242  6.15%  31.4  150s
  2197  1712  110.02584   55  333  110.74580  104.08894  6.01%  31.1  155s
  2206  1718  108.59952   48  266  110.74580  104.21939  5.89%  31.0  161s
H 2206  1629                     110.7458034  104.21939  5.89%  31.0  161s
  2215  1635  105.59997   70  344  110.74580  104.38096  5.75%  30.8  165s
  2220  1638  104.43567   60  363  110.74580  104.43567  5.70%  30.8  170s
  2224  1641  107.22092    8  397  110.74580  104.64639  5.51%  30.7  175s
  2231  1645  109.06684   64  376  110.74580  104.69632  5.46%  30.6  180s
  2235  1648  104.72350   75  340  110.74580  104.72350  5.44%  30.6  185s
  2244  1654  108.64601   46  358  110.74580  104.76407  5.40%  30.4  190s
  2254  1661  108.58295   40  326  110.74580  104.80932  5.36%  30.3  195s
  2264  1667  105.83721   65  367  110.74580  105.08460  5.11%  30.2  200s
  2275  1675  107.74059   16  328  110.74580  105.10768  5.09%  30.0  205s
  2285  1681  107.57608   24  368  110.74580  105.30559  4.91%  29.9  210s
  2292  1686  109.93464   71  344  110.74580  105.33298  4.89%  29.8  215s
  2304  1694  106.39724   24  243  110.74580  106.16160  4.14%  29.6  221s
  2312  1699  106.48122   42  320  110.74580  106.48122  3.85%  29.5  226s
  2319  1704  106.69814   39  322  110.74580  106.69814  3.65%  29.5  230s
  2341  1719  107.73899   34  278  110.74580  106.81374  3.55%  29.2  235s
  2353  1727  110.13988  114  337  110.74580  106.82619  3.54%  29.0  240s
  2362  1733  109.28561   15  374  110.74580  106.84728  3.52%  28.9  245s
  2373  1740  106.87889   77  365  110.74580  106.87889  3.49%  28.8  250s
H 2377  1651                     110.7458027  106.89395  3.48%  28.7  253s
  2381  1653  106.95886    9  295  110.74580  106.93053  3.45%  28.7  256s
  2389  1659  107.77713   83  355  110.74580  106.96443  3.41%  28.6  260s
  2394  1662  106.98200   33  299  110.74580  106.98200  3.40%  28.5  265s
  2400  1666  106.98901   30  357  110.74580  106.98901  3.39%  28.5  270s
  2412  1674  107.05721   42  327  110.74580  107.05721  3.33%  28.3  275s
  2422  1681  107.07160   20  344  110.74580  107.07160  3.32%  28.2  280s
  2429  1685  109.80863   44  334  110.74580  107.08088  3.31%  28.1  285s
  2435  1689  107.10076   75  316  110.74580  107.10076  3.29%  28.0  291s
  2437  1691  107.96354   22  328  110.74580  107.10118  3.29%  28.0  295s
  2444  1695  108.64601   46  337  110.74580  107.11697  3.28%  27.9  300s
  2452  1701  108.35442   45  306  110.74580  107.12143  3.27%  27.9  305s
  2456  1704  107.12143   34   35  110.74580  107.12143  3.27%  62.3  310s
  2458  1706  108.96486   63  149  110.74580  107.12143  3.27%  62.2  315s
  2460  1707  107.12143   21  112  110.74580  107.12143  3.27%  62.2  321s
  2463  1709  108.14643   39   74  110.74580  107.12143  3.27%  62.1  329s
  2464  1710  107.12143   65  159  110.74580  107.12143  3.27%  62.1  330s
  2466  1711  107.12143   81  157  110.74580  107.12143  3.27%  62.0  335s
  2468  1712  107.12143   53  151  110.74580  107.12143  3.27%  62.0  340s
  2469  1713  107.12143   37  106  110.74580  107.12143  3.27%  62.0  347s
  2471  1714  109.82706   52  105  110.74580  107.12143  3.27%  61.9  350s
  2472  1718  107.12143   25  173  110.74580  107.12143  3.27%  78.4  358s
  2474  1721  107.12143   26  227  110.74580  107.12143  3.27%  78.9  368s
  2478  1725  107.12143   27  274  110.74580  107.12143  3.27%  80.9  374s
  2486  1728  107.15881   28  305  110.74580  107.12143  3.27%  87.2  376s
  2550  1764  107.68463   31  281  110.74580  107.54166  2.89%  94.8  381s
  2614  1799  109.58568   32  284  110.74580  107.62240  2.82%  97.5  387s
  2699  1851  109.48671   33  273  110.74580  107.70242  2.75%  99.3  418s
  2779  1907  108.47757   34  217  110.74580  107.73037  2.72%  98.6  420s
  3054  2039  108.47588   37  213  110.74580  107.73037  2.72%  95.5  440s
  3657  2426  108.65286   42  188  110.74580  107.73037  2.72%  91.1  445s
  4641  2829  108.58185   50  187  110.74580  107.73037  2.72%  85.1  450s
  5676  2936  108.78302   58  224  110.74580  107.73037  2.72%  85.1  456s
  6355  3098     cutoff   65       110.74580  107.73037  2.72%  86.5  460s
  7226  3200  108.41975   33  259  110.74580  107.81341  2.65%  88.0  466s
  7927  3374  108.66414   51  235  110.74580  107.81341  2.65%  88.5  471s
  8789  3771  110.27090   70  128  110.74580  108.39627  2.12%  88.9  477s
  9428  4113  109.42560   36  258  110.74580  108.39627  2.12%  89.7  481s
  9965  4361  108.66444   45  270  110.74580  108.39627  2.12%  89.7  485s
 11028  4802  110.49150   52  198  110.74580  108.50009  2.03%  88.2  492s
 11517  5164  110.47392   76  149  110.74580  108.53189  2.00%  88.2  496s
 12820  5557  109.80283   88  106  110.74580  108.57026  1.96%  88.5  501s
 13729  5916     cutoff   65       110.74580  108.58802  1.95%  89.5  506s
 14739  6258  108.76239   67  193  110.74580  108.59958  1.94%  89.9  511s
 15206  6325     cutoff   64       110.74580  108.60168  1.94%  90.4  515s
 15470  6336  108.82048   47  181  110.74580  108.60606  1.93%  90.9  523s
 15544  6461  108.82180   48  176  110.74580  108.60732  1.93%  90.9  526s
 16720  6704 infeasible   50       110.74580  108.62174  1.92%  91.9  531s
 17949  6781  108.96601   79  210  110.74580  108.62906  1.91%  92.8  542s
 18078  7058  109.09736   80  199  110.74580  108.63133  1.91%  93.2  546s
 18751  7125  108.93619   64  157  110.74580  108.63632  1.90%  93.3  551s
 19455  7258  109.92348   80  151  110.74580  108.64972  1.89%  93.7  555s
 20825  7472 infeasible   55       110.74580  108.66429  1.88%  94.9  563s
 21610  7572  109.16993   58  198  110.74580  108.67950  1.87%  95.2  569s
 22357  7602  110.71951   60  163  110.74580  108.68360  1.86%  95.8  574s
 23133  7644     cutoff   62       110.74580  108.70396  1.84%  96.6  580s
 23915  7390     cutoff   63       110.74580  108.71379  1.83%  97.2  585s
 24741  7221     cutoff   37       110.74580  108.73500  1.82%  98.2  590s
 25658  6957 infeasible   62       110.74580  108.74076  1.81%  98.9  596s
 26614  6750  110.57738   65  140  110.74580  108.76675  1.79%   100  602s
 27189  6432  110.60612   43  279  110.74580  108.77442  1.78%   101  608s
 28312  5881     cutoff   57       110.74580  108.81173  1.75%   101  615s
 29455  5362 infeasible   41       110.74580  108.90302  1.66%   102  622s
 30584  5122  110.37651   93  169  110.74580  108.93530  1.63%   102  628s
 31751  4990 infeasible   56       110.74580  108.96983  1.60%   102  634s
 32935  4807 infeasible   34       110.74580  108.96983  1.60%   102  641s
 34267  4832 infeasible   94       110.74580  109.16252  1.43%   102  649s
 35433  4913  110.63959   83  182  110.74580  109.33502  1.27%   102  658s
 35913  5263  110.73747   62   67  110.74580  109.42211  1.20%   102  669s
 37482  5390  110.38283   42  200  110.74580  109.57822  1.05%   102  679s
 39119  5543  110.72272   51   65  110.74580  109.71856  0.93%   102  690s
 40100  6136  110.61016   60  247  110.74580  109.74402  0.90%   101  701s
 41978  6969     cutoff   83       110.74580  109.96375  0.71%   101  711s
 43911  7626     cutoff   41       110.74580  110.07993  0.60%   100  724s
 45648  8391  110.46326   62  164  110.74580  110.12828  0.56%   100  737s
 47569  8566  110.33999   62  238  110.74580  110.13498  0.55%  99.1  750s
 48187  9420  110.65584   69  213  110.74580  110.15159  0.54%  99.1  765s

Cutting planes:
  Learned: 3
  Gomory: 93
  Cover: 65
  Implied bound: 540
  Projected implied bound: 1
  Clique: 7
  MIR: 724
  StrongCG: 3
  Flow cover: 1503
  Inf proof: 6
  Zero half: 13
  Network: 2
  RLT: 66
  Relax-and-lift: 80

Explored 50498 nodes (4978915 simplex iterations) in 765.75 seconds (116.82 work units)
Thread count was 32 (of 32 available processors)

Solution count 10: 110.746 110.746 110.746 ... 111.577

Optimal solution found (tolerance 5.00e-03)
Best objective 1.107458034249e+02, best bound 1.102062078437e+02, gap 0.4872%
