
Gurobi 9.5.2 (linux64) logging started Thu Jul 30 15:29:54 2026

Set parameter LogFile to value "logs/RmediumCmediumTtight_26_2SP_20260730_132944_009_gurobi.log"
Gurobi Optimizer version 9.5.2 build v9.5.2rc0 (linux64)
Thread count: 16 physical cores, 32 logical processors, using up to 32 threads
Optimize a model with 121288 rows, 58976 columns and 403492 nonzeros
Model fingerprint: 0x1e439a07
Variable types: 50376 continuous, 8600 integer (8600 binary)
Coefficient statistics:
  Matrix range     [3e-02, 1e+03]
  Objective range  [4e-02, 4e-02]
  Bounds range     [1e+00, 1e+00]
  RHS range        [9e-02, 5e+02]
Presolve removed 39745 rows and 13403 columns
Presolve time: 1.56s
Presolved: 81543 rows, 45573 columns, 346151 nonzeros
Variable types: 38970 continuous, 6603 integer (6603 binary)

Deterministic concurrent LP optimizer: primal and dual simplex (primal and dual model)
Showing first log only...

Root relaxation presolve removed 1875 rows and 1875 columns
Root relaxation presolved: 79668 rows, 43698 columns, 342401 nonzeros


Root simplex log...

Iteration    Objective       Primal Inf.    Dual Inf.      Time
   34323    9.6525479e+01   0.000000e+00   2.309892e+03      5s
   40166    7.5910193e+01   0.000000e+00   1.010669e+04     10s
   45866    6.7076446e+01   0.000000e+00   9.762593e+02     15s
   50512    6.3711031e+01   0.000000e+00   2.425925e+03     20s
   54519    6.2528164e+01   0.000000e+00   5.374928e+03     25s
   58199    6.1972123e+01   0.000000e+00   4.835117e+02     30s
   62188    6.1785066e+01   0.000000e+00   1.414527e+02     35s
Concurrent spin time: 0.01s

Solved with primal simplex (dual model)

Root relaxation: objective 6.143824e+01, 51347 iterations, 37.80 seconds (38.28 work units)

    Nodes    |    Current Node    |     Objective Bounds      |     Work
 Expl Unexpl |  Obj  Depth IntInf | Incumbent    BestBd   Gap | It/Node Time

     0     0   61.51583    0 1975          -   61.51583      -     -   84s
     0     0   62.12753    0 2763          -   62.12753      -     -  184s
     0     0   62.51579    0 2860          -   62.51579      -     -  219s
     0     0   63.00600    0 3071          -   63.00600      -     -  285s
     0     0   63.23596    0 3284          -   63.23596      -     -  323s
     0     0   63.26525    0 3222          -   63.26525      -     -  331s
     0     0   63.26909    0 3223          -   63.26909      -     -  332s
     0     0   63.26970    0 3244          -   63.26970      -     -  333s
     0     0   63.27055    0 3250          -   63.27055      -     -  334s
     0     0   63.27089    0 3248          -   63.27089      -     -  334s
     0     0   63.27090    0 3248          -   63.27090      -     -  334s
     0     0   64.05659    0 3255          -   64.05659      -     -  410s
     0     0   64.18822    0 3298          -   64.18822      -     -  435s
     0     0   64.21596    0 3364          -   64.21596      -     -  445s
     0     0   64.22292    0 3380          -   64.22292      -     -  447s
     0     0   64.22519    0 3384          -   64.22519      -     -  449s
     0     0   64.22562    0 3392          -   64.22562      -     -  450s
     0     0   64.70034    0 3444          -   64.70034      -     -  505s
     0     0   64.77243    0 3512          -   64.77243      -     -  520s
     0     0   64.78804    0 3543          -   64.78804      -     -  529s
     0     0   64.79109    0 3564          -   64.79109      -     -  531s
     0     0   64.79184    0 3574          -   64.79184      -     -  532s
     0     0   64.94238    0 3677          -   64.94238      -     -  552s
     0     0   64.97953    0 3679          -   64.97953      -     -  561s
     0     0   64.98576    0 3729          -   64.98576      -     -  566s
     0     0   64.98736    0 3756          -   64.98736      -     -  568s
     0     0   64.98779    0 3773          -   64.98779      -     -  569s
     0     0   65.10774    0 3696          -   65.10774      -     -  586s
     0     0   65.12656    0 3728          -   65.12656      -     -  594s
     0     0   65.12877    0 3743          -   65.12877      -     -  596s
     0     0   65.12924    0 3752          -   65.12924      -     -  597s
     0     0   65.22150    0 3757          -   65.22150      -     -  617s
     0     0   65.23308    0 3829          -   65.23308      -     -  623s
     0     0   65.23516    0 3845          -   65.23516      -     -  625s
     0     0   65.23620    0 3861          -   65.23620      -     -  626s
     0     0   65.23630    0 3864          -   65.23630      -     -  627s
     0     0   65.31148    0 3843          -   65.31148      -     -  637s
     0     0   65.32091    0 3835          -   65.32091      -     -  643s
     0     0   65.32273    0 3862          -   65.32273      -     -  646s
     0     0   65.32297    0 3894          -   65.32297      -     -  646s
     0     0   65.36567    0 3872          -   65.36567      -     -  668s
     0     0   65.37318    0 3901          -   65.37318      -     -  676s
     0     0   65.37439    0 3904          -   65.37439      -     -  678s
     0     0   65.37472    0 3925          -   65.37472      -     -  679s
     0     0   65.40620    0 3890          -   65.40620      -     -  710s
     0     0   65.41094    0 3922          -   65.41094      -     -  716s
     0     0   65.41180    0 3916          -   65.41180      -     -  718s
     0     0   65.43602    0 3886          -   65.43602      -     -  725s
     0     0   65.43877    0 3924          -   65.43877      -     -  732s
     0     0   65.43954    0 3951          -   65.43954      -     -  734s
     0     0   65.46170    0 3897          -   65.46170      -     -  742s
     0     0   65.46755    0 3947          -   65.46755      -     -  746s
     0     0   65.46818    0 3952          -   65.46818      -     -  748s
     0     0   65.48175    0 3941          -   65.48175      -     -  757s
     0     0   65.48316    0 3945          -   65.48316      -     -  762s
     0     0   65.48337    0 3956          -   65.48337      -     -  763s
     0     0   65.49736    0 3922          -   65.49736      -     -  768s
     0     0   65.49933    0 3937          -   65.49933      -     -  772s
     0     0   65.49958    0 3947          -   65.49958      -     -  773s
     0     0   65.50666    0 3951          -   65.50666      -     -  776s
     0     0   65.50814    0 3973          -   65.50814      -     -  782s
     0     0   65.50852    0 3967          -   65.50852      -     -  784s
     0     0   65.51950    0 3923          -   65.51950      -     -  789s
     0     0   65.52294    0 3963          -   65.52294      -     -  792s
     0     0   65.52326    0 3971          -   65.52326      -     -  793s
     0     0   65.53366    0 3939          -   65.53366      -     -  796s
     0     0   65.53516    0 3963          -   65.53516      -     -  803s
     0     0   65.53579    0 3975          -   65.53579      -     -  805s
     0     0   65.54857    0 3962          -   65.54857      -     -  809s
     0     0   65.55032    0 3965          -   65.55032      -     -  812s
     0     0   65.55077    0 3972          -   65.55077      -     -  814s
     0     0   65.55819    0 3955          -   65.55819      -     -  818s
     0     0   65.55908    0 3991          -   65.55908      -     -  829s
     0     0   65.56362    0 3999          -   65.56362      -     -  833s
     0     0   65.56362    0 3601          -   65.56362      -     -  897s
     0     2   65.56362    0 3482          -   65.56362      -     - 1424s
     1     4   65.56487    1 3460          -   65.56487      -  1753 1432s
     3     8   65.56912    2 3432          -   65.56504      -  3421 1442s
     7    16   65.58142    3 3409          -   65.56913      -  3601 1452s
    15    32   65.58209    4 3412          -   65.58148      -  3022 1465s
    31    48   65.59205    5 3418          -   65.58209      -  2700 1471s
    47    64   65.59307    6 3419          -   65.58209      -  1937 1476s
    63    80   65.59960    7 3410          -   65.58209      -  1577 1481s
    79    96   65.61147    8 3393          -   65.58209      -  1381 1485s
   119   142   65.62766   10 3382          -   65.58209      -  1026 1490s
   163   194   65.64237   12 3360          -   65.58209      -   825 1495s
   225   257   65.66213   14 3363          -   65.58209      -   666 1503s
   256   301   65.66213   15 3358          -   65.58209      -   618 1510s
   339   378   66.02314   17 3327          -   65.58209      -   520 1519s
   377   412   66.03387   18 3325          -   65.58209      -   489 1523s
   411   444   66.03387   21 3324          -   65.58209      -   466 1528s
   443   474   66.03387   27 3324          -   65.58209      -   462 1532s
   473   500   66.03387   33 3324          -   65.58209      -   459 1546s
   499   541   66.03387   37 3326          -   65.58209      -   448 1554s
   540   578   66.03436   40 3322          -   65.58209      -   442 1564s
   577   626   66.15409   42 3323          -   65.58209      -   438 1570s
   625   685   66.15413   43 3324          -   65.58209      -   433 1579s
   684   738   66.15432   46 3324          -   65.58209      -   427 1586s
   737   790   66.15451   49 3320          -   65.58209      -   415 1598s
   789   851   66.17301   53 3321          -   65.58209      -   416 1603s
   850   902   66.18097   63 3317          -   65.58209      -   407 1626s
   901   972   66.18097   74 3317          -   65.58209      -   401 1640s
  1067  1127   69.61373   81 3306          -   65.58209      -   384 1675s
  1126  1179   69.64498   82 3302          -   65.58209      -   397 1685s
  1184  1256   69.65572   83 3303          -   65.58209      -   404 1694s
  1271  1345   69.69649   85 3324          -   65.58209      -   404 1701s
  1368  1459   69.73879   86 3331          -   65.58209      -   393 1710s
  1492  1601   69.74453   87 3328          -   65.58209      -   376 1717s
  1642  1741   69.79393   89 3334          -   65.58209      -   353 1723s
  1803  1848   69.79744   90 3325          -   65.58209      -   334 1730s
  1970  1972   70.57414   92 3296          -   65.58209      -   317 1739s
  2146  2158   70.60681   94 3297          -   65.58209      -   304 1746s
  2356  2364   70.63793   96 3332          -   65.58209      -   290 1757s
  2593  2539   70.64575   98 3333          -   65.58209      -   272 1767s
  2849  2754   70.68827  100 3328          -   65.58209      -   256 1774s
  3150  2944   70.69401  101 3306          -   65.58209      -   236 1783s
  3452  3140   70.71767  103 3325          -   65.58209      -   222 1790s
  3777  3343   70.72640  104 3334          -   65.58209      -   210 1799s
  4111  3567   71.68661  106 3306          -   65.58209      -   201 1809s
  4452  3900   71.71003  110 3298          -   65.58209      -   195 1819s
  4809  4203   71.72498  111 3303          -   65.58209      -   191 1830s
  5189  4504   71.74568  112 3306          -   65.58209      -   184 1840s
  5600  4880   71.75831  113 3309          -   65.58209      -   175 1850s
  6055  5214   71.80855  115 3299          -   65.58209      -   167 1864s
  6513  5616   71.83996  116 3294          -   65.58209      -   161 1871s
  7053  6036   71.84245  117 3293          -   65.58209      -   153 1884s
  7626  6452   71.90760  119 3300          -   65.58209      -   149 1898s
  8201  6802   71.96023  120 3308          -   65.58209      -   145 1912s
  8775  7123   72.02517  122 3319          -   65.58209      -   141 1928s
H 8962  4265                      93.3131051   65.58209  29.7%   142 1928s
  9231  4057   72.16551  124 3503   93.31311   65.58209  29.7%   141 1961s
H 9235  3978                      92.6287050   65.58209  29.2%   143 1961s
H 9242  3957                      92.5867821   65.58209  29.2%   146 1961s
  9253  3972   72.24133  125 3589   92.58678   65.58209  29.2%   152 1978s
  9269  4090   72.27917  126 3590   92.58678   65.58209  29.2%   160 1991s
  9388  4181   72.65601  132 3592   92.58678   65.58209  29.2%   163 2010s
H 9404  4176                      92.5518929   65.58209  29.1%   164 2010s
H 9444  4176                      92.5402529   65.58209  29.1%   165 2010s
  9483  4234   73.13989  137 3560   92.54025   65.58209  29.1%   167 2032s
H 9534  4232                      92.4710383   65.58209  29.1%   172 2032s
  9548  4254   73.67903  140 3579   92.47104   65.58209  29.1%   173 2048s
H 9576  4320                      92.4310854   65.58209  29.0%   178 2069s
H 9590  4319                      92.3209938   65.58209  29.0%   179 2069s
H 9647  4388                      92.2882532   65.58209  28.9%   185 2087s
H 9670  4386                      92.2140090   65.58209  28.9%   186 2087s
  9728  4457   78.37371  144 3498   92.21401   65.58209  28.9%   188 2129s
H 9729  4456                      92.1827427   65.58209  28.9%   188 2129s
  9805  4575   78.37612  154 3491   92.18274   65.58209  28.9%   192 2153s
H 9828  4567                      92.0160760   65.58209  28.7%   192 2153s
H 9886  2148                      80.2927427   65.58209  18.3%   193 2153s
  9925  2077   75.40292  107 3601   80.29274   65.58209  18.3%   195 2480s
  9927  2078   76.43815   70 2126   80.29274   65.58209  18.3%   195 2606s
  9928  2079   66.10876   10 2056   80.29274   65.58209  18.3%   195 2744s
  9929  2080   70.65406   19 2601   80.29274   65.62356  18.3%   195 2817s
  9930  2080   72.80597   41 2720   80.29274   66.15111  17.6%   195 2863s
  9931  2081   70.50004  100 2781   80.29274   66.41106  17.3%   195 2902s
  9932  2082   70.55047  103 2564   80.29274   66.79031  16.8%   195 2950s
  9933  2082   79.81721   34 2825   80.29274   66.93403  16.6%   195 2988s
  9934  2083   79.67681  121 2601   80.29274   67.18410  16.3%   195 3052s
  9935  2084   70.07529   26 2803   80.29274   67.26125  16.2%   195 3073s
  9936  2084   75.38821   51 2678   80.29274   67.40677  16.0%   195 3141s
  9937  2085   78.90488  239 2953   80.29274   67.47143  16.0%   195 3166s
  9938  2086   71.59877  110 2678   80.29274   67.57464  15.8%   195 3212s
  9939  2086   69.54181   20 3021   80.29274   67.69013  15.7%   195 3278s
  9940  2087   70.36160   30 2467   80.29274   67.84340  15.5%   195 3331s
  9941  2088   71.16576   34 2821   80.29274   67.86353  15.5%   195 3363s
  9942  2088   78.95873  267 2533   80.29274   67.94824  15.4%   195 3448s
  9943  2089   75.01738  104 2637   80.29274   67.95535  15.4%   195 3462s
  9944  2090   79.49238  305 2962   80.29274   68.03781  15.3%   195 3565s
  9945  2090   68.20049   20 2954   80.29274   68.09652  15.2%   195 3614s
  9946  2091   79.80317  161 2385   80.29274   68.15675  15.1%   195 3690s
  9947  2092   75.83953   12 2663   80.29274   68.17105  15.1%   195 3724s
  9948  2092   79.81008  162 2459   80.29274   68.20991  15.0%   195 3797s
  9949  2093   76.66326  142 2628   80.29274   68.21624  15.0%   195 3829s
  9950  2094   79.03132  267 2381   80.29274   68.23455  15.0%   195 3885s
  9951  2094   72.84565   61 2560   80.29274   68.23684  15.0%   195 3933s
  9952  2095   75.38460   47 2438   80.29274   68.25365  15.0%   195 3982s
  9953  2096   78.81554  181 2665   80.29274   68.25558  15.0%   195 4002s
  9954  2096   73.21220  137 2218   80.29274   68.28341  15.0%   194 4097s
  9955  2097   69.55262   21 2513   80.29274   68.31104  14.9%   194 4178s
  9956  2098   69.42835   23 2354   80.29274   68.32283  14.9%   194 4264s
  9957  2098   68.32592   44 2547   80.29274   68.32592  14.9%   194 4319s
  9958  2099   68.38352   35 2307   80.29274   68.38352  14.8%   194 4461s
  9959  2100   78.82472  148 2434   80.29274   68.38970  14.8%   194 4493s
  9960  2100   77.49450  112 2259   80.29274   68.40511  14.8%   194 4564s
  9961  2101   70.68132   17 2412   80.29274   68.40864  14.8%   194 4596s
  9962  2102   80.16284  332 2362   80.29274   68.42993  14.8%   194 4680s
  9963  2102   68.43169   42 2549   80.29274   68.43169  14.8%   194 4709s
  9964  2103   68.46416   40 2435   80.29274   68.46416  14.7%   194 4778s
  9965  2104   68.47470   58 2536   80.29274   68.47470  14.7%   194 4828s
  9966  2104   71.13751   12 2334   80.29274   68.48445  14.7%   194 4868s
  9967  2105   68.48876   47 2441   80.29274   68.48876  14.7%   194 4886s
  9968  2106   68.49352   94 2343   80.29274   68.49352  14.7%   194 4964s
  9969  2106   68.49634   30 2643   80.29274   68.49634  14.7%   194 4983s
  9970  2107   75.55578  129 2370   80.29274   68.50188  14.7%   194 5035s
  9971  2108   71.38822   38 2557   80.29274   68.50295  14.7%   194 5063s
  9972  2108   68.51603   10 2411   80.29274   68.51603  14.7%   194 5125s
  9973  2109   79.70014  126 2493   80.29274   68.52144  14.7%   194 5177s
  9974  2110   77.69455  115 2306   80.29274   68.53596  14.6%   194 5204s
  9975  2110   78.63376  142 2384   80.29274   68.53616  14.6%   194 5214s
  9976  2111   69.73823    5 2160   80.29274   68.55499  14.6%   194 5274s
  9977  2112   68.57383   44 2351   80.29274   68.57383  14.6%   194 5314s
  9978  2112   68.58576   67 2137   80.29274   68.58576  14.6%   194 5347s
  9979  2113   68.58757   38 2281   80.29274   68.58757  14.6%   194 5379s
  9980  2114   69.64996   83 2220   80.29274   68.60506  14.6%   194 5435s
  9981  2114   69.48005  100 2365   80.29274   68.60551  14.6%   194 5451s
  9982  2115   68.61525   77 2052   80.29274   68.61525  14.5%   194 5499s
  9983  2116   68.61601   43 2196   80.29274   68.61601  14.5%   194 5520s
  9984  2116   68.61957   27 2098   80.29274   68.61957  14.5%   194 5550s
  9985  2117   78.84973  208 2320   80.29274   68.62122  14.5%   194 5582s
  9986  2118   72.27609  126 2109   80.29274   68.62539  14.5%   194 5634s
  9987  2118   78.89951  231 2200   80.29274   68.62568  14.5%   194 5651s
  9988  2119   79.77078  143 2115   80.29274   68.63091  14.5%   194 5685s
  9989  2120   77.33943   65 2249   80.29274   68.63102  14.5%   194 5700s
  9990  2120   68.63426   68 2056   80.29274   68.63426  14.5%   194 5754s
  9991  2121   76.23650   82 2137   80.29274   68.63443  14.5%   194 5769s
  9992  2122   79.71952  130 1987   80.29274   68.65434  14.5%   194 5807s
  9993  2122   75.64305  144 2089   80.29274   68.65448  14.5%   194 5813s
  9994  2123   75.07788   16 2086   80.29274   68.66141  14.5%   194 5843s
  9995  2124   78.91612  242 2176   80.29274   68.66296  14.5%   194 5852s
H 9995  2016                      79.3660760   68.66296  13.5%   194 5881s
  9996  2016   69.03652   17 1996   79.36608   68.66695  13.5%   194 5943s
  9997  2017   76.83887   41 2235   79.36608   68.67701  13.5%   194 5980s
  9998  2018   79.02731  286 2044   79.36608   68.68910  13.5%   194 6027s
  9999  2018   71.18527   39 2187   79.36608   68.68933  13.5%   194 6038s
 10000  2019   70.00747   46 2343   79.36608   68.71076  13.4%   194 6099s
 10001  2020   69.32683   77 2395   79.36608   68.71228  13.4%   194 6127s
 10002  2020   77.55050    7 2005   79.36608   68.71546  13.4%   194 6165s
 10003  2021   79.07489  289 2180   79.36608   68.71597  13.4%   194 6184s
 10004  2022   75.09389   20 2357   79.36608   68.76156  13.4%   194 6285s
 10005  2022   68.76873   21 2355   79.36608   68.76873  13.4%   193 6329s
 10006  2023   69.32683   76 2381   79.36608   68.77194  13.3%   193 6386s
 10007  2024   70.36903   31 2621   79.36608   68.78397  13.3%   193 6430s
 10008  2024   77.69742   25 2425   79.36608   68.78722  13.3%   193 6495s
 10009  2025   68.78753   71 2414   79.36608   68.78753  13.3%   193 6561s
 10010  2026   76.58059   16 2403   79.36608   68.79673  13.3%   193 6642s
 10011  2026   70.03258   44 2598   79.36608   68.80075  13.3%   193 6682s
 10012  2027   73.22375   63 2451   79.36608   68.80653  13.3%   193 6736s
 10013  2028   74.92945   54 2673   79.36608   68.82689  13.3%   193 6788s
 10014  2028   71.96575  120 2445   79.36608   68.83320  13.3%   193 6831s
 10015  2029   75.65207  148 2600   79.36608   68.83366  13.3%   193 6857s
 10016  2030   78.97911  280 2468   79.36608   68.85038  13.2%   193 6930s
 10017  2030   70.51384  102 2581   79.36608   68.85143  13.2%   193 6968s
 10018  2031   68.85182   60 2495   79.36608   68.85182  13.2%   193 6991s
 10019  2032   76.81468   39 2625   79.36608   68.85182  13.2%   193 6997s
 10020  2032   78.83015  197 2493   79.36608   68.85221  13.2%   193 7015s
 10021  2033   79.36608  121 2590   79.36608   68.85222  13.2%   193 7026s
 10022  2034   68.85633   25 2684   79.36608   68.85633  13.2%   193 7065s
 10023  2034   68.86085   27 2729   79.36608   68.86085  13.2%   193 7086s
 10024  2035   73.44004   58 2470   79.36608   68.86230  13.2%   193 7123s
 10025  2036   75.40292  107 2582   79.36608   68.86317  13.2%   193 7145s
 10026  2036   79.36608  333 2676   79.36608   68.86572  13.2%   193 7181s

Cutting planes:
  Learned: 19
  Gomory: 15
  Cover: 598
  Implied bound: 826
  Projected implied bound: 98
  Clique: 26
  MIR: 2471
  StrongCG: 18
  Flow cover: 6354
  Zero half: 22
  Network: 1
  RLT: 263
  Relax-and-lift: 567
  PSD: 10

Explored 10026 nodes (3923632 simplex iterations) in 7200.25 seconds (6617.51 work units)
Thread count was 32 (of 32 available processors)

Solution count 10: 79.3661 80.2927 92.0161 ... 92.5403

Time limit reached
Best objective 7.936607599978e+01, best bound 6.886571655750e+01, gap 13.2303%
