
Gurobi 9.5.2 (linux64) logging started Fri Aug 14 13:29:57 2026

Set parameter LogFile to value "/mnt/beegfs/users/celinep/ChargeAndBreak/logs/RshortCfewTmedium_25_RO_20260814_131133_084_gurobi.log"
Gurobi Optimizer version 9.5.2 build v9.5.2rc0 (linux64)
Thread count: 16 physical cores, 32 logical processors, using up to 32 threads
Optimize a model with 2696 rows, 1498 columns and 9173 nonzeros
Model fingerprint: 0x156813b9
Variable types: 949 continuous, 549 integer (549 binary)
Coefficient statistics:
  Matrix range     [5e-02, 6e+02]
  Objective range  [1e+00, 1e+00]
  Bounds range     [1e+00, 1e+00]
  RHS range        [4e-01, 5e+02]
Presolve removed 934 rows and 341 columns
Presolve time: 0.08s
Presolved: 1762 rows, 1157 columns, 7295 nonzeros
Variable types: 697 continuous, 460 integer (459 binary)
Found heuristic solution: objective 89.7940915

Root relaxation: objective 4.992283e+01, 1085 iterations, 0.06 seconds (0.02 work units)

    Nodes    |    Current Node    |     Objective Bounds      |     Work
 Expl Unexpl |  Obj  Depth IntInf | Incumbent    BestBd   Gap | It/Node Time

     0     0   49.92283    0   89   89.79409   49.92283  44.4%     -    0s
H    0     0                      68.0541925   49.92283  26.6%     -    0s
H    0     0                      67.6854854   50.33812  25.6%     -    0s
     0     0   50.33812    0  150   67.68549   50.33812  25.6%     -    0s
H    0     0                      66.1473880   50.33812  23.9%     -    0s
     0     0   50.36025    0  146   66.14739   50.36025  23.9%     -    0s
     0     0   50.57030    0  133   66.14739   50.57030  23.5%     -    0s
     0     0   50.58604    0  138   66.14739   50.58604  23.5%     -    0s
     0     0   50.58683    0  136   66.14739   50.58683  23.5%     -    0s
     0     0   50.58723    0  136   66.14739   50.58723  23.5%     -    0s
     0     0   50.58723    0  137   66.14739   50.58723  23.5%     -    0s
     0     0   50.68210    0  103   66.14739   50.68210  23.4%     -    0s
H    0     0                      57.6693245   50.68210  12.1%     -    0s
     0     0   50.68784    0  101   57.66932   50.68784  12.1%     -    0s
     0     0   50.69049    0  114   57.66932   50.69049  12.1%     -    0s
     0     0   50.69056    0  114   57.66932   50.69056  12.1%     -    0s
     0     0   50.76802    0  129   57.66932   50.76802  12.0%     -    0s
     0     0   50.78693    0   65   57.66932   50.78693  11.9%     -    0s
     0     0   50.80738    0   61   57.66932   50.80738  11.9%     -    0s
     0     0   50.80908    0  105   57.66932   50.80908  11.9%     -    0s
     0     0   50.80909    0  103   57.66932   50.80909  11.9%     -    1s
     0     0   50.84990    0   94   57.66932   50.84990  11.8%     -    1s
     0     0   50.85094    0  109   57.66932   50.85094  11.8%     -    1s
     0     0   50.85133    0   88   57.66932   50.85133  11.8%     -    1s
     0     0   50.85181    0   88   57.66932   50.85181  11.8%     -    1s
     0     0   50.85193    0   88   57.66932   50.85193  11.8%     -    1s
     0     0   50.87491    0  107   57.66932   50.87491  11.8%     -    1s
     0     0   50.87833    0  108   57.66932   50.87833  11.8%     -    1s
     0     0   50.87884    0  109   57.66932   50.87884  11.8%     -    1s
     0     0   50.87894    0  109   57.66932   50.87894  11.8%     -    1s
     0     0   50.89744    0  117   57.66932   50.89744  11.7%     -    1s
H    0     0                      57.3156176   50.89744  11.2%     -    1s
     0     0   50.90429    0  118   57.31562   50.90429  11.2%     -    1s
     0     0   50.90663    0  117   57.31562   50.90663  11.2%     -    1s
     0     0   50.90668    0  118   57.31562   50.90668  11.2%     -    1s
     0     0   50.90835    0  117   57.31562   50.90835  11.2%     -    1s
H    0     0                      57.1798088   50.90835  11.0%     -    1s
H    0     0                      56.8170665   50.90835  10.4%     -    1s
     0     0   50.92372    0  116   56.81707   50.92372  10.4%     -    1s
     0     0   50.92493    0   91   56.81707   50.92493  10.4%     -    1s
     0     0   50.92493    0   91   56.81707   50.92493  10.4%     -    1s
     0     0   50.93206    0   98   56.81707   50.93206  10.4%     -    1s
     0     0   50.93230    0   98   56.81707   50.93230  10.4%     -    1s
     0     0   50.93357    0   82   56.81707   50.93357  10.4%     -    1s
     0     0   50.93367    0   92   56.81707   50.93367  10.4%     -    1s
     0     0   50.93768    0   78   56.81707   50.93768  10.3%     -    1s
     0     0   50.93769    0   79   56.81707   50.93769  10.3%     -    1s
     0     0   50.93772    0   81   56.81707   50.93772  10.3%     -    1s
     0     0   50.93791    0   81   56.81707   50.93791  10.3%     -    1s
     0     0   50.93996    0   80   56.81707   50.93996  10.3%     -    1s
     0     0   50.93996    0   56   56.81707   50.93996  10.3%     -    2s
     0     2   50.93996    0   56   56.81707   50.93996  10.3%     -    2s
H  183    48                      56.7854047   50.97123  10.2%  23.6    3s
H  240    48                      56.6503998   50.97123  10.0%  23.7    3s
   316    44   52.85019   20   57   56.65040   50.97123  10.0%  24.7    5s
H  318    44                      56.6503996   50.97123  10.0%  24.8    5s
H  436    86                      56.6503995   50.97123  10.0%  26.5    7s

Cutting planes:
  Learned: 1
  Gomory: 17
  Cover: 8
  Implied bound: 63
  Clique: 2
  MIR: 94
  StrongCG: 1
  Flow cover: 107
  Inf proof: 1
  Network: 2
  RLT: 35
  Relax-and-lift: 2

Explored 1349 nodes (35447 simplex iterations) in 9.09 seconds (2.80 work units)
Thread count was 32 (of 32 available processors)

Solution count 10: 56.6504 56.6504 56.6504 ... 67.6855

Optimal solution found (tolerance 5.00e-03)
Best objective 5.665039953020e+01, best bound 5.646284855495e+01, gap 0.3311%
