
Gurobi 9.5.2 (linux64) logging started Thu Aug 13 13:28:00 2026

Set parameter LogFile to value "/mnt/beegfs/users/celinep/ChargeAndBreak/logs/RshortCmediumTtight_12_2SP_20260813_113831_143_gurobi.log"
Gurobi Optimizer version 9.5.2 build v9.5.2rc0 (linux64)
Thread count: 16 physical cores, 32 logical processors, using up to 32 threads
Optimize a model with 45012 rows, 20758 columns and 143916 nonzeros
Model fingerprint: 0x524400cf
Variable types: 18176 continuous, 2582 integer (2582 binary)
Coefficient statistics:
  Matrix range     [5e-02, 5e+02]
  Objective range  [2e-02, 4e-02]
  Bounds range     [1e+00, 1e+00]
  RHS range        [6e-03, 5e+02]
Presolve removed 17499 rows and 6164 columns
Presolve time: 2.51s
Presolved: 27513 rows, 14594 columns, 115297 nonzeros
Variable types: 12828 continuous, 1766 integer (1766 binary)
Found heuristic solution: objective 59.3243165
Found heuristic solution: objective 46.4262688

Deterministic concurrent LP optimizer: primal and dual simplex
Showing first log only...


Root simplex log...

Iteration    Objective       Primal Inf.    Dual Inf.      Time
   11514    3.4034646e+01   0.000000e+00   9.571376e+02      5s
   17574    2.7573688e+01   0.000000e+00   1.318785e+03     10s
Concurrent spin time: 0.01s

Solved with dual simplex

Root relaxation: objective 2.622324e+01, 21131 iterations, 8.28 seconds (7.54 work units)

    Nodes    |    Current Node    |     Objective Bounds      |     Work
 Expl Unexpl |  Obj  Depth IntInf | Incumbent    BestBd   Gap | It/Node Time

     0     0   26.82935    0  610   46.42627   26.82935  42.2%     -   14s
H    0     0                      46.1408424   26.82935  41.9%     -   15s
H    0     0                      45.5183158   26.82935  41.1%     -   16s
H    0     0                      35.0320540   27.30358  22.1%     -   19s
     0     0   27.30360    0  650   35.03205   27.30360  22.1%     -   19s
     0     0   27.30503    0  647   35.03205   27.30503  22.1%     -   23s
     0     0   27.40903    0  565   35.03205   27.40903  21.8%     -   25s
     0     0   27.42455    0  707   35.03205   27.42455  21.7%     -   28s
     0     0   27.42651    0  718   35.03205   27.42651  21.7%     -   28s
     0     0   27.42973    0  689   35.03205   27.42973  21.7%     -   29s
     0     0   27.43013    0  724   35.03205   27.43013  21.7%     -   29s
     0     0   27.43015    0  724   35.03205   27.43015  21.7%     -   30s
     0     0   27.67167    0  782   35.03205   27.67167  21.0%     -   42s
     0     0   27.72393    0  762   35.03205   27.72393  20.9%     -   47s
     0     0   27.72860    0  766   35.03205   27.72860  20.8%     -   48s
     0     0   27.72939    0  777   35.03205   27.72939  20.8%     -   48s
     0     0   27.72965    0  777   35.03205   27.72965  20.8%     -   48s
     0     0   27.72973    0  782   35.03205   27.72973  20.8%     -   48s
     0     0   27.74637    0  787   35.03205   27.74637  20.8%     -   51s
     0     0   27.74998    0  775   35.03205   27.74998  20.8%     -   52s
     0     0   27.75208    0  747   35.03205   27.75208  20.8%     -   52s
     0     0   27.75288    0  757   35.03205   27.75288  20.8%     -   53s
     0     0   27.75298    0  783   35.03205   27.75298  20.8%     -   53s
     0     0   27.75827    0  776   35.03205   27.75827  20.8%     -   54s
H    0     0                      34.2841789   27.75827  19.0%     -   55s
     0     0   27.75906    0  769   34.28418   27.75906  19.0%     -   55s
     0     0   27.75926    0  776   34.28418   27.75926  19.0%     -   56s
     0     0   27.76233    0  779   34.28418   27.76233  19.0%     -   57s
     0     0   27.76303    0  774   34.28418   27.76303  19.0%     -   60s
     0     0   27.76340    0  783   34.28418   27.76340  19.0%     -   60s
     0     0   27.76346    0  785   34.28418   27.76346  19.0%     -   60s
     0     0   27.76558    0  775   34.28418   27.76558  19.0%     -   63s
     0     0   28.78733    0  778   34.28418   28.78733  16.0%     -   65s
     0     0   28.80466    0  778   34.28418   28.80466  16.0%     -   65s
     0     0   30.94111    0  783   34.28418   30.94111  9.75%     -   68s
     0     0   33.35693    0  781   34.28418   33.35693  2.70%     -   70s
     0     0   33.47154    0  779   34.28418   33.47154  2.37%     -   71s
H    0     0                      34.1578992   33.56970  1.72%     -   87s
     0     0   33.56970    0  779   34.15790   33.56970  1.72%     -   89s
H    0     0                      34.0745507   33.56970  1.48%     -   98s
H    0     0                      34.0360234   33.56970  1.37%     -  100s
     0     2   33.56970    0  779   34.03602   33.56970  1.37%     -  104s
     1     4   33.56970    1  761   34.03602   33.56970  1.37%  1116  106s
     3     8   33.56970    2  775   34.03602   33.56970  1.37%  1447  110s
    15    14   33.56970    4  852   34.03602   33.56970  1.37%  1224  115s
    39    10   33.56970    6  856   34.03602   33.56970  1.37%   860  120s
    69     8   33.56970    9  839   34.03602   33.56970  1.37%   736  126s
    77     8   33.56970   10  840   34.03602   33.56970  1.37%   723  130s
H   82     8                      34.0284606   33.56970  1.35%   763  130s
    92     5   33.56970   12  834   34.02846   33.56970  1.35%   737  136s
   110     4   33.56970   15  764   34.02846   33.56970  1.35%   716  141s
   118     4   33.56970   17  821   34.02846   33.56970  1.35%   725  145s
   131     2   33.56970   21  858   34.02846   33.56970  1.35%   734  153s
   133     3   33.56970   22  794   34.02846   33.56970  1.35%   763  157s
   136     2     cutoff   23        34.02846   33.56970  1.35%   804  162s
   141     3     cutoff   26        34.02846   33.56970  1.35%   891  169s
   144     3   33.56970   28  882   34.02846   33.56970  1.35%   876  174s
   148     2     cutoff   29        34.02846   33.56970  1.35%   965  177s
   151     2     cutoff   31        34.02846   33.56970  1.35%  1010  180s
   155     2     cutoff   33        34.02846   33.56970  1.35%  1031  185s
   161     2     cutoff   36        34.02846   33.56970  1.35%  1054  191s
   168     2   33.56970   40  888   34.02846   33.56970  1.35%  1024  196s
   173     2   33.56970   42  887   34.02846   33.56970  1.35%  1031  201s
   177     2   33.56970   44  886   34.02846   33.56970  1.35%  1066  205s
   181     2   33.56970   46  939   34.02846   33.56970  1.35%  1079  214s
   183     2   33.56970   47  913   34.02846   33.56970  1.35%  1116  215s
   193     3     cutoff   52        34.02846   33.56970  1.35%  1092  221s
   196     2   33.56970   54  714   34.02846   33.56970  1.35%  1078  226s

Cutting planes:
  Learned: 140
  Gomory: 18
  Cover: 196
  Implied bound: 3208
  Clique: 59
  MIR: 600
  StrongCG: 2
  Flow cover: 997
  Zero half: 1
  RLT: 243
  Relax-and-lift: 60

Explored 201 nodes (275373 simplex iterations) in 228.02 seconds (123.69 work units)
Thread count was 32 (of 32 available processors)

Solution count 10: 34.0285 34.036 34.0746 ... 59.3243

Optimal solution found (tolerance 5.00e-03)
Best objective 3.402846059373e+01, best bound 3.402846059373e+01, gap 0.0000%
