
Gurobi 9.5.2 (linux64) logging started Fri Aug 14 14:13:18 2026

Set parameter LogFile to value "/mnt/beegfs/users/celinep/ChargeAndBreak/logs/RshortCmediumTlarge_6_2SP_20260814_131133_243_gurobi.log"
Gurobi Optimizer version 9.5.2 build v9.5.2rc0 (linux64)
Thread count: 16 physical cores, 32 logical processors, using up to 32 threads
Optimize a model with 58078 rows, 26740 columns and 187707 nonzeros
Model fingerprint: 0xd76dc73a
Variable types: 23651 continuous, 3089 integer (3089 binary)
Coefficient statistics:
  Matrix range     [7e-02, 6e+02]
  Objective range  [2e-02, 4e-02]
  Bounds range     [1e+00, 1e+00]
  RHS range        [3e-02, 5e+02]
Presolve removed 22361 rows and 7818 columns
Presolve time: 1.98s
Presolved: 35717 rows, 18922 columns, 154429 nonzeros
Variable types: 16863 continuous, 2059 integer (2059 binary)
Found heuristic solution: objective 56.1849436

Deterministic concurrent LP optimizer: primal and dual simplex
Showing first log only...


Root simplex log...

Iteration    Objective       Primal Inf.    Dual Inf.      Time
   15814    4.1458055e+01   0.000000e+00   2.528188e+03      5s
   20436    3.2228507e+01   0.000000e+00   4.682549e+03     10s
Concurrent spin time: 0.00s

Solved with dual simplex

Root relaxation: objective 3.003873e+01, 23665 iterations, 7.81 seconds (6.36 work units)

    Nodes    |    Current Node    |     Objective Bounds      |     Work
 Expl Unexpl |  Obj  Depth IntInf | Incumbent    BestBd   Gap | It/Node Time

     0     0   30.38417    0  753   56.18494   30.38417  45.9%     -   13s
H    0     0                      37.6064698   30.38417  19.2%     -   19s
     0     0   30.77427    0  864   37.60647   30.77427  18.2%     -   30s
     0     0   30.77483    0  877   37.60647   30.77483  18.2%     -   33s
     0     0   31.03997    0  978   37.60647   31.03997  17.5%     -   39s
     0     0   31.06212    0  928   37.60647   31.06212  17.4%     -   41s
     0     0   31.06269    0  944   37.60647   31.06269  17.4%     -   41s
     0     0   31.06328    0  951   37.60647   31.06328  17.4%     -   41s
     0     0   31.06332    0  950   37.60647   31.06332  17.4%     -   41s
     0     0   31.33324    0  812   37.60647   31.33324  16.7%     -   52s
     0     0   31.34798    0  767   37.60647   31.34798  16.6%     -   55s
     0     0   31.34959    0  773   37.60647   31.34959  16.6%     -   56s
     0     0   31.35030    0  775   37.60647   31.35030  16.6%     -   56s
     0     0   31.35054    0  777   37.60647   31.35054  16.6%     -   57s
     0     0   31.35057    0  779   37.60647   31.35057  16.6%     -   57s
     0     0   31.39101    0  950   37.60647   31.39101  16.5%     -   63s
     0     0   31.39860    0  797   37.60647   31.39860  16.5%     -   67s
     0     0   31.39940    0  800   37.60647   31.39940  16.5%     -   68s
     0     0   31.39970    0  803   37.60647   31.39970  16.5%     -   68s
     0     0   31.39981    0  803   37.60647   31.39981  16.5%     -   69s
     0     0   31.41985    0  770   37.60647   31.41985  16.5%     -   70s
     0     0   31.42326    0  779   37.60647   31.42326  16.4%     -   74s
     0     0   31.42385    0  866   37.60647   31.42385  16.4%     -   74s
     0     0   31.42397    0  781   37.60647   31.42397  16.4%     -   75s
     0     0   31.44227    0  799   37.60647   31.44227  16.4%     -   77s
     0     0   31.44533    0  802   37.60647   31.44533  16.4%     -   82s
     0     0   31.44556    0  854   37.60647   31.44556  16.4%     -   82s
     0     0   31.44558    0  862   37.60647   31.44558  16.4%     -   82s
     0     0   31.45620    0  926   37.60647   31.45620  16.4%     -   84s
     0     0   31.45867    0  937   37.60647   31.45867  16.3%     -   86s
     0     0   31.45910    0  859   37.60647   31.45910  16.3%     -   86s
     0     0   31.45915    0  859   37.60647   31.45915  16.3%     -   86s
     0     0   31.46549    0  814   37.60647   31.46549  16.3%     -   88s
     0     0   31.47183    0  923   37.60647   31.47183  16.3%     -   89s
     0     0   31.47347    0  998   37.60647   31.47347  16.3%     -   90s
     0     0   31.47356    0  983   37.60647   31.47356  16.3%     -   91s
     0     0   31.48299    0  984   37.60647   31.48299  16.3%     -   95s
     0     0   31.48508    0  984   37.60647   31.48508  16.3%     -   98s
     0     0   31.51667    0  987   37.60647   31.51667  16.2%     -   99s
     0     0   31.60804    0  959   37.60647   31.60804  16.0%     -  101s
     0     0   31.77987    0  961   37.60647   31.77987  15.5%     -  103s
     0     0   31.78056    0  959   37.60647   31.78056  15.5%     -  104s
     0     0   31.78056    0  964   37.60647   31.78056  15.5%     -  104s
     0     0   31.86886    0  948   37.60647   31.86886  15.3%     -  106s
     0     0   32.06469    0  924   37.60647   32.06469  14.7%     -  116s
     0     2   32.06469    0  898   37.60647   32.06469  14.7%     -  146s
     1     4   32.06469    1  898   37.60647   32.06469  14.7%  1404  150s
     7    16   32.06469    3  865   37.60647   32.06469  14.7%  1596  159s
    15    30   32.06469    4  971   37.60647   32.06469  14.7%  1272  164s
    31    44   32.06469    5  947   37.60647   32.06469  14.7%  1549  168s
H   42    44                      37.1659041   32.06469  13.7%  1356  169s
    47    50   32.06469    6  947   37.16590   32.06469  13.7%  1276  171s
    63    62   32.06469    7  921   37.16590   32.06469  13.7%  1084  182s
H   79    72                      37.1357956   32.06469  13.7%   964  186s
H   82    72                      37.1333751   32.06469  13.6%   937  186s
H   83    72                      37.1193772   32.06469  13.6%   935  186s
   119    93   32.06469   11  943   37.11938   32.06469  13.6%   762  194s
   138   107   32.06469   12  910   37.11938   32.06469  13.6%   704  197s
   162   110   32.06469   13  951   37.11938   32.06469  13.6%   648  210s
   227   136   32.06469   16  956   37.11938   32.06469  13.6%   553  248s
H  230   136                      36.5611506   32.06469  12.3%   546  248s
   245    86   32.06469   17  967   36.56115   32.06469  12.3%   582  258s
H  257    86                      36.4669673   32.06469  12.1%   615  258s
   298    52     cutoff   17        36.46697   32.06469  12.1%   570  264s
   342    33     cutoff   19        36.46697   32.06469  12.1%   543  266s
   398    18   32.06469   22  908   36.46697   32.06469  12.1%   509  274s
   424    13     cutoff   23        36.46697   32.06469  12.1%   519  283s
   441    14     cutoff   26        36.46697   32.06469  12.1%   560  290s
   479     6   32.06469   33  991   36.46697   32.06469  12.1%   561  296s
   502    11   32.12155   36  986   36.46697   32.06469  12.1%   539  300s
   529    13     cutoff   39        36.46697   32.23752  11.6%   542  306s
H  547     7                      36.4527105   32.35085  11.3%   554  309s
   555     5     cutoff   42        36.45271   32.35085  11.3%   552  311s
   564     3   32.53139   45  964   36.45271   32.53139  10.8%   559  316s
   567     3   32.61043   46  976   36.45271   32.61043  10.5%   560  320s
   573     3   32.83236   49  924   36.45271   32.83236  9.93%   565  341s
   578     2     cutoff   51        36.45271   33.00496  9.46%   563  345s
   582     3     cutoff   53        36.45271   33.06627  9.29%   561  350s
   590     2     cutoff   57        36.45271   33.58747  7.86%   563  355s
   594     1     cutoff   59        36.45271   33.87163  7.08%   572  363s
   597     2   34.12723   60  883   36.45271   34.12723  6.38%   584  366s
   601     2   34.42517   63  963   36.45271   34.26125  6.01%   588  372s
   606     0     cutoff   65        36.45271   34.77952  4.59%   598  376s

Cutting planes:
  Learned: 1
  Gomory: 5
  Cover: 314
  Implied bound: 2239
  Clique: 441
  MIR: 1064
  StrongCG: 15
  Flow cover: 1687
  Zero half: 6
  Network: 24
  RLT: 281
  Relax-and-lift: 218
  PSD: 2

Explored 608 nodes (423076 simplex iterations) in 376.16 seconds (220.41 work units)
Thread count was 32 (of 32 available processors)

Solution count 9: 36.4527 36.467 36.5612 ... 56.1849

Optimal solution found (tolerance 5.00e-03)
Best objective 3.645271054303e+01, best bound 3.645271054303e+01, gap 0.0000%
