
Gurobi 9.5.2 (linux64) logging started Thu Aug 13 12:01:43 2026

Set parameter LogFile to value "/mnt/beegfs/users/celinep/ChargeAndBreak/logs/RshortCmediumTnone_18_2SP_20260813_113831_048_gurobi.log"
Gurobi Optimizer version 9.5.2 build v9.5.2rc0 (linux64)
Thread count: 16 physical cores, 32 logical processors, using up to 32 threads
Optimize a model with 55507 rows, 25591 columns and 179211 nonzeros
Model fingerprint: 0x2e01d543
Variable types: 22526 continuous, 3065 integer (3065 binary)
Coefficient statistics:
  Matrix range     [3e-02, 6e+02]
  Objective range  [2e-02, 4e-02]
  Bounds range     [1e+00, 1e+00]
  RHS range        [1e-01, 2e+07]
Presolve removed 21397 rows and 7553 columns
Presolve time: 2.17s
Presolved: 34110 rows, 18038 columns, 147601 nonzeros
Variable types: 16090 continuous, 1948 integer (1948 binary)

Deterministic concurrent LP optimizer: primal and dual simplex
Showing first log only...


Root simplex log...

Iteration    Objective       Primal Inf.    Dual Inf.      Time
   14039    3.6343253e+01   0.000000e+00   2.377161e+03      5s
   18449    3.2627114e+01   0.000000e+00   3.613112e+02     10s
Concurrent spin time: 0.00s

Solved with dual simplex

Root relaxation: objective 3.005907e+01, 22322 iterations, 7.89 seconds (5.19 work units)

    Nodes    |    Current Node    |     Objective Bounds      |     Work
 Expl Unexpl |  Obj  Depth IntInf | Incumbent    BestBd   Gap | It/Node Time

     0     0   30.35340    0  686          -   30.35340      -     -   16s
H    0     0                      46.1977995   30.35340  34.3%     -   17s
     0     0   30.87405    0  965   46.19780   30.87405  33.2%     -   26s
     0     0   30.87470    0  961   46.19780   30.87470  33.2%     -   28s
     0     0   31.11145    0  871   46.19780   31.11145  32.7%     -   32s
H    0     0                      37.2985346   31.11145  16.6%     -   33s
     0     0   31.12743    0  842   37.29853   31.12743  16.5%     -   36s
     0     0   31.13344    0  845   37.29853   31.13344  16.5%     -   37s
     0     0   31.13400    0  847   37.29853   31.13400  16.5%     -   38s
     0     0   31.13403    0  847   37.29853   31.13403  16.5%     -   38s
     0     0   31.34682    0  953   37.29853   31.34682  16.0%     -   44s
     0     0   31.35611    0  982   37.29853   31.35611  15.9%     -   47s
     0     0   31.35704    0 1000   37.29853   31.35704  15.9%     -   47s
     0     0   31.35726    0  996   37.29853   31.35726  15.9%     -   48s
     0     0   31.35733    0 1000   37.29853   31.35733  15.9%     -   48s
     0     0   31.50012    0  753   37.29853   31.50012  15.5%     -   53s
     0     0   31.51437    0  674   37.29853   31.51437  15.5%     -   54s
     0     0   31.51679    0  684   37.29853   31.51679  15.5%     -   55s
     0     0   31.51798    0  788   37.29853   31.51798  15.5%     -   55s
     0     0   31.51844    0  793   37.29853   31.51844  15.5%     -   55s
     0     0   31.51851    0  790   37.29853   31.51851  15.5%     -   55s
     0     0   31.53841    0  792   37.29853   31.53841  15.4%     -   57s
     0     0   31.54045    0  790   37.29853   31.54045  15.4%     -   59s
     0     0   31.54118    0  795   37.29853   31.54118  15.4%     -   59s
     0     0   31.54132    0  795   37.29853   31.54132  15.4%     -   59s
     0     0   31.55366    0  674   37.29853   31.55366  15.4%     -   61s
H    0     0                      36.6369806   31.55366  13.9%     -   63s
     0     0   31.55588    0  722   36.63698   31.55588  13.9%     -   64s
     0     0   31.55653    0  729   36.63698   31.55653  13.9%     -   64s
     0     0   31.55672    0  732   36.63698   31.55672  13.9%     -   64s
     0     0   31.56650    0  733   36.63698   31.56650  13.8%     -   66s
     0     0   31.56718    0  736   36.63698   31.56718  13.8%     -   67s
     0     0   31.56723    0  737   36.63698   31.56723  13.8%     -   67s
     0     0   31.58289    0  708   36.63698   31.58289  13.8%     -   69s
     0     0   31.64650    0  717   36.63698   31.64650  13.6%     -   71s
     0     0   31.70802    0  729   36.63698   31.70802  13.5%     -   71s
     0     0   31.79079    0  726   36.63698   31.79079  13.2%     -   72s
     0     0   31.86612    0  879   36.63698   31.86612  13.0%     -   73s
     0     0   31.92113    0  927   36.63698   31.92113  12.9%     -   75s
     0     0   32.02084    0  921   36.63698   32.02084  12.6%     -   75s
     0     0   32.02084    0  744   36.63698   32.02084  12.6%     -   77s
     0     0   32.18657    0  679   36.63698   32.18657  12.1%     -   81s
     0     2   32.18657    0  673   36.63698   32.18657  12.1%     -   90s
     3     4   32.18657    2  717   36.63698   32.18657  12.1%  2183   95s
    15     6   32.18657    5  669   36.63698   32.18657  12.1%  1273  101s
    27    10   32.18657    7  798   36.63698   32.18657  12.1%  1239  108s
    35    11   32.18657    8  844   36.63698   32.18657  12.1%  1213  111s
    56     7   32.18657   10  615   36.63698   32.18657  12.1%  1095  117s
    68    10   32.18657   11  813   36.63698   32.18657  12.1%  1008  122s
    75     8   32.18657   12  816   36.63698   32.18657  12.1%   977  125s
   107    10     cutoff   15        36.63698   32.18657  12.1%   812  132s
   117     7   36.60878   17  925   36.63698   32.18657  12.1%   816  135s
   127     2     cutoff   18        36.63698   32.18657  12.1%   812  140s
   138     2     cutoff   21        36.63698   32.18657  12.1%   879  145s
   143     2   32.18657   24  950   36.63698   32.18657  12.1%   861  152s
   151     2     cutoff   27        36.63698   32.28153  11.9%   901  156s
   156     2     cutoff   30        36.63698   32.46486  11.4%   900  160s
   166     2     cutoff   34        36.63698   32.85644  10.3%   900  165s
   172     2     cutoff   36        36.63698   33.12117  9.60%   898  170s
   188     2     cutoff   42        36.63698   33.74382  7.90%   879  175s
   198     2     cutoff   46        36.63698   34.13070  6.84%   866  181s
   204     2     cutoff   48        36.63698   34.98617  4.51%   879  186s
   213     2     cutoff   52        36.63698   35.80344  2.28%   872  190s

Cutting planes:
  Gomory: 8
  Cover: 82
  Implied bound: 824
  Clique: 175
  MIR: 1026
  StrongCG: 1
  Flow cover: 1116
  Zero half: 3
  RLT: 309
  Relax-and-lift: 180
  BQP: 10
  PSD: 275

Explored 224 nodes (241966 simplex iterations) in 193.46 seconds (103.85 work units)
Thread count was 32 (of 32 available processors)

Solution count 3: 36.637 37.2985 46.1978 

Optimal solution found (tolerance 5.00e-03)
Best objective 3.663698062262e+01, best bound 3.650972485633e+01, gap 0.3473%
