
Gurobi 9.5.2 (linux64) logging started Fri Aug 14 14:13:54 2026

Set parameter LogFile to value "/mnt/beegfs/users/celinep/ChargeAndBreak/logs/RshortCmediumTlarge_8_RO_20260814_131133_246_gurobi.log"
Gurobi Optimizer version 9.5.2 build v9.5.2rc0 (linux64)
Thread count: 16 physical cores, 32 logical processors, using up to 32 threads
Optimize a model with 2377 rows, 1319 columns and 8022 nonzeros
Model fingerprint: 0xd9f6d8b0
Variable types: 835 continuous, 484 integer (484 binary)
Coefficient statistics:
  Matrix range     [4e-02, 5e+02]
  Objective range  [1e+00, 1e+00]
  Bounds range     [1e+00, 1e+00]
  RHS range        [2e-02, 5e+02]
Presolve removed 863 rows and 317 columns
Presolve time: 0.11s
Presolved: 1514 rows, 1002 columns, 6765 nonzeros
Variable types: 599 continuous, 403 integer (402 binary)
Found heuristic solution: objective 83.4411213

Root relaxation: objective 4.468708e+01, 1075 iterations, 0.03 seconds (0.02 work units)

    Nodes    |    Current Node    |     Objective Bounds      |     Work
 Expl Unexpl |  Obj  Depth IntInf | Incumbent    BestBd   Gap | It/Node Time

     0     0   44.68708    0   76   83.44112   44.68708  46.4%     -    0s
H    0     0                      67.5299168   44.68708  33.8%     -    0s
H    0     0                      58.2378777   44.68708  23.3%     -    0s
     0     0   45.13995    0   84   58.23788   45.13995  22.5%     -    0s
     0     0   45.14274    0   85   58.23788   45.14274  22.5%     -    0s
     0     0   45.28614    0  124   58.23788   45.28614  22.2%     -    0s
H    0     0                      58.1752374   45.29167  22.1%     -    0s
     0     0   45.29167    0  131   58.17524   45.29167  22.1%     -    0s
     0     0   45.29266    0  125   58.17524   45.29266  22.1%     -    0s
     0     0   45.29277    0  130   58.17524   45.29277  22.1%     -    0s
H    0     0                      57.8613151   45.29277  21.7%     -    0s
     0     0   45.56053    0   88   57.86132   45.56053  21.3%     -    0s
     0     0   45.62629    0  137   57.86132   45.62629  21.1%     -    0s
H    0     0                      57.6778067   45.64062  20.9%     -    0s
     0     0   45.64062    0  123   57.67781   45.64062  20.9%     -    0s
     0     0   45.64081    0  124   57.67781   45.64081  20.9%     -    0s
     0     0   45.80965    0   97   57.67781   45.80965  20.6%     -    0s
     0     0   45.84738    0  112   57.67781   45.84738  20.5%     -    0s
     0     0   45.85472    0  133   57.67781   45.85472  20.5%     -    0s
     0     0   45.85662    0  136   57.67781   45.85662  20.5%     -    0s
     0     0   45.85663    0  136   57.67781   45.85663  20.5%     -    0s
H    0     0                      57.2521478   45.85663  19.9%     -    0s
H    0     0                      56.9597086   45.85663  19.5%     -    0s
     0     0   45.92221    0  122   56.95971   45.92221  19.4%     -    0s
     0     0   45.92408    0  124   56.95971   45.92408  19.4%     -    0s
     0     0   45.92416    0  125   56.95971   45.92416  19.4%     -    0s
     0     0   45.94599    0  122   56.95971   45.94599  19.3%     -    0s
     0     0   45.94931    0  122   56.95971   45.94931  19.3%     -    0s
     0     0   45.94957    0  125   56.95971   45.94957  19.3%     -    0s
     0     0   45.96885    0  122   56.95971   45.96885  19.3%     -    0s
     0     0   45.98630    0  123   56.95971   45.98630  19.3%     -    1s
     0     0   45.98745    0  125   56.95971   45.98745  19.3%     -    1s
     0     0   45.98746    0  124   56.95971   45.98746  19.3%     -    1s
H    0     0                      56.6246971   45.98746  18.8%     -    1s
     0     0   45.98746    0  101   56.62470   45.98746  18.8%     -    1s
     0     0   45.99078    0  102   56.62470   45.99078  18.8%     -    1s
     0     0   45.99157    0  105   56.62470   45.99157  18.8%     -    1s
     0     0   45.99266    0  119   56.62470   45.99266  18.8%     -    1s
     0     0   45.99266    0  120   56.62470   45.99266  18.8%     -    1s
     0     0   46.01803    0  117   56.62470   46.01803  18.7%     -    1s
     0     0   46.01994    0  117   56.62470   46.01994  18.7%     -    1s
     0     0   46.01994    0  117   56.62470   46.01994  18.7%     -    1s
     0     0   46.03446    0  116   56.62470   46.03446  18.7%     -    1s
     0     0   46.03543    0  118   56.62470   46.03543  18.7%     -    1s
     0     0   46.03544    0  118   56.62470   46.03544  18.7%     -    1s
     0     0   46.03921    0  118   56.62470   46.03921  18.7%     -    1s
     0     0   46.03921    0  118   56.62470   46.03921  18.7%     -    1s
     0     0   46.03921    0  113   56.62470   46.03921  18.7%     -    1s
H    0     0                      56.4976303   46.03921  18.5%     -    1s
     0     2   46.03921    0  107   56.49763   46.03921  18.5%     -    1s
  3018    55     cutoff   39        56.49763   48.15864  14.8%  25.9    5s

Cutting planes:
  Gomory: 12
  Cover: 30
  Implied bound: 89
  MIR: 121
  StrongCG: 1
  Flow cover: 59
  GUB cover: 4
  Inf proof: 1
  Network: 2
  RLT: 13
  Relax-and-lift: 3

Explored 3492 nodes (92553 simplex iterations) in 5.30 seconds (2.08 work units)
Thread count was 32 (of 32 available processors)

Solution count 10: 56.4976 56.6247 56.9597 ... 83.4411

Optimal solution found (tolerance 5.00e-03)
Best objective 5.649763025112e+01, best bound 5.649763025112e+01, gap 0.0000%
