
Gurobi 9.5.2 (linux64) logging started Thu Aug 13 11:58:51 2026

Set parameter LogFile to value "/mnt/beegfs/users/celinep/ChargeAndBreak/logs/RshortCmediumTnone_17_2SP_20260813_113831_043_gurobi.log"
Gurobi Optimizer version 9.5.2 build v9.5.2rc0 (linux64)
Thread count: 16 physical cores, 32 logical processors, using up to 32 threads
Optimize a model with 60467 rows, 27857 columns and 195596 nonzeros
Model fingerprint: 0xfebbb6d9
Variable types: 24601 continuous, 3256 integer (3256 binary)
Coefficient statistics:
  Matrix range     [3e-02, 6e+02]
  Objective range  [2e-02, 4e-02]
  Bounds range     [1e+00, 1e+00]
  RHS range        [1e-02, 2e+07]
Presolve removed 23404 rows and 8287 columns
Presolve time: 2.97s
Presolved: 37063 rows, 19570 columns, 160976 nonzeros
Variable types: 17530 continuous, 2040 integer (2039 binary)

Deterministic concurrent LP optimizer: primal and dual simplex
Showing first log only...


Root simplex log...

Iteration    Objective       Primal Inf.    Dual Inf.      Time
   13206    3.7611292e+01   7.159905e+01   2.376029e+09      5s
   20297    3.4713828e+01   0.000000e+00   5.215340e+02     10s
Concurrent spin time: 0.00s

Solved with dual simplex

Root relaxation: objective 3.103588e+01, 22494 iterations, 6.79 seconds (4.77 work units)

    Nodes    |    Current Node    |     Objective Bounds      |     Work
 Expl Unexpl |  Obj  Depth IntInf | Incumbent    BestBd   Gap | It/Node Time

     0     0   31.38202    0  763          -   31.38202      -     -   19s
H    0     0                      46.6584379   31.38202  32.7%     -   22s
H    0     0                      38.4653747   31.38202  18.4%     -   23s
H    0     0                      37.6777768   31.38202  16.7%     -   27s
     0     0   31.72750    0  911   37.67778   31.72750  15.8%     -   31s
     0     0   31.72922    0  955   37.67778   31.72922  15.8%     -   33s
     0     0   31.81286    0 1023   37.67778   31.81286  15.6%     -   35s
     0     0   31.82135    0 1029   37.67778   31.82135  15.5%     -   37s
H    0     0                      37.5670735   32.13521  14.5%     -   42s
     0     0   32.13521    0  905   37.56707   32.13521  14.5%     -   42s
     0     0   32.20362    0  949   37.56707   32.20362  14.3%     -   44s
     0     0   32.26900    0  768   37.56707   32.26900  14.1%     -   44s
     0     0   32.26900    0  766   37.56707   32.26900  14.1%     -   45s
     0     0   32.30104    0  765   37.56707   32.30104  14.0%     -   45s
     0     0   32.30481    0  769   37.56707   32.30481  14.0%     -   45s
     0     0   32.54211    0  692   37.56707   32.54211  13.4%     -   47s
H    0     0                      37.3043458   32.54211  12.8%     -   48s
     0     0   32.65655    0  788   37.30435   32.65655  12.5%     -   49s
     0     0   32.66644    0  760   37.30435   32.66644  12.4%     -   49s
     0     0   32.76244    0  783   37.30435   32.76244  12.2%     -   50s
     0     0   32.83875    0  946   37.30435   32.83875  12.0%     -   51s
     0     0   33.07351    0  776   37.30435   33.07351  11.3%     -   53s
     0     0   33.09769    0  954   37.30435   33.09769  11.3%     -   53s
     0     0   33.09769    0  799   37.30435   33.09769  11.3%     -   53s
     0     0   33.23633    0  781   37.30435   33.23633  10.9%     -   54s
H    0     0                      37.3016187   33.23633  10.9%     -   55s
     0     0   33.53034    0  780   37.30162   33.53034  10.1%     -   56s
     0     0   33.65889    0  715   37.30162   33.65889  9.77%     -   56s
     0     0   33.65889    0  717   37.30162   33.65889  9.77%     -   56s
     0     0   33.68231    0  673   37.30162   33.68231  9.70%     -   57s
     0     0   33.88669    0  630   37.30162   33.88669  9.15%     -   60s
     0     2   33.88669    0  625   37.30162   33.88669  9.15%     -   68s
     3     2   33.88669    2  640   37.30162   33.88669  9.15%  1154   70s
    23    10   33.88669   11  619   37.30162   33.88669  9.15%   605   75s
H   31    18                      37.0462098   33.88669  8.53%   572   77s
    71    14   33.88669   15  591   37.04621   33.88669  8.53%   452   80s
H   79    14                      37.0460778   33.88669  8.53%   424   80s
H  112    12                      37.0411772   33.88669  8.52%   345   84s
H  113    12                      37.0336397   33.88669  8.50%   345   84s
   137    12   33.88669   20  537   37.03364   33.88669  8.50%   311   86s
   190    12   33.88669   24  596   37.03364   33.88669  8.50%   273   90s
   224     8   33.88669   27  449   37.03364   33.88669  8.50%   284   96s
H  259    12                      37.0119493   34.04491  8.02%   282   98s
H  262     8                      36.9876214   34.04491  7.96%   279  102s
   281     8   34.19663   32  437   36.98762   34.19663  7.55%   291  105s
   315    14   34.84288   36  659   36.98762   34.84288  5.80%   317  110s
   400    17   35.42435   40  685   36.98762   35.21727  4.79%   285  115s
   483    23     cutoff   43        36.98762   35.62188  3.69%   266  121s
H  500    23                      36.9503063   35.62968  3.57%   263  121s
   525    20   36.08865   45  446   36.95031   35.96028  2.68%   263  126s
H  546    20                      36.9042881   36.09240  2.20%   260  126s

Cutting planes:
  Gomory: 14
  Cover: 65
  Implied bound: 869
  Clique: 2
  MIR: 726
  StrongCG: 1
  Flow cover: 797
  GUB cover: 22
  RLT: 332
  Relax-and-lift: 50

Explored 567 nodes (190203 simplex iterations) in 127.07 seconds (66.33 work units)
Thread count was 32 (of 32 available processors)

Solution count 10: 36.9043 36.9503 36.9876 ... 37.3043

Optimal solution found (tolerance 5.00e-03)
Best objective 3.690428805548e+01, best bound 3.689079969772e+01, gap 0.0365%
