
Gurobi 9.5.2 (linux64) logging started Sun Aug 16 10:25:36 2026

Set parameter LogFile to value "/mnt/beegfs/users/celinep/ChargeAndBreak/logs/oracle_RshortCmanyTnone_14__nosplit_gurobi.log"
Gurobi Optimizer version 9.5.2 build v9.5.2rc0 (linux64)
Thread count: 16 physical cores, 32 logical processors, using up to 32 threads
Optimize a model with 2446 rows, 1197 columns and 13969 nonzeros
Model fingerprint: 0x3e84e094
Variable types: 814 continuous, 383 integer (383 binary)
Coefficient statistics:
  Matrix range     [6e-02, 5e+02]
  Objective range  [5e-01, 1e+00]
  Bounds range     [1e+00, 2e+01]
  RHS range        [9e-02, 2e+07]

User MIP start produced solution with objective 37.0359 (0.01s)
Loaded user MIP start with objective 37.0359

Presolve removed 1193 rows and 415 columns
Presolve time: 0.16s
Presolved: 1253 rows, 782 columns, 7867 nonzeros
Variable types: 558 continuous, 224 integer (222 binary)
Root relaxation presolve removed 28 rows and 22 columns
Root relaxation presolved: 1225 rows, 760 columns, 7532 nonzeros


Root relaxation: objective 3.523164e+01, 923 iterations, 0.11 seconds (0.04 work units)

    Nodes    |    Current Node    |     Objective Bounds      |     Work
 Expl Unexpl |  Obj  Depth IntInf | Incumbent    BestBd   Gap | It/Node Time

     0     0   35.23164    0   36   37.03592   35.23164  4.87%     -    0s
H    0     0                      36.9716692   35.23164  4.71%     -    0s
H    0     0                      36.7621146   35.23164  4.16%     -    0s
H    0     0                      36.3194328   35.23164  3.00%     -    0s
H    0     0                      36.2795827   35.59750  1.88%     -    0s
     0     0   35.59750    0   34   36.27958   35.59750  1.88%     -    0s
H    0     0                      35.8317568   35.59750  0.65%     -    0s

Cutting planes:
  Gomory: 13
  Lift-and-project: 24
  Cover: 6
  Implied bound: 15
  MIR: 41
  Flow cover: 80
  RLT: 13
  Relax-and-lift: 1

Explored 1 nodes (1092 simplex iterations) in 0.95 seconds (0.17 work units)
Thread count was 32 (of 32 available processors)

Solution count 6: 35.8318 36.2796 36.3194 ... 37.0359

Optimal solution found (tolerance 5.00e-03)
Best objective 3.583175679354e+01, best bound 3.577081900587e+01, gap 0.1701%
