
Gurobi 9.5.2 (linux64) logging started Tue Aug 11 21:09:42 2026

Set parameter LogFile to value "/mnt/beegfs/users/celinep/ChargeAndBreak/logs/oracle_RmediumCmanyTtight_15__diesel_gurobi.log"
Gurobi Optimizer version 9.5.2 build v9.5.2rc0 (linux64)
Thread count: 16 physical cores, 32 logical processors, using up to 32 threads
Optimize a model with 5625 rows, 2988 columns and 66427 nonzeros
Model fingerprint: 0xe7349be1
Variable types: 1882 continuous, 1106 integer (1106 binary)
Coefficient statistics:
  Matrix range     [2e-01, 1e+03]
  Objective range  [5e-01, 1e+00]
  Bounds range     [1e+00, 4e+01]
  RHS range        [7e-03, 5e+02]

User MIP start did not produce a new incumbent solution

Presolve removed 2683 rows and 1048 columns
Presolve time: 0.68s
Presolved: 2942 rows, 1940 columns, 53913 nonzeros
Variable types: 1121 continuous, 819 integer (819 binary)
Root relaxation presolve removed 91 rows and 0 columns
Root relaxation presolved: 2851 rows, 1940 columns, 30836 nonzeros


Root relaxation: objective 6.486008e+01, 2110 iterations, 0.57 seconds (0.28 work units)
Another try with MIP start

    Nodes    |    Current Node    |     Objective Bounds      |     Work
 Expl Unexpl |  Obj  Depth IntInf | Incumbent    BestBd   Gap | It/Node Time

     0     0   64.86008    0  142          -   64.86008      -     -    2s
H    0     0                     104.1750057   64.86008  37.7%     -    2s
     0     0   67.23265    0  109  104.17501   67.23265  35.5%     -    3s
     0     0   67.35515    0  126  104.17501   67.35515  35.3%     -    3s
     0     0   67.35515    0  128  104.17501   67.35515  35.3%     -    3s
     0     0   67.38939    0  144  104.17501   67.38939  35.3%     -    3s
     0     0   67.39058    0  132  104.17501   67.39058  35.3%     -    4s
     0     0   67.39058    0  132  104.17501   67.39058  35.3%     -    4s
H    0     0                      90.1995510   67.48661  25.2%     -    5s
     0     0   67.48661    0  154   90.19955   67.48661  25.2%     -    5s
H    0     0                      80.2518929   67.48661  15.9%     -    5s
     0     0   67.48738    0  144   80.25189   67.48738  15.9%     -    5s
     0     0   67.72558    0  172   80.25189   67.72558  15.6%     -    7s
     0     0   67.73785    0  170   80.25189   67.73785  15.6%     -    7s
     0     0   67.73809    0  169   80.25189   67.73809  15.6%     -    7s
H    0     0                      78.6504773   67.73809  13.9%     -    8s
     0     0   67.75726    0  180   78.65048   67.75726  13.9%     -    9s
     0     0   67.75726    0  182   78.65048   67.75726  13.9%     -    9s
     0     0   67.76944    0  150   78.65048   67.76944  13.8%     -   10s
     0     0   67.77092    0  165   78.65048   67.77092  13.8%     -   10s
     0     0   67.77100    0  172   78.65048   67.77100  13.8%     -   11s
     0     0   67.78412    0  132   78.65048   67.78412  13.8%     -   12s
     0     0   67.78523    0  140   78.65048   67.78523  13.8%     -   12s
     0     0   67.78550    0  145   78.65048   67.78550  13.8%     -   12s
     0     0   67.78740    0  154   78.65048   67.78740  13.8%     -   14s
     0     0   67.79005    0  134   78.65048   67.79005  13.8%     -   14s
     0     0   67.79036    0  139   78.65048   67.79036  13.8%     -   14s
     0     0   67.79244    0  143   78.65048   67.79244  13.8%     -   15s
     0     0   67.79549    0  138   78.65048   67.79549  13.8%     -   17s
H    0     0                      78.4004773   67.79549  13.5%     -   17s
     0     2   67.79549    0  134   78.40048   67.79549  13.5%     -   18s
     3     8   67.79549    2  137   78.40048   67.79549  13.5%   303   20s
H   79    96                      77.4004773   67.82174  12.4%   227   25s
   136   150   67.83532   11  192   77.40048   67.83532  12.4%   199   32s
H  137   150                      76.7338107   67.83544  11.6%   198   32s
   184   182   67.85528   14  175   76.73381   67.85528  11.6%   199   40s
H  191   182                      76.4838107   67.85529  11.3%   197   40s
   336   312   69.80842   20  111   76.48381   67.93798  11.2%   205   46s
   580   553   68.05966   27  171   76.48381   68.05966  11.0%   208   50s
  1152   924   68.80810   44   89   76.48381   68.80810  10.0%   164   55s
  2250  1800   69.07701   34  138   76.48381   68.85860  10.0%   113   69s
  2252  1801   69.07975   21  125   76.48381   68.85860  10.0%   113   72s
  2254  1803   71.19290   39  111   76.48381   68.85860  10.0%   113   75s
  2258  1805   73.47953   41  143   76.48381   68.85860  10.0%   113   80s
  2261  1807   73.47953   58  196   76.48381   68.85860  10.0%   113   85s
  2262  1808   68.92366   34  145   76.48381   68.85860  10.0%   113   90s
  2265  1813   68.85860   16  146   76.48381   68.85860  10.0%   116   96s
  2271  1815   68.85860   18  127   76.48381   68.85860  10.0%   117  101s
  2284  1817   68.85860   20  135   76.48381   68.85860  10.0%   119  105s
  2341  1851   69.06077   24  146   76.48381   69.04621  9.72%   128  110s
  2381  1880   71.98381   26   55   76.48381   69.19965  9.52%   133  115s
H 2411  1796                      71.9250057   69.23037  3.75%   136  118s
H 2412  1710                      70.9992269   69.23037  2.49%   136  118s
H 2465  1549                      70.4992269   69.28412  1.72%   137  123s
  2499  1496     cutoff   37        70.49923   69.29001  1.72%   139  127s

Cutting planes:
  Gomory: 43
  Lift-and-project: 2
  Cover: 31
  Implied bound: 82
  MIR: 161
  StrongCG: 2
  Flow cover: 300
  GUB cover: 1
  Zero half: 8
  Mod-K: 6
  Network: 2
  RLT: 20
  Relax-and-lift: 33

Explored 2553 nodes (361712 simplex iterations) in 129.22 seconds (60.64 work units)
Thread count was 32 (of 32 available processors)

Solution count 10: 70.4992 70.9992 71.925 ... 90.1996

Optimal solution found (tolerance 5.00e-03)
Best objective 7.049922687349e+01, best bound 7.040124504218e+01, gap 0.1390%
