
Gurobi 9.5.2 (linux64) logging started Sun Aug 16 00:03:54 2026

Set parameter LogFile to value "/mnt/beegfs/users/celinep/ChargeAndBreak/logs/oracle_RmediumCmanyTtight_23__kw1000_gurobi.log"
Gurobi Optimizer version 9.5.2 build v9.5.2rc0 (linux64)
Thread count: 16 physical cores, 32 logical processors, using up to 32 threads
Optimize a model with 4266 rows, 2242 columns and 41139 nonzeros
Model fingerprint: 0x35bf578c
Variable types: 1413 continuous, 829 integer (829 binary)
Coefficient statistics:
  Matrix range     [2e-02, 9e+02]
  Objective range  [5e-01, 1e+00]
  Bounds range     [1e+00, 3e+01]
  RHS range        [2e-02, 5e+02]

User MIP start did not produce a new incumbent solution

Presolve removed 1527 rows and 503 columns
Presolve time: 0.45s
Presolved: 2739 rows, 1739 columns, 22232 nonzeros
Variable types: 1044 continuous, 695 integer (695 binary)
Found heuristic solution: objective 895.2417290
Root relaxation presolve removed 46 rows and 44 columns
Root relaxation presolved: 2693 rows, 1695 columns, 21738 nonzeros


Root relaxation: objective 5.507236e+01, 2349 iterations, 0.35 seconds (0.16 work units)
Another try with MIP start

    Nodes    |    Current Node    |     Objective Bounds      |     Work
 Expl Unexpl |  Obj  Depth IntInf | Incumbent    BestBd   Gap | It/Node Time

H    0     0                      59.7770952   55.07236  7.87%     -    2s
     0     0   55.07236    0  149   59.77710   55.07236  7.87%     -    2s
     0     0   55.65013    0  176   59.77710   55.65013  6.90%     -    3s
     0     0   55.68136    0  198   59.77710   55.68136  6.85%     -    3s
     0     0   55.70215    0  199   59.77710   55.70215  6.82%     -    3s
     0     0   55.70374    0  186   59.77710   55.70374  6.81%     -    3s
     0     0   55.70381    0  186   59.77710   55.70381  6.81%     -    3s
     0     0   55.77546    0  153   59.77710   55.77546  6.69%     -    3s
     0     0   55.78109    0  144   59.77710   55.78109  6.68%     -    3s
     0     0   55.78546    0  155   59.77710   55.78546  6.68%     -    3s
     0     0   55.78571    0  156   59.77710   55.78571  6.68%     -    3s
     0     0   55.83607    0  137   59.77710   55.83607  6.59%     -    4s
     0     0   55.84708    0  130   59.77710   55.84708  6.57%     -    4s
     0     0   55.85188    0  142   59.77710   55.85188  6.57%     -    4s
     0     0   55.85207    0  137   59.77710   55.85207  6.57%     -    4s
     0     0   55.86028    0  157   59.77710   55.86028  6.55%     -    4s
     0     0   55.86149    0  155   59.77710   55.86149  6.55%     -    5s
     0     0   55.86216    0  158   59.77710   55.86216  6.55%     -    5s
     0     0   55.86235    0  158   59.77710   55.86235  6.55%     -    5s
     0     0   55.91242    0  202   59.77710   55.91242  6.47%     -    5s
     0     0   55.92639    0  184   59.77710   55.92639  6.44%     -    6s
     0     0   55.92986    0  223   59.77710   55.92986  6.44%     -    6s
     0     0   55.93014    0  226   59.77710   55.93014  6.44%     -    6s
     0     0   55.96907    0  181   59.77710   55.96907  6.37%     -    6s
     0     0   55.97646    0  169   59.77710   55.97646  6.36%     -    7s
     0     0   55.97791    0  181   59.77710   55.97791  6.36%     -    7s
     0     0   55.97856    0  161   59.77710   55.97856  6.35%     -    7s
     0     0   55.97864    0  167   59.77710   55.97864  6.35%     -    7s
     0     0   56.02373    0  153   59.77710   56.02373  6.28%     -    8s
H    0     0                      59.0008084   56.02373  5.05%     -    8s
     0     0   56.03418    0  151   59.00081   56.03418  5.03%     -    8s
     0     0   56.03715    0  205   59.00081   56.03715  5.02%     -    8s
     0     0   56.03785    0  220   59.00081   56.03785  5.02%     -    8s
     0     0   56.03788    0  220   59.00081   56.03788  5.02%     -    8s
     0     0   56.05059    0  206   59.00081   56.05059  5.00%     -    8s
     0     0   56.05232    0  181   59.00081   56.05232  5.00%     -    8s
     0     0   56.05250    0  225   59.00081   56.05250  5.00%     -    8s
     0     0   56.06692    0  159   59.00081   56.06692  4.97%     -    9s
     0     0   56.07108    0  158   59.00081   56.07108  4.97%     -    9s
     0     0   56.07149    0  174   59.00081   56.07149  4.96%     -    9s
     0     0   56.07153    0  175   59.00081   56.07153  4.96%     -    9s
     0     0   56.07573    0  176   59.00081   56.07573  4.96%     -   10s
     0     0   56.07623    0  178   59.00081   56.07623  4.96%     -   10s
     0     0   56.07631    0  176   59.00081   56.07631  4.96%     -   10s
     0     0   56.08794    0  155   59.00081   56.08794  4.94%     -   11s
     0     0   56.09220    0  143   59.00081   56.09220  4.93%     -   11s
     0     0   56.09422    0  159   59.00081   56.09422  4.93%     -   11s
     0     0   56.09422    0  173   59.00081   56.09422  4.93%     -   11s
     0     0   56.09585    0  166   59.00081   56.09585  4.92%     -   12s
     0     0   56.09625    0  172   59.00081   56.09625  4.92%     -   12s
     0     0   56.10912    0  147   59.00081   56.10912  4.90%     -   12s
     0     0   56.11573    0  181   59.00081   56.11573  4.89%     -   13s
     0     0   56.11691    0  152   59.00081   56.11691  4.89%     -   13s
     0     0   56.11716    0  156   59.00081   56.11716  4.89%     -   13s
     0     0   56.12533    0  179   59.00081   56.12533  4.87%     -   13s
     0     0   56.12661    0  193   59.00081   56.12661  4.87%     -   13s
     0     0   56.12675    0  190   59.00081   56.12675  4.87%     -   13s
     0     0   56.14942    0  212   59.00081   56.14942  4.83%     -   14s
H    0     0                      57.8522793   56.14942  2.94%     -   14s
     0     0   56.15481    0  213   57.85228   56.15481  2.93%     -   14s
     0     0   56.15636    0  232   57.85228   56.15636  2.93%     -   14s
     0     0   56.15711    0  234   57.85228   56.15711  2.93%     -   14s
     0     0   56.15726    0  221   57.85228   56.15726  2.93%     -   14s
     0     0   56.17536    0  212   57.85228   56.17536  2.90%     -   15s
     0     0   56.18080    0  192   57.85228   56.18080  2.89%     -   15s
     0     0   56.18316    0  228   57.85228   56.18316  2.89%     -   15s
     0     0   56.18376    0  225   57.85228   56.18376  2.88%     -   15s
     0     0   56.18384    0  227   57.85228   56.18384  2.88%     -   15s
     0     0   56.19077    0  233   57.85228   56.19077  2.87%     -   16s
     0     0   56.19122    0  185   57.85228   56.19122  2.87%     -   16s
     0     0   56.20337    0  231   57.85228   56.20337  2.85%     -   17s
     0     0   56.20961    0  211   57.85228   56.20961  2.84%     -   17s
     0     0   56.21176    0  206   57.85228   56.21176  2.84%     -   17s
     0     0   56.21331    0  234   57.85228   56.21331  2.83%     -   17s
     0     0   56.21371    0  227   57.85228   56.21371  2.83%     -   17s
     0     0   56.22201    0  217   57.85228   56.22201  2.82%     -   18s
     0     0   56.22821    0  218   57.85228   56.22821  2.81%     -   18s
     0     0   56.22921    0  211   57.85228   56.22921  2.81%     -   18s
     0     0   56.22950    0  223   57.85228   56.22950  2.81%     -   18s
     0     0   56.23955    0  204   57.85228   56.23955  2.79%     -   18s
     0     0   56.24047    0  215   57.85228   56.24047  2.79%     -   19s
     0     0   56.24064    0  220   57.85228   56.24064  2.79%     -   19s
     0     0   56.24167    0  209   57.85228   56.24167  2.78%     -   19s
     0     0   56.24167    0  209   57.85228   56.24167  2.78%     -   19s
H    0     0                      57.1815508   56.24167  1.64%     -   19s
     0     0   56.24167    0  140   57.18155   56.24167  1.64%     -   20s
     0     0   56.24167    0  151   57.18155   56.24167  1.64%     -   21s
     0     0   56.24167    0  186   57.18155   56.24167  1.64%     -   21s
     0     0   56.24167    0  202   57.18155   56.24167  1.64%     -   21s
     0     0   56.24167    0  203   57.18155   56.24167  1.64%     -   21s
     0     0   56.24167    0  199   57.18155   56.24167  1.64%     -   21s
     0     0   56.24167    0  207   57.18155   56.24167  1.64%     -   21s
     0     0   56.24188    0  208   57.18155   56.24188  1.64%     -   21s
     0     0   56.25874    0  202   57.18155   56.25874  1.61%     -   22s
     0     0   56.26203    0  203   57.18155   56.26203  1.61%     -   22s
     0     0   56.26285    0  209   57.18155   56.26285  1.61%     -   22s
H    0     0                      56.9904734   56.26285  1.28%     -   23s
     0     0   56.27412    0  201   56.99047   56.27412  1.26%     -   23s
     0     0   56.27555    0  197   56.99047   56.27555  1.25%     -   23s
     0     0   56.27570    0  207   56.99047   56.27570  1.25%     -   23s
     0     0   56.28344    0  192   56.99047   56.28344  1.24%     -   23s
     0     0   56.28970    0  195   56.99047   56.28970  1.23%     -   23s
     0     0   56.29060    0  199   56.99047   56.29060  1.23%     -   23s
     0     0   56.29065    0  205   56.99047   56.29065  1.23%     -   23s
     0     0   56.29670    0  214   56.99047   56.29670  1.22%     -   24s
     0     0   56.29951    0  212   56.99047   56.29951  1.21%     -   24s
     0     0   56.30010    0  212   56.99047   56.30010  1.21%     -   24s
     0     0   56.31564    0  197   56.99047   56.31564  1.18%     -   25s
     0     0   56.32333    0  202   56.99047   56.32333  1.17%     -   25s
     0     0   56.32365    0  202   56.99047   56.32365  1.17%     -   25s
     0     0   56.33616    0  219   56.99047   56.33616  1.15%     -   26s
     0     0   56.33736    0  215   56.99047   56.33736  1.15%     -   27s
     0     0   56.33748    0  217   56.99047   56.33748  1.15%     -   27s
H    0     0                      56.9904719   56.33748  1.15%     -   27s
     0     0   56.34438    0  203   56.99047   56.34438  1.13%     -   27s
     0     0   56.34486    0  213   56.99047   56.34486  1.13%     -   27s
H    0     0                      56.8211872   56.34486  0.84%     -   28s
     0     0   56.34940    0  186   56.82119   56.34940  0.83%     -   28s
     0     0   56.34940    0  180   56.82119   56.34940  0.83%     -   28s
H    0     0                      56.7378538   56.34940  0.68%     -   28s
     0     0   56.36039    0  143   56.73785   56.36039  0.67%     -   29s
     0     0   56.36039    0  120   56.73785   56.36039  0.67%     -   29s
     0     0   56.36039    0  157   56.73785   56.36039  0.67%     -   30s
     0     0   56.36039    0  169   56.73785   56.36039  0.67%     -   30s
     0     0   56.36039    0  170   56.73785   56.36039  0.67%     -   30s
     0     0   56.36039    0  163   56.73785   56.36039  0.67%     -   30s
     0     0   56.36039    0  160   56.73785   56.36039  0.67%     -   30s
     0     0   56.36039    0  157   56.73785   56.36039  0.67%     -   30s
     0     0   56.36039    0  165   56.73785   56.36039  0.67%     -   30s
     0     0   56.36039    0  160   56.73785   56.36039  0.67%     -   30s
     0     0   56.36348    0  192   56.73785   56.36348  0.66%     -   31s
     0     0   56.36656    0  202   56.73785   56.36656  0.65%     -   31s
     0     0   56.36697    0  192   56.73785   56.36697  0.65%     -   31s
     0     0   56.37524    0  197   56.73785   56.37524  0.64%     -   32s
     0     0   56.37627    0  182   56.73785   56.37627  0.64%     -   32s
     0     0   56.37631    0  200   56.73785   56.37631  0.64%     -   32s
     0     0   56.37952    0  186   56.73785   56.37952  0.63%     -   33s
     0     0   56.38136    0  198   56.73785   56.38136  0.63%     -   33s
     0     0   56.38141    0  199   56.73785   56.38141  0.63%     -   33s
     0     0   56.38306    0  194   56.73785   56.38306  0.63%     -   34s
     0     0   56.38346    0  164   56.73785   56.38346  0.62%     -   34s
     0     0   56.38346    0  161   56.73785   56.38346  0.62%     -   34s
     0     0   56.40184    0  128   56.73785   56.40184  0.59%     -   35s
     0     0   56.40184    0  132   56.73785   56.40184  0.59%     -   35s
     0     0   56.40184    0  109   56.73785   56.40184  0.59%     -   36s
     0     0   56.40184    0  110   56.73785   56.40184  0.59%     -   36s
     0     0   56.40184    0  167   56.73785   56.40184  0.59%     -   36s
     0     0   56.40184    0  132   56.73785   56.40184  0.59%     -   36s
     0     0   56.40184    0  150   56.73785   56.40184  0.59%     -   36s
     0     0   56.40184    0  162   56.73785   56.40184  0.59%     -   36s
     0     0   56.40184    0  162   56.73785   56.40184  0.59%     -   36s
     0     0   56.40184    0  137   56.73785   56.40184  0.59%     -   36s
     0     0   56.40184    0  137   56.73785   56.40184  0.59%     -   37s
     0     0   56.40184    0  137   56.73785   56.40184  0.59%     -   37s
     0     0   56.40184    0  138   56.73785   56.40184  0.59%     -   37s
     0     0   56.40184    0  135   56.73785   56.40184  0.59%     -   38s
     0     0   56.40184    0  133   56.73785   56.40184  0.59%     -   38s
     0     2   56.40312    0  133   56.73785   56.40312  0.59%     -   38s

Cutting planes:
  Learned: 1
  Gomory: 8
  Lift-and-project: 19
  Cover: 9
  Implied bound: 16
  MIR: 88
  StrongCG: 1
  Flow cover: 189
  GUB cover: 1
  Zero half: 6
  RLT: 11
  Relax-and-lift: 14

Explored 12 nodes (24252 simplex iterations) in 39.47 seconds (14.39 work units)
Thread count was 32 (of 32 available processors)

Solution count 10: 56.7379 56.7379 56.7379 ... 59.7771

Optimal solution found (tolerance 5.00e-03)
Best objective 5.673785384282e+01, best bound 5.645524812772e+01, gap 0.4981%
