
Gurobi 9.5.2 (linux64) logging started Tue Aug 11 21:14:09 2026

Set parameter LogFile to value "/mnt/beegfs/users/celinep/ChargeAndBreak/logs/oracle_RshortCfewTnone_18__diesel_gurobi.log"
Gurobi Optimizer version 9.5.2 build v9.5.2rc0 (linux64)
Thread count: 16 physical cores, 32 logical processors, using up to 32 threads
Optimize a model with 2782 rows, 1486 columns and 19725 nonzeros
Model fingerprint: 0xd6c4e150
Variable types: 943 continuous, 543 integer (543 binary)
Coefficient statistics:
  Matrix range     [2e-01, 6e+02]
  Objective range  [5e-01, 1e+00]
  Bounds range     [1e+00, 2e+01]
  RHS range        [2e-01, 2e+07]

User MIP start produced solution with objective 34.0066 (0.01s)
Loaded user MIP start with objective 34.0066

Presolve removed 1423 rows and 573 columns
Presolve time: 0.31s
Presolved: 1359 rows, 913 columns, 10460 nonzeros
Variable types: 544 continuous, 369 integer (367 binary)
Root relaxation presolve removed 33 rows and 2 columns
Root relaxation presolved: 1326 rows, 911 columns, 8339 nonzeros


Root relaxation: objective 3.367330e+01, 760 iterations, 0.10 seconds (0.03 work units)

    Nodes    |    Current Node    |     Objective Bounds      |     Work
 Expl Unexpl |  Obj  Depth IntInf | Incumbent    BestBd   Gap | It/Node Time

     0     0   33.67330    0    3   34.00663   33.67330  0.98%     -    0s
     0     0   33.67330    0    4   34.00663   33.67330  0.98%     -    0s
H    0     0                      33.8399643   33.67330  0.49%     -    0s

Cutting planes:
  Gomory: 3
  Implied bound: 1
  Flow cover: 1

Explored 1 nodes (833 simplex iterations) in 0.69 seconds (0.15 work units)
Thread count was 32 (of 32 available processors)

Solution count 2: 33.84 34.0066 

Optimal solution found (tolerance 5.00e-03)
Best objective 3.383996433333e+01, best bound 3.367329766667e+01, gap 0.4925%
