
Gurobi 9.5.2 (linux64) logging started Thu Aug 13 02:34:55 2026

Set parameter LogFile to value "/mnt/beegfs/users/celinep/ChargeAndBreak/logs/oracle_RlongCfewTtight_13__kw1000_gurobi.log"
Gurobi Optimizer version 9.5.2 build v9.5.2rc0 (linux64)
Thread count: 16 physical cores, 32 logical processors, using up to 32 threads
Optimize a model with 8256 rows, 4350 columns and 134627 nonzeros
Model fingerprint: 0xc974cbf5
Variable types: 2746 continuous, 1604 integer (1604 binary)
Coefficient statistics:
  Matrix range     [2e-02, 2e+03]
  Objective range  [5e-01, 1e+00]
  Bounds range     [1e+00, 5e+01]
  RHS range        [3e-02, 5e+02]

User MIP start did not produce a new incumbent solution

Presolve removed 2575 rows and 824 columns
Presolve time: 3.21s
Presolved: 5681 rows, 3526 columns, 122168 nonzeros
Variable types: 2107 continuous, 1419 integer (1419 binary)
Found heuristic solution: objective 1760.9805401
Root relaxation presolve removed 154 rows and 97 columns
Root relaxation presolved: 5527 rows, 3429 columns, 94027 nonzeros


Root simplex log...

Iteration    Objective       Primal Inf.    Dual Inf.      Time
       0    5.0379222e+01   1.438565e+04   0.000000e+00      5s
    5528    9.3544819e+01   0.000000e+00   0.000000e+00      7s
    5528    9.3544819e+01   0.000000e+00   0.000000e+00      7s

Root relaxation: objective 9.354482e+01, 5528 iterations, 2.39 seconds (1.07 work units)
Another try with MIP start

    Nodes    |    Current Node    |     Objective Bounds      |     Work
 Expl Unexpl |  Obj  Depth IntInf | Incumbent    BestBd   Gap | It/Node Time

H    0     0                     100.6154356   93.54482  7.03%     -   13s
     0     0   93.54482    0  322  100.61544   93.54482  7.03%     -   13s
     0     0   94.51730    0  420  100.61544   94.51730  6.06%     -   17s
     0     0   94.55647    0  406  100.61544   94.55647  6.02%     -   18s
     0     0   94.56142    0  413  100.61544   94.56142  6.02%     -   18s
     0     0   94.56276    0  417  100.61544   94.56276  6.02%     -   18s
     0     0   94.56276    0  417  100.61544   94.56276  6.02%     -   18s
     0     0   94.85909    0  407  100.61544   94.85909  5.72%     -   20s
     0     0   94.89625    0  418  100.61544   94.89625  5.68%     -   21s
     0     0   94.89864    0  451  100.61544   94.89864  5.68%     -   21s
     0     0   94.89925    0  455  100.61544   94.89925  5.68%     -   21s
     0     0   94.89931    0  456  100.61544   94.89931  5.68%     -   21s
     0     0   95.08982    0  398  100.61544   95.08982  5.49%     -   24s
     0     0   95.11068    0  489  100.61544   95.11068  5.47%     -   25s
     0     0   95.11572    0  490  100.61544   95.11572  5.47%     -   25s
     0     0   95.11759    0  488  100.61544   95.11759  5.46%     -   25s
     0     0   95.11762    0  489  100.61544   95.11762  5.46%     -   25s
     0     0   95.19892    0  477  100.61544   95.19892  5.38%     -   28s
     0     0   95.21067    0  515  100.61544   95.21067  5.37%     -   29s
     0     0   95.21100    0  512  100.61544   95.21100  5.37%     -   29s
     0     0   95.26033    0  471  100.61544   95.26033  5.32%     -   31s
     0     0   95.27664    0  512  100.61544   95.27664  5.31%     -   33s
     0     0   95.28086    0  531  100.61544   95.28086  5.30%     -   33s
     0     0   95.28130    0  545  100.61544   95.28130  5.30%     -   33s
     0     0   95.28149    0  517  100.61544   95.28149  5.30%     -   33s
     0     0   95.34994    0  458  100.61544   95.34994  5.23%     -   38s
     0     0   95.37405    0  429  100.61544   95.37405  5.21%     -   39s
     0     0   95.38582    0  476  100.61544   95.38582  5.20%     -   39s
     0     0   95.38890    0  483  100.61544   95.38890  5.19%     -   40s
     0     0   95.38907    0  488  100.61544   95.38907  5.19%     -   40s
     0     0   95.46202    0  480  100.61544   95.46202  5.12%     -   44s
     0     0   95.47502    0  481  100.61544   95.47502  5.11%     -   44s
     0     0   95.47826    0  493  100.61544   95.47826  5.11%     -   45s
     0     0   95.47939    0  484  100.61544   95.47939  5.10%     -   45s
     0     0   95.47975    0  481  100.61544   95.47975  5.10%     -   45s
     0     0   95.49515    0  458  100.61544   95.49515  5.09%     -   47s
     0     0   95.50196    0  482  100.61544   95.50196  5.08%     -   48s
     0     0   95.50318    0  480  100.61544   95.50318  5.08%     -   49s
     0     0   95.50358    0  503  100.61544   95.50358  5.08%     -   49s
     0     0   95.51744    0  459  100.61544   95.51744  5.07%     -   51s
     0     0   95.52502    0  474  100.61544   95.52502  5.06%     -   52s
     0     0   95.52678    0  476  100.61544   95.52678  5.06%     -   52s
     0     0   95.52724    0  472  100.61544   95.52724  5.06%     -   52s
     0     0   95.55811    0  446  100.61544   95.55811  5.03%     -   56s
     0     0   95.56531    0  462  100.61544   95.56531  5.02%     -   57s
     0     0   95.56540    0  433  100.61544   95.56540  5.02%     -   57s
     0     0   95.57559    0  425  100.61544   95.57559  5.01%     -   60s
     0     0   95.57730    0  401  100.61544   95.57730  5.01%     -   60s
     0     0   95.57806    0  402  100.61544   95.57806  5.01%     -   61s
     0     0   95.57817    0  433  100.61544   95.57817  5.01%     -   61s
     0     0   95.58647    0  438  100.61544   95.58647  5.00%     -   62s
     0     0   95.58979    0  422  100.61544   95.58979  4.99%     -   63s
     0     0   95.59019    0  417  100.61544   95.59019  4.99%     -   63s
     0     0   95.59276    0  412  100.61544   95.59276  4.99%     -   66s
     0     0   95.59303    0  408  100.61544   95.59303  4.99%     -   66s
     0     0   95.60422    0  437  100.61544   95.60422  4.98%     -   70s
     0     0   95.61012    0  424  100.61544   95.61012  4.97%     -   71s
     0     0   95.61241    0  435  100.61544   95.61241  4.97%     -   71s
     0     0   95.61243    0  434  100.61544   95.61243  4.97%     -   71s
     0     0   95.64563    0  427  100.61544   95.64563  4.94%     -   74s
     0     0   95.64850    0  450  100.61544   95.64850  4.94%     -   75s
     0     0   95.64866    0  448  100.61544   95.64866  4.94%     -   75s
     0     0   95.65502    0  454  100.61544   95.65502  4.93%     -   78s
     0     0   95.65704    0  456  100.61544   95.65704  4.93%     -   79s
     0     0   95.65810    0  464  100.61544   95.65810  4.93%     -   79s
     0     0   95.65824    0  470  100.61544   95.65824  4.93%     -   79s
     0     0   95.66833    0  480  100.61544   95.66833  4.92%     -   83s
     0     0   95.67907    0  501  100.61544   95.67907  4.91%     -   85s
     0     0   95.68100    0  482  100.61544   95.68100  4.90%     -   85s
     0     0   95.68142    0  499  100.61544   95.68142  4.90%     -   85s
     0     0   95.68817    0  489  100.61544   95.68817  4.90%     -   88s
     0     0   95.69012    0  497  100.61544   95.69012  4.90%     -   89s
     0     0   95.69063    0  506  100.61544   95.69063  4.89%     -   89s
     0     0   95.69981    0  479  100.61544   95.69981  4.89%     -   92s
     0     0   95.70316    0  502  100.61544   95.70316  4.88%     -   92s
     0     0   95.70452    0  510  100.61544   95.70452  4.88%     -   92s
     0     0   95.70459    0  520  100.61544   95.70459  4.88%     -   93s
     0     0   95.71336    0  515  100.61544   95.71336  4.87%     -   95s
     0     0   95.71620    0  490  100.61544   95.71620  4.87%     -   96s
     0     0   95.71721    0  483  100.61544   95.71721  4.87%     -   96s
     0     0   95.71813    0  470  100.61544   95.71813  4.87%     -   96s
     0     0   95.71821    0  498  100.61544   95.71821  4.87%     -   96s
     0     0   95.72063    0  514  100.61544   95.72063  4.86%     -   99s
     0     0   95.72063    0  415  100.61544   95.72063  4.86%     -  101s
     0     2   95.72063    0  405  100.61544   95.72063  4.86%     -  103s
     7    16   95.75388    3  491  100.61544   95.74541  4.84%   502  106s
    31    46   95.78444    5  542  100.61544   95.75742  4.83%   540  111s
    63    72   96.06527    7  421  100.61544   95.78836  4.80%   621  119s
    79    82   95.81727    8  536  100.61544   95.80216  4.78%   624  123s
H   81    82                     100.3424650   95.80362  4.52%   614  123s
    95    98   95.82625    9  444  100.34247   95.80500  4.52%   610  125s
   128   124   95.82925   11  474  100.34247   95.80803  4.52%   646  131s
H  135   124                     100.0924650   95.81947  4.27%   647  131s
   167   149   95.89253   13  519  100.09247   95.87078  4.22%   660  136s
H  188   163                      99.9688471   95.87394  4.10%   660  140s
H  193   163                      99.9688471   95.87396  4.10%   656  140s
   225   198   95.88625   16  545   99.96885   95.88397  4.09%   635  145s
   251   212   95.92724   17  527   99.96885   95.88652  4.08%   629  151s
H  252   212                      99.8855138   95.88652  4.00%   626  151s
H  256   212                      99.4426171   95.88756  3.57%   626  151s
   287   249   95.89553   21  539   99.44262   95.88802  3.57%   628  156s
H  334   258                      99.4426157   95.90079  3.56%   596  159s
   347   299   95.90248   24  534   99.44262   95.90082  3.56%   589  161s
   436   359   95.97952   30  524   99.44262   95.90737  3.56%   550  165s
   584   466 infeasible   12        99.44262   95.92712  3.54%   506  172s
   667   498   95.97543   24  309   99.44262   95.92859  3.53%   488  175s
   779   571   95.97469   36  492   99.44262   95.93215  3.53%   469  180s
   876   620   95.93625   45  487   99.44262   95.93625  3.53%   464  189s
   939   666 infeasible   47        99.44262   95.93663  3.53%   457  191s
   997   769   96.01705   41  500   99.44262   95.94879  3.51%   452  197s
  1110   882   96.11925   16  411   99.44262   95.95008  3.51%   432  202s
H 1230   882                      99.1595466   95.95201  3.23%   414  202s
  1263   997   96.08771   20  455   99.15955   95.95253  3.23%   410  206s
  1430  1084   96.02870   33  394   99.15955   95.95389  3.23%   391  212s
  1561  1193   95.95561   19  451   99.15955   95.95561  3.23%   385  216s
H 1608  1193                      98.9928800   95.95561  3.07%   379  216s
  1706  1295     cutoff   25        98.99288   95.95561  3.07%   376  221s
  1842  1416   95.95981   16  354   98.99288   95.95981  3.06%   369  225s
  2012  1507     cutoff   17        98.99288   95.95999  3.06%   360  230s
  2156  1508   96.41011   25  415   98.99288   95.96377  3.06%   354  252s
  2158  1509   95.97040   37  135   98.99288   95.96377  3.06%   353  258s
  2159  1510   95.97289   30  137   98.99288   95.96377  3.06%   353  263s
  2160  1511   96.00906   35  433   98.99288   95.96377  3.06%   353  267s
  2162  1512   96.03285   35  378   98.99288   95.96377  3.06%   353  270s
  2167  1515   96.07920   38  405   98.99288   95.96377  3.06%   352  284s
  2168  1516   96.00231   36  404   98.99288   95.96377  3.06%   352  288s
  2169  1517   96.01705   42  400   98.99288   95.96377  3.06%   351  300s
  2172  1519   96.00355   35  461   98.99288   95.96377  3.06%   351  306s
  2173  1519   96.41156   43  413   98.99288   95.96377  3.06%   351  321s
  2177  1522   95.96526   14  493   98.99288   95.96377  3.06%   350  328s
  2178  1523   95.99683   53  459   98.99288   95.96377  3.06%   350  338s
H 2179  1446                      98.9410979   95.96377  3.01%   350  343s
  2181  1448   95.97381   25  461   98.94110   95.97381  3.00%   350  356s
  2184  1450   96.04540   33  501   98.94110   95.98074  2.99%   349  362s
  2185  1450   96.13981   24  424   98.94110   95.99239  2.98%   349  372s
  2188  1452   96.40415   38  461   98.94110   95.99876  2.97%   348  377s
  2189  1453   96.01199   25  416   98.94110   96.01199  2.96%   348  389s
  2190  1454   96.30053   31  438   98.94110   96.01702  2.96%   348  390s
  2192  1455   96.11794   27  495   98.94110   96.01920  2.95%   348  395s
  2193  1456   96.20996   26  423   98.94110   96.03623  2.94%   348  401s
  2196  1458   96.12470   12  523   98.94110   96.04889  2.92%   347  406s
  2197  1458   96.11541    7  487   98.94110   96.06875  2.90%   347  412s
  2199  1460   96.07183   48  490   98.94110   96.07183  2.90%   347  418s
  2200  1460   96.15444   29  459   98.94110   96.08137  2.89%   347  431s
  2202  1462   96.21935   12  472   98.94110   96.08447  2.89%   346  436s
  2203  1462   96.09585   17  442   98.94110   96.08644  2.89%   346  447s
  2204  1463   96.08701   12  536   98.94110   96.08701  2.88%   346  453s
  2205  1464   96.19674   19  495   98.94110   96.08926  2.88%   346  467s
  2206  1464   96.12121   13  466   98.94110   96.08926  2.88%   346  477s
  2207  1465   96.09411   44  466   98.94110   96.09411  2.88%   345  480s
  2208  1469   96.09787   10  418   98.94110   96.09445  2.88%   368  512s
  2210  1472   96.14669   11  489   98.94110   96.11369  2.86%   369  548s
  2214  1479   96.14988   12  463   98.94110   96.14507  2.83%   369  553s
  2222  1491   96.15795   13  468   98.94110   96.15040  2.82%   372  556s
  2238  1502   96.29567   14  399   98.94110   96.15795  2.81%   376  561s
  2270  1522   96.15874   16  501   98.94110   96.15874  2.81%   383  567s
  2286  1531   96.15880   17  486   98.94110   96.15880  2.81%   387  570s
H 2298  1453                      98.6638619   96.15882  2.54%   388  570s
  2323  1483   96.18021   19  416   98.66386   96.15954  2.54%   391  575s
H 2344  1424                      98.6638612   96.17059  2.53%   397  579s
H 2352  1356                      98.6279897   96.17059  2.49%   398  579s
  2361  1372   96.17062   22  488   98.62799   96.17062  2.49%   399  581s
  2404  1393   96.55905   24  382   98.62799   96.19671  2.47%   405  589s
H 2408  1328                      98.0054686   96.21034  1.83%   405  589s
  2420  1351   96.38164   26  378   98.00547   96.21122  1.83%   411  591s
H 2455  1311                      97.9406153   96.22822  1.75%   415  594s
  2479  1327   96.33646   28  467   97.94062   96.22908  1.75%   417  596s
  2528  1360   96.48248   33  449   97.94062   96.24935  1.73%   427  602s
  2554  1366   96.30128   38  507   97.94062   96.26613  1.71%   431  610s
H 2558  1307                      97.6635613   96.26985  1.43%   431  610s
  2620  1354   96.31329   42  493   97.66356   96.27099  1.43%   435  615s
  2675  1398   96.29881   48  523   97.66356   96.29769  1.40%   441  622s
  2709  1424   96.29884   49  515   97.66356   96.29884  1.40%   443  625s
  2804  1498   96.38400   28  496   97.66356   96.31046  1.39%   444  630s
  2856  1497   96.35365   48  476   97.66356   96.31389  1.38%   445  637s
H 2857  1442                      97.6002639   96.31389  1.32%   445  637s
  2872  1481   96.48294   28  450   97.60026   96.31738  1.31%   447  643s
  2920  1506   96.39259   29  479   97.60026   96.31806  1.31%   448  653s
  2963  1506   96.53672   30  446   97.60026   96.32492  1.31%   454  661s
  2979  1537   96.32595   20  471   97.60026   96.32595  1.31%   458  665s
  3073  1609   96.71133   36  432   97.60026   96.33431  1.30%   471  677s
  3137  1638   96.43952   20  474   97.60026   96.33778  1.29%   474  682s
  3189  1760   96.37095   43  506   97.60026   96.34194  1.29%   477  685s
  3336  1773     cutoff   33        97.60026   96.34503  1.29%   470  690s
  3406  1823 infeasible   18        97.60026   96.34561  1.29%   474  698s
  3496  1853   96.57976   20  399   97.60026   96.35294  1.28%   479  706s
  3568  1879   96.50560   51  428   97.60026   96.35395  1.28%   483  713s
  3628  1914   96.35705   38  510   97.60026   96.35705  1.27%   487  718s
  3689  1962   96.39362   39  520   97.60026   96.36352  1.27%   492  725s
  3767  1961   96.54041   22  459   97.60026   96.36618  1.26%   496  737s
  3794  2080   96.74885   20  399   97.60026   96.36778  1.26%   498  751s
  3933  2218   96.38900   21  394   97.60026   96.37273  1.26%   499  757s
  4126  2399   96.44642   21  457   97.60026   96.37498  1.26%   497  765s
  4398  2538   96.63786   22  444   97.60026   96.37697  1.25%   492  775s
H 4544  2437                      97.6002638   96.37953  1.25%   489  775s
  4645  2429   96.63401   45  470   97.60026   96.38133  1.25%   485  782s
  4678  2575   96.54848   33  372   97.60026   96.38306  1.25%   488  790s
  4848  2717 infeasible   20        97.60026   96.38497  1.25%   490  799s
  5076  2899   96.80948   36  406   97.60026   96.39045  1.24%   494  807s
  5342  3028     cutoff   39        97.60026   96.39305  1.24%   493  833s
  5497  3209   96.50531   17  312   97.60026   96.39810  1.23%   495  842s
  5696  3325   96.75287   16  417   97.60026   96.40097  1.23%   494  855s
  5830  3646   96.46932   45  466   97.60026   96.40368  1.23%   498  864s
  6191  3862   96.67363   29  401   97.60026   96.40874  1.22%   494  874s
  6420  4203   96.61242   18  409   97.60026   96.41321  1.22%   498  886s
  6795  4262   96.41481   57  508   97.60026   96.41481  1.21%   498  903s
  6870  4459     cutoff   27        97.60026   96.42089  1.21%   500  914s
  7081  4867   96.48917   37  416   97.60026   96.42258  1.21%   504  925s
H 7197  4866                      97.5373650   96.42344  1.14%   505  925s
  7531  5082   96.67267   61  457   97.53736   96.42538  1.14%   502  946s
  7779  5303   96.49680   37  297   97.53736   96.42967  1.14%   505  957s
  8026  5692   96.58350   28  422   97.53736   96.43385  1.13%   508  972s
  8470  5940   96.61267   33  432   97.53736   96.43911  1.13%   509  993s
  8744  6329   96.83650   28  410   97.53736   96.44298  1.12%   512 1008s
  9178  6630   96.56710   32  473   97.53736   96.44832  1.12%   514 1029s
  9496  6727   96.92638   43  255   97.53736   96.45202  1.11%   519 1047s
  9617  7052   96.64601   34  401   97.53736   96.45507  1.11%   522 1077s
  9979  7505   96.82779   41  320   97.53736   96.45951  1.11%   522 1095s
 10474  7794   96.72091   30  330   97.53736   96.46377  1.10%   526 1113s
 10803  8161     cutoff   33        97.53736   96.47070  1.09%   530 1131s
 11206  8526   96.51606   28  486   97.53736   96.47462  1.09%   533 1150s
 11621  8944 infeasible   29        97.53736   96.47942  1.08%   536 1168s
H12009  8933                      97.4518562   96.48304  0.99%   539 1169s
 12092  9353   96.50335   27  471   97.45186   96.48753  0.99%   539 1189s
 12563  9533   96.71075   63  469   97.45186   96.49385  0.98%   545 1211s
 12784  9917   96.86903   25  379   97.45186   96.49891  0.98%   547 1236s
 13227 10345   96.66403   34  456   97.45186   96.50566  0.97%   550 1264s
 13713 10849   96.71212   22  457   97.45186   96.51156  0.96%   555 1288s
 14272 11523 infeasible   48        97.45186   96.52175  0.95%   558 1315s
 15008 11991     cutoff   16        97.45186   96.52820  0.95%   555 1340s
 15537 12599   97.25418   53  415   97.45186   96.53209  0.94%   558 1366s
 16221 12610     cutoff   33        97.45186   96.54039  0.94%   557 1399s
 16245 13316     cutoff   20        97.45186   96.54307  0.93%   558 1429s
 17053 13965   96.71208   21  330   97.45186   96.54719  0.93%   561 1462s
 17782 14889   96.79212   65  380   97.45186   96.55502  0.92%   565 1490s
 18798 15480   97.08548   36  386   97.45186   96.56119  0.91%   569 1528s
 19493 16037   96.69070   26  472   97.45186   96.56615  0.91%   575 1561s
 20122 16778   96.77984   47  388   97.45186   96.57410  0.90%   582 1597s
 20932 17621   96.67405   22  403   97.45186   96.58081  0.89%   584 1650s
 21947 18309     cutoff   26        97.45186   96.58870  0.89%   587 1689s
 22687 18309   96.62971   20  391   97.45186   96.59113  0.88%   592 1690s
 22782 19150   96.61867   60  406   97.45186   96.59526  0.88%   592 1741s
 23783 20030 infeasible   23        97.45186   96.60357  0.87%   597 1788s
 24800 20841   97.14316   62  340   97.45186   96.61213  0.86%   599 1847s
 25762 21557   96.82559   35  390   97.45186   96.62004  0.85%   604 1932s
H25846 21557                      97.4518562   96.62028  0.85%   604 1932s
 26623 22192   96.96712   36  375   97.45186   96.62501  0.85%   607 2007s
H26960 22192                      97.4518562   96.62595  0.85%   609 2007s
 27326 23491   96.80003   50  297   97.45186   96.62863  0.84%   611 2058s
 28792 24711     cutoff   29        97.45186   96.63787  0.84%   614 2117s
 30247 26143   97.15647   55  386   97.45186   96.64578  0.83%   622 2177s
 31912 27745   96.70621   26  340   97.45186   96.65463  0.82%   624 2246s
 33790 29203     cutoff   38        97.45186   96.66208  0.81%   625 2316s
 35495 30899   97.16393   23  354   97.45186   96.66982  0.80%   627 2391s
 37459 32701 infeasible   40        97.45186   96.67602  0.80%   628 2463s
 39566 34713   96.78222   68  358   97.45186   96.68392  0.79%   627 2545s
 41864 36817   96.87074   65  319   97.45186   96.69133  0.78%   627 2635s
 44347 38347   96.70820   40  431   97.45186   96.69835  0.77%   629 2704s
 46169 40404   96.77317   75  401   97.45186   96.70308  0.77%   638 2792s
 48496 42230   97.19310   44  429   97.45186   96.71075  0.76%   638 2877s
 50700 44095   97.15878   42  376   97.45186   96.71738  0.75%   641 2969s
 52945 46102   96.75138   73  378   97.45186   96.72513  0.75%   641 3065s
 55332 48084 infeasible   49        97.45186   96.73053  0.74%   643 3160s
 57605 50501   96.87570   63  361   97.45186   96.73739  0.73%   644 3258s
 60394 52505   96.84822   35  352   97.45186   96.74159  0.73%   643 3359s
 62802 54698     cutoff  106        97.45186   96.74954  0.72%   643 3443s
 65501 56838   96.79145   43  451   97.45186   96.75442  0.72%   643 3547s
 68039 58738   97.22090   92  335   97.45186   96.75933  0.71%   645 3661s
 70347 61060   96.88206   31  376   97.45186   96.76464  0.71%   647 3786s
 73137 63231   97.14336   85  429   97.45186   96.77041  0.70%   645 3906s
 75769 65231   96.81301   41  269   97.45186   96.77445  0.70%   648 4027s
 78191 67199   97.15812   76  366   97.45186   96.77541  0.69%   651 4138s
 80754 69233   97.35013   49  169   97.45186   96.78272  0.69%   652 4271s
 83362 71200   97.09623   50  440   97.45186   96.78760  0.68%   655 4405s
 85783 73723   96.89872   37  349   97.45186   96.79326  0.68%   658 4554s
 86399 73723   97.11981   48  360   97.45186   96.79339  0.68%   658 4555s
 89007 75809   96.90419   87  390   97.45186   96.79900  0.67%   659 4673s
 91676 77856   96.89828   54  350   97.45186   96.80328  0.67%   661 4813s
 94361 80132   96.92840   42  345   97.45186   96.80780  0.66%   664 4943s
 97114 82324   97.23622   71  306   97.45186   96.81498  0.65%   666 5102s
H98148 82324                      97.4518557   96.81524  0.65%   666 5102s
H99904 84578                      97.4518555   96.81888  0.65%   667 5247s
H101885 84578                      97.4518554   96.81969  0.65%   668 5248s
 102649 86641   97.29823   38  301   97.45186   96.82062  0.65%   668 5410s
H103152 86641                      97.4518554   96.82062  0.65%   669 5410s
 105286 88147   97.33192   51  337   97.45186   96.82065  0.65%   672 5526s
 107284 90400   96.86561   47  333   97.45186   96.83060  0.64%   673 5698s
 110236 92599   97.14140   55  406   97.45186   96.83453  0.63%   673 5836s
 113193 94957   97.13085   73  336   97.45186   96.83919  0.63%   673 5973s
 116256 96894 infeasible   37        97.45186   96.84282  0.62%   672 6098s
 118855 98910   97.17243   65  434   97.45186   96.84673  0.62%   672 6243s
 121493 101115   96.90606   55  363   97.45186   96.84901  0.62%   674 6375s
 124324 103082   96.87171   77  353   97.45186   96.85267  0.61%   675 6521s
 126963 105428   97.04502   44  468   97.45186   96.85665  0.61%   674 6670s
 130054 107484   97.14665   44  410   97.45186   96.86050  0.61%   673 6817s
 132672 109647   97.16282   70  366   97.45186   96.86328  0.60%   672 6960s
 135541 111656   97.32802   21  410   97.45186   96.86600  0.60%   672 7097s
 138294 113289   97.02626   44  447   97.45186   96.86897  0.60%   672 7200s

Cutting planes:
  Learned: 1
  Gomory: 142
  Lift-and-project: 11
  Cover: 628
  Implied bound: 1191
  MIR: 1353
  StrongCG: 9
  Flow cover: 2841
  GUB cover: 2
  Inf proof: 30
  Zero half: 58
  RLT: 141
  Relax-and-lift: 179

Explored 140451 nodes (94226472 simplex iterations) in 7200.92 seconds (4788.63 work units)
Thread count was 32 (of 32 available processors)

Solution count 10: 97.4519 97.4519 97.4519 ... 97.6003

Time limit reached
Best objective 9.745185542238e+01, best bound 9.687242860368e+01, gap 0.5946%
