
Gurobi 9.5.2 (linux64) logging started Thu Aug 13 14:37:40 2026

Set parameter LogFile to value "/mnt/beegfs/users/celinep/ChargeAndBreak/logs/oracle_RmediumCmanyTtight_13__cs100_gurobi.log"
Gurobi Optimizer version 9.5.2 build v9.5.2rc0 (linux64)
Thread count: 16 physical cores, 32 logical processors, using up to 32 threads
Optimize a model with 5008 rows, 2625 columns and 59923 nonzeros
Model fingerprint: 0xb153f944
Variable types: 1672 continuous, 953 integer (953 binary)
Coefficient statistics:
  Matrix range     [3e-02, 1e+03]
  Objective range  [5e-01, 1e+00]
  Bounds range     [1e+00, 4e+01]
  RHS range        [1e-02, 5e+02]

User MIP start did not produce a new incumbent solution

Presolve removed 1808 rows and 621 columns
Presolve time: 0.51s
Presolved: 3200 rows, 2004 columns, 49991 nonzeros
Variable types: 1185 continuous, 819 integer (819 binary)
Found heuristic solution: objective 1135.3493479
Found heuristic solution: objective 782.5639904
Root relaxation presolve removed 106 rows and 23 columns
Root relaxation presolved: 3094 rows, 1981 columns, 29645 nonzeros


Root relaxation: objective 6.738050e+01, 2318 iterations, 0.37 seconds (0.26 work units)
Another try with MIP start

    Nodes    |    Current Node    |     Objective Bounds      |     Work
 Expl Unexpl |  Obj  Depth IntInf | Incumbent    BestBd   Gap | It/Node Time

H    0     0                      68.4707114   67.38050  1.59%     -    1s
     0     0   67.38050    0   58   68.47071   67.38050  1.59%     -    1s
     0     0   67.77184    0   72   68.47071   67.77184  1.02%     -    1s
     0     0   67.79156    0   88   68.47071   67.79156  0.99%     -    1s
     0     0   67.91213    0  110   68.47071   67.91213  0.82%     -    2s
     0     0   67.92491    0  121   68.47071   67.92491  0.80%     -    2s
     0     0   67.92661    0  123   68.47071   67.92661  0.79%     -    2s
     0     0   67.92661    0  123   68.47071   67.92661  0.79%     -    2s
     0     0   67.97298    0   90   68.47071   67.97298  0.73%     -    3s
H    0     0                      68.4300393   67.97298  0.67%     -    3s
     0     0   68.01985    0  129   68.43004   68.01985  0.60%     -    3s
     0     0   68.02490    0  106   68.43004   68.02490  0.59%     -    3s
     0     0   68.02589    0  123   68.43004   68.02589  0.59%     -    3s
     0     0   68.02589    0  119   68.43004   68.02589  0.59%     -    3s
     0     0   68.08006    0   66   68.43004   68.08006  0.51%     -    4s
     0     0   68.08006    0   34   68.43004   68.08006  0.51%     -    4s
     0     0   68.08006    0   53   68.43004   68.08006  0.51%     -    4s
H    0     0                      68.4300393   68.08006  0.51%     -    4s
     0     0   68.13077    0   53   68.43004   68.13077  0.44%     -    4s

Cutting planes:
  Learned: 4
  Gomory: 4
  Cover: 7
  Implied bound: 11
  Clique: 5
  MIR: 19
  Flow cover: 37
  GUB cover: 1
  Zero half: 5
  RLT: 7
  Relax-and-lift: 3
  BQP: 6
  PSD: 2

Explored 1 nodes (5716 simplex iterations) in 4.60 seconds (2.00 work units)
Thread count was 32 (of 32 available processors)

Solution count 6: 68.43 68.43 68.43 ... 1135.35

Optimal solution found (tolerance 5.00e-03)
Best objective 6.843003933603e+01, best bound 6.813077073610e+01, gap 0.4373%
