
Gurobi 9.5.2 (linux64) logging started Thu Aug 13 01:37:31 2026

Set parameter LogFile to value "/mnt/beegfs/users/celinep/ChargeAndBreak/logs/oracle_RmediumCfewTnone_9__kw150_gurobi.log"
Gurobi Optimizer version 9.5.2 build v9.5.2rc0 (linux64)
Thread count: 16 physical cores, 32 logical processors, using up to 32 threads
Optimize a model with 4617 rows, 2431 columns and 46924 nonzeros
Model fingerprint: 0x8604c545
Variable types: 1535 continuous, 896 integer (896 binary)
Coefficient statistics:
  Matrix range     [2e-02, 1e+03]
  Objective range  [5e-01, 1e+00]
  Bounds range     [1e+00, 3e+01]
  RHS range        [2e-01, 2e+07]

User MIP start did not produce a new incumbent solution

Presolve removed 1555 rows and 513 columns
Presolve time: 0.67s
Presolved: 3062 rows, 1918 columns, 35781 nonzeros
Variable types: 1162 continuous, 756 integer (756 binary)
Found heuristic solution: objective 963.2509899
Found heuristic solution: objective 739.1412436
Root relaxation presolve removed 111 rows and 58 columns
Root relaxation presolved: 2951 rows, 1860 columns, 24638 nonzeros


Root relaxation: objective 6.434777e+01, 2086 iterations, 0.39 seconds (0.20 work units)
Another try with MIP start

    Nodes    |    Current Node    |     Objective Bounds      |     Work
 Expl Unexpl |  Obj  Depth IntInf | Incumbent    BestBd   Gap | It/Node Time

H    0     0                      65.4657888   64.34777  1.71%     -    1s
     0     0   64.34777    0   24   65.46579   64.34777  1.71%     -    1s
     0     0   64.38595    0   33   65.46579   64.38595  1.65%     -    1s
     0     0   64.43368    0   71   65.46579   64.43368  1.58%     -    1s
     0     0   64.43478    0   43   65.46579   64.43478  1.57%     -    1s
     0     0   64.46377    0   63   65.46579   64.46377  1.53%     -    2s
     0     0   64.46380    0   74   65.46579   64.46380  1.53%     -    2s
     0     0   64.66019    0   53   65.46579   64.66019  1.23%     -    2s
     0     0   64.66296    0   57   65.46579   64.66296  1.23%     -    2s
     0     0   64.67264    0   62   65.46579   64.67264  1.21%     -    3s
     0     0   64.67291    0   75   65.46579   64.67291  1.21%     -    3s
     0     0   64.67764    0   39   65.46579   64.67764  1.20%     -    3s
H    0     0                      65.0756079   64.67764  0.61%     -    3s
     0     0   64.68795    0   49   65.07561   64.68795  0.60%     -    3s
     0     0   64.71074    0  125   65.07561   64.71074  0.56%     -    4s
     0     0   64.71202    0  130   65.07561   64.71202  0.56%     -    4s
     0     0   64.71474    0  136   65.07561   64.71474  0.55%     -    4s
     0     0   64.71503    0  108   65.07561   64.71503  0.55%     -    4s
     0     0   64.71597    0   79   65.07561   64.71597  0.55%     -    5s
     0     0   64.71616    0   87   65.07561   64.71616  0.55%     -    5s
     0     0   64.71693    0  105   65.07561   64.71693  0.55%     -    5s
     0     0   64.71773    0  109   65.07561   64.71773  0.55%     -    5s
     0     0   64.71854    0   92   65.07561   64.71854  0.55%     -    6s
     0     0   64.71860    0   94   65.07561   64.71860  0.55%     -    6s
     0     0   64.71931    0   93   65.07561   64.71931  0.55%     -    7s
     0     0   64.71931    0   93   65.07561   64.71931  0.55%     -    7s
     0     0   64.71970    0   71   65.07561   64.71970  0.55%     -    7s
     0     0   64.71970    0   34   65.07561   64.71970  0.55%     -    8s
     0     0   64.71970    0   28   65.07561   64.71970  0.55%     -    8s
     0     0   64.71970    0   39   65.07561   64.71970  0.55%     -    8s
     0     0   64.71970    0   59   65.07561   64.71970  0.55%     -    9s
H    0     0                      64.9631988   64.71970  0.37%     -    9s
     0     0   64.71970    0   60   64.96320   64.71970  0.37%     -    9s

Cutting planes:
  Learned: 1
  Gomory: 5
  Lift-and-project: 7
  Cover: 2
  Implied bound: 10
  Clique: 1
  MIR: 25
  StrongCG: 2
  Flow cover: 83
  GUB cover: 1
  RLT: 7
  Relax-and-lift: 2

Explored 1 nodes (6145 simplex iterations) in 9.08 seconds (3.98 work units)
Thread count was 32 (of 32 available processors)

Solution count 6: 64.9632 65.0756 65.0756 ... 963.251

Optimal solution found (tolerance 5.00e-03)
Best objective 6.496319883634e+01, best bound 6.471969771854e+01, gap 0.3748%
