
Gurobi 9.5.2 (linux64) logging started Sat Aug 15 17:12:20 2026

Set parameter LogFile to value "/mnt/beegfs/users/celinep/ChargeAndBreak/logs/oracle_RmediumCfewTnone_7__kw1000_gurobi.log"
Gurobi Optimizer version 9.5.2 build v9.5.2rc0 (linux64)
Thread count: 16 physical cores, 32 logical processors, using up to 32 threads
Optimize a model with 5635 rows, 2966 columns and 67791 nonzeros
Model fingerprint: 0x0789c299
Variable types: 1875 continuous, 1091 integer (1091 binary)
Coefficient statistics:
  Matrix range     [3e-02, 1e+03]
  Objective range  [5e-01, 1e+00]
  Bounds range     [1e+00, 4e+01]
  RHS range        [2e-02, 2e+07]

User MIP start did not produce a new incumbent solution

Presolve removed 1852 rows and 609 columns
Presolve time: 0.74s
Presolved: 3783 rows, 2357 columns, 57343 nonzeros
Variable types: 1415 continuous, 942 integer (942 binary)
Found heuristic solution: objective 1190.8971534
Root relaxation presolve removed 158 rows and 62 columns
Root relaxation presolved: 3625 rows, 2295 columns, 33734 nonzeros


Root relaxation: objective 5.819207e+01, 3461 iterations, 0.56 seconds (0.45 work units)
Another try with MIP start

    Nodes    |    Current Node    |     Objective Bounds      |     Work
 Expl Unexpl |  Obj  Depth IntInf | Incumbent    BestBd   Gap | It/Node Time

H    0     0                      70.9064810   58.19207  17.9%     -    4s
     0     0   58.19207    0  250   70.90648   58.19207  17.9%     -    4s
     0     0   59.17495    0  305   70.90648   59.17495  16.5%     -    5s
     0     0   59.17629    0  304   70.90648   59.17629  16.5%     -    6s
     0     0   59.18151    0  278   70.90648   59.18151  16.5%     -    6s
     0     0   59.18319    0  303   70.90648   59.18319  16.5%     -    6s
     0     0   59.18357    0  305   70.90648   59.18357  16.5%     -    6s
     0     0   59.18357    0  305   70.90648   59.18357  16.5%     -    6s
     0     0   59.37121    0  300   70.90648   59.37121  16.3%     -    7s
     0     0   59.38315    0  299   70.90648   59.38315  16.3%     -    7s
     0     0   59.38573    0  303   70.90648   59.38573  16.2%     -    7s
     0     0   59.38605    0  306   70.90648   59.38605  16.2%     -    7s
     0     0   59.38610    0  307   70.90648   59.38610  16.2%     -    7s
     0     0   59.46466    0  328   70.90648   59.46466  16.1%     -    8s
     0     0   59.47143    0  334   70.90648   59.47143  16.1%     -    8s
     0     0   59.47425    0  344   70.90648   59.47425  16.1%     -    8s
     0     0   59.47472    0  339   70.90648   59.47472  16.1%     -    9s
     0     0   59.47472    0  338   70.90648   59.47472  16.1%     -    9s
     0     0   59.56212    0  255   70.90648   59.56212  16.0%     -   10s
     0     0   59.56995    0  281   70.90648   59.56995  16.0%     -   10s
     0     0   59.57229    0  273   70.90648   59.57229  16.0%     -   10s
     0     0   59.57249    0  275   70.90648   59.57249  16.0%     -   10s
     0     0   59.60637    0  300   70.90648   59.60637  15.9%     -   11s
     0     0   59.61193    0  290   70.90648   59.61193  15.9%     -   12s
     0     0   59.61542    0  278   70.90648   59.61542  15.9%     -   12s
     0     0   59.61691    0  292   70.90648   59.61691  15.9%     -   12s
     0     0   59.61974    0  308   70.90648   59.61974  15.9%     -   12s
     0     0   59.62027    0  304   70.90648   59.62027  15.9%     -   12s
     0     0   59.62027    0  304   70.90648   59.62027  15.9%     -   12s
     0     0   59.66608    0  269   70.90648   59.66608  15.9%     -   14s
     0     0   59.67536    0  282   70.90648   59.67536  15.8%     -   14s
     0     0   59.67781    0  275   70.90648   59.67781  15.8%     -   14s
     0     0   59.67823    0  280   70.90648   59.67823  15.8%     -   14s
     0     0   59.67876    0  292   70.90648   59.67876  15.8%     -   14s
     0     0   59.67879    0  284   70.90648   59.67879  15.8%     -   14s
     0     0   59.76737    0  270   70.90648   59.76737  15.7%     -   15s
     0     0   59.78264    0  246   70.90648   59.78264  15.7%     -   15s
     0     0   59.78544    0  256   70.90648   59.78544  15.7%     -   15s
     0     0   59.78630    0  250   70.90648   59.78630  15.7%     -   15s
     0     0   59.78685    0  265   70.90648   59.78685  15.7%     -   15s
     0     0   59.78701    0  265   70.90648   59.78701  15.7%     -   15s
     0     0   59.80263    0  260   70.90648   59.80263  15.7%     -   16s
     0     0   59.80639    0  273   70.90648   59.80639  15.7%     -   16s
     0     0   59.80717    0  276   70.90648   59.80717  15.7%     -   16s
     0     0   59.80775    0  275   70.90648   59.80775  15.7%     -   17s
     0     0   59.80778    0  273   70.90648   59.80778  15.7%     -   17s
     0     0   59.81375    0  295   70.90648   59.81375  15.6%     -   17s
     0     0   59.81438    0  302   70.90648   59.81438  15.6%     -   18s
     0     0   59.81459    0  307   70.90648   59.81459  15.6%     -   18s
     0     0   59.82036    0  305   70.90648   59.82036  15.6%     -   19s
     0     0   59.82112    0  309   70.90648   59.82112  15.6%     -   19s
     0     0   59.82133    0  304   70.90648   59.82133  15.6%     -   19s
     0     0   59.82499    0  305   70.90648   59.82499  15.6%     -   20s
     0     0   59.82746    0  306   70.90648   59.82746  15.6%     -   21s
     0     0   59.82779    0  310   70.90648   59.82779  15.6%     -   21s
     0     0   59.83530    0  280   70.90648   59.83530  15.6%     -   22s
     0     0   59.83629    0  296   70.90648   59.83629  15.6%     -   22s
     0     0   59.83646    0  306   70.90648   59.83646  15.6%     -   23s
     0     0   59.83953    0  298   70.90648   59.83953  15.6%     -   24s
     0     0   59.84006    0  303   70.90648   59.84006  15.6%     -   24s
     0     0   59.84038    0  296   70.90648   59.84038  15.6%     -   24s
     0     0   59.84267    0  281   70.90648   59.84267  15.6%     -   25s
     0     0   59.84267    0  267   70.90648   59.84267  15.6%     -   25s
H    0     0                      70.8709621   59.84267  15.6%     -   25s
     0     2   59.84267    0  266   70.87096   59.84267  15.6%     -   26s
H   37    46                      70.5196842   59.88053  15.1%   337   29s
    63    78   59.93040    7  328   70.51968   59.88464  15.1%   330   31s
H   81    94                      70.1271765   59.88821  14.6%   313   32s
H  127   142                      69.8871765   59.90732  14.3%   306   36s
H  129   142                      61.6765263   59.90829  2.87%   306   36s
   323   226   60.23308   18  232   61.67653   60.15444  2.47%   243   40s
   862   815   60.51872   18  143   61.67653   60.26959  2.28%   194   45s
  1713  1584   60.85146   24  267   61.67653   60.31454  2.21%   154   53s
  1716  1586   60.53145   25  215   61.67653   60.31454  2.21%   154   55s
  1726  1593   60.55755   38  259   61.67653   60.31454  2.21%   153   60s
  1734  1598   60.66446   22  245   61.67653   60.31454  2.21%   153   65s
H 1736  1518                      61.6502182   60.31454  2.17%   152   69s
  1738  1523   60.31454   11  262   61.65022   60.31454  2.17%   157   75s
  1740  1526   60.31454   12  257   61.65022   60.31454  2.17%   157   81s
  1799  1583   60.44924   16  242   61.65022   60.31454  2.17%   162   85s
H 1831  1528                      61.2231864   60.31593  1.48%   163   87s
  1895  1552   60.34086   19  233   61.22319   60.33353  1.45%   164   93s
H 1898  1478                      61.2006811   60.34086  1.40%   164   93s
H 1899  1409                      61.0997019   60.34086  1.24%   164   93s
  1927  1384   60.35094   20  272   61.09970   60.34091  1.24%   164   97s
H 1942  1314                      61.0997019   60.35095  1.23%   164   97s
  2393  1558   60.76453   36  190   61.09970   60.48005  1.01%   156  100s
  4251  1861     cutoff   38        61.09970   60.74858  0.57%   120  105s

Cutting planes:
  Learned: 1
  Gomory: 54
  Lift-and-project: 6
  Cover: 42
  Implied bound: 162
  Clique: 3
  MIR: 315
  StrongCG: 4
  Flow cover: 667
  GUB cover: 1
  Zero half: 51
  Network: 1
  RLT: 45
  Relax-and-lift: 29
  PSD: 1

Explored 5470 nodes (593006 simplex iterations) in 107.54 seconds (53.07 work units)
Thread count was 32 (of 32 available processors)

Solution count 10: 61.0997 61.0997 61.2007 ... 70.5197

Optimal solution found (tolerance 5.00e-03)
Best objective 6.109970187471e+01, best bound 6.080533812627e+01, gap 0.4818%
