
Gurobi 9.5.2 (linux64) logging started Thu Aug 13 09:31:56 2026

Set parameter LogFile to value "/mnt/beegfs/users/celinep/ChargeAndBreak/logs/oracle_RshortCmanyTtight_15__kw150_gurobi.log"
Gurobi Optimizer version 9.5.2 build v9.5.2rc0 (linux64)
Thread count: 16 physical cores, 32 logical processors, using up to 32 threads
Optimize a model with 2917 rows, 1531 columns and 21106 nonzeros
Model fingerprint: 0x86a4aedc
Variable types: 966 continuous, 565 integer (565 binary)
Coefficient statistics:
  Matrix range     [3e-02, 6e+02]
  Objective range  [5e-01, 1e+00]
  Bounds range     [1e+00, 3e+01]
  RHS range        [3e-02, 5e+02]

User MIP start did not produce a new incumbent solution

Presolve removed 1094 rows and 382 columns
Presolve time: 0.18s
Presolved: 1823 rows, 1149 columns, 12443 nonzeros
Variable types: 698 continuous, 451 integer (449 binary)
Found heuristic solution: objective 582.4111057
Found heuristic solution: objective 515.8323195
Found heuristic solution: objective 393.2504684
Root relaxation presolve removed 33 rows and 31 columns
Root relaxation presolved: 1790 rows, 1118 columns, 12189 nonzeros


Root relaxation: objective 4.274218e+01, 1182 iterations, 0.14 seconds (0.05 work units)
Another try with MIP start

    Nodes    |    Current Node    |     Objective Bounds      |     Work
 Expl Unexpl |  Obj  Depth IntInf | Incumbent    BestBd   Gap | It/Node Time

H    0     0                      42.9873937   42.74218  0.57%     -    0s
     0     0   42.74218    0   47   42.98739   42.74218  0.57%     -    0s
     0     0   42.76530    0   17   42.98739   42.76530  0.52%     -    0s
     0     0   42.76644    0    9   42.98739   42.76644  0.51%     -    0s

Cutting planes:
  Gomory: 6
  Lift-and-project: 8
  Cover: 1
  Implied bound: 12
  Clique: 2
  MIR: 11
  Flow cover: 26
  RLT: 9
  Relax-and-lift: 6

Explored 1 nodes (1561 simplex iterations) in 1.01 seconds (0.24 work units)
Thread count was 32 (of 32 available processors)

Solution count 5: 42.9874 42.9874 393.25 ... 582.411

Optimal solution found (tolerance 5.00e-03)
Best objective 4.298739369091e+01, best bound 4.291879334803e+01, gap 0.1596%
