
Gurobi 9.5.2 (linux64) logging started Thu Aug 13 09:59:46 2026

Set parameter LogFile to value "/mnt/beegfs/users/celinep/ChargeAndBreak/logs/oracle_RlongCfewTtight_6__kw1000_gurobi.log"
Gurobi Optimizer version 9.5.2 build v9.5.2rc0 (linux64)
Thread count: 16 physical cores, 32 logical processors, using up to 32 threads
Optimize a model with 9269 rows, 4875 columns and 166737 nonzeros
Model fingerprint: 0x63afbc4b
Variable types: 3073 continuous, 1802 integer (1802 binary)
Coefficient statistics:
  Matrix range     [3e-02, 2e+03]
  Objective range  [5e-01, 1e+00]
  Bounds range     [1e+00, 6e+01]
  RHS range        [6e-02, 5e+02]

User MIP start did not produce a new incumbent solution

Presolve removed 2878 rows and 927 columns
Presolve time: 3.45s
Presolved: 6391 rows, 3948 columns, 150308 nonzeros
Variable types: 2354 continuous, 1594 integer (1594 binary)
Found heuristic solution: objective 1971.4109282
Root relaxation presolve removed 170 rows and 108 columns
Root relaxation presolved: 6221 rows, 3840 columns, 116074 nonzeros


Root simplex log...

Iteration    Objective       Primal Inf.    Dual Inf.      Time
       0    5.5621344e+01   2.033774e+04   0.000000e+00      5s
    6663    1.0019248e+02   0.000000e+00   0.000000e+00      9s
    6663    1.0019248e+02   0.000000e+00   0.000000e+00      9s

Root relaxation: objective 1.001925e+02, 6663 iterations, 4.00 seconds (1.63 work units)
Another try with MIP start

    Nodes    |    Current Node    |     Objective Bounds      |     Work
 Expl Unexpl |  Obj  Depth IntInf | Incumbent    BestBd   Gap | It/Node Time

H    0     0                     130.3897123  100.19248  23.2%     -   21s
     0     0  100.19248    0  503  130.38971  100.19248  23.2%     -   21s
     0     0  101.62532    0  586  130.38971  101.62532  22.1%     -   28s
     0     0  101.79248    0  552  130.38971  101.79248  21.9%     -   30s
     0     0  101.84420    0  608  130.38971  101.84420  21.9%     -   31s
     0     0  101.84783    0  619  130.38971  101.84783  21.9%     -   32s
     0     0  101.84796    0  620  130.38971  101.84796  21.9%     -   32s
     0     0  102.09184    0  614  130.38971  102.09184  21.7%     -   36s
     0     0  102.11394    0  637  130.38971  102.11394  21.7%     -   37s
     0     0  102.11601    0  608  130.38971  102.11601  21.7%     -   37s
     0     0  102.11619    0  611  130.38971  102.11619  21.7%     -   37s
     0     0  102.33630    0  604  130.38971  102.33630  21.5%     -   43s
     0     0  102.37160    0  544  130.38971  102.37160  21.5%     -   44s
     0     0  102.39313    0  620  130.38971  102.39313  21.5%     -   45s
     0     0  102.39458    0  625  130.38971  102.39458  21.5%     -   45s
     0     0  102.39495    0  640  130.38971  102.39495  21.5%     -   45s
     0     0  102.49504    0  566  130.38971  102.49504  21.4%     -   49s
     0     0  102.51943    0  628  130.38971  102.51943  21.4%     -   51s
     0     0  102.52288    0  589  130.38971  102.52288  21.4%     -   51s
     0     0  102.52343    0  619  130.38971  102.52343  21.4%     -   51s
     0     0  102.52402    0  634  130.38971  102.52402  21.4%     -   52s
     0     0  102.52407    0  639  130.38971  102.52407  21.4%     -   52s
     0     0  102.59866    0  559  130.38971  102.59866  21.3%     -   58s
     0     0  102.60805    0  589  130.38971  102.60805  21.3%     -   59s
     0     0  102.60888    0  550  130.38971  102.60888  21.3%     -   59s
     0     0  102.60931    0  590  130.38971  102.60931  21.3%     -   60s
     0     0  103.05325    0  602  130.38971  103.05325  21.0%     -   67s
     0     0  103.07617    0  592  130.38971  103.07617  20.9%     -   68s
     0     0  103.07803    0  603  130.38971  103.07803  20.9%     -   69s
     0     0  103.07830    0  603  130.38971  103.07830  20.9%     -   69s
     0     0  103.27146    0  531  130.38971  103.27146  20.8%     -   75s
     0     0  103.28016    0  601  130.38971  103.28016  20.8%     -   76s
     0     0  103.28131    0  609  130.38971  103.28131  20.8%     -   77s
     0     0  103.28167    0  612  130.38971  103.28167  20.8%     -   77s
     0     0  103.37004    0  554  130.38971  103.37004  20.7%     -   82s
     0     0  103.37230    0  593  130.38971  103.37230  20.7%     -   84s
     0     0  103.37252    0  613  130.38971  103.37252  20.7%     -   84s
     0     0  103.43376    0  571  130.38971  103.43376  20.7%     -   90s
H    0     0                     130.3782811  103.43376  20.7%     -   90s
     0     0  103.43592    0  591  130.37828  103.43592  20.7%     -   92s
     0     0  103.43617    0  583  130.37828  103.43617  20.7%     -   92s
     0     0  103.47986    0  625  130.37828  103.47986  20.6%     -   98s
     0     0  103.48067    0  641  130.37828  103.48067  20.6%     -   99s
     0     0  103.51479    0  601  130.37828  103.51479  20.6%     -  104s
     0     0  103.51655    0  590  130.37828  103.51655  20.6%     -  105s
     0     0  103.51705    0  631  130.37828  103.51705  20.6%     -  106s
     0     0  103.54613    0  652  130.37828  103.54613  20.6%     -  111s
     0     0  103.54733    0  664  130.37828  103.54733  20.6%     -  113s
     0     0  103.54765    0  655  130.37828  103.54765  20.6%     -  113s
     0     0  103.57231    0  602  130.37828  103.57231  20.6%     -  119s
     0     0  103.57278    0  617  130.37828  103.57278  20.6%     -  120s
     0     0  103.59291    0  602  130.37828  103.59291  20.5%     -  125s
     0     0  103.59357    0  625  130.37828  103.59357  20.5%     -  127s
     0     0  103.61074    0  642  130.37828  103.61074  20.5%     -  136s
     0     0  103.61102    0  647  130.37828  103.61102  20.5%     -  138s
     0     0  103.62521    0  588  130.37828  103.62521  20.5%     -  147s
     0     0  103.62540    0  662  130.37828  103.62540  20.5%     -  149s
     0     0  103.63759    0  627  130.37828  103.63759  20.5%     -  157s
     0     0  103.63801    0  584  130.37828  103.63801  20.5%     -  160s
     0     0  103.64845    0  584  130.37828  103.64845  20.5%     -  168s
     0     0  103.64865    0  617  130.37828  103.64865  20.5%     -  171s
     0     0  103.65732    0  535  130.37828  103.65732  20.5%     -  182s
     0     0  103.65751    0  613  130.37828  103.65751  20.5%     -  186s
     0     0  103.66479    0  600  130.37828  103.66479  20.5%     -  199s
     0     0  103.66479    0  546  130.37828  103.66479  20.5%     -  201s
H    0     0                     130.3697706  103.66479  20.5%     -  204s
     0     2  103.66479    0  546  130.36977  103.66479  20.5%     -  205s
     3     8  103.66486    2  586  130.36977  103.66480  20.5%   739  211s
     7    16  107.13958    3  559  130.36977  103.66486  20.5%  1170  216s
    15    32  109.44738    4  376  130.36977  103.79177  20.4%  1993  225s
    47    64  103.81990    6  597  130.36977  103.80893  20.4%  1348  233s
    63    80  103.82357    7  613  130.36977  103.82009  20.4%  1256  243s
H   79    96                     129.8285231  103.82357  20.0%  1190  247s
H   80    96                     129.6474717  103.82409  19.9%  1182  247s
H   88    96                     129.1014127  103.82675  19.6%  1132  247s
H   91    96                     119.7317250  103.82675  13.3%  1112  247s
    95   112  103.83881    9  611  119.73172  103.82684  13.3%  1112  250s
H  127   144                     118.4897485  103.84422  12.4%  1095  273s
H  129   144                     118.2271293  103.85229  12.2%  1103  273s
H  132   144                     117.4850409  103.85640  11.6%  1093  273s
H  136   144                     117.3183743  103.85640  11.5%  1083  273s
   143   160  103.87061   12  558  117.31837  103.85674  11.5%  1073  277s
   159   176  103.91155   13  525  117.31837  103.86300  11.5%  1060  282s
H  175   192                     116.6071783  103.86334  10.9%  1035  289s
   191   208  103.88235   15  555  116.60718  103.86556  10.9%   997  292s
   207   224  103.87908   16  595  116.60718  103.87656  10.9%  1015  298s
H  223   240                     116.4068945  103.87925  10.8%  1023  310s
H  229   240                     116.2772110  103.89078  10.7%  1020  310s
H  237   240                     116.0735611  103.89078  10.5%  1047  310s
   239   260  103.92009   18  476  116.07356  103.89085  10.5%  1052  316s
   259   279  103.94714   19  526  116.07356  103.89501  10.5%  1089  322s
   278   295  103.94436   21  512  116.07356  103.89931  10.5%  1098  338s
H  280   295                     116.0478867  103.89944  10.5%  1097  338s
H  281   295                     115.9902279  103.90101  10.4%  1101  338s
H  284   295                     108.3592978  103.90883  4.11%  1105  338s
   294   222  103.94578   24  527  108.35930  103.90883  4.11%  1099  343s
   331   221 infeasible   25       108.35930  103.91397  4.10%  1032  347s
   370   222 infeasible   23       108.35930  103.92816  4.09%   987  352s
   419   208 infeasible   22       108.35930  103.94443  4.07%   918  355s
H  477   190                     107.6139010  103.95330  3.40%   862  382s
   478   191  106.11699   11  546  107.61390  103.95330  3.40%   860  399s
   480   192  104.02377   26  101  107.61390  103.95330  3.40%   856  402s
   481   193  104.00092   25  111  107.61390  103.95330  3.40%   854  409s
   482   194  104.03213   16  367  107.61390  103.95330  3.40%   853  413s
   483   194  107.42556   10  339  107.61390  103.95330  3.40%   851  432s
   484   195  104.07571   16  454  107.61390  104.07571  3.29%   849  436s
   489   198  104.30130   20  474  107.61390  104.30130  3.08%   840  442s
   490   199  105.60856   12  491  107.61390  104.35475  3.03%   839  453s
   493   201  104.37434   15  536  107.61390  104.37434  3.01%   834  458s
   494   202  105.60232   12  486  107.61390  104.41848  2.97%   832  466s
   498   204  105.60856   12  527  107.61390  104.44076  2.95%   825  471s
   499   205  104.47547   22  507  107.61390  104.47547  2.92%   824  480s
   501   206  104.48401   19  520  107.61390  104.48401  2.91%   820  485s
   502   207  104.50653   22  487  107.61390  104.50653  2.89%   819  494s
   503   208  104.51550   14  462  107.61390  104.51550  2.88%   817  495s
   507   210  107.49039   11  506  107.61390  104.53885  2.86%   811  510s
   511   213  105.60814   12  511  107.61390  104.55035  2.85%   804  515s
   512   214  104.56664   16  490  107.61390  104.56664  2.83%   803  525s
   516   216  104.67136   28  511  107.61390  104.67136  2.73%   796  536s
   520   219  107.45478   11  520  107.61390  104.70624  2.70%   790  542s
   521   220  105.42108   12  510  107.61390  104.73871  2.67%   789  548s
   523   221  104.74345   20  514  107.61390  104.74345  2.67%   786  552s
   524   222  104.75236   15  513  107.61390  104.75236  2.66%   784  560s
   526   223  107.13250   12  525  107.61390  104.76580  2.65%   781  573s
   527   224  104.76580   25  523  107.61390  104.76580  2.65%   780  579s
   528   224  107.46077   10  523  107.61390  104.78536  2.63%   778  581s
   529   228  104.78536   11  489  107.61390  104.78536  2.63%   876  607s
   531   231  104.78536   12  492  107.61390  104.78536  2.63%   874  638s
   535   238  104.78536   13  520  107.61390  104.78536  2.63%   871  640s
   575   255  104.78855   16  522  107.61390  104.78855  2.63%   837  645s
H  607   251                     107.5383110  104.78895  2.56%   818  648s
   641   264  104.82038   20  517  107.53831  104.81426  2.53%   792  651s
H  668   257                     107.0601079  104.82433  2.09%   783  653s
   688   258  105.11063   23  483  107.06011  104.83895  2.07%   780  655s
   726   270 infeasible   25       107.06011  104.83995  2.07%   761  665s
H  730   258                     106.8744556  104.84274  1.90%   760  665s
   771   271  104.88031   27  520  106.87446  104.85215  1.89%   745  671s
   824   278  104.98178   29  486  106.87446  104.88076  1.87%   725  677s
   846   280     cutoff   31       106.87446  104.91404  1.83%   717  680s
   902   294     cutoff   33       106.87446  104.93502  1.81%   698  686s
   934   315  105.02664   35  419  106.87446  105.01872  1.74%   687  690s
  1055   321  105.10381   34  397  106.87446  105.06477  1.69%   655  701s
H 1059   309                     106.8744556  105.07050  1.69%   655  701s
H 1067   307                     106.7482816  105.07543  1.57%   653  701s
  1080   312  105.13350   39  383  106.74828  105.08450  1.56%   651  706s
  1177   390  105.11748   24  472  106.74828  105.10298  1.54%   620  710s
  1356   550 infeasible   34       106.74828  105.12403  1.52%   568  715s
  1596   774 infeasible   27       106.74828  105.15049  1.50%   509  720s
  1968  1109 infeasible   26       106.74828  105.18180  1.47%   447  727s
  2233  1389  105.45313   36  364  106.74828  105.19766  1.45%   414  732s
  2585  1697 infeasible   37       106.74828  105.21317  1.44%   378  736s
  2799  1755  105.33900   25  421  106.74828  105.23198  1.42%   363  744s
  2818  1919  105.23635   17  456  106.74828  105.23574  1.42%   363  746s
H 3108  2032                     106.7482816  105.24253  1.41%   345  758s
  3109  2033  105.50239   35  546  106.74828  105.24253  1.41%   344  765s
  3112  2035  105.33838   38  152  106.74828  105.24253  1.41%   344  772s
  3113  2036  105.32481   44  415  106.74828  105.24253  1.41%   344  775s
  3114  2036  106.22099   41  449  106.74828  105.24253  1.41%   344  787s
  3117  2038  105.73855   42  507  106.74828  105.24253  1.41%   344  790s
  3120  2040  105.25665   39  473  106.74828  105.24253  1.41%   343  801s
  3123  2042  105.25079   30  512  106.74828  105.24253  1.41%   343  805s
  3124  2043  105.41017   35  499  106.74828  105.24253  1.41%   343  810s
  3128  2046  105.27221   42  455  106.74828  105.24253  1.41%   342  821s
  3131  2048  105.62078   45  465  106.74828  105.24253  1.41%   342  831s
  3133  2049  105.24524   34  511  106.74828  105.24253  1.41%   342  836s
  3134  2050  105.40538   55  450  106.74828  105.24253  1.41%   342  840s
  3137  2052  105.51891   43  492  106.74828  105.24253  1.41%   341  849s
  3138  2052  105.27278   32  470  106.74828  105.24253  1.41%   341  850s
  3140  2054  105.62067   41  506  106.74828  105.24253  1.41%   341  858s
  3142  2055  105.29414   31  473  106.74828  105.24253  1.41%   341  861s
  3143  2056  105.31120   32  511  106.74828  105.24253  1.41%   341  865s
  3145  2057  105.55623   30  508  106.74828  105.24253  1.41%   340  877s
  3146  2058  105.52762   46  508  106.74828  105.24253  1.41%   340  882s
  3147  2058  105.48697   37  508  106.74828  105.24253  1.41%   340  885s
  3148  2061  105.24253   24  519  106.74828  105.24253  1.41%   350  915s
  3150  2062  105.24253   25  497  106.74828  105.24253  1.41%   350  943s
  3153  2066  105.24253   26  504  106.74828  105.24253  1.41%   350  948s
  3158  2073  105.24253   27  457  106.74828  105.24253  1.41%   351  952s
  3184  2078  105.24253   29  409  106.74828  105.24253  1.41%   354  956s
  3232  2111  105.24253   32  476  106.74828  105.24253  1.41%   353  960s
  3333  2153  105.85177   37  413  106.74828  105.31345  1.34%   350  968s
  3391  2201  105.89897   39  411  106.74828  105.32141  1.34%   347  971s
  3445  2225  105.44309   37  452  106.74828  105.37046  1.29%   346  978s
  3463  2262  105.37440   42  413  106.74828  105.37440  1.29%   345  980s
  3631  2378  105.97993   38  361  106.74828  105.41692  1.25%   338  985s
  3921  2562  106.10625   36  403  106.74828  105.44476  1.22%   328  991s
  4164  2703  105.98774   37  433  106.74828  105.46580  1.20%   321  995s
  4204  2709  105.53670   47  407  106.74828  105.46846  1.20%   320 1000s
  4514  3007  106.25893   33  453  106.74828  105.48733  1.18%   311 1006s
  4837  3217  105.59917   38  278  106.74828  105.49976  1.17%   303 1010s
  5170  3486  106.51741   40  430  106.74828  105.51883  1.15%   296 1015s
  5861  3800  105.55697   36  375  106.74828  105.53485  1.14%   284 1023s
  5877  3987  105.58910   37  441  106.74828  105.53852  1.13%   284 1025s
  6269  4241  105.66215   49  395  106.74828  105.54733  1.13%   278 1030s
  6908  4733  105.98239   42  416  106.74828  105.56175  1.11%   271 1038s
  7175  4749  105.70278   46  387  106.74828  105.56567  1.11%   268 1047s
  7280  4982  105.91175   46  419  106.74828  105.56952  1.10%   267 1051s
  7550  5076  105.69625   43  391  106.74828  105.57306  1.10%   266 1056s
  7738  5259  105.78710   50  340  106.74828  105.57690  1.10%   265 1061s
  7988  5440  105.84820   37  364  106.74828  105.58015  1.09%   263 1065s
  8545  5904  105.65439   64  303  106.74828  105.58873  1.09%   261 1075s
  8909  6126  105.63207   38  323  106.74828  105.59265  1.08%   260 1080s
  9254  6364  105.86613   46  325  106.74828  105.59650  1.08%   259 1085s
H 9935  6722                     106.7482802  105.60240  1.07%   255 1089s
  9996  6750  105.68465   49  381  106.74828  105.60652  1.07%   255 1095s
 10026  7092  105.64825   52  393  106.74828  105.60904  1.07%   255 1101s
 10374  7477  105.69784   46  367  106.74828  105.61300  1.06%   255 1107s
 10762  7876  105.70782   51  412  106.74828  105.61702  1.06%   254 1112s
 11162  8269  105.79705   46  334  106.74828  105.62067  1.06%   253 1119s
 11562  8766  105.63236   40  405  106.74828  105.62759  1.05%   253 1125s
 12061  9258  105.85209   47  365  106.74828  105.63200  1.05%   252 1132s
 12555  9792  105.67350   38  355  106.74828  105.63699  1.04%   251 1139s
 13091 10281  105.68430   42  310  106.74828  105.64145  1.04%   251 1146s
 13584 10824  106.01482   48  390  106.74828  105.64660  1.03%   250 1154s
 14129 11452  105.92595   53  408  106.74828  105.65192  1.03%   249 1162s
 14757 12057  105.74059   51  423  106.74828  105.65779  1.02%   248 1170s
 15367 12073  106.42767   43  425  106.74828  105.66381  1.02%   248 1196s
 15383 12873  105.69222   51  417  106.74828  105.66551  1.01%   248 1204s
 16191 13681  106.10293   61  334  106.74828  105.66967  1.01%   247 1212s
 17007 14359  105.72740   40  384  106.74828  105.67520  1.01%   245 1220s
 17689 15177  105.99491   41  345  106.74828  105.68075  1.00%   245 1229s
 18509 15941  105.70580   41  366  106.74828  105.68481  1.00%   245 1237s
 19277 16813  105.71968   46  329  106.74828  105.69157  0.99%   245 1248s
 20156 17727  105.83509   43  411  106.74828  105.69847  0.98%   245 1259s
 21090 19022  105.92620   47  367  106.74828  105.70364  0.98%   245 1273s
 22396 19907  105.94145   47  344  106.74828  105.71066  0.97%   244 1285s
 23294 20729  106.19365   54  357  106.74828  105.71629  0.97%   244 1302s
 24127 21819  105.86642   50  310  106.74828  105.72176  0.96%   243 1313s
 25240 22821  105.72757   42  390  106.74828  105.72656  0.96%   243 1321s
 26252 24040  105.98906   63  309  106.74828  105.73410  0.95%   243 1336s
 27484 25338  106.08785   40  363  106.74828  105.74189  0.94%   243 1352s
 28799 26467  105.78130   42  431  106.74828  105.74798  0.94%   242 1368s
 29977 27804  105.83807   37  368  106.74828  105.75472  0.93%   242 1385s
 31331 29334  105.78519   38  298  106.74828  105.76134  0.92%   242 1402s
 32893 30471  105.81294   50  366  106.74828  105.76819  0.92%   241 1419s
 34087 32223  105.87195   69  332  106.74828  105.77452  0.91%   241 1440s
 35882 34023  105.86861   68  304  106.74828  105.78032  0.91%   241 1463s
 37727 36094  105.92002   40  409  106.74828  105.78776  0.90%   240 1487s
 39856 37941  106.02603   56  335  106.74828  105.79593  0.89%   238 1509s
 41752 40027  106.06529   38  384  106.74828  105.80294  0.89%   237 1538s
 43918 42196  105.95383   43  340  106.74828  105.80930  0.88%   236 1562s
 46152 44417  105.90674   44  328  106.74828  105.81870  0.87%   235 1588s
 48426 45171  105.87687   40  304  106.74828  105.82454  0.87%   235 1620s
H48810 44341                     106.5712391  105.82531  0.70%   235 1620s
 49199 46410  106.02307   63  333  106.57124  105.82737  0.70%   235 1649s
 51441 48656  105.88927   52  350  106.57124  105.83421  0.69%   234 1677s
 53886 50979  106.30635   58  366  106.57124  105.84228  0.68%   234 1707s
 56381 52909  105.94840   48  307  106.57124  105.84981  0.68%   234 1731s
 58448 55235  106.13459   53  381  106.57124  105.85667  0.67%   234 1762s
 60969 57540  105.93009   46  342  106.57124  105.86259  0.66%   234 1790s
 63513 60199  105.94754   73  314  106.57124  105.87011  0.66%   234 1826s
 66396 62247  105.92080   48  344  106.57124  105.87738  0.65%   234 1854s
 66799 62247  105.89046   63  301  106.57124  105.87755  0.65%   234 1855s
 68690 64471  105.94822   44  349  106.57124  105.88264  0.65%   234 1882s
 71124 66693  105.93707   47  342  106.57124  105.88750  0.64%   234 1911s
 73548 68966  105.94403   45  390  106.57124  105.89285  0.64%   234 1940s
 76081 71276  106.29218   66  247  106.57124  105.89717  0.63%   234 1969s
 76560 71276  106.01269   51  331  106.57124  105.89733  0.63%   234 1970s
 78626 73579  105.93106   64  310  106.57124  105.90308  0.63%   234 1999s
 80059 73579  106.44137   70  228  106.57124  105.90343  0.63%   234 2000s
 81178 75732  106.34091   49  404  106.57124  105.90764  0.62%   234 2030s
 83553 78069  106.14308   75  295  106.57124  105.91219  0.62%   234 2061s
 86171 80399  106.21898   42  313  106.57124  105.91702  0.61%   234 2099s
H86945 80399                     106.5712376  105.91727  0.61%   234 2099s
 87846 80399  105.95765   46  372  106.57124  105.91739  0.61%   235 2100s
 88714 82647  106.30592   63  317  106.57124  105.92116  0.61%   235 2138s
H90402 82647                     106.5712376  105.92163  0.61%   235 2139s
 91241 85304  106.45133   56  339  106.57124  105.92648  0.61%   235 2179s
 92940 85304  106.02609   50  291  106.57124  105.92699  0.60%   235 2180s
 94207 87786  106.34290   56  362  106.57124  105.93198  0.60%   235 2221s
 96997 90212     cutoff   73       106.57124  105.93722  0.59%   236 2262s
 99775 92865  106.03412   65  300  106.57124  105.94126  0.59%   236 2295s
 102852 95542  106.11255   81  231  106.57124  105.94606  0.59%   235 2329s
 103636 95542  106.27350   45  312  106.57124  105.94621  0.59%   235 2330s
 105989 97785  106.14929   49  317  106.57124  105.95051  0.58%   235 2360s
 108563 100356  106.48428   66  246  106.57124  105.95534  0.58%   235 2390s
 111566 102691     cutoff   49       106.57124  105.95972  0.57%   235 2418s
 114262 105277  106.06278   48  302  106.57124  105.96344  0.57%   236 2446s
 117315 107692  106.22481   56  299  106.57124  105.96857  0.57%   235 2471s
 120155 110176  106.01037   54  363  106.57124  105.97270  0.56%   235 2499s
 122767 110176  105.99973   41  404  106.57124  105.97308  0.56%   235 2500s
 123098 112636  106.12032   46  409  106.57124  105.97661  0.56%   235 2522s
 125965 114786  106.22232   56  301  106.57124  105.98018  0.55%   234 2550s
 128460 117419  106.00043   48  333  106.57124  105.98227  0.55%   234 2578s
 131520 120074  106.11470   40  370  106.57124  105.98611  0.55%   233 2608s
 134625 122594 infeasible   41       106.57124  105.98958  0.55%   233 2635s
 137574 125115  106.05645   69  322  106.57124  105.99212  0.54%   232 2661s
 140469 127433  106.51047   54  265  106.57124  105.99477  0.54%   232 2687s
 143156 129708  106.47360   47  363  106.57124  105.99658  0.54%   231 2715s
 145857 132171  106.02966   51  323  106.57124  105.99957  0.54%   231 2739s
 148692 134658  106.12518   48  364  106.57124  106.00216  0.53%   231 2769s
 151562 137090  106.00534   56  281  106.57124  106.00445  0.53%   230 2794s
 154402 139767  106.22207   48  279  106.57124  106.00609  0.53%   229 2824s
 157579 141947  106.05847   69  355  106.57124  106.00882  0.53%   229 2850s
 160133 144413  106.09801   81  279  106.57124  106.01053  0.53%   229 2876s
 163030 146838  106.08062   79  226  106.57124  106.01245  0.52%   228 2902s
 165917 149240  106.07183   60  334  106.57124  106.01448  0.52%   228 2927s
 168809 151534  106.20004   51  326  106.57124  106.01655  0.52%   227 2952s
 171526 153937  106.36259   51  320  106.57124  106.01847  0.52%   227 2979s
 173654 153937  106.05853   45  370  106.57124  106.01873  0.52%   227 2980s
 174367 155917  106.21627   48  315  106.57124  106.02074  0.52%   227 3007s
 176724 158741  106.03348   52  277  106.57124  106.02229  0.52%   226 3039s
 177132 158741  106.29813   47  381  106.57124  106.02237  0.52%   226 3040s
 179989 160981  106.12494   62  330  106.57124  106.02457  0.51%   226 3069s
 181577 160981  106.04736   54  296  106.57124  106.02476  0.51%   226 3070s
 182600 163288  106.47433   55  213  106.57124  106.02633  0.51%   226 3096s
 185301 165431  106.06841   54  354  106.57124  106.02826  0.51%   225 3121s
 187810 167769  106.12336   67  238  106.57124  106.02959  0.51%   225 3149s
 189335 167769  106.04426   67  317  106.57124  106.02986  0.51%   225 3150s
 190520 169730  106.23901   49  227  106.57124  106.03125  0.51%   225 3181s
 192850 172224     cutoff   63       106.57124  106.03286  0.51%   224 3210s
 195793 174664  106.16549   49  341  106.57124  106.03453  0.50%   224 3235s
 198636 177233  106.08985   67  267  106.57124  106.03625  0.50%   224 3267s
 201759 179669  106.09119   71  221  106.57124  106.03782  0.50%   223 3295s

Cutting planes:
  Learned: 6
  Gomory: 177
  Lift-and-project: 3
  Cover: 215
  Implied bound: 443
  Projected implied bound: 2
  Clique: 8
  MIR: 864
  StrongCG: 11
  Flow cover: 1948
  GUB cover: 3
  Inf proof: 7
  Zero half: 66
  RLT: 81
  Relax-and-lift: 86
  BQP: 1

Explored 204699 nodes (45716783 simplex iterations) in 3297.03 seconds (1587.28 work units)
Thread count was 32 (of 32 available processors)

Solution count 10: 106.571 106.571 106.571 ... 107.538

Optimal solution found (tolerance 5.00e-03)
Best objective 1.065712390872e+02, best bound 1.060396180609e+02, gap 0.4988%
