
Gurobi 9.5.2 (linux64) logging started Thu Aug 13 01:06:10 2026

Set parameter LogFile to value "/mnt/beegfs/users/celinep/ChargeAndBreak/logs/oracle_RmediumCfewTnone_25__kw150_gurobi.log"
Gurobi Optimizer version 9.5.2 build v9.5.2rc0 (linux64)
Thread count: 16 physical cores, 32 logical processors, using up to 32 threads
Optimize a model with 5255 rows, 2768 columns and 59089 nonzeros
Model fingerprint: 0xbc331fe0
Variable types: 1747 continuous, 1021 integer (1021 binary)
Coefficient statistics:
  Matrix range     [2e-02, 1e+03]
  Objective range  [5e-01, 1e+00]
  Bounds range     [1e+00, 4e+01]
  RHS range        [4e-02, 2e+07]

User MIP start did not produce a new incumbent solution

Presolve removed 1724 rows and 567 columns
Presolve time: 0.86s
Presolved: 3531 rows, 2201 columns, 49681 nonzeros
Variable types: 1328 continuous, 873 integer (873 binary)
Found heuristic solution: objective 1105.5184777
Found heuristic solution: objective 824.4991371
Root relaxation presolve removed 149 rows and 65 columns
Root relaxation presolved: 3382 rows, 2136 columns, 30178 nonzeros


Root relaxation: objective 7.226771e+01, 2036 iterations, 0.34 seconds (0.20 work units)
Another try with MIP start

    Nodes    |    Current Node    |     Objective Bounds      |     Work
 Expl Unexpl |  Obj  Depth IntInf | Incumbent    BestBd   Gap | It/Node Time

H    0     0                      81.1422130   72.26771  10.9%     -    1s
     0     0   72.26771    0   35   81.14221   72.26771  10.9%     -    1s
     0     0   72.44796    0   67   81.14221   72.44796  10.7%     -    2s
     0     0   72.48104    0   99   81.14221   72.48104  10.7%     -    2s
     0     0   72.48145    0  103   81.14221   72.48145  10.7%     -    2s
     0     0   72.49587    0  136   81.14221   72.49587  10.7%     -    3s
     0     0   72.50271    0  135   81.14221   72.50271  10.6%     -    3s
     0     0   72.60016    0  138   81.14221   72.60016  10.5%     -    4s
     0     0   72.60016    0  155   81.14221   72.60016  10.5%     -    4s
     0     0   72.60770    0  109   81.14221   72.60770  10.5%     -    5s
     0     0   72.60770    0  123   81.14221   72.60770  10.5%     -    5s
H    0     0                      81.1389671   72.60770  10.5%     -    6s
     0     0   72.60794    0   93   81.13897   72.60794  10.5%     -    6s
     0     0   72.61105    0  124   81.13897   72.61105  10.5%     -    6s
     0     0   72.65963    0  104   81.13897   72.65963  10.5%     -    7s
     0     0   72.67708    0  150   81.13897   72.67708  10.4%     -    7s
H    0     0                      80.8657656   72.67708  10.1%     -    8s
     0     0   72.68798    0  127   80.86577   72.68798  10.1%     -    8s
     0     0   72.68803    0  142   80.86577   72.68803  10.1%     -    8s
     0     0   72.70884    0  190   80.86577   72.70884  10.1%     -    9s
     0     0   72.71388    0  199   80.86577   72.71388  10.1%     -    9s
     0     0   72.71413    0  197   80.86577   72.71413  10.1%     -    9s
     0     0   72.71423    0  200   80.86577   72.71423  10.1%     -    9s
     0     0   72.71647    0  210   80.86577   72.71647  10.1%     -   10s
     0     0   72.71668    0  214   80.86577   72.71668  10.1%     -   10s
     0     0   72.71669    0  213   80.86577   72.71669  10.1%     -   10s
     0     0   72.72174    0  212   80.86577   72.72174  10.1%     -   11s
     0     0   72.72236    0  208   80.86577   72.72236  10.1%     -   11s
     0     0   72.72238    0  210   80.86577   72.72238  10.1%     -   11s
H    0     0                      80.7539356   72.72238  9.95%     -   12s
     0     0   72.72297    0  212   80.75394   72.72297  9.94%     -   12s
     0     0   72.72317    0  214   80.75394   72.72317  9.94%     -   12s
     0     0   72.72318    0  215   80.75394   72.72318  9.94%     -   12s
     0     0   72.72352    0  210   80.75394   72.72352  9.94%     -   13s
     0     0   72.72352    0  202   80.75394   72.72352  9.94%     -   14s
H    0     0                      80.7483333   72.72352  9.94%     -   14s
     0     2   72.72352    0  202   80.74833   72.72352  9.94%     -   14s
     1     4   72.90910    1  132   80.74833   72.72352  9.94%   488   15s
H   45    38                      80.7483333   72.82494  9.81%   250   17s
   131   119   72.84090   11  231   80.74833   72.83749  9.80%   249   20s
H  132   119                      80.7344546   72.83749  9.78%   247   20s
H  133   119                      80.5541040   72.84096  9.58%   251   20s
   365   166   73.09876   20  265   80.55410   73.05743  9.31%   199   25s
   526   268   73.12858   28  224   80.55410   73.12858  9.22%   201   35s
   816   360 infeasible   45        80.55410   73.22311  9.10%   184   40s
  1232   496     cutoff   30        80.55410   73.54405  8.70%   168   45s
  2048   536 infeasible   46        80.55410   73.61885  8.61%   132   50s
  2918   666   74.86736   29  190   80.55410   73.70109  8.51%   125   55s
  3966   385     cutoff   41        80.55410   74.00833  8.13%   117   60s
  4516   352   75.18596   18  151   80.55410   74.99427  6.90%   117   65s

Cutting planes:
  Learned: 4
  Gomory: 18
  Lift-and-project: 42
  Cover: 58
  Implied bound: 295
  Projected implied bound: 1
  Clique: 3
  MIR: 1464
  StrongCG: 1
  Flow cover: 1949
  GUB cover: 1
  Zero half: 29
  RLT: 186
  Relax-and-lift: 122

Explored 5249 nodes (619259 simplex iterations) in 69.82 seconds (37.55 work units)
Thread count was 32 (of 32 available processors)

Solution count 10: 80.5541 80.7345 80.7483 ... 1105.52

Optimal solution found (tolerance 5.00e-03)
Best objective 8.055410402593e+01, best bound 8.031904422701e+01, gap 0.2918%
