
Gurobi 9.5.2 (linux64) logging started Tue Aug 11 14:48:58 2026

Set parameter LogFile to value "/mnt/beegfs/users/celinep/ChargeAndBreak/logs/oracle_RlongCfewTtight_4__diesel_gurobi.log"
Gurobi Optimizer version 9.5.2 build v9.5.2rc0 (linux64)
Thread count: 16 physical cores, 32 logical processors, using up to 32 threads
Optimize a model with 9909 rows, 5235 columns and 190989 nonzeros
Model fingerprint: 0xcd875e59
Variable types: 3306 continuous, 1929 integer (1929 binary)
Coefficient statistics:
  Matrix range     [2e-01, 2e+03]
  Objective range  [5e-01, 1e+00]
  Bounds range     [1e+00, 6e+01]
  RHS range        [9e-02, 5e+02]

User MIP start produced solution with objective 116.115 (0.09s)
Loaded user MIP start with objective 116.115

Presolve removed 4565 rows and 1748 columns
Presolve time: 4.80s
Presolved: 5344 rows, 3487 columns, 169548 nonzeros
Variable types: 2007 continuous, 1480 integer (1480 binary)
Root relaxation presolved: 5344 rows, 3487 columns, 169548 nonzeros


Root simplex log...

Iteration    Objective       Primal Inf.    Dual Inf.      Time
       0    5.7032073e+01   2.273855e+04   0.000000e+00      6s
    3541    1.0102307e+02   0.000000e+00   0.000000e+00      7s
    3541    1.0102307e+02   0.000000e+00   0.000000e+00      7s

Root relaxation: objective 1.010231e+02, 3541 iterations, 1.74 seconds (0.92 work units)

    Nodes    |    Current Node    |     Objective Bounds      |     Work
 Expl Unexpl |  Obj  Depth IntInf | Incumbent    BestBd   Gap | It/Node Time

     0     0  101.40277    0   40  116.11541  101.40277  12.7%     -    8s
H    0     0                     115.1987397  101.40277  12.0%     -    9s
     0     0  101.53207    0   96  115.19874  101.53207  11.9%     -   11s
H    0     0                     115.0320730  101.53207  11.7%     -   11s
     0     0  101.53207    0   96  115.03207  101.53207  11.7%     -   11s
     0     0  101.53207    0  146  115.03207  101.53207  11.7%     -   13s
     0     0  101.53207    0   64  115.03207  101.53207  11.7%     -   13s
     0     0  101.53207    0   30  115.03207  101.53207  11.7%     -   17s
     0     0  101.53207    0   94  115.03207  101.53207  11.7%     -   18s
     0     0  101.55102    0   30  115.03207  101.55102  11.7%     -   21s
     0     0  101.59195    0   34  115.03207  101.59195  11.7%     -   22s
     0     0  101.73433    0   68  115.03207  101.73433  11.6%     -   23s
     0     0  101.73501    0   63  115.03207  101.73501  11.6%     -   23s
     0     0  101.73990    0  154  115.03207  101.73990  11.6%     -   25s
     0     0  101.74136    0   83  115.03207  101.74136  11.6%     -   26s
     0     0  101.74136    0  138  115.03207  101.74136  11.6%     -   28s
H    0     0                     114.8654063  101.74136  11.4%     -   29s
     0     0  101.74145    0  123  114.86541  101.74145  11.4%     -   29s
     0     0  101.74353    0  165  114.86541  101.74353  11.4%     -   32s
     0     0  101.74380    0  151  114.86541  101.74380  11.4%     -   33s
     0     0  101.74587    0   95  114.86541  101.74587  11.4%     -   35s
     0     0  101.74587    0   94  114.86541  101.74587  11.4%     -   35s
     0     0  101.74587    0   85  114.86541  101.74587  11.4%     -   37s
     0     0  101.74587    0   61  114.86541  101.74587  11.4%     -   39s
     0     0  101.74587    0   48  114.86541  101.74587  11.4%     -   41s
     0     0  101.74611    0  131  114.86541  101.74611  11.4%     -   42s
     0     0  101.74611    0   38  114.86541  101.74611  11.4%     -   47s
     0     0  101.74624    0   46  114.86541  101.74624  11.4%     -   48s
     0     0  101.74645    0  182  114.86541  101.74645  11.4%     -   49s
     0     0  101.74645    0  198  114.86541  101.74645  11.4%     -   50s
     0     0  101.74646    0  211  114.86541  101.74646  11.4%     -   53s
     0     0  101.74646    0   94  114.86541  101.74646  11.4%     -   55s
     0     2  101.74646    0   76  114.86541  101.74646  11.4%     -   56s
     7    16  101.74734    3  211  114.86541  101.74734  11.4%   310   60s
    63    80  101.96713    7  192  114.86541  101.74738  11.4%   255   66s
H   87    96                     114.1154063  101.74739  10.8%   246   69s
    95   112  101.95958    9  203  114.11541  101.74739  10.8%   257   70s
H  127   144                     113.3654063  101.79145  10.2%   245   99s
H  128   144                     113.1987397  101.79145  10.1%   252   99s
   143   161  101.93674   12  239  113.19874  101.80175  10.1%   248  101s
   177   195  101.82323   14  266  113.19874  101.82323  10.0%   244  106s
   210   237  102.86626   16  176  113.19874  101.82395  10.0%   272  111s
   265   296  101.84669   18  296  113.19874  101.84669  10.0%   272  115s
   338   375  103.09641   24  204  113.19874  101.94980  9.94%   295  120s
   405   438  102.24088   25  298  113.19874  101.98842  9.90%   295  125s
   541   578  102.04470   28  301  113.19874  102.04470  9.85%   279  131s
   614   687  102.05302   30  316  113.19874  102.05302  9.85%   297  136s
   741   802  102.20682   34  251  113.19874  102.10124  9.80%   287  140s
   894   951  107.03253   38  129  113.19874  102.18496  9.73%   278  145s
  1024  1126  106.10279   38   85  113.19874  102.22352  9.70%   276  151s
  1222  1303  102.24270   41  312  113.19874  102.23804  9.68%   260  158s
  1302  1390  106.60440   42   68  113.19874  102.24863  9.67%   256  160s
  1501  1583  106.91821   37   70  113.19874  102.27312  9.65%   248  167s
  1586  1723  105.90876   46  144  113.19874  102.28823  9.64%   248  170s
  1877  2041  102.33696   49  244  113.19874  102.30900  9.62%   231  175s
  2053  2042  104.43607   44   94  113.19874  102.31343  9.62%   223  201s
  2055  2043  106.13700   39   50  113.19874  102.31343  9.62%   222  206s
  2056  2044  102.62998   31   54  113.19874  102.31343  9.62%   222  213s
  2057  2045  104.10164   27  122  113.19874  102.31343  9.62%   222  217s
  2058  2045  106.56064   40  174  113.19874  102.31343  9.62%   222  231s
  2064  2049  103.73387   33  313  113.19874  102.31343  9.62%   221  235s
  2065  2050  102.58666   41  346  113.19874  102.31343  9.62%   221  240s
  2066  2051  103.13522   43  145  113.19874  102.31343  9.62%   221  248s
  2069  2053  103.26455   15  353  113.19874  102.31343  9.62%   221  253s
  2070  2053  105.76886   15  265  113.19874  102.32526  9.61%   221  266s
  2072  2055  109.98482   50  331  113.19874  102.33834  9.59%   220  272s
  2073  2055  102.55911   32  219  113.19874  102.40769  9.53%   220  281s
  2077  2058  103.59514   30  286  113.19874  102.43482  9.51%   220  287s
  2078  2059  102.50638   14  285  113.19874  102.44200  9.50%   220  299s
  2080  2060  103.06975   56  360  113.19874  102.44811  9.50%   220  305s
  2081  2061  104.40876   47  330  113.19874  102.44931  9.50%   220  311s
  2083  2062  105.76886   15  356  113.19874  102.46217  9.48%   219  317s
  2084  2063  104.28677   63  318  113.19874  102.47482  9.47%   219  331s
  2085  2063  102.56658   46  270  113.19874  102.47482  9.47%   219  337s
  2086  2064  105.85665   37  270  113.19874  102.47482  9.47%   219  340s
  2087  2068  102.47482   11  269  113.19874  102.47482  9.47%   231  359s
  2089  2070  102.59316   12  232  113.19874  102.56750  9.39%   231  385s
  2093  2074  102.63055   13  354  113.19874  102.63055  9.34%   232  398s
  2100  2078  102.72082   14  332  113.19874  102.63216  9.33%   234  415s
  2128  2096  102.68944   16  324  113.19874  102.68944  9.28%   240  421s
  2160  2113  102.71247   18  217  113.19874  102.71247  9.26%   246  428s
  2176  2127  102.71720   19  192  113.19874  102.71284  9.26%   250  444s
  2196  2141  102.71721   20  205  113.19874  102.71721  9.26%   253  456s
  2218  2154  103.49591   21  214  113.19874  102.72140  9.26%   257  467s
  2238  2161  102.72206   24  297  113.19874  102.72206  9.26%   261  473s
  2254  2188  102.72213   25  337  113.19874  102.72213  9.26%   266  475s
  2287  2201  108.92582   27  286  113.19874  102.73333  9.25%   270  501s
H 2296  2094                     113.1987396  102.73343  9.25%   271  501s
  2341  2124  103.25863   31  185  113.19874  102.74488  9.23%   276  511s
H 2345  2024                     113.1987395  102.77078  9.21%   277  511s
  2357  2064  108.16352   33   96  113.19874  102.77925  9.20%   281  532s
H 2401  1971                     113.0320730  102.81112  9.04%   283  540s
  2464  2030  102.86036   39  334  113.03207  102.86036  9.00%   294  546s
  2497  2060  104.38006   40  176  113.03207  102.86878  8.99%   303  556s
  2586  2132  103.32972   50  313  113.03207  102.91528  8.95%   309  564s
H 2640  2086                     113.0320730  102.91945  8.95%   312  567s
  2801  2190  103.14628   66  292  113.03207  102.93200  8.94%   308  572s
  2858  2219  109.33560   74  228  113.03207  102.95362  8.92%   312  575s
  3032  2406  103.84831   87  297  113.03207  102.97750  8.90%   314  581s
  3195  2499  105.59084   60  197  113.03207  103.13367  8.76%   323  588s
  3300  2611  104.61792   69  204  113.03207  103.14790  8.74%   325  590s
  3452  2608  103.17252   75  260  113.03207  103.16895  8.73%   322  598s
  3499  2742  108.50245   40  173  113.03207  103.17922  8.72%   326  600s
  3819  2817  109.35790   53   84  113.03207  103.19816  8.70%   320  612s
  3837  2873  103.20252   62  286  113.03207  103.20252  8.70%   323  616s
  3900  3129  103.74275   63  235  113.03207  103.21483  8.69%   326  620s
  4381  3223  103.48896  110  271  113.03207  103.24120  8.66%   310  627s
  4442  3600  105.86976   39   57  113.03207  103.25263  8.65%   314  631s
  4841  3781  103.89386   54  336  113.03207  103.26021  8.65%   297  635s
  5163  3824  103.31810   69  288  113.03207  103.26338  8.64%   286  640s
  5377  4008  103.73871   67  277  113.03207  103.27560  8.63%   288  648s
  5596  4186  103.28520   86  181  113.03207  103.28359  8.62%   284  651s
  5852  4452  104.36098   34  140  113.03207  103.28711  8.62%   280  656s
  6210  4387  106.35153   68  284  113.03207  103.29029  8.62%   273  675s
  6267  4719  105.48368   70  129  113.03207  103.29587  8.61%   278  680s
  6622  4781  108.10651   55  135  113.03207  103.30153  8.61%   272  685s
  6808  5134  103.31464   93  271  113.03207  103.30771  8.60%   272  690s
  7268  5480  103.31608   89  189  113.03207  103.31471  8.60%   264  695s
H 7445  5480                     113.0320730  103.31708  8.59%   261  696s
  7768  5626  112.20676   99  154  113.03207  103.31986  8.59%   255  701s
  7914  6244  105.69204   60  223  113.03207  103.32791  8.59%   256  706s
H 8236  6244                     113.0320730  103.32978  8.58%   249  706s
  8538  6764  112.17298   84  141  113.03207  103.33283  8.58%   244  712s
  9070  7169  104.44656   29  239  113.03207  103.33877  8.58%   237  718s
  9489  7242  105.70135   63  109  113.03207  103.34384  8.57%   233  724s
  9562  7271  103.98026   63  324  113.03207  103.35228  8.56%   236  731s
  9595  7792  103.35651   75  265  113.03207  103.35578  8.56%   237  738s
 10126  8294  107.37656  117  263  113.03207  103.35831  8.56%   231  744s
H10335  8294                     113.0320730  103.36020  8.56%   230  745s
 10631  8632  109.07696   71  225  113.03207  103.36289  8.55%   228  752s
H10739  8632                     113.0320729  103.36508  8.55%   228  752s
 10982  9531  103.59249   71  256  113.03207  103.36788  8.55%   226  760s
 11899  9848  104.40875   58  203  113.03207  103.37104  8.55%   216  767s
 12231 10274  112.50753  100  184  113.03207  103.37465  8.54%   215  775s
 12668 10431  112.80712   80  146  113.03207  103.38013  8.54%   212  785s
H12815 10431                     113.0320729  103.38347  8.54%   213  785s
 12830 11264  112.47097   84  241  113.03207  103.38466  8.54%   213  794s
 13739 12043  110.12039  122  264  113.03207  103.38855  8.53%   207  803s
 14576 12154  103.60375   52  206  113.03207  103.39187  8.53%   203  811s
 14697 13276  103.55055   97  147  113.03207  103.39560  8.53%   204  821s
 15867 14304  106.41349  123  227  113.03207  103.39740  8.52%   197  833s
 17003 15182  104.43426   51  197  113.03207  103.40147  8.52%   190  842s
 17891 16197  106.76263   59  163  113.03207  103.40597  8.52%   187  852s
 18986 16790  104.93521   41  208  113.03207  103.40947  8.51%   183  865s
 19631 16813  107.61161   24  163  113.03207  103.41334  8.51%   182  877s
 19664 16936  111.89732   29   94  113.03207  103.41699  8.51%   183  889s
 19789 18256  103.72962   65  239  113.03207  103.42095  8.50%   183  901s
 21200 19963  104.97905   46  263  113.03207  103.42427  8.50%   177  920s
 22990 20895  105.39663   55   82  113.03207  103.43041  8.49%   173  933s
 23992 21745  103.43369   53  221  113.03207  103.43369  8.49%   170  942s
 24911 22364  109.81105   57  134  113.03207  103.43656  8.49%   168  952s
 25552 22593     cutoff   81       113.03207  103.44297  8.48%   168  966s
 25794 22837  112.80555   75   85  113.03207  103.44693  8.48%   169  981s
H25828 22837                     113.0320729  103.44720  8.48%   169  981s
 26063 23835  103.44832   49  345  113.03207  103.44832  8.48%   169  993s
H26784 23835                     113.0320729  103.45187  8.48%   169  993s
 27182 25098  108.22829   51  209  113.03207  103.45295  8.47%   167 1007s
 28502 25263  105.41932   73  179  113.03207  103.45734  8.47%   164 1032s
 28680 26538  103.94210   66  214  113.03207  103.45993  8.47%   164 1047s
 30324 27625  103.46680   38  288  113.03207  103.46274  8.47%   161 1062s
 31613 29042  103.74706  107  215  113.03207  103.46677  8.46%   160 1079s
 33113 30170  103.80013   78  286  113.03207  103.47015  8.46%   157 1093s
 34376 30338  105.90697   81  130  113.03207  103.47675  8.45%   155 1108s
 34565 31586  104.85017   35  278  113.03207  103.47816  8.45%   156 1127s
 35930 33026  103.47892   43  185  113.03207  103.47892  8.45%   154 1170s
H36883 33026                     113.0320729  103.47998  8.45%   154 1171s
 37449 33193  103.47999   50  180  113.03207  103.47999  8.45%   153 1203s
 37640 34778  105.51027   52  265  113.03207  103.48030  8.45%   153 1229s
 38629 34778  108.02746  112  208  113.03207  103.48963  8.44%   152 1230s
 39388 36143  112.55882  101  168  113.03207  103.49300  8.44%   152 1253s
 40882 37522  109.16229   75  126  113.03207  103.49812  8.43%   151 1279s
 42600 40015  106.55105   67  179  113.03207  103.50187  8.43%   150 1310s
H43001 40015                     113.0320729  103.50261  8.43%   150 1310s
 45327 41225     cutoff   64       113.03207  103.50735  8.43%   149 1336s
H46092 41225                     113.0320728  103.50894  8.43%   148 1336s
 46766 42050  103.92572  124  167  113.03207  103.51507  8.42%   148 1362s
H47554 42050                     113.0320727  103.51742  8.42%   149 1362s
H47581 42050                     113.0320723  103.51745  8.42%   149 1362s
 47688 42220  108.64906   93  106  113.03207  103.51971  8.42%   149 1379s
 47865 44223  105.44942   77  139  113.03207  103.52293  8.41%   149 1399s
 49710 44223  105.92984  141  189  113.03207  103.52483  8.41%   149 1400s
 50225 46225  103.62621   64  231  113.03207  103.52870  8.41%   148 1420s
 52546 47577  104.08663   57  237  113.03207  103.53618  8.40%   147 1438s
 54204 49056  103.56019   56  180  113.03207  103.53812  8.40%   147 1457s
 55791 50826  104.39345   56  180  113.03207  103.53867  8.40%   147 1476s
 57746 52181  105.48757   50  111  113.03207  103.54967  8.39%   146 1494s
 59209 52181  104.21819  103  300  113.03207  103.55599  8.38%   146 1495s
 59278 52385  107.10253   62  210  113.03207  103.55694  8.38%   145 1538s
 59487 54111     cutoff   79       113.03207  103.55979  8.38%   146 1560s
 61436 56234  103.76285   78  307  113.03207  103.56282  8.38%   146 1581s
 63792 56749  105.52124   67  267  113.03207  103.57230  8.37%   145 1603s
 64384 58979  106.68176   38  205  113.03207  103.57400  8.37%   145 1681s
 67215 63043  104.28917   48  265  113.03207  103.57920  8.36%   144 1734s
 71922 65353  104.57034   58  213  113.03207  103.59087  8.35%   144 1765s
 74708 67522  103.88972   78  298  113.03207  103.60148  8.34%   143 1801s
 77178 69425  104.75204   98  180  113.03207  103.60698  8.34%   142 1829s
 77577 69425  104.16586   63  348  113.03207  103.60816  8.34%   142 1830s
 79321 71505  104.15216   93  183  113.03207  103.61257  8.33%   142 1861s
 81781 73558  105.50882   76  232  113.03207  103.61899  8.33%   142 1889s
 84397 75535  103.84435  132  274  113.03207  103.62305  8.32%   140 1919s
 87055 76200  104.44950   64  300  113.03207  103.62997  8.32%   140 1937s
*87108 75499              77     112.6154063  103.63007  7.98%   140 1937s
H87989 76556                     112.4487397  103.63134  7.84%   140 1960s
 89808 78064  104.03715   67  239  112.44874  103.63495  7.84%   140 1986s
 91567 78465  105.15499   91  274  112.44874  103.64015  7.83%   140 2008s
 92000 79831  109.34812   97  230  112.44874  103.64253  7.83%   140 2032s
 93604 81477  104.68208   67  300  112.44874  103.64698  7.83%   141 2064s
 95497 82865  103.76294   52  158  112.44874  103.65271  7.82%   141 2119s
 95948 82865  104.31925   99  334  112.44874  103.65335  7.82%   141 2120s
 97210 83081  103.92814   71  120  112.44874  103.65625  7.82%   141 2166s
 97452 85101  103.69534  115  184  112.44874  103.65739  7.82%   141 2199s
 99791 87046     cutoff  106       112.44874  103.66256  7.81%   141 2227s
 102154 88892  109.08289   78  118  112.44874  103.66698  7.81%   141 2259s
 104237 89436  103.73882   48  194  112.44874  103.66963  7.81%   140 2285s
 104841 89633  109.13243   71  202  112.44874  103.67210  7.81%   141 2348s
 105128 102835  108.75058   72  187  112.44874  103.67375  7.80%   141 2549s
 108131 102835  104.18185  125  277  112.44874  103.67473  7.80%   140 2550s
 121144 102993  104.66608   80  209  112.44874  103.70180  7.78%   137 2572s
 121325 104323  103.99330   64  258  112.44874  103.70442  7.78%   137 2595s
 122905 106318  103.91540   78  169  112.44874  103.70855  7.77%   137 2620s
 125406 106562     cutoff   72       112.44874  103.71221  7.77%   136 2668s
 125669 119519  103.83644   62  197  112.44874  103.71384  7.77%   137 2829s
 128672 119519  107.46184   81  244  112.44874  103.71436  7.77%   136 2830s
 141685 119683  111.50478   71  181  112.44874  103.73334  7.75%   133 2867s
 141865 121360  105.30743   77  226  112.44874  103.73705  7.75%   134 2890s
 143807 123061  108.34264   58  137  112.44874  103.74095  7.74%   133 2917s
 145742 123239  104.30665   55  303  112.44874  103.74402  7.74%   133 2955s
 145965 125670  103.91662   80  169  112.44874  103.74560  7.74%   134 2988s
 148876 126672  105.05114   34  145  112.44874  103.74967  7.74%   133 3013s
 150345 128239  104.05898  114  179  112.44874  103.75260  7.73%   133 3037s
 152286 129902  107.86167   86  243  112.44874  103.75607  7.73%   133 3059s
 152612 129902  103.98936  119  183  112.44874  103.75640  7.73%   133 3060s
 154315 130146  108.09705   83  131  112.44874  103.75993  7.73%   133 3100s
 154592 131890  104.20369  124  190  112.44874  103.76139  7.73%   133 3127s
 156911 133665  106.60041   71  151  112.44874  103.76430  7.72%   133 3159s
 158975 135381  108.54362   81  156  112.44874  103.76789  7.72%   133 3184s
 161120 135587  106.24570   85  147  112.44874  103.77062  7.72%   133 3217s
 161369 136967     cutoff   86       112.44874  103.77180  7.72%   133 3243s
 163162 138831     cutoff   69       112.44874  103.77352  7.71%   133 3267s
 165562 140757  104.16222   84  228  112.44874  103.77712  7.71%   133 3294s
 167344 140757  107.24893  117  178  112.44874  103.77850  7.71%   133 3295s
 167795 140994     cutoff  105       112.44874  103.77993  7.71%   133 3332s
 168049 153969  104.11612  100  104  112.44874  103.78082  7.71%   133 3498s
 172551 153969  104.07378   98  220  112.44874  103.78125  7.71%   133 3500s
 184065 154168  103.80012   42  333  112.44874  103.79638  7.69%   132 3531s
 184297 155162  105.64609   72  121  112.44874  103.79820  7.69%   132 3598s
H184674 155162                     112.4487396  103.79860  7.69%   132 3599s
 185464 156919  105.24850   78  203  112.44874  103.79956  7.69%   133 3633s
 187487 157093  105.20793   90  249  112.44874  103.80036  7.69%   132 3668s
 187693 159215  105.78419   55  121  112.44874  103.80237  7.69%   132 3696s
 190492 161224  105.74873  113  310  112.44874  103.80545  7.69%   132 3730s
 193092 161390  103.90435   60  129  112.44874  103.80857  7.68%   132 3761s
 193295 163369  103.88613   50  156  112.44874  103.81015  7.68%   132 3793s
 195809 165301     cutoff  125       112.44874  103.81247  7.68%   132 3820s
 198108 165591  104.13893   76  217  112.44874  103.81498  7.68%   132 3864s
 198454 167219  104.35024  121  125  112.44874  103.81699  7.68%   132 3889s
 200896 169241  107.51345   97  178  112.44874  103.81932  7.67%   132 3914s
 203211 170648  108.48905   74  154  112.44874  103.82266  7.67%   132 3938s
 205239 172677     cutoff   86       112.44874  103.82734  7.67%   132 3968s
 207747 173383  105.02470  122  210  112.44874  103.83014  7.66%   132 3994s
 208564 175487  106.43607   91  129  112.44874  103.83166  7.66%   132 4022s
 211114 177616  106.92569  115  211  112.44874  103.83477  7.66%   131 4060s
 213851 178823  104.75450  100  284  112.44874  103.83761  7.66%   131 4087s
H215166 178823                     112.4487396  103.84002  7.66%   131 4087s
 215316 179051  108.43405   87  131  112.44874  103.84032  7.66%   131 4116s
 215562 181442  106.44768   96  173  112.44874  103.84163  7.65%   131 4149s
 215981 181442  105.84232   97  119  112.44874  103.84176  7.65%   131 4150s
 218509 183314  104.85814   78  160  112.44874  103.84471  7.65%   131 4178s
 220978 185125  110.57006   56  280  112.44874  103.84776  7.65%   131 4209s
 223244 186861  108.65916   78  231  112.44874  103.84977  7.65%   131 4238s
 225471 188764     cutoff   72       112.44874  103.85317  7.64%   131 4268s
 227793 188972     cutoff  116       112.44874  103.85589  7.64%   131 4292s
 228031 190890  110.07754   69   82  112.44874  103.85748  7.64%   131 4316s
 230688 193269  103.94351  113  231  112.44874  103.85956  7.64%   131 4346s
 233602 195571  105.89902   87  186  112.44874  103.86198  7.64%   131 4383s
 236503 197294  104.80022   65  171  112.44874  103.86621  7.63%   131 4410s
 238744 197524     cutoff   47       112.44874  103.86774  7.63%   131 4509s
 239042 199622  106.33736   69  185  112.44874  103.86878  7.63%   131 4544s
 240202 199622     cutoff   76       112.44874  103.86943  7.63%   131 4545s
 241669 201225  104.19759  117  218  112.44874  103.87140  7.63%   131 4571s
 243786 201418  104.86056   86  263  112.44874  103.87464  7.62%   131 4596s
 244050 203287  104.05831   69  136  112.44874  103.87537  7.62%   131 4628s
 246511 205184     cutoff   66       112.44874  103.87753  7.62%   131 4654s
 248836 207096  105.95228  115  160  112.44874  103.88129  7.62%   131 4684s
 249008 207096  104.09383  102  294  112.44874  103.88133  7.62%   131 4685s
 251150 207449  106.35318   94  129  112.44874  103.88457  7.62%   131 4781s
 251601 209423  104.65076  111  191  112.44874  103.88584  7.61%   131 4808s
 254205 209688     cutoff   88       112.44874  103.88838  7.61%   131 4854s
 254542 221875  103.99669   79  259  112.44874  103.89009  7.61%   131 5056s
 270558 222041  106.54928   86  110  112.44874  103.90361  7.60%   130 5109s
H270628 222041                     112.4487396  103.90365  7.60%   130 5109s
 270756 222266  112.07025   95  190  112.44874  103.90393  7.60%   130 5143s
 271022 224014  106.91416   84  247  112.44874  103.90451  7.60%   131 5170s
 273211 225222  105.44620   80  199  112.44874  103.90753  7.60%   131 5199s
 274962 227023 infeasible   94       112.44874  103.90944  7.59%   131 5235s
 277468 227841  104.27281   36  125  112.44874  103.91338  7.59%   131 5270s
 278652 229731  110.88237  146  205  112.44874  103.91592  7.59%   131 5299s
 279738 229731     cutoff  126       112.44874  103.91624  7.59%   131 5300s
 281159 230061  103.91952   60  177  112.44874  103.91925  7.59%   131 5336s
 281599 232606  105.87133   97  184  112.44874  103.92024  7.58%   131 5373s
 284808 234933     cutoff  125       112.44874  103.92435  7.58%   131 5408s
 287926 237158  108.77371   92  185  112.44874  103.92751  7.58%   131 5443s
 290599 239026     cutoff   71       112.44874  103.93024  7.58%   131 5477s
 293060 239241  106.33243   64  138  112.44874  103.93301  7.57%   131 5513s
 293308 241450  104.66906   65  172  112.44874  103.93458  7.57%   131 5545s
 296262 243688  106.89136   49  195  112.44874  103.93815  7.57%   131 5587s
 299165 243840  109.96699   90  195  112.44874  103.94178  7.57%   131 5610s
 299409 246034  104.05761   98  122  112.44874  103.94299  7.56%   131 5646s
 302280 247841  104.07191   91  153  112.44874  103.94413  7.56%   131 5678s
 304873 248447  108.24793   87  241  112.44874  103.94932  7.56%   131 5709s
 305640 250512  105.44358   72  229  112.44874  103.95063  7.56%   131 5738s
 308454 250778  106.83016   69  243  112.44874  103.95362  7.55%   131 5767s
 308801 252750  104.50377   92  132  112.44874  103.95491  7.55%   131 5795s
 311602 254482  109.55863   98  124  112.44874  103.95812  7.55%   131 5827s
 313893 256301  110.78569  103  129  112.44874  103.96049  7.55%   131 5862s
 316393 256490  104.74828   97  198  112.44874  103.96386  7.55%   131 5891s
 316605 258664  104.76165   72  186  112.44874  103.96509  7.54%   131 5932s
 319431 261026  105.22516   56  195  112.44874  103.96726  7.54%   131 5969s
 322463 262975  110.85181  104  261  112.44874  103.97087  7.54%   131 5991s
 324911 263150  104.29157   88  195  112.44874  103.97405  7.54%   130 6017s
 325108 265051  106.86671   63  141  112.44874  103.97536  7.54%   130 6041s
H325537 265051                     112.4487396  103.97539  7.54%   130 6041s
 327627 265374  104.19459  127  211  112.44874  103.97742  7.53%   130 6175s
H327996 265374                     112.4487395  103.97778  7.53%   130 6176s
 328089 265848  104.55933  110  207  112.44874  103.97805  7.53%   130 6210s
 328703 267751  105.37159  129  201  112.44874  103.97952  7.53%   130 6243s
H330756 267751                     112.4487395  103.98012  7.53%   130 6244s
 331158 268907     cutoff  104       112.44874  103.98236  7.53%   130 6278s
H331159 268907                     112.4487394  103.98236  7.53%   130 6279s
 332772 269786     cutoff   74       112.44874  103.98443  7.53%   130 6306s
 333871 271924  105.35790  101  271  112.44874  103.98608  7.53%   130 6338s
 336866 274098 infeasible   85       112.44874  103.98888  7.52%   130 6370s
 339864 274333  104.17053  103  118  112.44874  103.99262  7.52%   130 6412s
 340192 285021  105.47867   90   75  112.44874  103.99342  7.52%   130 6570s
 356208 285211  109.90223  119  128  112.44874  104.00513  7.51%   129 6600s
 356468 285321  104.69511   97  324  112.44874  104.00557  7.51%   129 6632s
H356548 285321                     112.4487394  104.00584  7.51%   129 6633s
 356631 287123  108.99983   66   75  112.44874  104.00602  7.51%   129 6657s
 359146 288738  111.57965   78  175  112.44874  104.00848  7.51%   129 6686s
 361421 290747  105.40259   79  129  112.44874  104.01104  7.50%   129 6743s
 364157 290974     cutoff  139       112.44874  104.01305  7.50%   129 6781s
 364437 292884  107.41113   77  161  112.44874  104.01443  7.50%   129 6826s
 367086 295925  104.13721   69  267  112.44874  104.01668  7.50%   129 6862s
 371254 296154  106.76851   84   90  112.44874  104.02045  7.50%   129 6894s
 371544 298393  104.78449  131  320  112.44874  104.02197  7.49%   129 6927s
 374560 300429  106.42851   99  121  112.44874  104.02364  7.49%   129 6956s
 377352 302257  107.39173  105  149  112.44874  104.02801  7.49%   129 6991s
 379726 303794  106.17943   67  135  112.44874  104.03064  7.49%   129 7020s
 381732 304010     cutoff   74       112.44874  104.03407  7.48%   129 7053s
 382006 306326     cutoff   91       112.44874  104.03514  7.48%   129 7087s
 385175 307926  106.16507   63  222  112.44874  104.03875  7.48%   129 7119s
 387320 309785  107.03607  118  159  112.44874  104.04043  7.48%   129 7147s
 389888 311607  105.87399  118  203  112.44874  104.04332  7.47%   129 7176s
 392525 311811  112.07586   92  145  112.44874  104.04576  7.47%   129 7200s

Cutting planes:
  Gomory: 113
  Lift-and-project: 24
  Cover: 143
  Implied bound: 1378
  Clique: 1
  MIR: 1523
  Flow cover: 2375
  Inf proof: 92
  Zero half: 63
  Network: 3
  RLT: 113
  Relax-and-lift: 227

Explored 392810 nodes (50661629 simplex iterations) in 7200.25 seconds (2944.87 work units)
Thread count was 32 (of 32 available processors)

Solution count 10: 112.449 112.449 112.449 ... 112.615

Time limit reached
Best objective 1.124487394324e+02, best bound 1.040473775898e+02, gap 7.4713%
