
Gurobi 9.5.2 (linux64) logging started Thu Aug 13 16:37:40 2026

Set parameter LogFile to value "/mnt/beegfs/users/celinep/ChargeAndBreak/logs/oracle_RshortCfewTtight_25__cs100_gurobi.log"
Gurobi Optimizer version 9.5.2 build v9.5.2rc0 (linux64)
Thread count: 16 physical cores, 32 logical processors, using up to 32 threads
Optimize a model with 2270 rows, 1182 columns and 15074 nonzeros
Model fingerprint: 0x0ddf40d6
Variable types: 759 continuous, 423 integer (423 binary)
Coefficient statistics:
  Matrix range     [5e-02, 5e+02]
  Objective range  [5e-01, 1e+00]
  Bounds range     [1e+00, 2e+01]
  RHS range        [6e-03, 5e+02]

User MIP start produced solution with objective 34.1271 (0.01s)
Loaded user MIP start with objective 34.1271

Presolve removed 938 rows and 340 columns
Presolve time: 0.07s
Presolved: 1332 rows, 842 columns, 9009 nonzeros
Variable types: 513 continuous, 329 integer (327 binary)
Root relaxation presolve removed 19 rows and 11 columns
Root relaxation presolved: 1313 rows, 831 columns, 8146 nonzeros


Root relaxation: objective 3.348751e+01, 885 iterations, 0.05 seconds (0.03 work units)

    Nodes    |    Current Node    |     Objective Bounds      |     Work
 Expl Unexpl |  Obj  Depth IntInf | Incumbent    BestBd   Gap | It/Node Time

     0     0   33.48751    0    8   34.12709   33.48751  1.87%     -    0s
H    0     0                      33.9589593   33.48751  1.39%     -    0s
H    0     0                      33.9258908   33.48751  1.29%     -    0s

Cutting planes:
  Gomory: 5
  Lift-and-project: 4
  Cover: 2
  Implied bound: 3
  MIR: 8
  Flow cover: 20
  RLT: 3

Explored 1 nodes (916 simplex iterations) in 0.25 seconds (0.12 work units)
Thread count was 32 (of 32 available processors)

Solution count 3: 33.9259 33.959 34.1271 

Optimal solution found (tolerance 5.00e-03)
Best objective 3.392589082026e+01, best bound 3.378643379038e+01, gap 0.4111%
