
Gurobi 9.5.2 (linux64) logging started Wed Aug 12 20:01:34 2026

Set parameter LogFile to value "/mnt/beegfs/users/celinep/ChargeAndBreak/logs/oracle_RlongCmanyTtight_2__kw150_gurobi.log"
Gurobi Optimizer version 9.5.2 build v9.5.2rc0 (linux64)
Thread count: 16 physical cores, 32 logical processors, using up to 32 threads
Optimize a model with 10109 rows, 5311 columns and 197910 nonzeros
Model fingerprint: 0x03644203
Variable types: 3345 continuous, 1966 integer (1966 binary)
Coefficient statistics:
  Matrix range     [3e-02, 2e+03]
  Objective range  [5e-01, 1e+00]
  Bounds range     [1e+00, 6e+01]
  RHS range        [6e-02, 5e+02]

User MIP start did not produce a new incumbent solution

Presolve removed 3119 rows and 988 columns
Presolve time: 2.66s
Presolved: 6990 rows, 4323 columns, 178605 nonzeros
Variable types: 2573 continuous, 1750 integer (1750 binary)
Found heuristic solution: objective 2169.3373404
Root relaxation presolve removed 187 rows and 121 columns
Root relaxation presolved: 6803 rows, 4202 columns, 138497 nonzeros


Root simplex log...

Iteration    Objective       Primal Inf.    Dual Inf.      Time
    2833    8.9599638e+01   1.077657e+05   0.000000e+00      5s
    5081    1.5040532e+02   0.000000e+00   0.000000e+00      6s
    5081    1.5040532e+02   0.000000e+00   0.000000e+00      6s

Root relaxation: objective 1.504053e+02, 5081 iterations, 2.54 seconds (1.06 work units)
Another try with MIP start

    Nodes    |    Current Node    |     Objective Bounds      |     Work
 Expl Unexpl |  Obj  Depth IntInf | Incumbent    BestBd   Gap | It/Node Time

     0     0  150.40532    0   71 2169.33734  150.40532  93.1%     -    7s
     0     0  150.56178    0  120 2169.33734  150.56178  93.1%     -    8s
     0     0  150.56495    0  118 2169.33734  150.56495  93.1%     -    9s
     0     0  150.67973    0  133 2169.33734  150.67973  93.1%     -   11s
     0     0  150.70160    0  136 2169.33734  150.70160  93.1%     -   12s
     0     0  150.80210    0  227 2169.33734  150.80210  93.0%     -   13s
     0     0  150.82021    0  233 2169.33734  150.82021  93.0%     -   13s
     0     0  150.90713    0  179 2169.33734  150.90713  93.0%     -   15s
     0     0  150.93235    0  210 2169.33734  150.93235  93.0%     -   15s
     0     0  150.98181    0  191 2169.33734  150.98181  93.0%     -   17s
     0     0  150.98529    0  228 2169.33734  150.98529  93.0%     -   17s
     0     0  151.05745    0  195 2169.33734  151.05745  93.0%     -   19s
     0     0  151.06585    0  198 2169.33734  151.06585  93.0%     -   19s
     0     0  151.06609    0  226 2169.33734  151.06609  93.0%     -   19s
     0     0  151.06799    0  232 2169.33734  151.06799  93.0%     -   20s
     0     0  151.06875    0  224 2169.33734  151.06875  93.0%     -   20s
     0     0  151.06886    0  253 2169.33734  151.06886  93.0%     -   20s
     0     0  151.14325    0  214 2169.33734  151.14325  93.0%     -   22s
     0     0  151.16988    0  192 2169.33734  151.16988  93.0%     -   22s
     0     0  151.17383    0  196 2169.33734  151.17383  93.0%     -   23s
     0     0  151.17410    0  204 2169.33734  151.17410  93.0%     -   23s
     0     0  151.17410    0  205 2169.33734  151.17410  93.0%     -   23s
     0     0  151.18622    0  222 2169.33734  151.18622  93.0%     -   25s
     0     0  151.18661    0  232 2169.33734  151.18661  93.0%     -   25s
     0     0  151.18676    0  231 2169.33734  151.18676  93.0%     -   26s
     0     0  151.18691    0  236 2169.33734  151.18691  93.0%     -   26s
     0     0  151.21022    0  234 2169.33734  151.21022  93.0%     -   27s
     0     0  151.21077    0  241 2169.33734  151.21077  93.0%     -   28s
     0     0  151.21082    0  239 2169.33734  151.21082  93.0%     -   28s
     0     0  151.21650    0  241 2169.33734  151.21650  93.0%     -   29s
     0     0  151.22011    0  267 2169.33734  151.22011  93.0%     -   30s
     0     0  151.22016    0  273 2169.33734  151.22016  93.0%     -   30s
     0     0  151.22372    0  255 2169.33734  151.22372  93.0%     -   33s
     0     0  151.22895    0  263 2169.33734  151.22895  93.0%     -   33s
     0     0  151.22957    0  265 2169.33734  151.22957  93.0%     -   33s
     0     0  151.22985    0  250 2169.33734  151.22985  93.0%     -   33s
     0     0  151.22985    0  251 2169.33734  151.22985  93.0%     -   34s
     0     0  151.23766    0  252 2169.33734  151.23766  93.0%     -   35s
     0     0  151.23959    0  257 2169.33734  151.23959  93.0%     -   35s
     0     0  151.23974    0  275 2169.33734  151.23974  93.0%     -   36s
     0     0  151.24460    0  251 2169.33734  151.24460  93.0%     -   37s
     0     0  151.24471    0  256 2169.33734  151.24471  93.0%     -   37s
     0     0  151.24633    0  292 2169.33734  151.24633  93.0%     -   39s
     0     0  151.24673    0  302 2169.33734  151.24673  93.0%     -   39s
     0     0  151.24683    0  306 2169.33734  151.24683  93.0%     -   39s
     0     0  151.24750    0  290 2169.33734  151.24750  93.0%     -   42s
     0     0  151.24759    0  285 2169.33734  151.24759  93.0%     -   42s
     0     0  151.24776    0  285 2169.33734  151.24776  93.0%     -   44s
     0     0  151.24776    0  255 2169.33734  151.24776  93.0%     -   47s
     0     2  151.24776    0  233 2169.33734  151.24776  93.0%     -   49s
     1     4  151.25283    1  225 2169.33734  151.25283  93.0%   970   51s
    15    32  151.26911    4  278 2169.33734  151.26328  93.0%   482   55s
    63    80  151.51764    7  281 2169.33734  151.27820  93.0%   486   67s
    79    96  151.60423    8  237 2169.33734  151.27888  93.0%   490   70s
H   80    96                    2153.5379107  151.27888  93.0%   484   70s
H   83    96                    2135.2045774  151.27932  92.9%   487   70s
H   88    96                    2111.3063556  151.27932  92.8%   505   70s
   111   131  151.51998   10  317 2111.30636  151.28248  92.8%   539   75s
H  130   147                    1940.0530173  151.28304  92.2%   557   79s
H  134   147                    1851.3898344  151.28951  91.8%   559   79s
H  140   147                    1674.4774966  151.28951  91.0%   564   79s
   146   169  151.30210   13  278 1674.47750  151.29561  91.0%   566   81s
H  184   201                     197.7959400  151.30998  23.5%   598  102s
H  187   201                     186.4507550  151.31366  18.8%   594  102s
   200   217  151.33467   17  338  186.45075  151.32216  18.8%   588  105s
H  232   249                     186.4445269  151.35001  18.8%   610  134s
H  233   249                     186.4187553  151.35001  18.8%   612  134s
H  236   249                     186.4036515  151.36018  18.8%   607  134s
H  237   249                     186.1762613  151.36018  18.7%   607  134s
H  239   249                     162.6263353  151.36018  6.93%   610  134s
   248   266  151.37408   20  370  162.62634  151.37408  6.92%   616  137s
   271   290  151.46804   21  390  162.62634  151.37408  6.92%   624  140s
   317   336  151.55206   23  425  162.62634  151.37608  6.92%   636  145s
   368   387  151.76902   29  440  162.62634  151.37797  6.92%   680  152s
   392   417  151.38241   36  400  162.62634  151.38241  6.91%   670  155s
   445   494  151.39108   40  401  162.62634  151.39108  6.91%   684  162s
   499   542  151.39385   41  374  162.62634  151.39385  6.91%   669  165s
   584   613  154.63672   50  329  162.62634  151.42259  6.89%   674  172s
   618   664  151.42259   56  406  162.62634  151.42259  6.89%   683  175s
   706   770  151.43387   66  462  162.62634  151.43387  6.88%   687  182s
   775   838  151.52045   68  335  162.62634  151.43970  6.88%   671  186s
   843   909  151.92728   60  370  162.62634  151.49224  6.85%   657  190s
   977  1032  151.51341   18  325  162.62634  151.50247  6.84%   648  196s
  1037  1147  151.50720   48  392  162.62634  151.50720  6.84%   646  201s
  1152  1225  151.64634   57  422  162.62634  151.50720  6.84%   616  205s
  1357  1394  151.50970   39  401  162.62634  151.50970  6.84%   582  220s
H 1397  1394                     162.0088669  151.50970  6.48%   581  220s
  1399  1530  151.82981   41  350  162.00887  151.50970  6.48%   584  225s
  1636  1711  161.06210   84  537  162.00887  151.53177  6.47%   556  234s
  1716  1891  155.25366   62  385  162.00887  151.53888  6.46%   559  240s
  1896  2066  152.18701   42  264  162.00887  151.53919  6.46%   538  245s
H 2071  2066                     162.0083314  151.54054  6.46%   518  250s
  2072  2067  151.66910   11  255  162.00833  151.54054  6.46%   518  270s
  2074  2068  151.57283   28   75  162.00833  151.54054  6.46%   518  275s
  2078  2071  151.59320   69  218  162.00833  151.54054  6.46%   517  280s
  2081  2073  152.01167   37  145  162.00833  151.59935  6.42%   516  291s
  2085  2076  151.90114   78  216  162.00833  151.90114  6.24%   515  297s
  2086  2076  151.95991   28  136  162.00833  151.95991  6.20%   515  306s
  2089  2078  152.74696   44  225  162.00833  152.00699  6.17%   514  313s
H 2089  1973                     161.4473191  152.00699  5.85%   514  319s
  2090  1974  152.22319   53  221  161.44732  152.02150  5.84%   514  324s
H 2090  1875                     160.9473191  152.02150  5.55%   514  324s
  2091  1876  152.04920   36  204  160.94732  152.04920  5.53%   513  329s
  2092  1876  152.05534   43  115  160.94732  152.05534  5.52%   513  337s
  2093  1877  154.44664   28  169  160.94732  152.05792  5.52%   513  342s
  2094  1878  152.06535   30  168  160.94732  152.06535  5.52%   513  352s
  2095  1878  154.14195   36  160  160.94732  152.07331  5.51%   512  356s
H 2095  1784                     160.6851397  152.07331  5.36%   512  359s
  2096  1785  157.83124   50  157  160.68514  152.09649  5.35%   512  365s
  2098  1786  154.15309    6  157  160.68514  152.09649  5.35%   512  371s
  2099  1789  152.09649   13  151  160.68514  152.09649  5.35%   522  383s
  2101  1790  152.09649   14  188  160.68514  152.09649  5.35%   522  400s
  2104  1792  152.09649   15  273  160.68514  152.09649  5.35%   522  419s
  2109  1796  152.09649   16  264  160.68514  152.09649  5.35%   522  427s
  2117  1802  152.09649   17  239  160.68514  152.09649  5.35%   522  432s
  2130  1814  152.09649   18  222  160.68514  152.09649  5.35%   523  435s
  2162  1830  152.09649   20  200  160.68514  152.09649  5.35%   526  442s
  2178  1839  152.10959   21  211  160.68514  152.10959  5.34%   528  447s
H 2185  1746                     160.6504866  152.11014  5.32%   531  447s
H 2188  1660                     160.4511750  152.11014  5.20%   532  447s
  2213  1689  152.13866   23  208  160.45118  152.13866  5.18%   534  456s
H 2237  1622                     160.3739730  152.14286  5.13%   540  458s
  2260  1643  152.14553   27  216  160.37397  152.14550  5.13%   541  464s
H 2290  1574                     160.3441278  152.17069  5.10%   541  468s
  2309  1590 infeasible   30       160.34413  152.18283  5.09%   545  470s
H 2340  1523                     160.3149888  152.18860  5.07%   547  483s
H 2345  1451                     160.2770133  152.19628  5.04%   548  483s
  2356  1480  152.21883   32  245  160.27701  152.19953  5.04%   551  485s
  2393  1484  153.38528   33  245  160.27701  152.24593  5.01%   554  490s
H 2394  1418                     160.2666620  152.24593  5.00%   554  490s
H 2396  1355                     160.2498690  152.27816  4.97%   554  490s
H 2403  1293                     160.1833287  152.27816  4.94%   555  490s
  2455  1345  154.09732   38  180  160.18333  152.27953  4.93%   557  495s
H 2471  1283                     160.1480928  152.27953  4.91%   557  495s
H 2472  1230                     160.0647595  152.27953  4.86%   558  495s
  2489  1260  152.34336   42   77  160.06476  152.27953  4.86%   559  502s
  2534  1278  158.52560   44  147  160.06476  152.29108  4.86%   562  506s
  2573  1323  152.29428   45  173  160.06476  152.29348  4.86%   563  511s
  2637  1341  152.29734   48  211  160.06476  152.29563  4.85%   559  517s
  2686  1372  152.30447   51  242  160.06476  152.30447  4.85%   557  523s
  2745  1384  152.47327   52  235  160.06476  152.32310  4.84%   555  528s
  2793  1464  152.43104   56  111  160.06476  152.33508  4.83%   552  530s
  2920  1464  153.61464   57  245  160.06476  152.41074  4.78%   540  540s
  3343  1735 infeasible   74       160.06476  152.46215  4.75%   506  546s
  3522  1690 infeasible   75       160.06476  152.51610  4.72%   494  552s
  3670  1871 infeasible   96       160.06476  152.51624  4.72%   487  556s
  4281  2082  154.53990   97   43  160.06476  152.59958  4.66%   455  562s
  4519  2027  156.75893   75   66  160.06476  152.63569  4.64%   441  566s
  4749  2030  155.63824   75   75  160.06476  152.66884  4.62%   440  583s
  4842  2053  159.92314   86   52  160.06476  152.69799  4.60%   442  589s
  4931  2287  156.67082   72  138  160.06476  152.73198  4.58%   443  592s
  5246  2228 infeasible   65       160.06476  152.77758  4.55%   426  603s
H 5255  2224                     160.0005863  152.78393  4.51%   427  603s
  5268  2260  152.99409   49  102  160.00059  152.79247  4.51%   428  611s
  5334  2296  159.18317   36   81  160.00059  152.79800  4.50%   431  616s
  5392  2343 infeasible   62       160.00059  152.80959  4.49%   433  624s
  5482  2386 infeasible   36       160.00059  152.81951  4.49%   434  635s
  5935  2742 infeasible   79       160.00059  152.85392  4.47%   419  646s
  6000  2928 infeasible   94       160.00059  152.86931  4.46%   419  651s
  6226  2971 infeasible  114       160.00059  152.88465  4.45%   415  657s
  6297  3061  152.90866   98  121  160.00059  152.90411  4.44%   415  664s
  6425  3120  152.90867   99  120  160.00059  152.90867  4.43%   416  673s
  6513  3448  154.59866   47   67  160.00059  152.92196  4.42%   418  675s
  7348  3894  155.24774   38  183  160.00059  152.94724  4.41%   392  692s
  7382  3984  158.15002   46   99  160.00059  152.95829  4.40%   393  696s
  7501  4214     cutoff   34       160.00059  152.97022  4.39%   394  700s
  7799  4298  155.65729   50   91  160.00059  152.97880  4.39%   390  705s
  7903  4761  154.62613   85   74  160.00059  152.99469  4.38%   390  710s
  8438  5062  153.97694   64  185  160.00059  153.00282  4.37%   377  715s
  8822  5118     cutoff   39       160.00059  153.01271  4.37%   372  727s
  8910  5276 infeasible   42       160.00059  153.01995  4.36%   373  732s
  9154  5432  153.12936   31  103  160.00059  153.03515  4.35%   372  739s
  9348  5697  157.01062   28  267  160.00059  153.05030  4.34%   371  744s
  9651  6057  153.51095   56   95  160.00059  153.05831  4.34%   367  751s
 10088  6166  153.31829   62  112  160.00059  153.06725  4.33%   360  760s
 10229  6536  153.19053   28  170  160.00059  153.07294  4.33%   361  766s
 10777  7000 infeasible   50       160.00059  153.07955  4.33%   357  773s
 11317  7131     cutoff   67       160.00059  153.09261  4.32%   352  783s
 11482  7751  153.39929   51   73  160.00059  153.10115  4.31%   352  791s
 12248  8334  153.43260   43  134  160.00059  153.11047  4.31%   342  800s
 12943  8450  153.59549  103   58  160.00059  153.11845  4.30%   336  808s
 13139  9285  153.35443   42  158  160.00059  153.12904  4.29%   336  815s
 14078  9309  157.92747   44  196  160.00059  153.14138  4.29%   326  829s
 14139  9479  153.25040   45  251  160.00059  153.15008  4.28%   327  840s
 14350 10233     cutoff   45       160.00059  153.15840  4.28%   328  849s
 15303 10752  153.18086   40  127  160.00059  153.16718  4.27%   320  857s
 16025 10913 infeasible  101       160.00059  153.17413  4.27%   317  865s
 16232 11634  153.60243   54  134  160.00059  153.18624  4.26%   318  873s
 17082 12577  154.87979   44  182  160.00059  153.19201  4.26%   311  880s
 18207 12779     cutoff   62       160.00059  153.19983  4.25%   303  887s
 18500 13237     cutoff   68       160.00059  153.20685  4.25%   304  900s
 19075 14292  153.40059   33  255  160.00059  153.21187  4.24%   301  909s
 20365 14854  153.41436   46  288  160.00059  153.21855  4.24%   293  923s
 21043 16488     cutoff   53       160.00059  153.22917  4.23%   292  939s
 22933 16620  153.24946   60   33  160.00059  153.24097  4.22%   283  946s
 23111 17507  158.06590   51   94  160.00059  153.24690  4.22%   285  955s
 24199 17553     cutoff   76       160.00059  153.26368  4.21%   280  964s
 24283 17720  155.94892   57  102  160.00059  153.26761  4.21%   281  972s
 24512 18459 infeasible   78       160.00059  153.27237  4.21%   283  981s
 25464 19700     cutoff   51       160.00059  153.27907  4.20%   281  992s
 26888 19953 infeasible   48       160.00059  153.28665  4.20%   275 1001s
 27193 21287  156.40349   64  191  160.00059  153.29277  4.19%   275 1012s
 28687 22087     cutoff   29       160.00059  153.30150  4.19%   270 1023s
 29652 23101     cutoff   61       160.00059  153.30736  4.18%   269 1034s
 30873 23284  153.55144   30  244  160.00059  153.31416  4.18%   267 1044s
 31167 24316     cutoff   36       160.00059  153.31720  4.18%   268 1052s
 32516 25691  154.15391   68  102  160.00059  153.32634  4.17%   266 1060s
 34116 26766     cutoff   49       160.00059  153.33432  4.17%   263 1070s
 35524 26853  153.44713   58  115  160.00059  153.34160  4.16%   262 1083s
 35664 27130  153.61198   67   69  160.00059  153.34637  4.16%   262 1095s
 36000 28729  153.86106   40  138  160.00059  153.35062  4.16%   263 1110s
 37889 30550  159.05325   92  137  160.00059  153.35647  4.15%   260 1126s
 39992 30980     cutoff   51       160.00059  153.36552  4.15%   256 1139s
 40494 32686  153.91476   23  184  160.00059  153.37021  4.14%   256 1154s
 42441 34864  153.37707   59   92  160.00059  153.37707  4.14%   254 1176s
 45094 36119  158.26704   48  205  160.00059  153.38629  4.13%   252 1192s
 46720 36521 infeasible   66       160.00059  153.39561  4.13%   252 1212s
 47254 38146  153.42838   52  187  160.00059  153.40047  4.13%   253 1232s
 49399 39836     cutoff   64       160.00059  153.40896  4.12%   253 1253s
 51495 39984  153.55991   70  111  160.00059  153.41497  4.12%   253 1270s
 51794 41697 infeasible   65       160.00059  153.42248  4.11%   254 1291s
 53936 42161  156.70502   88   59  160.00059  153.43431  4.10%   254 1323s
 54513 43750  153.68876   51  205  160.00059  153.43846  4.10%   255 1346s
 56605 45303  155.20175  108   63  160.00059  153.44276  4.10%   257 1369s
 58738 45831  154.75872   53  120  160.00059  153.44705  4.10%   259 1388s
 59475 46624  153.79245   58  104  160.00059  153.45256  4.09%   260 1413s
H59919 46580                     159.9290425  153.45494  4.05%   260 1413s
 60599 47426  154.19207   23  271  159.92904  153.45828  4.05%   261 1434s
 61724 49344  155.92994  101   81  159.92904  153.46557  4.04%   261 1459s
 64211 49809     cutoff   81       159.92904  153.47597  4.03%   260 1489s
 64881 53981  157.27061   62   81  159.92904  153.48158  4.03%   261 1559s
 71016 54375     cutoff   94       159.92904  153.50171  4.02%   265 1588s
 71613 56345  158.01284  122   81  159.92904  153.50457  4.02%   266 1615s
 74141 57392     cutoff   44       159.92904  153.51158  4.01%   266 1638s
 75545 57523     cutoff   97       159.92904  153.51669  4.01%   266 1675s
 75731 57942 infeasible  110       159.92904  153.52059  4.01%   267 1701s
 76470 60744     cutoff   90       159.92904  153.52544  4.00%   269 1728s
 79773 62690     cutoff   71       159.92904  153.53350  4.00%   266 1754s
 82272 63496  153.55155   76  153  159.92904  153.54278  3.99%   265 1775s
 83285 65551  154.50797   58   82  159.92904  153.54669  3.99%   265 1799s
 85912 67630     cutoff   63       159.92904  153.55400  3.99%   264 1830s
 88492 68369  153.64517   37  253  159.92904  153.56263  3.98%   263 1850s
 89453 69681     cutoff   54       159.92904  153.56725  3.98%   264 1875s
 91317 70262  153.67103   34  236  159.92904  153.57163  3.98%   265 1899s
 92048 72347 infeasible   93       159.92904  153.57527  3.97%   266 1929s
 94799 74727  155.91131   55  203  159.92904  153.58217  3.97%   267 1956s
 97814 76534  154.45542  105  151  159.92904  153.58881  3.96%   266 1979s
 100197 77011  157.76072  103  136  159.92904  153.59286  3.96%   265 2012s
 100885 78853  159.07274  112  177  159.92904  153.59714  3.96%   266 2040s
 103212 80785  157.41475  115  177  159.92904  153.60318  3.96%   267 2066s
 105797 81266  155.33428   70  133  159.92904  153.60800  3.95%   266 2089s
 106537 83550  157.20943   64  219  159.92904  153.61279  3.95%   267 2120s
 109553 84751     cutoff   93       159.92904  153.62169  3.94%   266 2140s
 111358 85752 infeasible   95       159.92904  153.62721  3.94%   267 2164s
 112920 86426     cutoff   97       159.92904  153.63190  3.94%   268 2188s
 113860 87546  159.26262   89  211  159.92904  153.63656  3.93%   269 2220s
 115625 87954  157.54869   84  123  159.92904  153.64301  3.93%   271 2257s
 116284 89639     cutoff   43       159.92904  153.64562  3.93%   271 2290s
 118899 91362     cutoff  121       159.92904  153.65278  3.92%   271 2320s
 121367 91774 infeasible   41       159.92904  153.66017  3.92%   272 2352s
 122069 93186  153.74931   68  220  159.92904  153.66464  3.92%   273 2402s
 124388 94791     cutoff   87       159.92904  153.66926  3.91%   274 2432s
 126655 96441     cutoff   77       159.92904  153.67977  3.91%   275 2464s
 128969 97198     cutoff  118       159.92904  153.68709  3.90%   276 2504s
 130010 100998     cutoff   48       159.92904  153.69145  3.90%   276 2568s
 135278 101388  153.89783   75  156  159.92904  153.70495  3.89%   278 2598s
 136006 103324 infeasible  100       159.92904  153.70864  3.89%   279 2632s
 138636 103735     cutoff   37       159.92904  153.71457  3.89%   279 2661s
 139289 105276 infeasible  102       159.92904  153.72135  3.88%   280 2695s
 141535 106833  155.23231   54   76  159.92904  153.73010  3.88%   281 2734s
 143773 107270     cutoff   76       159.92904  153.73494  3.87%   282 2779s
 144472 108780  159.03663  123   76  159.92904  153.73922  3.87%   283 2813s
 146647 110481     cutoff   98       159.92904  153.74778  3.87%   284 2849s
 149215 111097     cutoff   88       159.92904  153.75660  3.86%   285 2883s
H149715 111097                     159.9290425  153.75777  3.86%   285 2883s
 150130 112289  157.46407  101  141  159.92904  153.75933  3.86%   285 2925s
 151653 114629     cutoff   53       159.92904  153.76520  3.85%   285 2974s
 154885 116329  154.19948   47  233  159.92904  153.77332  3.85%   286 3010s
 157514 117053     cutoff   60       159.92904  153.78058  3.84%   286 3043s
 158459 118965     cutoff   65       159.92904  153.78383  3.84%   287 3087s
 161124 120791 infeasible   55       159.92904  153.78809  3.84%   288 3127s
 163785 122401  155.49745   72  156  159.92904  153.79413  3.84%   288 3164s
 166059 123753  156.49282   84  137  159.92904  153.80196  3.83%   289 3203s
 168189 124277     cutoff   74       159.92904  153.80927  3.83%   290 3243s
 168993 126337  156.39930   89  173  159.92904  153.81381  3.82%   290 3288s
 171846 128497  154.06052   55  130  159.92904  153.82081  3.82%   291 3334s
 174957 129110  154.37256  101  174  159.92904  153.82492  3.82%   291 3368s
 175913 131024  153.82529   76   90  159.92904  153.82529  3.82%   291 3404s
 178547 131624  155.77939   70  138  159.92904  153.83111  3.81%   292 3437s
 179398 133954  154.16940   91  139  159.92904  153.83526  3.81%   292 3473s
 182383 135909 infeasible   80       159.92904  153.83979  3.81%   292 3512s
 185008 137643     cutoff   68       159.92904  153.84656  3.80%   292 3549s
 187591 138107  155.31622   57  145  159.92904  153.85217  3.80%   292 3577s
 188244 140039  153.85655   69  129  159.92904  153.85557  3.80%   293 3617s
 191028 141824  154.04869  103  106  159.92904  153.86116  3.79%   293 3657s
 193408 142440     cutoff   74       159.92904  153.86780  3.79%   293 3698s
 194378 147007     cutoff   56       159.92904  153.87162  3.79%   293 3792s
 201018 148244  154.20221   59  202  159.92904  153.87927  3.78%   294 3835s
 202807 148861  154.45118   44  265  159.92904  153.88588  3.78%   294 3871s
 203814 151091  154.21702   38  245  159.92904  153.89046  3.78%   295 3915s
 207023 152785  153.97834   85  112  159.92904  153.89549  3.77%   294 3957s
 209530 154852  154.14381   48  188  159.92904  153.90236  3.77%   295 4001s
 212427 155630  156.20419   50  180  159.92904  153.90785  3.76%   295 4038s
 213506 157617  156.88909   90  100  159.92904  153.91060  3.76%   294 4084s
 216535 159557     cutoff   83       159.92904  153.91684  3.76%   295 4131s
 219179 161308  155.46267   83   97  159.92904  153.92113  3.76%   295 4172s
 221527 163314 infeasible   64       159.92904  153.92607  3.75%   295 4214s
 224318 164131  154.04492   45  257  159.92904  153.92882  3.75%   295 4247s
 225454 165849 infeasible   33       159.92904  153.93170  3.75%   295 4283s
 228066 167596     cutoff   36       159.92904  153.93820  3.75%   295 4327s
 230704 168169  155.29448   68  273  159.92904  153.94243  3.74%   295 4363s
 231792 170114  154.18538   76  118  159.92904  153.94586  3.74%   296 4411s
 234732 172281  154.18792   60  264  159.92904  153.94811  3.74%   296 4456s
 237883 174367  155.82181   83  108  159.92904  153.95245  3.74%   295 4503s
 240747 176212  154.65246   33  272  159.92904  153.95987  3.73%   295 4539s
 243383 176776  157.09655   37  153  159.92904  153.96323  3.73%   295 4569s
 244205 178490     cutoff   81       159.92904  153.96482  3.73%   295 4614s
H245415 178490                     159.9290415  153.96535  3.73%   295 4614s
 246705 179709  154.15038   57  198  159.92904  153.96878  3.73%   295 4660s
 248399 181741     cutoff  115       159.92904  153.97205  3.72%   295 4706s
 251199 182746     cutoff   79       159.92904  153.97479  3.72%   295 4745s
 252707 184944  154.60772   55  203  159.92904  153.97827  3.72%   295 4789s
 255760 187036 infeasible  122       159.92904  153.98428  3.72%   295 4831s
 258707 187667  157.44597   99  150  159.92904  153.98876  3.71%   295 4880s
 259638 193172 infeasible   89       159.92904  153.99150  3.71%   295 4988s
 267413 193757 infeasible   58       159.92904  154.00227  3.71%   295 5025s
 268270 195594     cutoff   49       159.92904  154.00451  3.70%   295 5071s
 270973 197804     cutoff   82       159.92904  154.00806  3.70%   295 5117s
 274075 198836  154.12256   80  170  159.92904  154.01121  3.70%   295 5162s
 275393 200741     cutoff   65       159.92904  154.01361  3.70%   295 5207s
 278109 202212     cutoff  120       159.92904  154.01698  3.70%   296 5247s
 280087 204509  154.56273  101  120  159.92904  154.01969  3.69%   295 5291s
 283186 206094 infeasible   54       159.92904  154.02503  3.69%   295 5322s
 285381 207021     cutoff  124       159.92904  154.02790  3.69%   295 5352s
 286833 208956  154.22766   60  183  159.92904  154.03065  3.69%   295 5397s
 289635 209399     cutoff   44       159.92904  154.03397  3.69%   295 5432s
 290307 211743  155.54066   41  232  159.92904  154.03590  3.68%   295 5476s
 293355 213629     cutoff   59       159.92904  154.03975  3.68%   295 5517s
 296073 214519 infeasible  105       159.92904  154.04338  3.68%   294 5558s
 297342 216465  154.88121   86  144  159.92904  154.04600  3.68%   294 5603s
 300089 218390  154.35962   58  204  159.92904  154.04859  3.68%   294 5650s
 302632 218975  154.83328   58   80  159.92904  154.05244  3.67%   294 5695s
 303502 225670 infeasible   92       159.92904  154.05414  3.67%   294 5829s
 312702 226252  155.80434   50   94  159.92904  154.05853  3.67%   293 5865s
 313563 228100     cutoff   57       159.92904  154.06345  3.67%   293 5909s
 314775 228100  154.08631   54  203  159.92904  154.06455  3.67%   293 5910s
 316140 229607     cutoff  111       159.92904  154.06573  3.67%   293 5951s
 318354 231830  157.59970   94   97  159.92904  154.06894  3.66%   293 5993s
 321333 232447 infeasible   74       159.92904  154.07297  3.66%   293 6028s
 322311 234628  154.54830  151  158  159.92904  154.07470  3.66%   293 6065s
 325192 236444 infeasible   59       159.92904  154.07766  3.66%   292 6115s
 328000 238292 infeasible  106       159.92904  154.07972  3.66%   292 6165s
 330529 240112  156.70186   83   84  159.92904  154.08397  3.65%   292 6203s
 333064 240676  156.05065  113  106  159.92904  154.08608  3.65%   292 6249s
 333855 242872  158.05374  112  103  159.92904  154.08740  3.65%   292 6292s
 336847 245055 infeasible  105       159.92904  154.09086  3.65%   292 6330s
 339770 246016  154.13416   58  302  159.92904  154.09438  3.65%   291 6368s
 341078 248003  154.46732   39  269  159.92904  154.09602  3.65%   291 6413s
 343731 249604  154.21098   49  164  159.92904  154.09925  3.65%   291 6457s
 345863 250802  154.30677   70  130  159.92904  154.10156  3.64%   291 6513s
 347503 254305  159.11964   58  105  159.92904  154.10373  3.64%   291 6580s
 352328 255053 infeasible   72       159.92904  154.10874  3.64%   291 6638s
 353369 257457  156.16734  100   98  159.92904  154.10986  3.64%   291 6685s
 356687 259686  154.15009   67  116  159.92904  154.11208  3.64%   291 6729s
 359648 261743  154.16021   62  153  159.92904  154.11510  3.64%   290 6780s
 362499 262296  154.12655   80   98  159.92904  154.11707  3.63%   290 6821s
 363293 264360 infeasible   84       159.92904  154.11794  3.63%   290 6876s
 366167 266365  154.36045  115  122  159.92904  154.12114  3.63%   290 6923s
 369031 267182  155.25707   42  253  159.92904  154.12309  3.63%   290 6967s
 370210 272386  154.27651   50  268  159.92904  154.12514  3.63%   290 7069s
 377341 274298  155.86588  120  106  159.92904  154.13007  3.63%   289 7112s
 380008 275396     cutoff  123       159.92904  154.13394  3.62%   288 7157s
 381734 275898  156.30564  138   59  159.92904  154.13512  3.62%   289 7193s
 382483 276140     cutoff   34       159.92904  154.13695  3.62%   289 7200s

Cutting planes:
  Learned: 7
  Gomory: 156
  Lift-and-project: 19
  Cover: 1722
  Implied bound: 1156
  Projected implied bound: 1
  Clique: 5
  MIR: 1639
  StrongCG: 11
  Flow cover: 2733
  GUB cover: 3
  Inf proof: 27
  Zero half: 26
  Network: 2
  RLT: 169
  Relax-and-lift: 176
  PSD: 1

Explored 382910 nodes (110548955 simplex iterations) in 7200.27 seconds (4285.87 work units)
Thread count was 32 (of 32 available processors)

Solution count 10: 159.929 159.929 159.929 ... 160.277

Time limit reached
Best objective 1.599290414594e+02, best bound 1.541377543754e+02, gap 3.6212%
