
Gurobi 9.5.2 (linux64) logging started Wed Aug 12 22:49:04 2026

Set parameter LogFile to value "/mnt/beegfs/users/celinep/ChargeAndBreak/logs/oracle_RmediumCfewTtight_8__kwh300_gurobi.log"
Gurobi Optimizer version 9.5.2 build v9.5.2rc0 (linux64)
Thread count: 16 physical cores, 32 logical processors, using up to 32 threads
Optimize a model with 4725 rows, 2486 columns and 49563 nonzeros
Model fingerprint: 0x64a527a4
Variable types: 1572 continuous, 914 integer (914 binary)
Coefficient statistics:
  Matrix range     [3e-02, 1e+03]
  Objective range  [5e-01, 1e+00]
  Bounds range     [1e+00, 3e+01]
  RHS range        [2e-01, 3e+02]

User MIP start did not produce a new incumbent solution

Presolve removed 1670 rows and 605 columns
Presolve time: 0.52s
Presolved: 3055 rows, 1881 columns, 39765 nonzeros
Variable types: 1125 continuous, 756 integer (756 binary)
Found heuristic solution: objective 991.7719072
Found heuristic solution: objective 669.2042712
Root relaxation presolve removed 97 rows and 35 columns
Root relaxation presolved: 2958 rows, 1846 columns, 25669 nonzeros


Root relaxation: objective 5.840509e+01, 2474 iterations, 0.21 seconds (0.20 work units)
Another try with MIP start

    Nodes    |    Current Node    |     Objective Bounds      |     Work
 Expl Unexpl |  Obj  Depth IntInf | Incumbent    BestBd   Gap | It/Node Time

H    0     0                      70.0749576   58.40509  16.7%     -    1s
     0     0   58.40509    0   81   70.07496   58.40509  16.7%     -    1s
     0     0   59.48910    0   78   70.07496   59.48910  15.1%     -    2s
     0     0   59.50281    0   76   70.07496   59.50281  15.1%     -    2s
     0     0   59.50324    0   77   70.07496   59.50324  15.1%     -    2s
H    0     0                      70.0472429   59.50324  15.1%     -    2s
     0     0   59.78524    0  108   70.04724   59.78524  14.7%     -    2s
H    0     0                      69.8348513   59.78524  14.4%     -    2s
     0     0   59.80364    0   98   69.83485   59.80364  14.4%     -    2s
     0     0   59.80531    0   97   69.83485   59.80531  14.4%     -    2s
     0     0   59.86113    0  101   69.83485   59.86113  14.3%     -    3s
H    0     0                      61.8426238   59.86113  3.20%     -    3s
H    0     0                      61.5168180   59.86113  2.69%     -    3s
     0     0   59.86698    0  143   61.51682   59.86698  2.68%     -    3s
     0     0   59.86869    0  144   61.51682   59.86869  2.68%     -    3s
     0     0   59.86870    0  145   61.51682   59.86870  2.68%     -    3s
     0     0   59.90209    0  136   61.51682   59.90209  2.62%     -    4s
     0     0   59.90966    0  133   61.51682   59.90966  2.61%     -    4s
     0     0   59.91174    0  140   61.51682   59.91174  2.61%     -    4s
     0     0   59.91252    0  133   61.51682   59.91252  2.61%     -    4s
     0     0   59.91252    0  134   61.51682   59.91252  2.61%     -    4s
     0     0   59.99179    0  145   61.51682   59.99179  2.48%     -    5s
H    0     0                      61.4167784   59.99179  2.32%     -    5s
     0     0   59.99361    0  149   61.41678   59.99361  2.32%     -    5s
     0     0   59.99379    0  165   61.41678   59.99379  2.32%     -    5s
     0     0   60.02740    0  119   61.41678   60.02740  2.26%     -    6s
     0     0   60.02923    0  123   61.41678   60.02923  2.26%     -    6s
     0     0   60.03130    0  123   61.41678   60.03130  2.26%     -    6s
     0     0   60.03138    0  125   61.41678   60.03138  2.26%     -    6s
     0     0   60.03300    0  117   61.41678   60.03300  2.25%     -    6s
     0     0   60.03493    0  111   61.41678   60.03493  2.25%     -    6s
     0     0   60.03714    0  111   61.41678   60.03714  2.25%     -    7s
     0     0   60.03716    0  111   61.41678   60.03716  2.25%     -    7s
     0     0   60.03983    0  116   61.41678   60.03983  2.24%     -    7s
     0     0   60.04184    0  115   61.41678   60.04184  2.24%     -    7s
     0     0   60.04184    0  115   61.41678   60.04184  2.24%     -    7s
     0     0   60.04240    0  116   61.41678   60.04240  2.24%     -    8s
H    0     0                      61.3993690   60.04240  2.21%     -    8s
     0     0   60.04364    0  113   61.39937   60.04364  2.21%     -    8s
     0     0   60.04364    0  115   61.39937   60.04364  2.21%     -    8s
     0     0   60.04387    0  115   61.39937   60.04387  2.21%     -    9s
     0     0   60.04387    0   82   61.39937   60.04387  2.21%     -    9s
H    0     0                      60.9112128   60.04387  1.42%     -    9s
     0     0   60.04387    0   71   60.91121   60.04387  1.42%     -   10s
H    0     0                      60.9112128   60.04387  1.42%     -   10s
     0     0   60.04387    0  132   60.91121   60.04387  1.42%     -   10s
H    0     0                      60.8915063   60.04387  1.39%     -   11s
     0     0   60.04387    0   83   60.89151   60.04387  1.39%     -   11s
     0     0   60.04387    0   88   60.89151   60.04387  1.39%     -   11s
     0     0   60.04387    0   79   60.89151   60.04387  1.39%     -   11s
     0     0   60.04387    0   91   60.89151   60.04387  1.39%     -   11s
     0     0   60.04435    0  108   60.89151   60.04435  1.39%     -   11s
     0     0   60.04435    0  108   60.89151   60.04435  1.39%     -   11s
H    0     0                      60.8104698   60.04435  1.26%     -   12s
     0     0   60.04935    0  106   60.81047   60.04935  1.25%     -   12s
     0     0   60.05024    0  108   60.81047   60.05024  1.25%     -   12s
     0     0   60.05104    0  110   60.81047   60.05104  1.25%     -   12s
     0     0   60.05113    0  110   60.81047   60.05113  1.25%     -   12s
     0     0   60.06029    0  104   60.81047   60.06029  1.23%     -   13s
     0     0   60.06101    0  119   60.81047   60.06101  1.23%     -   13s
     0     0   60.06233    0  132   60.81047   60.06233  1.23%     -   13s
     0     0   60.06710    0  124   60.81047   60.06710  1.22%     -   13s
     0     0   60.10232    0  120   60.81047   60.10232  1.16%     -   13s
H    0     0                      60.7558236   60.10232  1.08%     -   13s
     0     0   60.10232    0  126   60.75582   60.10232  1.08%     -   14s
     0     0   60.10453    0  132   60.75582   60.10453  1.07%     -   14s
     0     0   60.10505    0  127   60.75582   60.10505  1.07%     -   14s
     0     0   60.10505    0  127   60.75582   60.10505  1.07%     -   14s
     0     0   60.11448    0  118   60.75582   60.11448  1.06%     -   15s
H    0     0                      60.5750397   60.11448  0.76%     -   15s
     0     0   60.11686    0  102   60.57504   60.11686  0.76%     -   15s
     0     0   60.11686    0  102   60.57504   60.11686  0.76%     -   15s
     0     0   60.13831    0  105   60.57504   60.13831  0.72%     -   16s
H    0     0                      60.4695764   60.13831  0.55%     -   16s
     0     0   60.14418    0  131   60.46958   60.14418  0.54%     -   16s
     0     0   60.14589    0  128   60.46958   60.14589  0.54%     -   16s
     0     0   60.14680    0  128   60.46958   60.14680  0.53%     -   16s
     0     0   60.14680    0  129   60.46958   60.14680  0.53%     -   16s
     0     0   60.16253    0  122   60.46958   60.16253  0.51%     -   17s
     0     0   60.16253    0   27   60.46958   60.16253  0.51%     -   17s
     0     0   60.16253    0   75   60.46958   60.16253  0.51%     -   17s
     0     0   60.16253    0   59   60.46958   60.16253  0.51%     -   17s
     0     0   60.16253    0   49   60.46958   60.16253  0.51%     -   17s
     0     0   60.16253    0   68   60.46958   60.16253  0.51%     -   18s
H    0     0                      60.4061195   60.16253  0.40%     -   18s
     0     0   60.16253    0   62   60.40612   60.16253  0.40%     -   18s

Cutting planes:
  Learned: 10
  Gomory: 25
  Lift-and-project: 7
  Cover: 32
  Implied bound: 46
  Clique: 10
  MIR: 86
  Flow cover: 154
  GUB cover: 1
  Mod-K: 1
  RLT: 20
  Relax-and-lift: 28
  BQP: 6
  PSD: 9

Explored 1 nodes (16450 simplex iterations) in 18.87 seconds (6.36 work units)
Thread count was 32 (of 32 available processors)

Solution count 10: 60.4061 60.4696 60.4696 ... 61.3994

Optimal solution found (tolerance 5.00e-03)
Best objective 6.040611950567e+01, best bound 6.016253315915e+01, gap 0.4032%
