
Gurobi 9.5.2 (linux64) logging started Wed Aug 12 10:02:31 2026

Set parameter LogFile to value "/mnt/beegfs/users/celinep/ChargeAndBreak/logs/oracle_RlongCmanyTnone_24__kw150_gurobi.log"
Gurobi Optimizer version 9.5.2 build v9.5.2rc0 (linux64)
Thread count: 16 physical cores, 32 logical processors, using up to 32 threads
Optimize a model with 8619 rows, 4542 columns and 145938 nonzeros
Model fingerprint: 0x37547eca
Variable types: 2860 continuous, 1682 integer (1682 binary)
Coefficient statistics:
  Matrix range     [1e-02, 2e+03]
  Objective range  [5e-01, 1e+00]
  Bounds range     [1e+00, 6e+01]
  RHS range        [3e-02, 2e+07]

User MIP start did not produce a new incumbent solution

Presolve removed 2698 rows and 869 columns
Presolve time: 2.62s
Presolved: 5921 rows, 3673 columns, 131737 nonzeros
Variable types: 2193 continuous, 1480 integer (1480 binary)
Found heuristic solution: objective 1845.0334913
Root relaxation presolve removed 161 rows and 103 columns
Root relaxation presolved: 5760 rows, 3570 columns, 101709 nonzeros


Root relaxation: objective 1.284384e+02, 3955 iterations, 1.52 seconds (0.78 work units)
Total elapsed time = 5.03s
Another try with MIP start

    Nodes    |    Current Node    |     Objective Bounds      |     Work
 Expl Unexpl |  Obj  Depth IntInf | Incumbent    BestBd   Gap | It/Node Time

H    0     0                     136.4516146  128.43839  5.87%     -    5s
     0     0  128.43839    0   53  136.45161  128.43839  5.87%     -    5s
     0     0  128.56893    0   79  136.45161  128.56893  5.78%     -    6s
     0     0  128.74886    0   79  136.45161  128.74886  5.65%     -    6s
     0     0  128.96953    0  104  136.45161  128.96953  5.48%     -    7s
     0     0  128.98182    0  111  136.45161  128.98182  5.47%     -    8s
     0     0  129.05222    0  149  136.45161  129.05222  5.42%     -   10s
     0     0  129.05344    0  152  136.45161  129.05344  5.42%     -   10s
     0     0  129.12892    0  205  136.45161  129.12892  5.37%     -   11s
     0     0  129.13950    0  228  136.45161  129.13950  5.36%     -   12s
     0     0  129.13950    0  227  136.45161  129.13950  5.36%     -   12s
     0     0  129.24542    0  256  136.45161  129.24542  5.28%     -   13s
     0     0  129.24673    0  254  136.45161  129.24673  5.28%     -   14s
     0     0  129.24674    0  179  136.45161  129.24674  5.28%     -   14s
     0     0  129.35079    0  196  136.45161  129.35079  5.20%     -   16s
     0     0  129.38420    0  194  136.45161  129.38420  5.18%     -   16s
     0     0  129.38796    0  199  136.45161  129.38796  5.18%     -   16s
     0     0  129.38862    0  196  136.45161  129.38862  5.18%     -   16s
     0     0  129.38862    0  198  136.45161  129.38862  5.18%     -   16s
     0     0  129.51080    0  167  136.45161  129.51080  5.09%     -   18s
     0     0  129.59035    0  175  136.45161  129.59035  5.03%     -   18s
     0     0  129.61354    0  164  136.45161  129.61354  5.01%     -   19s
     0     0  129.61632    0  157  136.45161  129.61632  5.01%     -   19s
     0     0  129.61632    0  157  136.45161  129.61632  5.01%     -   19s
     0     0  129.61722    0  171  136.45161  129.61722  5.01%     -   20s
     0     0  129.61722    0  168  136.45161  129.61722  5.01%     -   20s
     0     0  129.62080    0  185  136.45161  129.62080  5.01%     -   21s
     0     0  129.62080    0  186  136.45161  129.62080  5.01%     -   22s
     0     0  129.62382    0  162  136.45161  129.62382  5.00%     -   22s
     0     0  129.62578    0  140  136.45161  129.62578  5.00%     -   23s
     0     0  129.62582    0  140  136.45161  129.62582  5.00%     -   23s
     0     0  129.62587    0  141  136.45161  129.62587  5.00%     -   24s
     0     0  129.62587    0  143  136.45161  129.62587  5.00%     -   24s
     0     0  129.63548    0  201  136.45161  129.63548  5.00%     -   26s
     0     0  129.63614    0  188  136.45161  129.63614  4.99%     -   27s
     0     0  129.63626    0  187  136.45161  129.63626  4.99%     -   27s
     0     0  129.63679    0  201  136.45161  129.63679  4.99%     -   28s
     0     0  129.64033    0  186  136.45161  129.64033  4.99%     -   28s
     0     0  129.64680    0  222  136.45161  129.64680  4.99%     -   28s
     0     0  129.64680    0  222  136.45161  129.64680  4.99%     -   28s
     0     0  129.66716    0  228  136.45161  129.66716  4.97%     -   30s
     0     0  129.66740    0  234  136.45161  129.66740  4.97%     -   30s
     0     0  129.66740    0  235  136.45161  129.66740  4.97%     -   30s
     0     0  129.67775    0  194  136.45161  129.67775  4.96%     -   31s
     0     0  129.67886    0  195  136.45161  129.67886  4.96%     -   32s
     0     0  129.67889    0  210  136.45161  129.67889  4.96%     -   32s
     0     0  129.69325    0  177  136.45161  129.69325  4.95%     -   33s
     0     0  129.69534    0  209  136.45161  129.69534  4.95%     -   33s
     0     0  129.69667    0  201  136.45161  129.69667  4.95%     -   33s
     0     0  129.69678    0  206  136.45161  129.69678  4.95%     -   34s
     0     0  129.69710    0  214  136.45161  129.69710  4.95%     -   34s
     0     0  129.69719    0  215  136.45161  129.69719  4.95%     -   35s
     0     0  129.69839    0  211  136.45161  129.69839  4.95%     -   36s
     0     0  129.70055    0  228  136.45161  129.70055  4.95%     -   36s
     0     0  129.70056    0  230  136.45161  129.70056  4.95%     -   37s
     0     0  129.70056    0  233  136.45161  129.70056  4.95%     -   37s
     0     0  129.70056    0  223  136.45161  129.70056  4.95%     -   38s
     0     2  129.70056    0  219  136.45161  129.70056  4.95%     -   40s
    41    48  129.71863    6  243  136.45161  129.70188  4.95%   312   45s
H   89    96                     135.6541374  129.72723  4.37%   373   48s
H   94    96                     135.5634373  129.74411  4.29%   379   48s
   121   122  133.87222   11  197  135.56344  129.75918  4.28%   427   51s
H  137   138                     135.5499084  129.75921  4.27%   417   53s
H  141   138                     135.3265364  129.76600  4.11%   426   53s
H  142   138                     135.2503504  129.76600  4.05%   431   53s
   153   150  130.11949   13  292  135.25035  129.76600  4.05%   434   55s
   203   200  133.84630   16  219  135.25035  129.78973  4.04%   463   60s
H  236   233                     135.1670171  129.83026  3.95%   478   63s
   278   272  129.84386   20  327  135.16702  129.83698  3.94%   484   66s
   295   299  129.84610   21  331  135.16702  129.84395  3.94%   502   89s
H  299   299                     135.1670170  129.84610  3.94%   505   89s
   322   311  129.96565   22  246  135.16702  129.84610  3.94%   504   91s
   356   343  133.41890   24  282  135.16702  129.87337  3.92%   520   95s
   438   415  129.90656   28  252  135.16702  129.90656  3.89%   508  101s
   521   506  131.03144   32  185  135.16702  129.92620  3.88%   511  106s
   587   577  129.97584   27  287  135.16702  129.96508  3.85%   519  113s
   632   614  130.02343   37  306  135.16702  129.96952  3.85%   519  115s
   704   673  130.06983   27  256  135.16702  129.97263  3.84%   530  121s
   815   866  132.70071   27  178  135.16702  129.98578  3.83%   504  128s
   960   950  131.66887   41  212  135.16702  129.98661  3.83%   463  131s
  1215  1288  130.09584   27  287  135.16702  129.99641  3.83%   428  138s
  1415  1441 infeasible   43       135.16702  129.99859  3.82%   401  145s
  1575  1603  130.16785   57  306  135.16702  130.00048  3.82%   385  150s
  1751  1865  130.01791   25  199  135.16702  130.00547  3.82%   370  155s
  2039  2136  130.20954   31  279  135.16702  130.00882  3.82%   348  161s
  2344  2137  130.05950   26  223  135.16702  130.01060  3.81%   332  178s
  2346  2138  135.08437   34   54  135.16702  130.01060  3.81%   331  181s
  2347  2139  130.03076   37  107  135.16702  130.01060  3.81%   331  185s
  2352  2142  130.06812   20  118  135.16702  130.01060  3.81%   330  195s
  2354  2144  130.16315   63  184  135.16702  130.16315  3.70%   330  200s
  2355  2144  130.17395   72  107  135.16702  130.17395  3.69%   330  207s
  2356  2145  130.19777   25   47  135.16702  130.19777  3.68%   330  210s
  2358  2146  135.14969   32  153  135.16702  130.21566  3.66%   330  216s
  2360  2148  130.22454   32  182  135.16702  130.22454  3.66%   329  221s
  2361  2148  131.16654   24  203  135.16702  130.22640  3.66%   329  227s
  2362  2149  130.32699   43  170  135.16702  130.22640  3.66%   329  231s
H 2362  2041                     135.1670167  130.22640  3.66%   329  232s
  2364  2044  130.22640   16  100  135.16702  130.22640  3.66%   335  243s
  2366  2047  130.22640   17  152  135.16702  130.22640  3.66%   335  250s
  2369  2049  130.22640   18   82  135.16702  130.22640  3.66%   335  261s
  2375  2052  130.22640   19  218  135.16702  130.22640  3.66%   335  266s
  2384  2054  130.22640   20  181  135.16702  130.22640  3.66%   335  271s
  2430  2050  130.22640   23  193  135.16702  130.22640  3.66%   335  276s
  2493  2059  132.59927   26   71  135.16702  130.23484  3.65%   332  280s
  2538  2072 infeasible   29       135.16702  130.26378  3.63%   331  285s
  2620  2104  130.31039   35   99  135.16702  130.31039  3.59%   329  295s
  2654  2106  130.31085   37   97  135.16702  130.31085  3.59%   328  302s
  2763  2167  130.33833   46   24  135.16702  130.33538  3.57%   325  305s
  2973  2143     cutoff   58       135.16702  130.33833  3.57%   314  310s
  3293  2237  130.36403   75   36  135.16702  130.36403  3.55%   299  315s
  3778  2512  130.99361   57   46  135.16702  130.44678  3.49%   285  320s
  4443  2711  130.71384   53   80  135.16702  130.47606  3.47%   264  325s
  4990  3016  130.91497  106   19  135.16702  130.49334  3.46%   249  330s
  5592  3251 infeasible   44       135.16702  130.50854  3.45%   236  335s
  6297  3547  130.53200   45   56  135.16702  130.52508  3.43%   224  341s
  6932  4062     cutoff   51       135.16702  130.53763  3.42%   214  345s
  8331  4706  130.66109   84   11  135.16702  130.54444  3.42%   193  350s
  9437  5990     cutoff   63       135.16702  130.55014  3.42%   180  357s
 10468  6650  131.33738   67   55  135.16702  130.55181  3.41%   169  361s
 12197  8474     cutoff   67       135.16702  130.55720  3.41%   157  368s
 13579  8624     cutoff   75       135.16702  130.55910  3.41%   147  372s
 13793  9505 infeasible   52       135.16702  130.56190  3.41%   146  375s
 15846 10381  130.58258   42   59  135.16702  130.56786  3.40%   137  383s
 16018 10916  130.61923   57  127  135.16702  130.56910  3.40%   137  388s
 16674 11983  130.58719   85   34  135.16702  130.57098  3.40%   135  392s
 17904 12447  130.66727   49   67  135.16702  130.57143  3.40%   130  396s
 18402 13408     cutoff   65       135.16702  130.57371  3.40%   129  400s
 20524 15839  130.63024   61   17  135.16702  130.57956  3.39%   125  411s
 22468 16218     cutoff   61       135.16702  130.58297  3.39%   121  415s
 22986 16627     cutoff   43       135.16702  130.58849  3.39%   121  420s
 23552 16912     cutoff   71       135.16702  130.59091  3.39%   121  425s
 23878 18074  130.59267   70   42  135.16702  130.59267  3.38%   121  431s
 25300 18628     cutoff   43       135.16702  130.59568  3.38%   119  437s
 26063 19832     cutoff   85       135.16702  130.59800  3.38%   119  443s
 27591 20457 infeasible   76       135.16702  130.60082  3.38%   117  449s
 28370 21054     cutoff   77       135.16702  130.60459  3.38%   117  455s
 29298 22272  130.77064   48   39  135.16702  130.60744  3.37%   116  462s
 31014 22976  130.75728   50   83  135.16702  130.61249  3.37%   116  471s
 31847 24076     cutoff   54       135.16702  130.61536  3.37%   116  479s
 33480 24643  131.36969   64   12  135.16702  130.62067  3.36%   116  486s
 34373 25992     cutoff   69       135.16702  130.62221  3.36%   117  494s
 36437 27154  130.75129   65   36  135.16702  130.62658  3.36%   116  501s
 38069 27357 infeasible   65       135.16702  130.63246  3.35%   116  510s
 38433 27646  132.34600   68   88  135.16702  130.63792  3.35%   116  521s
 38816 28545 infeasible   69       135.16702  130.64135  3.35%   117  530s
 39976 29286     cutoff   62       135.16702  130.64567  3.35%   117  543s
 41070 31152     cutoff  106       135.16702  130.64950  3.34%   118  558s
 43841 31948     cutoff   56       135.16702  130.65911  3.34%   117  567s
 45156 32667  131.31962   83  147  135.16702  130.66567  3.33%   117  578s
 46292 34340  130.82985   62  102  135.16702  130.67096  3.33%   118  589s
 48611 35065     cutoff  102       135.16702  130.68034  3.32%   118  599s
 49653 37119  133.61617   85   36  135.16702  130.68424  3.32%   118  610s
 52262 37361  133.59326   62  100  135.16702  130.69111  3.31%   117  620s
 52659 37991  131.28143   83  129  135.16702  130.69533  3.31%   118  631s
 53835 39752 infeasible   56       135.16702  130.70082  3.30%   119  643s
 56609 40956 infeasible   80       135.16702  130.70814  3.30%   118  654s
 58502 42609 infeasible   85       135.16702  130.71052  3.30%   117  667s
 61446 43447  131.13120   36   44  135.16702  130.71730  3.29%   116  677s
 63526 44086 infeasible   57       135.16702  130.72948  3.28%   116  692s
 65139 46033     cutoff   79       135.16702  130.73785  3.28%   117  707s
 68281 46515 infeasible   97       135.16702  130.74819  3.27%   116  717s
 69322 47171  134.12733   85   42  135.16702  130.74845  3.27%   116  728s
 70531 48746 infeasible   71       135.16702  130.76181  3.26%   116  741s
 73046 49716     cutoff   38       135.16702  130.76983  3.25%   116  753s
 74772 51534 infeasible   81       135.16702  130.77880  3.25%   116  764s
 77638 52062 infeasible   79       135.16702  130.78410  3.24%   115  774s
 78764 53591 infeasible   74       135.16702  130.78920  3.24%   115  784s
 81467 54454 infeasible   91       135.16702  130.80006  3.23%   115  795s
 82816 56344  131.03269   65  186  135.16702  130.80564  3.23%   115  807s
 85581 57295  130.84739   80   63  135.16702  130.81278  3.22%   114  824s
 87188 59824 infeasible   76       135.16702  130.81676  3.22%   114  839s
 90874 60338     cutoff   83       135.16702  130.82501  3.21%   113  849s
 91816 62616     cutoff   60       135.16702  130.83012  3.21%   114  862s
 95148 63306 infeasible   60       135.16702  130.83472  3.21%   113  872s
 96195 64861  131.01018  107  159  135.16702  130.83852  3.20%   113  883s
 98786 65591     cutoff  115       135.16702  130.84564  3.20%   113  894s
 100121 66456 infeasible  108       135.16702  130.85012  3.19%   114  915s
 101393 68273     cutoff   80       135.16702  130.85271  3.19%   114  929s
 104451 68763  131.21209   73   38  135.16702  130.85742  3.19%   113  940s
 105268 69696     cutoff   94       135.16702  130.86054  3.19%   113  955s
 106883 72374  130.86312   83   19  135.16702  130.86312  3.18%   114  971s
 110633 73027  130.95586   95   61  135.16702  130.86424  3.18%   113  982s
 111728 75090  132.52300   63  144  135.16702  130.87068  3.18%   113  994s
 114845 75724  130.96184  144   20  135.16702  130.87079  3.18%   113 1004s
 115993 77295  131.21547   58   33  135.16702  130.87285  3.18%   113 1017s
 118463 79087  131.83761   87  142  135.16702  130.87625  3.17%   113 1029s
 121118 79724     cutoff   46       135.16702  130.87999  3.17%   113 1040s
 122273 81538     cutoff   85       135.16702  130.88238  3.17%   113 1053s
 125077 82185     cutoff   97       135.16702  130.88561  3.17%   113 1065s
 126229 83847     cutoff   88       135.16702  130.88831  3.17%   113 1079s
 128892 84659     cutoff   70       135.16702  130.89129  3.16%   113 1094s
 130248 84659  130.90034   80   66  135.16702  130.89259  3.16%   114 1095s
 130450 87796 infeasible  102       135.16702  130.89463  3.16%   114 1118s
 135753 88306     cutoff   67       135.16702  130.89921  3.16%   114 1132s
 137148 89889 infeasible  131       135.16702  130.90249  3.16%   114 1148s
 139717 90654 infeasible   91       135.16702  130.90985  3.15%   114 1164s
 141202 92163     cutoff   65       135.16702  130.91300  3.15%   115 1181s
 144359 92929     cutoff   82       135.16702  130.91997  3.14%   115 1198s
 145693 94809  134.38361  110  148  135.16702  130.92400  3.14%   116 1215s
 148795 95683  131.05332  108  119  135.16702  130.92984  3.13%   116 1230s
 150355 97418  133.70610   45   51  135.16702  130.93353  3.13%   116 1250s
 153249 98827     cutoff   60       135.16702  130.93913  3.13%   116 1266s
 155811 99581  131.28820  101   58  135.16702  130.94439  3.12%   117 1282s
 157200 101524  130.95033   99   55  135.16702  130.94749  3.12%   117 1299s
 160073 102566  132.48037  107   27  135.16702  130.95056  3.12%   117 1316s
 161684 104395     cutoff   49       135.16702  130.95411  3.12%   117 1333s
 164710 105215  131.04698   84   85  135.16702  130.95900  3.11%   117 1349s
 166361 107136  131.46001   88   45  135.16702  130.96262  3.11%   118 1366s
 169415 107851     cutoff   62       135.16702  130.96739  3.11%   118 1382s
 170814 109546     cutoff   67       135.16702  130.97098  3.10%   118 1399s
 173819 110151     cutoff   68       135.16702  130.97586  3.10%   118 1412s
 174995 111723     cutoff  112       135.16702  130.98084  3.10%   119 1430s
 177744 112232     cutoff   55       135.16702  130.98502  3.09%   119 1446s
 178908 113949     cutoff   88       135.16702  130.98876  3.09%   119 1466s
 181812 114873 infeasible   90       135.16702  130.99402  3.09%   119 1483s
 183315 116597     cutoff   71       135.16702  130.99775  3.08%   120 1507s
 185955 117714     cutoff   69       135.16702  131.00077  3.08%   120 1526s
 187651 119990 infeasible   76       135.16702  131.00494  3.08%   120 1546s
 191215 120912  131.03527   94  117  135.16702  131.00842  3.08%   120 1565s
 192836 123962 infeasible  110       135.16702  131.01326  3.07%   120 1595s
 197975 124552  134.34843   86  172  135.16702  131.01814  3.07%   120 1612s
 199405 125919     cutoff   89       135.16702  131.02290  3.07%   121 1632s
 202578 126627 infeasible   88       135.16702  131.02663  3.06%   121 1652s
 204174 127989 infeasible   87       135.16702  131.02792  3.06%   121 1673s
 207235 128948     cutoff  110       135.16702  131.03160  3.06%   122 1693s
 209089 130549     cutoff   83       135.16702  131.03720  3.06%   122 1718s
 212473 131274 infeasible   96       135.16702  131.04290  3.05%   122 1739s
 213899 134195     cutoff   87       135.16702  131.04612  3.05%   122 1772s
 219261 134730  132.18169  107  104  135.16702  131.05393  3.04%   123 1791s
 220765 137337     cutoff  104       135.16702  131.05592  3.04%   123 1813s
 224825 138080     cutoff   96       135.16702  131.05902  3.04%   123 1832s
 226540 139721  134.04358   82  159  135.16702  131.06110  3.04%   123 1854s
 229715 140385     cutoff  104       135.16702  131.06701  3.03%   123 1873s
 231171 141789     cutoff  112       135.16702  131.06868  3.03%   123 1895s
 234259 142441     cutoff  118       135.16702  131.07311  3.03%   124 1919s
 235812 144720  131.68199   47   90  135.16702  131.07763  3.03%   124 1956s
 240014 145613     cutoff  108       135.16702  131.08351  3.02%   124 1980s
 241807 147065 infeasible  112       135.16702  131.08656  3.02%   125 2006s
 244999 147739  135.12951   92   44  135.16702  131.09152  3.02%   125 2030s
 246834 149486 infeasible   79       135.16702  131.09309  3.01%   125 2058s
 250348 150084     cutoff   97       135.16702  131.10026  3.01%   126 2084s
 251866 150752     cutoff   64       135.16702  131.10354  3.01%   126 2108s
 253822 152417     cutoff  114       135.16702  131.10699  3.00%   126 2131s
 257634 153076 infeasible  114       135.16702  131.11076  3.00%   127 2148s
 258910 155855 infeasible   85       135.16702  131.11697  3.00%   127 2182s
 264112 156501 infeasible   89       135.16702  131.12314  2.99%   127 2203s
 265807 157555  134.08977  112  174  135.16702  131.12703  2.99%   127 2226s
 268090 159237     cutoff  131       135.16702  131.13030  2.99%   128 2248s
 271471 159856     cutoff  114       135.16702  131.13543  2.98%   128 2272s
 273000 160673     cutoff   74       135.16702  131.13712  2.98%   128 2296s
 275078 162185 infeasible  113       135.16702  131.14140  2.98%   129 2322s
 278554 162812 infeasible  116       135.16702  131.14496  2.98%   129 2346s
 280035 165377     cutoff   49       135.16702  131.14943  2.97%   129 2387s
 284984 166373  131.15620  100  173  135.16702  131.15564  2.97%   130 2413s
 286967 168243 infeasible   57       135.16702  131.15767  2.97%   130 2438s
 290636 168426     cutoff   87       135.16702  131.16396  2.96%   130 2484s
 291194 169375     cutoff   80       135.16702  131.16523  2.96%   130 2507s
 293341 170443     cutoff   52       135.16702  131.16975  2.96%   131 2536s
 295794 171010  131.37540  109   73  135.16702  131.17312  2.95%   131 2563s
 297771 173259     cutoff  129       135.16702  131.17563  2.95%   131 2595s
 302020 174074     cutoff   84       135.16702  131.18404  2.95%   132 2619s
 303543 176535  131.48557   95  186  135.16702  131.18560  2.95%   132 2662s
 308762 177434 infeasible   91       135.16702  131.19250  2.94%   132 2689s
 310816 179129 infeasible  101       135.16702  131.19630  2.94%   132 2776s
 314128 180123  133.87849  107   59  135.16702  131.19722  2.94%   132 2807s
 316247 182557     cutoff   42       135.16702  131.20417  2.93%   133 2842s
 320422 183487 infeasible  115       135.16702  131.20664  2.93%   133 2872s
 322561 184671     cutoff   94       135.16702  131.20968  2.93%   133 2897s
 325220 185601  132.84316  105   79  135.16702  131.21300  2.93%   133 2922s
 327155 187148  132.44992   91   86  135.16702  131.21571  2.92%   133 2956s
 330789 188051     cutoff  128       135.16702  131.21939  2.92%   134 2981s
 332833 189543  132.75971   99   81  135.16702  131.22208  2.92%   134 3010s
 336283 191053     cutoff  102       135.16702  131.22534  2.92%   134 3037s
 339587 191953  131.29183   92   80  135.16702  131.22940  2.91%   134 3067s
 341711 193731     cutoff  103       135.16702  131.23316  2.91%   134 3097s
 345260 194310  133.57629   96  157  135.16702  131.23786  2.91%   135 3124s
 346856 196761  131.33652   79  233  135.16702  131.23960  2.91%   135 3170s
 351819 197588  131.49559   84  208  135.16702  131.24516  2.90%   135 3198s
 353644 198441  131.25241  111  101  135.16702  131.24800  2.90%   135 3229s
 354799 198441  131.30941  104   67  135.16702  131.24827  2.90%   136 3230s
 355673 200163     cutoff   90       135.16702  131.25053  2.90%   136 3263s
 359489 200941     cutoff   90       135.16702  131.25422  2.89%   136 3291s
 361529 202888     cutoff  123       135.16702  131.25704  2.89%   136 3320s
 365468 203751     cutoff  123       135.16702  131.26081  2.89%   136 3347s
 367373 204944  131.93120  123  125  135.16702  131.26295  2.89%   136 3372s
 369982 205824     cutoff   74       135.16702  131.26490  2.89%   137 3401s
 372158 206631  131.73777   59  120  135.16702  131.26864  2.88%   137 3431s
 374217 208586  133.40467   99  243  135.16702  131.27070  2.88%   137 3467s
 378050 209443     cutoff  113       135.16702  131.27353  2.88%   137 3495s
 380106 210944 infeasible   81       135.16702  131.27655  2.88%   137 3524s
 383691 211827  132.88970   92  202  135.16702  131.28049  2.88%   138 3551s
 385816 213298  131.56773  105  108  135.16702  131.28287  2.87%   138 3584s
 389201 213724     cutoff   93       135.16702  131.28591  2.87%   138 3609s
 390681 215710  132.69268  107  128  135.16702  131.28798  2.87%   138 3657s
 395548 216412     cutoff   93       135.16702  131.29320  2.87%   139 3691s
 397551 217330     cutoff   79       135.16702  131.29527  2.86%   139 3725s
 399784 218863 infeasible   88       135.16702  131.29806  2.86%   139 3762s
 403611 219783     cutoff   76       135.16702  131.30223  2.86%   139 3796s
 405604 221183     cutoff   95       135.16702  131.30468  2.86%   139 3830s
 409131 222035  131.31576  108  144  135.16702  131.30808  2.85%   140 3862s
 411266 223089     cutoff   97       135.16702  131.31063  2.85%   140 3892s
 413684 224297     cutoff  106       135.16702  131.31324  2.85%   140 3924s
 414823 224297  133.20236  108  158  135.16702  131.31395  2.85%   140 3925s
 416317 225031     cutoff  114       135.16702  131.31636  2.85%   140 3957s
 418172 226466     cutoff   74       135.16702  131.31856  2.85%   140 3994s
 419915 226466     cutoff  110       135.16702  131.31899  2.85%   140 3995s
 421810 227095     cutoff  131       135.16702  131.32161  2.84%   140 4030s
 423476 228609  131.56769   95  147  135.16702  131.32479  2.84%   141 4063s
 427017 229499 infeasible  112       135.16702  131.32871  2.84%   141 4096s
 429032 231010  131.36290   72   85  135.16702  131.33097  2.84%   141 4131s
 432509 231721     cutoff   85       135.16702  131.33463  2.84%   141 4160s
 434153 232988  131.66857  124  190  135.16702  131.33651  2.83%   141 4205s
 437438 234869     cutoff  131       135.16702  131.33815  2.83%   141 4256s
 442094 235501 infeasible   88       135.16702  131.34385  2.83%   142 4293s
 444234 236408  131.39659  102  183  135.16702  131.34767  2.83%   142 4327s
 446512 237962     cutoff   81       135.16702  131.35024  2.82%   142 4361s
 450519 238738 infeasible  109       135.16702  131.35325  2.82%   142 4396s
 452589 240268     cutoff  136       135.16702  131.35697  2.82%   142 4433s
 456375 240849  132.97744   94  101  135.16702  131.35982  2.82%   142 4464s
 457061 240849     cutoff  130       135.16702  131.36006  2.82%   143 4465s
 457728 242464     cutoff  113       135.16702  131.36138  2.82%   143 4519s
 460573 242464  131.89839   93  106  135.16702  131.36192  2.82%   143 4520s
 461634 244330  132.74442  109  182  135.16702  131.36485  2.81%   143 4565s
 466292 245367 infeasible  104       135.16702  131.36948  2.81%   143 4602s
 468573 246998  134.03873   80   96  135.16702  131.37185  2.81%   143 4646s
 472451 247855  133.40198  100   95  135.16702  131.37473  2.81%   143 4686s
 474568 249522     cutoff   90       135.16702  131.37674  2.80%   144 4726s
 478294 249766     cutoff   80       135.16702  131.38052  2.80%   144 4757s
 479541 251474 infeasible  100       135.16702  131.38194  2.80%   144 4815s
 483424 253370     cutoff   96       135.16702  131.38576  2.80%   144 4870s
 488394 255046  131.54033   83   89  135.16702  131.39009  2.79%   144 4909s
 492249 255943 infeasible  110       135.16702  131.39255  2.79%   144 4946s
 494496 257074     cutoff  106       135.16702  131.39520  2.79%   145 4985s
 497602 257983  133.00864   95  206  135.16702  131.39904  2.79%   145 5017s
 499906 259038     cutoff   71       135.16702  131.40088  2.79%   145 5040s
 502463 259827     cutoff  120       135.16702  131.40295  2.78%   145 5071s
 504297 261385     cutoff   97       135.16702  131.40508  2.78%   145 5106s
 507920 262170  132.07414  116   70  135.16702  131.40747  2.78%   145 5137s
 509928 263423 infeasible  123       135.16702  131.40966  2.78%   145 5168s
 513119 264309     cutoff  135       135.16702  131.41244  2.78%   146 5201s
 515255 265663 infeasible   76       135.16702  131.41433  2.78%   146 5239s
 518787 266594     cutoff  117       135.16702  131.41676  2.77%   146 5274s
 520961 267547  133.21872   91  189  135.16702  131.41991  2.77%   146 5301s
 523085 268524     cutoff   69       135.16702  131.42126  2.77%   146 5334s
 525233 270136     cutoff   96       135.16702  131.42316  2.77%   146 5375s
 529110 271013     cutoff  150       135.16702  131.42613  2.77%   146 5409s
 530249 271013     cutoff   90       135.16702  131.42643  2.77%   146 5410s
 531336 272423  134.58115   98  140  135.16702  131.42823  2.77%   147 5449s
 533397 272423  133.92251   90  151  135.16702  131.42878  2.77%   147 5450s
 535082 273316     cutoff  139       135.16702  131.43169  2.76%   147 5488s
 537199 274627  133.63102  121  204  135.16702  131.43433  2.76%   147 5524s
 539721 274627     cutoff  146       135.16702  131.43466  2.76%   147 5525s
 540799 275536     cutoff   91       135.16702  131.43712  2.76%   147 5557s
 543113 276197     cutoff   86       135.16702  131.43874  2.76%   147 5588s
 545176 276858     cutoff   74       135.16702  131.44035  2.76%   147 5623s
 547435 278437  131.47731   86  111  135.16702  131.44292  2.76%   147 5663s
 551349 279145 infeasible  150       135.16702  131.44589  2.75%   148 5697s
H552651 279145                     135.1670167  131.44650  2.75%   148 5698s
 553409 280012  131.53269  127  153  135.16702  131.44894  2.75%   148 5733s
 555843 281531     cutoff   62       135.16702  131.45059  2.75%   148 5768s
 559770 282352  132.89091   64   86  135.16702  131.45469  2.75%   148 5804s
 562068 283943 infeasible  152       135.16702  131.45670  2.74%   148 5845s
 565663 284393     cutoff  112       135.16702  131.45961  2.74%   148 5873s
 567194 285613     cutoff   55       135.16702  131.46144  2.74%   149 5924s
 570463 287123     cutoff   96       135.16702  131.46388  2.74%   149 5972s
 574908 287837 infeasible   98       135.16702  131.46765  2.74%   149 6013s
 577549 289421     cutoff   83       135.16702  131.46991  2.74%   149 6056s
 581341 290113     cutoff   88       135.16702  131.47331  2.73%   149 6097s
 583541 291537  131.77587  125  142  135.16702  131.47470  2.73%   149 6141s
 587750 292033  131.76572  134  127  135.16702  131.47882  2.73%   149 6168s
 589451 293060  132.81910  122   18  135.16702  131.48081  2.73%   149 6212s
 592691 294597  134.88888  130  142  135.16702  131.48287  2.73%   150 6264s
 597481 295121     cutoff  109       135.16702  131.48731  2.72%   150 6307s
 599953 295915     cutoff  119       135.16702  131.48973  2.72%   150 6350s
 602742 297295     cutoff   79       135.16702  131.49235  2.72%   150 6396s
 607048 297788     cutoff  145       135.16702  131.49596  2.72%   150 6437s
 609783 298442     cutoff  118       135.16702  131.49979  2.71%   150 6473s
 611676 299580     cutoff  126       135.16702  131.50129  2.71%   150 6524s
 614785 299580  135.14018   86  162  135.16702  131.50156  2.71%   150 6525s
 615228 301463 infeasible   82       135.16702  131.50409  2.71%   150 6576s
 620144 301928  134.27270  118  180  135.16702  131.50819  2.71%   150 6617s
 622912 303448     cutoff   85       135.16702  131.51125  2.70%   150 6659s
 624825 303448     cutoff  107       135.16702  131.51164  2.70%   150 6660s
 627388 304254  133.46727  100   50  135.16702  131.51471  2.70%   151 6703s
 630020 304898     cutoff  102       135.16702  131.51727  2.70%   151 6745s
 632876 305581     cutoff   71       135.16702  131.52017  2.70%   151 6782s
 635832 306429     cutoff  133       135.16702  131.52278  2.70%   151 6817s
 638329 307606 infeasible  121       135.16702  131.52499  2.69%   151 6861s
 642522 308077     cutoff  155       135.16702  131.52887  2.69%   151 6898s
 645094 309195 infeasible  114       135.16702  131.53180  2.69%   151 6940s
 648950 309908     cutoff  111       135.16702  131.53560  2.69%   151 6983s
 651308 310820     cutoff  108       135.16702  131.53693  2.69%   151 7027s
 654124 311811  132.80676  132  196  135.16702  131.54012  2.68%   151 7063s
 657052 312809     cutoff   93       135.16702  131.54265  2.68%   151 7103s
 660501 313377     cutoff  108       135.16702  131.54582  2.68%   152 7141s
 663005 314384     cutoff  125       135.16702  131.54851  2.68%   152 7184s
 666654 314666  131.77735  121  121  135.16702  131.55182  2.67%   152 7200s

Cutting planes:
  Learned: 9
  Gomory: 117
  Lift-and-project: 50
  Cover: 3306
  Implied bound: 1046
  Clique: 6
  MIR: 1114
  StrongCG: 7
  Flow cover: 1934
  Inf proof: 4
  Zero half: 17
  RLT: 149
  Relax-and-lift: 104

Explored 667658 nodes (101372342 simplex iterations) in 7200.32 seconds (3111.09 work units)
Thread count was 32 (of 32 available processors)

Solution count 10: 135.167 135.167 135.167 ... 136.452

Time limit reached
Best objective 1.351670167187e+02, best bound 1.315529828240e+02, gap 2.6738%
