
Gurobi 9.5.2 (linux64) logging started Wed Aug 12 16:05:31 2026

Set parameter LogFile to value "/mnt/beegfs/users/celinep/ChargeAndBreak/logs/oracle_RlongCfewTnone_19__cs100_gurobi.log"
Gurobi Optimizer version 9.5.2 build v9.5.2rc0 (linux64)
Thread count: 16 physical cores, 32 logical processors, using up to 32 threads
Optimize a model with 8599 rows, 4501 columns and 164078 nonzeros
Model fingerprint: 0xc698cd51
Variable types: 2873 continuous, 1628 integer (1628 binary)
Coefficient statistics:
  Matrix range     [4e-02, 2e+03]
  Objective range  [5e-01, 1e+00]
  Bounds range     [1e+00, 6e+01]
  RHS range        [2e-01, 2e+07]

User MIP start did not produce a new incumbent solution

Presolve removed 2883 rows and 954 columns
Presolve time: 2.78s
Presolved: 5716 rows, 3547 columns, 148190 nonzeros
Variable types: 2091 continuous, 1456 integer (1455 binary)
Found heuristic solution: objective 1949.4649449
Root relaxation presolve removed 102 rows and 45 columns
Root relaxation presolved: 5614 rows, 3502 columns, 116153 nonzeros

Extra simplex iterations after uncrush: 1

Root relaxation: objective 1.111394e+02, 4382 iterations, 1.29 seconds (0.97 work units)
Total elapsed time = 5.10s
Another try with MIP start

    Nodes    |    Current Node    |     Objective Bounds      |     Work
 Expl Unexpl |  Obj  Depth IntInf | Incumbent    BestBd   Gap | It/Node Time

H    0     0                     147.1238709  111.13943  24.5%     -    6s
     0     0  111.13943    0  109  147.12387  111.13943  24.5%     -    6s
     0     0  112.18586    0  122  147.12387  112.18586  23.7%     -    8s
     0     0  112.18853    0  103  147.12387  112.18853  23.7%     -    8s
     0     0  112.20518    0  115  147.12387  112.20518  23.7%     -    8s
     0     0  112.20608    0  115  147.12387  112.20608  23.7%     -    8s
     0     0  112.45052    0  339  147.12387  112.45052  23.6%     -   10s
     0     0  112.46680    0  330  147.12387  112.46680  23.6%     -   10s
     0     0  112.46902    0  316  147.12387  112.46902  23.6%     -   10s
     0     0  112.46925    0  316  147.12387  112.46925  23.6%     -   11s
     0     0  112.65572    0  225  147.12387  112.65572  23.4%     -   12s
     0     0  112.68883    0  234  147.12387  112.68883  23.4%     -   12s
H    0     0                     136.5176801  112.69437  17.5%     -   12s
     0     0  112.69437    0  249  136.51768  112.69437  17.5%     -   12s
     0     0  112.69517    0  238  136.51768  112.69517  17.5%     -   12s
     0     0  112.69573    0  256  136.51768  112.69573  17.4%     -   13s
     0     0  112.69573    0  257  136.51768  112.69573  17.4%     -   13s
     0     0  112.76127    0  216  136.51768  112.76127  17.4%     -   14s
     0     0  112.76774    0  197  136.51768  112.76774  17.4%     -   14s
     0     0  112.76985    0  236  136.51768  112.76985  17.4%     -   14s
     0     0  112.76991    0  233  136.51768  112.76991  17.4%     -   14s
     0     0  112.81008    0  249  136.51768  112.81008  17.4%     -   15s
H    0     0                     136.2839119  112.81008  17.2%     -   15s
     0     0  112.82208    0  328  136.28391  112.82208  17.2%     -   16s
     0     0  112.82643    0  330  136.28391  112.82643  17.2%     -   16s
     0     0  112.82682    0  326  136.28391  112.82682  17.2%     -   16s
     0     0  112.82776    0  253  136.28391  112.82776  17.2%     -   16s
     0     0  112.82832    0  253  136.28391  112.82832  17.2%     -   16s
     0     0  112.82832    0  253  136.28391  112.82832  17.2%     -   16s
     0     0  112.86046    0  182  136.28391  112.86046  17.2%     -   18s
     0     0  112.87335    0  211  136.28391  112.87335  17.2%     -   19s
     0     0  112.87415    0  212  136.28391  112.87415  17.2%     -   19s
     0     0  112.87427    0  213  136.28391  112.87427  17.2%     -   19s
     0     0  112.91191    0  247  136.28391  112.91191  17.1%     -   21s
H    0     0                     136.1450105  112.91191  17.1%     -   21s
     0     0  112.91827    0  193  136.14501  112.91827  17.1%     -   21s
     0     0  112.91906    0  221  136.14501  112.91906  17.1%     -   21s
     0     0  112.91909    0  222  136.14501  112.91909  17.1%     -   21s
     0     0  112.92852    0  200  136.14501  112.92852  17.1%     -   23s
     0     0  112.92994    0  204  136.14501  112.92994  17.1%     -   23s
     0     0  112.93074    0  247  136.14501  112.93074  17.1%     -   23s
     0     0  112.93136    0  244  136.14501  112.93136  17.1%     -   23s
     0     0  112.93143    0  246  136.14501  112.93143  17.1%     -   23s
     0     0  112.94516    0  341  136.14501  112.94516  17.0%     -   25s
     0     0  112.94973    0  255  136.14501  112.94973  17.0%     -   25s
     0     0  112.95153    0  346  136.14501  112.95153  17.0%     -   25s
     0     0  112.95156    0  339  136.14501  112.95156  17.0%     -   25s
     0     0  112.96084    0  280  136.14501  112.96084  17.0%     -   27s
     0     0  112.96380    0  317  136.14501  112.96380  17.0%     -   27s
     0     0  112.96407    0  300  136.14501  112.96407  17.0%     -   27s
     0     0  112.97144    0  213  136.14501  112.97144  17.0%     -   28s
     0     0  112.97178    0  222  136.14501  112.97178  17.0%     -   28s
     0     0  113.00532    0  344  136.14501  113.00532  17.0%     -   30s
     0     0  113.01348    0  222  136.14501  113.01348  17.0%     -   30s
     0     0  113.01401    0  223  136.14501  113.01401  17.0%     -   30s
     0     0  113.01424    0  258  136.14501  113.01424  17.0%     -   31s
     0     0  113.01742    0  353  136.14501  113.01742  17.0%     -   32s
     0     0  113.01933    0  382  136.14501  113.01933  17.0%     -   32s
     0     0  113.02020    0  356  136.14501  113.02020  17.0%     -   32s
     0     0  113.02020    0  347  136.14501  113.02020  17.0%     -   32s
     0     0  113.02173    0  337  136.14501  113.02173  17.0%     -   33s
     0     0  113.02296    0  353  136.14501  113.02296  17.0%     -   34s
     0     0  113.02302    0  353  136.14501  113.02302  17.0%     -   34s
     0     0  113.02440    0  349  136.14501  113.02440  17.0%     -   35s
     0     0  113.02612    0  327  136.14501  113.02612  17.0%     -   36s
     0     0  113.02716    0  352  136.14501  113.02716  17.0%     -   36s
     0     0  113.02716    0  352  136.14501  113.02716  17.0%     -   36s
     0     0  113.02785    0  329  136.14501  113.02785  17.0%     -   37s
     0     0  113.02859    0  332  136.14501  113.02859  17.0%     -   37s
     0     0  113.02859    0  332  136.14501  113.02859  17.0%     -   37s
     0     0  113.02884    0  299  136.14501  113.02884  17.0%     -   38s
     0     0  113.02884    0  259  136.14501  113.02884  17.0%     -   39s
H    0     0                     135.9219910  113.02884  16.8%     -   40s
     0     2  113.02884    0  258  135.92199  113.02884  16.8%     -   41s
    31    48  113.33789    5  226  135.92199  113.03177  16.8%   329   45s
H   79    96                     135.7417344  113.03534  16.7%   360   50s
H  127   144                     124.7536929  113.06225  9.37%   357   54s
   143   168  114.32609   12  301  124.75369  113.06226  9.37%   360   55s
H  185   201                     124.4917344  113.06307  9.18%   363   58s
   221   249  113.06310   17  313  124.49173  113.06310  9.18%   381   60s
H  249   265                     124.4711021  113.06310  9.17%   397   62s
H  290   307                     124.4084011  113.06536  9.12%   406   66s
H  345   362                     124.4084011  113.07284  9.11%   423   70s
H  394   405                     124.3250678  113.07438  9.05%   457   73s
   404   424  113.31932   31  277  124.32507  113.07465  9.05%   470   76s
   495   571  113.47014   34  280  124.32507  113.46545  8.73%   488   80s
   692   740  113.58165   44  292  124.32507  113.58165  8.64%   424   86s
H  739   795                     124.3250677  113.58262  8.64%   429   88s
   794   865  113.74236   43  320  124.32507  113.59011  8.63%   425   90s
   926  1016  115.30805   63  211  124.32507  113.61192  8.62%   408   95s
  1225  1326  113.62188   69  292  124.32507  113.62188  8.61%   363  100s
  1577  1680  113.68524   39  327  124.32507  113.68524  8.56%   323  106s
  1997  2046  113.92319   58  301  124.32507  113.71851  8.53%   292  112s
  2066  2047  114.26845    7  259  124.32507  113.72571  8.53%   290  122s
  2068  2048  115.34549   20  109  124.32507  113.72571  8.53%   289  125s
  2073  2052  114.16414   11  247  124.32507  113.72571  8.53%   289  130s
  2076  2054  113.93152   22  244  124.32507  113.72571  8.53%   288  137s
  2083  2058  114.31718   62  324  124.32507  113.72571  8.53%   287  142s
  2084  2059  116.42923   11  218  124.32507  113.72571  8.53%   287  150s
  2089  2062  114.01778   35  269  124.32507  113.75098  8.51%   286  161s
  2092  2064  117.58244   21  322  124.32507  113.76030  8.50%   286  166s
  2093  2065  114.30878    9  219  124.32507  113.79165  8.47%   286  172s
  2095  2066  114.49896   42  251  124.32507  113.83543  8.44%   286  175s
  2096  2067  113.85290   50  197  124.32507  113.85290  8.42%   285  183s
  2099  2069  119.65761   13  300  124.32507  113.87312  8.41%   285  186s
  2100  2070  114.32117   66  282  124.32507  113.88182  8.40%   285  191s
  2103  2072  118.93748   38  359  124.32507  113.90452  8.38%   284  195s
  2104  2072  118.20872   10  268  124.32507  113.95142  8.34%   284  203s
  2107  2074  114.15007   41  297  124.32507  113.96758  8.33%   284  207s
  2108  2075  115.53193   46  277  124.32507  113.99798  8.31%   284  215s
  2110  2076  114.54421   11  286  124.32507  114.00867  8.30%   284  220s
  2111  2077  115.62541   16  218  124.32507  114.01771  8.29%   283  226s
  2114  2079  114.33022   48  292  124.32507  114.03812  8.27%   283  236s
  2118  2082  116.32114   45  282  124.32507  114.09239  8.23%   282  247s
  2121  2084  114.12825   67  275  124.32507  114.12825  8.20%   282  256s
  2123  2085  115.67065   12  239  124.32507  114.13471  8.20%   282  266s
  2127  2088  114.16616   69  296  124.32507  114.16616  8.17%   281  273s
  2128  2088  114.30592    8  363  124.32507  114.16864  8.17%   281  276s
  2129  2089  114.18844   11  276  124.32507  114.18844  8.15%   281  286s
  2131  2090  114.21609   46  246  124.32507  114.21609  8.13%   281  291s
  2132  2094  114.21609   12  246  124.32507  114.21609  8.13%   303  305s
  2134  2097  114.22554   13  286  124.32507  114.22554  8.12%   303  318s
  2138  2100  114.23027   14  315  124.32507  114.23027  8.12%   303  324s
  2146  2101  114.23213   15  321  124.32507  114.23213  8.12%   305  327s
  2174  2115  114.45514   17  257  124.32507  114.23563  8.12%   307  330s
  2248  2162  114.24029   22  329  124.32507  114.24029  8.11%   309  338s
  2264  2173  115.85630   23  164  124.32507  114.24033  8.11%   313  340s
  2353  2237  114.24686   30  346  124.32507  114.24686  8.11%   323  347s
  2406  2263  114.47340   36  259  124.32507  114.25310  8.10%   332  352s
  2466  2302  114.74242   39  176  124.32507  114.27319  8.09%   335  358s
  2482  2351  114.27415   43  287  124.32507  114.27415  8.08%   339  360s
H 2634  2342                     124.3250677  114.31894  8.05%   341  363s
  2749  2383  114.59800   46  353  124.32507  114.39665  7.99%   342  378s
H 2751  2283                     124.3250677  114.39665  7.99%   342  378s
H 2754  2186                     124.3250674  114.39761  7.99%   342  378s
  2765  2226  114.45622   57  319  124.32507  114.39830  7.98%   344  380s
  3038  2433  114.44313   48  299  124.32507  114.43287  7.96%   345  385s
  3287  2587  114.56927   48  273  124.32507  114.44517  7.95%   344  390s
  3410  2671  114.86910   51  134  124.32507  114.45091  7.94%   347  396s
  3472  2753  118.82708   55  224  124.32507  114.45962  7.94%   348  400s
  3816  2893  114.91409   49  188  124.32507  114.46566  7.93%   338  408s
  3832  3111  114.46742   56  291  124.32507  114.46742  7.93%   341  410s
  4266  3427  116.57037   38  124  124.32507  114.47440  7.92%   331  416s
  4817  3720  114.66503   21  279  124.32507  114.47871  7.92%   317  423s
  5019  3857  114.69938   34  184  124.32507  114.48179  7.92%   311  427s
  5228  4041  114.63501   54  245  124.32507  114.48404  7.92%   308  433s
  5484  4236  114.48810   53  322  124.32507  114.48609  7.91%   305  436s
  6098  4661  117.56679   68  127  124.32507  114.49265  7.91%   297  444s
  6404  5008  114.53173   31  259  124.32507  114.49574  7.91%   292  448s
  6862  5325  114.50317   58  309  124.32507  114.49768  7.90%   285  453s
  7336  5766  117.95061   28  228  124.32507  114.50183  7.90%   277  458s
  7948  6126  115.77972   43  139  124.32507  114.50427  7.90%   266  463s
  8368  6138  115.17155   54  266  124.32507  114.50626  7.90%   262  471s
  8384  6779  120.31434   29  184  124.32507  114.50883  7.90%   264  476s
  9035  7446  116.76891   48  268  124.32507  114.51091  7.89%   256  480s
 10299  8601  116.41061   50  239  124.32507  114.51531  7.89%   243  487s
 10905  8824  114.66034   25  153  124.32507  114.51732  7.89%   240  493s
 11172  9789  114.75892   53  195  124.32507  114.51904  7.89%   238  499s
 12140 10445  122.72339   20  241  124.32507  114.52094  7.89%   228  504s
 12803 11139  114.76090   63  194  124.32507  114.52251  7.88%   224  509s
 13581 11971  114.53123   29  335  124.32507  114.52495  7.88%   220  517s
 14422 12682  114.79181   27  270  124.32507  114.52789  7.88%   215  522s
 15170 13077  114.55142   54  395  124.32507  114.53074  7.88%   213  532s
 15574 13280  114.69392   25  269  124.32507  114.53352  7.88%   212  541s
 15777 13839  114.56460   65  323  124.32507  114.53591  7.87%   212  549s
 16361 14661  114.72784   58  226  124.32507  114.53783  7.87%   212  557s
 17243 14683  121.42677   62  231  124.32507  114.54154  7.87%   209  563s
 17276 15281  114.55493   62  408  124.32507  114.54410  7.87%   210  571s
 17890 16071  114.57067   38  363  124.32507  114.54615  7.87%   210  579s
 18703 17103  118.80228   57  152  124.32507  114.54841  7.86%   209  590s
 19806 18183  114.71549   43  325  124.32507  114.55149  7.86%   205  597s
 20921 19046  116.97368   44  281  124.32507  114.55428  7.86%   203  607s
 21827 19873  123.02327   66  141  124.32507  114.55920  7.86%   205  621s
 22715 21463  114.56182   58  360  124.32507  114.56058  7.85%   203  633s
 24377 23015  123.09920   58  201  124.32507  114.56243  7.85%   201  645s
 25979 24218  117.00186   45  219  124.32507  114.56657  7.85%   196  654s
 27362 25277  120.45319   37  172  124.32507  114.56914  7.85%   193  666s
H28394 25277                     124.3250672  114.57047  7.85%   191  666s
 28445 26263  114.58507   53  257  124.32507  114.57131  7.85%   191  680s
H29168 26263                     124.3250667  114.57309  7.84%   191  680s
 29474 26495  119.12011   76   55  124.32507  114.57365  7.84%   190  689s
 29737 27731  115.95010   40  209  124.32507  114.57502  7.84%   191  703s
 31030 28884  119.82100   50  165  124.32507  114.57671  7.84%   189  715s
 32292 29579  114.98235   56  250  124.32507  114.57938  7.84%   188  728s
 33041 31184  122.18236   22  213  124.32507  114.58113  7.84%   188  742s
 34794 32263  121.74892   58  233  124.32507  114.58448  7.83%   186  758s
 35915 33789  123.17455   40   74  124.32507  114.58662  7.83%   185  777s
 37497 35388  114.82269   60  256  124.32507  114.59141  7.83%   185  791s
 39360 36960  118.88745   40  201  124.32507  114.59352  7.83%   185  808s
 40995 37386  119.24629   62  161  124.32507  114.59696  7.82%   185  821s
 41455 39674  114.93490   55  181  124.32507  114.59883  7.82%   185  843s
 43938 40963  114.65604   64  320  124.32507  114.60111  7.82%   185  861s
 45266 42071  115.90401   69  207  124.32507  114.60288  7.82%   185  889s
H45602 42071                     124.3250667  114.60371  7.82%   185  889s
 46448 43816  116.35308   59  232  124.32507  114.60566  7.82%   184  906s
 48312 45643  114.89542   44  286  124.32507  114.60956  7.81%   184  924s
 50238 47938  124.31415   57  106  124.32507  114.61246  7.81%   185  944s
 52627 49926  115.04873   58  240  124.32507  114.61588  7.81%   184  960s
 54728 50100  117.55755   46  183  124.32507  114.61993  7.81%   183  979s
 54940 51861  114.85155   55  233  124.32507  114.62147  7.81%   184 1001s
 56908 53367  117.68820   56  183  124.32507  114.62487  7.80%   183 1020s
 58521 55341  117.73214   51  246  124.32507  114.62787  7.80%   183 1038s
 60632 57326  115.41467   40  194  124.32507  114.63168  7.80%   183 1055s
 62796 58790  118.85635   59  149  124.32507  114.63546  7.79%   182 1078s
 64443 60919  114.66121   53  312  124.32507  114.63802  7.79%   183 1101s
 66646 63007  119.79747   22  198  124.32507  114.64099  7.79%   183 1125s
 68941 65002  119.10711   50  198  124.32507  114.64616  7.79%   183 1148s
 71118 67030  114.80780   78  215  124.32507  114.64986  7.78%   183 1170s
 73286 68213  115.48196   90  180  124.32507  114.65181  7.78%   182 1186s
 74642 70457  119.46067   55  295  124.32507  114.65398  7.78%   182 1207s
 77015 72108  118.73298   67  264  124.32507  114.65636  7.78%   182 1224s
 78887 73249  121.59784   48  335  124.32507  114.65899  7.77%   182 1243s
 80149 75548  114.91017   42  227  124.32507  114.66086  7.77%   182 1263s
 82647 76858  115.11201   88  276  124.32507  114.66324  7.77%   182 1284s
 84121 77608  120.49350   90  245  124.32507  114.66488  7.77%   182 1308s
 84962 82062  122.55661   43  190  124.32507  114.66653  7.77%   182 1353s
 90350 82638  121.95379   29  179  124.32507  114.67032  7.77%   184 1376s
 91024 84852 infeasible   61       124.32507  114.67271  7.76%   184 1397s
 93476 86936  122.09841   92  165  124.32507  114.67612  7.76%   184 1423s
 95712 89106  117.76294   79  199  124.32507  114.67784  7.76%   184 1449s
 98037 91174  114.76319   56  300  124.32507  114.68102  7.76%   183 1475s
 100192 93394  116.19064   58  263  124.32507  114.68173  7.76%   183 1497s
 102604 95562  116.06206   90  214  124.32507  114.68531  7.75%   183 1516s
 105148 97201  114.98094   65  230  124.32507  114.68703  7.75%   183 1537s
 107031 99380  116.75811   73  151  124.32507  114.68898  7.75%   184 1564s
 109543 101998  114.96619   72  258  124.32507  114.69145  7.75%   184 1584s
 112463 103653  116.95729   57  205  124.32507  114.69374  7.75%   183 1604s
H114125 103653                     124.3250609  114.69426  7.75%   183 1604s
 114193 104519  117.75507   74  184  124.32506  114.69494  7.75%   183 1625s
 115106 106616  119.00800   31  146  124.32506  114.69598  7.75%   184 1649s
 116178 106616  115.03515   66  231  124.32506  114.69629  7.74%   184 1650s
 117454 108998  116.86113   77  255  124.32506  114.69783  7.74%   184 1673s
 119998 111445  114.69946   87  349  124.32506  114.69946  7.74%   184 1697s
 122535 113135  118.49650   31  269  124.32506  114.70115  7.74%   184 1717s
 124716 115429  121.45801   91  167  124.32506  114.70284  7.74%   184 1739s
 127228 117727  119.45383   33  252  124.32506  114.70574  7.74%   184 1765s
 129724 119611  114.99364   66  265  124.32506  114.70738  7.74%   184 1781s
 131813 121492  115.38626   73  187  124.32506  114.70863  7.73%   184 1799s
 133968 123028  114.71675   67  235  124.32506  114.71089  7.73%   184 1819s
 134962 123028  122.11184   62  216  124.32506  114.71138  7.73%   184 1820s
 136286 125138  115.35728   69  137  124.32506  114.71259  7.73%   184 1834s
 138591 126854  114.92516   82  248  124.32506  114.71462  7.73%   184 1854s
 140532 128769  115.09370   67  244  124.32506  114.71615  7.73%   184 1875s
 142729 130851  114.85768   56  169  124.32506  114.71793  7.73%   184 1895s
 145146 132770  115.40486   98  244  124.32506  114.71908  7.73%   184 1915s
 147409 134304  115.03423   76  152  124.32506  114.72078  7.73%   184 1936s
 149104 136129  114.92725   76  273  124.32506  114.72243  7.72%   185 1962s
 151224 137303  121.66295   96  229  124.32506  114.72398  7.72%   185 1987s
 152852 138653  114.72521   36  267  124.32506  114.72521  7.72%   186 2013s
 154574 141017  115.34513   40  253  124.32506  114.72521  7.72%   186 2041s
 157201 143802  114.95959   61  233  124.32506  114.72876  7.72%   186 2074s
 159167 143802  115.85719   66  162  124.32506  114.72936  7.72%   186 2075s
 160450 146192  119.21319   46  199  124.32506  114.73126  7.72%   186 2099s
 163025 148571  116.35220   72  211  124.32506  114.73368  7.71%   186 2127s
 165634 150948  114.91355   53  241  124.32506  114.73558  7.71%   186 2151s
 168264 152283  117.68554   31  188  124.32506  114.73752  7.71%   186 2183s
 169885 154378  114.75402   83  322  124.32506  114.73862  7.71%   186 2215s
 172491 156525  115.77298   98  241  124.32506  114.73982  7.71%   186 2243s
 174825 158998  114.74119   91  265  124.32506  114.74111  7.71%   187 2264s
 177533 161095  122.30501  100  271  124.32506  114.74239  7.71%   187 2286s
 179910 162849  115.06077   85  225  124.32506  114.74401  7.71%   187 2315s
 181862 164844  115.22407   68  265  124.32506  114.74442  7.71%   187 2340s
 184169 166566  122.23058   43  170  124.32506  114.74629  7.70%   187 2366s
 186386 168371  117.18292   79  189  124.32506  114.74752  7.70%   187 2396s
 188546 170422  114.95035   71  227  124.32506  114.74907  7.70%   187 2418s
 190948 172590  114.85370   65  232  124.32506  114.75043  7.70%   188 2441s
 193439 174446  114.86725   69  162  124.32506  114.75257  7.70%   188 2465s
 195456 176627  115.19654   71  291  124.32506  114.75392  7.70%   188 2490s
 197985 177689  122.44666   45  223  124.32506  114.75597  7.70%   188 2523s
 199352 178703  115.03912   74  209  124.32506  114.75719  7.70%   188 2555s
 200447 181101  115.32841   67  150  124.32506  114.75800  7.70%   189 2587s
 203225 183383  115.07656   95  169  124.32506  114.75953  7.69%   189 2612s
 205936 185549  116.73632   63  235  124.32506  114.76163  7.69%   189 2642s
 208677 187423  123.71375   71  265  124.32506  114.76268  7.69%   189 2671s
 210753 188418  114.80573   35  292  124.32506  114.76435  7.69%   190 2702s
 211850 189074  119.23378  100  187  124.32506  114.76554  7.69%   190 2729s
 212770 195217  123.68294   44  234  124.32506  114.76591  7.69%   190 2783s
 219771 196122  115.33426   82  162  124.32506  114.76844  7.69%   190 2814s
 220781 198455  114.77495   90  294  124.32506  114.76929  7.69%   190 2842s
 223476 200511  120.48269   83  214  124.32506  114.77191  7.68%   191 2874s
 225985 202538  115.24243   74  235  124.32506  114.77345  7.68%   191 2912s
 228287 204754  115.17204   53  187  124.32506  114.77506  7.68%   192 2946s
 230803 206921  114.97227   75  210  124.32506  114.77683  7.68%   192 2975s
 233219 208798 infeasible   59       124.32506  114.77822  7.68%   192 3006s
 235402 211195  116.98381   87  188  124.32506  114.77975  7.68%   193 3034s
 238335 212081  116.30719   70  197  124.32506  114.78180  7.68%   192 3057s
 239347 214483  115.65339   68  172  124.32506  114.78313  7.67%   193 3083s
 242102 216659  114.89550   55  244  124.32506  114.78485  7.67%   193 3112s
 244694 217696  120.06458  102  275  124.32506  114.78620  7.67%   193 3140s
 245870 219737  114.81972   58  266  124.32506  114.78819  7.67%   193 3167s
 248348 220734  116.41229   80  334  124.32506  114.78908  7.67%   194 3197s
 249759 221640  114.89810   37  210  124.32506  114.79072  7.67%   194 3233s
 250873 222761  118.95890   60  185  124.32506  114.79220  7.67%   195 3271s
 252144 225849  115.33503   70  169  124.32506  114.79339  7.67%   195 3308s
 255919 227839  114.91944   90  300  124.32506  114.79576  7.66%   195 3334s
 256418 227839  116.00029   98  306  124.32506  114.79597  7.66%   195 3335s
 258207 229189  121.48168   87  209  124.32506  114.79698  7.66%   195 3365s
 259676 230304  124.27034   58  228  124.32506  114.79767  7.66%   195 3395s
 260938 233570     cutoff   67       124.32506  114.79870  7.66%   195 3430s
 264684 235804  115.47177   94  139  124.32506  114.80106  7.66%   195 3465s
 267514 238270  117.69333   57  159  124.32506  114.80350  7.66%   195 3493s
 270396 239466 infeasible   76       124.32506  114.80536  7.66%   196 3522s
 271787 241641  115.31618   73  174  124.32506  114.80640  7.66%   196 3557s
 274340 243745  115.91517   69  213  124.32506  114.80799  7.65%   196 3590s
 277078 245663  116.95391   78  196  124.32506  114.81054  7.65%   196 3616s
 279484 247776  116.17987   91  156  124.32506  114.81244  7.65%   197 3642s
 281884 249430  117.56834   64  343  124.32506  114.81351  7.65%   197 3667s
 284082 251278  116.32059   37  205  124.32506  114.81539  7.65%   197 3694s
 286318 253873  115.05465   83  170  124.32506  114.81625  7.65%   197 3724s
 289294 254567  116.68330   99  138  124.32506  114.81885  7.65%   197 3758s
 290085 256798 infeasible   74       124.32506  114.81980  7.65%   197 3790s
 293085 259034  116.84629   71  167  124.32506  114.82173  7.64%   197 3814s
 295657 261189  115.74183   71  158  124.32506  114.82360  7.64%   197 3844s
 298268 263000  116.49829   70  132  124.32506  114.82435  7.64%   197 3872s
 300502 264833  115.15207   36  226  124.32506  114.82693  7.64%   198 3902s
 302720 266046  115.39908  102  261  124.32506  114.82857  7.64%   198 3928s
 304104 268761  119.07843   73  218  124.32506  114.82979  7.64%   198 3958s
 307216 271203  114.88840  109  260  124.32506  114.83127  7.64%   198 3987s
 310125 273843  120.94328   60  200  124.32506  114.83449  7.63%   198 4008s
 313268 276168  116.04835   67  254  124.32506  114.83614  7.63%   198 4030s
 316054 278091  115.08207   56  229  124.32506  114.83864  7.63%   198 4060s
 318414 280042  115.87185   52  234  124.32506  114.83984  7.63%   198 4090s
 320786 280818     cutoff   82       124.32506  114.84191  7.63%   198 4124s
 321723 283012  115.07853   42  146  124.32506  114.84320  7.63%   198 4196s
 324339 288322 infeasible   88       124.32506  114.84484  7.63%   198 4252s
 330579 290371  123.01780   89  121  124.32506  114.84899  7.62%   199 4283s
 332988 292786  119.78967   60  257  124.32506  114.85206  7.62%   199 4322s
 335745 295451  115.57005   74  242  124.32506  114.85406  7.62%   199 4357s
 338999 297535  115.49345   69  252  124.32506  114.85580  7.62%   199 4396s
 341602 299836     cutoff   59       124.32506  114.85777  7.61%   199 4424s
 344341 301599     cutoff   63       124.32506  114.85991  7.61%   199 4446s
 346685 303345  121.42906   82  116  124.32506  114.86100  7.61%   199 4468s
 348791 304906  117.97603   87  233  124.32506  114.86281  7.61%   200 4488s
 351041 305779  123.36119   61  169  124.32506  114.86449  7.61%   200 4521s
 352090 306404  115.19323   64  251  124.32506  114.86512  7.61%   200 4558s
 352819 307302  115.84305   76  231  124.32506  114.86605  7.61%   200 4591s
 353966 308454  115.10474   70  212  124.32506  114.86715  7.61%   200 4633s
 355255 309577  115.24432   40  241  124.32506  114.86822  7.61%   200 4671s
 356672 310706  117.19046   25  175  124.32506  114.86886  7.61%   201 4710s
 357999 311832  122.18344   84  203  124.32506  114.87027  7.60%   201 4755s
 359600 312894  115.21505  102  264  124.32506  114.87153  7.60%   201 4800s
 360909 313974  117.99295   90  214  124.32506  114.87285  7.60%   202 4849s
 362506 314649     cutoff   85       124.32506  114.87493  7.60%   202 4885s
 363510 316313  115.79413   75  149  124.32506  114.87639  7.60%   202 4966s
 365911 317685  121.00474   72  209  124.32506  114.87970  7.60%   203 5041s
 367920 319276  119.46909   87  238  124.32506  114.88284  7.59%   204 5118s
 370435 320957     cutoff   97       124.32506  114.88667  7.59%   205 5188s
 372853 322860  115.12410   94  240  124.32506  114.88976  7.59%   205 5262s
 375458 324210  118.91599  107  206  124.32506  114.89241  7.59%   206 5327s
 377756 325706  119.59919   89  149  124.32506  114.89480  7.59%   207 5397s
 379966 327141     cutoff   96       124.32506  114.89950  7.58%   207 5478s
 382222 328719  115.39384   57  203  124.32506  114.90194  7.58%   208 5558s
 384575 329437  123.78479   88  226  124.32506  114.90566  7.58%   209 5591s
 385545 331225  121.40071   42  160  124.32506  114.90673  7.58%   209 5679s
 388317 332794     cutoff   88       124.32506  114.91065  7.57%   210 5753s
 390625 334523  117.46249   81  217  124.32506  114.91347  7.57%   210 5832s
 393016 335988  114.93683   78  308  124.32506  114.91720  7.57%   211 5914s
 393388 335988  120.74984  108  155  124.32506  114.91741  7.57%   211 5915s
 395216 337679  121.12461   78  212  124.32506  114.92084  7.56%   211 6002s
 397684 339245  115.59178   97  319  124.32506  114.92399  7.56%   212 6077s
 400034 340664  116.92199   35  283  124.32506  114.92723  7.56%   213 6156s
 402178 342092  119.57572   46  277  124.32506  114.92996  7.56%   213 6243s
 404325 343406     cutoff   73       124.32506  114.93283  7.55%   214 6330s
 406457 343917     cutoff   50       124.32506  114.93593  7.55%   215 6372s
 407354 350162 infeasible   82       124.32506  114.93813  7.55%   215 6460s
 416626 350618 infeasible   51       124.32506  114.94607  7.54%   214 6497s
 417291 351244  116.03117   77  244  124.32506  114.94627  7.54%   214 6529s
 418188 351829 infeasible   43       124.32506  114.94707  7.54%   214 6564s
 419155 352656 infeasible   75       124.32506  114.94815  7.54%   215 6601s
 420478 354831  115.69219   76  284  124.32506  114.95018  7.54%   215 6641s
 423501 355443  116.63145   62  257  124.32506  114.95334  7.54%   215 6683s
 424529 356123  119.08298  111  169  124.32506  114.95548  7.54%   215 6724s
 425112 356123  117.00611   60   67  124.32506  114.95583  7.54%   215 6725s
 425595 356902 infeasible   77       124.32506  114.95747  7.53%   216 6770s
 426872 359351     cutoff   53       124.32506  114.95944  7.53%   216 6809s
 427669 359351  115.31530   67  222  124.32506  114.95983  7.53%   216 6810s
 430259 359821 infeasible   96       124.32506  114.96356  7.53%   216 6842s
 431040 360411  115.50315   48  168  124.32506  114.96534  7.53%   216 6878s
 431967 361181 infeasible   74       124.32506  114.96677  7.53%   216 6915s
 433191 364128  116.86757   66  205  124.32506  114.96810  7.53%   216 6949s
 437093 364832     cutoff   68       124.32506  114.97258  7.52%   216 6988s
 438135 365705  117.99654   84  219  124.32506  114.97370  7.52%   217 7025s
 439368 368877  119.71451   69  152  124.32506  114.97579  7.52%   217 7064s
 443834 369386  115.58374   97  273  124.32506  114.97912  7.52%   216 7098s
 444784 370148     cutoff   97       124.32506  114.98098  7.52%   217 7135s
 445926 370935  121.71017   63  287  124.32506  114.98242  7.51%   217 7175s
 447167 371514 infeasible   57       124.32506  114.98386  7.51%   217 7200s

Cutting planes:
  Learned: 6
  Gomory: 99
  Lift-and-project: 18
  Cover: 198
  Implied bound: 1249
  Projected implied bound: 1
  Clique: 11
  MIR: 1610
  StrongCG: 5
  Flow cover: 2798
  Inf proof: 143
  Zero half: 100
  RLT: 161
  Relax-and-lift: 243
  BQP: 1
  PSD: 4

Explored 448165 nodes (97377303 simplex iterations) in 7200.39 seconds (3569.94 work units)
Thread count was 32 (of 32 available processors)

Solution count 10: 124.325 124.325 124.325 ... 124.408

Time limit reached
Best objective 1.243250609260e+02, best bound 1.149852261287e+02, gap 7.5124%
