
Gurobi 9.5.2 (linux64) logging started Thu Aug 13 05:32:11 2026

Set parameter LogFile to value "/mnt/beegfs/users/celinep/ChargeAndBreak/logs/oracle_RshortCmanyTtight_20__kwh300_gurobi.log"
Gurobi Optimizer version 9.5.2 build v9.5.2rc0 (linux64)
Thread count: 16 physical cores, 32 logical processors, using up to 32 threads
Optimize a model with 3079 rows, 1615 columns and 23443 nonzeros
Model fingerprint: 0xc3f6c70c
Variable types: 1019 continuous, 596 integer (596 binary)
Coefficient statistics:
  Matrix range     [6e-02, 7e+02]
  Objective range  [5e-01, 1e+00]
  Bounds range     [1e+00, 3e+01]
  RHS range        [3e-02, 3e+02]

User MIP start did not produce a new incumbent solution

Presolve removed 1180 rows and 425 columns
Presolve time: 0.14s
Presolved: 1899 rows, 1190 columns, 13674 nonzeros
Variable types: 719 continuous, 471 integer (470 binary)
Found heuristic solution: objective 644.1175246
Found heuristic solution: objective 560.8032670
Found heuristic solution: objective 415.8006111
Root relaxation presolve removed 26 rows and 25 columns
Root relaxation presolved: 1873 rows, 1165 columns, 13453 nonzeros

Extra simplex iterations after uncrush: 2

Root relaxation: objective 4.203392e+01, 1422 iterations, 0.15 seconds (0.07 work units)
Another try with MIP start

    Nodes    |    Current Node    |     Objective Bounds      |     Work
 Expl Unexpl |  Obj  Depth IntInf | Incumbent    BestBd   Gap | It/Node Time

H    0     0                      44.9016540   42.03392  6.39%     -    0s
     0     0   42.03392    0   99   44.90165   42.03392  6.39%     -    0s
     0     0   42.99788    0   75   44.90165   42.99788  4.24%     -    1s
     0     0   43.02219    0   75   44.90165   43.02219  4.19%     -    1s
     0     0   43.02219    0   78   44.90165   43.02219  4.19%     -    1s
     0     0   43.02219    0   78   44.90165   43.02219  4.19%     -    1s
     0     0   43.06132    0   81   44.90165   43.06132  4.10%     -    1s
     0     0   43.06132    0   82   44.90165   43.06132  4.10%     -    1s
     0     0   43.06132    0   82   44.90165   43.06132  4.10%     -    1s
     0     0   43.13818    0   74   44.90165   43.13818  3.93%     -    1s
     0     0   43.14516    0   74   44.90165   43.14516  3.91%     -    1s
     0     0   43.14516    0   75   44.90165   43.14516  3.91%     -    1s
     0     0   43.20017    0   57   44.90165   43.20017  3.79%     -    2s
     0     0   43.20162    0   58   44.90165   43.20162  3.79%     -    2s
     0     0   43.20162    0   58   44.90165   43.20162  3.79%     -    2s
     0     0   43.20770    0   42   44.90165   43.20770  3.77%     -    2s
H    0     0                      43.5710691   43.20770  0.83%     -    2s
     0     0   43.21727    0   46   43.57107   43.21727  0.81%     -    2s
     0     0   43.22090    0   44   43.57107   43.22090  0.80%     -    2s
     0     0   43.22100    0   51   43.57107   43.22100  0.80%     -    2s
     0     0   43.22611    0   76   43.57107   43.22611  0.79%     -    2s
     0     0   43.22611    0   49   43.57107   43.22611  0.79%     -    3s
H    0     0                      43.3949027   43.22611  0.39%     -    3s

Cutting planes:
  Learned: 8
  Gomory: 42
  Lift-and-project: 33
  Cover: 22
  Implied bound: 37
  Clique: 7
  MIR: 47
  Flow cover: 96
  Flow path: 4
  GUB cover: 1
  Zero half: 2
  RLT: 25
  Relax-and-lift: 23
  BQP: 5
  PSD: 6

Explored 1 nodes (3401 simplex iterations) in 3.47 seconds (1.10 work units)
Thread count was 32 (of 32 available processors)

Solution count 6: 43.3949 43.5711 44.9017 ... 644.118

Optimal solution found (tolerance 5.00e-03)
Best objective 4.339490271325e+01, best bound 4.322610962672e+01, gap 0.3890%
