
Gurobi 9.5.2 (linux64) logging started Thu Aug 13 01:02:41 2026

Set parameter LogFile to value "/mnt/beegfs/users/celinep/ChargeAndBreak/logs/oracle_RmediumCfewTnone_22__kw150_gurobi.log"
Gurobi Optimizer version 9.5.2 build v9.5.2rc0 (linux64)
Thread count: 16 physical cores, 32 logical processors, using up to 32 threads
Optimize a model with 4287 rows, 2257 columns and 41690 nonzeros
Model fingerprint: 0x1ac7c5df
Variable types: 1428 continuous, 829 integer (829 binary)
Coefficient statistics:
  Matrix range     [3e-02, 9e+02]
  Objective range  [5e-01, 1e+00]
  Bounds range     [1e+00, 3e+01]
  RHS range        [4e-02, 2e+07]

User MIP start did not produce a new incumbent solution

Presolve removed 1534 rows and 508 columns
Presolve time: 0.36s
Presolved: 2753 rows, 1749 columns, 22691 nonzeros
Variable types: 1059 continuous, 690 integer (690 binary)
Found heuristic solution: objective 913.8805372
Root relaxation presolve removed 47 rows and 45 columns
Root relaxation presolved: 2706 rows, 1704 columns, 22159 nonzeros


Root relaxation: objective 6.043076e+01, 2278 iterations, 0.29 seconds (0.18 work units)
Another try with MIP start

    Nodes    |    Current Node    |     Objective Bounds      |     Work
 Expl Unexpl |  Obj  Depth IntInf | Incumbent    BestBd   Gap | It/Node Time

H    0     0                      69.7229850   60.43076  13.3%     -    1s
     0     0   60.43076    0   14   69.72299   60.43076  13.3%     -    1s
     0     0   60.43852    0   20   69.72299   60.43852  13.3%     -    1s
     0     0   60.45263    0   33   69.72299   60.45263  13.3%     -    1s
     0     0   60.45775    0   39   69.72299   60.45775  13.3%     -    1s
     0     0   60.50496    0   32   69.72299   60.50496  13.2%     -    2s
     0     0   60.50496    0   38   69.72299   60.50496  13.2%     -    2s
H    0     0                      60.7502867   60.50496  0.40%     -    2s

Cutting planes:
  Gomory: 6
  Lift-and-project: 34
  Implied bound: 9
  MIR: 29
  Flow cover: 70
  RLT: 5
  Relax-and-lift: 3

Explored 1 nodes (2711 simplex iterations) in 2.66 seconds (1.06 work units)
Thread count was 32 (of 32 available processors)

Solution count 3: 60.7503 69.723 913.881 

Optimal solution found (tolerance 5.00e-03)
Best objective 6.075028671767e+01, best bound 6.050495750447e+01, gap 0.4038%
