
Gurobi 9.5.2 (linux64) logging started Thu Aug 13 07:01:11 2026

Set parameter LogFile to value "/mnt/beegfs/users/celinep/ChargeAndBreak/logs/oracle_RmediumCmanyTnone_24__cs30_gurobi.log"
Gurobi Optimizer version 9.5.2 build v9.5.2rc0 (linux64)
Thread count: 16 physical cores, 32 logical processors, using up to 32 threads
Optimize a model with 6481 rows, 3443 columns and 71556 nonzeros
Model fingerprint: 0x05edc0f0
Variable types: 2123 continuous, 1320 integer (1320 binary)
Coefficient statistics:
  Matrix range     [4e-02, 1e+03]
  Objective range  [5e-01, 1e+00]
  Bounds range     [1e+00, 4e+01]
  RHS range        [1e-02, 2e+07]

User MIP start did not produce a new incumbent solution

Presolve removed 2001 rows and 677 columns
Presolve time: 0.48s
Presolved: 4480 rows, 2766 columns, 57368 nonzeros
Variable types: 1683 continuous, 1083 integer (1083 binary)
Found heuristic solution: objective 1138.2489696
Root relaxation presolve removed 212 rows and 126 columns
Root relaxation presolved: 4268 rows, 2640 columns, 35406 nonzeros


Root relaxation: objective 6.177485e+01, 4319 iterations, 0.64 seconds (0.51 work units)
Another try with MIP start

    Nodes    |    Current Node    |     Objective Bounds      |     Work
 Expl Unexpl |  Obj  Depth IntInf | Incumbent    BestBd   Gap | It/Node Time

H    0     0                      76.1901689   61.77485  18.9%     -    2s
     0     0   61.77485    0  435   76.19017   61.77485  18.9%     -    2s
     0     0   64.15401    0  307   76.19017   64.15401  15.8%     -    5s
     0     0   64.22025    0  329   76.19017   64.22025  15.7%     -    5s
     0     0   64.22185    0  298   76.19017   64.22185  15.7%     -    5s
     0     0   64.22206    0  303   76.19017   64.22206  15.7%     -    5s
     0     0   65.04162    0  229   76.19017   65.04162  14.6%     -    6s
     0     0   65.07747    0  258   76.19017   65.07747  14.6%     -    6s
     0     0   65.08368    0  248   76.19017   65.08368  14.6%     -    6s
     0     0   65.08383    0  249   76.19017   65.08383  14.6%     -    6s
     0     0   65.44104    0  169   76.19017   65.44104  14.1%     -    7s
     0     0   65.45998    0  172   76.19017   65.45998  14.1%     -    7s
     0     0   65.46069    0  185   76.19017   65.46069  14.1%     -    7s
     0     0   65.60968    0  141   76.19017   65.60968  13.9%     -    7s
     0     0   65.63358    0  152   76.19017   65.63358  13.9%     -    7s
     0     0   65.63533    0  157   76.19017   65.63533  13.9%     -    7s
     0     0   65.63598    0  171   76.19017   65.63598  13.9%     -    8s
     0     0   65.72515    0  141   76.19017   65.72515  13.7%     -    8s
     0     0   65.72898    0  139   76.19017   65.72898  13.7%     -    8s
     0     0   65.72916    0  152   76.19017   65.72916  13.7%     -    8s
     0     0   65.76918    0  108   76.19017   65.76918  13.7%     -    9s
     0     0   65.77544    0  117   76.19017   65.77544  13.7%     -    9s
     0     0   65.77550    0  118   76.19017   65.77550  13.7%     -    9s
     0     0   65.79868    0  140   76.19017   65.79868  13.6%     -   10s
     0     0   65.80341    0  147   76.19017   65.80341  13.6%     -   10s
     0     0   65.80559    0  149   76.19017   65.80559  13.6%     -   10s
     0     0   65.80559    0  149   76.19017   65.80559  13.6%     -   10s
     0     0   65.82751    0  155   76.19017   65.82751  13.6%     -   10s
     0     0   65.82838    0  160   76.19017   65.82838  13.6%     -   10s
     0     0   65.85682    0  111   76.19017   65.85682  13.6%     -   11s
     0     0   65.85729    0  116   76.19017   65.85729  13.6%     -   12s
     0     0   65.85982    0  113   76.19017   65.85982  13.6%     -   12s
     0     0   65.86024    0  115   76.19017   65.86024  13.6%     -   12s
     0     0   65.86429    0  100   76.19017   65.86429  13.6%     -   13s
     0     0   65.86429    0   87   76.19017   65.86429  13.6%     -   13s
     0     2   65.86429    0   86   76.19017   65.86429  13.6%     -   14s
     7    16   66.49590    3  130   76.19017   65.86446  13.6%   218   15s
H   14    16                      75.8845849   65.86448  13.2%   168   15s
H   39    48                      75.8061974   65.87415  13.1%   164   16s
H   79    96                      75.7486603   65.88151  13.0%   154   17s
H   80    96                      75.4866156   65.88151  12.7%   153   17s
H   88    93                      66.6805083   65.88151  1.20%   152   17s
H   91    93                      66.6542801   65.88151  1.16%   152   17s
H   92    93                      66.4909945   65.88151  0.92%   150   17s
H  140   105                      66.3657807   65.91733  0.68%   126   18s
H  213   164                      66.3330521   65.95110  0.58%   106   20s

Cutting planes:
  Learned: 1
  Gomory: 51
  Lift-and-project: 50
  Cover: 22
  Implied bound: 173
  Projected implied bound: 2
  MIR: 607
  Flow cover: 969
  Flow path: 3
  Zero half: 28
  RLT: 113
  Relax-and-lift: 26

Explored 726 nodes (64449 simplex iterations) in 21.76 seconds (10.04 work units)
Thread count was 32 (of 32 available processors)

Solution count 10: 66.3331 66.3658 66.491 ... 76.1902

Optimal solution found (tolerance 5.00e-03)
Best objective 6.633305209479e+01, best bound 6.602150514303e+01, gap 0.4697%
