
Gurobi 9.5.2 (linux64) logging started Thu Aug 13 02:12:42 2026

Set parameter LogFile to value "/mnt/beegfs/users/celinep/ChargeAndBreak/logs/oracle_RmediumCmanyTtight_22__kwh300_gurobi.log"
Gurobi Optimizer version 9.5.2 build v9.5.2rc0 (linux64)
Thread count: 16 physical cores, 32 logical processors, using up to 32 threads
Optimize a model with 4738 rows, 2493 columns and 49440 nonzeros
Model fingerprint: 0xf2d74f1f
Variable types: 1572 continuous, 921 integer (921 binary)
Coefficient statistics:
  Matrix range     [4e-02, 1e+03]
  Objective range  [5e-01, 1e+00]
  Bounds range     [1e+00, 4e+01]
  RHS range        [2e-02, 3e+02]

User MIP start produced solution with objective 69.7796 (0.02s)
Loaded user MIP start with objective 69.7796

Presolve removed 1680 rows and 606 columns
Presolve time: 0.39s
Presolved: 3058 rows, 1887 columns, 38382 nonzeros
Variable types: 1125 continuous, 762 integer (762 binary)
Found heuristic solution: objective 69.2795563
Root relaxation presolve removed 93 rows and 36 columns
Root relaxation presolved: 2965 rows, 1851 columns, 25612 nonzeros


Root relaxation: objective 6.166476e+01, 2417 iterations, 0.29 seconds (0.18 work units)

    Nodes    |    Current Node    |     Objective Bounds      |     Work
 Expl Unexpl |  Obj  Depth IntInf | Incumbent    BestBd   Gap | It/Node Time

     0     0   61.66476    0  139   69.27956   61.66476  11.0%     -    1s
     0     0   62.87599    0  146   69.27956   62.87599  9.24%     -    2s
     0     0   62.91611    0  133   69.27956   62.91611  9.19%     -    2s
     0     0   62.93122    0  125   69.27956   62.93122  9.16%     -    2s
     0     0   62.93243    0  127   69.27956   62.93243  9.16%     -    2s
     0     0   63.17122    0   88   69.27956   63.17122  8.82%     -    2s
     0     0   63.17413    0  128   69.27956   63.17413  8.81%     -    2s
     0     0   63.18874    0  130   69.27956   63.18874  8.79%     -    2s
     0     0   63.18874    0  131   69.27956   63.18874  8.79%     -    2s
     0     0   63.19980    0  151   69.27956   63.19980  8.78%     -    3s
     0     0   63.19980    0  140   69.27956   63.19980  8.78%     -    3s
     0     0   63.19980    0  145   69.27956   63.19980  8.78%     -    3s
     0     0   63.19980    0  145   69.27956   63.19980  8.78%     -    3s
     0     0   63.27280    0  118   69.27956   63.27280  8.67%     -    4s
     0     0   63.27280    0  109   69.27956   63.27280  8.67%     -    4s
     0     0   63.27280    0  127   69.27956   63.27280  8.67%     -    4s
     0     0   63.28404    0  134   69.27956   63.28404  8.65%     -    5s
     0     0   63.28404    0  121   69.27956   63.28404  8.65%     -    5s
     0     0   63.28404    0  137   69.27956   63.28404  8.65%     -    5s
H    0     0                      63.9939764   63.28404  1.11%     -    5s
     0     0   63.29644    0  110   63.99398   63.29644  1.09%     -    6s
     0     0   63.30096    0  120   63.99398   63.30096  1.08%     -    6s
     0     0   63.30096    0  120   63.99398   63.30096  1.08%     -    6s
     0     0   63.31044    0  122   63.99398   63.31044  1.07%     -    6s
     0     0   63.31238    0  129   63.99398   63.31238  1.07%     -    6s
     0     0   63.31238    0  129   63.99398   63.31238  1.07%     -    6s
     0     0   63.31277    0  125   63.99398   63.31277  1.06%     -    7s
     0     0   63.31479    0  123   63.99398   63.31479  1.06%     -    7s
     0     0   63.36682    0  132   63.99398   63.36682  0.98%     -    8s
     0     0   63.37180    0  102   63.99398   63.37180  0.97%     -    8s
H    0     0                      63.8954481   63.37180  0.82%     -    8s
     0     0   63.37180    0  109   63.89545   63.37180  0.82%     -    9s
     0     0   63.37180    0  125   63.89545   63.37180  0.82%     -    9s
H    0     0                      63.8643404   63.37180  0.77%     -    9s
     0     0   63.37180    0  123   63.86434   63.37180  0.77%     -   10s
     0     0   63.37948    0   94   63.86434   63.37948  0.76%     -   10s
     0     0   63.38206    0  119   63.86434   63.38206  0.76%     -   10s
     0     0   63.38213    0  119   63.86434   63.38213  0.76%     -   10s
H    0     0                      63.7266444   63.38213  0.54%     -   10s
     0     0   63.38320    0  117   63.72664   63.38320  0.54%     -   10s
     0     0   63.38320    0  117   63.72664   63.38320  0.54%     -   10s
     0     0   63.38352    0   79   63.72664   63.38352  0.54%     -   10s
H    0     0                      63.7094425   63.38352  0.51%     -   10s
     0     0   63.38365    0   79   63.70944   63.38365  0.51%     -   10s
     0     0   63.38949    0   75   63.70944   63.38949  0.50%     -   11s
     0     0   63.38949    0   65   63.70944   63.38949  0.50%     -   11s
     0     0   63.39034    0   42   63.70944   63.39034  0.50%     -   12s
     0     0   63.39034    0   72   63.70944   63.39034  0.50%     -   12s
     0     0   63.39034    0   76   63.70944   63.39034  0.50%     -   12s
     0     0   63.39034    0   25   63.70944   63.39034  0.50%     -   12s
     0     0   63.39034    0   82   63.70944   63.39034  0.50%     -   12s
H    0     0                      63.7012307   63.39034  0.49%     -   13s

Cutting planes:
  Learned: 8
  Gomory: 33
  Lift-and-project: 46
  Cover: 33
  Implied bound: 49
  Clique: 7
  MIR: 105
  StrongCG: 2
  Flow cover: 208
  Zero half: 6
  Network: 1
  RLT: 24
  Relax-and-lift: 34
  BQP: 6
  PSD: 5

Explored 1 nodes (10940 simplex iterations) in 13.77 seconds (4.12 work units)
Thread count was 32 (of 32 available processors)

Solution count 10: 63.7012 63.7094 63.7094 ... 69.7796

Optimal solution found (tolerance 5.00e-03)
Best objective 6.370123065604e+01, best bound 6.339034193406e+01, gap 0.4880%
