
Gurobi 9.5.2 (linux64) logging started Wed Aug 12 10:13:06 2026

Set parameter LogFile to value "/mnt/beegfs/users/celinep/ChargeAndBreak/logs/oracle_RlongCmanyTnone_7__kwh300_gurobi.log"
Gurobi Optimizer version 9.5.2 build v9.5.2rc0 (linux64)
Thread count: 16 physical cores, 32 logical processors, using up to 32 threads
Optimize a model with 10546 rows, 5546 columns and 216900 nonzeros
Model fingerprint: 0x37130f2e
Variable types: 3495 continuous, 2051 integer (2051 binary)
Coefficient statistics:
  Matrix range     [3e-02, 2e+03]
  Objective range  [5e-01, 1e+00]
  Bounds range     [1e+00, 7e+01]
  RHS range        [2e-02, 2e+07]

User MIP start did not produce a new incumbent solution

Presolve removed 3432 rows and 1195 columns (presolve time = 5s) ...
Presolve removed 3431 rows and 1194 columns
Presolve time: 5.49s
Presolved: 7115 rows, 4352 columns, 196103 nonzeros
Variable types: 2568 continuous, 1784 integer (1784 binary)
Found heuristic solution: objective 2265.8041740
Root relaxation presolve removed 147 rows and 81 columns
Root relaxation presolved: 6968 rows, 4271 columns, 153455 nonzeros


Root simplex log...

Iteration    Objective       Primal Inf.    Dual Inf.      Time
       0    6.6380353e+01   2.630122e+04   0.000000e+00      8s
    4588    1.3389638e+02   0.000000e+00   0.000000e+00     10s
    4591    1.3389638e+02   0.000000e+00   0.000000e+00     10s
Extra simplex iterations after uncrush: 3

Root relaxation: objective 1.338964e+02, 4591 iterations, 2.93 seconds (1.19 work units)
Total elapsed time = 10.44s
Another try with MIP start

    Nodes    |    Current Node    |     Objective Bounds      |     Work
 Expl Unexpl |  Obj  Depth IntInf | Incumbent    BestBd   Gap | It/Node Time

H    0     0                     152.5709796  133.89638  12.2%     -   14s
     0     0  133.89638    0  177  152.57098  133.89638  12.2%     -   14s
     0     0  136.46848    0  255  152.57098  136.46848  10.6%     -   18s
     0     0  136.52689    0  233  152.57098  136.52689  10.5%     -   18s
     0     0  136.53252    0  237  152.57098  136.53252  10.5%     -   18s
     0     0  136.53461    0  238  152.57098  136.53461  10.5%     -   18s
     0     0  137.01427    0  334  152.57098  137.01427  10.2%     -   21s
     0     0  137.06659    0  350  152.57098  137.06659  10.2%     -   22s
     0     0  137.09176    0  361  152.57098  137.09176  10.1%     -   22s
     0     0  137.09331    0  361  152.57098  137.09331  10.1%     -   22s
     0     0  137.09350    0  361  152.57098  137.09350  10.1%     -   22s
     0     0  137.27395    0  362  152.57098  137.27395  10.0%     -   24s
     0     0  137.33164    0  361  152.57098  137.33164  10.0%     -   25s
     0     0  137.33870    0  359  152.57098  137.33870  10.0%     -   25s
     0     0  137.33951    0  359  152.57098  137.33951  10.0%     -   25s
     0     0  137.34005    0  391  152.57098  137.34005  10.0%     -   25s
     0     0  137.55727    0  389  152.57098  137.55727  9.84%     -   28s
     0     0  137.57728    0  360  152.57098  137.57728  9.83%     -   28s
     0     0  137.57859    0  327  152.57098  137.57859  9.83%     -   29s
     0     0  137.57936    0  348  152.57098  137.57936  9.83%     -   29s
     0     0  137.57936    0  353  152.57098  137.57936  9.83%     -   29s
     0     0  137.66735    0  353  152.57098  137.66735  9.77%     -   32s
     0     0  137.67908    0  409  152.57098  137.67908  9.76%     -   33s
     0     0  137.68133    0  411  152.57098  137.68133  9.76%     -   33s
     0     0  137.68159    0  417  152.57098  137.68159  9.76%     -   33s
     0     0  137.74274    0  382  152.57098  137.74274  9.72%     -   36s
     0     0  137.75514    0  392  152.57098  137.75514  9.71%     -   36s
     0     0  137.75765    0  427  152.57098  137.75765  9.71%     -   36s
     0     0  137.75766    0  396  152.57098  137.75766  9.71%     -   36s
     0     0  137.81651    0  402  152.57098  137.81651  9.67%     -   41s
     0     0  137.82362    0  394  152.57098  137.82362  9.67%     -   41s
     0     0  137.82483    0  413  152.57098  137.82483  9.67%     -   41s
     0     0  137.82500    0  396  152.57098  137.82500  9.66%     -   41s
     0     0  137.84229    0  357  152.57098  137.84229  9.65%     -   44s
     0     0  137.84772    0  341  152.57098  137.84772  9.65%     -   45s
     0     0  137.84937    0  356  152.57098  137.84937  9.65%     -   46s
     0     0  137.84945    0  355  152.57098  137.84945  9.65%     -   46s
     0     0  137.85719    0  374  152.57098  137.85719  9.64%     -   48s
     0     0  137.86086    0  390  152.57098  137.86086  9.64%     -   48s
     0     0  137.86159    0  380  152.57098  137.86159  9.64%     -   49s
     0     0  137.87079    0  386  152.57098  137.87079  9.63%     -   52s
     0     0  137.87322    0  337  152.57098  137.87322  9.63%     -   52s
     0     0  137.87439    0  370  152.57098  137.87439  9.63%     -   53s
     0     0  137.87443    0  373  152.57098  137.87443  9.63%     -   53s
     0     0  137.87736    0  329  152.57098  137.87736  9.63%     -   55s
     0     0  137.87925    0  349  152.57098  137.87925  9.63%     -   55s
     0     0  137.87983    0  409  152.57098  137.87983  9.63%     -   55s
     0     0  137.88738    0  397  152.57098  137.88738  9.62%     -   58s
     0     0  137.89389    0  414  152.57098  137.89389  9.62%     -   59s
     0     0  137.89417    0  421  152.57098  137.89417  9.62%     -   59s
     0     0  137.89870    0  412  152.57098  137.89870  9.62%     -   61s
     0     0  137.90622    0  398  152.57098  137.90622  9.61%     -   62s
     0     0  137.90680    0  396  152.57098  137.90680  9.61%     -   62s
     0     0  137.90866    0  401  152.57098  137.90866  9.61%     -   64s
     0     0  137.90871    0  405  152.57098  137.90871  9.61%     -   65s
     0     0  137.91172    0  385  152.57098  137.91172  9.61%     -   67s
     0     0  137.91350    0  377  152.57098  137.91350  9.61%     -   67s
     0     0  137.91350    0  391  152.57098  137.91350  9.61%     -   67s
     0     0  137.91440    0  376  152.57098  137.91440  9.61%     -   70s
     0     0  137.91440    0  296  152.57098  137.91440  9.61%     -   72s
     0     2  137.91440    0  296  152.57098  137.91440  9.61%     -   74s
     1     4  140.96935    1  350  152.57098  137.91440  9.61%   933   75s
    31    48  137.92647    5  378  152.57098  137.92634  9.60%   435   80s
    63    80  137.96372    7  349  152.57098  137.93694  9.59%   489   86s
H   79    96                     151.9070771  137.93694  9.20%   483   89s
H   80    96                     151.2816548  137.93694  8.82%   487   89s
H   81    96                     151.0904432  137.93694  8.71%   483   89s
    95   112  137.93695    9  454  151.09044  137.93695  8.71%   495   92s
H  127   144                     150.9494668  137.93789  8.62%   507   98s
H  127   144                     150.6896371  137.93789  8.46%   507   98s
H  128   144                     150.5489706  137.93790  8.38%   504   98s
   143   161  137.93952   12  448  150.54897  137.93952  8.38%   505  100s
H  187   204                     150.5168167  137.94261  8.35%   483  103s
H  189   204                     150.3127290  137.94261  8.23%   480  104s
H  191   204                     150.2852502  137.94261  8.21%   479  104s
H  193   204                     150.2734815  137.94261  8.21%   476  104s
H  197   204                     150.2641184  137.94261  8.20%   471  104s
H  200   204                     150.2274060  137.94261  8.18%   469  104s
   203   218  137.94590   15  464  150.22741  137.94310  8.18%   471  105s
H  248   263                     150.1952521  137.94646  8.16%   462  119s
H  248   263                     150.1949699  137.94646  8.16%   462  119s
H  250   263                     149.9082680  137.94646  7.98%   459  119s
   264   280  137.95236   18  442  149.90827  137.94646  7.98%   460  121s
H  323   342                     149.8075958  137.94646  7.92%   440  125s
H  337   342                     149.7927807  137.94648  7.91%   429  125s
H  398   443                     149.7927807  137.94648  7.91%   402  132s
H  422   443                     149.7864640  137.94648  7.90%   402  132s
   444   551  144.06469   25  433  149.78646  137.94727  7.90%   411  135s
H  552   620                     149.7864640  137.94827  7.90%   387  141s
   621   811  137.99768   31  379  149.78646  137.94950  7.90%   390  147s
   812   897  137.95458   25  482  149.78646  137.95290  7.90%   352  153s
H  857   897                     149.7703645  137.95314  7.89%   349  153s
   898  1066  137.96151   32  387  149.77036  137.95326  7.89%   349  161s
H 1067  1296                     149.7703644  137.95513  7.89%   328  166s
H 1298  1312                     149.7531631  137.95670  7.88%   303  198s
  1314  1463  137.96411   29  436  149.75316  137.95769  7.88%   308  202s
  1465  1687  137.98863   32  352  149.75316  137.96171  7.87%   306  207s
  1689  1887  138.30739   34  382  149.75316  137.96201  7.87%   293  211s
  1889  2209  142.61409   35  376  149.75316  137.96367  7.87%   292  217s
  2212  2210  141.13881   10  296  149.75316  137.96516  7.87%   272  236s
  2214  2211  139.05051   39  215  149.75316  137.96516  7.87%   271  242s
  2215  2212  138.00936   35  245  149.75316  137.96516  7.87%   271  247s
  2217  2213  144.88716   25  392  149.75316  137.96516  7.87%   271  250s
  2222  2217  142.27207   23  297  149.75316  137.99757  7.85%   271  266s
  2227  2220  138.05428   35  480  149.75316  138.03765  7.82%   270  273s
  2228  2221  138.14784   23  451  149.75316  138.14784  7.75%   270  287s
  2229  2221  140.38576   34  433  149.75316  138.16366  7.74%   270  291s
  2233  2224  143.42573   43  436  149.75316  138.17171  7.73%   269  300s
  2234  2225  138.56943   59  365  149.75316  138.20937  7.71%   269  318s
  2238  2227  139.79506   30  442  149.75316  138.21909  7.70%   269  324s
  2239  2228  140.29931   14  401  149.75316  138.24701  7.68%   268  339s
  2240  2229  138.26109   30  447  149.75316  138.26109  7.67%   268  340s
  2243  2231  141.21258   38  472  149.75316  138.26793  7.67%   268  348s
  2244  2231  138.61003   36  451  149.75316  138.27320  7.67%   268  356s
  2248  2234  140.95385   27  484  149.75316  138.27513  7.66%   267  363s
  2249  2235  138.28824   25  429  149.75316  138.28824  7.66%   267  371s
  2256  2239  142.90506   17  481  149.75316  138.29499  7.65%   266  380s
  2257  2240  138.60124   45  450  149.75316  138.29556  7.65%   266  388s
  2260  2242  138.30737   26  513  149.75316  138.30737  7.64%   266  396s
  2261  2243  138.30744   29  444  149.75316  138.30744  7.64%   266  411s
  2265  2245  138.31010   35  468  149.75316  138.31010  7.64%   265  418s
  2266  2246  140.49028   31  433  149.75316  138.31028  7.64%   265  429s
  2267  2247  138.31581   31  429  149.75316  138.31581  7.64%   265  430s
  2270  2249  138.31726   34  417  149.75316  138.31726  7.64%   265  436s
  2271  2249  139.53741   41  417  149.75316  138.33762  7.62%   265  444s
  2273  2251  138.34014   37  490  149.75316  138.34014  7.62%   264  450s
  2274  2251  138.34014   34  388  149.75316  138.34014  7.62%   264  464s
  2276  2253  139.00384   40  437  149.75316  138.34055  7.62%   264  470s
  2277  2253  144.05617   34  442  149.75316  138.34077  7.62%   264  483s
  2280  2255  140.23150   24  445  149.75316  138.34275  7.62%   264  490s
  2281  2256  138.34401   30  414  149.75316  138.34401  7.62%   264  504s
  2283  2257  139.53188   31  461  149.75316  138.34489  7.62%   263  505s
  2284  2258  141.19249    5  477  149.75316  138.34507  7.62%   263  511s
  2285  2259  138.34521   32  441  149.75316  138.34521  7.62%   263  527s
  2289  2261  138.35252   39  445  149.75316  138.35252  7.61%   263  536s
  2290  2262  138.37513   36  388  149.75316  138.37513  7.60%   262  552s
  2295  2265  138.38964   27  448  149.75316  138.38964  7.59%   262  555s
  2296  2266  138.38969   37  428  149.75316  138.38969  7.59%   262  563s
  2297  2267  146.46830    7  340  149.75316  138.39605  7.58%   262  575s
  2301  2269  139.53741   41  488  149.75316  138.40186  7.58%   261  583s
  2302  2270  139.63326   41  429  149.75316  138.40206  7.58%   261  590s
  2306  2273  140.87565   33  519  149.75316  138.40535  7.58%   261  598s
  2307  2273  138.40623   34  362  149.75316  138.40623  7.58%   261  606s
  2311  2276  142.65229   59  461  149.75316  138.41282  7.57%   260  614s
  2312  2277  141.13881   10  412  149.75316  138.41592  7.57%   260  629s
  2313  2277  140.23242   24  493  149.75316  138.41605  7.57%   260  634s
  2314  2278  139.05051   39  446  149.75316  138.41915  7.57%   260  642s
  2316  2279  138.46961   46  466  149.75316  138.42284  7.57%   260  648s
  2317  2280  144.88716   25  395  149.75316  138.42385  7.57%   259  660s
  2320  2282  138.42773   51  512  149.75316  138.42773  7.56%   259  666s
  2321  2283  139.53481   30  424  149.75316  138.42796  7.56%   259  675s
  2322  2283  142.27207   23  480  149.75316  138.42805  7.56%   259  681s
  2323  2284  141.40057   14  429  149.75316  138.43252  7.56%   259  690s
  2327  2287  138.43391   35  501  149.75316  138.43391  7.56%   258  698s
  2328  2287  138.43402   23  368  149.75316  138.43402  7.56%   258  702s
  2330  2289  138.95622   51  413  149.75316  138.43501  7.56%   258  710s
  2333  2291  143.42573   43  491  149.75316  138.43553  7.56%   258  716s
  2335  2292  138.43773   44  389  149.75316  138.43773  7.56%   257  723s
  2337  2295  138.43773   26  296  149.75316  138.43773  7.56%   300  727s
  2339  2296  140.29931   14  190  149.75316  138.43773  7.56%   300  734s
  2340  2297  138.43773   30  252  149.75316  138.43773  7.56%   300  738s
  2342  2298  138.43773   35  447  149.75316  138.43773  7.56%   300  740s
  2350  2304  140.30003   11  314  149.75316  138.44147  7.55%   299  756s
  2352  2305  142.27166   27  416  149.75316  138.44389  7.55%   298  764s
  2353  2306  140.79269   34  254  149.75316  138.47621  7.53%   298  777s
  2357  2308  138.60124   45  416  149.75316  138.48064  7.53%   298  784s
  2358  2309  141.80049   35  304  149.75316  138.54959  7.48%   298  792s
  2361  2311  138.56101   29  368  149.75316  138.56101  7.47%   297  798s
  2362  2312  142.27159   24  241  149.75316  138.56757  7.47%   297  807s
  2363  2312  138.56943   70  305  149.75316  138.56776  7.47%   297  813s
  2364  2313  138.56823   14  314  149.75316  138.56823  7.47%   297  825s
  2368  2316  138.57090   39  350  149.75316  138.57090  7.47%   296  831s
  2369  2316  138.57213   30  269  149.75316  138.57213  7.47%   296  843s
  2372  2318  138.57387   29  319  149.75316  138.57387  7.47%   296  849s
  2373  2319  138.57727   37  298  149.75316  138.57727  7.46%   296  860s
H 2373  2202                     149.7531618  138.57727  7.46%   296  861s
  2377  2205  144.05617   34  330  149.75316  138.57977  7.46%   295  866s
  2378  2205  138.58194   30  331  149.75316  138.58194  7.46%   295  873s
  2381  2207  138.58503   30  285  149.75316  138.58503  7.46%   295  876s
  2384  2209  141.19249    5  293  149.75316  138.58641  7.46%   294  880s
  2386  2211  138.77914   10  270  149.75316  138.59158  7.45%   294  885s
  2389  2213  138.59216   39  274  149.75316  138.59216  7.45%   294  890s
  2391  2214  143.28113   29  332  149.75316  138.59239  7.45%   293  895s
  2393  2215  138.59340   37  249  149.75316  138.59340  7.45%   293  900s
  2395  2217  138.59420   27  261  149.75316  138.59420  7.45%   293  906s
  2399  2219  138.59870   27  223  149.75316  138.59870  7.45%   292  910s
  2402  2221  139.63326   41  146  149.75316  138.59875  7.45%   292  916s
  2405  2223  138.59895   49  201  149.75316  138.59895  7.45%   292  920s
  2407  2225  138.59908   34  264  149.75316  138.59908  7.45%   291  925s
  2409  2226  141.79247   31  176  149.75316  138.59908  7.45%   291  931s
  2411  2230  138.60766   27  195  149.75316  138.60766  7.44%   320  952s
  2413  2234  138.62534   28  329  149.75316  138.62534  7.43%   321  971s
  2417  2239  138.64445   29  304  149.75316  138.64445  7.42%   322  981s
  2425  2251  138.65613   30  254  149.75316  138.65293  7.41%   324  985s
  2440  2259  140.50084   31  363  149.75316  138.65614  7.41%   328  991s
H 2444  2144                     149.7531618  138.65741  7.41%   328  991s
  2456  2156  138.65902   32  326  149.75316  138.65902  7.41%   332  995s
  2488  2178  138.66664   34  363  149.75316  138.66664  7.40%   337 1002s
  2528  2215  138.66939   36  231  149.75316  138.66939  7.40%   343 1007s
  2555  2219  138.90767   38  292  149.75316  138.66939  7.40%   346 1017s
  2608  2252  142.16210   41  242  149.75316  138.68017  7.39%   352 1027s
H 2611  2143                     138.9897486  138.68017  0.22%   352 1027s

Cutting planes:
  Learned: 26
  Gomory: 81
  Lift-and-project: 9
  Cover: 72
  Implied bound: 135
  Clique: 13
  MIR: 444
  StrongCG: 5
  Flow cover: 1063
  GUB cover: 5
  Zero half: 38
  Network: 1
  RLT: 39
  Relax-and-lift: 94
  BQP: 3
  PSD: 4

Explored 2624 nodes (955241 simplex iterations) in 1027.44 seconds (358.87 work units)
Thread count was 32 (of 32 available processors)

Solution count 10: 138.99 149.753 149.753 ... 149.808

Optimal solution found (tolerance 5.00e-03)
Best objective 1.389897485586e+02, best bound 1.386801671388e+02, gap 0.2227%
