
Gurobi 9.5.2 (linux64) logging started Thu Aug 13 15:50:15 2026

Set parameter LogFile to value "/mnt/beegfs/users/celinep/ChargeAndBreak/logs/oracle_RshortCfewTnone_10__cs100_gurobi.log"
Gurobi Optimizer version 9.5.2 build v9.5.2rc0 (linux64)
Thread count: 16 physical cores, 32 logical processors, using up to 32 threads
Optimize a model with 2674 rows, 1396 columns and 20053 nonzeros
Model fingerprint: 0xe07ae24c
Variable types: 895 continuous, 501 integer (501 binary)
Coefficient statistics:
  Matrix range     [5e-02, 6e+02]
  Objective range  [5e-01, 1e+00]
  Bounds range     [1e+00, 2e+01]
  RHS range        [6e-03, 2e+07]

User MIP start produced solution with objective 37.8607 (0.01s)
Loaded user MIP start with objective 37.8607

Presolve removed 1074 rows and 380 columns
Presolve time: 0.22s
Presolved: 1600 rows, 1016 columns, 11785 nonzeros
Variable types: 616 continuous, 400 integer (400 binary)
Root relaxation presolve removed 27 rows and 14 columns
Root relaxation presolved: 1573 rows, 1002 columns, 10399 nonzeros


Root relaxation: objective 3.693934e+01, 920 iterations, 0.10 seconds (0.04 work units)

    Nodes    |    Current Node    |     Objective Bounds      |     Work
 Expl Unexpl |  Obj  Depth IntInf | Incumbent    BestBd   Gap | It/Node Time

     0     0   36.97862    0   65   37.86072   36.97862  2.33%     -    0s
     0     0   37.48520    0   31   37.86072   37.48520  0.99%     -    0s
     0     0   37.48520    0   23   37.86072   37.48520  0.99%     -    1s
H    0     0                      37.7766694   37.48520  0.77%     -    1s
H    0     0                      37.6563286   37.48520  0.45%     -    1s

Cutting planes:
  Learned: 2
  Gomory: 13
  Lift-and-project: 7
  Cover: 7
  Implied bound: 11
  Clique: 2
  MIR: 12
  Flow cover: 41
  Flow path: 19
  RLT: 9
  Relax-and-lift: 2
  BQP: 3
  PSD: 3

Explored 1 nodes (1960 simplex iterations) in 1.14 seconds (0.30 work units)
Thread count was 32 (of 32 available processors)

Solution count 4: 37.6563 37.7767 37.8607 37.8607 

Optimal solution found (tolerance 5.00e-03)
Best objective 3.765632864324e+01, best bound 3.748519963025e+01, gap 0.4544%
