
Gurobi 9.5.2 (linux64) logging started Fri Aug 14 03:58:20 2026

Set parameter LogFile to value "/mnt/beegfs/users/celinep/ChargeAndBreak/logs/oracle_RlongCmanyTnone_9__kwh700_gurobi.log"
Gurobi Optimizer version 9.5.2 build v9.5.2rc0 (linux64)
Thread count: 16 physical cores, 32 logical processors, using up to 32 threads
Optimize a model with 8750 rows, 4613 columns and 150342 nonzeros
Model fingerprint: 0x3fa03a94
Variable types: 2905 continuous, 1708 integer (1708 binary)
Coefficient statistics:
  Matrix range     [2e-02, 2e+03]
  Objective range  [5e-01, 1e+00]
  Bounds range     [1e+00, 6e+01]
  RHS range        [6e-03, 2e+07]

User MIP start did not produce a new incumbent solution

Presolve removed 2731 rows and 869 columns
Presolve time: 3.76s
Presolved: 6019 rows, 3744 columns, 136182 nonzeros
Variable types: 2236 continuous, 1508 integer (1508 binary)
Found heuristic solution: objective 1865.0504099
Root relaxation presolve removed 164 rows and 105 columns
Root relaxation presolved: 5855 rows, 3639 columns, 105075 nonzeros


Root simplex log...

Iteration    Objective       Primal Inf.    Dual Inf.      Time
    1130    5.7892725e+01   4.448070e+03   0.000000e+00      5s
    5108    1.0695442e+02   0.000000e+00   0.000000e+00      6s
    5108    1.0695442e+02   0.000000e+00   0.000000e+00      6s

Root relaxation: objective 1.069544e+02, 5108 iterations, 1.61 seconds (1.14 work units)
Another try with MIP start

    Nodes    |    Current Node    |     Objective Bounds      |     Work
 Expl Unexpl |  Obj  Depth IntInf | Incumbent    BestBd   Gap | It/Node Time

H    0     0                     121.1782635  106.95442  11.7%     -    7s
     0     0  106.95442    0  258  121.17826  106.95442  11.7%     -    7s
     0     0  107.85131    0  344  121.17826  107.85131  11.0%     -   10s
     0     0  107.85144    0  340  121.17826  107.85144  11.0%     -   10s
     0     0  108.11684    0  395  121.17826  108.11684  10.8%     -   12s
     0     0  108.12271    0  389  121.17826  108.12271  10.8%     -   12s
     0     0  108.12271    0  386  121.17826  108.12271  10.8%     -   12s
     0     0  108.33513    0  378  121.17826  108.33513  10.6%     -   15s
     0     0  108.37127    0  431  121.17826  108.37127  10.6%     -   16s
     0     0  108.37757    0  428  121.17826  108.37757  10.6%     -   17s
     0     0  108.37820    0  394  121.17826  108.37820  10.6%     -   17s
     0     0  108.37837    0  395  121.17826  108.37837  10.6%     -   17s
     0     0  108.55169    0  284  121.17826  108.55169  10.4%     -   19s
     0     0  108.57798    0  321  121.17826  108.57798  10.4%     -   20s
     0     0  108.58057    0  348  121.17826  108.58057  10.4%     -   20s
     0     0  108.58058    0  354  121.17826  108.58058  10.4%     -   20s
     0     0  108.70037    0  332  121.17826  108.70037  10.3%     -   22s
     0     0  108.71558    0  318  121.17826  108.71558  10.3%     -   23s
     0     0  108.71627    0  314  121.17826  108.71627  10.3%     -   23s
     0     0  108.71657    0  320  121.17826  108.71657  10.3%     -   23s
     0     0  108.76915    0  345  121.17826  108.76915  10.2%     -   26s
     0     0  108.77747    0  315  121.17826  108.77747  10.2%     -   27s
     0     0  108.77866    0  313  121.17826  108.77866  10.2%     -   27s
     0     0  108.78043    0  328  121.17826  108.78043  10.2%     -   27s
     0     0  108.78043    0  330  121.17826  108.78043  10.2%     -   28s
     0     0  108.79744    0  187  121.17826  108.79744  10.2%     -   30s
     0     0  108.80050    0  197  121.17826  108.80050  10.2%     -   31s
     0     0  108.80085    0  259  121.17826  108.80085  10.2%     -   31s
     0     0  108.80305    0  265  121.17826  108.80305  10.2%     -   33s
     0     0  108.80356    0  297  121.17826  108.80356  10.2%     -   33s
     0     0  108.80361    0  219  121.17826  108.80361  10.2%     -   33s
     0     0  108.82005    0  333  121.17826  108.82005  10.2%     -   34s
     0     0  108.82370    0  301  121.17826  108.82370  10.2%     -   35s
     0     0  108.82376    0  360  121.17826  108.82376  10.2%     -   35s
     0     0  108.82737    0  354  121.17826  108.82737  10.2%     -   38s
     0     0  108.82767    0  271  121.17826  108.82767  10.2%     -   38s
     0     0  108.82889    0  334  121.17826  108.82889  10.2%     -   40s
     0     0  108.82900    0  362  121.17826  108.82900  10.2%     -   40s
     0     0  108.82998    0  371  121.17826  108.82998  10.2%     -   41s
     0     0  108.83010    0  353  121.17826  108.83010  10.2%     -   42s
     0     0  108.94818    0  362  121.17826  108.94818  10.1%     -   44s
     0     0  108.95682    0  329  121.17826  108.95682  10.1%     -   45s
     0     0  108.95738    0  339  121.17826  108.95738  10.1%     -   45s
     0     0  108.95757    0  332  121.17826  108.95757  10.1%     -   45s
     0     0  108.96240    0  393  121.17826  108.96240  10.1%     -   48s
     0     0  108.96308    0  372  121.17826  108.96308  10.1%     -   49s
     0     0  108.96369    0  378  121.17826  108.96369  10.1%     -   49s
     0     0  108.96378    0  379  121.17826  108.96378  10.1%     -   49s
     0     0  108.96676    0  315  121.17826  108.96676  10.1%     -   51s
     0     0  108.96858    0  289  121.17826  108.96858  10.1%     -   52s
     0     0  108.96875    0  296  121.17826  108.96875  10.1%     -   52s
     0     0  108.97001    0  322  121.17826  108.97001  10.1%     -   54s
     0     0  108.97424    0  314  121.17826  108.97424  10.1%     -   55s
     0     0  108.97546    0  307  121.17826  108.97546  10.1%     -   55s
     0     0  108.97551    0  326  121.17826  108.97551  10.1%     -   55s
     0     0  108.98363    0  350  121.17826  108.98363  10.1%     -   57s
     0     0  108.98537    0  294  121.17826  108.98537  10.1%     -   58s
     0     0  108.98542    0  324  121.17826  108.98542  10.1%     -   58s
     0     0  108.98553    0  339  121.17826  108.98553  10.1%     -   60s
     0     0  108.98574    0  358  121.17826  108.98574  10.1%     -   61s
     0     0  108.98765    0  373  121.17826  108.98765  10.1%     -   63s
     0     0  108.98765    0  275  121.17826  108.98765  10.1%     -   64s
     0     2  108.98765    0  274  121.17826  108.98765  10.1%     -   65s
    15    32  109.00345    4  375  121.17826  108.98905  10.1%   499   71s
H   44    48                     121.0269040  108.99052  9.95%   406   72s
    63    80  109.00624    7  331  121.02690  108.99205  9.94%   409   77s
H   79    96                     120.7588428  108.99319  9.74%   411   80s
H   81    96                     120.6132137  108.99321  9.63%   425   80s
H  128   145                     120.5767035  108.99452  9.61%   438   88s
H  139   145                     120.5298803  108.99467  9.57%   451   88s
   144   161  108.99552   12  362  120.52988  108.99474  9.57%   452   90s
H  182   199                     120.4856764  108.99565  9.54%   485  137s
H  183   199                     109.7097183  108.99646  0.65%   483  137s
   218    79  109.06372   16  390  109.70972  108.99648  0.65%   477  141s
   265    84  109.01939   18  340  109.70972  109.01252  0.64%   441  145s
   335   127  109.07387   21  448  109.70972  109.01927  0.63%   416  150s
   412   180  109.09160   25  446  109.70972  109.09152  0.56%   411  156s
H  461   170                     109.6263850  109.09160  0.49%   389  165s
   462   171  109.32657   14  275  109.62638  109.09160  0.49%   389  171s

Explored 462 nodes (205250 simplex iterations) in 171.63 seconds (70.42 work units)
Thread count was 32 (of 32 available processors)

Solution count 10: 109.626 109.71 120.486 ... 1865.05

Optimal solution found (tolerance 5.00e-03)
Best objective 1.096263849793e+02, best bound 1.090916017957e+02, gap 0.4878%
