
Gurobi 9.5.2 (linux64) logging started Sun Aug 16 10:24:58 2026

Set parameter LogFile to value "/mnt/beegfs/users/celinep/ChargeAndBreak/logs/oracle_RshortCfewTnone_3__nosplit_gurobi.log"
Gurobi Optimizer version 9.5.2 build v9.5.2rc0 (linux64)
Thread count: 16 physical cores, 32 logical processors, using up to 32 threads
Optimize a model with 2112 rows, 1029 columns and 11091 nonzeros
Model fingerprint: 0x99da0255
Variable types: 701 continuous, 328 integer (328 binary)
Coefficient statistics:
  Matrix range     [4e-02, 5e+02]
  Objective range  [5e-01, 1e+00]
  Bounds range     [1e+00, 2e+01]
  RHS range        [6e-02, 2e+07]

User MIP start produced solution with objective 32.3669 (0.01s)
Loaded user MIP start with objective 32.3669

Presolve removed 1013 rows and 341 columns
Presolve time: 0.14s
Presolved: 1099 rows, 688 columns, 6283 nonzeros
Variable types: 493 continuous, 195 integer (193 binary)
Root relaxation presolve removed 32 rows and 23 columns
Root relaxation presolved: 1067 rows, 665 columns, 6059 nonzeros


Root relaxation: objective 3.135680e+01, 832 iterations, 0.09 seconds (0.03 work units)

    Nodes    |    Current Node    |     Objective Bounds      |     Work
 Expl Unexpl |  Obj  Depth IntInf | Incumbent    BestBd   Gap | It/Node Time

     0     0   31.35680    0   37   32.36694   31.35680  3.12%     -    0s
H    0     0                      32.3355704   31.35680  3.03%     -    0s
H    0     0                      32.2393755   31.35680  2.74%     -    0s
H    0     0                      32.1045126   31.66332  1.37%     -    0s
     0     0   31.66332    0   29   32.10451   31.66332  1.37%     -    0s
     0     0   31.77802    0   23   32.10451   31.77802  1.02%     -    0s
     0     0   31.78260    0   24   32.10451   31.78260  1.00%     -    0s
     0     0   31.94315    0   29   32.10451   31.94315  0.50%     -    1s
H    0     0                      32.0762612   31.94315  0.41%     -    1s

Cutting planes:
  Gomory: 7
  Lift-and-project: 6
  Cover: 3
  Implied bound: 16
  Clique: 1
  MIR: 18
  Flow cover: 33
  Flow path: 1
  RLT: 7
  Relax-and-lift: 4

Explored 1 nodes (1111 simplex iterations) in 1.25 seconds (0.20 work units)
Thread count was 32 (of 32 available processors)

Solution count 5: 32.0763 32.1045 32.2394 ... 32.3669

Optimal solution found (tolerance 5.00e-03)
Best objective 3.207626122190e+01, best bound 3.194314794208e+01, gap 0.4150%
