
Gurobi 9.5.2 (linux64) logging started Sat Aug 15 21:43:19 2026

Set parameter LogFile to value "/mnt/beegfs/users/celinep/ChargeAndBreak/logs/oracle_RmediumCmanyTnone_21__kw1000_gurobi.log"
Gurobi Optimizer version 9.5.2 build v9.5.2rc0 (linux64)
Thread count: 16 physical cores, 32 logical processors, using up to 32 threads
Optimize a model with 4254 rows, 2239 columns and 41222 nonzeros
Model fingerprint: 0x230aeb35
Variable types: 1413 continuous, 826 integer (826 binary)
Coefficient statistics:
  Matrix range     [4e-02, 9e+02]
  Objective range  [5e-01, 1e+00]
  Bounds range     [1e+00, 3e+01]
  RHS range        [3e-02, 2e+07]

User MIP start produced solution with objective 56.9895 (0.02s)
Loaded user MIP start with objective 56.9895

Presolve removed 1520 rows and 494 columns
Presolve time: 0.60s
Presolved: 2734 rows, 1745 columns, 21981 nonzeros
Variable types: 1055 continuous, 690 integer (690 binary)
Root relaxation presolve removed 49 rows and 48 columns
Root relaxation presolved: 2685 rows, 1697 columns, 21726 nonzeros


Root relaxation: objective 5.386574e+01, 2962 iterations, 0.50 seconds (0.24 work units)

    Nodes    |    Current Node    |     Objective Bounds      |     Work
 Expl Unexpl |  Obj  Depth IntInf | Incumbent    BestBd   Gap | It/Node Time

     0     0   53.86574    0  125   56.98947   53.86574  5.48%     -    1s
H    0     0                      56.6189455   54.17095  4.32%     -    2s
     0     0   54.17095    0  183   56.61895   54.17095  4.32%     -    2s
H    0     0                      56.5401299   54.17095  4.19%     -    2s
     0     0   54.17333    0  184   56.54013   54.17333  4.19%     -    2s
     0     0   54.30212    0  150   56.54013   54.30212  3.96%     -    2s
     0     0   54.31687    0  192   56.54013   54.31687  3.93%     -    2s
     0     0   54.31745    0  208   56.54013   54.31745  3.93%     -    2s
     0     0   54.31746    0  205   56.54013   54.31746  3.93%     -    2s
     0     0   54.40266    0  222   56.54013   54.40266  3.78%     -    3s
     0     0   54.41668    0  199   56.54013   54.41668  3.76%     -    3s
     0     0   54.42021    0  212   56.54013   54.42021  3.75%     -    3s
     0     0   54.42082    0  212   56.54013   54.42082  3.75%     -    4s
     0     0   54.42082    0  212   56.54013   54.42082  3.75%     -    4s
     0     0   54.46116    0  182   56.54013   54.46116  3.68%     -    4s
     0     0   54.47341    0  201   56.54013   54.47341  3.66%     -    4s
     0     0   54.47523    0  205   56.54013   54.47523  3.65%     -    4s
     0     0   54.47528    0  214   56.54013   54.47528  3.65%     -    4s
     0     0   54.51597    0  201   56.54013   54.51597  3.58%     -    5s
     0     0   54.52235    0  195   56.54013   54.52235  3.57%     -    5s
     0     0   54.52273    0  186   56.54013   54.52273  3.57%     -    5s
     0     0   54.52293    0  190   56.54013   54.52293  3.57%     -    5s
     0     0   54.52293    0  190   56.54013   54.52293  3.57%     -    5s
     0     0   54.63500    0  194   56.54013   54.63500  3.37%     -    6s
     0     0   54.66978    0  205   56.54013   54.66978  3.31%     -    6s
     0     0   54.67376    0  187   56.54013   54.67376  3.30%     -    6s
     0     0   54.67408    0  194   56.54013   54.67408  3.30%     -    6s
     0     0   54.67414    0  208   56.54013   54.67414  3.30%     -    6s
     0     0   54.74792    0  178   56.54013   54.74792  3.17%     -    7s
     0     0   54.77913    0  169   56.54013   54.77913  3.11%     -    7s
     0     0   54.78333    0  193   56.54013   54.78333  3.11%     -    7s
     0     0   54.78438    0  200   56.54013   54.78438  3.11%     -    7s
     0     0   54.78604    0  197   56.54013   54.78604  3.10%     -    7s
     0     0   54.78607    0  196   56.54013   54.78607  3.10%     -    7s
     0     0   54.80557    0  176   56.54013   54.80557  3.07%     -    8s
     0     0   54.81322    0  187   56.54013   54.81322  3.05%     -    8s
     0     0   54.81394    0  183   56.54013   54.81394  3.05%     -    8s
     0     0   54.81446    0  180   56.54013   54.81446  3.05%     -    8s
     0     0   54.81455    0  180   56.54013   54.81455  3.05%     -    8s
     0     0   54.83398    0  226   56.54013   54.83398  3.02%     -    9s
     0     0   54.83731    0  236   56.54013   54.83731  3.01%     -    9s
     0     0   54.83949    0  236   56.54013   54.83949  3.01%     -   10s
     0     0   54.84071    0  222   56.54013   54.84071  3.01%     -   10s
     0     0   54.84083    0  223   56.54013   54.84083  3.01%     -   10s
     0     0   54.85588    0  218   56.54013   54.85588  2.98%     -   10s
     0     0   54.85756    0  200   56.54013   54.85756  2.98%     -   10s
     0     0   54.85828    0  245   56.54013   54.85828  2.97%     -   10s
     0     0   54.85879    0  245   56.54013   54.85879  2.97%     -   10s
     0     0   54.85902    0  251   56.54013   54.85902  2.97%     -   10s
H    0     0                      56.2109955   54.85902  2.41%     -   11s
     0     0   54.87334    0  210   56.21100   54.87334  2.38%     -   11s
     0     0   54.87752    0  231   56.21100   54.87752  2.37%     -   11s
     0     0   54.87831    0  231   56.21100   54.87831  2.37%     -   11s
     0     0   54.87860    0  237   56.21100   54.87860  2.37%     -   11s
     0     0   54.88562    0  205   56.21100   54.88562  2.36%     -   12s
     0     0   54.89239    0  208   56.21100   54.89239  2.35%     -   12s
     0     0   54.89389    0  226   56.21100   54.89389  2.34%     -   12s
     0     0   54.89410    0  228   56.21100   54.89410  2.34%     -   12s
     0     0   54.90831    0  219   56.21100   54.90831  2.32%     -   13s
     0     0   54.91194    0  199   56.21100   54.91194  2.31%     -   13s
     0     0   54.91225    0  208   56.21100   54.91225  2.31%     -   13s
     0     0   54.91775    0  208   56.21100   54.91775  2.30%     -   14s
H    0     0                      56.0443289   54.91970  2.01%     -   14s
     0     0   54.91970    0  221   56.04433   54.91970  2.01%     -   14s
     0     0   54.91977    0  235   56.04433   54.91977  2.01%     -   14s
     0     0   54.92602    0  187   56.04433   54.92602  2.00%     -   15s
     0     0   54.92758    0  190   56.04433   54.92758  1.99%     -   15s
     0     0   54.92768    0  190   56.04433   54.92768  1.99%     -   15s
     0     0   54.93512    0  177   56.04433   54.93512  1.98%     -   16s
     0     0   54.93826    0  220   56.04433   54.93826  1.97%     -   16s
     0     0   54.93838    0  209   56.04433   54.93838  1.97%     -   16s
     0     0   54.94612    0  194   56.04433   54.94612  1.96%     -   17s
     0     0   54.94669    0  201   56.04433   54.94669  1.96%     -   17s
     0     0   54.94683    0  194   56.04433   54.94683  1.96%     -   17s
     0     0   54.95708    0  158   56.04433   54.95708  1.94%     -   18s
     0     0   54.95848    0  176   56.04433   54.95848  1.94%     -   18s
     0     0   54.95900    0  154   56.04433   54.95900  1.94%     -   18s
     0     0   54.95921    0  144   56.04433   54.95921  1.94%     -   18s
     0     0   54.96645    0  162   56.04433   54.96645  1.92%     -   19s
     0     0   54.96848    0  199   56.04433   54.96848  1.92%     -   19s
     0     0   54.96860    0  177   56.04433   54.96860  1.92%     -   19s
H    0     0                      55.7042930   54.96860  1.32%     -   19s
     0     0   54.97554    0  175   55.70429   54.97554  1.31%     -   19s
     0     0   54.97793    0  176   55.70429   54.97793  1.30%     -   19s
     0     0   54.97823    0  184   55.70429   54.97823  1.30%     -   19s
     0     0   54.98255    0  166   55.70429   54.98255  1.30%     -   20s
     0     0   54.98459    0  174   55.70429   54.98459  1.29%     -   20s
     0     0   54.98487    0  174   55.70429   54.98487  1.29%     -   20s
     0     0   54.99919    0  162   55.70429   54.99919  1.27%     -   21s
     0     0   55.00593    0  163   55.70429   55.00593  1.25%     -   21s
     0     0   55.01410    0  163   55.70429   55.01410  1.24%     -   21s
     0     0   55.01427    0  162   55.70429   55.01427  1.24%     -   21s
     0     0   55.02679    0  141   55.70429   55.02679  1.22%     -   22s
     0     0   55.02895    0  151   55.70429   55.02895  1.21%     -   22s
     0     0   55.03054    0  161   55.70429   55.03054  1.21%     -   22s
     0     0   55.03155    0  172   55.70429   55.03155  1.21%     -   22s
     0     0   55.03167    0  190   55.70429   55.03167  1.21%     -   22s
     0     0   55.04179    0  182   55.70429   55.04179  1.19%     -   23s
     0     0   55.04352    0  184   55.70429   55.04352  1.19%     -   23s
     0     0   55.04359    0  183   55.70429   55.04359  1.19%     -   23s
     0     0   55.04572    0  205   55.70429   55.04572  1.18%     -   23s
     0     0   55.04572    0  175   55.70429   55.04572  1.18%     -   24s
     0     0   55.04572    0  144   55.70429   55.04572  1.18%     -   25s
     0     0   55.04572    0  166   55.70429   55.04572  1.18%     -   26s
     0     0   55.04572    0  129   55.70429   55.04572  1.18%     -   26s
     0     0   55.04572    0  164   55.70429   55.04572  1.18%     -   26s
     0     0   55.04572    0  159   55.70429   55.04572  1.18%     -   26s
     0     0   55.04572    0  168   55.70429   55.04572  1.18%     -   26s
     0     0   55.04572    0  167   55.70429   55.04572  1.18%     -   26s
     0     0   55.04639    0  179   55.70429   55.04639  1.18%     -   26s
     0     0   55.04650    0  168   55.70429   55.04650  1.18%     -   26s
     0     0   55.04822    0  165   55.70429   55.04822  1.18%     -   27s
     0     0   55.04822    0  165   55.70429   55.04822  1.18%     -   27s
     0     0   55.05141    0  173   55.70429   55.05141  1.17%     -   28s
     0     0   55.05141    0  140   55.70429   55.05141  1.17%     -   29s
     0     2   55.06094    0  137   55.70429   55.06094  1.15%     -   29s
     1     5   55.06996    1  160   55.70429   55.06859  1.14%   183   30s
H   81    72                      55.7042930   55.14222  1.01%   213   33s
   175   175   55.30296   15  138   55.70429   55.17683  0.95%   201   36s
H  179   175                      55.5900447   55.18024  0.74%   199   36s

Cutting planes:
  Learned: 3
  Gomory: 14
  Lift-and-project: 19
  Cover: 25
  Implied bound: 209
  Projected implied bound: 5
  Clique: 1
  MIR: 636
  StrongCG: 7
  Flow cover: 919
  Flow path: 24
  Inf proof: 1
  Zero half: 56
  RLT: 106
  Relax-and-lift: 115
  PSD: 1

Explored 724 nodes (141697 simplex iterations) in 39.55 seconds (17.16 work units)
Thread count was 32 (of 32 available processors)

Solution count 8: 55.59 55.7043 55.7043 ... 56.9895

Optimal solution found (tolerance 5.00e-03)
Best objective 5.559004469109e+01, best bound 5.531333382248e+01, gap 0.4978%
