
Gurobi 9.5.2 (linux64) logging started Wed Aug 12 23:54:55 2026

Set parameter LogFile to value "/mnt/beegfs/users/celinep/ChargeAndBreak/logs/oracle_RmediumCfewTnone_13__kw150_gurobi.log"
Gurobi Optimizer version 9.5.2 build v9.5.2rc0 (linux64)
Thread count: 16 physical cores, 32 logical processors, using up to 32 threads
Optimize a model with 5355 rows, 2822 columns and 61653 nonzeros
Model fingerprint: 0xaf34edcf
Variable types: 1784 continuous, 1038 integer (1038 binary)
Coefficient statistics:
  Matrix range     [1e-02, 1e+03]
  Objective range  [5e-01, 1e+00]
  Bounds range     [1e+00, 4e+01]
  RHS range        [2e-02, 2e+07]

User MIP start did not produce a new incumbent solution

Presolve removed 1778 rows and 586 columns
Presolve time: 1.17s
Presolved: 3577 rows, 2236 columns, 51272 nonzeros
Variable types: 1350 continuous, 886 integer (886 binary)
Found heuristic solution: objective 1136.0319407
Found heuristic solution: objective 824.5403394
Root relaxation presolve removed 145 rows and 63 columns
Root relaxation presolved: 3432 rows, 2173 columns, 31004 nonzeros


Root relaxation: objective 6.950770e+01, 2392 iterations, 0.61 seconds (0.27 work units)
Another try with MIP start

    Nodes    |    Current Node    |     Objective Bounds      |     Work
 Expl Unexpl |  Obj  Depth IntInf | Incumbent    BestBd   Gap | It/Node Time

H    0     0                      78.8812388   69.50770  11.9%     -    2s
     0     0   69.50770    0   63   78.88124   69.50770  11.9%     -    2s
     0     0   69.67469    0   57   78.88124   69.67469  11.7%     -    3s
     0     0   69.72290    0   69   78.88124   69.72290  11.6%     -    3s
     0     0   69.72290    0   70   78.88124   69.72290  11.6%     -    3s
     0     0   69.73574    0   90   78.88124   69.73574  11.6%     -    5s
     0     0   69.75959    0  100   78.88124   69.75959  11.6%     -    5s
     0     0   69.80208    0  119   78.88124   69.80208  11.5%     -    6s
     0     0   69.81449    0  120   78.88124   69.81449  11.5%     -    6s
     0     0   69.83864    0  103   78.88124   69.83864  11.5%     -    7s
     0     0   69.84017    0   97   78.88124   69.84017  11.5%     -    8s
     0     2   69.84017    0   95   78.88124   69.84017  11.5%     -    8s
H    6     8                      78.7658574   69.84017  11.3%   215    9s
     7    14   70.89502    3  108   78.76586   69.84017  11.3%   296   10s
H   43    42                      78.6807397   69.84017  11.2%   258   11s
H   77    76                      78.6623950   69.88651  11.2%   233   12s
   146   127   69.95902   12  137   78.66240   69.95902  11.1%   216   15s
   273   231   70.14721   20  108   78.66240   69.99855  11.0%   223   20s
   597   396   70.12823   31  110   78.66240   70.11348  10.9%   171   25s
  1487   497     cutoff   31        78.66240   70.18661  10.8%   103   30s
  2772   627     cutoff   28        78.66240   70.29683  10.6%  79.3   35s
  4060   928     cutoff   48        78.66240   70.35640  10.6%  69.1   40s
  5952   859   70.47796   33   86   78.66240   70.47796  10.4%  63.8   45s
  7019   876     cutoff   26        78.66240   70.67044  10.2%  65.8   50s
  7419   937     cutoff   17        78.66240   70.70912  10.1%  67.5   57s
H 7426   933                      78.6598083   70.70912  10.1%  67.5   57s
  8160   928   71.04488   12  137   78.65981   71.04488  9.68%  70.1   60s
  8485   935   71.06420   15  123   78.65981   71.04488  9.68%  71.1   65s
  9930   737   73.79268    9  133   78.65981   72.98730  7.21%  75.8   71s
 10781   505 infeasible   36        78.65981   76.00682  3.37%  75.7   75s

Cutting planes:
  Learned: 3
  Gomory: 29
  Lift-and-project: 66
  Cover: 47
  Implied bound: 242
  Clique: 6
  MIR: 957
  StrongCG: 4
  Flow cover: 1398
  Inf proof: 3
  Zero half: 19
  RLT: 227
  Relax-and-lift: 80

Explored 10982 nodes (832757 simplex iterations) in 76.15 seconds (29.68 work units)
Thread count was 32 (of 32 available processors)

Solution count 7: 78.6598 78.6624 78.6807 ... 1136.03

Optimal solution found (tolerance 5.00e-03)
Best objective 7.865980831119e+01, best bound 7.837426632329e+01, gap 0.3630%
