
Gurobi 9.5.2 (linux64) logging started Sat Aug 15 16:34:22 2026

Set parameter LogFile to value "/mnt/beegfs/users/celinep/ChargeAndBreak/logs/oracle_RmediumCfewTnone_24__kw1000_gurobi.log"
Gurobi Optimizer version 9.5.2 build v9.5.2rc0 (linux64)
Thread count: 16 physical cores, 32 logical processors, using up to 32 threads
Optimize a model with 4707 rows, 2477 columns and 48898 nonzeros
Model fingerprint: 0x35184527
Variable types: 1565 continuous, 912 integer (912 binary)
Coefficient statistics:
  Matrix range     [2e-02, 1e+03]
  Objective range  [5e-01, 1e+00]
  Bounds range     [1e+00, 3e+01]
  RHS range        [2e-01, 2e+07]

User MIP start produced solution with objective 57.0187 (0.05s)
Loaded user MIP start with objective 57.0187

Presolve removed 1588 rows and 531 columns
Presolve time: 0.49s
Presolved: 3119 rows, 1946 columns, 39602 nonzeros
Variable types: 1174 continuous, 772 integer (772 binary)
Root relaxation presolve removed 118 rows and 54 columns
Root relaxation presolved: 3001 rows, 1892 columns, 25405 nonzeros


Root relaxation: objective 5.341554e+01, 3476 iterations, 0.51 seconds (0.36 work units)

    Nodes    |    Current Node    |     Objective Bounds      |     Work
 Expl Unexpl |  Obj  Depth IntInf | Incumbent    BestBd   Gap | It/Node Time

     0     0   53.41554    0  212   57.01873   53.41554  6.32%     -    1s
H    0     0                      56.9687262   53.49273  6.10%     -    2s
     0     0   53.99495    0  246   56.96873   53.99495  5.22%     -    2s
     0     0   54.00110    0  240   56.96873   54.00110  5.21%     -    2s
     0     0   54.00128    0  250   56.96873   54.00128  5.21%     -    2s
     0     0   54.33039    0  259   56.96873   54.33039  4.63%     -    2s
     0     0   54.33404    0  249   56.96873   54.33404  4.62%     -    2s
     0     0   54.33452    0  256   56.96873   54.33452  4.62%     -    2s
     0     0   54.33456    0  253   56.96873   54.33456  4.62%     -    2s
     0     0   54.43883    0  245   56.96873   54.43883  4.44%     -    3s
H    0     0                      56.6480183   54.43883  3.90%     -    3s
     0     0   54.45358    0  256   56.64802   54.45358  3.87%     -    3s
     0     0   54.45516    0  266   56.64802   54.45516  3.87%     -    4s
     0     0   54.45560    0  263   56.64802   54.45560  3.87%     -    4s
     0     0   54.45610    0  253   56.64802   54.45610  3.87%     -    4s
     0     0   54.45610    0  255   56.64802   54.45610  3.87%     -    4s
     0     0   54.51324    0  237   56.64802   54.51324  3.77%     -    5s
     0     0   54.53354    0  268   56.64802   54.53354  3.73%     -    5s
     0     0   54.53853    0  253   56.64802   54.53853  3.72%     -    5s
     0     0   54.53882    0  253   56.64802   54.53882  3.72%     -    5s
     0     0   54.53888    0  269   56.64802   54.53888  3.72%     -    5s
     0     0   54.65356    0  254   56.64802   54.65356  3.52%     -    6s
     0     0   54.66538    0  248   56.64802   54.66538  3.50%     -    6s
     0     0   54.66722    0  260   56.64802   54.66722  3.50%     -    6s
     0     0   54.66779    0  254   56.64802   54.66779  3.50%     -    6s
     0     0   54.66830    0  253   56.64802   54.66830  3.49%     -    6s
     0     0   54.66834    0  255   56.64802   54.66834  3.49%     -    6s
     0     0   54.79908    0  230   56.64802   54.79908  3.26%     -    7s
     0     0   54.81909    0  219   56.64802   54.81909  3.23%     -    8s
     0     0   54.82506    0  228   56.64802   54.82506  3.22%     -    8s
     0     0   54.82522    0  242   56.64802   54.82522  3.22%     -    8s
     0     0   54.85510    0  228   56.64802   54.85510  3.17%     -    9s
     0     0   54.86176    0  235   56.64802   54.86176  3.15%     -    9s
     0     0   54.86203    0  238   56.64802   54.86203  3.15%     -    9s
     0     0   54.87107    0  267   56.64802   54.87107  3.14%     -   10s
     0     0   54.87177    0  249   56.64802   54.87177  3.14%     -   10s
     0     0   54.87222    0  246   56.64802   54.87222  3.13%     -   10s
     0     0   54.87228    0  257   56.64802   54.87228  3.13%     -   10s
     0     0   54.88260    0  243   56.64802   54.88260  3.12%     -   11s
     0     0   54.88402    0  246   56.64802   54.88402  3.11%     -   11s
     0     0   54.88415    0  252   56.64802   54.88415  3.11%     -   11s
     0     0   54.89301    0  249   56.64802   54.89301  3.10%     -   12s
     0     0   54.89676    0  243   56.64802   54.89676  3.09%     -   12s
     0     0   54.89979    0  249   56.64802   54.89979  3.09%     -   12s
     0     0   54.90092    0  247   56.64802   54.90092  3.08%     -   12s
     0     0   54.90160    0  251   56.64802   54.90160  3.08%     -   12s
     0     0   54.90168    0  254   56.64802   54.90168  3.08%     -   12s
     0     0   54.90956    0  243   56.64802   54.90956  3.07%     -   13s
     0     0   54.91083    0  244   56.64802   54.91083  3.07%     -   13s
     0     0   54.91090    0  243   56.64802   54.91090  3.07%     -   13s
     0     0   54.91899    0  253   56.64802   54.91899  3.05%     -   14s
     0     0   54.92046    0  248   56.64802   54.92046  3.05%     -   14s
     0     0   54.92100    0  256   56.64802   54.92100  3.05%     -   15s
     0     0   54.92130    0  258   56.64802   54.92130  3.05%     -   15s
     0     0   54.92813    0  228   56.64802   54.92813  3.04%     -   15s
     0     0   54.93065    0  230   56.64802   54.93065  3.03%     -   15s
     0     0   54.93285    0  233   56.64802   54.93285  3.03%     -   15s
     0     0   54.93301    0  237   56.64802   54.93301  3.03%     -   15s
     0     0   54.94223    0  254   56.64802   54.94223  3.01%     -   16s
     0     0   54.94466    0  237   56.64802   54.94466  3.01%     -   17s
     0     0   54.94607    0  256   56.64802   54.94607  3.00%     -   17s
     0     0   54.94661    0  253   56.64802   54.94661  3.00%     -   17s
     0     0   54.96397    0  243   56.64802   54.96397  2.97%     -   17s
     0     0   54.96785    0  253   56.64802   54.96785  2.97%     -   18s
     0     0   54.96892    0  257   56.64802   54.96892  2.96%     -   18s
     0     0   54.97451    0  267   56.64802   54.97451  2.95%     -   19s
     0     0   54.97510    0  269   56.64802   54.97510  2.95%     -   19s
     0     0   54.97522    0  271   56.64802   54.97522  2.95%     -   19s
     0     0   54.97845    0  261   56.64802   54.97845  2.95%     -   20s
     0     0   54.98000    0  270   56.64802   54.98000  2.94%     -   20s
     0     0   54.98056    0  265   56.64802   54.98056  2.94%     -   20s
     0     0   54.98059    0  275   56.64802   54.98059  2.94%     -   20s
     0     0   54.98684    0  259   56.64802   54.98684  2.93%     -   21s
     0     0   54.98734    0  266   56.64802   54.98734  2.93%     -   21s
     0     0   54.98778    0  258   56.64802   54.98778  2.93%     -   21s
     0     0   54.98895    0  279   56.64802   54.98895  2.93%     -   22s
     0     0   54.98913    0  272   56.64802   54.98913  2.93%     -   22s
H    0     0                      56.2604758   54.98913  2.26%     -   23s
     0     0   54.99019    0  270   56.26048   54.99019  2.26%     -   24s
     0     0   54.99019    0  236   56.26048   54.99019  2.26%     -   24s
     0     0   54.99019    0  227   56.26048   54.99019  2.26%     -   25s
     0     0   54.99019    0  192   56.26048   54.99019  2.26%     -   26s
     0     0   54.99019    0  189   56.26048   54.99019  2.26%     -   26s
     0     0   54.99019    0  216   56.26048   54.99019  2.26%     -   27s
     0     0   54.99019    0  204   56.26048   54.99019  2.26%     -   27s
     0     0   54.99019    0  209   56.26048   54.99019  2.26%     -   27s
     0     0   54.99026    0  234   56.26048   54.99026  2.26%     -   27s
     0     0   54.99108    0  234   56.26048   54.99108  2.26%     -   27s
     0     0   54.99190    0  240   56.26048   54.99190  2.25%     -   27s
     0     0   54.99190    0  240   56.26048   54.99190  2.25%     -   27s
     0     0   55.00075    0  220   56.26048   55.00075  2.24%     -   27s
     0     0   55.00217    0  224   56.26048   55.00217  2.24%     -   27s
     0     0   55.00218    0  224   56.26048   55.00218  2.24%     -   27s
     0     0   55.00587    0  224   56.26048   55.00587  2.23%     -   29s
     0     0   55.00700    0  197   56.26048   55.00700  2.23%     -   29s
     0     0   55.00723    0  206   56.26048   55.00723  2.23%     -   29s
H    0     0                      56.1338250   55.00723  2.01%     -   30s
     0     0   55.01360    0  220   56.13383   55.01360  2.00%     -   30s
     0     0   55.01388    0  226   56.13383   55.01388  2.00%     -   30s
     0     0   55.01952    0  226   56.13383   55.01952  1.99%     -   31s
     0     0   55.02120    0  236   56.13383   55.02120  1.98%     -   31s
     0     0   55.02125    0  233   56.13383   55.02125  1.98%     -   31s
     0     0   55.03148    0  244   56.13383   55.03148  1.96%     -   32s
     0     0   55.03323    0  228   56.13383   55.03323  1.96%     -   32s
     0     0   55.03342    0  225   56.13383   55.03342  1.96%     -   32s
     0     0   55.03823    0  217   56.13383   55.03823  1.95%     -   33s
     0     0   55.03978    0  236   56.13383   55.03978  1.95%     -   33s
     0     0   55.03996    0  243   56.13383   55.03996  1.95%     -   34s
     0     0   55.04319    0  226   56.13383   55.04319  1.94%     -   34s
     0     0   55.04457    0  202   56.13383   55.04457  1.94%     -   34s
     0     0   55.04464    0  205   56.13383   55.04464  1.94%     -   34s
     0     0   55.04499    0  217   56.13383   55.04499  1.94%     -   34s
     0     0   55.04499    0  212   56.13383   55.04499  1.94%     -   35s
     0     2   55.05721    0  212   56.13383   55.05721  1.92%     -   35s
    87    97   55.24796    9  218   56.13383   55.24216  1.59%   237   40s
H  141   148                      56.0504917   55.25521  1.42%   226   41s
H  151   148                      56.0497140   55.27372  1.38%   229   41s
H  190   188                      56.0110049   55.30380  1.26%   224   42s
H  197   188                      55.9132955   55.30380  1.09%   222   42s
H  289   278                      55.8110049   55.32207  0.88%   207   44s
   318   298   55.32807   22  121   55.81100   55.32750  0.87%   203   45s
  1307  1226   55.45401   19  150   55.81100   55.44696  0.65%   160   50s
  2134  1900   55.57318   24  236   55.81100   55.49579  0.56%   155   61s
  2139  1903   55.56947   21  215   55.81100   55.49579  0.56%   155   65s
  2146  1908   55.57870   29  221   55.81100   55.49579  0.56%   154   70s
  2154  1913   55.53346   19  248   55.81100   55.49579  0.56%   154   75s
  2166  1921   55.60473   28  249   55.81100   55.49579  0.56%   153   80s
  2179  1930   55.50595   14  242   55.81100   55.49579  0.56%   152   85s
  2192  1939   55.59132   25  247   55.81100   55.49579  0.56%   151   90s
  2198  1944   55.58736   24  236   55.81100   55.49579  0.56%   156   95s
  2208  1951   55.65302   19  224   55.81100   55.49579  0.56%   155  100s
  2214  1955   55.61615   20  227   55.81100   55.49579  0.56%   155  106s
  2216  1959   55.49579   23  197   55.81100   55.49579  0.56%   159  111s
  2218  1961   55.49579   24  186   55.81100   55.49579  0.56%   159  115s
  2373  2023   55.49579   32  169   55.81100   55.49579  0.56%   159  123s
H 2380  1921                      55.8110034   55.49579  0.56%   159  123s

Cutting planes:
  Learned: 1
  Gomory: 34
  Lift-and-project: 8
  Cover: 44
  Implied bound: 110
  Projected implied bound: 2
  Clique: 1
  MIR: 142
  Flow cover: 363
  Flow path: 3
  GUB cover: 2
  Zero half: 9
  RLT: 22
  Relax-and-lift: 23

Explored 2916 nodes (466018 simplex iterations) in 124.83 seconds (52.62 work units)
Thread count was 32 (of 32 available processors)

Solution count 10: 55.811 55.811 55.9133 ... 56.9687

Optimal solution found (tolerance 5.00e-03)
Best objective 5.581100343496e+01, best bound 5.553474979315e+01, gap 0.4950%
