
Gurobi 9.5.2 (linux64) logging started Wed Aug 12 19:55:09 2026

Set parameter LogFile to value "/mnt/beegfs/users/celinep/ChargeAndBreak/logs/oracle_RlongCfewTnone_21__kw1000_gurobi.log"
Gurobi Optimizer version 9.5.2 build v9.5.2rc0 (linux64)
Thread count: 16 physical cores, 32 logical processors, using up to 32 threads
Optimize a model with 9271 rows, 4875 columns and 167062 nonzeros
Model fingerprint: 0x273addf6
Variable types: 3073 continuous, 1802 integer (1802 binary)
Coefficient statistics:
  Matrix range     [3e-02, 2e+03]
  Objective range  [5e-01, 1e+00]
  Bounds range     [1e+00, 6e+01]
  RHS range        [1e-01, 2e+07]

User MIP start did not produce a new incumbent solution

Presolve removed 2857 rows and 905 columns
Presolve time: 2.27s
Presolved: 6414 rows, 3970 columns, 150726 nonzeros
Variable types: 2370 continuous, 1600 integer (1600 binary)
Found heuristic solution: objective 1959.1825525
Root relaxation presolve removed 175 rows and 113 columns
Root relaxation presolved: 6239 rows, 3857 columns, 116470 nonzeros


Root simplex log...

Iteration    Objective       Primal Inf.    Dual Inf.      Time
    3600    5.5993244e+01   1.681380e+05   0.000000e+00      5s
    7436    1.0014618e+02   0.000000e+00   0.000000e+00      8s
    7442    1.0014618e+02   0.000000e+00   0.000000e+00      8s
Extra simplex iterations after uncrush: 6

Root relaxation: objective 1.001462e+02, 7442 iterations, 4.50 seconds (2.12 work units)
Another try with MIP start

    Nodes    |    Current Node    |     Objective Bounds      |     Work
 Expl Unexpl |  Obj  Depth IntInf | Incumbent    BestBd   Gap | It/Node Time

H    0     0                     129.4384207  100.14618  22.6%     -   21s
     0     0  100.14618    0  486  129.43842  100.14618  22.6%     -   21s
     0     0  101.53113    0  524  129.43842  101.53113  21.6%     -   27s
H    0     0                     129.1482084  101.53113  21.4%     -   27s
     0     0  101.73247    0  553  129.14821  101.73247  21.2%     -   28s
     0     0  101.76036    0  609  129.14821  101.76036  21.2%     -   28s
     0     0  101.76477    0  627  129.14821  101.76477  21.2%     -   29s
     0     0  101.76551    0  623  129.14821  101.76551  21.2%     -   29s
     0     0  101.76554    0  632  129.14821  101.76554  21.2%     -   29s
     0     0  102.01536    0  520  129.14821  102.01536  21.0%     -   31s
     0     0  102.05495    0  570  129.14821  102.05495  21.0%     -   32s
     0     0  102.06201    0  586  129.14821  102.06201  21.0%     -   32s
     0     0  102.06552    0  624  129.14821  102.06552  21.0%     -   32s
     0     0  102.06601    0  625  129.14821  102.06601  21.0%     -   33s
     0     0  102.06604    0  621  129.14821  102.06604  21.0%     -   33s
     0     0  102.26240    0  592  129.14821  102.26240  20.8%     -   36s
     0     0  102.30108    0  638  129.14821  102.30108  20.8%     -   37s
     0     0  102.30628    0  632  129.14821  102.30628  20.8%     -   37s
     0     0  102.30678    0  639  129.14821  102.30678  20.8%     -   37s
     0     0  102.30680    0  637  129.14821  102.30680  20.8%     -   37s
     0     0  102.50069    0  530  129.14821  102.50069  20.6%     -   41s
     0     0  102.51667    0  603  129.14821  102.51667  20.6%     -   42s
     0     0  102.51892    0  608  129.14821  102.51892  20.6%     -   42s
     0     0  102.51906    0  609  129.14821  102.51906  20.6%     -   42s
     0     0  102.63543    0  503  129.14821  102.63543  20.5%     -   46s
     0     0  102.65279    0  590  129.14821  102.65279  20.5%     -   46s
     0     0  102.65708    0  580  129.14821  102.65708  20.5%     -   47s
     0     0  102.65788    0  558  129.14821  102.65788  20.5%     -   47s
     0     0  102.65813    0  585  129.14821  102.65813  20.5%     -   47s
     0     0  102.76476    0  569  129.14821  102.76476  20.4%     -   52s
     0     0  102.79915    0  561  129.14821  102.79915  20.4%     -   53s
     0     0  102.80684    0  611  129.14821  102.80684  20.4%     -   53s
     0     0  102.80959    0  626  129.14821  102.80959  20.4%     -   54s
     0     0  102.80971    0  628  129.14821  102.80971  20.4%     -   54s
     0     0  102.91274    0  555  129.14821  102.91274  20.3%     -   60s
     0     0  102.92349    0  606  129.14821  102.92349  20.3%     -   61s
     0     0  102.92754    0  580  129.14821  102.92754  20.3%     -   61s
     0     0  102.92807    0  588  129.14821  102.92807  20.3%     -   61s
     0     0  102.95515    0  569  129.14821  102.95515  20.3%     -   65s
     0     0  102.96012    0  571  129.14821  102.96012  20.3%     -   66s
     0     0  102.96227    0  591  129.14821  102.96227  20.3%     -   66s
     0     0  102.96268    0  596  129.14821  102.96268  20.3%     -   67s
     0     0  102.97991    0  538  129.14821  102.97991  20.3%     -   71s
     0     0  102.99206    0  568  129.14821  102.99206  20.3%     -   72s
     0     0  102.99654    0  592  129.14821  102.99654  20.2%     -   73s
     0     0  102.99709    0  624  129.14821  102.99709  20.2%     -   73s
     0     0  103.02168    0  536  129.14821  103.02168  20.2%     -   77s
     0     0  103.03000    0  591  129.14821  103.03000  20.2%     -   79s
     0     0  103.03119    0  572  129.14821  103.03119  20.2%     -   79s
     0     0  103.03158    0  558  129.14821  103.03158  20.2%     -   79s
     0     0  103.05691    0  554  129.14821  103.05691  20.2%     -   83s
     0     0  103.06169    0  578  129.14821  103.06169  20.2%     -   85s
     0     0  103.06210    0  567  129.14821  103.06210  20.2%     -   85s
     0     0  103.07519    0  561  129.14821  103.07519  20.2%     -   89s
     0     0  103.08150    0  611  129.14821  103.08150  20.2%     -   90s
     0     0  103.08244    0  610  129.14821  103.08244  20.2%     -   90s
     0     0  103.08268    0  633  129.14821  103.08268  20.2%     -   91s
     0     0  103.08928    0  585  129.14821  103.08928  20.2%     -   94s
     0     0  103.09275    0  605  129.14821  103.09275  20.2%     -   95s
     0     0  103.09454    0  604  129.14821  103.09454  20.2%     -   95s
     0     0  103.09462    0  620  129.14821  103.09462  20.2%     -   95s
     0     0  103.11159    0  598  129.14821  103.11159  20.2%     -  100s
     0     0  103.11357    0  631  129.14821  103.11357  20.2%     -  101s
     0     0  103.11403    0  633  129.14821  103.11403  20.2%     -  101s
     0     0  103.12002    0  621  129.14821  103.12002  20.2%     -  105s
     0     0  103.12328    0  621  129.14821  103.12328  20.2%     -  106s
     0     0  103.12468    0  628  129.14821  103.12468  20.2%     -  107s
     0     0  103.12476    0  625  129.14821  103.12476  20.2%     -  107s
     0     0  103.13400    0  573  129.14821  103.13400  20.1%     -  111s
     0     0  103.13665    0  636  129.14821  103.13665  20.1%     -  112s
     0     0  103.13725    0  629  129.14821  103.13725  20.1%     -  112s
     0     0  103.14083    0  607  129.14821  103.14083  20.1%     -  117s
     0     0  103.14337    0  636  129.14821  103.14337  20.1%     -  118s
     0     0  103.14405    0  629  129.14821  103.14405  20.1%     -  118s
     0     0  103.15051    0  614  129.14821  103.15051  20.1%     -  124s
     0     0  103.15313    0  625  129.14821  103.15313  20.1%     -  125s
     0     0  103.15316    0  624  129.14821  103.15316  20.1%     -  125s
H    0     0                     120.6348804  103.15316  14.5%     -  129s
     0     0  103.15902    0  598  120.63488  103.15902  14.5%     -  129s
     0     0  103.15942    0  612  120.63488  103.15942  14.5%     -  130s
H    0     0                     120.1540821  103.15942  14.1%     -  133s
     0     0  103.16654    0  544  120.15408  103.16654  14.1%     -  134s
     0     0  103.17065    0  588  120.15408  103.17065  14.1%     -  134s
     0     0  103.17121    0  599  120.15408  103.17121  14.1%     -  135s
     0     0  103.18461    0  559  120.15408  103.18461  14.1%     -  140s
     0     0  103.20024    0  572  120.15408  103.20024  14.1%     -  141s
     0     0  103.20384    0  601  120.15408  103.20384  14.1%     -  142s
     0     0  103.20419    0  606  120.15408  103.20419  14.1%     -  142s
     0     0  103.21692    0  610  120.15408  103.21692  14.1%     -  147s
     0     0  103.21897    0  605  120.15408  103.21897  14.1%     -  148s
     0     0  103.21922    0  629  120.15408  103.21922  14.1%     -  149s
     0     0  103.24176    0  544  120.15408  103.24176  14.1%     -  154s
     0     0  103.24889    0  602  120.15408  103.24889  14.1%     -  155s
     0     0  103.24967    0  603  120.15408  103.24967  14.1%     -  156s
H    0     0                     119.5680453  103.24967  13.6%     -  160s
     0     0  103.26545    0  548  119.56805  103.26545  13.6%     -  161s
     0     0  103.26959    0  593  119.56805  103.26959  13.6%     -  162s
     0     0  103.27036    0  600  119.56805  103.27036  13.6%     -  162s
     0     0  103.27768    0  596  119.56805  103.27768  13.6%     -  168s
     0     0  103.27887    0  616  119.56805  103.27887  13.6%     -  169s
     0     0  103.27894    0  616  119.56805  103.27894  13.6%     -  169s
H    0     0                     119.5592138  103.27894  13.6%     -  174s
     0     0  103.28183    0  608  119.55921  103.28183  13.6%     -  175s
     0     0  103.28183    0  588  119.55921  103.28183  13.6%     -  177s
     0     2  103.28183    0  584  119.55921  103.28183  13.6%     -  179s
     1     4  103.28183    1  584  119.55921  103.28183  13.6%   213  181s
     7    16  103.29714    3  607  119.55921  103.29095  13.6%   541  186s
    15    32  103.30124    4  593  119.55921  103.29747  13.6%   629  190s
    31    48  103.32904    5  601  119.55921  103.30129  13.6%   937  195s
H   41    48                     118.6748988  103.32904  12.9%   951  195s
    63    80  103.35347    7  629  118.67490  103.34010  12.9%  1049  207s
H   79    96                     118.3727474  103.35347  12.7%   986  215s
H   80    96                     118.1980573  103.35348  12.6%   978  215s
H   80    96                     117.8482261  103.35348  12.3%   978  215s
H   83    96                     117.6810869  103.35926  12.2%   972  215s
H   91    96                     117.4229693  103.35926  12.0%   961  215s
   111   128  103.37932   10  605  117.42297  103.36892  12.0%   995  222s
H  127   144                     117.3372239  103.37938  11.9%  1016  235s
H  130   144                     117.2955981  103.38915  11.9%  1005  235s
H  131   144                     117.2780843  103.38915  11.8%  1003  235s
H  133   144                     117.0720766  103.38915  11.7%  1004  235s
H  134   144                     116.9908856  103.38915  11.6%  1001  235s
   143   160  106.81930   12  529  116.99089  103.38915  11.6%  1029  240s
   175   192  103.40951   14  552  116.99089  103.40087  11.6%  1033  255s
H  177   192                     116.9675123  103.40959  11.6%  1033  255s
H  178   192                     116.8758561  103.40959  11.5%  1028  255s
   211   231  103.44639   16  626  116.87586  103.42289  11.5%  1048  263s
H  230   247                     116.7199060  103.44639  11.4%  1071  276s
H  231   247                     116.5236293  103.44645  11.2%  1069  276s
H  242   247                     116.5117997  103.44734  11.2%  1077  276s
   246   267  103.44816   18  572  116.51180  103.44756  11.2%  1086  281s
   287   290  104.15643    7  505  116.51180  103.45407  11.2%  1076  285s
   316   341  103.45738   20  536  116.51180  103.45738  11.2%  1070  292s
   340   370  104.29587   22  503  116.51180  103.45791  11.2%  1073  296s
   369   396  104.29478   25  500  116.51180  103.46411  11.2%  1059  300s
H  395   412                     116.4926931  103.46879  11.2%  1050  311s
H  404   412                     116.2379318  103.47357  11.0%  1056  311s
   411   458  103.47875   30  538  116.23793  103.47385  11.0%  1065  315s
   457   512  105.49907   31  527  116.23793  103.47932  11.0%  1015  320s
   578   634  103.64135   38  605  116.23793  103.49791  11.0%   905  328s
   633   693  103.50042   15  589  116.23793  103.50042  11.0%   876  332s
   692   754  105.31960   16  455  116.23793  103.50229  11.0%   848  337s
   753   817  103.76741   19  503  116.23793  103.50527  11.0%   832  342s
H  816   833                     116.0712651  103.53041  10.8%   799  379s
H  821   833                     116.0712651  103.53235  10.8%   803  379s
H  824   833                     116.0711012  103.53278  10.8%   806  379s
   832   857  105.18148    9  485  116.07110  103.53970  10.8%   813  391s
H  838   857                     116.0672526  103.54602  10.8%   814  391s
H  846   857                     116.0580653  103.55609  10.8%   814  391s
   856   983  103.57005   20  538  116.05807  103.55996  10.8%   814  397s
   982  1134  104.87186   21  540  116.05807  103.56318  10.8%   749  404s
  1133  1339  103.57659   23  491  116.05807  103.57055  10.8%   676  409s
  1340  1671  108.38571   36  512  116.05807  103.57334  10.8%   614  417s
H 1460  1671                     116.0580653  103.57402  10.8%   580  417s
  1672  1985  103.82137   20  602  116.05807  103.57555  10.8%   528  423s
  1986  2164  107.11799   25  426  116.05807  103.57669  10.8%   478  429s
  2166  2165  105.27514   42  588  116.05807  103.57681  10.8%   455  514s
  2168  2166  104.96160   17  472  116.05807  103.57681  10.8%   454  520s
  2169  2167  105.67821   19  468  116.05807  103.57681  10.8%   454  525s
  2171  2168  104.55180   31  453  116.05807  103.57681  10.8%   454  532s
  2173  2170  107.81806   33  524  116.05807  103.57681  10.8%   453  535s
  2180  2174  104.63519   41  569  116.05807  103.57681  10.8%   452  540s
  2183  2176  105.66969   13  519  116.05807  103.57681  10.8%   451  556s
  2186  2178  103.66192   29  540  116.05807  103.57681  10.8%   451  566s
  2187  2179  103.60312   28  517  116.05807  103.57681  10.8%   450  583s
  2189  2180  103.64327    9  596  116.05807  103.57681  10.8%   450  585s
  2192  2182  105.41606   30  638  116.05807  103.57681  10.8%   449  593s
  2193  2183  103.68062   36  538  116.05807  103.57681  10.8%   449  607s
  2196  2185  103.72185   35  626  116.05807  103.58575  10.7%   449  617s
  2197  2186  114.81608   16  570  116.05807  103.60314  10.7%   448  634s
  2199  2187  109.17065   36  612  116.05807  103.61023  10.7%   448  635s
  2200  2188  103.80881   25  607  116.05807  103.61075  10.7%   448  642s
  2201  2188  104.47925   16  542  116.05807  103.62540  10.7%   448  653s
  2202  2189  103.80078   27  632  116.05807  103.63027  10.7%   447  655s
  2203  2190  103.63090   55  658  116.05807  103.63090  10.7%   447  662s
  2204  2190  105.41678   20  603  116.05807  103.65619  10.7%   447  675s
  2207  2192  105.41921   26  647  116.05807  103.67643  10.7%   446  686s
  2208  2193  105.51830   34  593  116.05807  103.68954  10.7%   446  694s
  2209  2194  105.70697   59  614  116.05807  103.69499  10.7%   446  695s
  2210  2194  103.85313   38  639  116.05807  103.69619  10.7%   446  701s
  2211  2195  105.14677   42  638  116.05807  103.71633  10.6%   446  713s
  2213  2196  105.43117   35  665  116.05807  103.71943  10.6%   445  719s
  2214  2197  104.60779   35  639  116.05807  103.72750  10.6%   445  733s
  2217  2199  104.64020   37  662  116.05807  103.73807  10.6%   444  740s
  2218  2200  103.75304   41  618  116.05807  103.75304  10.6%   444  750s
  2220  2201  103.77267   24  634  116.05807  103.75644  10.6%   444  756s
  2221  2202  104.59973   25  618  116.05807  103.76374  10.6%   444  764s
  2223  2203  105.31388   11  644  116.05807  103.76812  10.6%   443  770s
  2224  2204  103.77654   41  645  116.05807  103.77654  10.6%   443  783s
  2225  2204  103.77654   16  555  116.05807  103.77654  10.6%   443  798s
  2226  2205  106.29102    7  555  116.05807  103.77654  10.6%   443  803s
  2227  2209  103.77654   10  554  116.05807  103.77654  10.6%   463  848s
  2229  2211  103.78859   11  550  116.05807  103.78859  10.6%   464  899s
  2233  2216  103.79198   12  654  116.05807  103.79198  10.6%   464  911s
  2240  2221  103.79230   13  670  116.05807  103.79207  10.6%   466  918s
  2253  2229  103.79235   14  670  116.05807  103.79235  10.6%   470  922s
  2269  2236  103.79890   15  673  116.05807  103.79254  10.6%   477  926s
  2285  2246  103.79957   16  677  116.05807  103.79896  10.6%   481  930s
H 2301  2145                     116.0193113  103.79957  10.5%   488  934s
  2317  2162  103.81894   18  673  116.01931  103.81715  10.5%   492  938s
  2340  2179  103.81899   19  661  116.01931  103.81899  10.5%   495  942s
H 2365  2084                     115.8191735  103.81899  10.4%   498  949s
  2383  2100  103.82387   23  660  115.81917  103.81907  10.4%   506  952s
  2405  2120  103.82402   24  660  115.81917  103.82402  10.4%   509  956s
H 2433  2026                     115.8012313  103.83103  10.3%   516  975s
H 2438  1929                     115.7710000  103.83103  10.3%   516  975s
  2449  1940  103.83103   27  673  115.77100  103.83103  10.3%   518  981s
  2497  1972  104.08819   30  661  115.77100  103.83515  10.3%   526 1041s
H 2499  1880                     115.7710000  103.85648  10.3%   526 1041s
  2513  1917  103.86001   32  626  115.77100  103.86001  10.3%   528 1045s
  2555  1919  103.94341   33  550  115.77100  103.86082  10.3%   529 1054s
  2571  1956  105.39297   37  466  115.77100  103.87749  10.3%   535 1058s
  2613  1957  103.88247   40  609  115.77100  103.88218  10.3%   538 1069s
H 2622  1868                     115.7230235  103.88287  10.2%   541 1069s
  2631  1917  104.06228   41  601  115.72302  103.90031  10.2%   546 1073s
  2684  1953  104.00098   44  612  115.72302  103.90204  10.2%   546 1078s
  2738  2001  104.04906   49  557  115.72302  103.94058  10.2%   549 1083s
  2804  2042  104.10475   48  588  115.72302  103.96480  10.2%   551 1087s
  2867  2063  103.96521   56  631  115.72302  103.96521  10.2%   548 1092s
  2909  2113  104.06849   57  624  115.72302  103.98765  10.1%   553 1096s
  2973  2150  106.82273   37  517  115.72302  103.99240  10.1%   554 1101s
  3031  2205  104.12030   42  602  115.72302  104.00642  10.1%   558 1106s
  3105  2248  104.73305   41  559  115.72302  104.01257  10.1%   561 1112s
  3173  2302  108.30938   49  625  115.72302  104.02572  10.1%   565 1116s
  3251  2382  104.03297   39  594  115.72302  104.03212  10.1%   566 1121s
  3359  2431  104.14561   41  563  115.72302  104.03660  10.1%   563 1125s
  3444  2418  105.76087   41  439  115.72302  104.04555  10.1%   566 1134s
  3460  2516  105.34351   51  459  115.72302  104.05136  10.1%   571 1138s
  3563  2645  108.88739   54  592  115.72302  104.05717  10.1%   570 1143s
  3727  2670  107.24445   42  496  115.72302  104.06041  10.1%   560 1152s
  3806  2768  104.06585   43  616  115.72302  104.06585  10.1%   563 1157s
  3931  2798  104.16839   44  556  115.72302  104.06822  10.1%   561 1164s
  4002  2866  107.36097   42  551  115.72302  104.07892  10.1%   567 1170s
  4094  2980  109.02342   34  536  115.72302  104.08141  10.1%   567 1176s
  4239  3096  106.08275   55  476  115.72302  104.08821  10.1%   564 1181s
  4403  3110  104.09542   36  590  115.72302  104.09328  10.0%   557 1192s
H 4417  3024                     115.6775685  104.09376  10.0%   559 1192s
  4473  3211  104.10634   78  566  115.67757  104.09566  10.0%   561 1198s
  4679  3323  108.67482   70  462  115.67757  104.10040  10.0%   554 1206s
  4860  3458  105.46209   36  507  115.67757  104.10402  10.0%   550 1213s
  5055  3661  104.25538   61  533  115.67757  104.10708  10.0%   545 1219s
  5325  3881  107.94613   49  537  115.67757  104.11299  10.0%   535 1227s
  5636  3792  104.17947   50  542  115.67757  104.11690  10.0%   521 1249s
  5653  3921  108.74838   45  531  115.67757  104.12022  10.0%   525 1261s
H 5723  3819                     115.5945361  104.12125  9.93%   526 1261s
  5788  4136  104.27179   66  560  115.59454  104.12187  9.92%   526 1270s
  6130  4373  109.89585   57  485  115.59454  104.12446  9.92%   517 1279s
  6481  4751  104.37579   55  527  115.59454  104.12705  9.92%   507 1289s
  6976  4872  104.27221   55  636  115.59454  104.12963  9.92%   490 1300s
  7135  5099  106.93720   55  522  115.59454  104.13359  9.91%   491 1311s
  7365  5282  106.60108   55  465  115.59454  104.13525  9.91%   491 1326s
  7548  5634  105.05398   43  476  115.59454  104.14127  9.91%   489 1337s
  7904  6050  108.30582   58  468  115.59454  104.14448  9.91%   485 1349s
  8321  6669  108.63465   59  419  115.59454  104.14672  9.90%   479 1362s
  8942  6950  104.47873   64  599  115.59454  104.14954  9.90%   464 1375s
  9223  7502  104.81123   61  489  115.59454  104.15197  9.90%   461 1389s
H 9365  7502                     115.5945358  104.15241  9.90%   458 1389s
H 9572  7502                     115.5538204  104.15319  9.87%   453 1389s
  9780  7517  104.59153   60  526  115.55382  104.15490  9.86%   450 1409s
  9797  8094  107.85698   60  491  115.55382  104.15605  9.86%   453 1426s
 10376  8812  106.60680   60  463  115.55382  104.15823  9.86%   440 1440s
 11097  9590  104.59328   56  530  115.55382  104.16047  9.86%   428 1456s
H11350  9590                     115.5538203  104.16149  9.86%   424 1456s
 11884 10146  109.92120   47  558  115.55382  104.16314  9.86%   415 1472s
H11908 10146                     115.5538203  104.16412  9.86%   415 1472s
 12441 10918  108.28821   50  461  115.55382  104.16627  9.85%   409 1486s
 13217 11902  105.02303   58  450  115.55382  104.16891  9.85%   399 1503s
 14203 11992  104.33881   57  520  115.55382  104.17148  9.85%   387 1549s
 14293 12661  104.77892   67  502  115.55382  104.17368  9.85%   389 1566s
 14971 13822  104.17895   77  522  115.55382  104.17598  9.85%   385 1585s
 16134 14893  108.50234   46  605  115.55382  104.17785  9.84%   372 1606s
 17208 15833  110.63683   56  512  115.55382  104.18075  9.84%   363 1625s
 18157 16872  105.77193   58  450  115.55382  104.18271  9.84%   358 1644s
 19202 18083  104.19299   53  535  115.55382  104.18504  9.84%   352 1661s
 20418 18494  104.29793   39  579  115.55382  104.18729  9.84%   344 1687s
 20850 21908  104.88289   48  510  115.55382  104.19018  9.83%   344 1741s
 24314 22631  110.50401   60  505  115.55382  104.19307  9.83%   325 1786s
 25042 22728  104.60357   53  525  115.55382  104.19631  9.83%   324 1815s
H25078 22728                     115.5538203  104.19722  9.83%   325 1815s
 25139 22954  104.61754   69  508  115.55382  104.19862  9.83%   326 1913s
H25312 22954                     115.5538202  104.20046  9.83%   326 1913s
 25368 24238  104.95271   53  497  115.55382  104.20149  9.82%   326 1937s
 26660 24619  104.33297   70  529  115.55382  104.20273  9.82%   321 1960s
 27041 26292  104.22978   39  567  115.55382  104.20583  9.82%   321 1987s
 28754 27553  108.57970   73  451  115.55382  104.20711  9.82%   313 2014s
 30025 28851  106.82440   58  473  115.55382  104.21046  9.82%   312 2045s
 31339 28866  108.87567   68  448  115.55382  104.21255  9.81%   310 2088s
 31356 30535  105.86240   69  427  115.55382  104.21395  9.81%   310 2113s
 33057 30984  112.71225   63  497  115.55382  104.21592  9.81%   307 2148s
H33300 30984                     115.5538201  104.21737  9.81%   307 2148s
 33508 33022  104.23694   83  544  115.55382  104.21831  9.81%   307 2176s
 35566 34978  109.27233   63  523  115.55382  104.22007  9.81%   302 2202s
 37544 36760  105.73258   61  443  115.55382  104.22286  9.81%   297 2230s
 39358 37574  106.42539   59  526  115.55382  104.22436  9.80%   293 2268s
 40176 38867  104.96948   44  533  115.55382  104.22628  9.80%   293 2298s
 41496 41737  104.85867   54  534  115.55382  104.22824  9.80%   296 2345s
 44436 43248  105.84200   41  463  115.55382  104.23134  9.80%   292 2372s
 45965 45094  105.67867   54  563  115.55382  104.23499  9.80%   291 2403s
 47848 46336  105.00330   35  532  115.55382  104.23799  9.79%   288 2432s
 49135 47059  105.00264   35  476  115.55382  104.24021  9.79%   288 2482s
H49659 47059                     115.5538200  104.24172  9.79%   288 2482s
H49769 47059                     115.5538196  104.24172  9.79%   288 2482s
 49870 48556  107.81252   46  477  115.55382  104.24229  9.79%   288 2515s
 51390 49831  106.80737   53  499  115.55382  104.24546  9.79%   289 2547s
 52696 51717  104.38372   58  478  115.55382  104.24866  9.78%   288 2586s
 54639 53311  104.64386   63  452  115.55382  104.25125  9.78%   288 2620s
 56282 55690  104.26853   57  530  115.55382  104.25480  9.78%   289 2652s
 58714 57487  105.95470   43  506  115.55382  104.25703  9.78%   286 2684s
 60529 59286  104.39137   54  545  115.55382  104.25944  9.77%   284 2723s
 62375 60438  104.87291   58  484  115.55382  104.26217  9.77%   284 2778s
 63549 63581  108.64019   46  485  115.55382  104.26450  9.77%   283 2847s
 66859 65251  104.41701   40  603  115.55382  104.26689  9.77%   284 2899s
 68627 67241  106.86314   40  494  115.55382  104.26978  9.77%   286 2952s
 70699 67825  104.92446   56  492  115.55382  104.27290  9.76%   287 3041s
 71295 69577  104.47694   70  475  115.55382  104.27463  9.76%   287 3103s
 73064 71190  112.92623   70  506  115.55382  104.27642  9.76%   286 3155s
 74845 73409  104.94575   42  504  115.55382  104.27832  9.76%   290 3207s
 77102 75475  110.20809   69  447  115.55382  104.28027  9.76%   291 3252s
 79246 78036  105.13972   39  545  115.55382  104.28414  9.75%   291 3299s
 81866 79609  113.46777   58  464  115.55382  104.28657  9.75%   290 3341s
 83459 81505  105.04185   48  570  115.55382  104.28857  9.75%   289 3395s
 85493 83774  104.57643   50  589  115.55382  104.28949  9.75%   290 3433s
 87811 85835  105.08861   41  560  115.55382  104.29277  9.75%   289 3473s
 89900 86841  104.59651   68  557  115.55382  104.29509  9.74%   288 3519s
 90960 88827  106.35554   41  498  115.55382  104.29674  9.74%   288 3560s
 92961 90577  104.54534   65  469  115.55382  104.29898  9.74%   288 3605s
 94754 92475  105.29603   32  543  115.55382  104.30102  9.74%   288 3650s
 96746 94711  105.13859   46  533  115.55382  104.30348  9.74%   288 3685s
 99024 95773  113.53202   63  361  115.55382  104.30612  9.73%   287 3730s
 100111 97960  104.81933   55  502  115.55382  104.30765  9.73%   287 3768s
 102326 99855  113.15631   55  509  115.55382  104.30929  9.73%   286 3808s
 104260 102643  108.50789   71  472  115.55382  104.31144  9.73%   286 3853s
 107088 104174  112.86223   62  504  115.55382  104.31348  9.73%   285 3884s
 108274 104174  104.48349   79  548  115.55382  104.31487  9.73%   284 3885s
 108642 105849  105.00261   80  472  115.55382  104.31573  9.73%   285 3925s
 110342 106454  105.19013   58  477  115.55382  104.31748  9.72%   284 3983s
 111001 108235  104.31914   66  573  115.55382  104.31805  9.72%   284 4021s
 112808 110041  104.44995   65  541  115.55382  104.31913  9.72%   285 4065s
 114653 111700  104.45360   54  641  115.55382  104.32219  9.72%   285 4110s
 116351 113232  112.19859   74  494  115.55382  104.32331  9.72%   285 4159s
 118042 115110  109.04111   62  456  115.55382  104.32496  9.72%   287 4209s
 120049 116033  106.18002   64  445  115.55382  104.32693  9.72%   287 4295s
 120998 116894  105.66375   55  488  115.55382  104.32751  9.72%   286 4354s
 121866 118021  109.25407   57  557  115.55382  104.32826  9.71%   287 4405s
 123006 120946  104.75263   77  481  115.55382  104.32937  9.71%   288 4458s
 126017 123136  106.82882   59  449  115.55382  104.33069  9.71%   287 4502s
 128269 125731  104.57147   74  497  115.55382  104.33261  9.71%   287 4545s
 130909 127444  112.90705   62  448  115.55382  104.33473  9.71%   286 4586s
 132657 129586  105.72572   54  462  115.55382  104.33595  9.71%   286 4621s
 134826 131896  104.38134   67  523  115.55382  104.33786  9.71%   285 4651s
 137158 133049  106.51637   68  511  115.55382  104.33918  9.71%   284 4711s
 138347 134691  105.89056   63  409  115.55382  104.33999  9.70%   284 4751s
 140059 136520  107.40889   58  544  115.55382  104.34121  9.70%   284 4796s
 141971 138764  105.33371   49  459  115.55382  104.34266  9.70%   285 4840s
 144240 140442  104.92832   67  485  115.55382  104.34382  9.70%   284 4878s
 146024 141808  109.90507   65  446  115.55382  104.34459  9.70%   284 4926s
 147442 144266  110.07089   73  384  115.55382  104.34615  9.70%   284 4980s
 149927 146453  104.34800   54  569  115.55382  104.34751  9.70%   284 5032s
 152154 148060  105.97056   55  477  115.55382  104.34865  9.70%   283 5068s
 153877 150080  105.45253   65  455  115.55382  104.35019  9.70%   283 5118s
 155941 152458  110.34778   82  417  115.55382  104.35144  9.69%   283 5157s
 158373 153574  112.97650   56  419  115.55382  104.35243  9.69%   282 5218s
 159534 155499  106.99911   68  462  115.55382  104.35389  9.69%   282 5255s
 161549 157362  106.70178   71  491  115.55382  104.35511  9.69%   282 5292s
 163534 159363  111.35862   74  396  115.55382  104.35641  9.69%   282 5328s
 165577 161526  104.37623   82  560  115.55382  104.35825  9.69%   282 5365s
 167792 163126  104.60346   71  526  115.55382  104.35963  9.69%   281 5408s
 169431 165082  106.85000   52  455  115.55382  104.36058  9.69%   281 5458s
 171422 167346  105.25863   59  501  115.55382  104.36158  9.69%   281 5502s
 173763 170078  106.86927   77  484  115.55382  104.36308  9.68%   281 5553s
 176540 170684  104.81164   63  493  115.55382  104.36474  9.68%   281 5622s
 177152 172559  107.84167   50  517  115.55382  104.36534  9.68%   281 5678s
 179073 175222  106.39570   49  475  115.55382  104.36617  9.68%   281 5726s
 181844 177933  106.98946   73  444  115.55382  104.36793  9.68%   280 5775s
 184601 179645  113.52820   78  450  115.55382  104.36938  9.68%   280 5815s
 186409 182114  105.74035   78  453  115.55382  104.37077  9.68%   280 5858s
 188927 184454  106.82755   61  453  115.55382  104.37208  9.68%   280 5896s
 191318 186818  104.43332   71  538  115.55382  104.37318  9.68%   279 5944s
 193752 189487  104.40845   88  519  115.55382  104.37455  9.67%   279 5990s
 196494 191353  104.77356   38  517  115.55382  104.37611  9.67%   278 6024s
 198402 193260  104.71154   64  498  115.55382  104.37698  9.67%   278 6058s
 200365 195100  104.72601   76  534  115.55382  104.37816  9.67%   278 6095s
 202280 197249  106.18020   65  527  115.55382  104.37926  9.67%   277 6134s
 204509 199571  104.57734   64  492  115.55382  104.38057  9.67%   277 6168s
 206871 201805  105.16017   65  491  115.55382  104.38179  9.67%   276 6210s
 209155 203541  105.11998   78  527  115.55382  104.38269  9.67%   276 6249s
 210900 205597  104.56242   44  548  115.55382  104.38406  9.67%   276 6286s
 213000 208177  105.99878   81  503  115.55382  104.38497  9.67%   276 6343s
 215637 210539  114.18416   55  352  115.55382  104.38629  9.66%   275 6383s
 218033 212058  104.88416   42  564  115.55382  104.38762  9.66%   275 6421s
 219577 213916  105.90471   79  493  115.55382  104.38848  9.66%   275 6469s
 221463 216124  105.87213   45  491  115.55382  104.38950  9.66%   275 6510s
 223722 218378  113.92755   72  417  115.55382  104.39130  9.66%   275 6555s
 226044 220631  105.71259   39  501  115.55382  104.39241  9.66%   274 6598s
 228322 222222  106.09001   46  532  115.55382  104.39396  9.66%   274 6638s
 230078 224290  112.52864   77  427  115.55382  104.39494  9.66%   274 6673s
 232199 226369  105.09440   92  549  115.55382  104.39582  9.66%   274 6718s
 234339 228421  105.41957   47  536  115.55382  104.39668  9.66%   274 6765s
 236415 231591  104.46703   63  544  115.55382  104.39795  9.65%   274 6813s
 239625 233707  105.84141   70  412  115.55382  104.39942  9.65%   273 6852s
 241762 236042  106.77284   91  441  115.55382  104.40046  9.65%   273 6892s
 244160 237810  104.53649   74  514  115.55382  104.40189  9.65%   273 6928s
 245982 239687  104.64782   65  546  115.55382  104.40254  9.65%   273 6975s
 247901 240432  104.89874   74  524  115.55382  104.40313  9.65%   272 7015s
 248657 241245  105.58304   81  516  115.55382  104.40413  9.65%   272 7086s
 249480 242177  113.51280   66  446  115.55382  104.40477  9.65%   272 7157s
 250441 244704  105.40747   94  428  115.55382  104.40553  9.65%   272 7200s

Cutting planes:
  Learned: 2
  Gomory: 114
  Lift-and-project: 4
  Cover: 138
  Implied bound: 607
  MIR: 1332
  StrongCG: 9
  Flow cover: 2918
  Inf proof: 5
  Zero half: 55
  Network: 2
  RLT: 122
  Relax-and-lift: 155

Explored 253039 nodes (68867247 simplex iterations) in 7200.53 seconds (4031.53 work units)
Thread count was 32 (of 32 available processors)

Solution count 10: 115.554 115.554 115.554 ... 115.595

Time limit reached
Best objective 1.155538196032e+02, best bound 1.044062808811e+02, gap 9.6471%
