
Gurobi 9.5.2 (linux64) logging started Wed Aug 12 09:29:02 2026

Set parameter LogFile to value "/mnt/beegfs/users/celinep/ChargeAndBreak/logs/oracle_RlongCmanyTnone_4__kwh300_gurobi.log"
Gurobi Optimizer version 9.5.2 build v9.5.2rc0 (linux64)
Thread count: 16 physical cores, 32 logical processors, using up to 32 threads
Optimize a model with 9637 rows, 5072 columns and 181998 nonzeros
Model fingerprint: 0x957e26d1
Variable types: 3200 continuous, 1872 integer (1872 binary)
Coefficient statistics:
  Matrix range     [2e-02, 2e+03]
  Objective range  [5e-01, 1e+00]
  Bounds range     [1e+00, 6e+01]
  RHS range        [3e-02, 2e+07]

User MIP start did not produce a new incumbent solution

Presolve removed 3150 rows and 1102 columns
Presolve time: 2.88s
Presolved: 6487 rows, 3970 columns, 163553 nonzeros
Variable types: 2347 continuous, 1623 integer (1623 binary)
Found heuristic solution: objective 2070.5507701
Root relaxation presolve removed 137 rows and 75 columns
Root relaxation presolved: 6350 rows, 3895 columns, 127197 nonzeros


Root simplex log...

Iteration    Objective       Primal Inf.    Dual Inf.      Time
    2365    5.7413747e+01   2.245268e+05   0.000000e+00      5s
    4015    1.1252393e+02   0.000000e+00   0.000000e+00      6s
    4017    1.1252393e+02   0.000000e+00   0.000000e+00      6s
Extra simplex iterations after uncrush: 2

Root relaxation: objective 1.125239e+02, 4017 iterations, 2.07 seconds (0.90 work units)
Another try with MIP start

    Nodes    |    Current Node    |     Objective Bounds      |     Work
 Expl Unexpl |  Obj  Depth IntInf | Incumbent    BestBd   Gap | It/Node Time

     0     0  112.52393    0  190 2070.55077  112.52393  94.6%     -    6s
H    0     0                     152.3301341  112.52393  26.1%     -    9s
     0     0  114.72514    0  280  152.33013  114.72514  24.7%     -    9s
     0     0  114.81294    0  277  152.33013  114.81294  24.6%     -    9s
     0     0  114.82359    0  288  152.33013  114.82359  24.6%     -   10s
     0     0  114.82359    0  288  152.33013  114.82359  24.6%     -   10s
     0     0  115.35687    0  335  152.33013  115.35687  24.3%     -   12s
H    0     0                     142.5916289  115.42071  19.1%     -   12s
     0     0  115.42071    0  336  142.59163  115.42071  19.1%     -   12s
     0     0  115.43738    0  333  142.59163  115.43738  19.0%     -   12s
     0     0  115.43852    0  335  142.59163  115.43852  19.0%     -   12s
     0     0  115.43904    0  335  142.59163  115.43904  19.0%     -   12s
     0     0  115.59956    0  408  142.59163  115.59956  18.9%     -   14s
     0     0  115.67072    0  388  142.59163  115.67072  18.9%     -   15s
     0     0  115.68279    0  449  142.59163  115.68279  18.9%     -   15s
     0     0  115.68351    0  471  142.59163  115.68351  18.9%     -   15s
     0     0  115.68351    0  476  142.59163  115.68351  18.9%     -   15s
     0     0  115.78138    0  341  142.59163  115.78138  18.8%     -   17s
     0     0  115.81024    0  340  142.59163  115.81024  18.8%     -   18s
     0     0  115.81057    0  354  142.59163  115.81057  18.8%     -   18s
     0     0  115.86235    0  312  142.59163  115.86235  18.7%     -   20s
     0     0  115.88304    0  334  142.59163  115.88304  18.7%     -   20s
     0     0  115.88805    0  337  142.59163  115.88805  18.7%     -   20s
     0     0  115.88871    0  336  142.59163  115.88871  18.7%     -   20s
H    0     0                     142.2582956  115.88871  18.5%     -   23s
     0     0  115.93352    0  401  142.25830  115.93352  18.5%     -   23s
     0     0  115.98986    0  367  142.25830  115.98986  18.5%     -   23s
     0     0  115.99879    0  369  142.25830  115.99879  18.5%     -   24s
     0     0  116.00268    0  400  142.25830  116.00268  18.5%     -   24s
     0     0  116.00268    0  398  142.25830  116.00268  18.5%     -   24s
     0     0  116.08244    0  318  142.25830  116.08244  18.4%     -   26s
     0     0  116.09594    0  413  142.25830  116.09594  18.4%     -   27s
     0     0  116.10096    0  449  142.25830  116.10096  18.4%     -   27s
     0     0  116.10174    0  442  142.25830  116.10174  18.4%     -   27s
     0     0  116.10244    0  450  142.25830  116.10244  18.4%     -   27s
     0     0  116.11372    0  372  142.25830  116.11372  18.4%     -   30s
     0     0  116.12277    0  354  142.25830  116.12277  18.4%     -   30s
     0     0  116.12324    0  390  142.25830  116.12324  18.4%     -   31s
     0     0  116.12986    0  431  142.25830  116.12986  18.4%     -   32s
     0     0  116.13066    0  426  142.25830  116.13066  18.4%     -   33s
     0     0  116.13110    0  440  142.25830  116.13110  18.4%     -   33s
H    0     0                     141.1651082  116.13110  17.7%     -   35s
     0     0  116.14852    0  352  141.16511  116.14852  17.7%     -   35s
     0     0  116.16088    0  362  141.16511  116.16088  17.7%     -   36s
     0     0  116.16445    0  430  141.16511  116.16445  17.7%     -   36s
     0     0  116.16487    0  431  141.16511  116.16487  17.7%     -   36s
     0     0  116.16700    0  362  141.16511  116.16700  17.7%     -   38s
     0     0  116.17029    0  422  141.16511  116.17029  17.7%     -   39s
     0     0  116.17355    0  403  141.16511  116.17355  17.7%     -   39s
     0     0  116.17383    0  388  141.16511  116.17383  17.7%     -   39s
     0     0  116.17762    0  452  141.16511  116.17762  17.7%     -   42s
     0     0  116.17809    0  431  141.16511  116.17809  17.7%     -   42s
     0     0  116.18103    0  417  141.16511  116.18103  17.7%     -   45s
     0     0  116.18342    0  411  141.16511  116.18342  17.7%     -   45s
     0     0  116.18353    0  347  141.16511  116.18353  17.7%     -   45s
     0     0  116.18403    0  374  141.16511  116.18403  17.7%     -   47s
     0     0  116.18427    0  404  141.16511  116.18427  17.7%     -   47s
     0     0  116.18529    0  426  141.16511  116.18529  17.7%     -   49s
H    0     0                     141.0755217  116.18529  17.6%     -   50s
     0     0  116.18529    0  315  141.07552  116.18529  17.6%     -   51s
     0     2  116.18529    0  311  141.07552  116.18529  17.6%     -   53s
     3     8  119.49628    2  368  141.07552  116.18531  17.6%   986   56s
    31    48  116.46394    5  441  141.07552  116.19703  17.6%   592   60s
    63    80  116.21886    7  450  141.07552  116.21872  17.6%   573   65s
H   79    96                     139.7422785  116.21926  16.8%   588   68s
   114   131  116.22418   10  483  139.74228  116.22418  16.8%   562   71s
H  130   147                     139.6421565  116.22513  16.8%   553   75s
H  132   147                     139.6144776  116.22909  16.7%   552   75s
H  133   147                     139.6005825  116.22909  16.7%   558   75s
H  137   147                     139.5972081  116.22909  16.7%   558   75s
H  142   147                     139.5599376  116.22909  16.7%   554   75s
H  145   147                     139.5151424  116.22909  16.7%   553   75s
H  186   204                     139.5151411  116.23709  16.7%   549   81s
H  187   204                     139.4735671  116.23709  16.7%   554   81s
H  242   259                     139.3902338  116.24545  16.6%   543   87s
   274   309  118.03764   19  400  139.39023  116.24587  16.6%   564   91s
H  321   341                     139.3069004  116.24672  16.6%   545   92s
H  371   388                     139.3068992  116.26441  16.5%   533   96s
   449   467  116.27052   34  437  139.30690  116.27052  16.5%   557  104s
   466   483  117.67905   35  402  139.30690  116.27665  16.5%   568  106s
   559   594  116.32930   45  470  139.30690  116.32930  16.5%   569  111s
   631   670  116.32995   49  481  139.30690  116.32995  16.5%   571  116s
H  658   670                     129.0427601  116.33096  9.85%   556  116s
   721   771  117.08109   54  463  129.04276  116.33428  9.85%   565  121s
H  737   771                     128.8311785  116.34386  9.69%   568  121s
H  819   838                     128.6122657  116.37872  9.51%   574  128s
H  832   838                     128.5727183  116.39266  9.47%   584  128s
H  836   838                     128.5721037  116.39266  9.47%   587  128s
   837   890  116.71813   57  373  128.57210  116.39308  9.47%   588  130s
   920   975  117.08441   63  347  128.57210  116.43366  9.44%   590  135s
  1058  1120  116.46841   51  410  128.57210  116.44953  9.43%   576  142s
H 1065  1120                     128.5284204  116.44953  9.40%   573  142s
  1119  1244  116.46027   50  443  128.52842  116.46027  9.39%   565  145s
  1380  1465  117.59034   35  387  128.52842  116.47139  9.38%   516  150s
  1550  1635  116.81782   88  344  128.52842  116.47152  9.38%   516  156s
H 1586  1635                     128.4735671  116.47409  9.34%   518  156s
H 1812  1915                     128.4735658  116.47842  9.34%   488  161s
  2081  2073  121.22817   34  315  128.47357  116.49826  9.32%   465  176s
  2083  2074  116.92235    9  258  128.47357  116.49826  9.32%   465  180s
  2085  2076  119.27493   96  385  128.47357  116.49826  9.32%   464  185s
  2090  2079  121.19067   32  245  128.47357  116.49826  9.32%   463  197s
  2093  2081  118.56876   28  457  128.47357  116.49826  9.32%   463  203s
  2094  2082  119.75929   18  293  128.47357  116.49826  9.32%   462  216s
  2098  2084  118.35052   89  371  128.47357  116.51864  9.31%   462  223s
  2099  2085  117.46934   42  289  128.47357  116.62719  9.22%   461  235s
  2104  2088  118.05518   45  305  128.47357  116.68736  9.17%   460  245s
  2106  2090  117.52888   43  347  128.47357  116.69590  9.17%   460  250s
  2107  2090  118.53293   66  323  128.47357  116.72160  9.15%   460  260s
  2110  2092  116.73284   28  425  128.47357  116.73284  9.14%   459  265s
  2111  2093  117.52603   95  297  128.47357  116.75649  9.12%   459  276s
  2113  2094  117.26252   35  334  128.47357  116.76533  9.11%   458  281s
  2114  2095  118.41750   64  258  128.47357  116.77688  9.10%   458  288s
  2116  2096  118.18053   40  428  128.47357  116.78230  9.10%   458  292s
  2117  2097  116.81023   71  283  128.47357  116.81023  9.08%   457  299s
  2120  2099  117.82259   15  431  128.47357  116.84712  9.05%   457  304s
  2121  2100  117.66679   66  269  128.47357  116.87815  9.03%   457  310s
H 2121  1994                     128.4450883  116.87815  9.01%   457  310s
  2124  1996  118.15519   81  456  128.44509  116.89313  8.99%   456  316s
H 2124  1895                     128.4450871  116.89313  8.99%   456  320s
  2125  1895  117.45283   35  322  128.44509  116.89974  8.99%   456  326s
  2127  1897  117.76599   54  405  128.44509  116.90321  8.99%   455  330s
  2128  1897  118.02026   75  346  128.44509  116.90506  8.98%   455  336s
H 2128  1802                     128.4108107  116.90621  8.96%   455  341s
  2130  1804  126.46066   76  430  128.41081  116.91493  8.95%   455  351s
H 2130  1713                     128.4108095  116.91622  8.95%   455  355s
  2132  1714  118.12575   65  326  128.41081  116.93203  8.94%   454  362s
  2134  1715  117.64559   35  456  128.41081  116.94077  8.93%   454  366s
  2135  1716  118.31257   98  428  128.41081  116.96210  8.92%   454  372s
  2136  1717  116.96283   38  474  128.41081  116.96283  8.92%   453  376s
  2137  1717  118.05636   43  428  128.41081  116.97719  8.90%   453  381s
  2140  1719  116.98773   20  471  128.41081  116.98773  8.90%   453  387s
  2141  1720  118.80864   38  374  128.41081  116.99263  8.89%   452  397s
  2143  1721  117.12656   24  454  128.41081  117.00588  8.88%   452  400s
  2144  1722  117.02136   13  456  128.41081  117.02136  8.87%   452  406s
  2146  1723  118.37113   55  480  128.41081  117.03261  8.86%   451  410s
  2147  1724  118.59926   21  432  128.41081  117.03440  8.86%   451  415s
  2148  1725  118.08000   54  438  128.41081  117.03559  8.86%   451  420s
  2149  1725  119.92400   20  432  128.41081  117.03714  8.86%   451  430s
  2150  1726  126.41663   69  379  128.41081  117.03714  8.86%   450  441s
  2152  1730  117.04444   10  355  128.41081  117.04444  8.85%   485  475s
  2154  1733  117.05284   11  374  128.41081  117.05284  8.85%   485  495s
  2165  1739  117.11444   13  425  128.41081  117.11444  8.80%   486  501s
  2224  1764  123.40689   17  307  128.41081  117.13899  8.78%   485  505s
H 2240  1684                     128.2627235  117.13916  8.67%   483  506s
  2301  1709  117.16054   23  373  128.26272  117.15276  8.66%   482  510s
H 2305  1624                     128.2590996  117.16054  8.65%   482  510s
  2342  1664  117.16295   25  403  128.25910  117.16295  8.65%   482  515s
H 2344  1584                     128.2203859  117.16295  8.62%   482  515s
  2398  1610  117.20475   28  343  128.22039  117.16566  8.62%   480  523s
H 2402  1534                     128.2203847  117.20475  8.59%   480  523s
H 2403  1463                     128.2203846  117.20475  8.59%   480  523s
  2454  1511  117.24327   30  340  128.22038  117.21970  8.58%   479  525s
  2549  1583  119.60310   37  297  128.22038  117.29923  8.52%   478  530s
H 2703  1597                     128.2163709  117.32975  8.49%   476  533s
  2798  1693  117.50947   52  375  128.21637  117.36045  8.47%   474  536s
H 2818  1622                     128.2163698  117.36863  8.46%   475  536s
  3018  1802  122.05044   43  217  128.21637  117.38070  8.45%   466  540s
  3305  1979  117.39830   67  151  128.21637  117.39830  8.44%   452  546s
  3490  2031  117.40996   38  332  128.21637  117.40996  8.43%   446  560s
H 3491  1970                     128.2127470  117.40996  8.43%   445  560s
  3663  2192  118.50093   80  229  128.21275  117.42666  8.41%   447  565s
  3800  2158  122.80667   34  291  128.21275  117.43569  8.41%   440  570s
H 4079  2332                     128.2127470  117.44102  8.40%   429  573s
  4147  2576  119.76517   40  201  128.21275  117.44345  8.40%   426  575s
  4415  2530  123.68416   42  254  128.21275  117.44493  8.40%   412  584s
  4459  2668  124.09878   48  307  128.21275  117.45069  8.39%   415  587s
  4847  2971  124.99561   48  267  128.21275  117.45929  8.39%   404  592s
H 5209  2978                     128.2127458  117.46660  8.38%   392  594s
  5251  3336  123.34097   47  283  128.21275  117.46686  8.38%   389  597s
  5629  3588  118.22067   66  192  128.21275  117.47162  8.38%   376  600s
  6267  4126  119.51592   57  228  128.21275  117.48063  8.37%   360  606s
  7134  4976  122.21615   36  302  128.21275  117.48556  8.37%   333  613s
  7436  5137  125.75299   48  322  128.21275  117.48883  8.36%   329  617s
  7601  5672  117.48893   63  121  128.21275  117.48893  8.36%   329  620s
  8146  6168  117.52415   46  263  128.21275  117.49675  8.36%   315  625s
  9412  7448  117.51996   53  151  128.21275  117.50271  8.35%   290  634s
 10088  7583  117.51786   62  166  128.21275  117.50552  8.35%   279  642s
 10223  8152  120.95476   40  299  128.21275  117.50783  8.35%   279  646s
 10870  8848  117.81218   73  131  128.21275  117.50940  8.35%   270  651s
 11670  8862  125.18138   56  201  128.21275  117.51430  8.34%   259  664s
 11687  9787  117.82584   41  207  128.21275  117.51726  8.34%   260  670s
 12677 10560  118.91922   52  231  128.21275  117.51927  8.34%   247  676s
 13524 11613  123.91796   96  229  128.21275  117.52454  8.34%   240  682s
 14607 12248  118.96444   58  164  128.21275  117.52683  8.33%   231  687s
 15338 13220  125.20447   66  213  128.21275  117.52978  8.33%   225  693s
 16331 13999  122.68655   44  217  128.21275  117.53219  8.33%   218  699s
 17198 15068  117.53370   45  319  128.21275  117.53370  8.33%   213  705s
 19365 16153  117.53721   76  221  128.21275  117.53721  8.33%   201  718s
H19410 16153                     128.2127458  117.54010  8.32%   203  718s
 19417 17246  117.54027   78  204  128.21275  117.54027  8.32%   203  724s
 20620 19677  119.55484   60   72  128.21275  117.54521  8.32%   197  736s
 23183 20418  117.54585   51  274  128.21275  117.54585  8.32%   184  742s
 23961 21167  120.82648   52  211  128.21275  117.54585  8.32%   182  748s
 24752 21962  119.06703   55  140  128.21275  117.55022  8.32%   180  754s
 25585 22195     cutoff   82       128.21275  117.55289  8.31%   178  759s
 25892 22697  125.74809   76  121  128.21275  117.55538  8.31%   177  768s
 26432 24018  125.99655   79  138  128.21275  117.55570  8.31%   176  776s
 27814 24566  125.76587   90  177  128.21275  117.55804  8.31%   173  783s
 28442 25984  122.34516   75  122  128.21275  117.55912  8.31%   172  792s
 29959 27650  120.84050   85  125  128.21275  117.56261  8.31%   168  801s
 31722 28952  119.63857   89  109  128.21275  117.56398  8.31%   164  811s
 33111 30614  121.07174   75  111  128.21275  117.56500  8.30%   162  820s
 35060 32226  119.32953   43   99  128.21275  117.56765  8.30%   158  829s
 36824 34441  117.58870  100   90  128.21275  117.56884  8.30%   155  839s
 39169 36107  117.65021   64  252  128.21275  117.57126  8.30%   150  847s
 40890 37815  117.58672   79  139  128.21275  117.57282  8.30%   147  856s
 42870 38007  119.76008   66   45  128.21275  117.57365  8.30%   145  879s
 43073 52769  119.74517   78  107  128.21275  117.57553  8.30%   145  958s
 59089 53256  118.93195   63  228  128.21275  117.58443  8.29%   128  972s
 59627 54534  122.09594   98  110  128.21275  117.58621  8.29%   128  980s
 61047 55923  117.60358   60  254  128.21275  117.58834  8.29%   127  989s
 62518 57968  124.06147   49  209  128.21275  117.59059  8.28%   127  998s
 64685 60741  117.62624   82  212  128.21275  117.59172  8.28%   125 1016s
 67646 61787  117.87666  102  177  128.21275  117.59410  8.28%   124 1024s
 68828 63689  125.23776   56  325  128.21275  117.59575  8.28%   124 1037s
 70970 65542  117.98733   47  361  128.21275  117.59869  8.28%   123 1050s
 72974 67315  120.68503   44  218  128.21275  117.59949  8.28%   123 1062s
 75027 69276  123.90655   61  330  128.21275  117.60072  8.28%   122 1073s
 77102 71401  118.16839   72  225  128.21275  117.60198  8.28%   122 1085s
 79349 73666  118.15843   47  184  128.21275  117.60444  8.27%   121 1097s
 81734 75500  117.66354   35  241  128.21275  117.60495  8.27%   121 1110s
 83709 77218  119.28149   56  174  128.21275  117.60692  8.27%   120 1122s
 85486 79904  124.00307   83  242  128.21275  117.60903  8.27%   120 1140s
 88361 80031  117.66992   69  227  128.21275  117.61089  8.27%   119 1149s
 88512 82102  120.04035   99  272  128.21275  117.61262  8.27%   119 1162s
 90683 84032  120.37785   83  250  128.21275  117.61418  8.27%   119 1172s
 92729 85642  127.38600   92   97  128.21275  117.61510  8.27%   118 1184s
 94613 87386  118.92256  100  208  128.21275  117.61775  8.26%   118 1195s
 96508 89470  117.99617   74  149  128.21275  117.61909  8.26%   118 1207s
 98741 91501  120.48593   52  293  128.21275  117.62158  8.26%   117 1219s
 100920 92696  118.61650   58  110  128.21275  117.62166  8.26%   117 1228s
 102238 93739  125.30363   45  267  128.21275  117.62457  8.26%   117 1239s
 103328 96257  121.84962   87  168  128.21275  117.62594  8.26%   117 1253s
 106099 99489  118.71669  100  102  128.21275  117.62810  8.26%   116 1270s
 109561 101054  120.47111   83  182  128.21275  117.62921  8.25%   116 1280s
 111282 102763  118.85612   89  169  128.21275  117.63082  8.25%   116 1290s
 113202 104896  125.61111   80  257  128.21275  117.63265  8.25%   116 1300s
 115453 106618  125.12292   45  369  128.21275  117.63396  8.25%   116 1309s
 117460 108969  125.59040  104  167  128.21275  117.63619  8.25%   116 1324s
 120029 109440  117.78236   75  263  128.21275  117.63677  8.25%   115 1333s
 120691 111654  120.56009   49  309  128.21275  117.63764  8.25%   116 1344s
 121109 111654  118.40599   81  171  128.21275  117.63768  8.25%   115 1345s
 123064 113531  119.95200   97  162  128.21275  117.63855  8.25%   115 1356s
 125137 115505  120.89174   92  177  128.21275  117.63995  8.25%   115 1366s
 127275 118001  124.85193   75  275  128.21275  117.64161  8.24%   115 1384s
 130044 120158  121.85190   53  269  128.21275  117.64295  8.24%   115 1394s
 132336 122639  118.19759   85  215  128.21275  117.64535  8.24%   115 1406s
 134991 124747  118.24881   69  217  128.21275  117.64674  8.24%   114 1419s
 137227 126665  118.92899   73  316  128.21275  117.64827  8.24%   114 1433s
 139323 128141  120.93908   69  199  128.21275  117.64923  8.24%   114 1444s
 140931 129889  117.77035   58  286  128.21275  117.64986  8.24%   114 1458s
 142901 132270  117.65053   90  200  128.21275  117.65053  8.24%   114 1471s
 145420 133074  117.72864   53  285  128.21275  117.65220  8.24%   114 1482s
 146365 135090  120.26409   64  238  128.21275  117.65306  8.24%   114 1495s
 148802 137828  117.66471   55  233  128.21275  117.65415  8.24%   114 1511s
 151749 140038  127.18824  109  197  128.21275  117.65610  8.23%   113 1523s
 154080 141710  118.79873   84  221  128.21275  117.65713  8.23%   113 1535s
 155831 144054  121.85623   93  191  128.21275  117.65798  8.23%   113 1548s
 158341 146297  123.81842   88  186  128.21275  117.65901  8.23%   113 1562s
 160728 148413  123.42321   59  201  128.21275  117.66027  8.23%   113 1573s
 163089 150127  120.89040   94  225  128.21275  117.66183  8.23%   112 1586s
 165167 151824  118.23809   74  359  128.21275  117.66354  8.23%   112 1598s
 167315 154573  118.73006  118   73  128.21275  117.66462  8.23%   112 1611s
 170318 157178  118.58736   47  342  128.21275  117.66554  8.23%   112 1629s
 173116 159401  117.87588   98  153  128.21275  117.66699  8.23%   112 1643s
 175672 161759  120.18618   55  186  128.21275  117.66817  8.22%   112 1655s
 178315 163881  119.22035   97  168  128.21275  117.66881  8.22%   111 1668s
 180611 166094  121.49788  122  174  128.21275  117.67000  8.22%   111 1682s
 182999 168163  121.15544   83  278  128.21275  117.67061  8.22%   111 1694s
 185388 170191  121.15945  105  241  128.21275  117.67199  8.22%   111 1707s
 187676 172033  118.81194   99  148  128.21275  117.67293  8.22%   111 1720s
 189644 174564  128.06456   94  273  128.21275  117.67429  8.22%   111 1734s
 192450 177164  118.15721   83  132  128.21275  117.67573  8.22%   110 1751s
 195362 178911  119.50809   65  109  128.21275  117.67666  8.22%   110 1766s
 197264 181244  119.94406   72  144  128.21275  117.67830  8.22%   110 1780s
 199726 184540  120.92783   84  132  128.21275  117.67939  8.22%   110 1794s
 203223 186783  117.72359   63  230  128.21275  117.68055  8.21%   110 1808s
 205614 188910  119.85245   74  175  128.21275  117.68116  8.21%   110 1821s
 207944 190812  119.72107   71  263  128.21275  117.68233  8.21%   110 1833s
 210012 192684     cutoff   64       128.21275  117.68315  8.21%   110 1845s
 212164 194658  126.38590   70  335  128.21275  117.68429  8.21%   110 1857s
 214382 196892  117.68473   63  330  128.21275  117.68473  8.21%   110 1874s
 216803 199401  117.68516   64  317  128.21275  117.68516  8.21%   110 1888s
 219424 201114  120.82387   66  293  128.21275  117.68732  8.21%   109 1901s
 221300 203291  118.95864   55  127  128.21275  117.68942  8.21%   110 1915s
 223713 205448  121.31871  118  167  128.21275  117.69041  8.21%   109 1927s
 226109 207409  118.37903   84  145  128.21275  117.69235  8.21%   109 1942s
 228178 209423  127.07737   85  169  128.21275  117.69327  8.20%   109 1956s
 230443 211195  119.19119   77  171  128.21275  117.69535  8.20%   109 1973s
 232685 213501  122.69961   96  164  128.21275  117.69641  8.20%   109 1989s
 233307 213501  123.29969  115  127  128.21275  117.69655  8.20%   109 1990s
 235178 215303  117.79182   98  150  128.21275  117.69719  8.20%   109 2009s
 237194 218130  127.23107  106  259  128.21275  117.69879  8.20%   109 2029s
 240602 220385  121.46152   53  294  128.21275  117.70056  8.20%   109 2045s
 243043 222716  117.71050   79  164  128.21275  117.70181  8.20%   109 2062s
 245522 225039  125.81849   87  115  128.21275  117.70313  8.20%   109 2078s
 248083 227080  126.12815  170  216  128.21275  117.70440  8.20%   109 2091s
 250405 229198  123.94583  118  269  128.21275  117.70707  8.19%   110 2107s
 252923 231037     cutoff   91       128.21275  117.70776  8.19%   109 2122s
 255064 233789  120.75318  132  170  128.21275  117.70929  8.19%   110 2140s
 258103 235669  120.93100   76  325  128.21275  117.71061  8.19%   109 2157s
 260230 237941  121.15154   89  219  128.21275  117.71152  8.19%   110 2172s
 262757 240074  125.75858  100  150  128.21275  117.71347  8.19%   110 2189s
 264000 240074  125.74791   98  150  128.21275  117.71391  8.19%   110 2190s
 265431 242552  126.37090   97   69  128.21275  117.71451  8.19%   110 2207s
 268152 245299  121.01103   88  221  128.21275  117.71563  8.19%   110 2223s
 271120 247658  119.61873   63  186  128.21275  117.71744  8.19%   110 2236s
 273741 250029  118.77921   80   87  128.21275  117.71863  8.18%   110 2251s
 276363 252203  119.45174  112  306  128.21275  117.71932  8.18%   110 2265s
 278739 254606  119.89199   90  117  128.21275  117.72124  8.18%   110 2282s
 281353 256848  121.48797   50  277  128.21275  117.72179  8.18%   110 2296s
 283906 258704  118.66661   96  230  128.21275  117.72313  8.18%   110 2308s
 285953 261357     cutoff  231       128.21275  117.72352  8.18%   110 2322s
 288803 263706  125.70019   92  324  128.21275  117.72461  8.18%   110 2336s
 291330 265982  121.10003   98  177  128.21275  117.72554  8.18%   109 2349s
 293941 267987  122.69598   60  235  128.21275  117.72657  8.18%   109 2361s
 296244 269865  117.76563  109  255  128.21275  117.72794  8.18%   109 2373s
 298256 271510     cutoff   76       128.21275  117.72868  8.18%   109 2388s
 300117 273823  125.83154  106  130  128.21275  117.73005  8.18%   109 2404s
 301586 273823  118.28677  102  219  128.21275  117.73025  8.18%   109 2405s
 302662 276320  117.97412   79  205  128.21275  117.73120  8.18%   109 2418s
 305460 277967  119.98553   96  155  128.21275  117.73249  8.17%   109 2433s
 307363 280404  120.89732   82  201  128.21275  117.73310  8.17%   109 2447s
 309985 280697     cutoff   75       128.21275  117.73480  8.17%   109 2475s
 310299 282950  119.13968   80  141  128.21275  117.73511  8.17%   109 2491s
 312834 285233  118.37226   77  233  128.21275  117.73616  8.17%   109 2507s
 315383 287414  123.83608   91  258  128.21275  117.73748  8.17%   109 2520s
 317771 289273  118.52050  118  154  128.21275  117.73818  8.17%   109 2538s
 319856 291905  118.38606   73  230  128.21275  117.73884  8.17%   109 2553s
 322767 293979  126.10992   84  101  128.21275  117.74114  8.17%   109 2569s
 325004 296459  119.51025   85  111  128.21275  117.74208  8.17%   110 2587s
 327748 298909  118.12555   88  264  128.21275  117.74331  8.17%   109 2603s
 330396 301348  123.83385   74  222  128.21275  117.74441  8.16%   109 2621s
 333123 304095  126.00969   81  168  128.21275  117.74590  8.16%   109 2639s
 336198 306130     cutoff   90       128.21275  117.74699  8.16%   109 2655s
 338389 308744  119.58460   86  111  128.21275  117.74792  8.16%   109 2670s
 341426 310467  117.94197   73  222  128.21275  117.74937  8.16%   109 2684s
 343318 312964  127.46456  124  183  128.21275  117.75008  8.16%   109 2702s
 346464 314731  125.73886  151  214  128.21275  117.75129  8.16%   109 2715s
 348542 316609  120.59864  120  121  128.21275  117.75313  8.16%   109 2732s
 350702 318245  127.81815   60  125  128.21275  117.75391  8.16%   109 2749s
 352601 320122  126.02374   93  159  128.21275  117.75494  8.16%   109 2764s
 354973 322339  125.90856   42  268  128.21275  117.75568  8.16%   109 2782s
 357352 324310  118.58327  106  166  128.21275  117.75688  8.16%   109 2800s
 359512 326115  121.66558  184  123  128.21275  117.75797  8.15%   109 2817s
 361591 328116  122.17666  103  159  128.21275  117.75880  8.15%   109 2835s
 364024 330393  118.06133   61  238  128.21275  117.76000  8.15%   109 2859s
 366522 332387  117.76055   89  185  128.21275  117.76055  8.15%   109 2876s
 368814 334874  121.31504   82  190  128.21275  117.76169  8.15%   109 2895s
 371755 336738  118.34601   70  240  128.21275  117.76261  8.15%   109 2913s
 373795 338795  120.86222   72  122  128.21275  117.76384  8.15%   109 2930s
 376046 341433  128.04092  121  151  128.21275  117.76501  8.15%   109 2948s
 378940 343631     cutoff   95       128.21275  117.76629  8.15%   109 2963s
 381455 345691  121.38126   85  201  128.21275  117.76698  8.15%   109 2980s
 383865 347653  121.15293   98  200  128.21275  117.76764  8.15%   109 2995s
 386042 349731  123.15787  103  207  128.21275  117.76910  8.15%   109 3012s
 388451 352044  120.18050   70  226  128.21275  117.77005  8.14%   109 3028s
 391087 354236  119.69602   68  182  128.21275  117.77132  8.14%   109 3043s
 393544 356663  117.78650  111  268  128.21275  117.77200  8.14%   109 3056s
 396233 358845  118.23802   77  284  128.21275  117.77309  8.14%   109 3068s
 398711 359962  117.77429   38  297  128.21275  117.77429  8.14%   109 3082s
 400072 362415  128.08090   81  157  128.21275  117.77491  8.14%   109 3096s
 402811 364922  122.36230   73  172  128.21275  117.77607  8.14%   109 3110s
 405561 367130  127.30152   99  263  128.21275  117.77703  8.14%   109 3125s
 408045 369185  126.26445   65  165  128.21275  117.77786  8.14%   109 3140s
 410351 371413  125.82935   92  211  128.21275  117.77863  8.14%   109 3155s
 412893 373473     cutoff  134       128.21275  117.77927  8.14%   109 3169s
 415188 375318  120.96410  105  173  128.21275  117.78051  8.14%   109 3184s
 417270 376196  118.79848  108  231  128.21275  117.78154  8.14%   109 3198s
 418328 376302  126.96847   77  257  128.21275  117.78191  8.14%   109 3213s
 418503 377512  125.52344  100  197  128.21275  117.78224  8.14%   110 3230s
 419854 378588  121.99603  115  149  128.21275  117.78277  8.13%   110 3253s
 421174 379953     cutoff   76       128.21275  117.78320  8.13%   110 3274s
 422722 381390  117.83430  100  212  128.21275  117.78390  8.13%   110 3295s
 424332 383183  120.96916   99  179  128.21275  117.78437  8.13%   110 3316s
 426375 384892  127.35222   71  187  128.21275  117.78536  8.13%   110 3340s
 428360 386744     cutoff   92       128.21275  117.78614  8.13%   110 3361s
 430534 387635  126.49095  122  170  128.21275  117.78701  8.13%   110 3379s
 431583 389806  119.35994  199  135  128.21275  117.78778  8.13%   110 3409s
 434055 391943 infeasible   81       128.21275  117.78835  8.13%   110 3440s
 436506 394069  118.43692  107  192  128.21275  117.78938  8.13%   111 3470s
 438917 396151  118.75636  101  284  128.21275  117.79046  8.13%   111 3501s
 441319 398365  120.87055   96  179  128.21275  117.79176  8.13%   111 3532s
 443854 400609  123.28110   88  297  128.21275  117.79273  8.13%   111 3558s
 446341 402954 infeasible  108       128.21275  117.79314  8.13%   111 3585s
 449004 405257  119.94795   89  166  128.21275  117.79473  8.13%   111 3614s
 451535 406352  119.46445   80  254  128.21275  117.79648  8.12%   112 3633s
 452776 408148  124.35914   75  156  128.21275  117.79715  8.12%   112 3665s
 454798 410407  118.19790   85  335  128.21275  117.79789  8.12%   112 3693s
 457351 412317  117.81251   79  262  128.21275  117.79895  8.12%   112 3722s
 459608 414156     cutoff  127       128.21275  117.79994  8.12%   112 3755s
 461813 416223  127.18498  181  128  128.21275  117.80084  8.12%   112 3783s
 464142 419638  117.88347   86  184  128.21275  117.80251  8.12%   113 3816s
 468094 422726  125.45114  118  222  128.21275  117.80390  8.12%   113 3845s
 471591 425608  117.83019   75  120  128.21275  117.80573  8.12%   113 3872s
 474852 427063  118.10863  116  182  128.21275  117.80647  8.12%   113 3891s
 476466 430425  122.66308   74  263  128.21275  117.80677  8.12%   113 3919s
 480347 432471  120.71549   70  227  128.21275  117.80787  8.12%   113 3938s
 482656 434374  121.01313   98  309  128.21275  117.80920  8.11%   113 3957s
 484931 436375  127.10015   93  332  128.21275  117.81002  8.11%   113 3976s
 487388 438354  121.32139  109  238  128.21275  117.81161  8.11%   113 3997s
 489611 439242  120.06131   90  158  128.21275  117.81299  8.11%   114 4017s
 490622 441181 infeasible   58       128.21275  117.81400  8.11%   114 4040s
 492868 443388  118.33067  158  130  128.21275  117.81510  8.11%   114 4061s
 495666 444957  119.73176  115  240  128.21275  117.81635  8.11%   114 4081s
 497596 446015     cutoff   85       128.21275  117.81691  8.11%   114 4103s
 498961 448635  126.45102   91  213  128.21275  117.81778  8.11%   114 4128s
 501921 451067     cutoff  104       128.21275  117.81963  8.11%   115 4154s
 504750 452370  126.28775   74  176  128.21275  117.82060  8.11%   115 4181s
 506163 454689  124.79243  118  169  128.21275  117.82127  8.10%   115 4210s
 508802 457042  119.20478   78  287  128.21275  117.82261  8.10%   115 4235s
 511504 458800  126.54797  128  161  128.21275  117.82339  8.10%   116 4260s
 513586 461140  118.63739  101  149  128.21275  117.82442  8.10%   116 4286s
 516210 462029  127.65548  113  163  128.21275  117.82619  8.10%   116 4306s
 517214 465752  121.12063  109  202  128.21275  117.82700  8.10%   116 4351s
 521901 467226     cutoff  152       128.21275  117.82814  8.10%   117 4379s
 523665 468787     cutoff  138       128.21275  117.82946  8.10%   117 4411s
 525423 471681  121.22762   82  161  128.21275  117.83089  8.10%   117 4439s
 528933 474077  119.24865   96   76  128.21275  117.83170  8.10%   117 4464s
 531798 476334  127.68257  145  143  128.21275  117.83285  8.10%   117 4486s
 534518 478737  127.21799  161  201  128.21275  117.83423  8.09%   118 4508s
 537485 479449  118.46933   51  219  128.21275  117.83548  8.09%   118 4528s
 538299 484512  123.22892   69  309  128.21275  117.83606  8.09%   118 4580s
 544178 485726  121.11097   79  240  128.21275  117.83780  8.09%   118 4605s
 545547 488431  127.13735  125  265  128.21275  117.83880  8.09%   119 4631s
 548844 490806  123.40555  107  280  128.21275  117.84049  8.09%   119 4655s
 551768 492502  117.84254   94  259  128.21275  117.84177  8.09%   119 4676s
 553841 493734 infeasible   69       128.21275  117.84308  8.09%   119 4697s
 555230 496348  127.98085  130  167  128.21275  117.84358  8.09%   119 4724s
 558186 497855  121.00646  125  216  128.21275  117.84451  8.09%   119 4745s
 559871 500388  126.63596   52  214  128.21275  117.84534  8.09%   119 4771s
 562738 502549  125.93549  123  173  128.21275  117.84640  8.09%   120 4791s
 565243 504790     cutoff  101       128.21275  117.84811  8.08%   120 4813s
 567842 505808  118.30499   55  329  128.21275  117.84908  8.08%   120 4834s
 568784 505808  117.89206   94  163  128.21275  117.84947  8.08%   120 4835s
 569022 507935  117.94668   62  243  128.21275  117.84965  8.08%   120 4855s
 571618 509069  123.51717   61  388  128.21275  117.85059  8.08%   120 4876s
 572883 511779  127.65457   77  245  128.21275  117.85217  8.08%   121 4900s
 575949 514050  124.10029  103  331  128.21275  117.85329  8.08%   121 4923s
 578502 516370  121.17506  116  255  128.21275  117.85382  8.08%   121 4947s
 581236 517202  118.91931   92  149  128.21275  117.85505  8.08%   121 4966s
 582184 521684  122.99148   84  317  128.21275  117.85565  8.08%   121 5010s
 587493 522699  119.28709   83  239  128.21275  117.85733  8.08%   122 5035s
 588614 523970  121.27590  124  214  128.21275  117.85815  8.08%   122 5061s
 590131 526409 infeasible   94       128.21275  117.85948  8.08%   122 5088s
 593060 528866  118.10927  132  269  128.21275  117.86051  8.07%   122 5118s
 595905 530528  118.05735   80  183  128.21275  117.86225  8.07%   122 5146s
 598120 530949  127.57424  129  131  128.21275  117.86362  8.07%   123 5214s
 598636 532097  123.67917  158  255  128.21275  117.86383  8.07%   123 5244s
 600002 533538  118.07700  104  367  128.21275  117.86442  8.07%   123 5273s
 601701 534468  118.16786   60  320  128.21275  117.86576  8.07%   123 5293s
 602719 538439  118.07271  101  193  128.21275  117.86666  8.07%   124 5333s
 607372 539551  118.16149  109  149  128.21275  117.86770  8.07%   124 5359s
 608782 542323  124.80957  106  309  128.21275  117.86901  8.07%   124 5392s
 612070 542535  118.85997   84  187  128.21275  117.86996  8.07%   124 5440s
 612339 543857  119.05763  117  318  128.21275  117.87046  8.07%   124 5465s
 613859 546555  121.11734  103  189  128.21275  117.87121  8.07%   124 5491s
 617069 548213     cutoff   69       128.21275  117.87312  8.06%   125 5517s
 618946 551107  118.03454   57  301  128.21275  117.87415  8.06%   125 5545s
 622570 553071  121.67647  108  162  128.21275  117.87512  8.06%   125 5568s
 624839 555154  121.29431   98  230  128.21275  117.87599  8.06%   125 5593s
 627232 556470     cutoff   84       128.21275  117.87734  8.06%   125 5615s
 628910 558503  120.31496  122  201  128.21275  117.87825  8.06%   125 5638s
 631475 559596  118.14040  140  176  128.21275  117.87949  8.06%   126 5659s
 632870 562006     cutoff  185       128.21275  117.87968  8.06%   126 5684s
 635876 564334  125.30566  104  178  128.21275  117.88172  8.06%   126 5711s
 638495 565725  123.77170  137  252  128.21275  117.88264  8.06%   126 5733s
 640133 567270  119.59074  112  211  128.21275  117.88349  8.06%   126 5758s
 641947 569912     cutoff  152       128.21275  117.88443  8.06%   126 5785s
 644916 572129  121.82153  182  199  128.21275  117.88548  8.05%   126 5807s
 647561 573530  118.89084   95  216  128.21275  117.88645  8.05%   126 5828s
 649336 575494     cutoff   47       128.21275  117.88690  8.05%   126 5849s
 651566 577952  128.16438  135  137  128.21275  117.88790  8.05%   126 5871s
 654401 579523  118.48404  122  201  128.21275  117.88885  8.05%   126 5892s
 656097 580592     cutoff   95       128.21275  117.88985  8.05%   127 5914s
 657305 582723  124.78959  118  255  128.21275  117.89072  8.05%   127 5939s
 659906 584993  117.89214   51  382  128.21275  117.89214  8.05%   127 5963s
 662530 586106  120.28920  126  187  128.21275  117.89314  8.05%   127 5986s
 663836 587793  122.59401   78  333  128.21275  117.89389  8.05%   127 6009s
 663917 587793  121.20124  109  253  128.21275  117.89389  8.05%   127 6010s
 665901 588933  118.91720  129  201  128.21275  117.89488  8.05%   127 6031s
 667157 593242  123.20213  128  209  128.21275  117.89638  8.05%   127 6070s
 672174 595401 infeasible  239       128.21275  117.89753  8.05%   127 6093s
 674658 596307  121.06636   92  269  128.21275  117.89897  8.04%   128 6114s
 675745 598473     cutoff   87       128.21275  117.89975  8.04%   128 6137s
 678441 599439     cutoff  133       128.21275  117.90072  8.04%   128 6162s
 679597 601870  119.36937   79  231  128.21275  117.90131  8.04%   128 6186s
 682473 603380  118.23037   63  238  128.21275  117.90216  8.04%   128 6209s
 684218 605665     cutoff  101       128.21275  117.90302  8.04%   128 6232s
 687135 607228  118.21138   78  177  128.21275  117.90440  8.04%   128 6254s
 688899 609006  118.52988   96  165  128.21275  117.90518  8.04%   128 6279s
 690381 609006  117.97032   87  258  128.21275  117.90553  8.04%   128 6280s
 690861 612604  118.06098   64  153  128.21275  117.90595  8.04%   128 6308s
 695042 614743  118.03168   77  306  128.21275  117.90726  8.04%   128 6330s
 697655 616687  120.19009   91  262  128.21275  117.90762  8.04%   128 6350s
 699916 617774  119.82124  103  229  128.21275  117.90924  8.04%   128 6370s
 701145 619931 infeasible   90       128.21275  117.91008  8.04%   129 6392s
 703773 621910  121.17532  145  203  128.21275  117.91113  8.03%   129 6414s
 706176 623120  127.63459   58  193  128.21275  117.91250  8.03%   129 6435s
 707626 625330  118.04812  112  211  128.21275  117.91329  8.03%   129 6456s
 710302 627096  118.42725  125  238  128.21275  117.91387  8.03%   129 6473s
 712248 628551  118.20444   88  349  128.21275  117.91489  8.03%   129 6493s
 713932 630393  126.11622  127  250  128.21275  117.91595  8.03%   129 6513s
 716186 631481  127.68411   93  138  128.21275  117.91656  8.03%   129 6533s
 717500 633000  119.24789   72  159  128.21275  117.91743  8.03%   129 6556s
 719325 634330     cutoff   93       128.21275  117.91802  8.03%   130 6576s
 721019 636837  127.29890   95  265  128.21275  117.91881  8.03%   130 6601s
 724118 638348  121.43550  119  265  128.21275  117.91976  8.03%   130 6623s
 725813 641007  120.23344   89  292  128.21275  117.92027  8.03%   130 6647s
 728988 642935  119.80297   67  125  128.21275  117.92139  8.03%   130 6669s
 731324 645246  118.87430  111  223  128.21275  117.92256  8.03%   130 6689s
 734104 646881  119.59293  158  107  128.21275  117.92383  8.02%   130 6708s
 736091 648183  122.15123  166  116  128.21275  117.92383  8.02%   130 6726s
 737527 650785     cutoff  115       128.21275  117.92556  8.02%   130 6748s
 740505 652994     cutoff  131       128.21275  117.92660  8.02%   130 6770s
 743377 654894  117.98612  126  308  128.21275  117.92746  8.02%   130 6789s
 745586 657073     cutoff  109       128.21275  117.92810  8.02%   130 6807s
 748030 657967  127.30032  134  109  128.21275  117.92953  8.02%   130 6826s
 749065 659395  118.53577   55  284  128.21275  117.92996  8.02%   130 6849s
 750720 660317  126.60291  110  175  128.21275  117.93038  8.02%   130 6871s
 751777 665753  117.93110  114   76  128.21275  117.93108  8.02%   130 6904s
 758307 666732     cutoff  130       128.21275  117.93338  8.02%   130 6919s
 759425 669115  117.99268   76  291  128.21275  117.93382  8.02%   130 6936s
 762121 671534  118.56535  110   94  128.21275  117.93452  8.02%   130 6956s
 765040 672334  123.17803   95  145  128.21275  117.93587  8.02%   130 6974s
 765973 675097  124.22135   47  263  128.21275  117.93624  8.02%   131 6994s
 769097 677191     cutoff   45       128.21275  117.93788  8.01%   131 7011s
 771490 678217  121.72681  132  204  128.21275  117.93859  8.01%   131 7032s
 772706 682470     cutoff  218       128.21275  117.93938  8.01%   131 7067s
 777856 685025  127.66999  157  204  128.21275  117.94080  8.01%   131 7085s
 780862 686041  119.10076  106  167  128.21275  117.94219  8.01%   131 7102s
 782023 687497  120.61292   81  149  128.21275  117.94281  8.01%   131 7124s
 783709 690340  118.20098   69  203  128.21275  117.94336  8.01%   131 7143s
 787035 692642     cutoff   54       128.21275  117.94412  8.01%   131 7159s
 789668 693803  117.96908   64  242  128.21275  117.94518  8.01%   131 7174s
 791004 696137 infeasible  100       128.21275  117.94574  8.01%   131 7191s
 793783 696665  124.05089  107  273  128.21275  117.94688  8.01%   131 7200s

Cutting planes:
  Learned: 19
  Gomory: 133
  Lift-and-project: 14
  Cover: 436
  Implied bound: 771
  Projected implied bound: 2
  Clique: 16
  MIR: 1393
  StrongCG: 7
  Flow cover: 2616
  Flow path: 1
  GUB cover: 17
  Inf proof: 12
  Zero half: 218
  RLT: 117
  Relax-and-lift: 117
  BQP: 1
  PSD: 11

Explored 794416 nodes (103994378 simplex iterations) in 7200.18 seconds (3592.33 work units)
Thread count was 32 (of 32 available processors)

Solution count 10: 128.213 128.213 128.213 ... 128.263

Time limit reached
Best objective 1.282127458037e+02, best bound 1.179471575871e+02, gap 8.0067%
