
Gurobi 9.5.2 (linux64) logging started Fri Aug 14 20:26:01 2026

Set parameter LogFile to value "/mnt/beegfs/users/celinep/ChargeAndBreak/logs/oracle_RshortCmanyTnone_8__kwh700_gurobi.log"
Gurobi Optimizer version 9.5.2 build v9.5.2rc0 (linux64)
Thread count: 16 physical cores, 32 logical processors, using up to 32 threads
Optimize a model with 2995 rows, 1576 columns and 22395 nonzeros
Model fingerprint: 0x8464e03d
Variable types: 996 continuous, 580 integer (580 binary)
Coefficient statistics:
  Matrix range     [6e-02, 7e+02]
  Objective range  [5e-01, 1e+00]
  Bounds range     [1e+00, 3e+01]
  RHS range        [6e-03, 2e+07]

User MIP start produced solution with objective 39.9175 (0.01s)
Loaded user MIP start with objective 39.9175

Presolve removed 1133 rows and 393 columns
Presolve time: 0.14s
Presolved: 1862 rows, 1183 columns, 12937 nonzeros
Variable types: 724 continuous, 459 integer (457 binary)
Root relaxation presolve removed 48 rows and 40 columns
Root relaxation presolved: 1814 rows, 1143 columns, 12409 nonzeros


Root relaxation: objective 3.806651e+01, 1616 iterations, 0.18 seconds (0.10 work units)

    Nodes    |    Current Node    |     Objective Bounds      |     Work
 Expl Unexpl |  Obj  Depth IntInf | Incumbent    BestBd   Gap | It/Node Time

     0     0   38.08703    0   70   39.91750   38.08703  4.59%     -    0s
H    0     0                      39.4130312   38.08703  3.36%     -    0s
     0     0   38.32443    0   70   39.41303   38.32443  2.76%     -    0s
H    0     0                      38.9244276   38.32443  1.54%     -    0s
     0     0   38.42545    0   63   38.92443   38.42545  1.28%     -    1s
     0     0   38.42545    0   83   38.92443   38.42545  1.28%     -    1s
     0     0   38.44358    0   74   38.92443   38.44358  1.24%     -    1s
     0     0   38.44410    0   73   38.92443   38.44410  1.23%     -    1s
     0     0   38.44438    0   73   38.92443   38.44438  1.23%     -    1s
     0     0   38.51710    0   75   38.92443   38.51710  1.05%     -    2s
H    0     0                      38.7577609   38.51710  0.62%     -    2s
H    0     0                      38.6943010   38.51710  0.46%     -    2s

Cutting planes:
  Gomory: 5
  Lift-and-project: 10
  Cover: 5
  Implied bound: 5
  MIR: 30
  Flow cover: 20
  RLT: 3
  Relax-and-lift: 2

Explored 1 nodes (3698 simplex iterations) in 2.08 seconds (0.61 work units)
Thread count was 32 (of 32 available processors)

Solution count 6: 38.6943 38.7578 38.9244 ... 39.9175

Optimal solution found (tolerance 5.00e-03)
Best objective 3.869430104977e+01, best bound 3.851710441073e+01, gap 0.4579%
