
Gurobi 9.5.2 (linux64) logging started Wed Aug 12 00:33:08 2026

Set parameter LogFile to value "/mnt/beegfs/users/celinep/ChargeAndBreak/logs/oracle_RlongCfewTtight_21__kw150_gurobi.log"
Gurobi Optimizer version 9.5.2 build v9.5.2rc0 (linux64)
Thread count: 16 physical cores, 32 logical processors, using up to 32 threads
Optimize a model with 8040 rows, 4234 columns and 127570 nonzeros
Model fingerprint: 0xdb8cc03b
Variable types: 2671 continuous, 1563 integer (1563 binary)
Coefficient statistics:
  Matrix range     [1e-02, 2e+03]
  Objective range  [5e-01, 1e+00]
  Bounds range     [1e+00, 5e+01]
  RHS range        [1e-01, 5e+02]

User MIP start did not produce a new incumbent solution

Presolve removed 2501 rows and 798 columns
Presolve time: 2.00s
Presolved: 5539 rows, 3436 columns, 115282 nonzeros
Variable types: 2054 continuous, 1382 integer (1382 binary)
Found heuristic solution: objective 1714.9138125
Root relaxation presolve removed 154 rows and 98 columns
Root relaxation presolved: 5385 rows, 3338 columns, 88638 nonzeros


Root relaxation: objective 1.150101e+02, 3758 iterations, 1.19 seconds (0.65 work units)
Another try with MIP start

    Nodes    |    Current Node    |     Objective Bounds      |     Work
 Expl Unexpl |  Obj  Depth IntInf | Incumbent    BestBd   Gap | It/Node Time

H    0     0                     139.3450261  115.01012  17.5%     -    5s
     0     0  115.01012    0   68  139.34503  115.01012  17.5%     -    5s
     0     0  115.10309    0  113  139.34503  115.10309  17.4%     -    6s
     0     0  115.11994    0  114  139.34503  115.11994  17.4%     -    6s
     0     0  115.16044    0  194  139.34503  115.16044  17.4%     -    7s
     0     0  115.16090    0  191  139.34503  115.16090  17.4%     -    7s
     0     0  115.20235    0  240  139.34503  115.20235  17.3%     -    9s
     0     0  115.20326    0  256  139.34503  115.20326  17.3%     -    9s
     0     0  115.21012    0  215  139.34503  115.21012  17.3%     -   11s
     0     0  115.21013    0  253  139.34503  115.21013  17.3%     -   11s
     0     0  115.21278    0  235  139.34503  115.21278  17.3%     -   13s
     0     0  115.21407    0  273  139.34503  115.21407  17.3%     -   13s
     0     0  115.23123    0  208  139.34503  115.23123  17.3%     -   15s
     0     0  115.24650    0  329  139.34503  115.24650  17.3%     -   15s
     0     0  115.32515    0  160  139.34503  115.32515  17.2%     -   17s
H    0     0                     138.7607739  115.32515  16.9%     -   17s
     0     0  115.33443    0  178  138.76077  115.33443  16.9%     -   17s
     0     0  115.34463    0  252  138.76077  115.34463  16.9%     -   19s
     0     0  115.34967    0  275  138.76077  115.34967  16.9%     -   19s
     0     0  115.35439    0  274  138.76077  115.35439  16.9%     -   21s
     0     0  115.35470    0  261  138.76077  115.35470  16.9%     -   22s
     0     0  115.36202    0  306  138.76077  115.36202  16.9%     -   23s
     0     0  115.36234    0  305  138.76077  115.36234  16.9%     -   23s
     0     0  115.36300    0  306  138.76077  115.36300  16.9%     -   25s
     0     0  115.36300    0  307  138.76077  115.36300  16.9%     -   25s
     0     0  115.36387    0  307  138.76077  115.36387  16.9%     -   27s
     0     0  115.36418    0  317  138.76077  115.36418  16.9%     -   27s
     0     0  115.36459    0  254  138.76077  115.36459  16.9%     -   29s
     0     0  115.36459    0  322  138.76077  115.36459  16.9%     -   29s
     0     0  115.36605    0  298  138.76077  115.36605  16.9%     -   31s
     0     0  115.36661    0  309  138.76077  115.36661  16.9%     -   31s
     0     0  115.36752    0  320  138.76077  115.36752  16.9%     -   33s
     0     0  115.36758    0  323  138.76077  115.36758  16.9%     -   33s
     0     0  115.36810    0  323  138.76077  115.36810  16.9%     -   35s
     0     0  115.36826    0  318  138.76077  115.36826  16.9%     -   35s
     0     0  115.36831    0  318  138.76077  115.36831  16.9%     -   35s
     0     0  115.36834    0  338  138.76077  115.36834  16.9%     -   37s
     0     0  115.36834    0  195  138.76077  115.36834  16.9%     -   38s
H    0     2                     138.7536224  115.36834  16.9%     -   39s
     0     2  115.36834    0  186  138.75362  115.36834  16.9%     -   39s
     1     4  118.88392    1  145  138.75362  115.37327  16.9%  1129   40s
H   33    48                     138.3510621  115.41101  16.6%   429   43s
    63    80  115.41141    7  328  138.35106  115.41141  16.6%   401   46s
H   93    96                     127.1169745  115.42166  9.20%   397   48s
   111   128  116.11252   10  172  127.11697  115.43182  9.19%   420   50s
H  127   144                     126.9343955  115.43595  9.06%   427   51s
   182   199  118.45086   14  170  126.93440  115.45713  9.04%   444   60s
H  184   199                     126.8510621  115.45755  8.98%   440   60s
   230   247  121.49447   17  142  126.85106  115.47876  8.97%   461   66s
H  238   247                     126.8510621  115.47876  8.97%   454   66s
   263   280  115.48471   19  242  126.85106  115.48242  8.96%   467   73s
   300   317  121.52175   19  163  126.85106  115.48304  8.96%   476   78s
   316   341  115.48516   22  300  126.85106  115.48516  8.96%   481   80s
   506   554  122.44944   19  280  126.85106  115.49267  8.95%   456   85s
   966  1257  115.50109   34  301  126.85106  115.50109  8.95%   340   91s
  1373  1528  115.50628   36  328  126.85106  115.50556  8.94%   306   95s
  1739  2014  119.78192   13  192  126.85106  115.50905  8.94%   295  101s
  2541  2542  121.80184   18  195  126.85106  115.51304  8.94%   240  115s
  2544  2544  115.62941   70  118  126.85106  115.51304  8.94%   239  122s
  2551  2549  122.64612   11  122  126.85106  115.51304  8.94%   239  129s
  2554  2551  118.03519   25  249  126.85106  115.51304  8.94%   238  130s
  2557  2553  115.70484   51   63  126.85106  115.70484  8.79%   238  138s
  2559  2554  121.51874   12   63  126.85106  115.70902  8.78%   238  140s
  2562  2556  115.72151   48   57  126.85106  115.72151  8.77%   238  147s
  2563  2557  121.15783   12   75  126.85106  115.72701  8.77%   238  150s
  2565  2558  116.75505   28  206  126.85106  115.73494  8.76%   237  155s
  2567  2559  118.97075   19   87  126.85106  115.73810  8.76%   237  165s
  2569  2564  115.73810   10  229  126.85106  115.73810  8.76%   244  177s
  2571  2566  115.73810   11  223  126.85106  115.73810  8.76%   244  186s
  2575  2569  115.73810   12  158  126.85106  115.73810  8.76%   244  194s
  2582  2573  115.73810   13  148  126.85106  115.73810  8.76%   244  199s
  2593  2579  115.74693   14  155  126.85106  115.73810  8.76%   244  200s
  2609  2587  115.77562   15  255  126.85106  115.73810  8.76%   245  205s
  2657  2622  115.79039   18   66  126.85106  115.77318  8.73%   249  212s
  2707  2645  115.84122   21  119  126.85106  115.77318  8.73%   251  221s
H 2709  2513                     116.5651645  115.77318  0.68%   252  221s
H 2777  2270                     116.5398795  115.77326  0.66%   251  225s
H 2780  2153                     116.5081153  115.77726  0.63%   251  225s
H 2783  2042                     116.5022883  115.77777  0.62%   251  225s
H 2787  1936                     116.4867257  115.77777  0.61%   251  225s
  3085  1956  115.82858   54   23  116.48673  115.82858  0.56%   242  231s
  3299  1971  115.85694   46   40  116.48673  115.85588  0.54%   234  235s
  3709  2078  115.88667   71  130  116.48673  115.88667  0.52%   220  241s

Cutting planes:
  Learned: 3
  Gomory: 71
  Lift-and-project: 15
  Cover: 28
  Implied bound: 137
  Projected implied bound: 1
  Clique: 2
  MIR: 482
  StrongCG: 3
  Flow cover: 940
  Zero half: 16
  Network: 1
  RLT: 47
  Relax-and-lift: 55
  PSD: 3

Explored 3929 nodes (849588 simplex iterations) in 242.36 seconds (140.25 work units)
Thread count was 32 (of 32 available processors)

Solution count 10: 116.487 116.502 116.508 ... 138.351

Optimal solution found (tolerance 5.00e-03)
Best objective 1.164867256605e+02, best bound 1.159166108644e+02, gap 0.4894%
