
Gurobi 9.5.2 (linux64) logging started Tue Aug 11 10:44:11 2026

Set parameter LogFile to value "/mnt/beegfs/users/celinep/ChargeAndBreak/logs/oracle_RlongCfewTnone_10__diesel_gurobi.log"
Gurobi Optimizer version 9.5.2 build v9.5.2rc0 (linux64)
Thread count: 16 physical cores, 32 logical processors, using up to 32 threads
Optimize a model with 8474 rows, 4485 columns and 138144 nonzeros
Model fingerprint: 0x10ba5309
Variable types: 2824 continuous, 1661 integer (1661 binary)
Coefficient statistics:
  Matrix range     [2e-01, 2e+03]
  Objective range  [5e-01, 1e+00]
  Bounds range     [1e+00, 5e+01]
  RHS range        [2e-01, 2e+07]

User MIP start produced solution with objective 100.591 (0.02s)
Loaded user MIP start with objective 100.591

Presolve removed 4011 rows and 1564 columns
Presolve time: 0.46s
Presolved: 4463 rows, 2921 columns, 121671 nonzeros
Variable types: 1681 continuous, 1240 integer (1240 binary)
Root relaxation presolve removed 50 rows and 0 columns
Root relaxation presolved: 4413 rows, 2921 columns, 96053 nonzeros


Root relaxation: objective 9.842465e+01, 2901 iterations, 0.31 seconds (0.62 work units)

    Nodes    |    Current Node    |     Objective Bounds      |     Work
 Expl Unexpl |  Obj  Depth IntInf | Incumbent    BestBd   Gap | It/Node Time

     0     0   98.42465    0   19  100.59131   98.42465  2.15%     -    1s
     0     0   98.42465    0   33  100.59131   98.42465  2.15%     -    1s
H    0     0                     100.4246483   98.42465  1.99%     -    1s
     0     0   98.42465    0   14  100.42465   98.42465  1.99%     -    2s
     0     0   98.42465    0   14  100.42465   98.42465  1.99%     -    2s
     0     0   98.42465    0    7  100.42465   98.42465  1.99%     -    2s
     0     0   98.42465    0   12  100.42465   98.42465  1.99%     -    2s
     0     0   98.42465    0   13  100.42465   98.42465  1.99%     -    2s
     0     0   98.42465    0    7  100.42465   98.42465  1.99%     -    3s
     0     0   98.42465    0   16  100.42465   98.42465  1.99%     -    3s
     0     0   98.42465    0   19  100.42465   98.42465  1.99%     -    3s
     0     0   98.42465    0   19  100.42465   98.42465  1.99%     -    3s
     0     0   98.42465    0   23  100.42465   98.42465  1.99%     -    5s
     0     0   98.42465    0   33  100.42465   98.42465  1.99%     -    5s
     0     0   98.42465    0   36  100.42465   98.42465  1.99%     -    6s
     0     0   98.42465    0   26  100.42465   98.42465  1.99%     -    6s
     0     0   98.42465    0   25  100.42465   98.42465  1.99%     -    6s
     0     0   98.42465    0   25  100.42465   98.42465  1.99%     -    7s
     0     0   98.42465    0   27  100.42465   98.42465  1.99%     -    7s
     0     0   98.42465    0   14  100.42465   98.42465  1.99%     -    8s
     0     0   98.42465    0   12  100.42465   98.42465  1.99%     -    8s
     0     0   98.42465    0   33  100.42465   98.42465  1.99%     -    8s
     0     0   98.42465    0   30  100.42465   98.42465  1.99%     -    8s
     0     0   98.42465    0   23  100.42465   98.42465  1.99%     -    9s
     0     0   98.42465    0   24  100.42465   98.42465  1.99%     -   10s
     0     0   98.42465    0   18  100.42465   98.42465  1.99%     -   10s
     0     0   98.42465    0   45  100.42465   98.42465  1.99%     -   14s
     0     0   98.42465    0   59  100.42465   98.42465  1.99%     -   15s
     0     0   98.42465    0   54  100.42465   98.42465  1.99%     -   15s
     0     0   98.42465    0   29  100.42465   98.42465  1.99%     -   16s
     0     0   98.42465    0   41  100.42465   98.42465  1.99%     -   16s
     0     0   98.42465    0   27  100.42465   98.42465  1.99%     -   17s
     0     0   98.42465    0   31  100.42465   98.42465  1.99%     -   17s
     0     0   98.42465    0   15  100.42465   98.42465  1.99%     -   18s
     0     0   98.42465    0   29  100.42465   98.42465  1.99%     -   18s
     0     0   98.42465    0   20  100.42465   98.42465  1.99%     -   19s
     0     0   98.42465    0   22  100.42465   98.42465  1.99%     -   19s
     0     0   98.42465    0   24  100.42465   98.42465  1.99%     -   20s
     0     0   98.42465    0   24  100.42465   98.42465  1.99%     -   20s
H    0     0                     100.2579817   98.42465  1.83%     -   20s
     0     2   98.42465    0   18  100.25798   98.42465  1.83%     -   21s
    63    74   98.42465    7   54  100.25798   98.42465  1.83%   116   25s
   203   179   98.42465   14   36  100.25798   98.42465  1.83%   151   38s
H  204   179                      99.5079817   98.42465  1.09%   150   38s
H  206   179                      99.5079817   98.42465  1.09%   152   38s
   224   190   98.58213   15  140   99.50798   98.42465  1.09%   154   42s
   310   249   98.58484   20   91   99.50798   98.42465  1.09%   174   45s
   993  1093 infeasible   49        99.50798   98.42465  1.09%   151   50s
  2059  1455   98.52082   13   45   99.50798   98.42465  1.09%   128   55s
  2064  1459   98.59132   46   49   99.50798   98.42465  1.09%   128   60s
  2067  1461   98.46070   36   50   99.50798   98.46070  1.05%   127   66s
  2071  1468   98.46070   14   66   99.50798   98.46070  1.05%   133   70s
  2083  1479   98.46070   16   60   99.50798   98.46070  1.05%   134   75s
  2184  1530   98.46070   22  126   99.50798   98.46070  1.05%   144   80s
  2249  1561   98.70834   25  138   99.50798   98.46070  1.05%   146   91s
  2315  1585   98.49755   27  104   99.50798   98.46070  1.05%   148   96s
H 2319  1510                      99.5079812   98.46070  1.05%   148   96s
  2463  1609   98.49995   31  108   99.50798   98.46070  1.05%   152  100s
  2890  1866   98.87572   27  100   99.50798   98.59132  0.92%   171  105s
  3327  2061   98.72711   46   43   99.50798   98.59132  0.92%   173  112s
  3620  2295   99.03490   50  103   99.50798   98.59132  0.92%   173  115s
  4450  2835   98.80002   55   81   99.50798   98.59321  0.92%   164  120s
  5357  3380 infeasible   27        99.50798   98.62145  0.89%   154  125s
  6119  4115   99.11357   73  112   99.50798   98.63086  0.88%   150  132s
  6717  4748   98.63604   30  121   99.50798   98.63604  0.88%   146  135s
  7950  5511   98.64206   27   93   99.50798   98.64206  0.87%   137  141s
  8934  6202   98.79895   45   55   99.50798   98.64571  0.87%   132  146s
 10071  7198   98.97772   30   80   99.50798   98.66296  0.85%   125  150s
 11581  8446   99.10574   23  117   99.50798   98.67947  0.83%   116  155s
 13218  9553 infeasible   43        99.50798   98.69764  0.81%   108  160s
 14624 10582   99.00798   33  127   99.50798   98.71496  0.80%   104  166s
 16306 11271   98.77392   53   89   99.50798   98.72276  0.79%  99.0  184s
 16335 12302   98.73409   33  128   99.50798   98.72351  0.79%  99.2  187s
 17590 13208   98.72715   36    9   99.50798   98.72558  0.79%  95.0  191s
 20090 14713     cutoff   29        99.50798   98.73533  0.78%  89.0  197s
 21094 16047   98.74715   37   84   99.50798   98.74164  0.77%  87.0  203s
 22790 16815   98.95634   34  113   99.50798   98.75798  0.75%  85.1  207s
 23628 17325   98.92606   64   16   99.50798   98.75798  0.75%  86.0  210s
 24625 18695   98.83609   24   63   99.50798   98.75798  0.75%  88.4  219s
 25799 20073   98.75798   45   85   99.50798   98.75798  0.75%  89.0  224s
 27446 21311   98.89371   43   11   99.50798   98.75798  0.75%  89.2  229s
 28838 22850   98.96829   43   52   99.50798   98.75798  0.75%  90.1  234s
 30657 24589   99.29911   48   70   99.50798   98.75798  0.75%  90.2  240s
 32651 28092   99.23767   51   68   99.50798   98.75798  0.75%  90.1  248s
 36603 29594   98.75812   57   86   99.50798   98.75807  0.75%  86.4  255s
 38309 31546   98.75951   58   90   99.50798   98.75822  0.75%  85.9  264s
 40710 34208   98.99259   39  123   99.50798   98.76249  0.75%  84.8  274s
 44028 36574   98.76249   48  118   99.50798   98.76249  0.75%  83.4  285s
 46913 36584 infeasible   55        99.50798   98.76249  0.75%  82.4  302s
 46935 37737   99.18592   68   86   99.50798   98.76390  0.75%  82.5  308s
 48454 38609   99.41906   42   25   99.50798   98.77398  0.74%  81.7  317s
 49537 40376   99.10118   68   25   99.50798   98.77621  0.74%  81.2  326s
 51974 41912   99.09741   34   92   99.50798   98.77882  0.73%  81.0  335s
 54132 43556   99.29872   30  136   99.50798   98.78025  0.73%  80.2  341s
 56474 46005   98.78946   71   55   99.50798   98.78946  0.72%  79.5  351s
 59767 47997   98.81163   35   16   99.50798   98.79356  0.72%  78.6  360s
 62679 51180   98.81213   29   27   99.50798   98.79918  0.71%  77.3  370s
 67095 55276   99.20854   38   71   99.50798   98.80387  0.71%  74.9  384s
 72556 56114   99.19397   46   77   99.50798   98.80867  0.70%  72.9  389s
 73363 56114   99.23942   58   46   99.50798   98.80874  0.70%  73.0  390s
 73567 58450   98.93829   51   95   99.50798   98.80875  0.70%  73.0  396s
 76407 59981   98.81918   54   27   99.50798   98.80875  0.70%  72.5  403s
 78498 62267   98.99318   42   51   99.50798   98.80899  0.70%  72.1  412s
 81831 63691   98.81333   71   63   99.50798   98.81333  0.70%  70.8  420s
 84075 65822   99.25408   39   11   99.50798   98.81869  0.69%  70.2  431s
 87439 67902   99.12900   64   51   99.50798   98.82288  0.69%  69.1  440s
 90380 70475     cutoff   78        99.50798   98.82424  0.69%  68.3  455s
 94051 72552   99.23892   43  160   99.50798   98.82689  0.68%  67.3  464s
 95169 72552   98.85702   39   65   99.50798   98.82762  0.68%  66.9  465s
 97146 75219   99.26598   43   47   99.50798   98.82861  0.68%  66.4  474s
 101152 77031   99.44071   26    5   99.50798   98.83524  0.68%  65.1  483s
 104038 78420   98.84259   24  111   99.50798   98.83730  0.67%  64.5  490s
 106017 79630   99.22841   31  103   99.50798   98.83800  0.67%  64.5  499s
 107843 80952   99.06767   34   32   99.50798   98.84131  0.67%  64.7  509s
 110079 83657     cutoff   44        99.50798   98.84383  0.67%  64.5  521s
 114592 85682     cutoff   60        99.50798   98.84769  0.66%  63.2  536s
 118112 88208   99.17637   48   14   99.50798   98.85213  0.66%  62.6  546s
 121744 90419     cutoff   61        99.50798   98.85432  0.66%  61.8  556s
 124981 92146   99.21720   60    6   99.50798   98.85619  0.66%  61.3  565s
 127806 94574   99.17882   52   27   99.50798   98.85863  0.65%  60.8  575s
 131637 95951     cutoff   61        99.50798   98.86068  0.65%  59.9  583s
 133881 97953 infeasible   52        99.50798   98.86375  0.65%  59.4  592s
 137622 100320 infeasible   44        99.50798   98.86604  0.65%  58.6  607s
 142837 101468     cutoff   31        99.50798   98.86992  0.64%  57.5  613s
 144690 103059   99.24662   47   25   99.50798   98.87105  0.64%  57.2  620s
 147191 104269   98.88264   74   39   99.50798   98.87214  0.64%  56.8  626s
 149290 106561   98.87374   68   43   99.50798   98.87374  0.64%  56.5  634s
 149666 106561   98.93185   71   50   99.50798   98.87374  0.64%  56.5  635s
 152983 108130     cutoff   72        99.50798   98.87574  0.64%  55.8  643s
 155956 109236     cutoff   64        99.50798   98.87844  0.63%  55.4  651s
 157881 110818     cutoff   58        99.50798   98.88011  0.63%  55.2  659s
 160340 113289 infeasible   73        99.50798   98.88130  0.63%  55.0  672s
 164566 114674   99.19516   75   50   99.50798   98.88204  0.63%  54.5  681s
 166971 116852   99.24173   38   30   99.50798   98.88574  0.63%  54.2  691s
 170795 118002   99.03507   61   46   99.50798   98.88752  0.62%  53.6  699s
 173046 120051   99.34742   59   45   99.50798   98.88965  0.62%  53.3  708s
 176480 121701     cutoff   52        99.50798   98.89301  0.62%  52.9  717s
 178959 123577   99.05728   48   58   99.50798   98.89317  0.62%  52.6  726s
 182233 126281   99.15122   53   82   99.50798   98.89442  0.62%  52.3  740s
 186843 127372   99.27502   50   43   99.50798   98.89973  0.61%  51.8  749s
 188822 129475 infeasible   40        99.50798   98.90075  0.61%  51.6  758s
 192702 130638   99.07201   49   21   99.50798   98.90468  0.61%  51.1  765s
 195194 132723     cutoff   74        99.50798   98.90645  0.60%  50.7  773s
 198604 135533   99.28843   65    6   99.50798   98.90741  0.60%  50.3  782s
 202706 139417     cutoff   38        99.50798   98.90937  0.60%  49.7  796s
 209073 140265   99.32587   39   32   99.50798   98.91162  0.60%  48.7  801s
 210745 142573   99.08963   67   44   99.50798   98.91239  0.60%  48.5  806s
 214297 143551     cutoff   25        99.50798   98.91353  0.60%  48.0  812s
 216099 144350     cutoff   50        99.50798   98.91442  0.60%  47.8  817s
 217729 146211   99.00876   55    8   99.50798   98.91532  0.60%  47.7  824s
 220762 146962 infeasible   49        99.50798   98.91644  0.59%  47.4  830s
 222703 148435     cutoff   41        99.50798   98.91742  0.59%  47.2  836s
 225689 150205 infeasible   39        99.50798   98.91873  0.59%  46.9  847s
 229023 152210   98.96604   54   47   99.50798   98.92055  0.59%  46.6  857s
 233088 153806     cutoff   45        99.50798   98.92240  0.59%  46.2  865s
 236278 154678   98.92510   52   86   99.50798   98.92327  0.59%  46.0  871s
 238096 155029   99.34238   68  128   99.50798   98.92465  0.59%  46.1  877s
 238771 155902 infeasible   40        99.50798   98.92465  0.59%  46.5  884s
 239072 155902   98.95309   46    6   99.50798   98.92465  0.59%  46.6  885s
 240793 157655     cutoff   61        99.50798   98.92470  0.59%  46.5  894s
 244111 158718   98.93650   53   42   99.50798   98.92682  0.58%  46.2  903s
 246904 161594   99.13145   44   62   99.50798   98.92775  0.58%  46.0  916s
 252633 162079 infeasible   60        99.50798   98.93036  0.58%  45.4  923s
 254616 162596     cutoff   50        99.50798   98.93198  0.58%  45.3  930s
 256781 163081     cutoff   51        99.50798   98.93333  0.58%  45.1  938s
H257600 163081                      99.5079812   98.93351  0.58%  45.1  938s
 258795 164481     cutoff   64        99.50798   98.93434  0.58%  45.0  946s
 261780 165391   99.20425   53   27   99.50798   98.93718  0.57%  44.7  954s
 264210 167244     cutoff   40        99.50798   98.93752  0.57%  44.6  964s
 268342 170115 infeasible   53        99.50798   98.93989  0.57%  44.2  979s
 274496 170889   99.02940   86   23   99.50798   98.94301  0.57%  43.7  988s
 276198 171823   99.44602   41   33   99.50798   98.94404  0.57%  43.5  995s
 278468 173649   99.26244   62   64   99.50798   98.94452  0.57%  43.4 1005s
 282173 174342 infeasible   67        99.50798   98.94676  0.56%  43.1 1014s
 284408 175335 infeasible   48        99.50798   98.94793  0.56%  43.0 1023s
 287839 175851   99.36584   55   32   99.50798   98.94920  0.56%  42.8 1031s
 290262 177108     cutoff   54        99.50798   98.95011  0.56%  42.6 1045s
 295092 177725   98.96860   55   18   99.50798   98.95294  0.56%  42.3 1054s
 297357 177725     cutoff   78        99.50798   98.95316  0.56%  42.1 1055s
 297631 179177     cutoff   74        99.50798   98.95392  0.56%  42.1 1065s
 300519 181094 infeasible   70        99.50798   98.95509  0.56%  41.9 1076s
 304276 182307     cutoff   34        99.50798   98.95593  0.55%  41.7 1085s
 307241 183161     cutoff   55        99.50798   98.95778  0.55%  41.5 1095s
 310055 184100     cutoff   40        99.50798   98.95955  0.55%  41.4 1105s
 313131 185468     cutoff   23        99.50798   98.96077  0.55%  41.2 1121s
 317217 186611     cutoff   64        99.50798   98.96220  0.55%  40.9 1137s
 321615 187508     cutoff   38        99.50798   98.96356  0.55%  40.7 1148s
 324475 189684   99.31805   83   31   99.50798   98.96560  0.55%  40.6 1160s
 329725 190567   99.35074   74   21   99.50798   98.96720  0.54%  40.3 1170s
 332501 192324     cutoff   47        99.50798   98.96887  0.54%  40.1 1182s
 337086 193749     cutoff   52        99.50798   98.97034  0.54%  39.9 1197s
 341215 196039   99.32477   55   43   99.50798   98.97227  0.54%  39.6 1208s
 346701 196783   98.97467   57   94   99.50798   98.97374  0.54%  39.4 1215s
 349712 198255 infeasible   61        99.50798   98.97463  0.54%  39.2 1225s
 354139 198747 infeasible   42        99.50798   98.97607  0.53%  39.0 1233s
 356840 200467   98.97768   39  128   99.50798   98.97768  0.53%  38.9 1242s
 361393 201053     cutoff   70        99.50798   98.97908  0.53%  38.7 1257s
 365354 202399 infeasible   66        99.50798   98.98142  0.53%  38.6 1269s
 367354 202399     cutoff   48        99.50798   98.98150  0.53%  38.5 1270s
 370721 203135   99.18588   66   17   99.50798   98.98384  0.53%  38.4 1281s
 373629 204738     cutoff   63        99.50798   98.98486  0.53%  38.3 1294s
 378614 205436 infeasible   52        99.50798   98.98682  0.52%  38.1 1307s
 381520 205488     cutoff   51        99.50798   98.98826  0.52%  38.0 1336s
 381821 206647   99.02003   52   48   99.50798   98.98855  0.52%  38.0 1352s
 385821 207674 infeasible   71        99.50798   98.99010  0.52%  37.8 1366s
 389250 208958   99.23288   79    7   99.50798   98.99169  0.52%  37.8 1383s
 394985 209742     cutoff   71        99.50798   98.99356  0.52%  37.6 1398s
 398517 210531     cutoff   55        99.50798   98.99587  0.51%  37.5 1414s
 402257 210531   99.39952   75   66   99.50798   98.99648  0.51%  37.4 1415s
 402542 212493     cutoff   47        99.50798   98.99791  0.51%  37.4 1434s
 405036 212493   99.00181   71   20   99.50798   98.99796  0.51%  37.3 1435s
 408455 213330   99.01677   55   37   99.50798   99.00051  0.51%  37.2 1448s
 411375 214242     cutoff   58        99.50798   99.00200  0.51%  37.1 1462s
 414756 214234   99.18125   41   23   99.50798   99.00361  0.51%  37.0 1507s
 414798 215486     cutoff   46        99.50798   99.00380  0.51%  37.0 1521s
 418287 215641   99.00619  102   84   99.50798   99.00490  0.51%  36.9 1536s
 421860 215521     cutoff   62        99.50798   99.00634  0.50%  36.8 1551s
 425164 215660     cutoff   43        99.50798   99.00798  0.50%  37.0 1570s
 429558 215584     cutoff   45        99.50798   99.00976  0.50%  36.9 1588s

Cutting planes:
  Gomory: 117
  Lift-and-project: 25
  Cover: 648
  Implied bound: 1366
  Projected implied bound: 8
  Clique: 25
  MIR: 1175
  StrongCG: 2
  Flow cover: 1901
  Flow path: 1
  GUB cover: 6
  Inf proof: 41
  Zero half: 50
  RLT: 105
  Relax-and-lift: 370

Explored 435088 nodes (16067242 simplex iterations) in 1590.20 seconds (441.80 work units)
Thread count was 32 (of 32 available processors)

Solution count 7: 99.508 99.508 99.508 ... 100.591

Optimal solution found (tolerance 5.00e-03)
Best objective 9.950798166667e+01, best bound 9.901279676194e+01, gap 0.4976%
