
Gurobi 9.5.2 (linux64) logging started Fri Aug 14 05:25:43 2026

Set parameter LogFile to value "/mnt/beegfs/users/celinep/ChargeAndBreak/logs/oracle_RlongCmanyTtight_14__kwh700_gurobi.log"
Gurobi Optimizer version 9.5.2 build v9.5.2rc0 (linux64)
Thread count: 16 physical cores, 32 logical processors, using up to 32 threads
Optimize a model with 8098 rows, 4268 columns and 130280 nonzeros
Model fingerprint: 0xa9de4abe
Variable types: 2692 continuous, 1576 integer (1576 binary)
Coefficient statistics:
  Matrix range     [3e-02, 2e+03]
  Objective range  [5e-01, 1e+00]
  Bounds range     [1e+00, 5e+01]
  RHS range        [1e-02, 7e+02]

User MIP start did not produce a new incumbent solution

Presolve removed 2549 rows and 814 columns
Presolve time: 1.69s
Presolved: 5549 rows, 3454 columns, 117775 nonzeros
Variable types: 2059 continuous, 1395 integer (1395 binary)
Found heuristic solution: objective 1738.9803391
Found heuristic solution: objective 1357.1138194
Root relaxation presolve removed 151 rows and 93 columns
Root relaxation presolved: 5398 rows, 3361 columns, 89631 nonzeros


Root relaxation: objective 8.963536e+01, 4629 iterations, 1.12 seconds (0.76 work units)
Another try with MIP start

    Nodes    |    Current Node    |     Objective Bounds      |     Work
 Expl Unexpl |  Obj  Depth IntInf | Incumbent    BestBd   Gap | It/Node Time

     0     0   89.63536    0  334 1357.11382   89.63536  93.4%     -    4s
     0     0   91.36785    0  352 1357.11382   91.36785  93.3%     -    6s
     0     0   91.37484    0  344 1357.11382   91.37484  93.3%     -    7s
     0     0   91.37492    0  344 1357.11382   91.37492  93.3%     -    7s
     0     0   91.51910    0  345 1357.11382   91.51910  93.3%     -    9s
     0     0   91.53124    0  391 1357.11382   91.53124  93.3%     -    9s
     0     0   91.53312    0  391 1357.11382   91.53312  93.3%     -    9s
     0     0   91.53315    0  391 1357.11382   91.53315  93.3%     -   10s
     0     0   91.94376    0  345 1357.11382   91.94376  93.2%     -   12s
     0     0   91.97643    0  366 1357.11382   91.97643  93.2%     -   12s
     0     0   91.97847    0  376 1357.11382   91.97847  93.2%     -   13s
     0     0   91.97958    0  378 1357.11382   91.97958  93.2%     -   13s
     0     0   91.97976    0  388 1357.11382   91.97976  93.2%     -   13s
     0     0   92.18286    0  453 1357.11382   92.18286  93.2%     -   15s
     0     0   92.20067    0  361 1357.11382   92.20067  93.2%     -   15s
     0     0   92.20670    0  384 1357.11382   92.20670  93.2%     -   15s
     0     0   92.20672    0  383 1357.11382   92.20672  93.2%     -   16s
H    0     0                     165.9239094   92.20672  44.4%     -   18s
     0     0   92.27138    0  371  165.92391   92.27138  44.4%     -   19s
     0     0   92.28267    0  394  165.92391   92.28267  44.4%     -   19s
     0     0   92.28495    0  420  165.92391   92.28495  44.4%     -   20s
     0     0   92.28518    0  441  165.92391   92.28518  44.4%     -   20s
     0     0   92.41045    0  376  165.92391   92.41045  44.3%     -   22s
     0     0   92.42893    0  407  165.92391   92.42893  44.3%     -   23s
     0     0   92.43114    0  414  165.92391   92.43114  44.3%     -   23s
     0     0   92.43140    0  417  165.92391   92.43140  44.3%     -   23s
     0     0   92.99397    0  371  165.92391   92.99397  44.0%     -   26s
H    0     0                     163.7560852   92.99397  43.2%     -   27s
     0     0   93.11418    0  475  163.75609   93.11418  43.1%     -   27s
     0     0   93.12111    0  469  163.75609   93.12111  43.1%     -   27s
     0     0   93.12251    0  478  163.75609   93.12251  43.1%     -   27s
     0     0   93.12315    0  478  163.75609   93.12315  43.1%     -   27s
     0     0   93.24853    0  323  163.75609   93.24853  43.1%     -   29s
H    0     0                     130.2582955   93.28603  28.4%     -   30s
     0     0   93.28603    0  457  130.25830   93.28603  28.4%     -   30s
     0     0   93.29067    0  449  130.25830   93.29067  28.4%     -   30s
     0     0   93.29152    0  429  130.25830   93.29152  28.4%     -   31s
     0     0   93.29217    0  460  130.25830   93.29217  28.4%     -   31s
H    0     0                     129.8804722   93.29217  28.2%     -   33s
     0     0   93.31994    0  397  129.88047   93.31994  28.1%     -   33s
     0     0   93.32669    0  479  129.88047   93.32669  28.1%     -   34s
     0     0   93.32671    0  479  129.88047   93.32671  28.1%     -   34s
H    0     0                     129.2150661   93.32671  27.8%     -   36s
     0     0   93.36678    0  346  129.21507   93.36678  27.7%     -   36s
     0     0   93.37058    0  383  129.21507   93.37058  27.7%     -   37s
     0     0   93.37119    0  382  129.21507   93.37119  27.7%     -   37s
H    0     0                     129.1969951   93.37119  27.7%     -   39s
     0     0   93.38915    0  389  129.19700   93.38915  27.7%     -   39s
H    0     0                     123.7058773   93.39366  24.5%     -   40s
     0     0   93.39366    0  420  123.70588   93.39366  24.5%     -   40s
     0     0   93.39434    0  429  123.70588   93.39434  24.5%     -   40s
     0     0   93.40325    0  376  123.70588   93.40325  24.5%     -   42s
     0     0   93.40629    0  377  123.70588   93.40629  24.5%     -   43s
     0     0   93.40703    0  394  123.70588   93.40703  24.5%     -   43s
     0     0   93.41142    0  416  123.70588   93.41142  24.5%     -   45s
H    0     0                     108.8653816   93.41142  14.2%     -   45s
     0     0   93.41265    0  370  108.86538   93.41265  14.2%     -   45s
     0     0   93.41303    0  378  108.86538   93.41303  14.2%     -   45s
     0     0   93.43407    0  424  108.86538   93.43407  14.2%     -   47s
     0     0   93.43440    0  425  108.86538   93.43440  14.2%     -   47s
     0     0   93.43659    0  408  108.86538   93.43659  14.2%     -   50s
H    0     0                     108.7612336   93.43659  14.1%     -   50s
     0     0   93.43848    0  418  108.76123   93.43848  14.1%     -   50s
     0     0   93.43876    0  430  108.76123   93.43876  14.1%     -   50s
     0     0   93.44840    0  405  108.76123   93.44840  14.1%     -   53s
     0     0   93.44985    0  368  108.76123   93.44985  14.1%     -   53s
     0     0   93.45145    0  411  108.76123   93.45145  14.1%     -   53s
     0     0   93.45193    0  447  108.76123   93.45193  14.1%     -   53s
     0     0   93.45344    0  401  108.76123   93.45344  14.1%     -   55s
H    0     0                     108.7256284   93.45344  14.0%     -   56s
     0     0   93.45358    0  416  108.72563   93.45358  14.0%     -   56s
     0     0   93.45589    0  420  108.72563   93.45589  14.0%     -   59s
     0     0   93.45589    0  343  108.72563   93.45589  14.0%     -   61s
H    0     0                     108.5089049   93.45589  13.9%     -   61s
     0     2   93.45589    0  332  108.50890   93.45589  13.9%     -   62s
     7    16   94.48214    3  362  108.50890   93.50973  13.8%   500   66s
H   42    48                     108.4426590   93.67065  13.6%   613   69s
H   44    48                     107.6578891   93.67065  13.0%   606   70s
    63    80   94.07480    7  350  107.65789   93.72401  12.9%   628   75s
H   79    96                     104.2401728   93.79659  10.0%   600   78s
H   79    96                     104.1236833   93.79659  9.92%   600   78s
H   84    96                     104.1084161   93.80351  9.90%   613   78s
    95   112   93.84139    9  373  104.10842   93.80358  9.90%   638   80s
H  127   144                     103.9374761   93.85725  9.70%   629   91s
H  133   144                     103.7046815   93.89868  9.46%   630   91s
H  135   144                     103.6784497   93.89868  9.43%   626   91s
   160   174   94.41285   13  351  103.67845   93.94207  9.39%   645   95s
H  199   213                     103.0324847   94.07404  8.69%   653  107s
H  200   213                     102.8978793   94.08357  8.57%   655  107s
   215   228   94.10666   17  404  102.89788   94.09220  8.56%   662  110s
   264   278   95.70174   19  320  102.89788   94.32676  8.33%   699  116s
   298   323   94.53574   21  432  102.89788   94.41992  8.24%   703  120s
   352   394   94.72067   20  332  102.89788   94.54343  8.12%   689  125s
   488   510   94.66014    7  311  102.89788   94.62729  8.04%   611  131s
   560   588   94.91885    9  316  102.89788   94.67571  7.99%   612  135s
   652   724   94.77404   22  341  102.89788   94.74517  7.92%   584  140s
   836   879     cutoff    9       102.89788   94.78477  7.88%   507  145s
   985  1057   95.74882   29  254  102.89788   94.83596  7.83%   474  150s
  1301  1389   94.85947   51  311  102.89788   94.85947  7.81%   390  156s
  1561  1584   95.32359   21  274  102.89788   94.94184  7.73%   352  162s
  1655  1730   94.95389   20  346  102.89788   94.95389  7.72%   347  165s
  1896  1980   95.18824   26  300  102.89788   94.99619  7.68%   324  170s
  2072  1981   99.07015   22  343  102.89788   95.01631  7.66%   309  197s
  2074  1982   95.09374   10  334  102.89788   95.01631  7.66%   309  202s
  2075  1983   99.57674   19  252  102.89788   95.01631  7.66%   309  205s
  2081  1987   95.05402   26  318  102.89788   95.01631  7.66%   308  216s
  2083  1988   95.08902   22  242  102.89788   95.01631  7.66%   307  225s
  2085  1990   99.07015   21  371  102.89788   95.01631  7.66%   307  230s
  2086  1990   99.58439   19  397  102.89788   95.01631  7.66%   307  238s
  2087  1991   96.65856   24  420  102.89788   95.01631  7.66%   307  243s
  2088  1992   96.05678   12  249  102.89788   95.01631  7.66%   307  250s
  2090  1993   99.66131   21  218  102.89788   95.01631  7.66%   306  256s
  2091  1997   95.01631   13  274  102.89788   95.01631  7.66%   314  269s
  2093  2000   95.01631   14  337  102.89788   95.01631  7.66%   315  288s
  2097  2005   95.01631   15  306  102.89788   95.01631  7.66%   317  292s
  2105  2012   95.01631   16  297  102.89788   95.01631  7.66%   319  295s
  2151  2032   95.19192   19  334  102.89788   95.01631  7.66%   340  303s
  2167  2041   95.53348   20  337  102.89788   95.19232  7.49%   343  305s
H 2174  1939                     102.1880290   95.34100  6.70%   344  305s
H 2175  1844                     102.0213624   95.34100  6.55%   344  305s
  2223  1844   95.41784   23  339  102.02136   95.41784  6.47%   352  312s
H 2227  1751                     101.9575922   95.41785  6.41%   353  312s
  2239  1766   95.84191   24  349  101.95759   95.41820  6.41%   353  317s
  2291  1787   96.11621   26  389  101.95759   95.43803  6.39%   359  327s
  2307  1806   95.57198   28  377  101.95759   95.43853  6.39%   363  332s
  2333  1810   98.18796   29  265  101.95759   95.46192  6.37%   365  341s
  2351  1830   95.46742   31  344  101.95759   95.46742  6.37%   366  349s
  2389  1847   95.46984   33  344  101.95759   95.46747  6.37%   366  350s
  2464  1882   95.52741   36  294  101.95759   95.47653  6.36%   368  358s
  2507  1902   95.54907   39  371  101.95759   95.49592  6.34%   368  361s
  2588  1946   96.04543   41  207  101.95759   95.62304  6.21%   371  372s
  2627  1966   95.84441   43  343  101.95759   95.67465  6.16%   373  376s
  2676  1985  100.25671   45  248  101.95759   95.77743  6.06%   374  380s
  2775  2012   97.31131   50  331  101.95759   95.84918  5.99%   377  395s
  2866  2090   97.28878   53  349  101.95759   95.84918  5.99%   381  400s
  2958  2099   96.34107   59  273  101.95759   96.03421  5.81%   383  424s
  2983  2145   96.06516   59  370  101.95759   96.03764  5.81%   382  435s
  3064  2169   96.41210   60  234  101.95759   96.06591  5.78%   380  449s
  3133  2211   98.57675   27  262  101.95759   96.21798  5.63%   383  457s
  3213  2236     cutoff   32       101.95759   96.23826  5.61%   384  464s
  3295  2272   96.44988   46  207  101.95759   96.26718  5.58%   385  469s
  3400  2307     cutoff   33       101.95759   96.29119  5.56%   381  479s
  3507  2387   96.31001   63  247  101.95759   96.30347  5.55%   378  483s
  3652  2465   96.70883   64  125  101.95759   96.32187  5.53%   370  489s
  3792  2508   96.38599   36  211  101.95759   96.34347  5.51%   364  499s
  3920  2533   96.55477   46  167  101.95759   96.35753  5.49%   360  531s
  4019  2591     cutoff   62       101.95759   96.35787  5.49%   361  537s
  4136  2664   98.38534   67  216  101.95759   96.36180  5.49%   363  546s
  4645  2930   96.77712   59  186  101.95759   96.40983  5.44%   345  559s
  4821  3225   96.65294   25  346  101.95759   96.43308  5.42%   342  563s
  5243  3210   97.23962   32  291  101.95759   96.44869  5.40%   326  575s
  5415  3285   96.45447   46  122  101.95759   96.45447  5.40%   323  588s
  5595  3417   96.59803   38  168  101.95759   96.47456  5.38%   316  596s
  5828  3739     cutoff   56       101.95759   96.48946  5.36%   310  601s
  6332  3598   96.53598   47  146  101.95759   96.50787  5.35%   297  608s
  6408  3689   96.63182   47  243  101.95759   96.52185  5.33%   296  619s
  6595  4190   96.81559   49  123  101.95759   96.53660  5.32%   294  623s
  7269  4115   96.55822   72  194  101.95759   96.54911  5.30%   277  632s
  7448  4691     cutoff   36       101.95759   96.56238  5.29%   275  637s
  8170  4806   97.58643   48  188  101.95759   96.58039  5.27%   261  650s
  8381  5339   96.59829   69  100  101.95759   96.58999  5.26%   260  655s
  9155  5529   99.24249   46  157  101.95759   96.60672  5.25%   248  664s
  9421  6218     cutoff   66       101.95759   96.61535  5.24%   245  670s
 10421  6363     cutoff   79       101.95759   96.63151  5.22%   229  679s
 10721  6935   96.64691   78  145  101.95759   96.64629  5.21%   227  685s
 11629  7214     cutoff   72       101.95759   96.66957  5.19%   217  696s
 12009  8084   96.69524   55  156  101.95759   96.68046  5.18%   214  702s
 13229  8862 infeasible   56       101.95759   96.69613  5.16%   202  710s
 14444  9105   97.20137   62  158  101.95759   96.71488  5.14%   192  718s
 14808 10112     cutoff   81       101.95759   96.72240  5.13%   190  725s
 16193 10132     cutoff   62       101.95759   96.73426  5.12%   180  747s
H16208 10132                     101.9575916   96.73563  5.12%   180  747s
 16249 10343   96.80001   58  166  101.95759   96.74055  5.12%   180  759s
 16552 11278     cutoff   57       101.95759   96.74482  5.11%   179  767s
 17942 12191     cutoff   47       101.95759   96.75486  5.10%   172  774s
 19505 12254     cutoff   56       101.95759   96.76670  5.09%   164  783s
 19667 12343     cutoff   83       101.95759   96.77385  5.08%   163  796s
 19974 12685     cutoff   67       101.95759   96.77907  5.08%   164  805s
 20521 14650     cutoff   41       101.95759   96.78275  5.08%   162  821s
 23523 14813     cutoff   74       101.95759   96.80812  5.05%   152  829s
 23820 15270     cutoff   59       101.95759   96.81293  5.05%   151  835s
 24535 15433     cutoff   55       101.95759   96.82273  5.04%   150  842s
 24845 16202   96.97490   49   92  101.95759   96.83073  5.03%   149  848s
 26045 16950   97.19567   60  151  101.95759   96.84363  5.02%   146  855s
 27272 17239     cutoff   64       101.95759   96.85575  5.00%   143  863s
 27810 18176     cutoff   83       101.95759   96.86225  5.00%   142  870s
 29291 18626   96.97082   51  116  101.95759   96.87114  4.99%   138  879s
 29951 19607     cutoff   62       101.95759   96.88092  4.98%   137  886s
 31349 19933 infeasible   69       101.95759   96.88561  4.97%   134  895s
 31828 21064   97.66766   51  337  101.95759   96.89581  4.96%   134  902s
 33342 22166   97.03311   46  134  101.95759   96.90735  4.95%   132  910s
 34893 22389   99.12178   51  208  101.95759   96.91589  4.94%   129  918s
 35223 23788   97.11669   41  264  101.95759   96.92334  4.94%   129  926s
 37069 24961   97.09031   81   98  101.95759   96.93145  4.93%   127  935s
 38830 25113   96.96736   51  245  101.95759   96.94039  4.92%   125  945s
 39142 26540   97.33314   53  167  101.95759   96.94677  4.91%   125  954s
 41090 27048 infeasible   58       101.95759   96.95542  4.91%   122  980s
 42035 32739     cutoff   35       101.95759   96.96636  4.90%   122 1012s
 49747 33086 infeasible   69       101.95759   96.99768  4.86%   114 1024s
 50040 33086     cutoff   59       101.95759   97.00004  4.86%   114 1025s
 50319 34388     cutoff   78       101.95759   97.00515  4.86%   114 1034s
 52125 34853   97.35041   42  262  101.95759   97.01467  4.85%   112 1042s
 52896 36801     cutoff   83       101.95759   97.01843  4.84%   112 1051s
 55492 36978     cutoff   56       101.95759   97.03042  4.83%   110 1061s
 55858 38666   97.04179   49  150  101.95759   97.03533  4.83%   110 1071s
 58149 38964     cutoff   70       101.95759   97.04064  4.82%   109 1078s
 58640 40242     cutoff   74       101.95759   97.04492  4.82%   109 1085s
 60622 40423     cutoff   58       101.95759   97.05306  4.81%   108 1094s
 60935 41818     cutoff   67       101.95759   97.05548  4.81%   108 1103s
 63001 42237     cutoff   53       101.95759   97.06344  4.80%   106 1120s
 63725 49387   97.10127   61  121  101.95759   97.06983  4.79%   107 1162s
 73663 49683   97.45493   73  141  101.95759   97.09606  4.77%   102 1173s
 74186 49968   97.18395   62  119  101.95759   97.10241  4.76%   102 1181s
 74732 50472     cutoff   52       101.95759   97.10596  4.76%   102 1192s
 75424 52252   97.38181   50   66  101.95759   97.10960  4.75%   102 1204s
 78050 54041   97.33068   80  123  101.95759   97.11634  4.75%   101 1214s
 78603 54041   97.13241   65   99  101.95759   97.11796  4.75%   101 1215s
 80341 54410     cutoff   55       101.95759   97.12503  4.74%   100 1231s
 80986 56600     cutoff   60       101.95759   97.12792  4.74%   100 1243s
 83788 59556   97.21680   79  117  101.95759   97.13377  4.73%  98.9 1261s
 87776 59634   97.61973   48  245  101.95759   97.14220  4.72%  97.6 1274s
 87961 59961     cutoff   70       101.95759   97.14570  4.72%  97.8 1283s
 88518 60538   97.36838   39  125  101.95759   97.14869  4.72%  97.7 1295s
 89271 60709     cutoff   53       101.95759   97.15176  4.71%  97.6 1356s
H89273 60709                     101.9575915   97.15176  4.71%  97.6 1356s
 89533 60918     cutoff   63       101.95759   97.15339  4.71%  97.5 1376s
 89851 61314 infeasible   81       101.95759   97.15463  4.71%  97.6 1390s
 90604 63496     cutoff   30       101.95759   97.15725  4.71%  97.7 1407s
 93607 64006   98.15293   90  110  101.95759   97.16420  4.70%  96.9 1420s
 94433 66878     cutoff   62       101.95759   97.16784  4.70%  97.0 1435s
 98180 67472   97.72713   61  110  101.95759   97.17327  4.69%  95.7 1447s
 98977 70084     cutoff   76       101.95759   97.17741  4.69%  95.7 1459s
 101546 70084   97.84575   64   51  101.95759   97.17931  4.69%  94.8 1460s
 102411 70508   97.33302   57  143  101.95759   97.18376  4.68%  94.6 1471s
 103022 72665     cutoff   55       101.95759   97.18864  4.68%  94.5 1482s
 105826 76147   97.35154   51  149  101.95759   97.19427  4.67%  93.8 1499s
 110584 76475   97.47489   64   57  101.95759   97.20447  4.66%  92.4 1508s
 111032 76887     cutoff   47       101.95759   97.20696  4.66%  92.4 1516s
 111593 78727     cutoff   49       101.95759   97.20895  4.66%  92.4 1525s
 114012 79836   97.22417   58  110  101.95759   97.21156  4.65%  91.8 1534s
 115649 80137     cutoff   81       101.95759   97.21374  4.65%  91.3 1547s
 116153 82020   97.41056   55   96  101.95759   97.21736  4.65%  91.3 1557s
 118759 82444     cutoff   64       101.95759   97.22038  4.65%  90.6 1567s
 119348 84250     cutoff   76       101.95759   97.22341  4.64%  90.7 1578s
 121735 86128   97.38055   83   95  101.95759   97.22862  4.64%  90.2 1588s
 124332 86516   97.48270   67  132  101.95759   97.23302  4.63%  89.5 1600s
 124899 89021   97.70936   61  125  101.95759   97.23453  4.63%  89.5 1612s
 127956 89699     cutoff   53       101.95759   97.23854  4.63%  88.7 1630s
 128919 99379     cutoff   38       101.95759   97.24142  4.63%  88.7 1670s
 141491 99631     cutoff   60       101.95759   97.25258  4.61%  85.2 1679s
 141872 99903     cutoff   94       101.95759   97.25510  4.61%  85.2 1689s
 142295 101581     cutoff   58       101.95759   97.25699  4.61%  85.3 1699s
 144686 101880   97.72310   73  184  101.95759   97.25954  4.61%  84.9 1708s
 145143 103696   97.54485  103   42  101.95759   97.26071  4.61%  84.9 1719s
 147538 103965   97.73833   56   67  101.95759   97.26480  4.60%  84.5 1731s
 147929 104364     cutoff   75       101.95759   97.26581  4.60%  84.5 1741s
 148562 108090     cutoff   62       101.95759   97.26709  4.60%  84.5 1760s
 153498 108251     cutoff   69       101.95759   97.27193  4.60%  83.6 1767s
 153790 109628   97.51282   75   96  101.95759   97.27502  4.59%  83.6 1777s
 155650 109863     cutoff   82       101.95759   97.27871  4.59%  83.2 1786s
 156107 111792   97.40107   58  103  101.95759   97.28055  4.59%  83.3 1795s
 158491 112047   97.29881   60  287  101.95759   97.28429  4.58%  83.0 1810s
 158893 113793     cutoff   60       101.95759   97.28513  4.58%  83.0 1820s
 161128 114188   97.74874   63  107  101.95759   97.28824  4.58%  82.7 1830s
 161630 116510     cutoff   96       101.95759   97.28988  4.58%  82.8 1843s
 164551 116793     cutoff   60       101.95759   97.29247  4.58%  82.4 1854s
 165073 119205     cutoff   71       101.95759   97.29413  4.57%  82.5 1866s
 168233 119695   98.22052   56   97  101.95759   97.29756  4.57%  81.9 1877s
 168953 121598     cutoff   91       101.95759   97.29884  4.57%  81.9 1889s
 171538 122203  100.09693   65  177  101.95759   97.30217  4.57%  81.6 1908s
 172382 133284   97.43325   75   68  101.95759   97.30400  4.56%  81.7 1953s
 186248 133546   97.67116   49  257  101.95759   97.31721  4.55%  79.6 1968s
 186642 133959   97.51622   60  125  101.95759   97.31743  4.55%  79.6 1977s
 187163 134630 infeasible   60       101.95759   97.31833  4.55%  79.6 1990s
 188067 136770   97.40522   85   84  101.95759   97.31982  4.55%  79.6 2002s
 191043 137122     cutoff   71       101.95759   97.32199  4.55%  79.2 2013s
 191629 139166   97.46031   82   61  101.95759   97.32410  4.54%  79.3 2026s
H192959 139166                     101.9575913   97.32448  4.54%  79.1 2026s
 194235 139477   97.37110   73  152  101.95759   97.32726  4.54%  79.0 2049s
 194761 145066     cutoff   72       101.95759   97.32878  4.54%  79.1 2108s
 201101 145066   97.51735   54  100  101.95759   97.32950  4.54%  78.9 2110s
 202495 148498     cutoff   88       101.95759   97.33706  4.53%  78.9 2126s
 207560 149049     cutoff  113       101.95759   97.34486  4.52%  78.6 2143s
 208576 151558     cutoff   64       101.95759   97.34692  4.52%  78.6 2161s
 212253 152101   98.68004   63   97  101.95759   97.35276  4.52%  78.5 2175s
 213164 154883     cutoff   57       101.95759   97.35584  4.51%  78.6 2188s
 217085 157160   98.28758   57  132  101.95759   97.36138  4.51%  78.3 2202s
 220674 157473     cutoff   73       101.95759   97.36802  4.50%  78.2 2217s
 221301 159083     cutoff   64       101.95759   97.37040  4.50%  78.2 2229s
 223975 159553     cutoff   90       101.95759   97.37469  4.49%  78.2 2242s
 224820 161565     cutoff   49       101.95759   97.37679  4.49%  78.2 2253s
 227921 163646     cutoff  101       101.95759   97.38091  4.49%  78.0 2265s
 231022 164038     cutoff   44       101.95759   97.38642  4.48%  77.8 2277s
 231692 165685     cutoff   58       101.95759   97.38755  4.48%  77.9 2288s
 234274 167745   98.16197   75  124  101.95759   97.39167  4.48%  77.8 2301s
 237184 168167     cutoff   81       101.95759   97.39690  4.47%  77.7 2310s
 237921 171266     cutoff   68       101.95759   97.39863  4.47%  77.8 2328s
 242279 171601   97.64907   57   94  101.95759   97.40283  4.47%  77.5 2338s
 242827 173225     cutoff   69       101.95759   97.40586  4.46%  77.5 2347s
 245201 173768     cutoff   92       101.95759   97.40990  4.46%  77.4 2356s
 246145 174437   97.70976   31  180  101.95759   97.41167  4.46%  77.6 2372s
 247111 176781   97.60072   58  107  101.95759   97.41351  4.46%  77.6 2386s
 250422 178381     cutoff   82       101.95759   97.41772  4.45%  77.4 2398s
 252888 178702     cutoff   71       101.95759   97.41986  4.45%  77.4 2412s
 253453 181269   98.48339   63  105  101.95759   97.42330  4.45%  77.4 2426s
 256929 181887   97.58717   58  127  101.95759   97.42693  4.44%  77.2 2435s
 257875 184174     cutoff   72       101.95759   97.42892  4.44%  77.2 2447s
 261088 186511     cutoff   65       101.95759   97.43209  4.44%  77.0 2464s
 264523 186864   97.56162   77   89  101.95759   97.43660  4.43%  76.9 2475s
 265171 189129     cutoff   60       101.95759   97.43858  4.43%  77.0 2488s
 268538 189528     cutoff   81       101.95759   97.44337  4.43%  76.8 2497s
 269278 191617     cutoff   75       101.95759   97.44543  4.43%  76.9 2510s
 272313 193517     cutoff   56       101.95759   97.44818  4.42%  76.8 2524s
 275028 194135 infeasible   69       101.95759   97.45222  4.42%  76.7 2536s
 275966 196332 infeasible   58       101.95759   97.45346  4.42%  76.7 2552s
 279276 198137   97.48039   53  254  101.95759   97.45824  4.41%  76.5 2569s
 281967 198930   97.52025   36  207  101.95759   97.46132  4.41%  76.5 2591s
 283211 205522     cutoff   91       101.95759   97.46254  4.41%  76.5 2625s
 292366 205870 infeasible   73       101.95759   97.46905  4.40%  75.9 2639s
 292969 206302     cutoff   52       101.95759   97.47185  4.40%  76.0 2664s
 293601 206819   98.00731   67   77  101.95759   97.47257  4.40%  76.0 2682s
 294390 209043   98.46806   63  206  101.95759   97.47394  4.40%  76.1 2697s
 297607 211325   97.74385   79  138  101.95759   97.47736  4.39%  76.0 2711s
 300775 211770     cutoff   72       101.95759   97.48074  4.39%  75.9 2725s
 301500 214004   97.50100   69   41  101.95759   97.48222  4.39%  75.9 2740s
 304631 214774   97.72069   63   52  101.95759   97.48548  4.39%  75.8 2760s
 305871 222385   97.58047   63  188  101.95759   97.48676  4.38%  75.9 2799s
 316194 222833 infeasible   86       101.95759   97.49549  4.38%  75.1 2813s
 316909 224685   97.87000   43  165  101.95759   97.49705  4.37%  75.1 2823s
 319466 226417     cutoff   73       101.95759   97.49921  4.37%  75.0 2834s
 321958 226839   98.07575   57  142  101.95759   97.50249  4.37%  74.9 2846s
 322565 228659 infeasible   86       101.95759   97.50338  4.37%  74.9 2856s
 325175 231569     cutoff  104       101.95759   97.50602  4.37%  74.8 2875s
 329213 232077   97.65758   59  169  101.95759   97.50992  4.36%  74.7 2888s
 330015 234172 infeasible   68       101.95759   97.51109  4.36%  74.7 2900s
 333027 234760   97.56008   69   94  101.95759   97.51392  4.36%  74.6 2916s
 333874 236788     cutoff   55       101.95759   97.51542  4.36%  74.6 2928s
 336736 238706   98.76149   54  147  101.95759   97.51798  4.35%  74.6 2941s
 339381 239145     cutoff   70       101.95759   97.52183  4.35%  74.5 2952s
 340110 241348     cutoff   62       101.95759   97.52370  4.35%  74.6 2964s
 343221 243839 infeasible   69       101.95759   97.52594  4.35%  74.5 2977s
 346664 244636 infeasible   83       101.95759   97.52971  4.34%  74.3 2999s
 347811 252964   97.77862   67  228  101.95759   97.53122  4.34%  74.3 3035s
 358525 253438 infeasible   90       101.95759   97.53734  4.34%  73.8 3046s
 359228 255365     cutoff   67       101.95759   97.53902  4.33%  73.8 3056s
 361959 256036     cutoff   50       101.95759   97.54052  4.33%  73.7 3068s
 362901 258085     cutoff   60       101.95759   97.54205  4.33%  73.7 3080s
 365790 259760     cutoff   93       101.95759   97.54428  4.33%  73.6 3092s
 368228 260668   97.75223   36  194  101.95759   97.54737  4.33%  73.6 3110s
 369499 267047 infeasible   85       101.95759   97.54820  4.32%  73.6 3145s
 378051 267689     cutoff   57       101.95759   97.55388  4.32%  73.3 3156s
 378966 270054   97.60341   74   96  101.95759   97.55639  4.32%  73.3 3169s
 382182 271203   97.67297   85   62  101.95759   97.55769  4.32%  73.2 3181s
 383783 273091   98.44170   72  133  101.95759   97.55916  4.31%  73.1 3193s
 386588 273723   97.84255   41   52  101.95759   97.56213  4.31%  73.1 3205s
 387549 276040     cutoff   69       101.95759   97.56374  4.31%  73.0 3216s
 390773 279080   98.32547   70   95  101.95759   97.56614  4.31%  72.9 3234s
 391708 279080     cutoff   72       101.95759   97.56658  4.31%  72.9 3235s
 394883 279750   97.60363   74   82  101.95759   97.56884  4.30%  72.8 3246s
 395801 281824 infeasible   98       101.95759   97.56969  4.30%  72.8 3257s
 398613 283405   97.81760   57   47  101.95759   97.57255  4.30%  72.7 3273s
 400772 284412   97.79925   63  131  101.95759   97.57368  4.30%  72.7 3284s
 402173 287021     cutoff   82       101.95759   97.57550  4.30%  72.6 3297s
 405736 287652     cutoff   60       101.95759   97.57876  4.29%  72.5 3312s
 406633 289671   97.82586   69   86  101.95759   97.57970  4.29%  72.5 3326s
 409577 291773   97.60644   46  127  101.95759   97.58137  4.29%  72.4 3340s
 412357 292503     cutoff   66       101.95759   97.58309  4.29%  72.3 3360s
 413492 299759     cutoff   73       101.95759   97.58508  4.29%  72.4 3400s
 423258 300345   98.88199   75  262  101.95759   97.58992  4.28%  72.0 3412s
 424008 302138   97.85974   57  121  101.95759   97.59237  4.28%  72.0 3423s
 426552 304153 infeasible   77       101.95759   97.59424  4.28%  72.0 3437s
 429406 304506   97.95764   59  136  101.95759   97.59615  4.28%  71.9 3450s
 429966 306342   99.01234   59  191  101.95759   97.59706  4.28%  71.9 3460s
 432612 307024   97.98708   63  112  101.95759   97.59904  4.27%  71.9 3474s
 433586 309453   97.91393   67  106  101.95759   97.60022  4.27%  71.9 3488s
 437010 311186   98.34674   57  215  101.95759   97.60239  4.27%  71.9 3500s
 439465 311692     cutoff   69       101.95759   97.60494  4.27%  71.8 3514s
 440257 313798   98.00210   56   53  101.95759   97.60610  4.27%  71.9 3526s
 443278 316074   97.63495   59   63  101.95759   97.60825  4.27%  71.8 3538s
 446353 316455   97.88405   58  166  101.95759   97.61038  4.26%  71.8 3551s
 446986 318042   97.98769   61  170  101.95759   97.61127  4.26%  71.8 3564s
 447831 318042   98.33302   62   94  101.95759   97.61156  4.26%  71.8 3565s
 449334 319120     cutoff   61       101.95759   97.61253  4.26%  71.8 3577s
 450869 321264     cutoff   63       101.95759   97.61477  4.26%  71.8 3591s
 453992 322946 infeasible   53       101.95759   97.61712  4.26%  71.8 3610s
 456359 325114     cutoff   68       101.95759   97.61911  4.26%  71.7 3625s
 459459 325622     cutoff   82       101.95759   97.62162  4.25%  71.8 3639s
 460293 328211   97.94464   57  139  101.95759   97.62252  4.25%  71.8 3656s
 464191 330524 infeasible   84       101.95759   97.62497  4.25%  71.8 3667s
 467494 331108 infeasible   85       101.95759   97.62800  4.25%  71.7 3684s
 468411 333179     cutoff   71       101.95759   97.63001  4.24%  71.8 3699s
 471216 333881     cutoff   76       101.95759   97.63214  4.24%  71.8 3712s
 472236 336566     cutoff   49       101.95759   97.63315  4.24%  71.8 3726s
 475964 339363 infeasible   91       101.95759   97.63544  4.24%  71.7 3745s
 479863 339862     cutoff   76       101.95759   97.63842  4.24%  71.6 3757s
 480570 341703     cutoff   53       101.95759   97.63943  4.24%  71.7 3771s
 483165 343406   98.96099   61  106  101.95759   97.64105  4.23%  71.7 3784s
 485642 343751   98.12880   75  245  101.95759   97.64378  4.23%  71.7 3796s
 486286 345375   98.02964   56  137  101.95759   97.64468  4.23%  71.7 3806s
 488741 345885   97.94483   67  113  101.95759   97.64700  4.23%  71.8 3822s
 489535 347789  100.30323   72  168  101.95759   97.64793  4.23%  71.8 3837s
 492139 348341   99.27703   67  199  101.95759   97.65064  4.22%  71.9 3851s
 493031 350341   98.51261   81  135  101.95759   97.65205  4.22%  71.9 3862s
 495875 350951 infeasible   65       101.95759   97.65311  4.22%  71.9 3879s
 496348 350951 infeasible   67       101.95759   97.65346  4.22%  72.0 3880s
 496820 352893 infeasible   72       101.95759   97.65447  4.22%  72.0 3896s
 499733 354547     cutoff   78       101.95759   97.65645  4.22%  72.1 3909s
 502103 355111     cutoff   67       101.95759   97.65922  4.22%  72.1 3925s
 502991 357006   98.01413   67   69  101.95759   97.66045  4.21%  72.2 3940s
 505735 357623   98.08907   58  114  101.95759   97.66243  4.21%  72.3 3954s
 506831 359702     cutoff   62       101.95759   97.66383  4.21%  72.4 3971s
 509878 360316   98.14364   55  107  101.95759   97.66706  4.21%  72.4 3989s
 510869 362193 infeasible   66       101.95759   97.66778  4.21%  72.5 4007s
 513886 362743   98.81727   81   92  101.95759   97.67107  4.20%  72.6 4024s
 514715 364663 infeasible   89       101.95759   97.67174  4.20%  72.7 4044s
 517669 365416 infeasible   84       101.95759   97.67450  4.20%  72.8 4063s
 518866 370524     cutoff   79       101.95759   97.67596  4.20%  72.9 4098s
 526145 371004     cutoff   80       101.95759   97.68110  4.19%  72.8 4114s
 526948 371603 infeasible   95       101.95759   97.68215  4.19%  72.9 4129s
 527916 373571 infeasible   70       101.95759   97.68286  4.19%  73.0 4142s
 531086 374064   98.40337   58  183  101.95759   97.68550  4.19%  73.0 4159s
 532022 375894   98.92441   49  144  101.95759   97.68711  4.19%  73.1 4174s
 534865 376526     cutoff   72       101.95759   97.68934  4.19%  73.1 4191s
 535960 378462     cutoff   69       101.95759   97.69125  4.18%  73.2 4210s
 539111 379394     cutoff   72       101.95759   97.69426  4.18%  73.2 4229s
 540535 380353 infeasible   97       101.95759   97.69571  4.18%  73.3 4257s
 542085 385839   97.97685   55  239  101.95759   97.69681  4.18%  73.5 4297s
 549951 386388 infeasible   79       101.95759   97.70240  4.17%  73.4 4311s
 550879 388697     cutoff   67       101.95759   97.70361  4.17%  73.5 4325s
 554284 389284   99.40861   76  128  101.95759   97.70609  4.17%  73.5 4339s
 555241 391508     cutoff   78       101.95759   97.70687  4.17%  73.5 4352s
 558427 393402   97.97499   84  177  101.95759   97.70954  4.17%  73.6 4369s
 561334 394127 infeasible   69       101.95759   97.71244  4.16%  73.6 4386s
 562563 399117     cutoff   85       101.95759   97.71416  4.16%  73.7 4421s
 569860 399622   99.65514   50  306  101.95759   97.71792  4.16%  73.7 4441s
 570681 400532   98.15961   52  208  101.95759   97.71986  4.16%  73.7 4453s
 572224 402637     cutoff   82       101.95759   97.72094  4.16%  73.8 4470s
 575357 403552     cutoff   81       101.95759   97.72249  4.15%  73.8 4483s
 576789 406179     cutoff   87       101.95759   97.72482  4.15%  73.9 4501s
 580476 406798 infeasible   55       101.95759   97.72744  4.15%  73.9 4517s
 581499 408998     cutoff   68       101.95759   97.72886  4.15%  73.9 4532s
 584754 409701     cutoff   63       101.95759   97.73058  4.15%  74.0 4554s
 586008 414139     cutoff   74       101.95759   97.73269  4.14%  74.1 4585s
 592710 414795 infeasible   64       101.95759   97.73639  4.14%  74.1 4599s
 593834 415402 infeasible   63       101.95759   97.73799  4.14%  74.1 4612s
 594848 417862   98.18543   63  155  101.95759   97.73924  4.14%  74.2 4630s
 598546 418574 infeasible   63       101.95759   97.74152  4.14%  74.3 4645s
 599712 421166     cutoff   80       101.95759   97.74306  4.13%  74.3 4660s
 603391 422725   98.23315   55  132  101.95759   97.74648  4.13%  74.3 4673s
 605633 423566     cutoff   61       101.95759   97.74856  4.13%  74.4 4688s
 606952 429092     cutoff   61       101.95759   97.74931  4.13%  74.4 4719s
 607715 429092   98.04746   91  167  101.95759   97.74947  4.13%  74.4 4720s
 614574 429583     cutoff   69       101.95759   97.75453  4.12%  74.3 4734s
 615323 431687   97.78084   75  115  101.95759   97.75523  4.12%  74.4 4749s
 618305 432142   98.81570   94  152  101.95759   97.75668  4.12%  74.4 4761s
 619304 434072 infeasible   61       101.95759   97.75822  4.12%  74.5 4777s
 622208 434493   97.96510   73  195  101.95759   97.76070  4.12%  74.5 4791s
 622986 436300   98.04925   58  132  101.95759   97.76166  4.12%  74.6 4805s
 625866 437003 infeasible   61       101.95759   97.76496  4.11%  74.6 4819s
 627037 439095   99.19646   59  200  101.95759   97.76656  4.11%  74.7 4834s
 630238 439594 infeasible   66       101.95759   97.76913  4.11%  74.7 4847s
 631053 440396   99.13162   56  152  101.95759   97.77031  4.11%  74.8 4862s
 632409 442582     cutoff   69       101.95759   97.77189  4.11%  74.9 4877s
 635782 443224     cutoff   57       101.95759   97.77376  4.10%  74.9 4894s
 636883 445363   97.95257   57  261  101.95759   97.77602  4.10%  75.0 4912s
 640280 445999 infeasible   90       101.95759   97.77899  4.10%  75.1 4928s
 641494 448228     cutoff   83       101.95759   97.78073  4.10%  75.2 4949s
 644944 448545     cutoff   83       101.95759   97.78343  4.09%  75.2 4980s
 645504 449122     cutoff   84       101.95759   97.78459  4.09%  75.2 4999s
 646569 452013   97.90873   62  157  101.95759   97.78614  4.09%  75.4 5019s
 650691 452781 infeasible   70       101.95759   97.78945  4.09%  75.4 5035s
 651952 457775   99.26790   67  169  101.95759   97.79084  4.09%  75.4 5070s
 659014 458320     cutoff   66       101.95759   97.79530  4.08%  75.4 5081s
 659937 459044     cutoff   56       101.95759   97.79620  4.08%  75.5 5097s
 661142 461606 infeasible   81       101.95759   97.79709  4.08%  75.5 5115s
 664946 462822 infeasible   65       101.95759   97.80063  4.08%  75.5 5135s
 666905 463446     cutoff   70       101.95759   97.80196  4.08%  75.6 5155s
 667940 466142   98.56204   62   87  101.95759   97.80358  4.07%  75.7 5174s
 671864 466733   98.29349   62  107  101.95759   97.80656  4.07%  75.7 5196s
 672860 474115     cutoff   55       101.95759   97.80780  4.07%  75.7 5241s
 682811 474619   98.00770   57  204  101.95759   97.81356  4.06%  75.6 5262s
 683573 475144   98.46628   63  210  101.95759   97.81382  4.06%  75.7 5274s
 684538 475799 infeasible   80       101.95759   97.81404  4.06%  75.7 5287s
 685608 477968     cutoff   49       101.95759   97.81578  4.06%  75.8 5304s
 688794 478674   98.54989   97  117  101.95759   97.81806  4.06%  75.8 5319s
 689982 481052   98.53338   64   72  101.95759   97.81994  4.06%  75.9 5337s
 693242 481665   98.18491   46  163  101.95759   97.82156  4.06%  75.9 5352s
 694262 488618   98.22313   50  216  101.95759   97.82321  4.05%  76.0 5393s
 703764 489103   98.40498   58  106  101.95759   97.82841  4.05%  75.9 5405s
 704654 489539 infeasible   55       101.95759   97.82880  4.05%  75.9 5417s
 705580 490044     cutoff   58       101.95759   97.82970  4.05%  76.0 5433s
 706602 491886   97.88684   48   81  101.95759   97.83176  4.05%  76.1 5450s
 709489 492392   98.81304   68  188  101.95759   97.83403  4.04%  76.2 5469s
 710422 494203     cutoff   69       101.95759   97.83538  4.04%  76.2 5485s
 713392 494877   97.85637   61  117  101.95759   97.83836  4.04%  76.3 5504s
 713853 494877   99.18226   36  206  101.95759   97.83884  4.04%  76.3 5505s
 714600 495938     cutoff   61       101.95759   97.84005  4.04%  76.4 5537s
 716357 496597   99.58798   70  169  101.95759   97.84109  4.04%  76.4 5564s
 717825 501123   98.91999   69  122  101.95759   97.84321  4.04%  76.6 5599s
 724996 501617     cutoff   85       101.95759   97.84829  4.03%  76.6 5618s
 726054 502183     cutoff   74       101.95759   97.85027  4.03%  76.7 5639s
 727236 502789     cutoff   78       101.95759   97.85178  4.03%  76.8 5661s
 728618 505340 infeasible   85       101.95759   97.85296  4.03%  77.0 5683s
 732816 506035   98.56410   84  116  101.95759   97.85732  4.02%  77.0 5702s
 734046 508705 infeasible   72       101.95759   97.85927  4.02%  77.1 5723s
 738316 509122     cutoff   76       101.95759   97.86231  4.02%  77.1 5742s
 739351 510484     cutoff   48       101.95759   97.86434  4.01%  77.2 5777s
 741831 517669 infeasible   71       101.95759   97.86519  4.01%  77.4 5829s
 743626 517669   98.56753   77  100  101.95759   97.86559  4.01%  77.4 5830s
 752061 519450  100.02480   53  132  101.95759   97.87402  4.01%  77.3 5849s
 754808 519875     cutoff   44       101.95759   97.87521  4.00%  77.4 5867s
 755653 522059 infeasible   75       101.95759   97.87637  4.00%  77.5 5889s
 759160 522512 infeasible   51       101.95759   97.87955  4.00%  77.5 5906s
 760066 528528 infeasible   66       101.95759   97.88055  4.00%  77.6 5958s
 765668 528528     cutoff   81       101.95759   97.88126  4.00%  77.7 5960s
 769038 529063 infeasible   72       101.95759   97.88637  3.99%  77.7 5979s
 770174 529623   99.97513   59  215  101.95759   97.88714  3.99%  77.8 6001s
 771400 530327     cutoff   55       101.95759   97.88916  3.99%  77.9 6023s
 772822 531096   98.73052   65  161  101.95759   97.89103  3.99%  78.1 6064s
 774137 531921   99.04273   60  129  101.95759   97.89179  3.99%  78.2 6091s
 775688 535478   98.14313   60  142  101.95759   97.89376  3.99%  78.3 6129s
 780949 536054 infeasible   66       101.95759   97.89724  3.98%  78.3 6151s
 782019 543163   99.11845   70  165  101.95759   97.89995  3.98%  78.4 6205s
 792930 543641     cutoff   43       101.95759   97.90630  3.97%  78.3 6225s
 793827 544229   98.88376   51  204  101.95759   97.90683  3.97%  78.4 6242s
 794865 544773   97.95537   55  182  101.95759   97.90812  3.97%  78.5 6263s
 795917 547215   98.38703   54  177  101.95759   97.90928  3.97%  78.5 6281s
 799752 547746     cutoff   83       101.95759   97.91126  3.97%  78.6 6305s
 800741 549682 infeasible   96       101.95759   97.91228  3.97%  78.6 6327s
 804199 550128 infeasible   60       101.95759   97.91578  3.96%  78.7 6350s
 805182 558196     cutoff   92       101.95759   97.91752  3.96%  78.8 6416s
 817131 558627 infeasible   29       101.95759   97.92465  3.96%  78.8 6437s
 818086 559102     cutoff   56       101.95759   97.92494  3.96%  78.9 6454s
 819171 559828     cutoff   76       101.95759   97.92631  3.95%  79.0 6476s
 820472 561898 infeasible   83       101.95759   97.92789  3.95%  79.0 6501s
 823978 562516   98.81901   60  132  101.95759   97.93185  3.95%  79.1 6526s
 825174 564419   98.20885   60  112  101.95759   97.93295  3.95%  79.2 6549s
 828098 565097   99.00303   69  171  101.95759   97.93532  3.95%  79.3 6569s
 829338 567487 infeasible   75       101.95759   97.93613  3.94%  79.4 6594s
 833339 568239   98.41014   56  131  101.95759   97.94105  3.94%  79.5 6615s
 834794 568319 infeasible   75       101.95759   97.94216  3.94%  79.6 6699s
 835033 568942 infeasible   96       101.95759   97.94302  3.94%  79.6 6731s
 836356 571532   98.28893   53  112  101.95759   97.94449  3.94%  79.7 6760s
 840680 572352     cutoff   85       101.95759   97.94966  3.93%  79.8 6793s
 842142 575110   98.67862   65  115  101.95759   97.95154  3.93%  79.9 6824s
 846638 575571   99.02718   79   97  101.95759   97.95587  3.92%  80.0 6842s
 847669 577195   98.76935   66   86  101.95759   97.95688  3.92%  80.1 6898s
 850853 583853   98.33513   58  168  101.95759   97.96046  3.92%  80.4 6955s
 860740 585153     cutoff   62       101.95759   97.96786  3.91%  80.4 6981s
 862792 587130 infeasible   79       101.95759   97.96857  3.91%  80.5 7007s
 866072 587996     cutoff   76       101.95759   97.97222  3.91%  80.6 7035s
 867597 589469   98.72304   61  137  101.95759   97.97385  3.91%  80.7 7060s
 870337 591282 infeasible   88       101.95759   97.97662  3.90%  80.8 7079s
 873510 591793  101.92965   70  156  101.95759   97.97896  3.90%  80.9 7098s
 874605 594136 infeasible   69       101.95759   97.98130  3.90%  80.9 7125s
 878584 594577   98.38109   66  152  101.95759   97.98460  3.90%  81.0 7149s
 879618 595315   98.91514   65  120  101.95759   97.98602  3.90%  81.1 7174s
 880268 595315     cutoff   61       101.95759   97.98672  3.89%  81.1 7175s
 881168 597678   99.97591   57  107  101.95759   97.98755  3.89%  81.2 7200s

Cutting planes:
  Gomory: 188
  Lift-and-project: 9
  Cover: 827
  Implied bound: 951
  Clique: 1
  MIR: 1184
  Flow cover: 2029
  GUB cover: 1
  Inf proof: 37
  Zero half: 18
  Network: 3
  RLT: 130
  Relax-and-lift: 88

Explored 885047 nodes (71952945 simplex iterations) in 7200.60 seconds (4514.93 work units)
Thread count was 32 (of 32 available processors)

Solution count 10: 101.958 101.958 101.958 ... 103.705

Time limit reached
Best objective 1.019575913127e+02, best bound 9.799168690917e+01, gap 3.8898%
