
Gurobi 9.5.2 (linux64) logging started Thu Aug 13 16:31:44 2026

Set parameter LogFile to value "/mnt/beegfs/users/celinep/ChargeAndBreak/logs/oracle_RshortCfewTtight_20__cs100_gurobi.log"
Gurobi Optimizer version 9.5.2 build v9.5.2rc0 (linux64)
Thread count: 16 physical cores, 32 logical processors, using up to 32 threads
Optimize a model with 2721 rows, 1420 columns and 20601 nonzeros
Model fingerprint: 0x2fb7efa2
Variable types: 910 continuous, 510 integer (510 binary)
Coefficient statistics:
  Matrix range     [5e-02, 6e+02]
  Objective range  [5e-01, 1e+00]
  Bounds range     [1e+00, 2e+01]
  RHS range        [9e-02, 5e+02]

User MIP start did not produce a new incumbent solution

Presolve removed 1083 rows and 376 columns
Presolve time: 0.16s
Presolved: 1638 rows, 1044 columns, 12096 nonzeros
Variable types: 633 continuous, 411 integer (411 binary)
Found heuristic solution: objective 595.2948775
Found heuristic solution: objective 539.6282108
Found heuristic solution: objective 384.2348380
Found heuristic solution: objective 271.9961478
Root relaxation presolve removed 15 rows and 14 columns
Root relaxation presolved: 1623 rows, 1030 columns, 11909 nonzeros


Root relaxation: objective 3.719765e+01, 1328 iterations, 0.15 seconds (0.07 work units)
Another try with MIP start

    Nodes    |    Current Node    |     Objective Bounds      |     Work
 Expl Unexpl |  Obj  Depth IntInf | Incumbent    BestBd   Gap | It/Node Time

H    0     0                      37.9109250   37.19765  1.88%     -    0s
     0     0   37.19765    0   49   37.91093   37.19765  1.88%     -    0s
     0     0   37.73875    0   50   37.91093   37.73875  0.45%     -    0s

Cutting planes:
  Learned: 3
  Gomory: 26
  Lift-and-project: 14
  Cover: 12
  Implied bound: 38
  Clique: 8
  MIR: 38
  Flow cover: 95
  Zero half: 3
  Network: 8
  RLT: 14
  Relax-and-lift: 17
  PSD: 7

Explored 1 nodes (1588 simplex iterations) in 0.85 seconds (0.27 work units)
Thread count was 32 (of 32 available processors)

Solution count 5: 37.9109 271.996 384.235 ... 595.295

Optimal solution found (tolerance 5.00e-03)
Best objective 3.791092504436e+01, best bound 3.773875422378e+01, gap 0.4541%
