
Gurobi 9.5.2 (linux64) logging started Tue Aug 11 17:14:42 2026

Set parameter LogFile to value "/mnt/beegfs/users/celinep/ChargeAndBreak/logs/oracle_RlongCfewTnone_18__kwh300_gurobi.log"
Gurobi Optimizer version 9.5.2 build v9.5.2rc0 (linux64)
Thread count: 16 physical cores, 32 logical processors, using up to 32 threads
Optimize a model with 8773 rows, 4615 columns and 151616 nonzeros
Model fingerprint: 0xaaddd436
Variable types: 2913 continuous, 1702 integer (1702 binary)
Coefficient statistics:
  Matrix range     [4e-02, 2e+03]
  Objective range  [5e-01, 1e+00]
  Bounds range     [1e+00, 5e+01]
  RHS range        [2e-01, 2e+07]

User MIP start did not produce a new incumbent solution

Presolve removed 2853 rows and 996 columns
Presolve time: 2.14s
Presolved: 5920 rows, 3619 columns, 136527 nonzeros
Variable types: 2141 continuous, 1478 integer (1478 binary)
Found heuristic solution: objective 1874.7894072
Root relaxation presolve removed 130 rows and 70 columns
Root relaxation presolved: 5790 rows, 3549 columns, 105019 nonzeros

Extra simplex iterations after uncrush: 1

Root relaxation: objective 1.064663e+02, 3942 iterations, 1.47 seconds (0.82 work units)
Another try with MIP start

    Nodes    |    Current Node    |     Objective Bounds      |     Work
 Expl Unexpl |  Obj  Depth IntInf | Incumbent    BestBd   Gap | It/Node Time

     0     0  106.46633    0  179 1874.78941  106.46633  94.3%     -    5s
H    0     0                     156.8985533  106.46633  32.1%     -    6s
H    0     0                     156.6099613  106.46633  32.0%     -    6s
     0     0  108.33848    0  260  156.60996  108.33848  30.8%     -    7s
     0     0  108.37921    0  256  156.60996  108.37921  30.8%     -    7s
     0     0  108.40690    0  272  156.60996  108.40690  30.8%     -    7s
     0     0  108.42898    0  273  156.60996  108.42898  30.8%     -    7s
     0     0  108.92598    0  290  156.60996  108.92598  30.4%     -    9s
     0     0  109.06560    0  325  156.60996  109.06560  30.4%     -    9s
     0     0  109.07470    0  328  156.60996  109.07470  30.4%     -    9s
     0     0  109.07506    0  309  156.60996  109.07506  30.4%     -   10s
     0     0  109.35608    0  356  156.60996  109.35608  30.2%     -   11s
     0     0  109.42394    0  393  156.60996  109.42394  30.1%     -   12s
     0     0  109.43009    0  377  156.60996  109.43009  30.1%     -   12s
     0     0  109.43018    0  377  156.60996  109.43018  30.1%     -   12s
H    0     0                     137.1857203  109.56481  20.1%     -   13s
     0     0  109.56481    0  415  137.18572  109.56481  20.1%     -   13s
     0     0  109.57884    0  348  137.18572  109.57884  20.1%     -   14s
     0     0  109.57952    0  357  137.18572  109.57952  20.1%     -   14s
     0     0  109.57968    0  359  137.18572  109.57968  20.1%     -   14s
     0     0  109.61796    0  374  137.18572  109.61796  20.1%     -   16s
     0     0  109.62693    0  432  137.18572  109.62693  20.1%     -   16s
     0     0  109.62868    0  445  137.18572  109.62868  20.1%     -   16s
     0     0  109.62868    0  435  137.18572  109.62868  20.1%     -   16s
     0     0  109.67201    0  392  137.18572  109.67201  20.1%     -   19s
     0     0  109.67782    0  372  137.18572  109.67782  20.1%     -   19s
     0     0  109.67791    0  394  137.18572  109.67791  20.1%     -   19s
     0     0  109.71077    0  303  137.18572  109.71077  20.0%     -   21s
H    0     0                     134.7497535  109.71077  18.6%     -   21s
     0     0  109.71114    0  324  134.74975  109.71114  18.6%     -   21s
     0     0  109.72373    0  377  134.74975  109.72373  18.6%     -   22s
H    0     0                     134.0234693  109.72373  18.1%     -   23s
     0     0  109.72728    0  385  134.02347  109.72728  18.1%     -   23s
     0     0  109.72856    0  346  134.02347  109.72856  18.1%     -   23s
     0     0  109.72861    0  355  134.02347  109.72861  18.1%     -   23s
     0     0  109.74421    0  366  134.02347  109.74421  18.1%     -   25s
H    0     0                     123.8329136  109.74421  11.4%     -   25s
     0     0  109.75097    0  337  123.83291  109.75097  11.4%     -   25s
     0     0  109.75923    0  360  123.83291  109.75923  11.4%     -   25s
     0     0  109.76808    0  396  123.83291  109.76808  11.4%     -   25s
     0     0  109.76935    0  374  123.83291  109.76935  11.4%     -   26s
     0     0  109.76975    0  384  123.83291  109.76975  11.4%     -   26s
     0     0  109.78030    0  330  123.83291  109.78030  11.3%     -   27s
     0     0  109.79537    0  286  123.83291  109.79537  11.3%     -   28s
     0     0  109.79794    0  308  123.83291  109.79794  11.3%     -   28s
     0     0  109.79796    0  324  123.83291  109.79796  11.3%     -   28s
     0     0  109.80370    0  375  123.83291  109.80370  11.3%     -   30s
H    0     0                     122.9316169  109.80370  10.7%     -   30s
     0     0  109.80409    0  404  122.93162  109.80409  10.7%     -   30s
     0     0  109.80434    0  383  122.93162  109.80434  10.7%     -   31s
     0     0  109.80495    0  383  122.93162  109.80495  10.7%     -   31s
     0     0  109.80714    0  405  122.93162  109.80714  10.7%     -   33s
     0     0  109.80714    0  282  122.93162  109.80714  10.7%     -   34s
     0     2  109.80714    0  248  122.93162  109.80714  10.7%     -   35s
H   31    48                     122.8738347  109.81467  10.6%   478   40s
H   37    48                     122.8228228  109.81467  10.6%   461   40s
H   79    96                     122.0982836  109.81635  10.1%   403   46s
H   79    96                     121.5641084  109.81635  9.66%   403   46s
   128   145  109.84563   11  397  121.56411  109.84563  9.64%   440   51s
H  132   145                     121.5390197  109.84574  9.62%   454   51s
H  133   145                     121.4807751  109.84574  9.58%   452   51s
H  183   200                     121.3974418  109.84907  9.51%   438   54s
   199   226  109.89318   15  297  121.39744  109.84944  9.51%   438   55s
H  208   226                     121.3974418  109.84944  9.51%   434   55s
   287   320  113.81352   21  318  121.39744  109.84952  9.51%   420   60s
   381   421  109.88893   25  400  121.39744  109.85866  9.50%   410   66s
   469   487  109.86524   31  398  121.39744  109.86524  9.50%   401   71s
   581   618  109.92483   37  424  121.39744  109.88382  9.48%   388   75s
   617   634  109.89490   35  372  121.39744  109.89339  9.48%   391   80s
   733   787  109.97460   27  321  121.39744  109.90413  9.47%   383   85s
   930   967  113.35214   27  202  121.39744  109.91257  9.46%   364   92s
  1119  1291  109.91487   21  416  121.39744  109.91487  9.46%   346   97s
  1404  1522  110.23857   37  364  121.39744  109.91487  9.46%   320  102s
  1609  1711  109.91487   45  397  121.39744  109.91487  9.46%   318  106s
  1760  1896  110.13262   49  376  121.39744  109.91513  9.46%   319  110s
  1977  2268  109.92871   65  422  121.39744  109.92508  9.45%   315  117s
  2280  2269  111.69942   43  282  121.39744  109.92824  9.45%   291  128s
  2282  2270  111.63508   42  207  121.39744  109.92824  9.45%   291  132s
  2283  2271  114.12628   16  265  121.39744  109.92824  9.45%   290  137s
  2288  2274  110.22320   12  422  121.39744  109.92824  9.45%   290  140s
  2290  2276  113.25236   38  289  121.39744  109.92824  9.45%   290  150s
  2294  2278  111.82539   15  396  121.39744  109.92824  9.45%   289  155s
  2295  2279  109.95960   43  280  121.39744  109.93856  9.44%   289  166s
  2300  2282  113.21191   37  382  121.39744  109.97303  9.41%   288  170s
  2301  2283  111.21848   32  327  121.39744  109.99982  9.39%   288  183s
  2303  2284  111.38873   20  446  121.39744  110.00346  9.39%   288  187s
  2304  2285  113.15420   26  389  121.39744  110.03296  9.36%   288  194s
  2308  2288  110.47493   37  483  121.39744  110.06091  9.34%   287  198s
  2309  2288  110.85747   61  385  121.39744  110.08153  9.32%   287  202s
  2312  2290  110.66000   31  447  121.39744  110.08585  9.32%   287  208s
  2313  2291  111.45099   38  378  121.39744  110.13253  9.28%   287  214s
  2315  2292  110.13514   31  382  121.39744  110.13514  9.28%   286  218s
  2316  2293  110.67393   24  355  121.39744  110.14078  9.27%   286  225s
  2320  2296  111.36032   27  368  121.39744  110.14589  9.27%   286  235s
  2322  2297  110.56562   13  352  121.39744  110.14655  9.27%   286  244s
  2323  2298  111.84730   40  376  121.39744  110.14655  9.27%   285  248s
  2324  2298  112.39864   30  370  121.39744  110.14821  9.27%   285  254s
  2325  2299  111.82290   37  381  121.39744  110.14857  9.27%   285  258s
  2326  2300  110.48585   20  377  121.39744  110.14920  9.27%   285  268s
  2327  2300  110.14920   42  361  121.39744  110.14920  9.27%   285  272s
  2328  2301  112.43744   33  361  121.39744  110.16158  9.26%   285  275s
  2329  2305  110.16158   10  350  121.39744  110.16158  9.26%   301  297s
  2331  2308  110.21264   11  319  121.39744  110.21264  9.21%   301  318s
  2335  2315  110.22924   12  373  121.39744  110.22924  9.20%   301  323s
  2343  2326  110.23077   13  398  121.39744  110.23077  9.20%   302  325s
  2375  2345  110.32917   15  299  121.39744  110.23095  9.20%   307  330s
H 2410  2249                     121.3974405  110.23131  9.20%   309  332s
  2449  2278  110.26020   19  376  121.39744  110.24949  9.18%   311  336s
  2550  2345  110.34057   25  286  121.39744  110.30505  9.14%   313  344s
  2566  2373  110.32063   27  308  121.39744  110.32058  9.12%   315  345s
  2599  2378  110.32902   28  298  121.39744  110.32260  9.12%   315  350s
H 2602  2267                     110.5532347  110.32828  0.20%   315  350s

Cutting planes:
  Learned: 16
  Gomory: 57
  Lift-and-project: 8
  Cover: 64
  Implied bound: 83
  Clique: 7
  MIR: 356
  StrongCG: 6
  Flow cover: 901
  GUB cover: 11
  Zero half: 52
  RLT: 39
  Relax-and-lift: 44
  BQP: 1

Explored 2615 nodes (842511 simplex iterations) in 350.74 seconds (158.13 work units)
Thread count was 32 (of 32 available processors)

Solution count 10: 110.553 121.397 121.397 ... 122.874

Optimal solution found (tolerance 5.00e-03)
Best objective 1.105532346506e+02, best bound 1.103290444371e+02, gap 0.2028%
