
Gurobi 9.5.2 (linux64) logging started Thu Aug 13 15:35:09 2026

Set parameter LogFile to value "/mnt/beegfs/users/celinep/ChargeAndBreak/logs/oracle_RmediumCmanyTtight_7__cs100_gurobi.log"
Gurobi Optimizer version 9.5.2 build v9.5.2rc0 (linux64)
Thread count: 16 physical cores, 32 logical processors, using up to 32 threads
Optimize a model with 3977 rows, 2081 columns and 39632 nonzeros
Model fingerprint: 0xf139bd56
Variable types: 1325 continuous, 756 integer (756 binary)
Coefficient statistics:
  Matrix range     [6e-02, 9e+02]
  Objective range  [5e-01, 1e+00]
  Bounds range     [1e+00, 4e+01]
  RHS range        [1e-02, 5e+02]

User MIP start did not produce a new incumbent solution

Presolve removed 1526 rows and 513 columns
Presolve time: 0.43s
Presolved: 2451 rows, 1568 columns, 21216 nonzeros
Variable types: 930 continuous, 638 integer (638 binary)
Found heuristic solution: objective 765.2114104
Root relaxation presolve removed 21 rows and 19 columns
Root relaxation presolved: 2430 rows, 1549 columns, 20748 nonzeros


Root relaxation: objective 6.026899e+01, 1702 iterations, 0.16 seconds (0.11 work units)
Another try with MIP start

    Nodes    |    Current Node    |     Objective Bounds      |     Work
 Expl Unexpl |  Obj  Depth IntInf | Incumbent    BestBd   Gap | It/Node Time

H    0     0                      61.4512282   60.26899  1.92%     -    0s
     0     0   60.26899    0   31   61.45123   60.26899  1.92%     -    0s
     0     0   60.93267    0   43   61.45123   60.93267  0.84%     -    1s
     0     0   60.95830    0   16   61.45123   60.95830  0.80%     -    1s
     0     0   61.05785    0   30   61.45123   61.05785  0.64%     -    1s
     0     0   61.05785    0   23   61.45123   61.05785  0.64%     -    1s
     0     0   61.05785    0   40   61.45123   61.05785  0.64%     -    1s
     0     0   61.05785    0   19   61.45123   61.05785  0.64%     -    1s
     0     0   61.05785    0   19   61.45123   61.05785  0.64%     -    1s
     0     0   61.05785    0   43   61.45123   61.05785  0.64%     -    1s
H    0     0                      61.2512964   61.14141  0.18%     -    1s

Cutting planes:
  Learned: 1
  Gomory: 16
  Lift-and-project: 15
  Cover: 11
  Implied bound: 22
  Clique: 5
  MIR: 36
  Flow cover: 65
  GUB cover: 1
  Zero half: 1
  RLT: 17
  Relax-and-lift: 4
  BQP: 2
  PSD: 7

Explored 1 nodes (3440 simplex iterations) in 1.81 seconds (0.58 work units)
Thread count was 32 (of 32 available processors)

Solution count 4: 61.2513 61.4512 61.4512 765.211 

Optimal solution found (tolerance 5.00e-03)
Best objective 6.125129637709e+01, best bound 6.117760626478e+01, gap 0.1203%
