
Gurobi 9.5.2 (linux64) logging started Thu Aug 13 05:17:37 2026

Set parameter LogFile to value "/mnt/beegfs/users/celinep/ChargeAndBreak/logs/oracle_RlongCmanyTnone_21__kwh900_gurobi.log"
Gurobi Optimizer version 9.5.2 build v9.5.2rc0 (linux64)
Thread count: 16 physical cores, 32 logical processors, using up to 32 threads
Optimize a model with 8871 rows, 4675 columns and 154344 nonzeros
Model fingerprint: 0xbba6b349
Variable types: 2943 continuous, 1732 integer (1732 binary)
Coefficient statistics:
  Matrix range     [4e-02, 2e+03]
  Objective range  [5e-01, 1e+00]
  Bounds range     [1e+00, 6e+01]
  RHS range        [3e-02, 2e+07]

User MIP start did not produce a new incumbent solution
User MIP start violates constraint c_l_x13038_ by 1.000000000

Presolve removed 2786 rows and 886 columns
Presolve time: 2.07s
Presolved: 6085 rows, 3789 columns, 139087 nonzeros
Variable types: 2265 continuous, 1524 integer (1524 binary)
Found heuristic solution: objective 1667.1567646
Root relaxation presolve removed 170 rows and 109 columns
Root relaxation presolved: 5915 rows, 3680 columns, 106618 nonzeros


Root relaxation: objective 1.097414e+02, 5276 iterations, 1.45 seconds (1.25 work units)
Another try with MIP start

    Nodes    |    Current Node    |     Objective Bounds      |     Work
 Expl Unexpl |  Obj  Depth IntInf | Incumbent    BestBd   Gap | It/Node Time

H    0     0                     122.1881003  109.74141  10.2%     -    4s
     0     0  109.74141    0   59  122.18810  109.74141  10.2%     -    4s
     0     0  109.79180    0   85  122.18810  109.79180  10.1%     -    5s
     0     0  109.79228    0   86  122.18810  109.79228  10.1%     -    5s
     0     0  109.81787    0   71  122.18810  109.81787  10.1%     -    7s
     0     0  109.81973    0  129  122.18810  109.81973  10.1%     -    7s
     0     0  109.82349    0  210  122.18810  109.82349  10.1%     -    8s
     0     0  109.82361    0  221  122.18810  109.82361  10.1%     -    8s
     0     0  109.83359    0  191  122.18810  109.83359  10.1%     -    9s
     0     0  109.83479    0  224  122.18810  109.83479  10.1%     -   10s
     0     0  109.88675    0  236  122.18810  109.88675  10.1%     -   11s
     0     0  109.88719    0  261  122.18810  109.88719  10.1%     -   12s
     0     0  109.89943    0  272  122.18810  109.89943  10.1%     -   13s
     0     0  109.90079    0  217  122.18810  109.90079  10.1%     -   13s
     0     0  109.92493    0  261  122.18810  109.92493  10.0%     -   15s
     0     0  109.92508    0  262  122.18810  109.92508  10.0%     -   16s
     0     0  109.92535    0  194  122.18810  109.92535  10.0%     -   17s
     0     0  109.92535    0  207  122.18810  109.92535  10.0%     -   17s
     0     0  109.92663    0  228  122.18810  109.92663  10.0%     -   19s
     0     0  109.92690    0  231  122.18810  109.92690  10.0%     -   19s
     0     0  109.92751    0  195  122.18810  109.92751  10.0%     -   20s
     0     0  109.92805    0  230  122.18810  109.92805  10.0%     -   21s
     0     0  109.92834    0  303  122.18810  109.92834  10.0%     -   22s
     0     0  109.92835    0  304  122.18810  109.92835  10.0%     -   22s
     0     0  109.92868    0  306  122.18810  109.92868  10.0%     -   24s
     0     0  109.92923    0  301  122.18810  109.92923  10.0%     -   24s
     0     0  109.93001    0  280  122.18810  109.93001  10.0%     -   26s
     0     0  109.93009    0  308  122.18810  109.93009  10.0%     -   26s
     0     0  109.93252    0  255  122.18810  109.93252  10.0%     -   28s
     0     0  109.93287    0  266  122.18810  109.93287  10.0%     -   28s
     0     0  109.93644    0  232  122.18810  109.93644  10.0%     -   30s
     0     0  109.93653    0  254  122.18810  109.93653  10.0%     -   30s
     0     0  109.93978    0  256  122.18810  109.93978  10.0%     -   32s
     0     0  109.93994    0  266  122.18810  109.93994  10.0%     -   32s
     0     0  109.94502    0  242  122.18810  109.94502  10.0%     -   34s
     0     0  109.94532    0  257  122.18810  109.94532  10.0%     -   34s
     0     0  109.94615    0  239  122.18810  109.94615  10.0%     -   35s
     0     0  109.94616    0  272  122.18810  109.94616  10.0%     -   36s
     0     0  109.94710    0  284  122.18810  109.94710  10.0%     -   37s
     0     0  109.94729    0  293  122.18810  109.94729  10.0%     -   37s
     0     0  109.94909    0  280  122.18810  109.94909  10.0%     -   39s
     0     0  109.94951    0  296  122.18810  109.94951  10.0%     -   40s
     0     0  109.95168    0  298  122.18810  109.95168  10.0%     -   41s
     0     0  109.95200    0  287  122.18810  109.95200  10.0%     -   41s
     0     0  109.95443    0  289  122.18810  109.95443  10.0%     -   43s
     0     0  109.95478    0  311  122.18810  109.95478  10.0%     -   43s
     0     0  109.97476    0  329  122.18810  109.97476  10.0%     -   45s
     0     0  109.98048    0  371  122.18810  109.98048  10.0%     -   45s
     0     0  109.98142    0  320  122.18810  109.98142  10.0%     -   47s
     0     0  109.98180    0  327  122.18810  109.98180  10.0%     -   47s
     0     0  109.98244    0  310  122.18810  109.98244  10.0%     -   49s
     0     0  109.98256    0  325  122.18810  109.98256  10.0%     -   49s
     0     0  109.98492    0  301  122.18810  109.98492  10.0%     -   50s
     0     0  109.98542    0  281  122.18810  109.98542  10.0%     -   51s
     0     0  109.98636    0  334  122.18810  109.98636  10.0%     -   52s
     0     0  109.98704    0  315  122.18810  109.98704  10.0%     -   52s
     0     0  109.98724    0  345  122.18810  109.98724  10.0%     -   53s
     0     0  109.98738    0  334  122.18810  109.98738  10.0%     -   53s
     0     0  109.98764    0  324  122.18810  109.98764  10.0%     -   54s
     0     0  109.98764    0  284  122.18810  109.98764  10.0%     -   55s
     0     2  109.98764    0  283  122.18810  109.98764  10.0%     -   56s
    15    32  110.67724    4  247  122.18810  109.99076  10.0%   978   60s
H   31    48                     122.1705791  109.99126  10.0%   822   62s
    47    64  109.99127    6  316  122.17058  109.99127  10.0%   882   66s
    63    80  110.20907    7  301  122.17058  109.99127  10.0%   928   71s
H   79    96                     121.7462839  109.99127  9.66%   988   75s
   111   128  111.63379   10  300  121.74628  109.99146  9.66%  1139   83s
   127   144  111.51032   11  290  121.74628  109.99225  9.65%  1126   86s
H  137   144                     121.7086209  109.99384  9.63%  1130   86s
   159   177  110.81762   13  434  121.70862  109.99507  9.62%  1178   94s
H  176   193                     121.7086208  109.99529  9.62%  1201  101s
   192   211  110.00499   15  293  121.70862  109.99917  9.62%  1199  105s
   230   247  112.68093   17  346  121.70862  110.01013  9.61%  1308  119s
   246   273  110.02224   19  290  121.70862  110.02224  9.60%  1325  123s
   272   289  111.23145   20  381  121.70862  110.02224  9.60%  1363  138s
   288   309  110.02403   22  308  121.70862  110.02256  9.60%  1366  140s
   308   332  110.13773   23  254  121.70862  110.02403  9.60%  1381  150s
   365   401  110.06876   25  300  121.70862  110.03656  9.59%  1345  157s
   400   426  110.03714   28  272  121.70862  110.03714  9.59%  1309  163s
   425   456  111.58571   29  258  121.70862  110.04096  9.59%  1305  169s
   455   472  110.12013   32  345  121.70862  110.04607  9.58%  1326  206s
H  458   472                     111.0627476  110.04772  0.91%  1319  206s
H  460   472                     111.0627475  110.05231  0.91%  1320  206s
H  465   472                     110.9315707  110.05231  0.79%  1319  206s
H  466   472                     110.8960809  110.05231  0.76%  1317  206s
   471   103  110.07906   34  327  110.89608  110.05232  0.76%  1325  210s
   560   162  110.09746   41  397  110.89608  110.08973  0.73%  1229  218s
   624   182  110.09572   44  375  110.89608  110.09572  0.72%  1158  225s
H  686   182                     110.8960809  110.09626  0.72%  1129  228s
   687   183  110.84903   23  284  110.89608  110.09626  0.72%  1127  233s
   689   184  110.09626   45   67  110.89608  110.09626  0.72%  1124  236s
   694   188  110.19693   40  271  110.89608  110.13000  0.69%  1116  240s
   695   188  110.17580   35  220  110.89608  110.14943  0.67%  1114  246s
   701   192  110.21124   40  208  110.89608  110.21124  0.62%  1105  256s
   707   196  110.32157   30  195  110.89608  110.32157  0.52%  1095  265s

Cutting planes:
  Gomory: 11
  Lift-and-project: 7
  Cover: 12
  Implied bound: 59
  Projected implied bound: 1
  Clique: 6
  MIR: 294
  StrongCG: 1
  Flow cover: 571
  GUB cover: 2
  Zero half: 8
  Network: 7
  RLT: 47
  Relax-and-lift: 46

Explored 708 nodes (815702 simplex iterations) in 266.89 seconds (176.41 work units)
Thread count was 32 (of 32 available processors)

Solution count 10: 110.896 110.896 110.896 ... 122.171

Optimal solution found (tolerance 5.00e-03)
Best objective 1.108960808923e+02, best bound 1.103427589322e+02, gap 0.4990%
