
Gurobi 9.5.2 (linux64) logging started Tue Aug 11 20:42:42 2026

Set parameter LogFile to value "/mnt/beegfs/users/celinep/ChargeAndBreak/logs/oracle_RmediumCfewTnone_4__diesel_gurobi.log"
Gurobi Optimizer version 9.5.2 build v9.5.2rc0 (linux64)
Thread count: 16 physical cores, 32 logical processors, using up to 32 threads
Optimize a model with 6247 rows, 3317 columns and 79995 nonzeros
Model fingerprint: 0x716e7ccb
Variable types: 2095 continuous, 1222 integer (1222 binary)
Coefficient statistics:
  Matrix range     [2e-01, 1e+03]
  Objective range  [5e-01, 1e+00]
  Bounds range     [1e+00, 4e+01]
  RHS range        [2e-01, 2e+07]

User MIP start did not produce a new incumbent solution
User MIP start violates constraint c_l_x9266_ by 1.000000000

Presolve removed 2967 rows and 1162 columns
Presolve time: 1.69s
Presolved: 3280 rows, 2155 columns, 68172 nonzeros
Variable types: 1249 continuous, 906 integer (906 binary)
Found heuristic solution: objective 1306.6449853
Root relaxation presolve removed 43 rows and 0 columns
Root relaxation presolved: 3237 rows, 2155 columns, 52015 nonzeros


Root relaxation: objective 6.993319e+01, 1907 iterations, 0.54 seconds (0.25 work units)
Another try with MIP start

    Nodes    |    Current Node    |     Objective Bounds      |     Work
 Expl Unexpl |  Obj  Depth IntInf | Incumbent    BestBd   Gap | It/Node Time

H    0     0                      71.7283187   69.93319  2.50%     -    3s
     0     0   69.93319    0   20   71.72832   69.93319  2.50%     -    3s
     0     0   70.06291    0   11   71.72832   70.06291  2.32%     -    3s
     0     0   70.06804    0   12   71.72832   70.06804  2.31%     -    3s
     0     0   70.06804    0   24   71.72832   70.06804  2.31%     -    3s
     0     0   70.07277    0   88   71.72832   70.07277  2.31%     -    4s
     0     0   70.07703    0   68   71.72832   70.07703  2.30%     -    4s
     0     0   70.09063    0   25   71.72832   70.09063  2.28%     -    5s
     0     0   70.09063    0   44   71.72832   70.09063  2.28%     -    5s
     0     0   70.16138    0   29   71.72832   70.16138  2.18%     -    6s
     0     0   70.16138    0   31   71.72832   70.16138  2.18%     -    6s
     0     0   70.16197    0   22   71.72832   70.16197  2.18%     -    7s
     0     0   70.16197    0   17   71.72832   70.16197  2.18%     -    7s
     0     0   70.16306    0   18   71.72832   70.16306  2.18%     -    8s
     0     0   70.16306    0   23   71.72832   70.16306  2.18%     -    8s
     0     0   70.17058    0   20   71.72832   70.17058  2.17%     -    9s
     0     0   70.17058    0   22   71.72832   70.17058  2.17%     -    9s
     0     0   70.17058    0   16   71.72832   70.17058  2.17%     -   10s
     0     0   70.17058    0   18   71.72832   70.17058  2.17%     -   10s
     0     0   70.17058    0    7   71.72832   70.17058  2.17%     -   11s
     0     0   70.17058    0    7   71.72832   70.17058  2.17%     -   11s
H    0     0                      70.8116520   70.17058  0.91%     -   11s
     0     0   70.17058    0    9   70.81165   70.17058  0.91%     -   12s
     0     0   70.17058    0   15   70.81165   70.17058  0.91%     -   12s
     0     0   70.17058    0   18   70.81165   70.17058  0.91%     -   13s
     0     0   70.17058    0   13   70.81165   70.17058  0.91%     -   13s
     0     0   70.17058    0   21   70.81165   70.17058  0.91%     -   16s
     0     0   70.17058    0   31   70.81165   70.17058  0.91%     -   17s
     0     0   70.17058    0   31   70.81165   70.17058  0.91%     -   17s
     0     0   70.17058    0   19   70.81165   70.17058  0.91%     -   17s
     0     0   70.17058    0   22   70.81165   70.17058  0.91%     -   17s
     0     0   70.17058    0    9   70.81165   70.17058  0.91%     -   18s
     0     0   70.17058    0   10   70.81165   70.17058  0.91%     -   18s
     0     0   70.17058    0    7   70.81165   70.17058  0.91%     -   19s
     0     0   70.17058    0    9   70.81165   70.17058  0.91%     -   19s
     0     0   70.17058    0    9   70.81165   70.17058  0.91%     -   20s
     0     0   70.17058    0    7   70.81165   70.17058  0.91%     -   21s
     0     0   70.17058    0    6   70.81165   70.17058  0.91%     -   21s
     0     0   70.17058    0    8   70.81165   70.17058  0.91%     -   21s
     0     0   70.17058    0    7   70.81165   70.17058  0.91%     -   21s
     0     0   70.17058    0    8   70.81165   70.17058  0.91%     -   21s
     0     0   70.17058    0    7   70.81165   70.17058  0.91%     -   21s
     0     0   70.17083    0   62   70.81165   70.17083  0.90%     -   21s
     0     0   70.17094    0   67   70.81165   70.17094  0.90%     -   22s
     0     0   70.17094    0   70   70.81165   70.17094  0.90%     -   22s
     0     0   70.17094    0   69   70.81165   70.17094  0.90%     -   23s
     0     0   70.17094    0   12   70.81165   70.17094  0.90%     -   25s
     0     0   70.17094    0   79   70.81165   70.17094  0.90%     -   26s
     0     0   70.17094    0   79   70.81165   70.17094  0.90%     -   26s
     0     0   70.17094    0  115   70.81165   70.17094  0.90%     -   27s
     0     0   70.17094    0  115   70.81165   70.17094  0.90%     -   27s
     0     0   70.17094    0   68   70.81165   70.17094  0.90%     -   29s
     0     0   70.17094    0   67   70.81165   70.17094  0.90%     -   29s
     0     0   70.17095    0   65   70.81165   70.17095  0.90%     -   31s
     0     0   70.17108    0   67   70.81165   70.17108  0.90%     -   31s
H    0     0                      70.8116519   70.17108  0.90%     -   32s
     0     0   70.17110    0   82   70.81165   70.17110  0.90%     -   32s
     0     0   70.17110    0   74   70.81165   70.17110  0.90%     -   33s
     0     0   70.17110    0   73   70.81165   70.17110  0.90%     -   33s
     0     0   70.17110    0   71   70.81165   70.17110  0.90%     -   34s
     0     2   70.17525    0   71   70.81165   70.17525  0.90%     -   35s
    75    17   70.17525   11   71   70.81165   70.17525  0.90%  62.0   40s
   294    85   70.18128   26   32   70.81165   70.18128  0.89%  48.1   45s
  1261   519     cutoff   70        70.81165   70.29947  0.72%  39.3   50s

Cutting planes:
  Gomory: 13
  Lift-and-project: 24
  Cover: 30
  Implied bound: 287
  Projected implied bound: 1
  Clique: 9
  MIR: 680
  StrongCG: 1
  Flow cover: 800
  Flow path: 11
  GUB cover: 1
  Inf proof: 1
  Zero half: 205
  RLT: 67
  Relax-and-lift: 139

Explored 2806 nodes (117917 simplex iterations) in 54.58 seconds (16.18 work units)
Thread count was 32 (of 32 available processors)

Solution count 7: 70.8117 70.8117 70.8117 ... 1306.64

Optimal solution found (tolerance 5.00e-03)
Best objective 7.081165200000e+01, best bound 7.047120748780e+01, gap 0.4808%
