
Gurobi 9.5.2 (linux64) logging started Sat Aug 15 00:54:09 2026

Set parameter LogFile to value "/mnt/beegfs/users/celinep/ChargeAndBreak/logs/oracle_RlongCmanyTnone_24__kw1000_gurobi.log"
Gurobi Optimizer version 9.5.2 build v9.5.2rc0 (linux64)
Thread count: 16 physical cores, 32 logical processors, using up to 32 threads
Optimize a model with 8619 rows, 4542 columns and 145938 nonzeros
Model fingerprint: 0xd1fcc39f
Variable types: 2860 continuous, 1682 integer (1682 binary)
Coefficient statistics:
  Matrix range     [1e-02, 2e+03]
  Objective range  [5e-01, 1e+00]
  Bounds range     [1e+00, 6e+01]
  RHS range        [3e-02, 2e+07]

User MIP start did not produce a new incumbent solution

Presolve removed 2698 rows and 869 columns
Presolve time: 2.90s
Presolved: 5921 rows, 3673 columns, 131762 nonzeros
Variable types: 2193 continuous, 1480 integer (1480 binary)
Found heuristic solution: objective 1834.0587798
Root relaxation presolve removed 161 rows and 103 columns
Root relaxation presolved: 5760 rows, 3570 columns, 101734 nonzeros


Root simplex log...

Iteration    Objective       Primal Inf.    Dual Inf.      Time
    3272    5.7231151e+01   1.377009e+05   0.000000e+00      5s
    5580    1.0078497e+02   0.000000e+00   0.000000e+00      6s
    5581    1.0078497e+02   0.000000e+00   0.000000e+00      6s
Extra simplex iterations after uncrush: 1

Root relaxation: objective 1.007850e+02, 5581 iterations, 2.03 seconds (1.35 work units)
Another try with MIP start

    Nodes    |    Current Node    |     Objective Bounds      |     Work
 Expl Unexpl |  Obj  Depth IntInf | Incumbent    BestBd   Gap | It/Node Time

H    0     0                     128.3887395  100.78497  21.5%     -   15s
     0     0  100.78497    0  416  128.38874  100.78497  21.5%     -   15s
     0     0  102.07283    0  469  128.38874  102.07283  20.5%     -   21s
     0     0  102.18524    0  460  128.38874  102.18524  20.4%     -   22s
     0     0  102.22232    0  466  128.38874  102.22232  20.4%     -   22s
     0     0  102.22877    0  531  128.38874  102.22877  20.4%     -   22s
     0     0  102.22992    0  532  128.38874  102.22992  20.4%     -   22s
     0     0  102.23020    0  530  128.38874  102.23020  20.4%     -   22s
     0     0  102.23021    0  530  128.38874  102.23021  20.4%     -   22s
     0     0  102.39330    0  530  128.38874  102.39330  20.2%     -   25s
     0     0  102.41994    0  536  128.38874  102.41994  20.2%     -   25s
     0     0  102.42354    0  471  128.38874  102.42354  20.2%     -   26s
     0     0  102.42416    0  492  128.38874  102.42416  20.2%     -   26s
     0     0  102.42424    0  491  128.38874  102.42424  20.2%     -   26s
     0     0  102.53302    0  525  128.38874  102.53302  20.1%     -   29s
     0     0  102.54854    0  523  128.38874  102.54854  20.1%     -   30s
     0     0  102.55332    0  516  128.38874  102.55332  20.1%     -   30s
     0     0  102.55410    0  537  128.38874  102.55410  20.1%     -   30s
     0     0  102.55420    0  543  128.38874  102.55420  20.1%     -   30s
     0     0  102.64095    0  502  128.38874  102.64095  20.1%     -   33s
     0     0  102.64619    0  521  128.38874  102.64619  20.1%     -   34s
     0     0  102.64776    0  521  128.38874  102.64776  20.0%     -   34s
     0     0  102.64797    0  525  128.38874  102.64797  20.0%     -   34s
     0     0  102.75390    0  494  128.38874  102.75390  20.0%     -   38s
     0     0  102.76631    0  504  128.38874  102.76631  20.0%     -   39s
     0     0  102.76959    0  520  128.38874  102.76959  20.0%     -   39s
     0     0  102.77007    0  530  128.38874  102.77007  20.0%     -   40s
     0     0  102.77024    0  531  128.38874  102.77024  20.0%     -   40s
     0     0  102.93689    0  457  128.38874  102.93689  19.8%     -   45s
     0     0  102.95829    0  491  128.38874  102.95829  19.8%     -   46s
     0     0  102.96550    0  508  128.38874  102.96550  19.8%     -   46s
     0     0  102.96829    0  506  128.38874  102.96829  19.8%     -   46s
     0     0  102.96913    0  542  128.38874  102.96913  19.8%     -   46s
     0     0  102.96914    0  545  128.38874  102.96914  19.8%     -   46s
     0     0  103.05283    0  510  128.38874  103.05283  19.7%     -   52s
     0     0  103.05931    0  504  128.38874  103.05931  19.7%     -   53s
     0     0  103.06053    0  531  128.38874  103.06053  19.7%     -   53s
     0     0  103.06114    0  548  128.38874  103.06114  19.7%     -   53s
     0     0  103.06173    0  541  128.38874  103.06173  19.7%     -   53s
     0     0  103.06216    0  541  128.38874  103.06216  19.7%     -   53s
     0     0  103.08636    0  494  128.38874  103.08636  19.7%     -   57s
     0     0  103.09687    0  533  128.38874  103.09687  19.7%     -   58s
     0     0  103.10027    0  536  128.38874  103.10027  19.7%     -   59s
     0     0  103.10073    0  556  128.38874  103.10073  19.7%     -   59s
     0     0  103.12759    0  534  128.38874  103.12759  19.7%     -   62s
     0     0  103.13073    0  540  128.38874  103.13073  19.7%     -   63s
     0     0  103.13103    0  549  128.38874  103.13103  19.7%     -   63s
     0     0  103.13643    0  563  128.38874  103.13643  19.7%     -   66s
     0     0  103.13806    0  559  128.38874  103.13806  19.7%     -   67s
     0     0  103.13822    0  547  128.38874  103.13822  19.7%     -   67s
     0     0  103.14768    0  564  128.38874  103.14768  19.7%     -   70s
     0     0  103.15542    0  541  128.38874  103.15542  19.7%     -   71s
     0     0  103.15773    0  564  128.38874  103.15773  19.7%     -   71s
     0     0  103.15884    0  579  128.38874  103.15884  19.7%     -   72s
     0     0  103.15899    0  579  128.38874  103.15899  19.7%     -   72s
     0     0  103.17030    0  535  128.38874  103.17030  19.6%     -   76s
     0     0  103.17252    0  572  128.38874  103.17252  19.6%     -   76s
     0     0  103.17270    0  575  128.38874  103.17270  19.6%     -   77s
     0     0  103.19243    0  536  128.38874  103.19243  19.6%     -   82s
     0     0  103.20214    0  540  128.38874  103.20214  19.6%     -   83s
     0     0  103.20415    0  553  128.38874  103.20415  19.6%     -   83s
     0     0  103.20456    0  548  128.38874  103.20456  19.6%     -   83s
     0     0  103.23012    0  512  128.38874  103.23012  19.6%     -   87s
     0     0  103.23215    0  466  128.38874  103.23215  19.6%     -   88s
     0     0  103.23476    0  511  128.38874  103.23476  19.6%     -   88s
     0     0  103.23487    0  517  128.38874  103.23487  19.6%     -   89s
     0     0  103.25764    0  526  128.38874  103.25764  19.6%     -   93s
     0     0  103.26137    0  541  128.38874  103.26137  19.6%     -   94s
     0     0  103.26306    0  578  128.38874  103.26306  19.6%     -   94s
     0     0  103.26333    0  555  128.38874  103.26333  19.6%     -   95s
     0     0  103.27365    0  559  128.38874  103.27365  19.6%     -  100s
     0     0  103.27543    0  533  128.38874  103.27543  19.6%     -  100s
     0     0  103.27581    0  540  128.38874  103.27581  19.6%     -  100s
     0     0  103.28062    0  535  128.38874  103.28062  19.6%     -  104s
     0     0  103.28187    0  527  128.38874  103.28187  19.6%     -  105s
     0     0  103.28195    0  542  128.38874  103.28195  19.6%     -  105s
     0     0  103.28910    0  502  128.38874  103.28910  19.5%     -  109s
     0     0  103.29030    0  519  128.38874  103.29030  19.5%     -  110s
     0     0  103.29060    0  525  128.38874  103.29060  19.5%     -  110s
     0     0  103.30271    0  471  128.38874  103.30271  19.5%     -  113s
     0     0  103.30491    0  532  128.38874  103.30491  19.5%     -  114s
     0     0  103.30527    0  501  128.38874  103.30527  19.5%     -  114s
     0     0  103.31130    0  477  128.38874  103.31130  19.5%     -  117s
     0     0  103.31514    0  462  128.38874  103.31514  19.5%     -  118s
     0     0  103.31519    0  476  128.38874  103.31519  19.5%     -  119s
     0     0  103.31770    0  521  128.38874  103.31770  19.5%     -  122s
     0     0  103.31770    0  439  128.38874  103.31770  19.5%     -  125s
     0     2  103.31770    0  430  128.38874  103.31770  19.5%     -  128s
     1     4  103.31770    1  437  128.38874  103.31770  19.5%   269  130s
    15    32  105.43720    4  402  128.38874  103.32909  19.5%   695  136s
H   38    48                     128.3054061  103.33725  19.5%   714  139s
H   40    48                     128.1837529  103.33725  19.4%   716  139s
    47    64  103.33756    6  559  128.18375  103.33743  19.4%   738  141s
    63    80  103.34468    7  521  128.18375  103.33764  19.4%   780  146s
H   79    96                     127.8488287  103.34468  19.2%   777  149s
H   81    96                     127.7472828  103.34519  19.1%   780  149s
H   81    96                     127.7205920  103.34519  19.1%   780  149s
H   83    96                     127.4612205  103.34519  18.9%   776  149s
H   86    96                     127.3520047  103.34519  18.9%   766  149s
H   91    96                     127.1226155  103.34519  18.7%   769  149s
H   93    96                     127.0954902  103.34519  18.7%   755  149s
    95   112  103.34694    9  538  127.09549  103.34533  18.7%   766  151s
   127   144  103.35161   11  544  127.09549  103.35155  18.7%   754  160s
H  128   144                     126.7941440  103.35155  18.5%   748  160s
H  128   144                     126.7590989  103.35155  18.5%   748  160s
   159   176  104.79141   13  423  126.75910  103.36889  18.5%   787  166s
   175   192  103.37058   14  586  126.75910  103.37023  18.5%   776  176s
H  176   192                     117.2652118  103.37023  11.8%   771  176s
H  179   192                     117.2078450  103.37058  11.8%   780  176s
H  185   192                     117.1461197  103.37058  11.8%   784  176s
H  190   192                     116.6673609  103.37058  11.4%   799  176s
   191   208  103.37061   15  588  116.66736  103.37061  11.4%   799  203s
H  195   208                     116.4924685  103.37061  11.3%   797  203s
   207   224  103.39225   16  572  116.49247  103.37086  11.3%   795  206s
H  223   240                     116.2442625  103.39225  11.1%   796  219s
H  228   240                     116.1234750  103.39340  11.0%   803  219s
   239   261  103.44593   18  521  116.12348  103.39357  11.0%   826  223s
   260   288  103.39739   19  549  116.12348  103.39739  11.0%   843  228s
   287   304  103.39909   20  538  116.12348  103.39909  11.0%   863  236s
H  291   304                     106.1366428  103.39909  2.58%   864  236s
   303   193  103.40013   21  553  106.13664  103.40013  2.58%   865  241s
   363   180  103.43372   23  502  106.13664  103.41650  2.56%   781  246s
   389   183  103.43533   24  561  106.13664  103.43377  2.55%   748  250s
   442   204 infeasible   29       106.13664  103.44328  2.54%   717  258s
   475   202 infeasible   33       106.13664  103.47037  2.51%   699  263s
H  503   201                     105.9500650  103.55734  2.26%   704  282s
   504   202  104.75718   25  439  105.95006  103.55734  2.26%   702  293s
   506   203  104.31883   14  460  105.95006  103.55734  2.26%   699  299s
   507   204  105.07603   15  430  105.95006  103.55734  2.26%   698  304s
   508   205  104.58246   12  423  105.95006  103.55734  2.26%   697  306s
   515   209  104.69180   12  464  105.95006  103.55960  2.26%   687  310s
   516   210  103.85655   29  485  105.95006  103.61358  2.21%   686  323s
   521   213  104.72417   12  486  105.95006  103.63063  2.19%   679  328s
   522   214  103.73971   35  440  105.95006  103.73971  2.09%   678  340s
   525   216  105.11289   18  467  105.95006  103.76868  2.06%   674  345s
   526   217  104.72238   12  447  105.95006  103.84727  1.98%   673  357s
   529   219  104.73674   10  477  105.95006  103.86932  1.96%   669  363s
   530   219  104.80821   14  450  105.95006  103.91448  1.92%   668  374s
   531   220  104.76292   14  494  105.95006  103.93558  1.90%   666  375s
   534   222  103.93931   28  503  105.95006  103.93931  1.90%   663  380s
   535   223  104.24805   19  483  105.95006  103.95945  1.88%   661  390s
   539   225  103.97037   32  463  105.95006  103.97037  1.87%   657  396s
   540   226  105.15737   12  465  105.95006  103.98345  1.86%   655  401s
   542   227  104.92624   12  492  105.95006  103.98658  1.85%   653  407s
   543   228  104.69180   12  486  105.95006  103.98973  1.85%   652  414s
   546   230  103.99524   27  497  105.95006  103.99524  1.85%   648  420s
   547   231  104.00753   31  442  105.95006  104.00753  1.83%   647  426s
   550   233  104.01462   35  521  105.95006  104.01462  1.83%   643  431s
   551   233  104.46980   16  474  105.95006  104.02470  1.82%   642  442s
   553   235  104.69400   12  492  105.95006  104.02662  1.82%   640  447s
   554   235  105.00435    7  495  105.95006  104.03421  1.81%   639  452s
   556   237  104.72238   12  525  105.95006  104.03624  1.81%   636  458s
   557   237  104.03974   32  496  105.95006  104.03974  1.80%   635  471s
   558   238  105.06633   12  493  105.95006  104.03974  1.80%   634  477s
   559   239  104.96733    7  493  105.95006  104.04283  1.80%   633  480s
   560   242  104.05199   15  477  105.95006  104.04283  1.80%   687  509s
   562   245  104.08267   16  484  105.95006  104.08267  1.76%   687  519s
   566   250  104.09891   17  480  105.95006  104.08329  1.76%   687  523s
   573   256  104.10071   18  497  105.95006  104.09931  1.75%   687  526s
   619   276  104.10591   21  488  105.95006  104.10591  1.74%   683  533s
   635   282  104.23741   22  404  105.95006  104.10601  1.74%   686  536s
H  639   268                     105.8737260  104.10850  1.67%   683  536s
   674   290  104.10961   25  489  105.87373  104.10951  1.67%   676  540s
H  702   282                     105.8045271  104.11316  1.60%   679  543s
   714   292  104.12110   28  492  105.80453  104.11412  1.60%   678  545s
   764   313  104.19822   30  423  105.80453  104.12183  1.59%   664  560s
H  765   302                     105.8045271  104.12183  1.59%   663  560s
H  769   290                     105.8045270  104.13001  1.58%   664  560s
H  770   278                     105.7064860  104.13001  1.49%   663  560s
H  772   268                     105.6909171  104.13001  1.48%   665  560s
   806   295  104.26670   33  477  105.69092  104.16785  1.44%   668  569s
   827   308  104.19754   35  470  105.69092  104.19754  1.41%   673  573s
   853   328  104.20921   37  487  105.69092  104.19787  1.41%   668  575s
   906   358  104.34928   40  442  105.69092  104.21319  1.40%   663  582s
   932   377  104.51375   43  342  105.69092  104.21948  1.39%   663  586s
   997   405  104.44123   48  411  105.69092  104.25776  1.36%   668  592s
  1022   410  104.27842   50  421  105.69092  104.26325  1.35%   671  599s
  1039   421  104.28935   51  433  105.69092  104.28935  1.33%   673  610s
H 1050   411                     105.5242504  104.28941  1.17%   672  610s
  1115   517 infeasible   53       105.52425  104.29840  1.16%   655  615s
  1237   599  104.60618   32  287  105.52425  104.30908  1.15%   634  635s
H 1245   599                     105.5242504  104.31206  1.15%   636  635s
  1334   747  104.84356   31  328  105.52425  104.31751  1.14%   621  641s
  1452   855  104.57631   41  332  105.52425  104.32819  1.13%   612  647s
  1532   928  104.40018   31  360  105.52425  104.33283  1.13%   599  651s
  1609  1021  104.42431   59  330  105.52425  104.33648  1.13%   591  655s
  1821  1227  104.36675   29  362  105.52425  104.34403  1.12%   579  666s
  1941  1416  104.55785   47  393  105.52425  104.34964  1.11%   568  673s
  2136  1552  104.46198   36  357  105.52425  104.35128  1.11%   547  679s
  2282  1567  104.36696   20  373  105.52425  104.35571  1.11%   535  710s
  2298  1719  104.85507   24  441  105.52425  104.36014  1.10%   538  717s
  2454  1896  104.51047   37  462  105.52425  104.36198  1.10%   531  722s
  2635  2077  104.50264   37  303  105.52425  104.36427  1.10%   521  727s
  2818  2217  104.37083   37  385  105.52425  104.36954  1.09%   510  732s
  2958  2347  104.49853   38  286  105.52425  104.37095  1.09%   509  736s
  3092  2518  104.50149   39  353  105.52425  104.37708  1.09%   504  741s
  3265  2707  104.49884   35  298  105.52425  104.38305  1.08%   499  748s
  3460  2984  104.53641   65  341  105.52425  104.38793  1.08%   496  753s
  3751  3199  104.48188   48  350  105.52425  104.39113  1.07%   486  762s
  3975  3441  104.60350   26  338  105.52425  104.39481  1.07%   481  771s
  4225  3657  104.56492   40  253  105.52425  104.39843  1.07%   479  779s
H 4277  3657                     105.5242504  104.39929  1.07%   477  779s
  4443  3996  104.46778   33  282  105.52425  104.40168  1.06%   474  789s
  4573  3996  104.43777   32  352  105.52425  104.40233  1.06%   470  790s
  4788  4255  104.48098   44  387  105.52425  104.40361  1.06%   466  798s
  5065  4517  104.47661   45  375  105.52425  104.40810  1.06%   464  808s
  5341  4797  104.85172   23  370  105.52425  104.41070  1.06%   462  818s
  5629  5094  104.58191   53  421  105.52425  104.41498  1.05%   459  828s
  5930  5415  104.55638   40  345  105.52425  104.41874  1.05%   457  836s
  6259  5765  104.73849   41  328  105.52425  104.42280  1.04%   456  846s
  6628  6003  104.53999   53  305  105.52425  104.42847  1.04%   454  859s
  6874  6357  104.54680   28  308  105.52425  104.43280  1.03%   452  871s
  7245  6819  104.64322   38  344  105.52425  104.43592  1.03%   450  884s
  7717  7330  104.52496   45  292  105.52425  104.43961  1.03%   448  903s
  8243  7756  104.66274   50  427  105.52425  104.44375  1.02%   445  916s
  8684  8245  104.85363   44  358  105.52425  104.44815  1.02%   443  929s
  9180  8408  104.55244   44  360  105.52425  104.45405  1.01%   442  942s
  9357  8764  104.52804   64  407  105.52425  104.45656  1.01%   440  958s
  9722  8933  104.55122   60  347  105.52425  104.45963  1.01%   439  986s
H 9738  8933                     105.5242503  104.45963  1.01%   439  986s
  9895  9508  104.52940   32  352  105.52425  104.46157  1.01%   439 1004s
 10487 10117  104.55545   28  385  105.52425  104.46617  1.00%   437 1022s
 11116 10728  104.55754   50  314  105.52425  104.47225  1.00%   436 1043s
 11753 11425  104.48036   47  404  105.52425  104.47705  0.99%   435 1068s
 12473 12150  104.60864   43  345  105.52425  104.48224  0.99%   435 1090s
 13216 12908  104.74126   43  272  105.52425  104.48709  0.98%   434 1111s
 14006 13330  104.79672   52  282  105.52425  104.49189  0.98%   435 1131s
 14461 14017  104.60135   40  387  105.52425  104.49702  0.97%   435 1161s
 15194 14830  104.55661   35  269  105.52425  104.50116  0.97%   433 1189s
 16027 15658  104.91553   35  351  105.52425  104.50808  0.96%   431 1214s
 16895 16621  104.58359   44  325  105.52425  104.51435  0.96%   431 1242s
 17899 17374  104.64423   48  376  105.52425  104.51997  0.95%   429 1269s
 18680 18486  104.62067   44  291  105.52425  104.52550  0.95%   428 1304s
 19833 19614  104.98210   36  326  105.52425  104.53077  0.94%   427 1328s
 20987 20859  104.56326   44  335  105.52425  104.53861  0.93%   426 1356s
 22262 21667  104.65678   44  308  105.52425  104.54567  0.93%   426 1381s
 23107 21766  104.61513   34  359  105.52425  104.55059  0.92%   426 1420s
H23138 21766                     105.5242502  104.55175  0.92%   426 1420s
 23212 23381  104.72959   55  374  105.52425  104.55398  0.92%   426 1456s
 24874 24409  104.78612   27  380  105.52425  104.56072  0.91%   423 1486s
 25946 25718  104.74942   50  326  105.52425  104.56961  0.90%   423 1516s
 27314 26864  105.12960   52  374  105.52425  104.57614  0.90%   424 1545s
 28525 28496  104.62763   43  312  105.52425  104.58371  0.89%   422 1576s
 30242 30185  104.82914   48  343  105.52425  104.59348  0.88%   420 1610s
 31990 31934  104.67950   39  196  105.52425  104.60258  0.87%   419 1642s
 33816 33477  104.75874   39  359  105.52425  104.61080  0.87%   417 1677s
 35436 35419  104.85903   57  404  105.52425  104.61781  0.86%   416 1717s
 37436 37803  104.77976   28  323  105.52425  104.62789  0.85%   414 1765s
 39915 40152  104.66297   41  341  105.52425  104.63583  0.84%   410 1812s
 42352 42830  105.01442   58  324  105.52425  104.64125  0.84%   407 1865s
 45148 45104  104.97281   48  263  105.52425  104.65285  0.83%   404 1920s
 47515 47321  104.67190   55  300  105.52425  104.65907  0.82%   402 1970s
 49829 49386  104.68192   43  239  105.52425  104.66524  0.81%   399 2017s
 52004 51735  104.86384   49  305  105.52425  104.67068  0.81%   398 2059s
 52945 51735  104.73991   46  414  105.52425  104.67134  0.81%   397 2060s
 54465 54072  105.12736   40  289  105.52425  104.67772  0.80%   396 2101s
 56935 56376 infeasible   62       105.52425  104.68291  0.80%   394 2144s
 58028 56376  105.05997   43  323  105.52425  104.68325  0.80%   393 2145s
 59338 58529  104.78577   48  365  105.52425  104.68938  0.79%   392 2189s
 61329 58529  105.11190   60  269  105.52425  104.69021  0.79%   391 2190s
 61600 60763  104.95044   37  214  105.52425  104.69494  0.79%   391 2236s
 63981 63499  104.81727   44  213  105.52425  104.69890  0.78%   390 2294s
H64316 63480                     105.5188271  104.69900  0.78%   389 2295s
 66896 65092  104.73841   43  415  105.51883  104.70440  0.77%   387 2351s
 68590 67745     cutoff   38       105.51883  104.70742  0.77%   386 2409s
 71377 70328  104.87886   62  318  105.51883  104.71390  0.76%   385 2463s
 74146 72711  104.73054   47  267  105.51883  104.71846  0.76%   383 2521s
 76630 75143  104.77586   66  245  105.51883  104.72376  0.75%   382 2574s
 79155 77568  104.78765   50  324  105.51883  104.72780  0.75%   381 2631s
 81713 79948  104.82943   40  321  105.51883  104.73202  0.75%   380 2687s
 84239 82248  105.22245   60  304  105.51883  104.73548  0.74%   379 2739s
 86671 84942  104.81747   42  307  105.51883  104.73866  0.74%   378 2794s
 87007 84942  104.75693   60  353  105.51883  104.73878  0.74%   378 2795s
 89512 87300  104.76279   50  330  105.51883  104.74265  0.74%   377 2844s
 91830 87300  104.98508   39  266  105.51883  104.74622  0.73%   376 2845s
 91980 89650  104.78294   54  320  105.51883  104.74632  0.73%   376 2896s
 94451 91977  105.06975   59  344  105.51883  104.74923  0.73%   375 2944s
 95313 91977  105.22544   65  280  105.51883  104.74962  0.73%   375 2945s
 96907 94264  104.83704   36  250  105.51883  104.75285  0.73%   374 2989s
 98343 94264  105.17778   39  361  105.51883  104.75326  0.73%   374 2990s
 99334 96506  104.83063   58  405  105.51883  104.75601  0.72%   374 3033s
 101712 98774  104.87558   49  336  105.51883  104.75963  0.72%   373 3078s
 104130 101007  104.84404   55  356  105.51883  104.76322  0.72%   372 3126s
 106528 103037  105.22678   54  298  105.51883  104.76581  0.71%   371 3178s
H106672 103037                     105.5188271  104.76581  0.71%   371 3178s
 108668 103122  104.77974   56  311  105.51883  104.76905  0.71%   371 3255s
H108692 103122                     105.5188271  104.76918  0.71%   371 3255s
 108760 107242  104.93658   27  281  105.51883  104.76953  0.71%   371 3382s
 113198 109715  104.81622   56  434  105.51883  104.77483  0.71%   371 3440s
 115836 112029  104.78812   34  253  105.51883  104.77738  0.70%   370 3495s
H116108 112029                     105.5188270  104.77747  0.70%   370 3495s
H116452 112029                     105.5188270  104.77755  0.70%   370 3496s
 118308 114421  104.82265   54  322  105.51883  104.78027  0.70%   369 3552s
H120664 114421                     105.5188266  104.78074  0.70%   369 3554s
 120859 116957  104.84908   48  282  105.51883  104.78382  0.70%   369 3608s
 123524 119174  105.32066   52  347  105.51883  104.78696  0.69%   368 3659s
 125909 121586  105.06729   46  303  105.51883  104.78953  0.69%   368 3712s
 128473 124157  104.79467   35  318  105.51883  104.79259  0.69%   367 3767s
 131187 126772     cutoff   27       105.51883  104.79578  0.69%   366 3828s
 133965 129124  105.26527   50  253  105.51883  104.79920  0.68%   366 3883s
 136477 131488  104.90544   42  424  105.51883  104.80215  0.68%   365 3941s
 138985 133874  105.15015   39  174  105.51883  104.80511  0.68%   365 3993s
 141562 136185  104.81363   46  325  105.51883  104.80827  0.67%   364 4032s
 144017 138526  104.94757   48  293  105.51883  104.81041  0.67%   364 4074s
 144309 138526  104.83576   46  271  105.51883  104.81046  0.67%   363 4075s
 146543 141021  104.82807   47  289  105.51883  104.81327  0.67%   363 4117s
 149227 143422  105.16420   51  390  105.51883  104.81593  0.67%   362 4168s
 151811 146190  104.86036   41  252  105.51883  104.81863  0.66%   362 4222s
 154737 148412  104.86640   67  262  105.51883  104.82098  0.66%   361 4268s
 157106 150806     cutoff   47       105.51883  104.82282  0.66%   361 4319s
 159698 153230  104.84408   47  287  105.51883  104.82511  0.66%   360 4375s
 162296 155713  104.85277   70  256  105.51883  104.82785  0.65%   360 4429s
 162731 155713  104.85178   32  256  105.51883  104.82790  0.65%   360 4430s
 164978 157987  104.84673   53  351  105.51883  104.83034  0.65%   359 4479s
 166707 157987  104.86692   64  308  105.51883  104.83064  0.65%   359 4480s
 167415 160072  104.89230   43  329  105.51883  104.83297  0.65%   359 4529s
 168936 160072  105.09213   55  408  105.51883  104.83318  0.65%   359 4530s
 169662 162556  104.84859   38  370  105.51883  104.83488  0.65%   359 4584s
 172312 165143  105.12888   41  390  105.51883  104.83729  0.65%   359 4635s
 175094 167527  105.09439   42  334  105.51883  104.83970  0.64%   358 4683s
 177535 167527  104.94338   46  266  105.51883  104.84077  0.64%   358 4685s
 177683 169774     cutoff   36       105.51883  104.84144  0.64%   358 4732s
 180135 172060  105.40244   45  306  105.51883  104.84329  0.64%   357 4785s
 182607 174469  105.17553   50  249  105.51883  104.84544  0.64%   357 4836s
 185215 176802  104.89534   44  299  105.51883  104.84747  0.64%   357 4885s
 187744 179009  104.99152   63  401  105.51883  104.84964  0.63%   357 4934s
 188325 179009  105.21883   43  267  105.51883  104.84977  0.63%   357 4935s
 190152 181530  105.04707   45  257  105.51883  104.85072  0.63%   356 4991s
 192855 184207  104.88962   55  274  105.51883  104.85325  0.63%   356 5042s
 195751 186469  105.21432   75  174  105.51883  104.85521  0.63%   355 5090s
 198203 188489  105.33511   40  377  105.51883  104.85730  0.63%   355 5141s
 200436 190833  105.07388   43  254  105.51883  104.85861  0.63%   355 5192s
 203045 193083  104.98591   46  305  105.51883  104.86073  0.62%   355 5247s
 205497 195130  104.96747   52  342  105.51883  104.86251  0.62%   354 5294s
 207706 197690  105.35984   58  370  105.51883  104.86397  0.62%   354 5350s
 210536 200063  104.94800   38  239  105.51883  104.86591  0.62%   354 5407s
 213104 202360  105.12343   59  379  105.51883  104.86810  0.62%   353 5461s
 215598 204764  104.93324   38  324  105.51883  104.86936  0.62%   353 5516s
 218184 207271  105.02431   57  271  105.51883  104.87114  0.61%   353 5576s
 220902 209354  104.89572   57  193  105.51883  104.87296  0.61%   353 5634s
 221750 209354  104.92269   37  193  105.51883  104.87316  0.61%   353 5635s
 223204 211840  105.21406   39  261  105.51883  104.87439  0.61%   352 5687s
 225862 214234  104.88797   53  221  105.51883  104.87594  0.61%   352 5738s
 228451 216230  105.33002   50  270  105.51883  104.87777  0.61%   352 5803s
 230660 218584  104.89443   30  205  105.51883  104.87914  0.61%   352 5855s
 233277 220895  105.07425   37  340  105.51883  104.88070  0.60%   352 5903s
 235765 223141  105.01981   68  358  105.51883  104.88190  0.60%   351 5968s
 238175 225400  105.07108   62  324  105.51883  104.88339  0.60%   351 6022s
 240647 227774  104.91572   66  351  105.51883  104.88487  0.60%   351 6080s
 243230 229991  105.11379   39  316  105.51883  104.88618  0.60%   351 6138s
 245610 232432  105.15123   44  305  105.51883  104.88761  0.60%   351 6191s
 248220 234690  105.09191   37  319  105.51883  104.88881  0.60%   351 6246s
 250632 236997  104.97205   61  231  105.51883  104.89045  0.60%   351 6305s
 253165 239360  105.41386   48  279  105.51883  104.89181  0.59%   351 6358s
 255694 241884  104.93065   38  224  105.51883  104.89292  0.59%   351 6405s
 258403 243864  104.92697   49  257  105.51883  104.89427  0.59%   350 6462s
 260588 246316  105.11835   45  221  105.51883  104.89528  0.59%   350 6512s
 263265 248634  104.99962   36  262  105.51883  104.89679  0.59%   350 6562s
 265803 250975  105.16924   44  307  105.51883  104.89796  0.59%   350 6605s
 268372 253177  105.26395   57  348  105.51883  104.89940  0.59%   349 6667s
 270767 254941  105.23641   53  356  105.51883  104.90065  0.59%   349 6729s
 272245 254941  104.97871   50  209  105.51883  104.90079  0.59%   349 6730s
 272742 257384 infeasible   73       105.51883  104.90151  0.59%   349 6787s
 275441 259798  104.93736   68  226  105.51883  104.90266  0.58%   349 6841s
 278025 262313  104.92650   32  255  105.51883  104.90402  0.58%   349 6890s
 280776 264547  104.99901   51  253  105.51883  104.90523  0.58%   348 6945s
 283253 266996     cutoff   56       105.51883  104.90651  0.58%   348 7005s
 285948 269359  104.93210   60  268  105.51883  104.90776  0.58%   348 7061s
 288523 271621  105.30677   58  291  105.51883  104.90898  0.58%   348 7118s
 290981 273735  104.99442   71  307  105.51883  104.91001  0.58%   348 7178s
 293174 273735  105.29907   49  214  105.51883  104.91109  0.58%   348 7180s
 293293 274700  105.23132   53  361  105.51883  104.91113  0.58%   348 7200s

Cutting planes:
  Learned: 9
  Gomory: 124
  Lift-and-project: 5
  Cover: 557
  Implied bound: 1163
  Projected implied bound: 4
  Clique: 15
  MIR: 1329
  StrongCG: 7
  Flow cover: 2302
  Inf proof: 24
  Zero half: 39
  Network: 1
  RLT: 113
  Relax-and-lift: 140

Explored 294390 nodes (102361786 simplex iterations) in 7200.97 seconds (3531.86 work units)
Thread count was 32 (of 32 available processors)

Solution count 10: 105.519 105.519 105.519 ... 105.524

Time limit reached
Best objective 1.055188265677e+02, best bound 1.049116678488e+02, gap 0.5754%
