
Gurobi 9.5.2 (linux64) logging started Wed Aug 12 18:05:37 2026

Set parameter LogFile to value "/mnt/beegfs/users/celinep/ChargeAndBreak/logs/oracle_RlongCfewTnone_25__cs100_gurobi.log"
Gurobi Optimizer version 9.5.2 build v9.5.2rc0 (linux64)
Thread count: 16 physical cores, 32 logical processors, using up to 32 threads
Optimize a model with 8134 rows, 4262 columns and 147026 nonzeros
Model fingerprint: 0x334f0913
Variable types: 2722 continuous, 1540 integer (1540 binary)
Coefficient statistics:
  Matrix range     [3e-02, 2e+03]
  Objective range  [5e-01, 1e+00]
  Bounds range     [1e+00, 5e+01]
  RHS range        [2e-01, 2e+07]

User MIP start did not produce a new incumbent solution

Presolve removed 2741 rows and 917 columns
Presolve time: 2.36s
Presolved: 5393 rows, 3345 columns, 133341 nonzeros
Variable types: 1974 continuous, 1371 integer (1371 binary)
Found heuristic solution: objective 1843.1648483
Root relaxation presolve removed 96 rows and 41 columns
Root relaxation presolved: 5297 rows, 3304 columns, 104358 nonzeros


Root relaxation: objective 1.061442e+02, 3883 iterations, 1.34 seconds (0.83 work units)
Another try with MIP start

    Nodes    |    Current Node    |     Objective Bounds      |     Work
 Expl Unexpl |  Obj  Depth IntInf | Incumbent    BestBd   Gap | It/Node Time

H    0     0                     119.1466465  106.14420  10.9%     -    5s
     0     0  106.14420    0   92  119.14665  106.14420  10.9%     -    5s
     0     0  106.73429    0  248  119.14665  106.73429  10.4%     -    6s
     0     0  106.76933    0  238  119.14665  106.76933  10.4%     -    6s
     0     0  107.13974    0  124  119.14665  107.13974  10.1%     -    8s
     0     0  107.18796    0  135  119.14665  107.18796  10.0%     -    8s
     0     0  107.20331    0  133  119.14665  107.20331  10.0%     -    8s
     0     0  107.20438    0  133  119.14665  107.20438  10.0%     -    8s
     0     0  107.20541    0  129  119.14665  107.20541  10.0%     -    8s
     0     0  107.20541    0  128  119.14665  107.20541  10.0%     -    8s
     0     0  107.34173    0  107  119.14665  107.34173  9.91%     -   10s
     0     0  107.36823    0  111  119.14665  107.36823  9.89%     -   10s
     0     0  107.37797    0  115  119.14665  107.37797  9.88%     -   10s
     0     0  107.38049    0  229  119.14665  107.38049  9.88%     -   10s
     0     0  107.38057    0  215  119.14665  107.38057  9.88%     -   10s
     0     0  107.40945    0  195  119.14665  107.40945  9.85%     -   12s
     0     0  107.42317    0  211  119.14665  107.42317  9.84%     -   12s
     0     0  107.42388    0  211  119.14665  107.42388  9.84%     -   12s
     0     0  107.42388    0  212  119.14665  107.42388  9.84%     -   12s
     0     0  107.44572    0  142  119.14665  107.44572  9.82%     -   13s
     0     0  107.44743    0  113  119.14665  107.44743  9.82%     -   13s
     0     0  107.44753    0  115  119.14665  107.44753  9.82%     -   13s
     0     0  107.45893    0  186  119.14665  107.45893  9.81%     -   15s
     0     0  107.46430    0  159  119.14665  107.46430  9.81%     -   15s
     0     0  107.46516    0  199  119.14665  107.46516  9.80%     -   15s
     0     0  107.46520    0  186  119.14665  107.46520  9.80%     -   15s
     0     0  107.47947    0  282  119.14665  107.47947  9.79%     -   17s
     0     0  107.48013    0  260  119.14665  107.48013  9.79%     -   17s
     0     0  107.48013    0  262  119.14665  107.48013  9.79%     -   17s
     0     0  107.48194    0  319  119.14665  107.48194  9.79%     -   18s
     0     0  107.48194    0  298  119.14665  107.48194  9.79%     -   18s
     0     0  107.48476    0  341  119.14665  107.48476  9.79%     -   20s
     0     0  107.48499    0  319  119.14665  107.48499  9.79%     -   20s
     0     0  107.48939    0  224  119.14665  107.48939  9.78%     -   21s
     0     0  107.49004    0  226  119.14665  107.49004  9.78%     -   21s
     0     0  107.49011    0  226  119.14665  107.49011  9.78%     -   21s
     0     0  107.49672    0  276  119.14665  107.49672  9.78%     -   23s
     0     0  107.49752    0  261  119.14665  107.49752  9.78%     -   23s
     0     0  107.49804    0  310  119.14665  107.49804  9.78%     -   24s
     0     0  107.49822    0  297  119.14665  107.49822  9.78%     -   24s
     0     0  107.50009    0  233  119.14665  107.50009  9.77%     -   25s
     0     0  107.50073    0  235  119.14665  107.50073  9.77%     -   25s
     0     0  107.50092    0  249  119.14665  107.50092  9.77%     -   25s
     0     0  107.50167    0  289  119.14665  107.50167  9.77%     -   27s
     0     0  107.50180    0  266  119.14665  107.50180  9.77%     -   27s
     0     0  107.50290    0  225  119.14665  107.50290  9.77%     -   29s
     0     0  107.50290    0  169  119.14665  107.50290  9.77%     -   30s
     0     2  107.50290    0  163  119.14665  107.50290  9.77%     -   31s
    31    48  107.52020    5  233  119.14665  107.51262  9.76%   411   35s
H   79    96                     118.9099452  107.52337  9.58%   374   38s
H   88    96                     118.8746459  107.52337  9.55%   362   38s
   111   131  107.53930   10  187  118.87465  107.52337  9.55%   371   40s
   189   206  107.54657   14  234  118.87465  107.52384  9.55%   345   45s
   310   330  107.58334   21  220  118.87465  107.53743  9.54%   342   50s
   372   388  108.77482   26  253  118.87465  107.57554  9.51%   351   58s
   404   427  107.58082   25  287  118.87465  107.58082  9.50%   363   60s
   603   663  107.60297   39  242  118.87465  107.58865  9.49%   321   65s
   777   811  107.60712   37  268  118.87465  107.59161  9.49%   289   70s
H  831   874                     118.8746458  107.59209  9.49%   295   72s
  1033  1130  109.67400   50  229  118.87465  107.59537  9.49%   275   75s
  1419  1519  108.28368   88  316  118.87465  107.59537  9.49%   263   80s
  1756  1768  112.59620  107  233  118.87465  107.59537  9.49%   247   86s
  1862  1864  108.66243  113  265  118.87465  107.59537  9.49%   253   90s
  2082  2068  110.58993   96  169  118.87465  107.59546  9.49%   241   99s
  2084  2069  109.47944   28   87  118.87465  107.59546  9.49%   241  101s
  2090  2073  107.64050   30  200  118.87465  107.59546  9.49%   240  105s
  2091  2074  109.66818  101  173  118.87465  107.59546  9.49%   240  111s
  2094  2076  107.64702   12  147  118.87465  107.59546  9.49%   239  118s
  2098  2079  110.41129   27  203  118.87465  107.59546  9.49%   239  121s
  2099  2079  111.93526   19  194  118.87465  107.60290  9.48%   239  126s
  2103  2082  107.63593   14  198  118.87465  107.62076  9.47%   238  133s
  2105  2083  111.14725   15  248  118.87465  107.62274  9.47%   238  135s
  2106  2084  110.52397  102  169  118.87465  107.62415  9.46%   238  140s
  2109  2086  111.14750   21  188  118.87465  107.62773  9.46%   238  145s
  2112  2088  107.67304   39  175  118.87465  107.62851  9.46%   237  150s
  2114  2089  107.62855   37  186  118.87465  107.62855  9.46%   237  155s
H 2114  1984                     118.8746457  107.62857  9.46%   237  157s
  2116  1986  110.04527  100  189  118.87465  107.62862  9.46%   237  161s
  2118  1987  111.75563   21  173  118.87465  107.62867  9.46%   237  165s
  2119  1991  107.62867   11  164  118.87465  107.62867  9.46%   250  175s
  2121  1994  107.63566   12  243  118.87465  107.63566  9.45%   250  190s
  2149  2025  107.69685   15  233  118.87465  107.68402  9.41%   251  195s
H 2205  1949                     109.9852523  107.69743  2.08%   253  198s
  2238  1960  107.76217   20  224  109.98525  107.69743  2.08%   253  200s
H 2241  1864                     107.9852523  107.69789  0.27%   253  200s

Cutting planes:
  Learned: 2
  Gomory: 46
  Lift-and-project: 9
  Cover: 36
  Implied bound: 33
  MIR: 216
  StrongCG: 3
  Flow cover: 494
  Inf proof: 1
  Zero half: 39
  RLT: 22
  Relax-and-lift: 25

Explored 2257 nodes (583749 simplex iterations) in 200.11 seconds (113.63 work units)
Thread count was 32 (of 32 available processors)

Solution count 8: 107.985 109.985 118.875 ... 1843.16

Optimal solution found (tolerance 5.00e-03)
Best objective 1.079852523389e+02, best bound 1.076978922680e+02, gap 0.2661%
