
Gurobi 9.5.2 (linux64) logging started Sun Aug 16 02:15:46 2026

Set parameter LogFile to value "/mnt/beegfs/users/celinep/ChargeAndBreak/logs/oracle_RshortCmanyTnone_14__kw1000_gurobi.log"
Gurobi Optimizer version 9.5.2 build v9.5.2rc0 (linux64)
Thread count: 16 physical cores, 32 logical processors, using up to 32 threads
Optimize a model with 2446 rows, 1287 columns and 15692 nonzeros
Model fingerprint: 0x49c9a47d
Variable types: 814 continuous, 473 integer (473 binary)
Coefficient statistics:
  Matrix range     [6e-02, 5e+02]
  Objective range  [5e-01, 1e+00]
  Bounds range     [1e+00, 2e+01]
  RHS range        [9e-02, 2e+07]

User MIP start produced solution with objective 36.7607 (0.02s)
Loaded user MIP start with objective 36.7607

Presolve removed 973 rows and 360 columns
Presolve time: 0.13s
Presolved: 1473 rows, 927 columns, 9619 nonzeros
Variable types: 570 continuous, 357 integer (355 binary)
Root relaxation presolve removed 42 rows and 31 columns
Root relaxation presolved: 1431 rows, 896 columns, 9155 nonzeros


Root relaxation: objective 3.407014e+01, 1162 iterations, 0.08 seconds (0.05 work units)

    Nodes    |    Current Node    |     Objective Bounds      |     Work
 Expl Unexpl |  Obj  Depth IntInf | Incumbent    BestBd   Gap | It/Node Time

     0     0   34.07015    0   58   36.76068   34.07015  7.32%     -    0s
H    0     0                      36.1039897   34.07015  5.63%     -    0s
H    0     0                      36.0290827   34.22334  5.01%     -    0s
H    0     0                      35.5080536   34.22334  3.62%     -    0s
     0     0   34.22334    0   92   35.50805   34.22334  3.62%     -    0s
     0     0   34.22342    0   92   35.50805   34.22342  3.62%     -    0s
     0     0   34.30340    0   89   35.50805   34.30340  3.39%     -    0s
     0     0   34.32758    0   87   35.50805   34.32758  3.32%     -    0s
     0     0   34.38249    0   87   35.50805   34.38249  3.17%     -    1s
     0     0   34.40302    0   82   35.50805   34.40302  3.11%     -    1s
H    0     0                      34.9763738   34.40302  1.64%     -    1s
     0     0   34.45229    0   60   34.97637   34.45229  1.50%     -    1s
     0     0   34.45385    0   71   34.97637   34.45385  1.49%     -    1s
     0     0   34.45411    0   76   34.97637   34.45411  1.49%     -    1s
     0     0   34.45418    0   83   34.97637   34.45418  1.49%     -    1s
     0     0   34.48404    0   83   34.97637   34.48404  1.41%     -    1s
     0     0   34.48779    0   82   34.97637   34.48779  1.40%     -    1s
     0     0   34.48995    0   86   34.97637   34.48995  1.39%     -    1s
     0     0   34.49006    0   86   34.97637   34.49006  1.39%     -    1s
     0     0   34.49779    0   88   34.97637   34.49779  1.37%     -    2s
     0     0   34.49841    0   87   34.97637   34.49841  1.37%     -    2s
     0     0   34.49916    0   92   34.97637   34.49916  1.36%     -    2s
     0     0   34.49916    0   92   34.97637   34.49916  1.36%     -    2s
     0     0   34.49980    0   99   34.97637   34.49980  1.36%     -    2s
     0     0   34.50007    0   82   34.97637   34.50007  1.36%     -    2s
     0     0   34.50009    0   82   34.97637   34.50009  1.36%     -    2s
     0     0   34.51481    0   72   34.97637   34.51481  1.32%     -    3s
     0     0   34.51481    0   92   34.97637   34.51481  1.32%     -    3s
     0     0   34.51481    0   95   34.97637   34.51481  1.32%     -    3s
     0     0   34.52770    0  102   34.97637   34.52770  1.28%     -    3s
     0     0   34.53344    0   99   34.97637   34.53344  1.27%     -    3s
     0     0   34.53496    0   76   34.97637   34.53496  1.26%     -    3s
     0     0   34.53496    0   79   34.97637   34.53496  1.26%     -    3s
     0     0   34.53496    0   79   34.97637   34.53496  1.26%     -    3s
     0     0   34.53691    0   80   34.97637   34.53691  1.26%     -    3s
     0     0   34.54881    0   78   34.97637   34.54881  1.22%     -    3s
     0     0   34.54881    0   80   34.97637   34.54881  1.22%     -    3s
     0     0   34.54881    0   79   34.97637   34.54881  1.22%     -    4s
H    0     0                      34.7263738   34.54881  0.51%     -    4s
     0     0   34.54881    0   86   34.72637   34.54881  0.51%     -    4s
     0     0   34.54881    0   94   34.72637   34.54881  0.51%     -    4s
     0     0   34.54881    0   94   34.72637   34.54881  0.51%     -    4s
     0     0   34.54881    0   94   34.72637   34.54881  0.51%     -    4s
     0     0   34.54881    0   45   34.72637   34.54881  0.51%     -    4s
     0     0   34.54881    0   46   34.72637   34.54881  0.51%     -    4s
     0     0   34.54881    0   60   34.72637   34.54881  0.51%     -    4s
     0     0   34.54881    0   31   34.72637   34.54881  0.51%     -    4s
     0     0   34.54881    0   66   34.72637   34.54881  0.51%     -    4s
     0     0   34.54881    0   44   34.72637   34.54881  0.51%     -    4s
H    0     0                      34.7111189   34.54881  0.47%     -    5s

Cutting planes:
  Gomory: 4
  Lift-and-project: 23
  Cover: 5
  Implied bound: 14
  MIR: 49
  Flow cover: 94
  Zero half: 7
  RLT: 3
  Relax-and-lift: 6

Explored 1 nodes (4016 simplex iterations) in 5.07 seconds (1.68 work units)
Thread count was 32 (of 32 available processors)

Solution count 8: 34.7111 34.7264 34.7264 ... 36.7607

Optimal solution found (tolerance 5.00e-03)
Best objective 3.471111889640e+01, best bound 3.454881232432e+01, gap 0.4676%
