
Gurobi 9.5.2 (linux64) logging started Fri Aug 14 15:39:46 2026

Set parameter LogFile to value "/mnt/beegfs/users/celinep/ChargeAndBreak/logs/oracle_RshortCfewTtight_8__kw700_gurobi.log"
Gurobi Optimizer version 9.5.2 build v9.5.2rc0 (linux64)
Thread count: 16 physical cores, 32 logical processors, using up to 32 threads
Optimize a model with 2545 rows, 1333 columns and 17032 nonzeros
Model fingerprint: 0x5fbbae9c
Variable types: 845 continuous, 488 integer (488 binary)
Coefficient statistics:
  Matrix range     [5e-02, 6e+02]
  Objective range  [5e-01, 1e+00]
  Bounds range     [1e+00, 2e+01]
  RHS range        [2e-01, 5e+02]

User MIP start produced solution with objective 34.5741 (0.01s)
Loaded user MIP start with objective 34.5741

Presolve removed 966 rows and 337 columns
Presolve time: 0.18s
Presolved: 1579 rows, 996 columns, 10277 nonzeros
Variable types: 611 continuous, 385 integer (383 binary)
Root relaxation presolve removed 39 rows and 30 columns
Root relaxation presolved: 1540 rows, 966 columns, 9148 nonzeros


Root relaxation: objective 3.234622e+01, 1341 iterations, 0.17 seconds (0.05 work units)

    Nodes    |    Current Node    |     Objective Bounds      |     Work
 Expl Unexpl |  Obj  Depth IntInf | Incumbent    BestBd   Gap | It/Node Time

     0     0   32.34622    0   88   34.57405   32.34622  6.44%     -    0s
H    0     0                      34.5533897   32.34622  6.39%     -    0s
H    0     0                      34.3096403   32.34622  5.72%     -    0s
     0     0   32.58787    0   78   34.30964   32.58787  5.02%     -    0s
     0     0   32.77942    0   76   34.30964   32.77942  4.46%     -    1s
     0     0   32.78169    0   78   34.30964   32.78169  4.45%     -    1s
     0     0   32.83086    0   73   34.30964   32.83086  4.31%     -    1s
     0     0   32.83435    0   66   34.30964   32.83435  4.30%     -    1s
     0     0   32.83464    0   88   34.30964   32.83464  4.30%     -    1s
     0     0   32.83472    0   95   34.30964   32.83472  4.30%     -    1s
     0     0   32.87503    0  101   34.30964   32.87503  4.18%     -    2s
H    0     0                      33.3618620   32.87503  1.46%     -    2s
     0     0   32.87963    0  102   33.36186   32.87963  1.45%     -    2s
     0     0   32.87963    0   99   33.36186   32.87963  1.45%     -    2s
     0     0   32.87963    0   99   33.36186   32.87963  1.45%     -    2s
     0     0   32.91840    0   72   33.36186   32.91840  1.33%     -    2s
     0     0   32.91840    0   81   33.36186   32.91840  1.33%     -    2s
     0     0   32.91840    0   78   33.36186   32.91840  1.33%     -    2s
H    0     0                      33.3517188   32.91840  1.30%     -    2s
     0     0   32.91840    0   65   33.35172   32.91840  1.30%     -    2s
     0     0   32.91840    0   64   33.35172   32.91840  1.30%     -    2s
     0     0   32.91840    0   64   33.35172   32.91840  1.30%     -    2s
     0     0   32.91840    0   75   33.35172   32.91840  1.30%     -    2s
H    0     0                      33.2608968   32.91840  1.03%     -    2s
     0     0   32.91840    0   69   33.26090   32.91840  1.03%     -    2s
     0     0   32.91840    0   70   33.26090   32.91840  1.03%     -    2s
     0     0   32.91877    0   73   33.26090   32.91877  1.03%     -    3s
     0     0   32.91877    0   74   33.26090   32.91877  1.03%     -    3s
     0     0   32.93161    0   95   33.26090   32.93161  0.99%     -    3s
     0     0   32.93488    0   94   33.26090   32.93488  0.98%     -    3s
     0     0   32.93706    0   88   33.26090   32.93706  0.97%     -    3s
     0     0   32.93713    0   85   33.26090   32.93713  0.97%     -    3s
     0     0   32.97322    0   68   33.26090   32.97322  0.86%     -    3s
     0     0   32.97968    0   69   33.26090   32.97968  0.85%     -    3s
     0     0   32.98039    0   69   33.26090   32.98039  0.84%     -    3s
     0     0   32.98055    0   67   33.26090   32.98055  0.84%     -    3s
     0     0   32.99704    0   85   33.26090   32.99704  0.79%     -    4s
     0     0   32.99836    0   84   33.26090   32.99836  0.79%     -    4s
     0     0   32.99836    0   76   33.26090   32.99836  0.79%     -    4s
     0     0   32.99836    0   76   33.26090   32.99836  0.79%     -    4s
     0     0   33.05684    0   79   33.26090   33.05684  0.61%     -    4s
     0     0   33.06412    0   55   33.26090   33.06412  0.59%     -    4s
     0     0   33.06412    0   52   33.26090   33.06412  0.59%     -    4s
     0     0   33.06784    0   42   33.26090   33.06784  0.58%     -    4s

Cutting planes:
  Learned: 2
  Gomory: 5
  Lift-and-project: 4
  Cover: 4
  Implied bound: 17
  MIR: 54
  Flow cover: 93
  Zero half: 7
  RLT: 6
  Relax-and-lift: 15

Explored 1 nodes (5051 simplex iterations) in 5.21 seconds (1.51 work units)
Thread count was 32 (of 32 available processors)

Solution count 7: 33.2609 33.3517 33.3619 ... 34.5741

Optimal solution found (tolerance 5.00e-03)
Best objective 3.326089678022e+01, best bound 3.310647807637e+01, gap 0.4643%
