
Gurobi 9.5.2 (linux64) logging started Tue Aug 11 21:14:19 2026

Set parameter LogFile to value "/mnt/beegfs/users/celinep/ChargeAndBreak/logs/oracle_RshortCfewTnone_7__diesel_gurobi.log"
Gurobi Optimizer version 9.5.2 build v9.5.2rc0 (linux64)
Thread count: 16 physical cores, 32 logical processors, using up to 32 threads
Optimize a model with 2376 rows, 1272 columns and 14887 nonzeros
Model fingerprint: 0x40d2d92d
Variable types: 807 continuous, 465 integer (465 binary)
Coefficient statistics:
  Matrix range     [2e-01, 5e+02]
  Objective range  [5e-01, 1e+00]
  Bounds range     [1e+00, 2e+01]
  RHS range        [4e-02, 2e+07]

User MIP start produced solution with objective 31.9681 (0.01s)
Loaded user MIP start with objective 31.9681

Presolve removed 1243 rows and 513 columns
Presolve time: 0.19s
Presolved: 1133 rows, 759 columns, 8147 nonzeros
Variable types: 456 continuous, 303 integer (301 binary)
Root relaxation presolve removed 23 rows and 2 columns
Root relaxation presolved: 1110 rows, 757 columns, 7255 nonzeros


Root relaxation: objective 3.105140e+01, 558 iterations, 0.06 seconds (0.02 work units)

    Nodes    |    Current Node    |     Objective Bounds      |     Work
 Expl Unexpl |  Obj  Depth IntInf | Incumbent    BestBd   Gap | It/Node Time

*    0     0               0      31.0513973   31.05140  0.00%     -    0s

Explored 1 nodes (558 simplex iterations) in 0.32 seconds (0.08 work units)
Thread count was 32 (of 32 available processors)

Solution count 2: 31.0514 31.9681 

Optimal solution found (tolerance 5.00e-03)
Best objective 3.105139733333e+01, best bound 3.105139733333e+01, gap 0.0000%
