
Gurobi 9.5.2 (linux64) logging started Fri Aug 14 15:21:20 2026

Set parameter LogFile to value "/mnt/beegfs/users/celinep/ChargeAndBreak/logs/oracle_RshortCfewTtight_19__kw700_gurobi.log"
Gurobi Optimizer version 9.5.2 build v9.5.2rc0 (linux64)
Thread count: 16 physical cores, 32 logical processors, using up to 32 threads
Optimize a model with 2545 rows, 1334 columns and 16823 nonzeros
Model fingerprint: 0xe2512a9e
Variable types: 845 continuous, 489 integer (489 binary)
Coefficient statistics:
  Matrix range     [3e-02, 6e+02]
  Objective range  [5e-01, 1e+00]
  Bounds range     [1e+00, 2e+01]
  RHS range        [2e-01, 5e+02]

User MIP start produced solution with objective 36.0447 (0.01s)
Loaded user MIP start with objective 36.0447

Presolve removed 965 rows and 341 columns
Presolve time: 0.12s
Presolved: 1580 rows, 993 columns, 10219 nonzeros
Variable types: 609 continuous, 384 integer (382 binary)
Root relaxation presolve removed 39 rows and 30 columns
Root relaxation presolved: 1541 rows, 963 columns, 9263 nonzeros

Extra simplex iterations after uncrush: 1

Root relaxation: objective 3.291504e+01, 1047 iterations, 0.06 seconds (0.04 work units)

    Nodes    |    Current Node    |     Objective Bounds      |     Work
 Expl Unexpl |  Obj  Depth IntInf | Incumbent    BestBd   Gap | It/Node Time

     0     0   32.92989    0   99   36.04468   32.92989  8.64%     -    0s
H    0     0                      35.5241318   32.92989  7.30%     -    0s
     0     0   33.21956    0   61   35.52413   33.21956  6.49%     -    0s
H    0     0                      33.8935436   33.21956  1.99%     -    0s
     0     0   33.22055    0   61   33.89354   33.22055  1.99%     -    0s
     0     0   33.29095    0  129   33.89354   33.29095  1.78%     -    0s
     0     0   33.29718    0  131   33.89354   33.29718  1.76%     -    0s
     0     0   33.35985    0  103   33.89354   33.35985  1.57%     -    1s
     0     0   33.37533    0  119   33.89354   33.37533  1.53%     -    1s
     0     0   33.37798    0  128   33.89354   33.37798  1.52%     -    1s
     0     0   33.37805    0  128   33.89354   33.37805  1.52%     -    1s
     0     0   33.41610    0   99   33.89354   33.41610  1.41%     -    2s
     0     0   33.41610    0  105   33.89354   33.41610  1.41%     -    2s
     0     0   33.41610    0   78   33.89354   33.41610  1.41%     -    2s
     0     0   33.41610    0   93   33.89354   33.41610  1.41%     -    3s
     0     0   33.42062    0   85   33.89354   33.42062  1.40%     -    3s
     0     0   33.42062    0   85   33.89354   33.42062  1.40%     -    3s
     0     0   33.51417    0   78   33.89354   33.51417  1.12%     -    3s
     0     0   33.53454    0   97   33.89354   33.53454  1.06%     -    3s
     0     0   33.53609    0  116   33.89354   33.53609  1.05%     -    3s
     0     0   33.53610    0  116   33.89354   33.53610  1.05%     -    3s
     0     0   33.58958    0   97   33.89354   33.58958  0.90%     -    3s
     0     0   33.59140    0  100   33.89354   33.59140  0.89%     -    3s
     0     0   33.59148    0  101   33.89354   33.59148  0.89%     -    3s
H    0     0                      33.8935436   33.59148  0.89%     -    4s
     0     0   33.59620    0  107   33.89354   33.59620  0.88%     -    4s
     0     0   33.59651    0  106   33.89354   33.59651  0.88%     -    4s
     0     0   33.59653    0  107   33.89354   33.59653  0.88%     -    4s
     0     0   33.59901    0  104   33.89354   33.59901  0.87%     -    4s
     0     0   33.60379    0  110   33.89354   33.60379  0.85%     -    4s
     0     0   33.60430    0  107   33.89354   33.60430  0.85%     -    4s
     0     0   33.60431    0  107   33.89354   33.60431  0.85%     -    4s
     0     0   33.61266    0  106   33.89354   33.61266  0.83%     -    5s
     0     0   33.61388    0  106   33.89354   33.61388  0.83%     -    5s
     0     0   33.61431    0  106   33.89354   33.61431  0.82%     -    5s
     0     0   33.61432    0  107   33.89354   33.61432  0.82%     -    5s
     0     0   33.62611    0  119   33.89354   33.62611  0.79%     -    5s
     0     0   33.62803    0  108   33.89354   33.62803  0.78%     -    5s
     0     0   33.62912    0  118   33.89354   33.62912  0.78%     -    5s
     0     0   33.62958    0  120   33.89354   33.62958  0.78%     -    5s
     0     0   33.62958    0  120   33.89354   33.62958  0.78%     -    5s
     0     0   33.63224    0  107   33.89354   33.63224  0.77%     -    6s
     0     0   33.63265    0  115   33.89354   33.63265  0.77%     -    6s
     0     0   33.63278    0  116   33.89354   33.63278  0.77%     -    6s
H    0     0                      33.7097922   33.63278  0.23%     -    6s

Cutting planes:
  Learned: 1
  Gomory: 1
  Lift-and-project: 1
  Cover: 6
  Implied bound: 29
  MIR: 29
  Flow cover: 96
  Zero half: 21
  RLT: 8
  Relax-and-lift: 9

Explored 1 nodes (5306 simplex iterations) in 6.60 seconds (1.95 work units)
Thread count was 32 (of 32 available processors)

Solution count 5: 33.7098 33.8935 33.8935 ... 36.0447

Optimal solution found (tolerance 5.00e-03)
Best objective 3.370979217548e+01, best bound 3.363278175694e+01, gap 0.2285%
