
Gurobi 9.5.2 (linux64) logging started Sat Aug 15 19:43:10 2026

Set parameter LogFile to value "/mnt/beegfs/users/celinep/ChargeAndBreak/logs/oracle_RmediumCfewTtight_2__kw1000_gurobi.log"
Gurobi Optimizer version 9.5.2 build v9.5.2rc0 (linux64)
Thread count: 16 physical cores, 32 logical processors, using up to 32 threads
Optimize a model with 5707 rows, 3004 columns and 69019 nonzeros
Model fingerprint: 0x01b2c1d2
Variable types: 1898 continuous, 1106 integer (1106 binary)
Coefficient statistics:
  Matrix range     [3e-02, 1e+03]
  Objective range  [5e-01, 1e+00]
  Bounds range     [1e+00, 4e+01]
  RHS range        [2e-01, 5e+02]

User MIP start did not produce a new incumbent solution
User MIP start violates constraint c_l_x8395_ by 1.000000000

Presolve removed 1856 rows and 604 columns
Presolve time: 0.69s
Presolved: 3851 rows, 2400 columns, 59086 nonzeros
Variable types: 1443 continuous, 957 integer (957 binary)
Found heuristic solution: objective 1202.4527170
Root relaxation presolve removed 169 rows and 67 columns
Root relaxation presolved: 3682 rows, 2333 columns, 34147 nonzeros


Root relaxation: objective 5.927234e+01, 3157 iterations, 0.81 seconds (0.37 work units)
Another try with MIP start

    Nodes    |    Current Node    |     Objective Bounds      |     Work
 Expl Unexpl |  Obj  Depth IntInf | Incumbent    BestBd   Gap | It/Node Time

H    0     0                      72.3858777   59.27234  18.1%     -    5s
     0     0   59.27234    0  281   72.38588   59.27234  18.1%     -    5s
     0     0   60.28911    0  288   72.38588   60.28911  16.7%     -    7s
     0     0   60.34319    0  314   72.38588   60.34319  16.6%     -    8s
     0     0   60.34846    0  316   72.38588   60.34846  16.6%     -    8s
     0     0   60.34872    0  314   72.38588   60.34872  16.6%     -    8s
     0     0   60.34880    0  310   72.38588   60.34880  16.6%     -    8s
     0     0   60.48867    0  342   72.38588   60.48867  16.4%     -    9s
     0     0   60.50716    0  343   72.38588   60.50716  16.4%     -    9s
     0     0   60.50815    0  303   72.38588   60.50815  16.4%     -    9s
     0     0   60.50821    0  306   72.38588   60.50821  16.4%     -    9s
     0     0   60.64068    0  311   72.38588   60.64068  16.2%     -   10s
     0     0   60.66396    0  340   72.38588   60.66396  16.2%     -   10s
     0     0   60.66908    0  344   72.38588   60.66908  16.2%     -   11s
     0     0   60.66993    0  354   72.38588   60.66993  16.2%     -   11s
     0     0   60.66997    0  349   72.38588   60.66997  16.2%     -   11s
     0     0   60.77253    0  335   72.38588   60.77253  16.0%     -   12s
     0     0   60.78997    0  359   72.38588   60.78997  16.0%     -   12s
     0     0   60.79154    0  362   72.38588   60.79154  16.0%     -   13s
     0     0   60.79731    0  379   72.38588   60.79731  16.0%     -   13s
     0     0   60.79768    0  368   72.38588   60.79768  16.0%     -   13s
     0     0   60.79778    0  357   72.38588   60.79778  16.0%     -   13s
     0     0   60.86183    0  318   72.38588   60.86183  15.9%     -   14s
     0     0   60.87213    0  341   72.38588   60.87213  15.9%     -   14s
     0     0   60.87434    0  354   72.38588   60.87434  15.9%     -   14s
     0     0   60.87482    0  348   72.38588   60.87482  15.9%     -   15s
     0     0   60.87557    0  354   72.38588   60.87557  15.9%     -   15s
     0     0   60.87568    0  354   72.38588   60.87568  15.9%     -   15s
     0     0   60.93024    0  303   72.38588   60.93024  15.8%     -   16s
     0     0   60.93836    0  283   72.38588   60.93836  15.8%     -   17s
     0     0   60.94105    0  295   72.38588   60.94105  15.8%     -   17s
     0     0   60.94147    0  307   72.38588   60.94147  15.8%     -   17s
     0     0   60.94180    0  305   72.38588   60.94180  15.8%     -   17s
     0     0   60.95851    0  280   72.38588   60.95851  15.8%     -   19s
     0     0   60.96665    0  283   72.38588   60.96665  15.8%     -   19s
     0     0   60.96866    0  281   72.38588   60.96866  15.8%     -   19s
     0     0   60.96960    0  292   72.38588   60.96960  15.8%     -   19s
     0     0   60.96969    0  304   72.38588   60.96969  15.8%     -   19s
     0     0   60.98865    0  250   72.38588   60.98865  15.7%     -   21s
     0     0   60.98939    0  229   72.38588   60.98939  15.7%     -   21s
     0     0   60.98965    0  230   72.38588   60.98965  15.7%     -   21s
     0     0   60.99361    0  230   72.38588   60.99361  15.7%     -   22s
     0     0   60.99457    0  239   72.38588   60.99457  15.7%     -   22s
     0     0   60.99503    0  242   72.38588   60.99503  15.7%     -   22s
     0     0   60.99503    0  247   72.38588   60.99503  15.7%     -   22s
     0     0   60.99725    0  263   72.38588   60.99725  15.7%     -   23s
     0     0   60.99747    0  242   72.38588   60.99747  15.7%     -   23s
     0     0   61.00116    0  253   72.38588   61.00116  15.7%     -   25s
     0     0   61.00116    0  230   72.38588   61.00116  15.7%     -   26s
H    0     0                      72.0282770   61.00116  15.3%     -   26s
     0     2   61.00116    0  225   72.02828   61.00116  15.3%     -   26s
    15    23   61.06541    4  302   72.02828   61.06541  15.2%   416   30s
H  130   135                      71.9793649   61.19537  15.0%   307   43s
H  131   135                      71.6768885   61.19728  14.6%   306   43s
H  135   135                      71.6768885   61.20728  14.6%   309   43s
H  137   135                      71.0426652   61.20728  13.8%   313   43s
   162   166   61.32583   13  369   71.04267   61.21446  13.8%   314   45s
   210   214   61.26598   16  240   71.04267   61.25812  13.8%   333   50s
   298   307   61.29865   23  205   71.04267   61.28083  13.7%   334   55s
   600   655   61.76777   51  283   71.04267   61.76777  13.1%   282   60s
  1294  1263   70.73368   45  243   71.04267   61.98268  12.8%   174   65s
  2035  2109   70.56445  123  200   71.04267   62.06414  12.6%   151   70s
  2215  2110   70.75943   47  230   71.04267   62.09617  12.6%   145   79s
  2217  2111   70.44046   25  268   71.04267   62.09617  12.6%   145   82s
  2218  2112   63.18337   61   62   71.04267   62.09617  12.6%   145   86s
  2220  2113   68.75697   20   87   71.04267   62.09617  12.6%   145   94s
  2221  2114   70.89913   53  173   71.04267   62.09617  12.6%   145   96s
  2222  2115   68.92129   34   88   71.04267   62.09617  12.6%   145  101s
  2224  2116   62.80982   23   53   71.04267   62.09617  12.6%   144  105s
  2225  2119   68.19589   16  263   71.04267   62.09617  12.6%   158  110s
  2227  2120   62.09617   17  130   71.04267   62.09617  12.6%   159  115s
  2230  2123   62.09617   18  209   71.04267   62.09617  12.6%   159  120s
  2260  2150   62.17897   21  246   71.04267   62.09617  12.6%   172  126s
  2308  2178   62.09617   23  200   71.04267   62.09617  12.6%   198  130s
  2346  2199   67.17300   25  256   71.04267   62.09617  12.6%   223  136s
  2363  2205   68.62447   26  242   71.04267   62.09617  12.6%   233  140s
H 2374  2095                      70.9593319   62.09617  12.5%   236  140s
  2400  2132   62.09617   28  176   70.95933   62.09617  12.5%   254  145s
  2429  2139   62.09617   29  270   70.95933   62.09617  12.5%   261  152s
H 2431  2037                      70.9593318   62.09617  12.5%   262  152s
H 2441  1938                      70.9593316   62.09617  12.5%   266  152s
  2478  1968   67.77778   29  255   70.95933   62.09617  12.5%   283  165s
  2494  1978   62.74502   30  318   70.95933   62.09617  12.5%   290  171s
H 2495  1887                      70.9593316   62.09617  12.5%   289  171s
  2546  1944   63.80910   33  273   70.95933   62.09617  12.5%   315  176s
  2633  2015   63.33697   37  233   70.95933   62.09617  12.5%   338  181s
  2693  2008   62.09617   36  275   70.95933   62.09617  12.5%   353  188s
  2709  2036   63.57741   38  248   70.95933   62.09617  12.5%   366  193s
  2743  2039   62.09617   34  265   70.95933   62.09617  12.5%   381  205s
H 2754  1949                      70.9593313   62.09617  12.5%   384  205s
  2805  2051   62.09617   36  232   70.95933   62.09617  12.5%   396  214s
  2879  2157   62.09617   40  255   70.95933   62.09617  12.5%   408  219s
  3013  2553   64.05166   40  252   70.95933   62.09617  12.5%   415  226s
  3461  2857   63.48625   46  223   70.95933   62.09617  12.5%   397  232s
  3963  2924   70.30426   43  233   70.95933   62.09617  12.5%   377  245s
  4229  2971   62.17134   61  260   70.95933   62.09617  12.5%   367  250s
  4366  3152   70.71502   39  243   70.95933   62.09617  12.5%   370  257s
  4595  3238   66.81815   47  288   70.95933   62.09617  12.5%   366  262s
  4780  3764   67.65701   42  165   70.95933   62.09617  12.5%   364  267s
  5380  3628   62.63195   41  255   70.95933   62.09617  12.5%   347  294s
H 5452  3522                      70.9542314   62.09617  12.5%   345  294s
  5498  3537   65.49112   52  273   70.95423   62.09617  12.5%   347  306s
H 5521  3451                      70.9542314   62.09617  12.5%   348  306s
  5528  3570   63.91296   50  280   70.95423   62.09617  12.5%   349  311s
  5652  4345   65.45502   58  302   70.95423   62.09617  12.5%   353  317s
  6516  4217   65.25995   50  236   70.95423   62.09617  12.5%   327  322s
  6676  4537   65.77597   55  243   70.95423   62.09617  12.5%   330  327s
  7088  4987   65.82374   43  213   70.95423   62.09617  12.5%   324  333s
  7546  5546   62.73259   63  231   70.95423   62.09617  12.5%   319  337s
  8144  6405   62.13752   57  235   70.95423   62.09617  12.5%   308  341s
  9022  6461   70.37089   58  240   70.95423   62.09617  12.5%   288  352s
  9079  7531   63.06733   69  258   70.95423   62.09617  12.5%   289  356s
 10209  7824   62.99466   73  243   70.95423   62.09617  12.5%   265  362s
 10503  9313   62.17837   50  310   70.95423   62.13225  12.4%   260  365s
 12030  9592   66.00812   52  213   70.95423   62.15365  12.4%   235  370s
 12328  9727   63.05783   31  250   70.95423   62.16598  12.4%   232  385s
 12675 11553   62.20562   45  266   70.95423   62.19017  12.4%   229  393s
 14402 12968   70.86384   49  222   70.95423   62.20819  12.3%   209  397s
 15921 14032   62.57378   34  245   70.95423   62.22779  12.3%   195  401s
 17153 15308   62.40715   41  226   70.95423   62.24072  12.3%   186  405s
 18563 15417   62.28776   65  230   70.95423   62.25982  12.3%   177  411s
 18693 15437 infeasible   38        70.95423   62.26984  12.2%   177  420s
 18717 15617   62.51224   45  243   70.95423   62.27686  12.2%   177  427s
 18907 15793   63.04893   55  236   70.95423   62.28192  12.2%   177  431s
 19099 15986   65.38353   39  205   70.95423   62.28658  12.2%   176  442s
 19306 16231   63.83511   54  211   70.95423   62.29074  12.2%   176  449s
 19561 17838   62.31398   66  259   70.95423   62.29579  12.2%   175  453s
 21338 21454   69.52485   49  258   70.95423   62.30910  12.2%   166  461s
 25269 22277   62.59106   38  247   70.95423   62.33056  12.2%   148  466s
 26770 23111   64.88699   50  226   70.95423   62.33810  12.1%   143  471s
 27079 24372   62.46431   54  182   70.95423   62.34625  12.1%   142  476s
 29371 26482   66.87059   32  210   70.95423   62.35811  12.1%   136  482s
 30592 26573   62.42818   67  187   70.95423   62.36569  12.1%   132  491s
 30689 26932     cutoff   72        70.95423   62.36906  12.1%   133  498s
 31056 27954   62.39804   57  225   70.95423   62.37204  12.1%   132  501s
 32222 28120   62.38147   81  323   70.95423   62.37640  12.1%   129  507s
 32406 29733   65.40576   37  278   70.95423   62.37861  12.1%   129  510s
 35615 32485   62.60894   80  254   70.95423   62.38748  12.1%   122  517s
 37214 32730   62.55122   61  211   70.95423   62.39254  12.1%   119  526s
 37491 32856   62.74915   52  249   70.95423   62.39546  12.1%   119  538s
 37635 34441   62.47169   29  278   70.95423   62.39787  12.1%   119  546s
 39369 34599   62.52977   54  264   70.95423   62.40087  12.1%   116  551s
 39537 36198   62.57199   68  236   70.95423   62.40538  12.0%   116  555s
 43399 39479   62.46616   57  187   70.95423   62.41462  12.0%   111  577s
 45304 40103 infeasible   42        70.95423   62.41816  12.0%   109  587s
 45969 44063   62.71787   70  221   70.95423   62.42197  12.0%   108  601s
 50915 46582   62.57907   53  134   70.95423   62.42849  12.0%   104  608s
 53786 49538   62.56275   82  191   70.95423   62.43888  12.0%   101  615s
 56940 52528     cutoff   27        70.95423   62.44416  12.0%  98.3  622s
 60199 52689     cutoff   71        70.95423   62.44959  12.0%  95.4  634s
 60366 55084   62.53459   71  204   70.95423   62.45192  12.0%  95.4  639s
 62901 57456   62.65852   57  288   70.95423   62.45533  12.0%  93.6  644s
 65441 60941   62.55953   43  191   70.95423   62.46166  12.0%  91.7  656s
 69440 61100   62.48000   69  215   70.95423   62.46654  12.0%  89.2  663s
 69606 63546   62.52871   44  241   70.95423   62.46910  12.0%  89.3  668s
 72414 63750   62.60494   55  143   70.95423   62.47300  12.0%  87.6  674s
 72628 66038   62.60138   60  172   70.95423   62.47474  12.0%  87.6  679s
 75123 67435   62.63073   67  153   70.95423   62.47742  11.9%  86.2  683s
 76699 67687   62.61280   45  269   70.95423   62.47945  11.9%  85.5  687s
 76971 69848   62.74936   62  128   70.95423   62.48155  11.9%  85.4  691s
 79327 71594   62.58755   43  258   70.95423   62.48441  11.9%  84.2  695s
 81163 71783   62.64115   61  218   70.95423   62.48786  11.9%  83.5  701s
 81355 73768   62.65177   44  222   70.95423   62.49016  11.9%  83.6  705s
 83843 75160   62.57213   83  250   70.95423   62.49322  11.9%  82.6  710s
 85105 75286   62.49830   59  181   70.95423   62.49491  11.9%  82.0  717s
 85249 77294 infeasible   63        70.95423   62.49609  11.9%  82.1  721s
 87404 81466   65.13409   57  269   70.95423   62.49772  11.9%  81.3  730s
 92061 81578   63.03117   64  122   70.95423   62.50471  11.9%  79.7  737s
 92186 81696   62.59685   67  216   70.95423   62.50704  11.9%  79.8  741s
 92310 83410   62.64357   46  170   70.95423   62.50866  11.9%  79.8  746s
 94153 83567   62.60973   39  207   70.95423   62.51094  11.9%  79.3  752s
 94325 85125   62.71924   64  240   70.95423   62.51197  11.9%  79.4  756s
 96185 87023   62.58498   64  244   70.95423   62.51349  11.9%  78.9  761s
 98228 87125   65.12633   48  273   70.95423   62.51639  11.9%  78.3  767s
 98355 89147     cutoff   33        70.95423   62.51746  11.9%  78.4  771s
 100526 89326   62.63030   63  120   70.95423   62.51924  11.9%  77.7  776s
 100713 91228   62.60051   59  203   70.95423   62.52094  11.9%  77.7  780s
 104440 92724   62.57692   57  156   70.95423   62.52655  11.9%  76.8  795s
 104478 92847   62.61206   59  229   70.95423   62.52729  11.9%  76.9  803s
 104620 94542   63.13813   84  177   70.95423   62.52790  11.9%  77.0  807s
 106518 96297   62.54754   54  256   70.95423   62.53014  11.9%  76.5  812s
 108471 96731   62.69149   36  161   70.95423   62.53271  11.9%  76.1  821s
 108948 110952   62.71704   66  201   70.95423   62.53399  11.9%  76.2  849s
 124820 111082   62.75333   69  163   70.95423   62.54865  11.8%  72.7  858s
 124956 111319   62.72622   66  256   70.95423   62.54988  11.8%  72.7  863s
 125204 113220   62.68048   58  228   70.95423   62.55052  11.8%  72.8  867s
 127229 115184   62.95949   56  229   70.95423   62.55277  11.8%  72.4  871s
 129347 115620   62.75295   55  128   70.95423   62.55439  11.8%  72.0  879s
 129799 130017   62.55934   66  145   70.95423   62.55546  11.8%  72.0  906s
 145764 130103     cutoff   36        70.95423   62.56701  11.8%  69.4  917s
 145861 130181   62.60760   37  237   70.95423   62.56841  11.8%  69.5  928s
 145951 131615   62.80265   60  203   70.95423   62.56909  11.8%  69.5  931s
 147460 133132   62.92116   68  204   70.95423   62.57100  11.8%  69.5  935s
 149272 133365     cutoff   61        70.95423   62.57310  11.8%  69.3  953s
 149522 135339   62.75978   49  198   70.95423   62.57394  11.8%  69.3  958s
 151582 138857   63.13186   60  194   70.95423   62.57554  11.8%  69.1  967s
 155736 140352   62.81454   50  266   70.95423   62.57759  11.8%  68.6  970s
 157957 142683   62.59342   44  222   70.95423   62.58065  11.8%  68.4  978s
 159928 143019   62.58680   50  235   70.95423   62.58214  11.8%  68.2  986s
 160270 144639   62.78561   35  297   70.95423   62.58300  11.8%  68.2  990s
 164377 146956   62.61935   62  134   70.95423   62.58644  11.8%  67.8  999s
 164660 148374   62.61416   57  210   70.95423   62.58745  11.8%  67.8 1004s
 166502 150062   62.75544   67  212   70.95423   62.58896  11.8%  67.7 1008s
 168402 151684   62.63799   50  255   70.95423   62.58991  11.8%  67.6 1012s
 170298 153609   62.87207   70  209   70.95423   62.59199  11.8%  67.4 1017s
 172507 154835   62.87939   61  186   70.95423   62.59436  11.8%  67.2 1024s
 173872 160290   62.67920   43  216   70.95423   62.59551  11.8%  67.1 1035s
 179783 160450   62.61907   81  311   70.95423   62.59976  11.8%  66.4 1043s
 179954 162825   62.75279   71  157   70.95423   62.60074  11.8%  66.5 1048s
 182541 164929   62.69278   86  218   70.95423   62.60233  11.8%  66.2 1052s
 184864 165552   63.21678   82  234   70.95423   62.60373  11.8%  65.9 1059s
 185511 167408   62.67480   61  163   70.95423   62.60466  11.8%  65.9 1062s
 187638 169471   62.63894   82  209   70.95423   62.60587  11.8%  65.8 1067s
 189938 169603   62.73252   63  162   70.95423   62.60760  11.8%  65.5 1076s
 190097 171633   62.95675   50  220   70.95423   62.60842  11.8%  65.6 1080s
 194483 177649   62.76817   72  182   70.95423   62.61035  11.8%  65.1 1092s
 198884 177806   62.92627   69  157   70.95423   62.61318  11.8%  64.7 1099s
 199048 179311   62.68459   26  266   70.95423   62.61399  11.8%  64.7 1103s
 200758 181118   62.72016   85  252   70.95423   62.61491  11.8%  64.6 1106s
 202735 181443   62.77477   55  230   70.95423   62.61620  11.8%  64.5 1113s
 203086 183311   62.67245   40  191   70.95423   62.61701  11.8%  64.4 1117s
 205232 185250   62.75698   69  218   70.95423   62.61808  11.7%  64.3 1121s
 207398 185384   62.67835   41  194   70.95423   62.61948  11.7%  64.1 1127s
 207548 187561   63.17728   81  175   70.95423   62.62029  11.7%  64.1 1131s
 209852 189600   70.90198   33  202   70.95423   62.62141  11.7%  63.9 1136s
 212092 189803   63.52708   71  191   70.95423   62.62251  11.7%  63.7 1143s
 212324 191628   62.75489   35  262   70.95423   62.62322  11.7%  63.7 1148s
 214439 193429   62.95508   48  175   70.95423   62.62431  11.7%  63.5 1152s
 216422 193771   62.80799   55  202   70.95423   62.62535  11.7%  63.4 1163s
 216798 208229   62.85838   72  147   70.95423   62.62598  11.7%  63.4 1193s
 232814 208354   62.95853   66  217   70.95423   62.63273  11.7%  62.2 1225s
 235211 212554   62.94323   62  123   70.95423   62.63540  11.7%  62.0 1234s
 237405 213136     cutoff   44        70.95423   62.63696  11.7%  61.9 1242s
 238031 225566     cutoff   61        70.95423   62.63754  11.7%  61.9 1263s
 251776 225738   62.93763   26  284   70.95423   62.64336  11.7%  61.0 1278s
 251970 226601   62.77317   88  184   70.95423   62.64430  11.7%  61.1 1284s
 252887 228532   63.08482   67  315   70.95423   62.64538  11.7%  61.0 1287s
 255033 228715     cutoff   55        70.95423   62.64665  11.7%  60.9 1295s
 257706 232594   62.77975   39  153   70.95423   62.64840  11.7%  60.8 1303s
 259548 236256   62.73468   75  257   70.95423   62.64999  11.7%  60.8 1311s
 263435 236407   63.10375   51  171   70.95423   62.65176  11.7%  60.6 1317s
 263600 238869   62.99104   39  231   70.95423   62.65236  11.7%  60.7 1321s
 266236 240760   62.86217   52  150   70.95423   62.65351  11.7%  60.5 1325s
 269559 241980   62.78982   69  188   70.95423   62.65532  11.7%  60.4 1336s
 269700 244176   62.79135   65  205   70.95423   62.65576  11.7%  60.4 1340s
 274435 246447   62.81515   64  258   70.95423   62.65780  11.7%  60.2 1351s
 274609 248416   62.85168   61  156   70.95423   62.65814  11.7%  60.2 1355s
 279026 252309   62.76523   40  232   70.95423   62.66023  11.7%  60.0 1363s
 281064 252881   63.00727   57  169   70.95423   62.66143  11.7%  59.9 1375s
 281685 266041   62.92803   57  241   70.95423   62.66176  11.7%  59.9 1398s
 296175 266156   62.91191   40  205   70.95423   62.66689  11.7%  59.1 1403s
 296307 266337   63.17900   61   94   70.95423   62.66800  11.7%  59.1 1418s
 296523 268397     cutoff   53        70.95423   62.66862  11.7%  59.2 1422s
 298775 270464   63.01893   64  249   70.95423   62.66937  11.7%  59.1 1426s
 301082 272375     cutoff   80        70.95423   62.67058  11.7%  59.0 1430s
 303293 272594   62.95732   52  223   70.95423   62.67214  11.7%  58.9 1440s
 303555 286283   62.69703   80  161   70.95423   62.67256  11.7%  58.9 1470s
 319571 286367   63.03208   61  239   70.95423   62.68029  11.7%  58.5 1478s
 319681 286470   62.89630   68  195   70.95423   62.68168  11.7%  58.5 1491s
 319809 288312   63.17919   69  177   70.95423   62.68251  11.7%  58.6 1496s
 321876 289636   62.97159   65  119   70.95423   62.68458  11.7%  58.5 1500s
 323489 289760   62.96856   52  275   70.95423   62.68698  11.7%  58.6 1507s
 323624 291790   63.52480   49  213   70.95423   62.68739  11.7%  58.6 1512s
 325952 291912     cutoff   78        70.95423   62.68932  11.6%  58.6 1522s
 326099 306267     cutoff   59        70.95423   62.69002  11.6%  58.6 1556s
 342115 306348   63.02162   68  130   70.95423   62.69908  11.6%  58.0 1562s
 342226 306431   63.04684   34  190   70.95423   62.70056  11.6%  58.1 1567s
 342336 306550   65.74948   69  121   70.95423   62.70184  11.6%  58.1 1573s
 342500 306676   62.91064   69  145   70.95423   62.70236  11.6%  58.1 1581s
 342661 308300   62.91365   47  178   70.95423   62.70298  11.6%  58.2 1587s
 344610 308422   63.03423   61  155   70.95423   62.70454  11.6%  58.2 1594s
 344775 310697   65.82630   71  142   70.95423   62.70535  11.6%  58.2 1600s
 347364 310832   62.77455   45  161   70.95423   62.70703  11.6%  58.2 1608s
 347548 324792   65.10044   74  166   70.95423   62.70775  11.6%  58.2 1642s
 363564 324901   62.86709   48  143   70.95423   62.71626  11.6%  57.8 1647s
 363704 325034   62.99880   47  213   70.95423   62.71763  11.6%  57.8 1655s
 363868 325200   63.25291   60  176   70.95423   62.71850  11.6%  57.9 1660s
 364074 327115   63.00968   75  233   70.95423   62.71901  11.6%  57.9 1666s
 366471 327252   62.86811   65  250   70.95423   62.72008  11.6%  57.9 1672s
 366626 329291   63.31824   55  170   70.95423   62.72083  11.6%  57.9 1677s
 368868 331218     cutoff   65        70.95423   62.72187  11.6%  57.9 1685s
 371001 331376   63.06811   45  290   70.95423   62.72314  11.6%  57.8 1693s
 371212 335186     cutoff   72        70.95423   62.72377  11.6%  57.9 1701s
 375657 335867   62.99559   55  243   70.95423   62.72672  11.6%  57.8 1709s
 376479 336866   63.01149   79  157   70.95423   62.72744  11.6%  57.8 1729s
 377754 337079   63.12113   44  206   70.95423   62.72832  11.6%  57.8 1738s
 377989 340161   63.23390   46  160   70.95423   62.72920  11.6%  57.8 1746s
 381414 342771   62.95698   41  230   70.95423   62.73003  11.6%  57.8 1752s
 384384 342930   62.74815   63  191   70.95423   62.73355  11.6%  57.7 1768s
 384558 345238   62.88830   45  178   70.95423   62.73406  11.6%  57.7 1774s
 387376 347616     cutoff   55        70.95423   62.73525  11.6%  57.7 1780s
 390071 348311     cutoff   88        70.95423   62.73743  11.6%  57.6 1789s
 390868 356753   62.94504   71  343   70.95423   62.73830  11.6%  57.6 1806s
 400497 356867   62.92538   26  237   70.95423   62.74306  11.6%  57.3 1817s
 400641 357022   62.89580   61  144   70.95423   62.74419  11.6%  57.4 1825s
 400825 359012   62.88897   45  289   70.95423   62.74488  11.6%  57.4 1831s
 403300 361254   63.05175   70  206   70.95423   62.74638  11.6%  57.3 1836s
 405747 361383 infeasible   60        70.95423   62.74798  11.6%  57.3 1843s
 405916 363330   63.87228   75  130   70.95423   62.74863  11.6%  57.3 1848s
 408178 363819   62.97263   71  172   70.95423   62.74969  11.6%  57.3 1855s
 408752 365939   62.87782   50  194   70.95423   62.75078  11.6%  57.3 1860s
 411147 366133   62.87519   47  171   70.95423   62.75176  11.6%  57.2 1876s
 411391 380473   62.95284   69  211   70.95423   62.75269  11.6%  57.3 1907s
 427407 380571   63.08560   46  190   70.95423   62.76040  11.5%  56.8 1914s
 427519 380711   63.01040   47  197   70.95423   62.76108  11.5%  56.8 1930s
 427684 380841   62.94586   69  196   70.95423   62.76156  11.5%  56.9 1939s
 427832 383176   63.22259   55  207   70.95423   62.76213  11.5%  56.9 1944s
 430480 385160   65.01319   73  228   70.95423   62.76344  11.5%  56.8 1949s
 432701 385312     cutoff   50        70.95423   62.76500  11.5%  56.8 1967s
 432912 399695   62.98169   68  167   70.95423   62.76574  11.5%  56.8 1997s
 448928 399780   63.05148   60  181   70.95423   62.77213  11.5%  56.3 2005s
H448935 399780                      70.9542314   62.77225  11.5%  56.3 2005s
 449033 399883     cutoff   57        70.95423   62.77304  11.5%  56.3 2011s
 449195 399988   62.87667   43  192   70.95423   62.77402  11.5%  56.4 2018s
 449329 399999     cutoff   69        70.95423   62.77448  11.5%  56.4 2048s
H449333 398739                      70.9074485   62.77461  11.5%  56.4 2048s
 449349 398865   62.79875   66  211   70.90745   62.77491  11.5%  56.4 2058s
 449524 398963   63.12186   74  196   70.90745   62.77519  11.5%  56.4 2066s
 449654 399067   63.23075   60  186   70.90745   62.77556  11.5%  56.5 2075s
 449794 399084     cutoff   76        70.90745   62.77592  11.5%  56.5 2090s
 449827 399304   63.23419   53  219   70.90745   62.77621  11.5%  56.5 2099s
 450079 399480     cutoff   74        70.90745   62.77655  11.5%  56.5 2107s
 450285 402169   62.83301   39  229   70.90745   62.77708  11.5%  56.6 2113s
 453338 402456   63.14882   71  240   70.90745   62.77837  11.5%  56.5 2124s
 453679 416618   63.13773   55  142   70.90745   62.77880  11.5%  56.5 2156s
 469695 416742   63.23578   69  160   70.90745   62.78556  11.5%  56.2 2164s
 469838 416757   62.93985   50  230   70.90745   62.78623  11.5%  56.2 2184s
 469855 416904   63.43404   58  176   70.90745   62.78696  11.5%  56.2 2198s
 470035 417081   63.38568   70  146   70.90745   62.78740  11.5%  56.3 2204s
 470252 419657   62.82819   53  174   70.90745   62.78789  11.5%  56.3 2210s
 473106 419803   63.39383   64  154   70.90745   62.78925  11.4%  56.2 2218s
 473292 421804   63.30557   46  197   70.90745   62.78964  11.4%  56.2 2224s
 475607 424737   63.28226   36  203   70.90745   62.79060  11.4%  56.2 2232s
 479228 424884   62.87674   70  140   70.90745   62.79198  11.4%  56.2 2240s
 479409 427751   65.38729   69  181   70.90745   62.79292  11.4%  56.2 2246s
 482563 427850   65.19960   88  221   70.90745   62.79447  11.4%  56.1 2254s
 482706 430263   63.10577   47  269   70.90745   62.79493  11.4%  56.1 2260s
 485515 430428   63.05331   76  240   70.90745   62.79569  11.4%  56.0 2267s
 485709 432791   63.47420   73  149   70.90745   62.79650  11.4%  56.1 2272s
 488436 434446   62.87822   55  181   70.90745   62.79779  11.4%  56.0 2278s
H489440 434446                      70.9074481   62.79797  11.4%  56.0 2278s
 490467 434660   62.82596   47  151   70.90745   62.79873  11.4%  55.9 2285s
 490710 437265   62.86150   65  147   70.90745   62.79913  11.4%  56.0 2290s
 493617 439444   63.02166   93  224   70.90745   62.80067  11.4%  55.9 2295s
 496079 439701   63.29373   65  175   70.90745   62.80198  11.4%  55.8 2304s
H496190 439701                      70.9074481   62.80213  11.4%  55.8 2304s
 496393 454004   63.43364   64  166   70.90745   62.80264  11.4%  55.8 2335s
 512409 454099   63.06379   44  195   70.90745   62.80814  11.4%  55.4 2345s
 512537 454185   63.07727   66  250   70.90745   62.80875  11.4%  55.4 2359s
 512651 454679   62.94618   69  153   70.90745   62.80947  11.4%  55.5 2364s
 513193 456986   63.16292   58  198   70.90745   62.81011  11.4%  55.5 2368s
 515894 457235   63.02548   60  273   70.90745   62.81118  11.4%  55.4 2374s
 516185 459480   63.16982   51  176   70.90745   62.81166  11.4%  55.4 2378s
 518902 463047   62.95406   61  176   70.90745   62.81251  11.4%  55.4 2387s
 522852 463208   63.08291   53  177   70.90745   62.81460  11.4%  55.3 2394s
 523041 465696   63.09242   58  132   70.90745   62.81493  11.4%  55.3 2399s
 525861 465850   63.21357   47  227   70.90745   62.81582  11.4%  55.2 2406s
 526063 468562   62.88842   68  168   70.90745   62.81627  11.4%  55.2 2412s
 529101 470308   62.96331   49  157   70.90745   62.81710  11.4%  55.1 2417s
 531091 472533   63.11379   53  188   70.90745   62.81824  11.4%  55.1 2421s
 533651 472695   62.87745   55  198   70.90745   62.82000  11.4%  55.1 2433s
 533843 475110     cutoff   70        70.90745   62.82027  11.4%  55.1 2439s
 536544 477113   62.94216   66  229   70.90745   62.82108  11.4%  55.0 2444s
 538761 477267   63.32923   69  148   70.90745   62.82259  11.4%  55.0 2449s
 538972 479501     cutoff   81        70.90745   62.82302  11.4%  55.0 2455s
 541657 483896   65.15392   84  152   70.90745   62.82409  11.4%  54.9 2464s
 546467 483969   62.99358   40  232   70.90745   62.82571  11.4%  54.8 2470s
 546559 484073   62.92711   31  270   70.90745   62.82636  11.4%  54.8 2475s
 546698 486159 infeasible   68        70.90745   62.82669  11.4%  54.8 2480s
 549252 488416   62.96388   71  145   70.90745   62.82762  11.4%  54.8 2485s
 551702 488509   63.08805   50  170   70.90745   62.82865  11.4%  54.7 2493s
 551821 490984   63.29933   57  185   70.90745   62.82900  11.4%  54.8 2496s
 554558 491069   62.97972   58  177   70.90745   62.83000  11.4%  54.7 2504s
 554671 493182   62.94835   64  234   70.90745   62.83044  11.4%  54.7 2509s
 557077 495196   63.18089   64  164   70.90745   62.83119  11.4%  54.7 2513s
 559296 495362     cutoff   76        70.90745   62.83209  11.4%  54.6 2519s
 559489 497727   63.19748   67  195   70.90745   62.83257  11.4%  54.6 2523s
 562170 501664   62.94731   67  174   70.90745   62.83339  11.4%  54.6 2533s
 566650 501773   63.09418   42  135   70.90745   62.83471  11.4%  54.5 2543s
 566787 504153   63.48466   79  204   70.90745   62.83549  11.4%  54.5 2549s
 569434 504268   63.39884   69  197   70.90745   62.83646  11.4%  54.4 2557s
 569564 506435   65.38258   78  210   70.90745   62.83684  11.4%  54.5 2563s
 572213 508418   63.25130   73  109   70.90745   62.83759  11.4%  54.4 2570s
 574422 508639   63.34955   59  149   70.90745   62.83822  11.4%  54.3 2576s
 574660 511359   62.95603   56  178   70.90745   62.83890  11.4%  54.4 2582s
 577632 513962   65.40909   93  174   70.90745   62.83997  11.4%  54.3 2588s
 580518 514112   63.02767   62  117   70.90745   62.84070  11.4%  54.2 2608s
 580685 516428   63.18355   73  249   70.90745   62.84145  11.4%  54.2 2614s
 583297 520951 infeasible   37        70.90745   62.84255  11.4%  54.2 2626s
 588408 521024   62.86051   52  175   70.90745   62.84352  11.4%  54.0 2637s
 588511 523249   63.10092   62  146   70.90745   62.84419  11.4%  54.1 2642s
 591003 523358   63.66962   63  197   70.90745   62.84497  11.4%  54.0 2651s
 591148 525777   70.86733   31  203   70.90745   62.84534  11.4%  54.0 2657s
 593779 527678 infeasible   52        70.90745   62.84617  11.4%  54.0 2662s
 595908 527789   62.91838   70  276   70.90745   62.84702  11.4%  53.9 2677s
 596040 530292   63.65099   70   83   70.90745   62.84736  11.4%  53.9 2684s
 598814 532739   62.95227   65  234   70.90745   62.84804  11.4%  53.9 2689s
 601647 534416   63.01272   70  234   70.90745   62.84923  11.4%  53.8 2695s
H602023 534416                      70.9074480   62.84937  11.4%  53.8 2696s
 603557 534527   62.92792   48  182   70.90745   62.84975  11.4%  53.8 2705s
 603696 537067   63.12293   52  200   70.90745   62.85021  11.4%  53.8 2710s
 606526 541684 infeasible   38        70.90745   62.85101  11.4%  53.7 2718s
 611799 541760   63.25971   48  196   70.90745   62.85280  11.4%  53.6 2724s
 611887 541868   63.19518   44  199   70.90745   62.85312  11.4%  53.6 2735s
 612020 544303   63.17378   60  220   70.90745   62.85344  11.4%  53.6 2740s
 614677 546481   63.10187   73  154   70.90745   62.85406  11.4%  53.5 2746s
 617090 546557   62.95579   65  213   70.90745   62.85507  11.4%  53.5 2755s
 617193 548944   62.96699   88  199   70.90745   62.85552  11.4%  53.5 2760s
 619853 549033   63.18496   63  138   70.90745   62.85637  11.4%  53.4 2769s
 619972 551083   63.19168   67  160   70.90745   62.85659  11.4%  53.4 2774s
 622222 552979     cutoff   79        70.90745   62.85743  11.4%  53.4 2780s
 624297 553077   63.23812   73  125   70.90745   62.85805  11.4%  53.4 2788s
 624414 555802     cutoff  103        70.90745   62.85850  11.4%  53.4 2795s
 627404 556050   63.23986   55  178   70.90745   62.85918  11.4%  53.3 2808s
 627669 570272   62.91602   51  166   70.90745   62.85956  11.3%  53.3 2841s
 643685 570378     cutoff   71        70.90745   62.86336  11.3%  53.0 2852s
 643823 572576   63.21627   60  207   70.90745   62.86381  11.3%  53.0 2857s
 646302 572716   63.13312   81  201   70.90745   62.86492  11.3%  53.0 2869s
 646458 575086 infeasible   66        70.90745   62.86524  11.3%  53.0 2875s
 649163 578745     cutoff   66        70.90745   62.86606  11.3%  52.9 2886s
 653277 578859   63.10739   74  247   70.90745   62.86668  11.3%  52.9 2899s
 653412 581477   65.10664   87  157   70.90745   62.86762  11.3%  52.9 2905s
 656505 584229   63.31874   63  162   70.90745   62.86852  11.3%  52.8 2911s
 659490 584375   63.01195   79  253   70.90745   62.86955  11.3%  52.8 2920s
 659663 586995   63.01091   51  140   70.90745   62.86981  11.3%  52.8 2926s
 662536 589287   63.01702   60  234   70.90745   62.87079  11.3%  52.7 2932s
 665153 589386   62.93094   47  202   70.90745   62.87135  11.3%  52.7 2944s
 665273 591788   63.00238   60  218   70.90745   62.87177  11.3%  52.7 2950s
 668028 594493   63.25744   62  158   70.90745   62.87277  11.3%  52.7 2955s
 671013 594762   65.32264   68  149   70.90745   62.87366  11.3%  52.6 2969s
 671311 608700   62.95302   45  241   70.90745   62.87398  11.3%  52.6 2995s
 687327 608785   63.09116   52  159   70.90745   62.87766  11.3%  52.3 3005s
 687422 608931   62.92809   46  196   70.90745   62.87828  11.3%  52.3 3014s
 687603 611114   62.98934   53  154   70.90745   62.87855  11.3%  52.3 3019s
 689382 611114     cutoff   51        70.90745   62.87877  11.3%  52.2 3020s
 690122 613736   63.19159   50  208   70.90745   62.87950  11.3%  52.2 3025s
 692991 613964   62.96230   50  196   70.90745   62.88001  11.3%  52.2 3036s
 693230 628094   65.24037   82  208   70.90745   62.88047  11.3%  52.2 3058s
 709246 628183   63.15826   85  229   70.90745   62.88383  11.3%  51.9 3069s
 709359 628327 infeasible   62        70.90745   62.88437  11.3%  51.9 3076s
 709527 630684     cutoff   70        70.90745   62.88472  11.3%  51.9 3081s
 712119 630880   63.17901   90  189   70.90745   62.88569  11.3%  51.9 3091s
 712355 633216   63.05849   50  127   70.90745   62.88618  11.3%  51.9 3097s
 714962 637124   63.62609   54  166   70.90745   62.88695  11.3%  51.8 3107s
 719321 637307   62.95755   70  218   70.90745   62.88782  11.3%  51.8 3115s
 719529 640087   63.33020   71  176   70.90745   62.88827  11.3%  51.8 3122s
 722496 642153   62.90670   73  164   70.90745   62.88894  11.3%  51.7 3127s
 724776 642303   62.98908   41  215   70.90745   62.88956  11.3%  51.7 3134s
 724950 644836   63.26347   79  232   70.90745   62.88983  11.3%  51.7 3140s
 730932 647645   62.93690   50  192   70.90745   62.89137  11.3%  51.6 3152s
 731073 650243   63.22845   73  180   70.90745   62.89158  11.3%  51.6 3158s
 733972 651090   63.13925   72  120   70.90745   62.89242  11.3%  51.6 3163s
 734946 654044     cutoff   66        70.90745   62.89277  11.3%  51.6 3168s
 738185 654241   63.60416   76  182   70.90745   62.89372  11.3%  51.5 3180s
 738422 668533 infeasible   42        70.90745   62.89394  11.3%  51.5 3207s
 754438 668625   65.53991   74  191   70.90745   62.89697  11.3%  51.2 3214s
 754551 668704   63.32342   70  172   70.90745   62.89760  11.3%  51.2 3225s
 757433 671299   63.35446   64  226   70.90745   62.89840  11.3%  51.2 3246s
 757584 673899 infeasible   61        70.90745   62.89876  11.3%  51.2 3252s
 760478 678091   63.01733   48  231   70.90745   62.89956  11.3%  51.1 3261s
 765021 678235   62.93773   46  196   70.90745   62.90074  11.3%  51.0 3277s
 765193 680825   63.99869   95  178   70.90745   62.90100  11.3%  51.1 3283s
 768053 683724     cutoff   71        70.90745   62.90138  11.3%  51.0 3289s
 771182 683806   63.38639   74  194   70.90745   62.90227  11.3%  51.0 3298s
 771291 686303   63.47113   74  112   70.90745   62.90246  11.3%  51.0 3303s
 774144 686443   63.04535   82  211   70.90745   62.90323  11.3%  50.9 3311s
 774314 688948   63.52146   52  132   70.90745   62.90345  11.3%  50.9 3316s
 777041 690587   63.05436   56  212   70.90745   62.90400  11.3%  50.9 3320s
 779079 690723   63.28555   43  201   70.90745   62.90456  11.3%  50.9 3329s
 779256 693286   63.55784   61  164   70.90745   62.90494  11.3%  50.9 3334s
 782075 697618   63.26809   67  147   70.90745   62.90551  11.3%  50.8 3344s
 787013 697756     cutoff   69        70.90745   62.90669  11.3%  50.7 3352s
 787185 700467     cutoff   71        70.90745   62.90711  11.3%  50.8 3357s
 790204 702900   63.34107   76  201   70.90745   62.90773  11.3%  50.7 3361s
 792888 702988   63.09287   95  154   70.90745   62.90848  11.3%  50.6 3368s
 793003 705407   63.32335   76  132   70.90745   62.90870  11.3%  50.7 3373s
 795753 707799   62.97099   52  130   70.90745   62.90950  11.3%  50.6 3379s
 798523 707881   63.01726   73  188   70.90745   62.91016  11.3%  50.6 3386s
 798633 709676   63.42761   70  163   70.90745   62.91047  11.3%  50.6 3390s
 800767 712076   63.39293   49  240   70.90745   62.91082  11.3%  50.5 3395s
 803537 712337   63.33857   48  184   70.90745   62.91137  11.3%  50.5 3408s
 803857 726764   63.04111   54  215   70.90745   62.91182  11.3%  50.5 3428s
 819873 726891   63.05921   84  229   70.90745   62.91489  11.3%  50.2 3435s
 820014 729836   63.08708   76  253   70.90745   62.91523  11.3%  50.2 3440s
 823836 732648   62.96535   70  191   70.90745   62.91643  11.3%  50.2 3448s
 826436 735525   63.30062   66  166   70.90745   62.91706  11.3%  50.2 3456s
 829599 735911   63.48091   70  197   70.90745   62.91779  11.3%  50.1 3467s
 830040 740740   63.07924   69  175   70.90745   62.91819  11.3%  50.1 3475s
 838313 746114   62.94443   63  107   70.90745   62.92020  11.3%  50.0 3483s
 841388 746221   63.07719   44  207   70.90745   62.92102  11.3%  49.9 3494s
 841517 749054   63.46794   53  131   70.90745   62.92119  11.3%  49.9 3498s
 844666 751017   62.95717   64  157   70.90745   62.92191  11.3%  49.9 3501s
 846801 751246   63.18545   55  190   70.90745   62.92242  11.3%  49.8 3508s
 847070 756071 infeasible   50        70.90745   62.92264  11.3%  49.9 3515s
 852226 756153   63.16236   54  120   70.90745   62.92368  11.3%  49.8 3520s
 854740 760180 infeasible   78        70.90745   62.92434  11.3%  49.7 3528s
 856871 760252   62.96291   61  203   70.90745   62.92481  11.3%  49.7 3535s
 859976 763104   63.54496   74  188   70.90745   62.92583  11.3%  49.7 3545s
 862648 767285   63.33707   74  234   70.90745   62.92642  11.3%  49.6 3553s
 864686 767382   63.18882   50  222   70.90745   62.92692  11.3%  49.6 3558s
 864801 770485   63.47037   66  130   70.90745   62.92706  11.3%  49.6 3562s
 868191 774711     cutoff   73        70.90745   62.92768  11.3%  49.5 3569s
 872974 774806   63.13959   77  168   70.90745   62.92848  11.3%  49.5 3576s
 873078 777298   63.40669   53  144   70.90745   62.92870  11.3%  49.5 3580s
 875789 777444   63.41482   69  180   70.90745   62.92924  11.3%  49.4 3585s
 878942 781639   63.95741   59  221   70.90745   62.93017  11.3%  49.4 3593s
 880846 781740   63.92197   61  116   70.90745   62.93066  11.2%  49.4 3599s
 880967 783899   63.17473   44  212   70.90745   62.93081  11.2%  49.4 3603s
 883354 786660   63.38004   53  119   70.90745   62.93128  11.2%  49.4 3606s
 886440 786760   63.01342   42  195   70.90745   62.93197  11.2%  49.3 3614s
 886563 786900   63.53366   61  135   70.90745   62.93220  11.2%  49.3 3635s
 886723 787081   63.07169   59  239   70.90745   62.93238  11.2%  49.3 3640s
 886922 787252   63.19363   65  165   70.90745   62.93250  11.2%  49.3 3647s
 887104 790304   63.01124   52  209   70.90745   62.93260  11.2%  49.3 3652s
 890426 794971   63.24737   78  195   70.90745   62.93326  11.2%  49.3 3660s
 895517 795054   67.30799   56  282   70.90745   62.93423  11.2%  49.2 3665s
 895630 795170   63.06101   47  181   70.90745   62.93462  11.2%  49.2 3671s
 895766 797680     cutoff   70        70.90745   62.93483  11.2%  49.2 3675s
 900748 799893     cutoff   86        70.90745   62.93582  11.2%  49.2 3689s
 900892 802620   63.54682   67  118   70.90745   62.93607  11.2%  49.2 3693s
 903902 805041   63.41727   70  150   70.90745   62.93671  11.2%  49.1 3696s
 906756 807177   65.64356   82  175   70.90745   62.93708  11.2%  49.1 3701s
 909095 807285   63.26399   65  178   70.90745   62.93780  11.2%  49.0 3707s
 909228 809660   63.30118   76  208   70.90745   62.93796  11.2%  49.1 3710s
 911980 814102   63.22295   71  141   70.90745   62.93846  11.2%  49.0 3718s
 917027 814193   62.96154   66  190   70.90745   62.93928  11.2%  48.9 3724s
 917135 814323   63.24571   50  188   70.90745   62.93968  11.2%  49.0 3730s
 920268 819303   63.09950   52  228   70.90745   62.94041  11.2%  48.9 3737s
 922692 819689   62.94600   78  213   70.90745   62.94081  11.2%  48.9 3742s
 923090 822372   63.15021   50   93   70.90745   62.94125  11.2%  48.9 3746s
 926071 822492   63.33364   52  133   70.90745   62.94178  11.2%  48.8 3752s
 926206 825221   63.64327   69  164   70.90745   62.94201  11.2%  48.9 3757s
 929192 827268   63.15662   52  152   70.90745   62.94258  11.2%  48.8 3761s
 931452 827431   62.97634   68  229   70.90745   62.94316  11.2%  48.8 3765s
 934579 834808 infeasible   61        70.90745   62.94377  11.2%  48.7 3775s
 939833 834885   62.98871   54  196   70.90745   62.94456  11.2%  48.7 3782s
 939920 837137   63.05163   65  173   70.90745   62.94483  11.2%  48.7 3786s
 942374 837244 infeasible   63        70.90745   62.94527  11.2%  48.6 3792s
 942502 839876   63.38818   51  162   70.90745   62.94550  11.2%  48.6 3796s
 947291 841767   63.09774   55  216   70.90745   62.94629  11.2%  48.6 3807s
 947413 844354   62.96654   76  171   70.90745   62.94650  11.2%  48.6 3810s
 953047 848686   63.33077   75  175   70.90745   62.94775  11.2%  48.5 3818s
 954981 848959   63.09294   53  175   70.90745   62.94812  11.2%  48.5 3825s
 955303 863630   63.24890   51  185   70.90745   62.94841  11.2%  48.5 3846s
 971319 863724   62.99285   63  171   70.90745   62.95094  11.2%  48.3 3856s
 971436 863811   63.23615   49  147   70.90745   62.95124  11.2%  48.3 3866s
 971559 865886   63.12251   51  188   70.90745   62.95145  11.2%  48.3 3870s
 976338 868095   63.41780   69  215   70.90745   62.95266  11.2%  48.3 3880s
 976590 882143   63.11572   68  113   70.90745   62.95288  11.2%  48.3 3902s
 992606 882248     cutoff   37        70.90745   62.95594  11.2%  48.2 3909s
 992729 882364   63.08176   48  243   70.90745   62.95660  11.2%  48.2 3918s
 992868 884671     cutoff   85        70.90745   62.95684  11.2%  48.2 3922s
 995506 884826   63.00488   63  162   70.90745   62.95739  11.2%  48.2 3929s
 995690 887330   63.17050   55  192   70.90745   62.95774  11.2%  48.2 3933s
 998521 890533   63.32888   59  140   70.90745   62.95851  11.2%  48.2 3940s
 1002190 890662   63.07351   42  212   70.90745   62.95925  11.2%  48.2 3947s
 1002340 893563     cutoff   66        70.90745   62.95961  11.2%  48.2 3951s
 1005708 895586   63.00594   55  151   70.90745   62.96044  11.2%  48.2 3955s
 1008179 895702 infeasible   60        70.90745   62.96093  11.2%  48.1 3963s
 1008319 898295   63.11210   50  259   70.90745   62.96127  11.2%  48.2 3968s
 1011285 898441   63.35153   58  239   70.90745   62.96196  11.2%  48.1 3973s
 1011468 901016   63.27835   73  185   70.90745   62.96222  11.2%  48.1 3977s
 1014406 902900   63.20278   84  239   70.90745   62.96286  11.2%  48.1 3981s
 1016594 903034   63.67635   51  187   70.90745   62.96340  11.2%  48.1 3991s
 1016747 905652   63.18050   53  185   70.90745   62.96389  11.2%  48.1 3996s
 1019715 909425   63.04371   50  209   70.90745   62.96463  11.2%  48.1 4002s
 1024158 909531   63.08204   45  237   70.90745   62.96549  11.2%  48.1 4012s
 1024289 911838   63.16431   50  245   70.90745   62.96593  11.2%  48.1 4016s
 1026928 913878   63.31311   76  245   70.90745   62.96650  11.2%  48.1 4020s
 1029325 914048   63.60009   42  235   70.90745   62.96698  11.2%  48.1 4025s
 1032293 918494   63.41021   59  128   70.90745   62.96780  11.2%  48.0 4033s
 1034777 918599   63.06853   51  172   70.90745   62.96850  11.2%  48.0 4039s
 1034892 920960   63.20449   63  125   70.90745   62.96874  11.2%  48.0 4043s
 1037644 923059   63.36817   70  164   70.90745   62.96928  11.2%  48.0 4047s
 1040138 923265   63.49283   57  238   70.90745   62.96982  11.2%  48.0 4053s
 1040367 937093   63.03245   75  128   70.90745   62.97014  11.2%  48.0 4077s
 1056383 937221   63.05732   42  270   70.90745   62.97266  11.2%  48.0 4083s
 1056533 937339   63.27161   70  179   70.90745   62.97334  11.2%  48.0 4093s
 1056665 937478   63.29889   63  133   70.90745   62.97365  11.2%  48.0 4099s
 1056832 940225   63.10019   48  196   70.90745   62.97393  11.2%  48.0 4104s
 1060165 942845   63.27209   61  279   70.90745   62.97465  11.2%  47.9 4107s
 1063213 943328   63.34385  107  176   70.90745   62.97555  11.2%  47.9 4115s
 1063767 956854   63.37296   71  129   70.90745   62.97579  11.2%  47.9 4138s
 1079783 956992   63.27683   53  198   70.90745   62.97887  11.2%  47.8 4145s
 1079965 957089   63.05706   68  137   70.90745   62.97926  11.2%  47.8 4152s
 1080079 959679   63.17459   49  237   70.90745   62.97962  11.2%  47.8 4155s
 1083047 959810   63.02056   83  231   70.90745   62.98010  11.2%  47.8 4160s
 1086298 966050   63.40895   50  194   70.90745   62.98093  11.2%  47.8 4170s
 1090584 966148   65.33912   80  106   70.90745   62.98178  11.2%  47.8 4176s
 1090703 968330   63.15141   53  203   70.90745   62.98206  11.2%  47.8 4180s
 1093195 968487   63.04783   46  212   70.90745   62.98252  11.2%  47.8 4186s
 1093376 971147   63.84529   82  180   70.90745   62.98281  11.2%  47.8 4191s
 1096361 973381   63.24848   72  144   70.90745   62.98337  11.2%  47.8 4196s
 1099064 973551   63.39535   49  146   70.90745   62.98382  11.2%  47.7 4202s
 1099272 975542   63.32378   70  132   70.90745   62.98411  11.2%  47.8 4206s
 1101556 977736   63.11623   56  161   70.90745   62.98457  11.2%  47.8 4211s
 1104083 977903   65.63276   64  174   70.90745   62.98487  11.2%  47.7 4218s
 1104284 980432   63.08960   52  170   70.90745   62.98535  11.2%  47.8 4224s
 1107131 984275   63.05766   97  264   70.90745   62.98596  11.2%  47.7 4230s
 1111653 984394   63.22607   48  230   70.90745   62.98660  11.2%  47.7 4235s
 1114266 986565   65.81560   85  114   70.90745   62.98758  11.2%  47.7 4246s
 1114415 989087   64.00444   61   71   70.90745   62.98769  11.2%  47.7 4250s
 1120180 991660   65.42572   85  147   70.90745   62.98886  11.2%  47.7 4260s
 1120493 994088   63.21029   56  138   70.90745   62.98908  11.2%  47.7 4265s
 1126062 996734   63.15291   66  155   70.90745   62.98988  11.2%  47.6 4274s
 1126180 998870   65.35762   80  152   70.90745   62.99010  11.2%  47.6 4279s
 1128688 999013   63.13724   65  216   70.90745   62.99067  11.2%  47.6 4289s
 1128903 1012614   63.02850   58  155   70.90745   62.99090  11.2%  47.6 4316s
 1144919 1012763   63.09558   41  215   70.90745   62.99348  11.2%  47.5 4323s
 1145089 1012865   63.41587   60  114   70.90745   62.99392  11.2%  47.5 4331s
 1145206 1015064   63.12699   54  216   70.90745   62.99423  11.2%  47.5 4335s
 1147884 1015234   63.21938   62  147   70.90745   62.99485  11.2%  47.5 4341s
 1148062 1017713   63.15308   54  144   70.90745   62.99504  11.2%  47.5 4346s
 1150999 1021322   63.12279   85  174   70.90745   62.99552  11.2%  47.5 4354s
 1153087 1021322   63.24609   55  182   70.90745   62.99566  11.2%  47.5 4355s
 1155302 1021458   63.42591   59   91   70.90745   62.99642  11.2%  47.5 4360s
 1158340 1023963   63.55447   63  159   70.90745   62.99707  11.2%  47.5 4378s
 1158534 1026222   63.07516   73  161   70.90745   62.99732  11.2%  47.5 4383s
 1161145 1028515   63.45845   60  172   70.90745   62.99770  11.2%  47.5 4388s
 1164205 1028686   63.25375   84  175   70.90745   62.99840  11.2%  47.4 4396s
 1164405 1030826   63.05050   51  147   70.90745   62.99865  11.2%  47.4 4401s
 1167087 1033353   63.60342   44  181   70.90745   62.99893  11.2%  47.4 4406s
 1170015 1035616   63.20930   65   85   70.90745   62.99981  11.2%  47.4 4411s
 1172683 1035817   63.11450   52  200   70.90745   63.00022  11.2%  47.4 4424s
 1172922 1049679 infeasible   73        70.90745   63.00043  11.2%  47.4 4453s
 1188938 1049780   63.10021   41  288   70.90745   63.00323  11.1%  47.3 4461s
 1189058 1049895   63.60678   60  213   70.90745   63.00352  11.1%  47.3 4466s
 1189187 1050022   63.19359   59  296   70.90745   63.00371  11.1%  47.3 4470s
 1192294 1052763   63.08938   79  215   70.90745   63.00438  11.1%  47.3 4479s
 1192461 1055319   63.06590   48  155   70.90745   63.00455  11.1%  47.3 4483s
 1195613 1059377   63.29881   64  117   70.90745   63.00505  11.1%  47.3 4490s
 1200250 1059531   63.38240   61  184   70.90745   63.00573  11.1%  47.2 4495s
 1203078 1063645   63.37835   71  158   70.90745   63.00632  11.1%  47.2 4503s
 1205379 1063778   63.32272   43  190   70.90745   63.00688  11.1%  47.2 4509s
 1205538 1065913   63.49621   80  243   70.90745   63.00711  11.1%  47.2 4513s
 1208203 1067974   63.02205   54  219   70.90745   63.00760  11.1%  47.2 4518s
 1210728 1068126   63.36781   55  106   70.90745   63.00802  11.1%  47.2 4533s
 1210894 1070499 infeasible   62        70.90745   63.00821  11.1%  47.2 4539s
 1213590 1072596 infeasible   58        70.90745   63.00862  11.1%  47.2 4544s
 1216023 1072790   63.61741   57  113   70.90745   63.00926  11.1%  47.2 4555s
 1216268 1086496   63.07633   55  151   70.90745   63.00946  11.1%  47.2 4582s
 1232284 1086645   63.07002   46  195   70.90745   63.01193  11.1%  47.1 4592s
 1232463 1086792     cutoff   73        70.90745   63.01243  11.1%  47.1 4598s
 1232635 1089098 infeasible   56        70.90745   63.01265  11.1%  47.1 4603s
 1235339 1089289 infeasible   61        70.90745   63.01313  11.1%  47.1 4612s
 1235564 1091876   63.18309   50  183   70.90745   63.01349  11.1%  47.1 4618s
 1238685 1095820   63.13941   67  170   70.90745   63.01405  11.1%  47.1 4627s
 1243198 1095952   63.15696   48  178   70.90745   63.01497  11.1%  47.0 4632s
 1243350 1097911   64.15768   83  303   70.90745   63.01521  11.1%  47.0 4635s
 1245762 1098020   63.09300   53  195   70.90745   63.01540  11.1%  47.0 4640s
 1248180 1101610   64.29294   57  124   70.90745   63.01616  11.1%  47.0 4648s
 1250182 1101841   64.05168   65  149   70.90745   63.01661  11.1%  47.0 4653s
 1250432 1103629   63.20053   63  228   70.90745   63.01686  11.1%  47.1 4657s
 1252559 1105641   63.06646   68  219   70.90745   63.01729  11.1%  47.1 4662s
 1254920 1107628   63.92629   52  127   70.90745   63.01794  11.1%  47.1 4666s
 1257277 1107821   64.07410   55  190   70.90745   63.01847  11.1%  47.1 4676s
 1257490 1109959 infeasible   30        70.90745   63.01865  11.1%  47.1 4681s
 1259895 1112820   64.16493   59  118   70.90745   63.01923  11.1%  47.1 4688s
 1263251 1114539   63.06866   59  163   70.90745   63.02011  11.1%  47.1 4694s
 1265304 1114757   63.22365   77  198   70.90745   63.02067  11.1%  47.2 4702s
 1265551 1117098   64.34317   56  162   70.90745   63.02089  11.1%  47.2 4708s
 1268316 1119449     cutoff   43        70.90745   63.02142  11.1%  47.2 4714s
 1271041 1120094   63.44203   83  216   70.90745   63.02218  11.1%  47.2 4718s
 1271787 1122581   63.07221   42  165   70.90745   63.02247  11.1%  47.2 4724s
 1274544 1124831   63.80203   48  169   70.90745   63.02332  11.1%  47.2 4729s
 1276316 1124831   64.15806   76  186   70.90745   63.02353  11.1%  47.2 4730s
 1277242 1125014     cutoff   66        70.90745   63.02413  11.1%  47.2 4735s
 1277451 1127155   63.89535   63  260   70.90745   63.02428  11.1%  47.3 4742s
 1279947 1129498   63.12944   80  154   70.90745   63.02475  11.1%  47.3 4748s
 1282632 1130631   63.82200   57  166   70.90745   63.02559  11.1%  47.3 4755s
 1283933 1135469   63.22503   50  143   70.90745   63.02591  11.1%  47.3 4766s
 1289655 1135777     cutoff   62        70.90745   63.02714  11.1%  47.4 4772s
 1290004 1138319   63.59911   50  119   70.90745   63.02748  11.1%  47.4 4779s
 1291631 1138319   63.08948   49  199   70.90745   63.02772  11.1%  47.4 4780s
 1293096 1140891   64.24764   53  150   70.90745   63.02826  11.1%  47.4 4786s
 1296001 1143021   63.92453   63  162   70.90745   63.02895  11.1%  47.4 4791s
 1298426 1143288   63.21904   50  130   70.90745   63.02976  11.1%  47.4 4797s
 1298742 1145622   63.35859   65  208   70.90745   63.02996  11.1%  47.4 4804s
 1301419 1148152   64.10961   48  192   70.90745   63.03052  11.1%  47.5 4809s
 1304328 1148627     cutoff   70        70.90745   63.03110  11.1%  47.5 4816s
 1304869 1161210   63.30658   54  188   70.90745   63.03142  11.1%  47.5 4842s
 1319610 1161442     cutoff   69        70.90745   63.03439  11.1%  47.6 4851s
 1319852 1161716   63.31587   55  237   70.90745   63.03477  11.1%  47.6 4855s
 1320189 1164290   63.80704   50  233   70.90745   63.03493  11.1%  47.6 4862s
 1323109 1166445   63.17755   43  171   70.90745   63.03550  11.1%  47.6 4868s
 1325764 1169183   63.23436   35  233   70.90745   63.03595  11.1%  47.6 4875s
 1329005 1169400   63.93199   40  146   70.90745   63.03651  11.1%  47.6 4881s
 1329252 1171673   63.14480   36  248   70.90745   63.03699  11.1%  47.6 4886s
 1332089 1173746   63.30578   82  198   70.90745   63.03764  11.1%  47.7 4891s
 1334663 1175699   63.42027   75  218   70.90745   63.03810  11.1%  47.7 4897s
 1337056 1175944   63.96822   52  244   70.90745   63.03878  11.1%  47.7 4902s
 1337374 1178183   63.17262   73  136   70.90745   63.03903  11.1%  47.7 4907s
 1340094 1180554   64.16913   74  151   70.90745   63.03953  11.1%  47.7 4913s
 1342934 1182784   63.67521   59  183   70.90745   63.04011  11.1%  47.7 4919s
 1345477 1183001   63.40798   70  217   70.90745   63.04078  11.1%  47.7 4926s
 1345715 1183243   63.17785   42  230   70.90745   63.04099  11.1%  47.7 4940s
 1345985 1185805   63.63377   56   96   70.90745   63.04111  11.1%  47.7 4946s
 1348901 1186690   63.17952   42  151   70.90745   63.04174  11.1%  47.7 4952s
 1349904 1192784     cutoff   69        70.90745   63.04211  11.1%  47.8 4968s
 1357407 1193036   63.14045   56  126   70.90745   63.04338  11.1%  47.8 4978s
 1357752 1195331   63.90587   68  193   70.90745   63.04387  11.1%  47.8 4985s
 1360662 1197764   63.13849   42  140   70.90745   63.04451  11.1%  47.8 4991s
 1363464 1198056   65.65490   70  180   70.90745   63.04537  11.1%  47.8 4996s
 1363794 1200434   63.41775   49  309   70.90745   63.04565  11.1%  47.9 5003s
 1366664 1202885   65.46072   78  175   70.90745   63.04599  11.1%  47.9 5009s
 1369427 1205605   63.30931   69  197   70.90745   63.04700  11.1%  47.9 5017s
 1372499 1205869   63.36343  104  174   70.90745   63.04765  11.1%  47.9 5021s
 1372800 1208429     cutoff   77        70.90745   63.04792  11.1%  47.9 5029s
 1375763 1210661   64.52286   74  161   70.90745   63.04846  11.1%  47.9 5035s
 1378479 1212977   65.40750   75  158   70.90745   63.04916  11.1%  48.0 5041s
 1381211 1213260   63.43350  108   84   70.90745   63.04977  11.1%  48.0 5046s
 1381515 1215734   63.15786   44  176   70.90745   63.04996  11.1%  48.0 5052s
 1384409 1217947   63.64599   77  200   70.90745   63.05047  11.1%  48.0 5059s
 1387168 1220049   64.18586   76  155   70.90745   63.05113  11.1%  48.0 5066s
 1389893 1220387   63.08543   50  230   70.90745   63.05183  11.1%  48.0 5073s
 1390301 1234050   63.51802   97  199   70.90745   63.05201  11.1%  48.0 5107s
 1406182 1234278   64.23707   69  210   70.90745   63.05487  11.1%  48.1 5113s
 1406470 1236862   63.94971   54  191   70.90745   63.05502  11.1%  48.1 5118s
 1409397 1237136   63.73091   53  232   70.90745   63.05554  11.1%  48.1 5125s
 1409702 1239308   63.28484   46  174   70.90745   63.05565  11.1%  48.1 5131s
 1412270 1242259     cutoff   86        70.90745   63.05595  11.1%  48.1 5139s
 1415629 1242560   63.93679   53  203   70.90745   63.05683  11.1%  48.1 5144s
 1415982 1244689     cutoff   43        70.90745   63.05716  11.1%  48.1 5150s
 1418558 1247257   63.54760   56   91   70.90745   63.05764  11.1%  48.2 5155s
 1421447 1249552   64.46793   56  187   70.90745   63.05824  11.1%  48.2 5161s
 1424042 1249768   63.11581   49  174   70.90745   63.05880  11.1%  48.2 5168s
 1424278 1252114   63.42193   65  227   70.90745   63.05904  11.1%  48.2 5174s
 1427018 1254483   63.98195   47  239   70.90745   63.05954  11.1%  48.2 5179s
 1429736 1255616   63.80688   48  233   70.90745   63.06019  11.1%  48.2 5184s
 1431082 1258043   65.07384   39  256   70.90745   63.06057  11.1%  48.2 5190s
 1434007 1258295   63.99531   72  210   70.90745   63.06108  11.1%  48.2 5199s
 1434302 1271997   63.35371   64  181   70.90745   63.06136  11.1%  48.2 5233s
 1450318 1272204   63.93400   58  235   70.90745   63.06417  11.1%  48.3 5240s
 1450560 1272454   63.44245   61  164   70.90745   63.06438  11.1%  48.3 5245s
 1450875 1274865   63.39057   60  208   70.90745   63.06458  11.1%  48.3 5252s
 1453731 1277160   63.35656   88  169   70.90745   63.06504  11.1%  48.3 5258s
 1456393 1280004   63.13370   81  165   70.90745   63.06576  11.1%  48.3 5265s
 1459670 1280199   63.29226   73  129   70.90745   63.06657  11.1%  48.3 5270s
 1459902 1282574 infeasible   54        70.90745   63.06670  11.1%  48.3 5276s
 1462729 1284763   63.12915   58  147   70.90745   63.06724  11.1%  48.4 5283s
 1465329 1284983   63.17082   57  185   70.90745   63.06780  11.1%  48.4 5288s
 1465588 1287262   63.84910   91  125   70.90745   63.06797  11.1%  48.4 5294s
 1468318 1289533   63.86841   66  194   70.90745   63.06838  11.1%  48.4 5299s
 1470875 1290839 infeasible   49        70.90745   63.06902  11.1%  48.4 5305s
 1472441 1293082   63.35125   75  222   70.90745   63.06956  11.1%  48.4 5312s
 1475032 1293344 infeasible   66        70.90745   63.07020  11.1%  48.4 5321s
 1475329 1295861   64.02056   73  152   70.90745   63.07052  11.1%  48.4 5328s
 1478218 1298733 infeasible   79        70.90745   63.07091  11.1%  48.4 5336s
 1481700 1300718   64.04764   52  149   70.90745   63.07165  11.1%  48.4 5340s
 1484225 1303111   63.09579   47  193   70.90745   63.07240  11.0%  48.5 5348s
 1486739 1305325   64.14615   60  153   70.90745   63.07282  11.0%  48.5 5355s
 1489259 1305563   63.31980   73  142   70.90745   63.07341  11.0%  48.5 5360s
 1489537 1307769   63.73026   85  179   70.90745   63.07358  11.0%  48.5 5366s
 1492090 1310029   65.24611   67  279   70.90745   63.07418  11.0%  48.5 5372s
 1494638 1312124 infeasible   66        70.90745   63.07445  11.0%  48.5 5377s
 1497175 1312365     cutoff   51        70.90745   63.07516  11.0%  48.5 5382s
 1497439 1314536   63.74986   73  112   70.90745   63.07541  11.0%  48.5 5387s
 1500072 1317290   64.20267   73  167   70.90745   63.07582  11.0%  48.5 5395s
 1503169 1319425 infeasible   63        70.90745   63.07642  11.0%  48.6 5400s
 1505550 1319673   63.62545   70  178   70.90745   63.07701  11.0%  48.6 5406s
 1505837 1322084   63.49057   85  210   70.90745   63.07722  11.0%  48.6 5412s
 1508745 1324191   64.06087   48  251   70.90745   63.07782  11.0%  48.6 5418s
 1511613 1325843   63.82505   72  208   70.90745   63.07822  11.0%  48.6 5423s
 1513936 1326097   63.87436   59  254   70.90745   63.07876  11.0%  48.6 5429s
 1514214 1328610   63.97323   61  165   70.90745   63.07896  11.0%  48.6 5435s
 1517043 1330310   63.64087   87  212   70.90745   63.07949  11.0%  48.6 5440s
 1519506 1331968   63.82130  101  155   70.90745   63.08000  11.0%  48.6 5447s
 1522237 1332173   64.18242   75  175   70.90745   63.08034  11.0%  48.6 5456s
 1522531 1340135   64.57341   56  159   70.90745   63.08085  11.0%  48.6 5490s
 1538547 1340326   64.67602   47   89   70.90745   63.08368  11.0%  48.6 5497s
 1538814 1340549   63.34071   78  269   70.90745   63.08375  11.0%  48.6 5508s
 1539134 1342637   63.68941   95  178   70.90745   63.08398  11.0%  48.7 5514s
 1541813 1342834     cutoff   72        70.90745   63.08468  11.0%  48.7 5522s
 1542093 1344356   64.35252   52   84   70.90745   63.08500  11.0%  48.7 5527s
 1544765 1346521   63.69663   91  199   70.90745   63.08563  11.0%  48.7 5534s
 1547840 1346742   63.82111   61  233   70.90745   63.08614  11.0%  48.7 5539s
 1548222 1348715   63.82153   61  236   70.90745   63.08680  11.0%  48.7 5544s
 1550912 1348940   64.60019   51  169   70.90745   63.08761  11.0%  48.7 5555s
 1551230 1351118   64.59176   89  139   70.90745   63.08792  11.0%  48.8 5560s
 1553942 1352610   63.87584   73  123   70.90745   63.08864  11.0%  48.8 5566s
 1556569 1352722     cutoff   77        70.90745   63.08956  11.0%  48.8 5576s
 1556995 1354773     cutoff   81        70.90745   63.08968  11.0%  48.8 5584s
 1559902 1355582   64.62154   51  188   70.90745   63.09040  11.0%  48.8 5590s
 1561057 1357817 infeasible   53        70.90745   63.09089  11.0%  48.9 5598s
 1564015 1357963   63.92952   51  143   70.90745   63.09177  11.0%  48.9 5604s
 1564930 1359580   64.14826   46  223   70.90745   63.09208  11.0%  48.9 5610s
 1567930 1359836   64.19756   51  235   70.90745   63.09243  11.0%  48.9 5617s
 1568269 1362077   64.62569  100  188   70.90745   63.09281  11.0%  48.9 5636s
 1578476 1361213     cutoff   77        70.90745   63.09500  11.0%  48.9 5640s
 1580516 1359098     cutoff   75        70.90745   63.09500  11.0%  48.9 5647s
 1581699 1357856     cutoff   94        70.90745   63.09500  11.0%  48.9 5653s
 1582997 1356589 infeasible   84        70.90745   63.09500  11.0%  48.9 5657s
 1584401 1355173     cutoff   76        70.90745   63.09500  11.0%  48.9 5662s
 1585970 1355420 infeasible   77        70.90745   63.09500  11.0%  48.9 5669s
 1586583 1355789 infeasible   92        70.90745   63.09512  11.0%  48.9 5678s
 1587103 1358610   63.97223   78  132   70.90745   63.09535  11.0%  49.0 5688s
 1591264 1358515   64.95415   73  107   70.90745   63.09630  11.0%  49.0 5702s
 1592056 1358453   64.34271   56  124   70.90745   63.09667  11.0%  49.0 5720s
 1597708 1358942 infeasible   74        70.90745   63.09734  11.0%  49.0 5729s
 1598398 1362763   64.13662   56  163   70.90745   63.09750  11.0%  49.0 5740s
 1604134 1365739   64.02431   73  251   70.90745   63.09872  11.0%  49.1 5749s
 1608410 1366173   63.54936   79  139   70.90745   63.09975  11.0%  49.1 5759s
 1609052 1369342   64.01029   58  202   70.90745   63.10042  11.0%  49.1 5769s
 1613634 1371654 infeasible   64        70.90745   63.10154  11.0%  49.2 5777s
 1616840 1371923   64.67190   52  134   70.90745   63.10263  11.0%  49.2 5787s
 1617430 1375693 infeasible   69        70.90745   63.10314  11.0%  49.2 5800s
 1623412 1378674     cutoff   70        70.90745   63.10408  11.0%  49.3 5808s
 1628050 1379096   63.34582   80  235   70.90745   63.10616  11.0%  49.3 5818s
 1628684 1382405   63.13136   72  279   70.90745   63.10645  11.0%  49.3 5830s
 1633476 1385462     cutoff   98        70.90745   63.10808  11.0%  49.3 5840s
 1637900 1385818     cutoff   57        70.90745   63.10939  11.0%  49.4 5851s
 1638636 1396777 infeasible   84        70.90745   63.10989  11.0%  49.4 5883s
 1654652 1397112   64.73423   54  147   70.90745   63.11385  11.0%  49.5 5893s
 1655294 1399624   63.82568   82  180   70.90745   63.11434  11.0%  49.5 5902s
 1659326 1399973 infeasible   66        70.90745   63.11560  11.0%  49.6 5912s
 1659918 1411197   63.87976   93  151   70.90745   63.11644  11.0%  49.6 5943s
 1675934 1411519 infeasible  104        70.90745   63.11973  11.0%  49.7 5953s
 1676430 1411847   64.63132   52  171   70.90745   63.12082  11.0%  49.7 5963s
 1676975 1414749   64.58795   76  144   70.90745   63.12153  11.0%  49.7 5973s
 1681324 1415126   63.74167   95  233   70.90745   63.12277  11.0%  49.8 5982s
 1681915 1424976   64.08326   53  231   70.90745   63.12334  11.0%  49.8 6018s
 1697931 1425255   64.46930   70  149   70.90745   63.12833  11.0%  49.9 6029s
 1698453 1425633   63.64661   48  233   70.90745   63.12888  11.0%  50.0 6038s
 1699100 1426058   65.06930   79  106   70.90745   63.12925  11.0%  50.0 6047s
 1699870 1429270   63.48960   52  170   70.90745   63.12967  11.0%  50.0 6059s
 1704777 1431599   64.23363   66  219   70.90745   63.13143  11.0%  50.1 6068s
 1708145 1432044 infeasible   72        70.90745   63.13266  11.0%  50.1 6077s
 1708826 1435174   64.05918   57   99   70.90745   63.13295  11.0%  50.2 6089s
 1713679 1437811   63.89378   84  265   70.90745   63.13445  11.0%  50.2 6099s
 1717810 1438186   63.83926   45  110   70.90745   63.13619  11.0%  50.3 6110s
 1718599 1440864   63.97704   51  173   70.90745   63.13670  11.0%  50.3 6120s
 1722925 1443863   63.83497   54   91   70.90745   63.13839  11.0%  50.4 6130s
 1727197 1444202   64.85990   55   86   70.90745   63.13974  11.0%  50.4 6139s
 1727849 1453291     cutoff   80        70.90745   63.14018  11.0%  50.5 6173s
 1743650 1453680   64.19494   69  203   70.90745   63.14473  10.9%  50.6 6193s
 1744342 1454085   64.15643   86  239   70.90745   63.14551  10.9%  50.7 6203s
 1745053 1457115   64.18726   64  175   70.90745   63.14577  10.9%  50.7 6215s
 1749912 1459114   64.87503   75  100   70.90745   63.14723  10.9%  50.7 6225s
 1753274 1459539   64.76199   58  192   70.90745   63.14835  10.9%  50.8 6237s
 1753998 1462678 infeasible   81        70.90745   63.14897  10.9%  50.8 6253s
 1759153 1465510     cutoff   95        70.90745   63.15082  10.9%  50.9 6267s
 1763581 1465978   64.04839   54  171   70.90745   63.15324  10.9%  51.0 6280s
 1764363 1469020   63.94387   51  196   70.90745   63.15359  10.9%  51.0 6291s
 1769229 1471481   63.90936   48  153   70.90745   63.15557  10.9%  51.1 6302s
 1772911 1471871   64.16977   58  205   70.90745   63.15683  10.9%  51.1 6310s
 1773584 1480550   63.49125   69  291   70.90745   63.15741  10.9%  51.2 6347s
 1789117 1481048 infeasible   83        70.90745   63.16244  10.9%  51.4 6361s
 1790011 1481078   63.90564   50  126   70.90745   63.16301  10.9%  51.4 6389s
 1790096 1481608   64.72698   59   89   70.90745   63.16315  10.9%  51.4 6405s
 1790998 1485100   64.36675   55  192   70.90745   63.16342  10.9%  51.4 6421s
 1796619 1485284     cutoff   76        70.90745   63.16554  10.9%  51.5 6436s
 1797212 1489877   64.34210   61  201   70.90745   63.16601  10.9%  51.5 6472s
 1812139 1490188     cutoff   52        70.90745   63.17209  10.9%  51.5 6482s
 1812997 1492216     cutoff   62        70.90745   63.17221  10.9%  51.5 6492s
 1817574 1493669     cutoff   81        70.90745   63.17446  10.9%  51.6 6502s
 1821449 1493967   64.22691   50  169   70.90745   63.17708  10.9%  51.6 6510s
 1822338 1496089     cutoff   75        70.90745   63.17812  10.9%  51.6 6523s
 1827536 1497664 infeasible   97        70.90745   63.18116  10.9%  51.7 6533s
 1831885 1498388   63.73641   95  185   70.90745   63.18426  10.9%  51.7 6544s
 1833994 1500195 infeasible  100        70.90745   63.18568  10.9%  51.8 6554s
 1838844 1501751 infeasible   73        70.90745   63.18854  10.9%  51.8 6564s
 1840874 1501751     cutoff   74        70.90745   63.18885  10.9%  51.8 6565s
 1842484 1501967 infeasible   88        70.90745   63.19182  10.9%  51.9 6574s
 1843495 1504430   64.25958   56  117   70.90745   63.19247  10.9%  51.9 6588s
 1849313 1506219   64.25595   62  112   70.90745   63.19597  10.9%  51.9 6599s
 1853931 1506507     cutoff   91        70.90745   63.19822  10.9%  52.0 6609s
 1854903 1508195     cutoff   50        70.90745   63.19931  10.9%  52.0 6619s
 1856406 1508195 infeasible   71        70.90745   63.19955  10.9%  52.0 6620s
 1859609 1509982     cutoff   76        70.90745   63.20286  10.9%  52.1 6630s
 1863737 1511433 infeasible   83        70.90745   63.20542  10.9%  52.1 6639s
 1867231 1511631   64.03475   52  217   70.90745   63.20764  10.9%  52.1 6649s
 1868408 1513391     cutoff   83        70.90745   63.20858  10.9%  52.2 6660s
 1873153 1515070 infeasible   98        70.90745   63.21150  10.9%  52.2 6671s
 1877488 1515464     cutoff   66        70.90745   63.21484  10.8%  52.3 6684s
 1878576 1517070 infeasible   54        70.90745   63.21548  10.8%  52.3 6695s
 1883331 1518363     cutoff   66        70.90745   63.21879  10.8%  52.3 6707s
 1887102 1519020   64.19642   96  114   70.90745   63.22152  10.8%  52.4 6716s
 1889146 1520937     cutoff   89        70.90745   63.22313  10.8%  52.4 6729s
 1894264 1521017   63.63785   74  268   70.90745   63.22693  10.8%  52.5 6741s
 1896196 1521539 infeasible   65        70.90745   63.22891  10.8%  52.5 6753s
 1901082 1521723   64.05029  102  182   70.90745   63.23408  10.8%  52.6 6766s
 1902965 1522356     cutoff   57        70.90745   63.23560  10.8%  52.6 6778s
 1907634 1522563 infeasible   47        70.90745   63.24116  10.8%  52.7 6788s
 1910225 1522961   67.79645   96  136   70.90745   63.24424  10.8%  52.8 6803s
 1914157 1523461 infeasible   62        70.90745   63.24764  10.8%  52.8 6818s
 1919688 1523543   64.27252  108  159   70.90745   63.25390  10.8%  52.9 6834s
 1921756 1523543 infeasible  111        70.90745   63.25412  10.8%  53.0 6835s
 1922057 1524061 infeasible   88        70.90745   63.25621  10.8%  53.0 6848s
 1927260 1524188 infeasible   94        70.90745   63.26236  10.8%  53.1 6860s
 1929793 1524548 infeasible   68        70.90745   63.26474  10.8%  53.1 6871s
 1933140 1524885     cutoff   45        70.90745   63.26872  10.8%  53.2 6885s
 1937167 1524922   64.04773   97  128   70.90745   63.27346  10.8%  53.2 6899s
 1939236 1525196     cutoff   55        70.90745   63.27561  10.8%  53.3 6912s
 1944132 1525209   64.05589   63   82   70.90745   63.28149  10.8%  53.4 6924s
 1946572 1525667 infeasible   83        70.90745   63.28337  10.8%  53.4 6936s
 1951143 1525799     cutoff   52        70.90745   63.28892  10.7%  53.5 6949s
 1952813 1529170     cutoff   64        70.90745   63.29079  10.7%  53.5 6976s
 1963217 1529322   64.56762   60  129   70.90745   63.29877  10.7%  53.6 6988s
 1965420 1529519     cutoff   61        70.90745   63.30024  10.7%  53.6 6999s
 1967597 1530183   64.72473   68  100   70.90745   63.30280  10.7%  53.6 7012s
 1972595 1530289   64.06426   61  159   70.90745   63.30802  10.7%  53.7 7023s
 1974441 1531839     cutoff   70        70.90745   63.30943  10.7%  53.8 7046s
 1983315 1532057     cutoff   83        70.90745   63.31768  10.7%  53.8 7061s
 1985707 1532361     cutoff   63        70.90745   63.31848  10.7%  53.9 7074s
 1990135 1532452   64.46211   47  146   70.90745   63.32359  10.7%  53.9 7087s
 1992560 1532916   64.34407   63  104   70.90745   63.32683  10.7%  54.0 7105s
 1997879 1532968   63.98416   57  162   70.90745   63.33268  10.7%  54.1 7121s
 1999826 1533784 infeasible   92        70.90745   63.33398  10.7%  54.1 7146s
 2007415 1534015     cutoff   69        70.90745   63.34301  10.7%  54.2 7166s
 2009802 1534674     cutoff   75        70.90745   63.34502  10.7%  54.3 7183s
 2015207 1534927   64.05835   55  126   70.90745   63.35073  10.7%  54.4 7199s
 2017554 1534937 infeasible   73        70.90745   63.35365  10.7%  54.4 7200s

Cutting planes:
  Learned: 4
  Gomory: 126
  Lift-and-project: 18
  Cover: 580
  Implied bound: 691
  Clique: 4
  MIR: 854
  StrongCG: 3
  Flow cover: 1521
  GUB cover: 1
  Inf proof: 110
  Zero half: 14
  RLT: 145
  Relax-and-lift: 67

Explored 2017713 nodes (109766480 simplex iterations) in 7200.13 seconds (5014.26 work units)
Thread count was 32 (of 32 available processors)

Solution count 10: 70.9074 70.9074 70.9074 ... 70.9593

Time limit reached
Best objective 7.090744798086e+01, best bound 6.335419646505e+01, gap 10.6523%
