
Gurobi 9.5.2 (linux64) logging started Tue Aug 11 20:34:14 2026

Set parameter LogFile to value "/mnt/beegfs/users/celinep/ChargeAndBreak/logs/oracle_RmediumCfewTnone_12__diesel_gurobi.log"
Gurobi Optimizer version 9.5.2 build v9.5.2rc0 (linux64)
Thread count: 16 physical cores, 32 logical processors, using up to 32 threads
Optimize a model with 3996 rows, 2126 columns and 36571 nonzeros
Model fingerprint: 0x34ce62f8
Variable types: 1345 continuous, 781 integer (781 binary)
Coefficient statistics:
  Matrix range     [2e-01, 9e+02]
  Objective range  [5e-01, 1e+00]
  Bounds range     [1e+00, 3e+01]
  RHS range        [2e-01, 2e+07]

User MIP start produced solution with objective 50.775 (0.01s)
Loaded user MIP start with objective 50.775

Presolve removed 2014 rows and 781 columns
Presolve time: 0.43s
Presolved: 1982 rows, 1345 columns, 18389 nonzeros
Variable types: 788 continuous, 557 integer (557 binary)
Root relaxation presolve removed 2 rows and 0 columns
Root relaxation presolved: 1980 rows, 1345 columns, 17995 nonzeros


Root relaxation: objective 4.880091e+01, 1200 iterations, 0.17 seconds (0.09 work units)

    Nodes    |    Current Node    |     Objective Bounds      |     Work
 Expl Unexpl |  Obj  Depth IntInf | Incumbent    BestBd   Gap | It/Node Time

     0     0   48.80091    0    9   50.77504   48.80091  3.89%     -    0s
H    0     0                      50.6083763   48.80091  3.57%     -    0s
     0     0   48.80091    0   26   50.60838   48.80091  3.57%     -    0s
H    0     0                      49.6917097   48.80091  1.79%     -    0s
     0     0   48.90460    0   11   49.69171   48.90460  1.58%     -    1s
     0     0   48.90460    0   14   49.69171   48.90460  1.58%     -    1s
     0     0   48.90784    0   50   49.69171   48.90784  1.58%     -    1s
     0     0   48.91733    0   16   49.69171   48.91733  1.56%     -    2s
     0     0   48.91733    0   13   49.69171   48.91733  1.56%     -    2s
     0     0   48.91861    0   57   49.69171   48.91861  1.56%     -    2s
     0     0   48.91920    0   62   49.69171   48.91920  1.55%     -    2s
     0     0   48.92179    0   13   49.69171   48.92179  1.55%     -    2s
     0     0   48.92192    0   17   49.69171   48.92192  1.55%     -    2s
     0     0   48.92275    0   28   49.69171   48.92275  1.55%     -    3s
     0     0   48.92275    0   29   49.69171   48.92275  1.55%     -    3s
     0     0   48.92378    0   27   49.69171   48.92378  1.55%     -    3s
     0     0   48.92378    0   29   49.69171   48.92378  1.55%     -    3s
H    0     0                      48.9417097   48.92378  0.04%     -    4s

Cutting planes:
  Gomory: 6
  Lift-and-project: 22
  Implied bound: 20
  MIR: 79
  Flow cover: 115
  Network: 1
  RLT: 2
  Relax-and-lift: 25

Explored 1 nodes (2828 simplex iterations) in 4.11 seconds (1.41 work units)
Thread count was 32 (of 32 available processors)

Solution count 4: 48.9417 49.6917 50.6084 50.775 

Optimal solution found (tolerance 5.00e-03)
Best objective 4.894170966667e+01, best bound 4.892377619211e+01, gap 0.0366%
