
Gurobi 9.5.2 (linux64) logging started Thu Aug 13 11:31:55 2026

Set parameter LogFile to value "/mnt/beegfs/users/celinep/ChargeAndBreak/logs/oracle_RlongCfewTnone_5__kwh700_gurobi.log"
Gurobi Optimizer version 9.5.2 build v9.5.2rc0 (linux64)
Thread count: 16 physical cores, 32 logical processors, using up to 32 threads
Optimize a model with 9338 rows, 4915 columns and 170615 nonzeros
Model fingerprint: 0x43c4a4b5
Variable types: 3102 continuous, 1813 integer (1813 binary)
Coefficient statistics:
  Matrix range     [2e-02, 2e+03]
  Objective range  [5e-01, 1e+00]
  Bounds range     [1e+00, 6e+01]
  RHS range        [1e-01, 2e+07]

User MIP start did not produce a new incumbent solution

Presolve removed 2874 rows and 893 columns
Presolve time: 0.65s
Presolved: 6464 rows, 4022 columns, 154000 nonzeros
Variable types: 2407 continuous, 1615 integer (1615 binary)
Found heuristic solution: objective 1989.5236092
Root relaxation presolve removed 178 rows and 117 columns
Root relaxation presolved: 6286 rows, 3905 columns, 119507 nonzeros


Root relaxation: objective 1.053703e+02, 6413 iterations, 0.84 seconds (1.74 work units)
Another try with MIP start

    Nodes    |    Current Node    |     Objective Bounds      |     Work
 Expl Unexpl |  Obj  Depth IntInf | Incumbent    BestBd   Gap | It/Node Time

H    0     0                     120.0324272  105.37034  12.2%     -    3s
     0     0  105.37034    0  415  120.03243  105.37034  12.2%     -    3s
     0     0  106.66005    0  409  120.03243  106.66005  11.1%     -    4s
     0     0  106.68548    0  407  120.03243  106.68548  11.1%     -    5s
     0     0  106.69008    0  465  120.03243  106.69008  11.1%     -    5s
     0     0  106.69221    0  462  120.03243  106.69221  11.1%     -    5s
     0     0  106.69301    0  467  120.03243  106.69301  11.1%     -    5s
     0     0  106.69308    0  459  120.03243  106.69308  11.1%     -    5s
     0     0  106.86031    0  451  120.03243  106.86031  11.0%     -    5s
     0     0  106.89446    0  382  120.03243  106.89446  10.9%     -    5s
     0     0  106.89912    0  427  120.03243  106.89912  10.9%     -    5s
     0     0  106.90196    0  430  120.03243  106.90196  10.9%     -    5s
     0     0  106.90197    0  434  120.03243  106.90197  10.9%     -    5s
     0     0  107.05532    0  428  120.03243  107.05532  10.8%     -    6s
     0     0  107.07967    0  358  120.03243  107.07967  10.8%     -    6s
     0     0  107.08109    0  387  120.03243  107.08109  10.8%     -    6s
     0     0  107.08113    0  392  120.03243  107.08113  10.8%     -    6s
     0     0  107.13589    0  399  120.03243  107.13589  10.7%     -    7s
     0     0  107.14614    0  361  120.03243  107.14614  10.7%     -    7s
     0     0  107.14680    0  392  120.03243  107.14680  10.7%     -    7s
     0     0  107.14704    0  395  120.03243  107.14704  10.7%     -    7s
     0     0  107.19605    0  319  120.03243  107.19605  10.7%     -    7s
     0     0  107.20046    0  400  120.03243  107.20046  10.7%     -    8s
     0     0  107.20107    0  400  120.03243  107.20107  10.7%     -    8s
     0     0  107.20145    0  436  120.03243  107.20145  10.7%     -    8s
     0     0  107.24804    0  385  120.03243  107.24804  10.7%     -    8s
     0     0  107.25356    0  376  120.03243  107.25356  10.6%     -    9s
     0     0  107.25522    0  370  120.03243  107.25522  10.6%     -    9s
     0     0  107.25571    0  380  120.03243  107.25571  10.6%     -    9s
     0     0  107.25619    0  373  120.03243  107.25619  10.6%     -    9s
     0     0  107.25636    0  371  120.03243  107.25636  10.6%     -    9s
     0     0  107.27090    0  412  120.03243  107.27090  10.6%     -    9s
H    0     0                     119.8835301  107.27090  10.5%     -   10s
     0     0  107.27185    0  420  119.88353  107.27185  10.5%     -   10s
     0     0  107.27200    0  416  119.88353  107.27200  10.5%     -   10s
     0     0  107.27505    0  380  119.88353  107.27505  10.5%     -   10s
     0     0  107.27579    0  401  119.88353  107.27579  10.5%     -   10s
     0     0  107.27601    0  396  119.88353  107.27601  10.5%     -   10s
     0     0  107.28022    0  386  119.88353  107.28022  10.5%     -   11s
     0     0  107.28022    0  275  119.88353  107.28022  10.5%     -   11s
H    0     0                     119.0851121  107.28022  9.91%     -   11s
     0     2  107.28022    0  274  119.08511  107.28022  9.91%     -   12s
H   79    94                     119.0551948  107.36006  9.82%   481   14s
H   82    94                     119.0495018  107.36052  9.82%   496   14s
H   83    94                     118.9473498  107.36052  9.74%   493   14s
H   85    94                     118.9290500  107.36052  9.73%   492   14s
    95   110  107.36059    9  385  118.92905  107.36059  9.73%   495   15s
H  131   145                     118.8457167  107.36169  9.66%   513   16s
   184   199  107.40399   14  311  118.84572  107.36619  9.66%   483   21s
H  185   199                     110.3767730  107.36619  2.73%   481   21s
H  718   318                     108.1946842  107.44084  0.70%   314   25s
   728   325  107.48435   20  291  108.19468  107.44084  0.70%   309   30s
   735   330  107.45347   28  324  108.19468  107.45347  0.69%   307   35s
   741   334  107.51350   15  286  108.19468  107.51350  0.63%   304   40s
   749   339  107.54090   17  201  108.19468  107.54090  0.60%   301   45s
H  751   322                     108.1556005  107.55740  0.55%   300   46s
   756   326  107.57032   14  371  108.15560  107.57032  0.54%   298   50s
H  759   311                     108.0959485  107.57471  0.48%   297   52s

Cutting planes:
  Gomory: 45
  Lift-and-project: 12
  Cover: 23
  Implied bound: 63
  Projected implied bound: 2
  Clique: 5
  MIR: 360
  StrongCG: 1
  Flow cover: 678
  GUB cover: 1
  Inf proof: 2
  Zero half: 9
  RLT: 38
  Relax-and-lift: 58

Explored 759 nodes (270670 simplex iterations) in 52.43 seconds (78.47 work units)
Thread count was 32 (of 32 available processors)

Solution count 10: 108.096 108.156 108.195 ... 119.055

Optimal solution found (tolerance 5.00e-03)
Best objective 1.080959485274e+02, best bound 1.075773405088e+02, gap 0.4798%

Gurobi 9.5.2 (linux64) logging started Thu Aug 13 13:26:44 2026

Set parameter LogFile to value "/mnt/beegfs/users/celinep/ChargeAndBreak/logs/oracle_RlongCfewTnone_5__kwh700_gurobi.log"
Gurobi Optimizer version 9.5.2 build v9.5.2rc0 (linux64)
Thread count: 16 physical cores, 32 logical processors, using up to 32 threads
Optimize a model with 9338 rows, 4915 columns and 170615 nonzeros
Model fingerprint: 0x43c4a4b5
Variable types: 3102 continuous, 1813 integer (1813 binary)
Coefficient statistics:
  Matrix range     [2e-02, 2e+03]
  Objective range  [5e-01, 1e+00]
  Bounds range     [1e+00, 6e+01]
  RHS range        [1e-01, 2e+07]

User MIP start did not produce a new incumbent solution

Presolve removed 2874 rows and 893 columns
Presolve time: 2.61s
Presolved: 6464 rows, 4022 columns, 154000 nonzeros
Variable types: 2407 continuous, 1615 integer (1615 binary)
Found heuristic solution: objective 1989.5236092
Root relaxation presolve removed 178 rows and 117 columns
Root relaxation presolved: 6286 rows, 3905 columns, 119507 nonzeros


Root simplex log...

Iteration    Objective       Primal Inf.    Dual Inf.      Time
    3808    5.5321877e+01   8.235120e+05   0.000000e+00      5s
    6413    1.0537034e+02   0.000000e+00   0.000000e+00      6s
    6413    1.0537034e+02   0.000000e+00   0.000000e+00      6s

Root relaxation: objective 1.053703e+02, 6413 iterations, 2.91 seconds (1.74 work units)
Another try with MIP start

    Nodes    |    Current Node    |     Objective Bounds      |     Work
 Expl Unexpl |  Obj  Depth IntInf | Incumbent    BestBd   Gap | It/Node Time

H    0     0                     120.0324272  105.37034  12.2%     -   13s
     0     0  105.37034    0  415  120.03243  105.37034  12.2%     -   13s
     0     0  106.66005    0  409  120.03243  106.66005  11.1%     -   16s
     0     0  106.68548    0  407  120.03243  106.68548  11.1%     -   17s
     0     0  106.69008    0  465  120.03243  106.69008  11.1%     -   17s
     0     0  106.69221    0  462  120.03243  106.69221  11.1%     -   17s
     0     0  106.69301    0  467  120.03243  106.69301  11.1%     -   17s
     0     0  106.69308    0  459  120.03243  106.69308  11.1%     -   18s
     0     0  106.86031    0  451  120.03243  106.86031  11.0%     -   19s
     0     0  106.89446    0  382  120.03243  106.89446  10.9%     -   19s
     0     0  106.89912    0  427  120.03243  106.89912  10.9%     -   19s
     0     0  106.90196    0  430  120.03243  106.90196  10.9%     -   19s
     0     0  106.90197    0  434  120.03243  106.90197  10.9%     -   19s
     0     0  107.05532    0  428  120.03243  107.05532  10.8%     -   22s
     0     0  107.07967    0  358  120.03243  107.07967  10.8%     -   22s
     0     0  107.08109    0  387  120.03243  107.08109  10.8%     -   22s
     0     0  107.08113    0  392  120.03243  107.08113  10.8%     -   23s
     0     0  107.13589    0  399  120.03243  107.13589  10.7%     -   24s
     0     0  107.14614    0  361  120.03243  107.14614  10.7%     -   24s
     0     0  107.14680    0  392  120.03243  107.14680  10.7%     -   24s
     0     0  107.14704    0  395  120.03243  107.14704  10.7%     -   24s
     0     0  107.19605    0  319  120.03243  107.19605  10.7%     -   27s
     0     0  107.20046    0  400  120.03243  107.20046  10.7%     -   27s
     0     0  107.20107    0  400  120.03243  107.20107  10.7%     -   27s
     0     0  107.20145    0  436  120.03243  107.20145  10.7%     -   27s
     0     0  107.24804    0  385  120.03243  107.24804  10.7%     -   31s
     0     0  107.25356    0  376  120.03243  107.25356  10.6%     -   31s
     0     0  107.25522    0  370  120.03243  107.25522  10.6%     -   31s
     0     0  107.25571    0  380  120.03243  107.25571  10.6%     -   31s
     0     0  107.25619    0  373  120.03243  107.25619  10.6%     -   32s
     0     0  107.25636    0  371  120.03243  107.25636  10.6%     -   32s
     0     0  107.27090    0  412  120.03243  107.27090  10.6%     -   35s
H    0     0                     119.8835301  107.27090  10.5%     -   35s
     0     0  107.27185    0  420  119.88353  107.27185  10.5%     -   36s
     0     0  107.27200    0  416  119.88353  107.27200  10.5%     -   36s
     0     0  107.27505    0  380  119.88353  107.27505  10.5%     -   38s
     0     0  107.27579    0  401  119.88353  107.27579  10.5%     -   39s
     0     0  107.27601    0  396  119.88353  107.27601  10.5%     -   39s
     0     0  107.28022    0  386  119.88353  107.28022  10.5%     -   41s
     0     0  107.28022    0  275  119.88353  107.28022  10.5%     -   43s
H    0     0                     119.0851121  107.28022  9.91%     -   43s
     0     2  107.28022    0  274  119.08511  107.28022  9.91%     -   44s
     1     4  107.28022    1  275  119.08511  107.28022  9.91%   254   45s
    31    46  107.35521    5  453  119.08511  107.35208  9.85%   521   51s
    63    78  107.36175    7  452  119.08511  107.35828  9.85%   526   55s
H   79    94                     119.0551948  107.36006  9.82%   481   57s
H   82    94                     119.0495018  107.36052  9.82%   496   57s
H   83    94                     118.9473498  107.36052  9.74%   493   57s
H   85    94                     118.9290500  107.36052  9.73%   492   57s
   130   145  109.24044   11  378  118.92905  107.36169  9.73%   517   63s
H  131   145                     118.8457167  107.36169  9.66%   513   63s
   168   183  107.37077   13  325  118.84572  107.36607  9.66%   488   65s
   184   199  107.40399   14  311  118.84572  107.36619  9.66%   483   81s
H  185   199                     110.3767730  107.36619  2.73%   481   81s
   243   165  107.40307   17  415  110.37677  107.37541  2.72%   448   86s
   319   208  107.45870   16  217  110.37677  107.40413  2.69%   432   90s
   514   307 infeasible   18       110.37677  107.42923  2.67%   361   95s
H  718   318                     108.1946842  107.44084  0.70%   314  100s
   719   319  107.49339   13  275  108.19468  107.44084  0.70%   313  106s
   722   321  107.51234   29  365  108.19468  107.44084  0.70%   312  111s
   728   325  107.48435   20  291  108.19468  107.44084  0.70%   309  117s
   730   326  107.47511   24  343  108.19468  107.44084  0.70%   309  120s
   731   327  107.45970   19  329  108.19468  107.44084  0.70%   308  125s
   735   330  107.45347   28  324  108.19468  107.45347  0.69%   307  133s
   738   332  107.46550   20  391  108.19468  107.46550  0.67%   305  136s
   739   332  107.48983   20  393  108.19468  107.48983  0.65%   305  142s
   740   333  107.49060   24  386  108.19468  107.49060  0.65%   304  145s
   741   334  107.51350   15  286  108.19468  107.51350  0.63%   304  152s
   745   336  107.52575   26  360  108.19468  107.52575  0.62%   302  156s
   746   337  107.52846   24  277  108.19468  107.52846  0.62%   302  162s
   749   339  107.54090   17  201  108.19468  107.54090  0.60%   301  171s
H  751   322                     108.1556005  107.55740  0.55%   300  175s
   753   324  107.56090   25  301  108.15560  107.56090  0.55%   299  181s
   756   326  107.57032   14  371  108.15560  107.57032  0.54%   298  189s
   757   326  107.57326   17  380  108.15560  107.57326  0.54%   298  190s
H  759   311                     108.0959485  107.57471  0.48%   297  196s

Cutting planes:
  Gomory: 45
  Lift-and-project: 12
  Cover: 23
  Implied bound: 63
  Projected implied bound: 2
  Clique: 5
  MIR: 360
  StrongCG: 1
  Flow cover: 678
  GUB cover: 1
  Inf proof: 2
  Zero half: 9
  RLT: 38
  Relax-and-lift: 58

Explored 759 nodes (270670 simplex iterations) in 196.16 seconds (78.47 work units)
Thread count was 32 (of 32 available processors)

Solution count 10: 108.096 108.156 108.195 ... 119.055

Optimal solution found (tolerance 5.00e-03)
Best objective 1.080959485274e+02, best bound 1.075773405088e+02, gap 0.4798%
