
Gurobi 9.5.2 (linux64) logging started Sat Aug 15 07:33:54 2026

Set parameter LogFile to value "/mnt/beegfs/users/celinep/ChargeAndBreak/logs/oracle_RlongCmanyTtight_17__kw1000_gurobi.log"
Gurobi Optimizer version 9.5.2 build v9.5.2rc0 (linux64)
Thread count: 16 physical cores, 32 logical processors, using up to 32 threads
Optimize a model with 9949 rows, 5228 columns and 191464 nonzeros
Model fingerprint: 0xf38c09c9
Variable types: 3292 continuous, 1936 integer (1936 binary)
Coefficient statistics:
  Matrix range     [2e-02, 2e+03]
  Objective range  [5e-01, 1e+00]
  Bounds range     [1e+00, 6e+01]
  RHS range        [6e-03, 5e+02]

User MIP start produced solution with objective 131.58 (0.11s)
Loaded user MIP start with objective 131.58

Presolve removed 3082 rows and 983 columns
Presolve time: 4.35s
Presolved: 6867 rows, 4245 columns, 172522 nonzeros
Variable types: 2524 continuous, 1721 integer (1721 binary)
Root relaxation presolve removed 179 rows and 115 columns
Root relaxation presolved: 6688 rows, 4130 columns, 133972 nonzeros


Root simplex log...

Iteration    Objective       Primal Inf.    Dual Inf.      Time
       0    6.2790071e+01   2.334020e+04   0.000000e+00      5s
    7135    1.0792780e+02   0.000000e+00   0.000000e+00      9s
    7135    1.0792780e+02   0.000000e+00   0.000000e+00      9s

Root relaxation: objective 1.079278e+02, 7135 iterations, 3.93 seconds (1.79 work units)

    Nodes    |    Current Node    |     Objective Bounds      |     Work
 Expl Unexpl |  Obj  Depth IntInf | Incumbent    BestBd   Gap | It/Node Time

     0     0  107.92780    0  512  131.57962  107.92780  18.0%     -    9s
H    0     0                     130.8206089  109.22843  16.5%     -   17s
     0     0  109.22843    0  610  130.82061  109.22843  16.5%     -   18s
     0     0  109.28036    0  601  130.82061  109.28036  16.5%     -   19s
     0     0  109.29039    0  598  130.82061  109.29039  16.5%     -   19s
     0     0  109.29101    0  597  130.82061  109.29101  16.5%     -   19s
     0     0  109.84041    0  595  130.82061  109.84041  16.0%     -   22s
     0     0  109.91286    0  638  130.82061  109.91286  16.0%     -   24s
     0     0  109.92660    0  689  130.82061  109.92660  16.0%     -   24s
     0     0  109.93049    0  679  130.82061  109.93049  16.0%     -   25s
     0     0  109.93212    0  694  130.82061  109.93212  16.0%     -   25s
     0     0  109.93215    0  688  130.82061  109.93215  16.0%     -   25s
     0     0  110.40723    0  641  130.82061  110.40723  15.6%     -   31s
     0     0  110.43359    0  682  130.82061  110.43359  15.6%     -   32s
     0     0  110.44712    0  694  130.82061  110.44712  15.6%     -   33s
     0     0  110.44914    0  693  130.82061  110.44914  15.6%     -   33s
     0     0  110.44976    0  693  130.82061  110.44976  15.6%     -   33s
     0     0  110.44977    0  693  130.82061  110.44977  15.6%     -   33s
     0     0  110.81350    0  622  130.82061  110.81350  15.3%     -   39s
     0     0  110.89769    0  665  130.82061  110.89769  15.2%     -   40s
     0     0  110.90478    0  690  130.82061  110.90478  15.2%     -   40s
     0     0  110.90642    0  691  130.82061  110.90642  15.2%     -   40s
     0     0  110.90664    0  692  130.82061  110.90664  15.2%     -   40s
     0     0  111.08909    0  629  130.82061  111.08909  15.1%     -   46s
     0     0  111.11307    0  691  130.82061  111.11307  15.1%     -   48s
     0     0  111.11847    0  706  130.82061  111.11847  15.1%     -   48s
     0     0  111.11890    0  699  130.82061  111.11890  15.1%     -   48s
     0     0  111.52372    0  612  130.82061  111.52372  14.8%     -   55s
     0     0  111.58131    0  608  130.82061  111.58131  14.7%     -   56s
     0     0  111.58518    0  612  130.82061  111.58518  14.7%     -   56s
     0     0  111.58621    0  624  130.82061  111.58621  14.7%     -   56s
     0     0  111.58623    0  625  130.82061  111.58623  14.7%     -   57s
     0     0  111.80541    0  613  130.82061  111.80541  14.5%     -   63s
     0     0  111.83175    0  606  130.82061  111.83175  14.5%     -   64s
     0     0  111.83994    0  621  130.82061  111.83994  14.5%     -   64s
     0     0  111.84092    0  619  130.82061  111.84092  14.5%     -   64s
     0     0  111.97683    0  520  130.82061  111.97683  14.4%     -   68s
     0     0  112.00764    0  582  130.82061  112.00764  14.4%     -   69s
     0     0  112.01321    0  593  130.82061  112.01321  14.4%     -   70s
     0     0  112.01451    0  593  130.82061  112.01451  14.4%     -   70s
     0     0  112.01484    0  596  130.82061  112.01484  14.4%     -   70s
     0     0  112.16902    0  568  130.82061  112.16902  14.3%     -   75s
     0     0  112.18355    0  606  130.82061  112.18355  14.2%     -   76s
     0     0  112.18845    0  601  130.82061  112.18845  14.2%     -   76s
     0     0  112.18963    0  602  130.82061  112.18963  14.2%     -   76s
     0     0  112.19009    0  609  130.82061  112.19009  14.2%     -   76s
     0     0  112.30682    0  533  130.82061  112.30682  14.2%     -   80s
     0     0  112.32343    0  610  130.82061  112.32343  14.1%     -   81s
     0     0  112.32602    0  584  130.82061  112.32602  14.1%     -   81s
     0     0  112.32800    0  593  130.82061  112.32800  14.1%     -   82s
     0     0  112.32892    0  617  130.82061  112.32892  14.1%     -   82s
     0     0  112.38177    0  596  130.82061  112.38177  14.1%     -   86s
     0     0  112.39476    0  595  130.82061  112.39476  14.1%     -   87s
     0     0  112.39676    0  605  130.82061  112.39676  14.1%     -   87s
     0     0  112.39704    0  616  130.82061  112.39704  14.1%     -   87s
     0     0  112.48517    0  560  130.82061  112.48517  14.0%     -   91s
     0     0  112.51524    0  593  130.82061  112.51524  14.0%     -   93s
     0     0  112.51783    0  608  130.82061  112.51783  14.0%     -   93s
     0     0  112.51849    0  606  130.82061  112.51849  14.0%     -   93s
     0     0  112.63660    0  543  130.82061  112.63660  13.9%     -   99s
H    0     0                     130.7116935  112.63660  13.8%     -  100s
     0     0  112.65454    0  603  130.71169  112.65454  13.8%     -  101s
     0     0  112.65867    0  609  130.71169  112.65867  13.8%     -  101s
     0     0  112.65979    0  593  130.71169  112.65979  13.8%     -  101s
     0     0  112.73952    0  614  130.71169  112.73952  13.7%     -  105s
     0     0  112.74727    0  600  130.71169  112.74727  13.7%     -  106s
     0     0  112.74872    0  629  130.71169  112.74872  13.7%     -  107s
     0     0  112.74918    0  619  130.71169  112.74918  13.7%     -  107s
     0     0  112.79840    0  591  130.71169  112.79840  13.7%     -  112s
     0     0  112.82084    0  583  130.71169  112.82084  13.7%     -  112s
     0     0  112.82501    0  627  130.71169  112.82501  13.7%     -  113s
     0     0  112.82575    0  646  130.71169  112.82575  13.7%     -  113s
     0     0  112.91618    0  549  130.71169  112.91618  13.6%     -  118s
     0     0  112.98234    0  513  130.71169  112.98234  13.6%     -  119s
     0     0  113.00373    0  597  130.71169  113.00373  13.5%     -  119s
     0     0  113.00904    0  648  130.71169  113.00904  13.5%     -  120s
     0     0  113.01027    0  649  130.71169  113.01027  13.5%     -  120s
     0     0  113.09240    0  593  130.71169  113.09240  13.5%     -  127s
     0     0  113.10535    0  609  130.71169  113.10535  13.5%     -  128s
     0     0  113.10958    0  648  130.71169  113.10958  13.5%     -  128s
     0     0  113.10999    0  627  130.71169  113.10999  13.5%     -  128s
     0     0  113.18577    0  635  130.71169  113.18577  13.4%     -  134s
     0     0  113.20021    0  616  130.71169  113.20021  13.4%     -  136s
     0     0  113.20292    0  629  130.71169  113.20292  13.4%     -  136s
     0     0  113.20310    0  638  130.71169  113.20310  13.4%     -  137s
     0     0  113.32412    0  572  130.71169  113.32412  13.3%     -  143s
     0     0  113.42556    0  557  130.71169  113.42556  13.2%     -  145s
     0     0  113.43181    0  569  130.71169  113.43181  13.2%     -  145s
     0     0  113.43815    0  580  130.71169  113.43815  13.2%     -  145s
     0     0  113.43944    0  582  130.71169  113.43944  13.2%     -  146s
H    0     0                     130.5536680  113.43944  13.1%     -  150s
     0     0  113.49217    0  545  130.55367  113.49217  13.1%     -  151s
     0     0  113.51791    0  591  130.55367  113.51791  13.0%     -  152s
     0     0  113.53328    0  594  130.55367  113.53328  13.0%     -  153s
     0     0  113.53463    0  594  130.55367  113.53463  13.0%     -  153s
     0     0  113.59374    0  538  130.55367  113.59374  13.0%     -  158s
     0     0  113.61335    0  589  130.55367  113.61335  13.0%     -  158s
     0     0  113.61596    0  587  130.55367  113.61596  13.0%     -  158s
     0     0  113.61768    0  590  130.55367  113.61768  13.0%     -  159s
     0     0  113.61888    0  608  130.55367  113.61888  13.0%     -  159s
     0     0  113.68952    0  645  130.55367  113.68952  12.9%     -  165s
     0     0  113.69491    0  607  130.55367  113.69491  12.9%     -  166s
     0     0  113.69946    0  608  130.55367  113.69946  12.9%     -  167s
     0     0  113.70062    0  636  130.55367  113.70062  12.9%     -  167s
     0     0  113.72778    0  589  130.55367  113.72778  12.9%     -  172s
     0     0  113.73653    0  639  130.55367  113.73653  12.9%     -  174s
     0     0  113.73919    0  571  130.55367  113.73919  12.9%     -  174s
     0     0  113.73978    0  591  130.55367  113.73978  12.9%     -  174s
     0     0  113.76019    0  568  130.55367  113.76019  12.9%     -  180s
     0     0  113.76614    0  608  130.55367  113.76614  12.9%     -  181s
     0     0  113.76955    0  606  130.55367  113.76955  12.9%     -  181s
     0     0  113.77275    0  604  130.55367  113.77275  12.9%     -  182s
     0     0  113.77310    0  600  130.55367  113.77310  12.9%     -  182s
     0     0  113.81103    0  587  130.55367  113.81103  12.8%     -  188s
     0     0  113.81896    0  597  130.55367  113.81896  12.8%     -  189s
     0     0  113.81988    0  588  130.55367  113.81988  12.8%     -  189s
     0     0  113.83378    0  556  130.55367  113.83378  12.8%     -  195s
     0     0  113.83906    0  584  130.55367  113.83906  12.8%     -  196s
     0     0  113.84108    0  604  130.55367  113.84108  12.8%     -  196s
     0     0  113.84138    0  602  130.55367  113.84138  12.8%     -  196s
     0     0  113.87250    0  546  130.55367  113.87250  12.8%     -  202s
     0     0  113.88029    0  554  130.55367  113.88029  12.8%     -  203s
     0     0  113.88142    0  561  130.55367  113.88142  12.8%     -  203s
     0     0  113.91117    0  570  130.55367  113.91117  12.7%     -  210s
     0     0  113.91618    0  540  130.55367  113.91618  12.7%     -  211s
     0     0  113.91781    0  570  130.55367  113.91781  12.7%     -  211s
     0     0  113.93431    0  611  130.55367  113.93431  12.7%     -  215s
     0     0  113.94042    0  649  130.55367  113.94042  12.7%     -  216s
H    0     0                     130.3036680  113.94177  12.6%     -  217s
     0     0  113.94177    0  618  130.30367  113.94177  12.6%     -  217s
     0     0  113.96131    0  620  130.30367  113.96131  12.5%     -  222s
H    0     0                     129.8852814  113.96486  12.3%     -  223s
     0     0  113.96486    0  677  129.88528  113.96486  12.3%     -  223s
     0     0  113.96574    0  644  129.88528  113.96574  12.3%     -  223s
     0     0  113.98840    0  673  129.88528  113.98840  12.2%     -  228s
H    0     0                     129.7524557  113.98840  12.1%     -  228s
     0     0  113.99898    0  679  129.75246  113.99898  12.1%     -  228s
     0     0  113.99985    0  673  129.75246  113.99985  12.1%     -  229s
     0     0  114.07662    0  578  129.75246  114.07662  12.1%     -  235s
     0     0  114.09503    0  586  129.75246  114.09503  12.1%     -  236s
     0     0  114.09593    0  580  129.75246  114.09593  12.1%     -  237s
     0     0  114.27098    0  526  129.75246  114.27098  11.9%     -  243s
     0     0  114.28437    0  602  129.75246  114.28437  11.9%     -  245s
     0     0  114.28501    0  603  129.75246  114.28501  11.9%     -  245s
     0     0  114.30298    0  590  129.75246  114.30298  11.9%     -  249s
H    0     0                     129.3301073  114.30298  11.6%     -  250s
     0     0  114.30810    0  588  129.33011  114.30810  11.6%     -  250s
     0     0  114.31115    0  677  129.33011  114.31115  11.6%     -  251s
     0     0  114.31208    0  670  129.33011  114.31208  11.6%     -  251s
     0     0  114.36824    0  640  129.33011  114.36824  11.6%     -  254s
     0     0  114.38839    0  653  129.33011  114.38839  11.6%     -  256s
     0     0  114.39033    0  655  129.33011  114.39033  11.6%     -  256s
H    0     0                     127.2933165  114.39033  10.1%     -  261s
     0     0  114.47671    0  609  127.29332  114.47671  10.1%     -  262s
     0     0  114.49686    0  654  127.29332  114.49686  10.1%     -  264s
     0     0  114.49819    0  649  127.29332  114.49819  10.1%     -  264s
H    0     0                     127.2776403  114.52406  10.0%     -  267s
     0     0  114.52406    0  640  127.27764  114.52406  10.0%     -  267s
H    0     0                     127.0542515  114.52406  9.86%     -  268s
     0     0  114.52956    0  651  127.05425  114.52956  9.86%     -  268s
     0     0  114.53182    0  628  127.05425  114.53182  9.86%     -  268s
     0     0  114.53467    0  667  127.05425  114.53467  9.85%     -  269s
     0     0  114.53500    0  688  127.05425  114.53500  9.85%     -  269s
     0     0  114.56742    0  555  127.05425  114.56742  9.83%     -  276s
     0     0  114.58721    0  619  127.05425  114.58721  9.81%     -  277s
     0     0  114.59591    0  621  127.05425  114.59591  9.81%     -  278s
     0     0  114.60144    0  635  127.05425  114.60144  9.80%     -  279s
     0     0  114.60192    0  614  127.05425  114.60192  9.80%     -  279s
     0     0  114.62134    0  646  127.05425  114.62134  9.79%     -  283s
     0     0  114.62505    0  679  127.05425  114.62505  9.78%     -  284s
     0     0  114.62611    0  676  127.05425  114.62611  9.78%     -  285s
     0     0  114.63586    0  654  127.05425  114.63586  9.77%     -  291s
     0     0  114.63586    0  611  127.05425  114.63586  9.77%     -  296s
     0     2  114.63586    0  607  127.05425  114.63586  9.77%     -  299s
     1     4  114.64039    1  616  127.05425  114.63638  9.77%   366  301s
     7    16  114.68536    3  629  127.05425  114.64720  9.77%   545  307s
    15    32  114.69683    4  644  127.05425  114.68800  9.73%   699  311s
    31    48  114.99423    5  630  127.05425  114.69740  9.73%   837  316s
    47    64  115.04679    6  618  127.05425  114.70619  9.72%   778  321s
    63    80  114.76256    7  639  127.05425  114.71058  9.72%   822  336s
    79    96  114.76746    8  647  127.05425  114.76353  9.67%   868  355s
H   80    96                     127.0352438  114.76353  9.66%   857  355s
H   82    96                     127.0305117  114.76873  9.65%   861  355s
H   91    96                     126.9150937  114.76873  9.57%   851  355s
    95   112  115.07863    9  604  126.91509  114.76920  9.57%   878  361s
   111   128  115.12783   10  622  126.91509  114.79470  9.55%   870  367s
   127   144  114.83324   11  649  126.91509  114.82752  9.52%   880  461s
H  143   160                     126.7167186  114.83341  9.38%   878  495s
H  144   160                     126.7150937  114.83370  9.38%   874  495s
H  151   160                     126.4150937  114.84143  9.16%   893  496s
H  158   160                     125.7844104  114.84143  8.70%   891  496s
   159   179  114.87963   13  630  125.78441  114.84153  8.70%   899  500s
   198   217  114.95145   15  635  125.78441  114.88681  8.66%   890  507s
   216   237  114.99795   16  637  125.78441  114.95262  8.61%   887  512s
   236   256  116.19090   17  631  125.78441  114.99828  8.58%   884  517s
   255   277  115.04243   18  657  125.78441  115.03768  8.54%   898  525s
   276   303  115.89004   19  616  125.78441  115.05464  8.53%   899  532s
   302   326  115.50637   21  633  125.78441  115.07337  8.52%   878  539s
   325   348  115.54022   24  590  125.78441  115.10662  8.49%   869  545s
   347   378  115.15922   26  661  125.78441  115.14061  8.46%   862  551s
   377   402  115.17471   27  666  125.78441  115.17471  8.43%   868  559s
   401   435  115.21433   28  646  125.78441  115.21433  8.40%   861  566s
   434   461  115.53204   29  634  125.78441  115.25422  8.37%   865  572s
   460   498  116.26313   10  603  125.78441  115.26084  8.37%   866  579s
   497   536  115.34433   15  649  125.78441  115.27120  8.36%   867  587s
   535   578  115.49517    8  532  125.78441  115.28194  8.35%   869  594s
   542   578  115.41126   13  611  125.78441  115.28235  8.35%   861  595s
   577   625  116.14997   16  538  125.78441  115.28761  8.35%   849  602s
   624   676  115.43438   11  579  125.78441  115.29673  8.34%   847  611s
   675   732  115.31839   13  613  125.78441  115.30122  8.33%   833  621s
   731   811  115.31652   12  578  125.78441  115.30745  8.33%   817  632s
   810   887  116.07111   20  555  125.78441  115.31528  8.32%   785  640s
   886   962  116.22398    8  544  125.78441  115.32237  8.32%   770  653s
   961  1036  115.59108   14  556  125.78441  115.32795  8.31%   755  662s
  1035  1129  115.46074   14  549  125.78441  115.33142  8.31%   743  669s
  1128  1228  121.94408   11  465  125.78441  115.33645  8.31%   725  676s
  1229  1299  121.82877   14  568  125.78441  115.34112  8.30%   709  683s
H 1302  1299                     125.7714819  115.34481  8.29%   705  683s
  1304  1428  115.34602    9  590  125.77148  115.34556  8.29%   706  690s
  1433  1561  115.46046   18  575  125.77148  115.35038  8.29%   680  698s
  1570  1718  115.55012   18  541  125.77148  115.35795  8.28%   656  707s
  1738  1936  115.61550   13  599  125.77148  115.36031  8.28%   632  719s
  1958  2025  121.99441   14  497  125.77148  115.36330  8.28%   593  727s
H 2051  2025                     125.7708835  115.36827  8.27%   588  788s
  2052  2026  115.52019   25  611  125.77088  115.36827  8.27%   588  814s
  2054  2027  115.45314    9  418  125.77088  115.36827  8.27%   587  821s
  2055  2028  117.07460    7  476  125.77088  115.36827  8.27%   587  827s
  2057  2029  117.47215   19  525  125.77088  115.36827  8.27%   586  830s
  2060  2031  116.11163   24  522  125.77088  115.36827  8.27%   586  835s
  2062  2033  116.79549   22  531  125.77088  115.36827  8.27%   585  840s
  2067  2036  115.88772   21  586  125.77088  115.36827  8.27%   584  845s
  2072  2039  115.68824   24  613  125.77088  115.36827  8.27%   582  850s
  2073  2040  121.96135   11  623  125.77088  115.36827  8.27%   582  869s
  2074  2041  117.31471   20  557  125.77088  115.36827  8.27%   582  870s
  2078  2043  117.21905    5  676  125.77088  115.36827  8.27%   581  879s
  2079  2044  117.47215   23  584  125.77088  115.36827  8.27%   580  894s
  2080  2045  116.94313   20  652  125.77088  115.36827  8.27%   580  895s
  2081  2045  116.85180   21  658  125.77088  115.36827  8.27%   580  902s
  2082  2046  116.00561   17  589  125.77088  115.36827  8.27%   579  919s
  2083  2047  115.38117   14  582  125.77088  115.36827  8.27%   579  920s
  2085  2048  115.54281   27  651  125.77088  115.36827  8.27%   579  928s
  2086  2049  115.83616   15  629  125.77088  115.36827  8.27%   578  941s
  2088  2050  116.76522   24  659  125.77088  115.36827  8.27%   578  947s
  2089  2051  116.79169   14  578  125.77088  115.36827  8.27%   578  965s
  2092  2053  115.61239   21  611  125.77088  115.36827  8.27%   577  974s
  2093  2053  116.27502   26  612  125.77088  115.36827  8.27%   576  990s
  2095  2055  117.47215   15  652  125.77088  115.36827  8.27%   576  998s
  2096  2055  115.70490   26  596  125.77088  115.36827  8.27%   576 1004s
  2097  2056  116.66815   18  651  125.77088  115.36827  8.27%   575 1006s
  2099  2057  115.50631   13  685  125.77088  115.36827  8.27%   575 1016s
  2100  2058  115.65937   20  656  125.77088  115.36827  8.27%   574 1034s
  2101  2059  115.56244    8  692  125.77088  115.36827  8.27%   574 1035s
  2103  2060  115.47960   12  715  125.77088  115.36827  8.27%   574 1043s
  2104  2061  117.47215   18  638  125.77088  115.36827  8.27%   573 1052s
  2109  2064  115.71233   13  675  125.77088  115.36827  8.27%   572 1055s
  2110  2065  115.40393   21  678  125.77088  115.36827  8.27%   572 1061s
H 2110  1960                     125.6586537  115.36827  8.19%   572 1069s
  2111  1960  115.52241   29  693  125.65865  115.36827  8.19%   571 1078s
H 2111  1861                     125.6303986  115.36827  8.17%   571 1079s
  2113  1863  115.73166   23  716  125.63040  115.37791  8.16%   571 1080s
  2114  1863  115.41857   15  721  125.63040  115.37967  8.16%   571 1088s
  2115  1864  115.73076   21  559  125.63040  115.40436  8.14%   570 1095s
  2117  1865  115.43192    6  656  125.63040  115.41203  8.13%   570 1104s
  2118  1866  115.48159   21  624  125.63040  115.42757  8.12%   570 1118s
  2120  1867  115.73450   15  710  125.63040  115.43339  8.12%   569 1124s
  2121  1868  115.86738   16  670  125.63040  115.45724  8.10%   569 1141s
  2122  1869  115.73195   18  629  125.63040  115.45724  8.10%   569 1151s
  2123  1869  116.08626   21  629  125.63040  115.47477  8.08%   568 1157s
  2124  1873  115.47477   10  630  125.63040  115.47477  8.08%   598 1228s
  2126  1876  115.55169   11  682  125.63040  115.55169  8.02%   598 1311s
  2130  1883  117.61065   12  507  125.63040  115.75571  7.86%   602 1328s
  2138  1895  119.33094   13  567  125.63040  115.85525  7.78%   614 1344s
  2154  1906  116.39059   14  682  125.63040  116.12127  7.57%   622 1355s
  2170  1916  116.47282   15  687  125.63040  116.14006  7.55%   641 1371s
  2186  1926  116.36182   16  661  125.63040  116.36182  7.38%   661 1401s
  2202  1933  116.42988   17  677  125.63040  116.36187  7.38%   692 1410s
H 2209  1837                     125.6303973  116.40171  7.35%   696 1410s
  2218  1857  116.41032   18  691  125.63040  116.40175  7.35%   705 1415s
  2243  1872  116.85120   19  648  125.63040  116.43802  7.32%   709 1449s
  2267  1889  116.61311   21  617  125.63040  116.45666  7.30%   714 1466s
  2294  1907  116.47371   23  668  125.63040  116.47371  7.29%   718 1534s
  2321  1895  117.02611   24  669  125.63040  116.47584  7.29%   728 1545s
  2344  1904  116.62475   26  646  125.63040  116.61565  7.18%   741 1563s
H 2369  1805                     125.5656871  116.62494  7.12%   746 1563s
  2377  1836  116.78180   27  649  125.56569  116.72361  7.04%   748 1575s
  2423  1840  116.99784   30  609  125.56569  116.77331  7.00%   750 1584s
H 2425  1754                     125.5071794  116.78192  6.95%   751 1584s
H 2426  1672                     125.5071794  116.78195  6.95%   752 1584s
  2447  1691  116.80784   30  671  125.50718  116.80365  6.93%   755 1601s
  2483  1705  116.92334   35  602  125.50718  116.80626  6.93%   763 1610s
H 2485  1628                     125.5071791  116.80626  6.93%   763 1610s
  2519  1650  116.98629   38  593  125.50718  116.80978  6.93%   764 1618s
  2568  1665  117.25857   41  581  125.50718  116.86527  6.89%   762 1627s
  2605  1699  116.96872   43  511  125.50718  116.86647  6.88%   764 1635s
  2664  1713     cutoff   47       125.50718  116.87338  6.88%   756 1647s
  2711  1719  116.93077   51  578  125.50718  116.88059  6.87%   754 1663s
  2743  1761  116.95811   53  581  125.50718  116.93314  6.83%   751 1673s
  2805  1844  117.09201   56  586  125.50718  116.95964  6.81%   742 1676s
  2929  1843  117.13195   35  597  125.50718  116.97951  6.79%   728 1705s
H 2968  1757                     125.5071789  116.99232  6.78%   727 1705s
  2980  1878  117.08146   47  563  125.50718  116.99430  6.78%   728 1712s
  3118  1968     cutoff   27       125.50718  117.00376  6.78%   712 1720s
  3281  2047  117.12815   30  578  125.50718  117.01027  6.77%   693 1729s
  3439  2030  117.37741   38  527  125.50718  117.03022  6.75%   679 1746s
  3482  2182  117.14067   26  630  125.50718  117.03926  6.75%   681 1756s
  3659  2156  117.90290   27  556  125.50718  117.04593  6.74%   670 1780s
  3700  2310  117.06597   58  578  125.50718  117.05426  6.74%   674 1791s
  3887  2364  117.47793   26  644  125.50718  117.06243  6.73%   663 1802s
  4010  2503  117.72952   33  536  125.50718  117.06820  6.72%   655 1812s
  4208  2445     cutoff   45       125.50718  117.07520  6.72%   642 1832s
  4230  2480  117.09105   33  551  125.50718  117.08314  6.71%   644 1851s
  4282  2659  117.20565   60  564  125.50718  117.09272  6.70%   644 1861s
  4513  2631  117.60569   58  576  125.50718  117.10348  6.70%   631 1881s
  4576  2846  117.74806   57  590  125.50718  117.11281  6.69%   634 1900s
  4821  2810  118.18065   62  508  125.50718  117.11843  6.68%   618 1926s
  4883  3037  117.24015   40  570  125.50718  117.12551  6.68%   620 1951s
  5180  2990  117.17140   58  546  125.50718  117.13318  6.67%   602 1968s
  5246  3096  117.45381   64  582  125.50718  117.13789  6.67%   607 1997s
  5395  3109  117.46249   54  548  125.50718  117.14314  6.66%   601 2052s
  5469  3378  117.43267   43  565  125.50718  117.15148  6.66%   609 2071s
  5812  3307  118.35089   30  526  125.50718  117.15528  6.65%   614 2227s
  5872  3355     cutoff   24       125.50718  117.16015  6.65%   616 2295s
  5951  3659  117.16957   38  616  125.50718  117.16716  6.65%   618 2317s
  6336  3582  117.17106   39  604  125.50718  117.17011  6.64%   601 2350s
  6355  3658  117.17764   40  591  125.50718  117.17629  6.64%   604 2383s
  6441  3841  117.74634   41  511  125.50718  117.17958  6.64%   608 2408s
  6643  4298  117.62907   33  589  125.50718  117.18271  6.63%   602 2422s
  7177  4345  117.86358   39  499  125.50718  117.18788  6.63%   579 2448s
  7272  4615     cutoff   61       125.50718  117.19232  6.63%   582 2473s
  7580  4686  117.66957   41  503  125.50718  117.19616  6.62%   573 2499s
  7663  5101  117.20218   36  517  125.50718  117.20138  6.62%   574 2515s
  8174  5580  117.32170   61  568  125.50718  117.20531  6.61%   560 2532s
  8724  5644  117.52424   60  601  125.50718  117.21121  6.61%   543 2589s
  8808  5843     cutoff   59       125.50718  117.21611  6.61%   554 2607s
  9033  6403  117.22104   68  471  125.50718  117.21929  6.60%   550 2635s
  9672  6831  117.73346   48  518  125.50718  117.22316  6.60%   536 2656s
 10257  6922  117.30746   45  561  125.50718  117.22999  6.59%   529 2691s
 10368  7486  117.96486   74  505  125.50718  117.23328  6.59%   532 2717s
 11166  7520  117.43200   77  510  125.50718  117.23703  6.59%   516 2740s
 11261  7646 infeasible   51       125.50718  117.23986  6.59%   520 2834s
 11413  8309  117.24169   41  587  125.50718  117.24169  6.59%   529 2852s
 12212  8398  117.82611   43  523  125.50718  117.24320  6.58%   514 2882s
 12331  9295  117.37572   48  461  125.50718  117.25293  6.58%   519 2906s
 13388  9478     cutoff   56       125.50718  117.25724  6.57%   498 2927s
 13635  9789  117.65148   42  533  125.50718  117.26110  6.57%   501 2957s
 14019 10062  117.77432   53  503  125.50718  117.26417  6.57%   501 3011s
 14338 10798  117.47246   40  514  125.50718  117.26914  6.56%   502 3043s
 15243 10860  117.57009   31  432  125.50718  117.27450  6.56%   495 3085s
 15329 10968  117.27844   46  526  125.50718  117.27840  6.56%   497 3113s
 15487 11254  117.72714   47  510  125.50718  117.28126  6.55%   504 3148s
 15837 11365  117.60572   45  551  125.50718  117.28494  6.55%   506 3186s
 16001 11966     cutoff   63       125.50718  117.28815  6.55%   508 3221s
 16922 12196     cutoff   41       125.50718  117.29389  6.54%   505 3280s
 17246 12334  117.37785   53  589  125.50718  117.29628  6.54%   511 3320s
 17445 13002     cutoff   43       125.50718  117.29809  6.54%   514 3361s
 18686 14223  117.56347   54  465  125.50718  117.30433  6.54%   507 3406s
 20159 14231 infeasible   28       125.50718  117.30834  6.53%   495 3480s
 20183 14371     cutoff   29       125.50718  117.31131  6.53%   496 3532s
 20378 14495  117.44674   59  459  125.50718  117.31317  6.53%   501 3585s
 20592 14791  117.43958   35  562  125.50718  117.31451  6.53%   506 3654s
 21047 17685 infeasible   53       125.50718  117.31542  6.53%   509 3772s
 24697 17843     cutoff   46       125.50718  117.32566  6.52%   492 3808s
 24907 17989  117.53210   63  487  125.50718  117.32958  6.52%   496 3854s
 25121 19305     cutoff   63       125.50718  117.33185  6.51%   501 3891s
 26987 19437     cutoff   68       125.50718  117.33906  6.51%   489 3933s
 27208 19623 infeasible   45       125.50718  117.34077  6.51%   492 3980s
 27482 20643  117.46901   46  444  125.50718  117.34449  6.50%   496 4027s
 28750 20776 infeasible   56       125.50718  117.34781  6.50%   495 4076s
 29039 21694  118.92114   71  562  125.50718  117.35213  6.50%   500 4127s
 30581 21830  118.03796   72  494  125.50718  117.35729  6.49%   493 4191s
 30887 22084  117.41860   64  607  125.50718  117.36162  6.49%   498 4262s
 31317 23375     cutoff   62       125.50718  117.36449  6.49%   504 4324s
 33020 23494     cutoff   33       125.50718  117.36730  6.49%   502 4391s
 33262 23680     cutoff   53       125.50718  117.37362  6.48%   505 4462s
 33664 24043 infeasible   63       125.50718  117.37699  6.48%   510 4535s
 34271 25138  117.60522   65  503  125.50718  117.37941  6.48%   513 4606s
 36169 25309     cutoff   58       125.50718  117.38419  6.47%   512 4685s
 36539 25557  117.81243   43  575  125.50718  117.39006  6.47%   517 4761s
 37070 27062  117.58449   46  541  125.50718  117.39507  6.46%   521 4850s
 39451 27177  117.58769   50  422  125.50718  117.40318  6.46%   515 4948s
 39856 27381  117.56913   56  509  125.50718  117.40863  6.45%   520 5046s
 40330 29126     cutoff   56       125.50718  117.41111  6.45%   525 5145s
 42901 29352     cutoff   57       125.50718  117.42103  6.44%   522 5293s
 43514 30237  118.15825   47  507  125.50718  117.42740  6.44%   530 5643s
H43925 30237                     125.5071788  117.42841  6.44%   532 5644s
 45633 33920  118.53035   54  582  125.50718  117.44295  6.43%   547 5961s
H46960 33764                     124.9247084  117.44477  5.99%   544 5962s
 52715 33789     cutoff   52       124.92471  117.46306  5.97%   537 6097s
H52716 33736                     124.6746568  117.46306  5.78%   537 6097s
H52783 33727                     124.6081396  117.46484  5.73%   538 6097s
H53186 33718                     124.5547372  117.47039  5.69%   541 6097s
H53439 33870                     124.3544155  117.47423  5.53%   543 6210s
H53815 33868                     124.3407281  117.47771  5.52%   547 6210s
H53983 33862                     124.3141272  117.47806  5.50%   548 6211s
H54017 33856                     124.2981669  117.47829  5.49%   549 6211s
 54136 34047  119.30447   56  394  124.29817  117.48438  5.48%   550 6341s
H54157 34008                     124.0565854  117.48438  5.30%   551 6341s
 54833 34154     cutoff   65       124.05659  117.49288  5.29%   557 6486s
 55530 34295  118.99899   57  550  124.05659  117.50540  5.28%   565 6636s
H55590 34244                     123.9056177  117.50540  5.17%   566 6637s
 56382 34412 infeasible   66       123.90562  117.51102  5.16%   572 6785s
H56470 34412                     123.9056162  117.51222  5.16%   572 6785s
H57258 34479                     123.6656177  117.52698  4.96%   581 6945s
H57652 34471                     123.6196845  117.53182  4.92%   582 6946s
H57935 34469                     123.6090847  117.53376  4.91%   585 6946s
 58104 34725  118.13877   54  548  123.60908  117.54011  4.91%   586 7082s
 59176 34834  117.86259   72  512  123.60908  117.55957  4.89%   593 7200s

Cutting planes:
  Learned: 9
  Gomory: 129
  Lift-and-project: 13
  Cover: 494
  Implied bound: 575
  Clique: 2
  MIR: 1527
  StrongCG: 6
  Flow cover: 2990
  GUB cover: 2
  Inf proof: 35
  Zero half: 79
  Network: 2
  RLT: 123
  Relax-and-lift: 178

Explored 60067 nodes (35950748 simplex iterations) in 7200.82 seconds (4716.75 work units)
Thread count was 32 (of 32 available processors)

Solution count 10: 123.609 123.62 123.666 ... 124.354

Time limit reached
Best objective 1.236090846799e+02, best bound 1.175717297142e+02, gap 4.8842%
