
Gurobi 9.5.2 (linux64) logging started Sat Aug 15 11:02:40 2026

Set parameter LogFile to value "/mnt/beegfs/users/celinep/ChargeAndBreak/logs/oracle_RshortCfewTtight_8__kwh900_gurobi.log"
Gurobi Optimizer version 9.5.2 build v9.5.2rc0 (linux64)
Thread count: 16 physical cores, 32 logical processors, using up to 32 threads
Optimize a model with 2545 rows, 1333 columns and 16993 nonzeros
Model fingerprint: 0x27079be3
Variable types: 845 continuous, 488 integer (488 binary)
Coefficient statistics:
  Matrix range     [3e-02, 9e+02]
  Objective range  [5e-01, 1e+00]
  Bounds range     [1e+00, 2e+01]
  RHS range        [2e-01, 9e+02]

User MIP start did not produce a new incumbent solution

Presolve removed 988 rows and 346 columns
Presolve time: 0.17s
Presolved: 1557 rows, 987 columns, 10092 nonzeros
Variable types: 605 continuous, 382 integer (380 binary)
Found heuristic solution: objective 390.7634005
Found heuristic solution: objective 355.5175538
Root relaxation presolve removed 27 rows and 26 columns
Root relaxation presolved: 1530 rows, 961 columns, 9881 nonzeros


Root relaxation: objective 3.267995e+01, 1517 iterations, 0.12 seconds (0.07 work units)
Another try with MIP start

    Nodes    |    Current Node    |     Objective Bounds      |     Work
 Expl Unexpl |  Obj  Depth IntInf | Incumbent    BestBd   Gap | It/Node Time

H    0     0                      33.4813978   32.67995  2.39%     -    0s
     0     0   32.67995    0    6   33.48140   32.67995  2.39%     -    0s
H    0     0                      33.0388581   32.67995  1.09%     -    0s
     0     0   32.69115    0   14   33.03886   32.69115  1.05%     -    0s
     0     0   32.69137    0   12   33.03886   32.69137  1.05%     -    0s
     0     0   32.72874    0   19   33.03886   32.72874  0.94%     -    0s
H    0     0                      32.9329827   32.72874  0.62%     -    0s

Cutting planes:
  Gomory: 2
  Implied bound: 9
  MIR: 27
  Flow cover: 43
  Flow path: 4
  RLT: 3
  Relax-and-lift: 6

Explored 1 nodes (2070 simplex iterations) in 0.91 seconds (0.26 work units)
Thread count was 32 (of 32 available processors)

Solution count 6: 32.933 33.0389 33.0389 ... 390.763

Optimal solution found (tolerance 5.00e-03)
Best objective 3.293298267504e+01, best bound 3.276841730437e+01, gap 0.4997%
