
Gurobi 9.5.2 (linux64) logging started Sat Aug 15 11:42:55 2026

Set parameter LogFile to value "/mnt/beegfs/users/celinep/ChargeAndBreak/logs/oracle_RshortCmanyTtight_11__kwh900_gurobi.log"
Gurobi Optimizer version 9.5.2 build v9.5.2rc0 (linux64)
Thread count: 16 physical cores, 32 logical processors, using up to 32 threads
Optimize a model with 3174 rows, 1663 columns and 24767 nonzeros
Model fingerprint: 0x52921b46
Variable types: 1049 continuous, 614 integer (614 binary)
Coefficient statistics:
  Matrix range     [5e-02, 9e+02]
  Objective range  [5e-01, 1e+00]
  Bounds range     [1e+00, 3e+01]
  RHS range        [3e-02, 9e+02]

User MIP start produced solution with objective 47.5098 (0.02s)
Loaded user MIP start with objective 47.5098

Presolve removed 1195 rows and 403 columns
Presolve time: 0.33s
Presolved: 1979 rows, 1260 columns, 14356 nonzeros
Variable types: 760 continuous, 500 integer (500 binary)
Root relaxation presolve removed 34 rows and 32 columns
Root relaxation presolved: 1945 rows, 1228 columns, 13934 nonzeros


Root relaxation: objective 4.043601e+01, 1344 iterations, 0.14 seconds (0.06 work units)

    Nodes    |    Current Node    |     Objective Bounds      |     Work
 Expl Unexpl |  Obj  Depth IntInf | Incumbent    BestBd   Gap | It/Node Time

     0     0   40.43601    0   14   47.50977   40.43601  14.9%     -    0s
H    0     0                      44.5007326   40.43601  9.13%     -    0s
H    0     0                      40.7354942   40.43601  0.74%     -    0s
     0     0   40.45580    0   20   40.73549   40.45580  0.69%     -    0s
     0     0   40.46726    0    7   40.73549   40.46726  0.66%     -    1s
     0     0   40.53588    0    3   40.73549   40.53588  0.49%     -    1s

Cutting planes:
  Gomory: 4
  Lift-and-project: 4
  Implied bound: 5
  MIR: 20
  Flow cover: 31
  RLT: 4

Explored 1 nodes (1874 simplex iterations) in 1.18 seconds (0.29 work units)
Thread count was 32 (of 32 available processors)

Solution count 4: 40.7355 40.7355 44.5007 47.5098 

Optimal solution found (tolerance 5.00e-03)
Best objective 4.073549417169e+01, best bound 4.053587517124e+01, gap 0.4900%
