
Gurobi 9.5.2 (linux64) logging started Fri Aug 14 10:17:13 2026

Set parameter LogFile to value "/mnt/beegfs/users/celinep/ChargeAndBreak/logs/oracle_RlongCmanyTtight_7__kwh700_gurobi.log"
Gurobi Optimizer version 9.5.2 build v9.5.2rc0 (linux64)
Thread count: 16 physical cores, 32 logical processors, using up to 32 threads
Optimize a model with 9593 rows, 5042 columns and 179503 nonzeros
Model fingerprint: 0x7f349abc
Variable types: 3178 continuous, 1864 integer (1864 binary)
Coefficient statistics:
  Matrix range     [3e-02, 2e+03]
  Objective range  [5e-01, 1e+00]
  Bounds range     [1e+00, 6e+01]
  RHS range        [1e-02, 7e+02]

User MIP start did not produce a new incumbent solution
User MIP start violates constraint c_l_x14074_ by 1.000000000

Presolve removed 2955 rows and 922 columns
Presolve time: 1.75s
Presolved: 6638 rows, 4120 columns, 161851 nonzeros
Variable types: 2457 continuous, 1663 integer (1663 binary)
Found heuristic solution: objective 2041.9457440
Found heuristic solution: objective 1571.5684934
Root relaxation presolve removed 180 rows and 118 columns
Root relaxation presolved: 6458 rows, 4002 columns, 125797 nonzeros


Root relaxation: objective 1.105114e+02, 5293 iterations, 2.30 seconds (1.16 work units)
Total elapsed time = 5.28s
Another try with MIP start

    Nodes    |    Current Node    |     Objective Bounds      |     Work
 Expl Unexpl |  Obj  Depth IntInf | Incumbent    BestBd   Gap | It/Node Time

H    0     0                     140.4774418  110.51138  21.3%     -   11s
     0     0  110.51138    0  342  140.47744  110.51138  21.3%     -   11s
     0     0  111.88382    0  431  140.47744  111.88382  20.4%     -   15s
     0     0  111.89601    0  523  140.47744  111.89601  20.3%     -   15s
     0     0  111.89740    0  526  140.47744  111.89740  20.3%     -   15s
     0     0  111.89746    0  523  140.47744  111.89746  20.3%     -   15s
     0     0  112.34375    0  512  140.47744  112.34375  20.0%     -   18s
     0     0  112.38284    0  546  140.47744  112.38284  20.0%     -   18s
     0     0  112.38913    0  551  140.47744  112.38913  20.0%     -   19s
     0     0  112.39101    0  537  140.47744  112.39101  20.0%     -   19s
     0     0  112.39101    0  535  140.47744  112.39101  20.0%     -   19s
     0     0  112.58629    0  526  140.47744  112.58629  19.9%     -   22s
     0     0  112.60881    0  538  140.47744  112.60881  19.8%     -   22s
     0     0  112.61400    0  556  140.47744  112.61400  19.8%     -   22s
     0     0  112.61419    0  558  140.47744  112.61419  19.8%     -   22s
     0     0  112.80298    0  462  140.47744  112.80298  19.7%     -   25s
     0     0  112.82044    0  483  140.47744  112.82044  19.7%     -   26s
     0     0  112.82523    0  472  140.47744  112.82523  19.7%     -   26s
     0     0  112.82619    0  493  140.47744  112.82619  19.7%     -   26s
     0     0  112.82666    0  483  140.47744  112.82666  19.7%     -   26s
     0     0  112.90572    0  488  140.47744  112.90572  19.6%     -   29s
     0     0  112.91540    0  502  140.47744  112.91540  19.6%     -   29s
     0     0  112.91816    0  506  140.47744  112.91816  19.6%     -   29s
     0     0  112.91892    0  508  140.47744  112.91892  19.6%     -   29s
     0     0  112.91902    0  510  140.47744  112.91902  19.6%     -   30s
     0     0  113.00279    0  438  140.47744  113.00279  19.6%     -   33s
     0     0  113.03189    0  342  140.47744  113.03189  19.5%     -   34s
     0     0  113.03456    0  418  140.47744  113.03456  19.5%     -   34s
     0     0  113.03552    0  426  140.47744  113.03552  19.5%     -   34s
     0     0  113.03566    0  429  140.47744  113.03566  19.5%     -   35s
     0     0  113.16197    0  416  140.47744  113.16197  19.4%     -   38s
     0     0  113.19326    0  452  140.47744  113.19326  19.4%     -   39s
     0     0  113.20209    0  488  140.47744  113.20209  19.4%     -   39s
     0     0  113.20396    0  519  140.47744  113.20396  19.4%     -   40s
     0     0  113.20425    0  494  140.47744  113.20425  19.4%     -   40s
     0     0  113.26241    0  405  140.47744  113.26241  19.4%     -   42s
     0     0  113.27471    0  414  140.47744  113.27471  19.4%     -   43s
     0     0  113.28234    0  454  140.47744  113.28234  19.4%     -   43s
     0     0  113.28384    0  495  140.47744  113.28384  19.4%     -   43s
     0     0  113.28431    0  488  140.47744  113.28431  19.4%     -   44s
     0     0  113.30728    0  394  140.47744  113.30728  19.3%     -   46s
     0     0  113.31257    0  452  140.47744  113.31257  19.3%     -   47s
     0     0  113.31315    0  446  140.47744  113.31315  19.3%     -   47s
     0     0  113.36394    0  392  140.47744  113.36394  19.3%     -   50s
     0     0  113.37156    0  407  140.47744  113.37156  19.3%     -   51s
     0     0  113.37515    0  440  140.47744  113.37515  19.3%     -   51s
     0     0  113.37532    0  431  140.47744  113.37532  19.3%     -   51s
     0     0  113.39081    0  354  140.47744  113.39081  19.3%     -   54s
     0     0  113.39651    0  420  140.47744  113.39651  19.3%     -   55s
     0     0  113.39775    0  424  140.47744  113.39775  19.3%     -   55s
     0     0  113.39792    0  424  140.47744  113.39792  19.3%     -   55s
     0     0  113.41442    0  439  140.47744  113.41442  19.3%     -   58s
     0     0  113.41606    0  477  140.47744  113.41606  19.3%     -   58s
     0     0  113.41647    0  460  140.47744  113.41647  19.3%     -   58s
     0     0  113.43410    0  424  140.47744  113.43410  19.3%     -   61s
     0     0  113.43629    0  299  140.47744  113.43629  19.2%     -   61s
     0     0  113.43674    0  372  140.47744  113.43674  19.2%     -   62s
     0     0  113.45779    0  399  140.47744  113.45779  19.2%     -   64s
     0     0  113.45904    0  414  140.47744  113.45904  19.2%     -   64s
     0     0  113.45914    0  412  140.47744  113.45914  19.2%     -   64s
     0     0  113.46831    0  420  140.47744  113.46831  19.2%     -   66s
     0     0  113.46831    0  281  140.47744  113.46831  19.2%     -   68s
     0     2  113.46831    0  245  140.47744  113.46831  19.2%     -   70s
     7    16  113.55683    3  463  140.47744  113.52274  19.2%   866   77s
    15    32  114.46133    4  384  140.47744  113.55683  19.2%  1133   82s
    31    48  113.57571    5  463  140.47744  113.56336  19.2%  1014   87s
    47    64  113.61389    6  404  140.47744  113.57613  19.1%  1024   90s
    63    80  113.66866    7  409  140.47744  113.58078  19.1%  1003   95s
H   79    96                     139.5923473  113.66883  18.6%  1113   99s
H   80    96                     139.5856526  113.67109  18.6%  1105   99s
H   87    96                     128.7261875  113.67983  11.7%  1096  100s
H   88    96                     128.6962755  113.67983  11.7%  1086  100s
   111   128  113.99436   10  402  128.69628  113.74833  11.6%  1055  107s
   127   144  114.69695   11  361  128.69628  113.99461  11.4%  1156  121s
H  128   144                     127.7264650  113.99461  10.8%  1147  122s
H  139   144                     127.6943660  114.12759  10.6%  1155  122s
   143   160  114.21490   12  477  127.69437  114.12778  10.6%  1171  125s
   175   192  114.52259   14  436  127.69437  114.26746  10.5%  1187  134s
H  190   192                     127.6110326  114.29006  10.4%  1182  135s
   207   228  115.78237   16  448  127.61103  114.42381  10.3%  1196  141s
   227   244  114.62073   17  470  127.61103  114.51813  10.3%  1180  145s
H  262   279                     126.0649596  114.63177  9.07%  1262  155s
H  266   279                     124.9748951  114.65231  8.26%  1256  155s
H  270   279                     124.7524298  114.65231  8.10%  1261  155s
H  277   279                     124.6693739  114.65231  8.03%  1247  155s
   304   330  114.73045   21  451  124.66937  114.69609  8.00%  1253  165s
   329   347  117.58984   22  384  124.66937  114.73045  7.97%  1251  171s
H  330   347                     124.6690965  114.73045  7.97%  1247  171s
H  331   347                     124.6586977  114.73234  7.96%  1244  171s
H  332   347                     124.5588749  114.73234  7.89%  1242  171s
H  338   347                     124.5128304  114.73234  7.86%  1232  171s
   346   374  114.74106   23  479  124.51283  114.73272  7.85%  1221  179s
   373   406  114.74915   24  478  124.51283  114.74915  7.84%  1182  185s
   405   447  114.75339   25  534  124.51283  114.75339  7.84%  1171  190s
   488   515  114.75808   27  543  124.51283  114.75808  7.83%  1106  201s
   514   532  114.83511   28  405  124.51283  114.76380  7.83%  1122  213s
H  515   532                     124.5125529  114.76380  7.83%  1119  213s
   531   592  114.76751   30  444  124.51255  114.76751  7.83%  1129  217s
   591   656  115.98408   31  337  124.51255  114.77284  7.82%  1075  224s
   655   703  115.02390   36  479  124.51255  114.79293  7.81%  1037  230s
H  700   703                     124.5125529  114.82147  7.78%  1010  230s
   778   868  114.82212   45  436  124.51255  114.82212  7.78%   964  240s
   929  1021  115.29409   47  423  124.51255  114.82574  7.78%   897  250s
  1135  1250  116.04737   27  315  124.51255  114.89747  7.72%   795  258s
  1249  1295  114.91176   28  425  124.51255  114.90195  7.72%   755  311s
  1294  1381  115.60436   44  349  124.51255  114.90409  7.72%   742  318s
  1380  1533  116.09725   44  318  124.51255  114.91196  7.71%   724  324s
  1532  1728  115.82041   43  369  124.51255  114.91392  7.71%   679  329s
  1729  1821  114.94203   29  334  124.51255  114.92631  7.70%   626  336s
  1822  2073  115.08198   52  348  124.51255  114.93110  7.70%   618  341s
  2075  2074  121.70086   38  281  124.51255  114.93529  7.69%   562  372s
  2077  2075  116.84698   21  312  124.51255  114.93529  7.69%   561  378s
  2078  2076  115.61559   47  274  124.51255  114.93529  7.69%   561  383s
  2080  2077  121.39203   32  290  124.51255  114.93529  7.69%   560  385s
  2087  2082  118.42846   29  355  124.51255  114.93529  7.69%   558  390s
  2094  2087  116.19402   33  427  124.51255  114.93529  7.69%   556  395s
  2096  2088  121.39203   26  366  124.51255  114.93529  7.69%   556  407s
  2100  2091  121.70086   39  504  124.51255  114.93529  7.69%   555  412s
  2101  2091  121.70031   44  387  124.51255  114.93529  7.69%   555  423s
  2102  2092  119.14605   10  458  124.51255  114.93529  7.69%   554  426s
  2106  2095  116.16395   39  474  124.51255  114.93529  7.69%   553  435s
  2107  2095  121.70086   45  358  124.51255  114.93529  7.69%   553  446s
  2111  2098  120.73543   44  489  124.51255  114.93529  7.69%   552  453s
  2112  2099  120.47833   35  377  124.51255  114.93529  7.69%   552  466s
  2115  2101  115.10416   26  482  124.51255  114.93529  7.69%   551  470s
  2116  2101  115.51313   39  488  124.51255  114.93529  7.69%   551  475s
  2117  2102  116.80243   57  430  124.51255  114.93529  7.69%   550  480s
  2120  2104  116.06057   25  511  124.51255  114.95295  7.68%   550  487s
  2121  2105  115.31429   44  501  124.51255  114.95876  7.67%   549  502s
  2122  2105  115.44927   12  486  124.51255  114.95876  7.67%   549  505s
  2124  2110  115.23885   15  282  124.51255  114.97376  7.66%   567  540s
  2126  2113  115.11945   16  444  124.51255  115.11945  7.54%   567  580s
  2130  2118  115.19268   17  478  124.51255  115.15459  7.52%   567  589s
  2138  2127  115.63044   18  407  124.51255  115.19299  7.48%   570  601s
  2152  2135  115.30581   19  502  124.51255  115.28501  7.41%   572  607s
  2184  2153  115.33518   21  484  124.51255  115.31479  7.39%   580  611s
H 2201  2056                     124.5125527  115.33520  7.37%   582  612s
  2216  2072  115.56684   23  486  124.51255  115.33631  7.37%   583  623s
  2237  2086  116.03774   24  383  124.51255  115.34182  7.37%   586  626s
  2261  2094  115.76434   26  375  124.51255  115.36426  7.35%   589  630s
  2275  2114  115.38882   26  540  124.51255  115.36491  7.35%   590  636s
  2300  2122  115.90584   27  376  124.51255  115.38919  7.33%   592  661s
H 2315  2017                     124.5125517  115.39431  7.32%   594  661s
  2317  2044  115.40267   28  533  124.51255  115.39522  7.32%   595  666s
  2345  2050  117.74962   29  389  124.51255  115.40267  7.32%   595  673s
  2362  2073  115.40374   30  538  124.51255  115.40374  7.32%   597  680s
  2393  2079  115.83104   31  420  124.51255  115.40842  7.31%   599  687s
  2409  2104  115.44880   33  542  124.51255  115.41177  7.31%   603  698s
  2445  2116  115.63113   34  519  124.51255  115.45005  7.28%   602  702s
  2472  2147  115.54043   35  513  124.51255  115.54043  7.21%   606  718s
  2514  2166  115.77038   36  423  124.51255  115.55083  7.20%   609  728s
  2551  2186  115.78961   38  386  124.51255  115.58003  7.17%   613  736s
  2590  2212  116.81456   40  392  124.51255  115.60760  7.15%   618  754s
  2631  2235  115.88867   42  352  124.51255  115.61817  7.14%   622  763s
  2667  2257  115.62909   50  364  124.51255  115.62909  7.13%   621  775s
  2701  2349  116.01395   51  337  124.51255  115.62969  7.13%   621  780s
  2811  2356  121.18618   51  276  124.51255  115.65197  7.12%   610  798s
  2857  2433  116.18837   40  309  124.51255  115.66253  7.11%   614  801s
  2960  2526  115.91719   44  330  124.51255  115.67732  7.10%   612  810s
  3099  2512  116.10654   46  315  124.51255  115.68830  7.09%   599  818s
  3146  2634  117.00707   34  313  124.51255  115.70272  7.08%   602  823s
  3308  2621     cutoff   50       124.51255  115.71703  7.06%   585  836s
  3359  2783  116.74297   57  320  124.51255  115.72428  7.06%   588  840s
  3552  2760  115.73566   60  312  124.51255  115.73352  7.05%   572  853s
  3599  2866  115.74309   63  359  124.51255  115.74309  7.04%   575  856s
  3743  2866  115.94058   59  294  124.51255  115.76524  7.03%   571  865s
  3794  3043  115.78245   23  346  124.51255  115.77667  7.02%   573  870s
  3996  3041  119.66001   42  413  124.51255  115.78365  7.01%   560  881s
  4072  3027  116.45138   46  324  124.51255  115.80285  7.00%   566  890s
  4096  3064  118.06278   38  305  124.51255  115.81768  6.98%   568  904s
  4149  3148  115.84136   31  327  124.51255  115.83125  6.97%   571  914s
  4260  3329  115.95072   33  441  124.51255  115.83802  6.97%   566  919s
  4469  3259 infeasible   69       124.51255  115.84581  6.96%   553  920s
  4493  3457 infeasible   73       124.51255  115.84593  6.96%   553  925s
  4726  3525  116.48289   40  333  124.51255  115.85842  6.95%   543  940s
  4915  3532  120.03827   79  287  124.51255  115.86667  6.94%   535  959s
  5013  3546  115.92674   43  349  124.51255  115.88921  6.93%   536  975s
  5091  3767  115.90487   73  230  124.51255  115.90227  6.92%   539  982s
  5408  3734  115.92536   35  500  124.51255  115.91057  6.91%   525 1000s
  5500  3814  115.93186   33  400  124.51255  115.91959  6.90%   526 1018s
  5645  3894  115.92467   88  270  124.51255  115.92456  6.90%   522 1029s
  5803  4185  117.35630   90  252  124.51255  115.92475  6.90%   519 1039s
  6219  4189  123.48944   76  221  124.51255  115.93822  6.89%   501 1056s
  6392  4425  117.78916   84  226  124.51255  115.94594  6.88%   497 1064s
  6463  4401 infeasible   48       124.51255  115.94674  6.88%   494 1065s
  6769  4527  116.42257   42  230  124.51255  115.95499  6.87%   487 1073s
  7122  4459  116.44960   36  352  124.51255  115.96492  6.86%   481 1092s
  7214  4864  116.44035   89  282  124.51255  115.96978  6.86%   483 1102s
  7769  4695  119.42259   41  456  124.51255  115.97973  6.85%   467 1120s
  7826  4742  117.36027   29  415  124.51255  115.98727  6.85%   469 1141s
  7953  4828     cutoff   34       124.51255  115.99198  6.84%   469 1156s
  8083  5318  116.09764   41  428  124.51255  116.00062  6.84%   470 1166s
  8658  5412  116.01349   47  388  124.51255  116.01127  6.83%   456 1181s
  8779  6043  116.41262   48  423  124.51255  116.01717  6.82%   458 1191s
  9492  6097  117.68637   61  322  124.51255  116.02235  6.82%   441 1210s
  9566  6218  116.06610   54  390  124.51255  116.02859  6.81%   442 1222s
  9701  6767  117.39923   29  357  124.51255  116.03327  6.81%   443 1233s
 10390  7149  117.79267   96  297  124.51255  116.03864  6.81%   431 1248s
 10874  7279  117.87670   48  369  124.51255  116.04522  6.80%   423 1266s
H10910  7279                     124.5125517  116.04870  6.80%   423 1266s
 11034  7832  117.86922   37  369  124.51255  116.05275  6.79%   423 1279s
 11332  7832  116.10027   48  401  124.51255  116.05457  6.79%   421 1280s
 11730  7971  117.57937   77  256  124.51255  116.05899  6.79%   417 1296s
 11931  8671  116.06532   52  364  124.51255  116.06511  6.78%   417 1311s
 12781  8793  118.02760   59  336  124.51255  116.06854  6.78%   404 1327s
 12964  9504  122.73725   32  368  124.51255  116.07442  6.78%   405 1341s
 13881  9629     cutoff   54       124.51255  116.08200  6.77%   396 1366s
 14056 10449  116.77789   47  305  124.51255  116.08603  6.77%   398 1381s
 15105 10469     cutoff   56       124.51255  116.09268  6.76%   386 1404s
 15147 10632  116.13437   48  336  124.51255  116.09769  6.76%   387 1428s
 15376 11650  116.51274   49  266  124.51255  116.10124  6.76%   387 1446s
 16543 12018 infeasible   50       124.51255  116.10505  6.75%   375 1464s
 17012 12973  116.42884   41  316  124.51255  116.10896  6.75%   373 1482s
 18425 13232  120.19200   57  336  124.51255  116.11547  6.74%   363 1510s
 18761 14045 infeasible   51       124.51255  116.11955  6.74%   363 1529s
 19799 14295  116.15973   55  322  124.51255  116.12702  6.73%   357 1553s
 20138 15477  124.32577   45  411  124.51255  116.13155  6.73%   358 1574s
 21632 17292  116.13840   58  313  124.51255  116.13840  6.73%   348 1602s
 23961 17307  116.76349   46  253  124.51255  116.14682  6.72%   336 1621s
 24003 17484  116.35127   62  320  124.51255  116.15038  6.72%   336 1649s
 24253 17557  116.44320   56  287  124.51255  116.15297  6.71%   337 1675s
 24389 17802  117.14330   56  224  124.51255  116.15486  6.71%   338 1698s
 24711 18757  116.30174   44  334  124.51255  116.15720  6.71%   339 1720s
 26096 18972  116.38075   60  370  124.51255  116.16535  6.70%   334 1745s
 26433 19941  116.74848   35  318  124.51255  116.16850  6.70%   336 1768s
 27761 20252  116.43521   62  396  124.51255  116.17358  6.70%   334 1793s
 28173 21290  116.32032   56  243  124.51255  116.17902  6.69%   334 1813s
 29638 22306  116.48567   64  264  124.51255  116.18357  6.69%   330 1835s
 31123 22727  116.58903   71  297  124.51255  116.19458  6.68%   326 1865s
 31721 23998 infeasible   93       124.51255  116.19904  6.68%   326 1892s
 33571 25156  116.62153   53  271  124.51255  116.20717  6.67%   321 1916s
 35194 25230  116.39066   62  292  124.51255  116.21724  6.66%   318 1970s
 35332 25676  117.06322   64  253  124.51255  116.22066  6.66%   319 2008s
 35952 27164  116.29833   71  337  124.51255  116.22488  6.66%   319 2040s
 37946 27572  116.29619   62  314  124.51255  116.23218  6.65%   316 2067s
 38542 29460  117.45275   39  283  124.51255  116.23523  6.65%   316 2098s
 41048 30885  116.80009   60  343  124.51255  116.24453  6.64%   310 2129s
 43089 31610  116.62144   50  314  124.51255  116.25256  6.63%   308 2179s
 44143 35643  117.11685   56  307  124.51255  116.25823  6.63%   309 2253s
 49435 35643 infeasible   40       124.51255  116.26465  6.62%   301 2256s
 49727 36013  116.35447   61  242  124.51255  116.27172  6.62%   301 2292s
 50245 37663     cutoff   59       124.51255  116.27597  6.62%   302 2326s
 52503 38029  116.55772   64  232  124.51255  116.28569  6.61%   300 2364s
 53083 39725  116.93150   40  308  124.51255  116.29188  6.60%   301 2404s
 55594 40249  117.55477   59  251  124.51255  116.29868  6.60%   298 2441s
 56337 41917     cutoff  104       124.51255  116.30245  6.59%   298 2477s
 58712 42306 infeasible   79       124.51255  116.31088  6.59%   296 2512s
 59318 43988  116.75913   53  206  124.51255  116.31480  6.58%   297 2545s
 61802 44257  116.59713   56  260  124.51255  116.32154  6.58%   295 2581s
 62210 45587  117.41482   64  276  124.51255  116.32428  6.58%   296 2614s
 64226 46140 infeasible   58       124.51255  116.33227  6.57%   296 2671s
 64972 50933  116.97988   48  246  124.51255  116.33703  6.57%   297 2772s
 71810 51335  117.06326   44  378  124.51255  116.35683  6.55%   294 2811s
 72344 51853 infeasible   68       124.51255  116.36022  6.55%   295 2847s
 73106 53389  119.78029   21  412  124.51255  116.36552  6.54%   295 2884s
 75282 53965  116.42836   54  314  124.51255  116.37423  6.54%   294 2922s
 76067 55685  116.46983   40  500  124.51255  116.37897  6.53%   295 2961s
 78570 56183  116.78477   60  326  124.51255  116.38369  6.53%   294 2999s
 79319 57762  117.00107   51  350  124.51255  116.39072  6.52%   295 3032s
 81647 58278  116.89201   72  260  124.51255  116.39724  6.52%   295 3071s
 82371 59582  116.80292   36  329  124.51255  116.40146  6.51%   296 3108s
 84379 59991  118.13641   78  267  124.51255  116.40831  6.51%   297 3150s
 85081 61650  117.47540   67  280  124.51255  116.41398  6.50%   298 3200s
 87691 62027     cutoff   51       124.51255  116.42329  6.50%   298 3231s
 88257 62558  117.38596   72  342  124.51255  116.42718  6.49%   299 3273s
 89043 64291 infeasible   52       124.51255  116.43131  6.49%   300 3318s
 91674 64748  117.63803   44  266  124.51255  116.44225  6.48%   301 3361s
 92409 66629  117.84195   58  382  124.51255  116.44576  6.48%   302 3404s
 95084 67238  116.61070   55  264  124.51255  116.45519  6.47%   301 3446s
 95941 68843  118.21201   62  214  124.51255  116.45955  6.47%   302 3490s
 98425 69287  117.96728   61  164  124.51255  116.46560  6.46%   301 3542s
 99051 71161     cutoff   45       124.51255  116.47077  6.46%   302 3583s
 101779 71654  117.24172   35  305  124.51255  116.47584  6.45%   301 3622s
 102571 73375  116.47865   66  396  124.51255  116.47865  6.45%   302 3659s
 105143 73948  117.96068   67  206  124.51255  116.48756  6.45%   301 3700s
 106017 75875  118.61689   80  271  124.51255  116.49018  6.44%   302 3741s
 108954 76238  117.49239   51  294  124.51255  116.49783  6.44%   301 3773s
 109484 77754 infeasible   45       124.51255  116.50013  6.44%   302 3805s
 111644 78341  117.43510   59  211  124.51255  116.50594  6.43%   301 3836s
 112448 79873  116.94947   70  189  124.51255  116.50864  6.43%   302 3874s
 114619 80445  116.56736   50  355  124.51255  116.51446  6.42%   302 3905s
 115392 82154  117.28593   54  300  124.51255  116.51780  6.42%   302 3940s
 117870 82655  116.99450   62  225  124.51255  116.52423  6.42%   302 3978s
 118654 84279  117.76964   71  295  124.51255  116.52821  6.41%   303 4016s
 120942 84821  116.72848   57  237  124.51255  116.53409  6.41%   303 4048s
 121739 86498  117.44578   73  201  124.51255  116.53732  6.41%   303 4085s
 124228 87040  117.85821   70  233  124.51255  116.54342  6.40%   303 4121s
 124998 88531  117.07999   40  247  124.51255  116.54596  6.40%   303 4158s
 127169 89195  116.57817   44  392  124.51255  116.55228  6.39%   303 4199s
 128109 92864  116.55515   60  247  124.51255  116.55515  6.39%   304 4278s
 133382 93449  117.64736   68  249  124.51255  116.56095  6.39%   303 4316s
 134230 94963  118.09432   53  277  124.51255  116.56856  6.38%   304 4364s
 136467 95480  118.43176   56  335  124.51255  116.57443  6.38%   304 4400s
 137306 96582 infeasible   73       124.51255  116.57841  6.37%   304 4440s
 138980 97138  116.83245   51  363  124.51255  116.57984  6.37%   305 4477s
 139847 99121  117.43868   62  315  124.51255  116.58599  6.37%   306 4522s
 142699 99761  118.64394   66  236  124.51255  116.59161  6.36%   306 4567s
 143625 101807  118.18523   60  241  124.51255  116.59406  6.36%   306 4608s
 146469 102363  117.23698   60  303  124.51255  116.60019  6.35%   306 4648s
 147292 104144  120.18304   42  265  124.51255  116.60415  6.35%   307 4691s
 149853 104886  116.62058   86  211  124.51255  116.60891  6.35%   307 4736s
 150960 108219  117.24835   63  211  124.51255  116.61296  6.34%   307 4811s
 156146 108746  117.92456   54  272  124.51255  116.62349  6.34%   306 4849s
 156986 109430 infeasible   67       124.51255  116.62626  6.33%   307 4888s
 158062 110991     cutoff   89       124.51255  116.62958  6.33%   307 4925s
 160624 112355  117.06822   39  353  124.51255  116.63587  6.33%   307 4966s
 162689 112776  117.37870   50  233  124.51255  116.64241  6.32%   308 5001s
 163426 113443  116.79670   63  291  124.51255  116.64444  6.32%   308 5032s
 164603 114178  117.56757   60  369  124.51255  116.64875  6.32%   309 5070s
 165882 115924     cutoff   57       124.51255  116.65251  6.31%   310 5104s
 168128 115924 infeasible   78       124.51255  116.65434  6.31%   310 5105s
 168724 116744 infeasible   64       124.51255  116.65954  6.31%   310 5138s
 170123 117340  116.77244   36  466  124.51255  116.66501  6.30%   311 5179s
 171208 119413  117.69095   73  207  124.51255  116.66941  6.30%   311 5217s
 174345 119814  116.95536   68  344  124.51255  116.67530  6.29%   310 5242s
 175000 121004 infeasible   67       124.51255  116.67769  6.29%   311 5272s
 177095 121484  117.08984   62  200  124.51255  116.68232  6.29%   311 5300s
 177977 123081  120.10954   45  309  124.51255  116.68623  6.29%   311 5329s
 178880 123081  117.29032   42  249  124.51255  116.68712  6.28%   311 5330s
 180433 123595  116.96687   59  304  124.51255  116.69025  6.28%   311 5361s
 181375 125107  117.68973   70  349  124.51255  116.69526  6.28%   311 5392s
 183945 125435     cutoff   44       124.51255  116.70002  6.27%   311 5429s
 184499 127145     cutoff   81       124.51255  116.70277  6.27%   312 5465s
 187194 127675 infeasible   61       124.51255  116.70973  6.27%   311 5502s
 188081 129138  116.71161   58  305  124.51255  116.71161  6.27%   312 5539s
 190425 129559 infeasible   52       124.51255  116.71838  6.26%   312 5580s
H190586 129559                     124.5125512  116.71868  6.26%   312 5580s
 191181 131017  117.50247   38  289  124.51255  116.71955  6.26%   312 5621s
 193314 131664  117.67419   60  277  124.51255  116.72367  6.26%   312 5664s
 194461 134786  120.14962   52  230  124.51255  116.72827  6.25%   313 5735s
 199261 135348  116.83562   65  403  124.51255  116.73646  6.25%   313 5779s
 200216 137004  118.25645   73  240  124.51255  116.74230  6.24%   313 5817s
 202941 137589  117.62638   64  206  124.51255  116.74971  6.23%   312 5852s
 203945 139252     cutoff   60       124.51255  116.75200  6.23%   313 5888s
 206570 139614  119.26607   39  256  124.51255  116.75682  6.23%   313 5933s
 207280 140240 infeasible   66       124.51255  116.75975  6.23%   313 5974s
 208407 141904  118.59537   65  289  124.51255  116.76373  6.22%   314 6018s
 210950 142327  116.87631   69  303  124.51255  116.76783  6.22%   314 6058s
 211659 143807 infeasible   66       124.51255  116.77151  6.22%   314 6095s
 214171 144389  119.38412   52  246  124.51255  116.77724  6.21%   314 6133s
 215209 147376  117.98285   84  252  124.51255  116.78164  6.21%   315 6197s
 220093 147791  117.42492   66  279  124.51255  116.78920  6.20%   315 6228s
 220842 148269  116.83842   65  297  124.51255  116.79612  6.20%   316 6265s
 221771 149088     cutoff   71       124.51255  116.80162  6.19%   317 6306s
 223149 150817 infeasible   80       124.51255  116.80635  6.19%   318 6347s
 225992 151530  116.88414   47  278  124.51255  116.81422  6.18%   318 6385s
 227235 152991     cutoff   69       124.51255  116.81913  6.18%   319 6429s
 229742 154152  117.43785   84  241  124.51255  116.82427  6.17%   320 6465s
 231821 154877     cutoff   66       124.51255  116.83405  6.17%   320 6507s
 233280 156412  117.06159  106  297  124.51255  116.83870  6.16%   321 6547s
 235977 156770     cutoff   55       124.51255  116.84591  6.16%   321 6589s
 236879 158635     cutoff   84       124.51255  116.84981  6.15%   322 6666s
 240275 159434  118.90976   57  222  124.51255  116.86176  6.14%   323 6723s
 241956 161105  116.94807   36  452  124.51255  116.86744  6.14%   324 6778s
 245434 161805 infeasible   42       124.51255  116.87987  6.13%   324 6830s
 246700 163461  117.85150   70  266  124.51255  116.88385  6.13%   325 6882s
 249391 164233  117.68083   29  288  124.51255  116.89111  6.12%   326 6928s
 250791 165721  118.12259   67  339  124.51255  116.89410  6.12%   327 6974s
 253445 166430 infeasible   53       124.51255  116.90015  6.11%   327 7015s
 254852 168151     cutoff   73       124.51255  116.90846  6.11%   328 7061s
 257776 168578  117.46358   61  269  124.51255  116.91533  6.10%   328 7100s
 258744 171384  117.31533   46  317  124.51255  116.91940  6.10%   329 7178s
 263789 171613  118.96469   75  337  124.51255  116.93017  6.09%   330 7200s

Cutting planes:
  Learned: 2
  Gomory: 229
  Lift-and-project: 19
  Cover: 1267
  Implied bound: 1324
  Clique: 4
  MIR: 1912
  StrongCG: 2
  Flow cover: 3291
  GUB cover: 1
  Inf proof: 137
  Zero half: 18
  Network: 2
  RLT: 136
  Relax-and-lift: 239

Explored 264387 nodes (87349966 simplex iterations) in 7200.19 seconds (5428.03 work units)
Thread count was 32 (of 32 available processors)

Solution count 10: 124.513 124.513 124.513 ... 124.669

Time limit reached
Best objective 1.245125511607e+02, best bound 1.169322006116e+02, gap 6.0880%
