
Gurobi 9.5.2 (linux64) logging started Wed Aug 12 23:49:26 2026

Set parameter LogFile to value "/mnt/beegfs/users/celinep/ChargeAndBreak/logs/oracle_RmediumCmanyTnone_17__kwh300_gurobi.log"
Gurobi Optimizer version 9.5.2 build v9.5.2rc0 (linux64)
Thread count: 16 physical cores, 32 logical processors, using up to 32 threads
Optimize a model with 3891 rows, 2049 columns and 35110 nonzeros
Model fingerprint: 0x3ae69505
Variable types: 1292 continuous, 757 integer (757 binary)
Coefficient statistics:
  Matrix range     [5e-02, 8e+02]
  Objective range  [5e-01, 1e+00]
  Bounds range     [1e+00, 3e+01]
  RHS range        [7e-02, 2e+07]

User MIP start produced solution with objective 59.9087 (0.01s)
Loaded user MIP start with objective 59.9087

Presolve removed 1450 rows and 514 columns
Presolve time: 0.29s
Presolved: 2441 rows, 1535 columns, 19182 nonzeros
Variable types: 925 continuous, 610 integer (610 binary)
Root relaxation presolve removed 33 rows and 32 columns
Root relaxation presolved: 2408 rows, 1503 columns, 18871 nonzeros


Root relaxation: objective 4.877839e+01, 1434 iterations, 0.11 seconds (0.08 work units)

    Nodes    |    Current Node    |     Objective Bounds      |     Work
 Expl Unexpl |  Obj  Depth IntInf | Incumbent    BestBd   Gap | It/Node Time

     0     0   48.77839    0   61   59.90873   48.77839  18.6%     -    0s
     0     0   50.64412    0   79   59.90873   50.64412  15.5%     -    1s
     0     0   50.76578    0  106   59.90873   50.76578  15.3%     -    1s
     0     0   50.77153    0  100   59.90873   50.77153  15.3%     -    1s
     0     0   50.77404    0  100   59.90873   50.77404  15.2%     -    1s
     0     0   50.77410    0   99   59.90873   50.77410  15.2%     -    1s
     0     0   51.30281    0   74   59.90873   51.30281  14.4%     -    1s
     0     0   51.38579    0   81   59.90873   51.38579  14.2%     -    1s
     0     0   51.39216    0   87   59.90873   51.39216  14.2%     -    1s
     0     0   51.39251    0   90   59.90873   51.39251  14.2%     -    1s
     0     0   53.12982    0  119   59.90873   53.12982  11.3%     -    2s
     0     0   53.14655    0  100   59.90873   53.14655  11.3%     -    2s
     0     0   53.14655    0  102   59.90873   53.14655  11.3%     -    2s
     0     0   53.71392    0  118   59.90873   53.71392  10.3%     -    2s
     0     0   53.74031    0  127   59.90873   53.74031  10.3%     -    2s
     0     0   53.75184    0  128   59.90873   53.75184  10.3%     -    2s
     0     0   56.47922    0  142   59.90873   56.47922  5.72%     -    3s
     0     0   56.48192    0  109   59.90873   56.48192  5.72%     -    3s
     0     2   56.48192    0  106   59.90873   56.48192  5.72%     -    4s
    15    20   56.48192    4  143   59.90873   56.48192  5.72%   179    5s
H   32    34                      59.4858120   56.48192  5.05%   160    5s
H   35    32                      58.5238804   56.48192  3.49%   161    5s
H   52    34                      58.4368776   56.48192  3.35%   157    6s
H   53    34                      58.3895569   56.48192  3.27%   156    6s
H   75    54                      58.2869953   56.48192  3.10%   143    6s
H   76    54                      58.2664208   56.48192  3.06%   147    6s
   392    98   56.48192   29  136   58.26642   56.48192  3.06%  93.2   10s
  1152    72     cutoff   47        58.26642   56.48192  3.06%  66.0   15s

Cutting planes:
  Learned: 9
  Gomory: 48
  Lift-and-project: 25
  Cover: 53
  Implied bound: 157
  Clique: 21
  MIR: 616
  StrongCG: 6
  Flow cover: 915
  GUB cover: 3
  Inf proof: 2
  Zero half: 54
  RLT: 130
  Relax-and-lift: 60
  BQP: 4
  PSD: 12

Explored 1251 nodes (84359 simplex iterations) in 15.58 seconds (5.14 work units)
Thread count was 32 (of 32 available processors)

Solution count 7: 58.2664 58.287 58.3896 ... 59.9087

Optimal solution found (tolerance 5.00e-03)
Best objective 5.826642082283e+01, best bound 5.823956497828e+01, gap 0.0461%
