
Gurobi 9.5.2 (linux64) logging started Thu Aug 13 22:46:05 2026

Set parameter LogFile to value "/mnt/beegfs/users/celinep/ChargeAndBreak/logs/oracle_RlongCmanyTnone_17__kwh700_gurobi.log"
Gurobi Optimizer version 9.5.2 build v9.5.2rc0 (linux64)
Thread count: 16 physical cores, 32 logical processors, using up to 32 threads
Optimize a model with 10201 rows, 5367 columns and 202567 nonzeros
Model fingerprint: 0xcbcc429a
Variable types: 3382 continuous, 1985 integer (1985 binary)
Coefficient statistics:
  Matrix range     [2e-02, 2e+03]
  Objective range  [5e-01, 1e+00]
  Bounds range     [1e+00, 6e+01]
  RHS range        [6e-03, 2e+07]

User MIP start did not produce a new incumbent solution

Presolve removed 3165 rows and 992 columns
Presolve time: 3.00s
Presolved: 7036 rows, 4375 columns, 182974 nonzeros
Variable types: 2613 continuous, 1762 integer (1762 binary)
Root relaxation presolve removed 189 rows and 124 columns
Root relaxation presolved: 6847 rows, 4251 columns, 142611 nonzeros


Root simplex log...

Iteration    Objective       Primal Inf.    Dual Inf.      Time
    2588    6.4336000e+01   1.489301e+05   0.000000e+00      5s
    5959    1.2621067e+02   0.000000e+00   0.000000e+00      6s
    5959    1.2621067e+02   0.000000e+00   0.000000e+00      6s

Root relaxation: objective 1.262107e+02, 5959 iterations, 2.29 seconds (1.72 work units)
Another try with MIP start

    Nodes    |    Current Node    |     Objective Bounds      |     Work
 Expl Unexpl |  Obj  Depth IntInf | Incumbent    BestBd   Gap | It/Node Time

H    0     0                     140.7622009  126.21067  10.3%     -   11s
     0     0  126.21067    0  375  140.76220  126.21067  10.3%     -   11s
     0     0  127.60092    0  308  140.76220  127.60092  9.35%     -   14s
     0     0  127.60960    0  337  140.76220  127.60960  9.34%     -   14s
     0     0  127.61030    0  378  140.76220  127.61030  9.34%     -   14s
     0     0  127.61088    0  364  140.76220  127.61088  9.34%     -   14s
     0     0  127.61093    0  354  140.76220  127.61093  9.34%     -   14s
     0     0  127.85662    0  408  140.76220  127.85662  9.17%     -   16s
     0     0  127.88341    0  491  140.76220  127.88341  9.15%     -   17s
     0     0  127.88652    0  535  140.76220  127.88652  9.15%     -   17s
     0     0  127.88664    0  526  140.76220  127.88664  9.15%     -   17s
     0     0  128.01052    0  437  140.76220  128.01052  9.06%     -   19s
     0     0  128.03326    0  481  140.76220  128.03326  9.04%     -   19s
     0     0  128.03488    0  486  140.76220  128.03488  9.04%     -   19s
     0     0  128.03537    0  456  140.76220  128.03537  9.04%     -   20s
     0     0  128.03538    0  476  140.76220  128.03538  9.04%     -   20s
     0     0  128.13552    0  359  140.76220  128.13552  8.97%     -   22s
     0     0  128.15426    0  437  140.76220  128.15426  8.96%     -   22s
     0     0  128.15561    0  421  140.76220  128.15561  8.96%     -   22s
     0     0  128.15627    0  420  140.76220  128.15627  8.96%     -   22s
     0     0  128.15638    0  416  140.76220  128.15638  8.96%     -   22s
     0     0  128.19955    0  396  140.76220  128.19955  8.92%     -   24s
     0     0  128.20520    0  417  140.76220  128.20520  8.92%     -   25s
     0     0  128.20541    0  408  140.76220  128.20541  8.92%     -   25s
     0     0  128.28814    0  386  140.76220  128.28814  8.86%     -   27s
     0     0  128.30566    0  320  140.76220  128.30566  8.85%     -   28s
     0     0  128.30735    0  383  140.76220  128.30735  8.85%     -   28s
     0     0  128.30858    0  389  140.76220  128.30858  8.85%     -   28s
     0     0  128.30890    0  391  140.76220  128.30890  8.85%     -   28s
     0     0  128.35647    0  393  140.76220  128.35647  8.81%     -   31s
     0     0  128.36372    0  399  140.76220  128.36372  8.81%     -   32s
     0     0  128.36610    0  372  140.76220  128.36610  8.81%     -   32s
     0     0  128.36677    0  385  140.76220  128.36677  8.81%     -   32s
     0     0  128.36716    0  377  140.76220  128.36716  8.81%     -   32s
     0     0  128.38417    0  396  140.76220  128.38417  8.79%     -   35s
     0     0  128.38692    0  386  140.76220  128.38692  8.79%     -   35s
     0     0  128.38724    0  399  140.76220  128.38724  8.79%     -   36s
     0     0  128.40353    0  400  140.76220  128.40353  8.78%     -   37s
     0     0  128.40846    0  404  140.76220  128.40846  8.78%     -   38s
     0     0  128.40858    0  415  140.76220  128.40858  8.78%     -   38s
     0     0  128.41672    0  437  140.76220  128.41672  8.77%     -   40s
     0     0  128.41884    0  407  140.76220  128.41884  8.77%     -   41s
     0     0  128.41918    0  466  140.76220  128.41918  8.77%     -   41s
     0     0  128.42206    0  451  140.76220  128.42206  8.77%     -   43s
     0     0  128.42248    0  465  140.76220  128.42248  8.77%     -   44s
     0     0  128.42435    0  486  140.76220  128.42435  8.77%     -   46s
     0     0  128.42435    0  485  140.76220  128.42435  8.77%     -   47s
H    0     0                     140.6667187  128.42435  8.70%     -   47s
     0     2  128.42435    0  485  140.66672  128.42435  8.70%     -   48s
     3     8  128.42551    2  502  140.66672  128.42436  8.70%   321   50s
    47    64  128.43492    6  431  140.66672  128.42751  8.70%   440   55s
H   79    96                     140.4255345  128.42755  8.54%   427   60s
H   84    96                     140.3520000  128.42755  8.50%   416   60s
H   89    96                     140.3333853  128.42755  8.48%   404   60s
H   94    96                     140.2588679  128.42755  8.44%   422   60s
   131   148  128.42784   11  460  140.25887  128.42784  8.44%   435   66s
H  135   148                     140.2434670  128.42788  8.43%   427   66s
   228   538  128.43608   13  522  140.24347  128.42823  8.42%   337   71s
H  244   538                     140.2349302  128.42823  8.42%   323   71s
   653   726  128.42906   26  520  140.23493  128.42906  8.42%   242   77s
   725   850  128.42955   27  529  140.23493  128.42955  8.42%   255   81s
   849  1044  133.56838   28  477  140.23493  128.43012  8.42%   255   86s
  1043  1484  128.43116   29  498  140.23493  128.43116  8.42%   259   91s
H 1061  1484                     140.1869112  128.43120  8.39%   257   91s
  1483  1590  128.66316   30  466  140.18691  128.43144  8.39%   222   97s
H 1506  1590                     140.1684744  128.43175  8.37%   226   97s
H 1508  1590                     140.1120665  128.43181  8.34%   226   97s
  1589  2260  128.43353   24  443  140.11207  128.43344  8.34%   231  103s
  2260  2261  130.09945   22  485  140.11207  128.43355  8.34%   194  113s
  2262  2262  129.70936   33  370  140.11207  128.43355  8.34%   194  119s
  2263  2263  128.48966   49  397  140.11207  128.43355  8.34%   194  122s
  2265  2264  128.46181   27  293  140.11207  128.43355  8.34%   194  132s
  2266  2265  128.48693   53  464  140.11207  128.44995  8.32%   194  136s
  2267  2266  128.49072   28  297  140.11207  128.47053  8.31%   194  142s
  2268  2266  128.47754   22  446  140.11207  128.47754  8.30%   194  146s
  2269  2267  128.48257   38  311  140.11207  128.48257  8.30%   194  154s
  2270  2268  128.48802   33  408  140.11207  128.48802  8.30%   194  157s
  2271  2268  128.59104   39  451  140.11207  128.52137  8.27%   193  166s
  2272  2269  128.61814   30  462  140.11207  128.54208  8.26%   193  170s
  2273  2270  128.55323   19  381  140.11207  128.55323  8.25%   193  176s
  2274  2270  129.14535   27  470  140.11207  128.56184  8.24%   193  180s
  2275  2271  133.83156    7  325  140.11207  128.56852  8.24%   193  189s
  2276  2272  128.78285   14  389  140.11207  128.57655  8.23%   193  192s
  2277  2272  128.57792   15  295  140.11207  128.57792  8.23%   193  199s
  2278  2273  128.57916   19  394  140.11207  128.57916  8.23%   193  203s
  2279  2274  135.88126   25  308  140.11207  128.58017  8.23%   193  209s
  2280  2274  128.83296   43  410  140.11207  128.58257  8.23%   193  212s
H 2280  2159                     140.0699557  128.58257  8.20%   193  216s
  2281  2160  129.54297   42  239  140.06996  128.58450  8.20%   193  220s
  2283  2161  128.58834   15  382  140.06996  128.58834  8.20%   192  229s
  2284  2162  128.58850   30  425  140.06996  128.58850  8.20%   192  233s
  2285  2163  129.60306   53  312  140.06996  128.59542  8.19%   192  240s
  2287  2164  133.68027   27  323  140.06996  128.60126  8.19%   192  251s
  2288  2165  128.62074   34  327  140.06996  128.60183  8.19%   192  255s
  2289  2165  129.73060   30  254  140.06996  128.60558  8.18%   192  264s
  2290  2166  128.60791   45  345  140.06996  128.60791  8.18%   192  266s
  2291  2167  128.60912   19  259  140.06996  128.60912  8.18%   192  271s
  2292  2167  129.45705   80  357  140.06996  128.61035  8.18%   192  275s
  2293  2168  128.61510   43  273  140.06996  128.61510  8.18%   192  284s
  2294  2169  128.61639   17  354  140.06996  128.61639  8.18%   191  288s
  2295  2169  128.61932   24  331  140.06996  128.61932  8.17%   191  292s
  2296  2170  128.85291   24  404  140.06996  128.62363  8.17%   191  295s
  2297  2171  128.62567   16  467  140.06996  128.62567  8.17%   191  303s
  2298  2171  130.13021   49  509  140.06996  128.62663  8.17%   191  306s
H 2298  2062                     129.3175351  128.62663  0.53%   191  311s
  2299  2063  129.18583   58  340  129.31754  128.62686  0.53%   191  315s
  2300  2064  128.62922   24  443  129.31754  128.62922  0.53%   191  320s
  2301  2064  129.31754   44  417  129.31754  128.63167  0.53%   191  326s
  2303  2066  128.65475   68  470  129.31754  128.64051  0.52%   191  330s
  2306  2068  128.64383   43  526  129.31754  128.64383  0.52%   190  335s
  2309  2070  128.64873   39  481  129.31754  128.64873  0.52%   190  341s
  2311  2071  128.65115   41  479  129.31754  128.65115  0.52%   190  345s
  2315  2074  128.65390   22  509  129.31754  128.65390  0.51%   190  351s
  2318  2076  128.65498   36  518  129.31754  128.65498  0.51%   190  355s
  2323  2079  129.31754    6  520  129.31754  128.65564  0.51%   189  361s
  2328  2083  128.65564   13  318  129.31754  128.65564  0.51%   225  369s
  2329  2084  128.65564   25  302  129.31754  128.65564  0.51%   225  373s
  2330  2085  128.67889    9  421  129.31754  128.65564  0.51%   225  375s
  2331  2085  128.65564   35  349  129.31754  128.65564  0.51%   225  383s
  2332  2086  128.65564   15  460  129.31754  128.65564  0.51%   225  388s
  2333  2087  128.65587   26  435  129.31754  128.65587  0.51%   225  398s
  2334  2087  128.65769   41  513  129.31754  128.65769  0.51%   225  402s
  2335  2088  128.65858   43  387  129.31754  128.65858  0.51%   225  412s
  2336  2089  129.14599   25  436  129.31754  128.65887  0.51%   225  417s
  2337  2089  128.65938   33  376  129.31754  128.65938  0.51%   225  426s
  2338  2090  128.66022   66  472  129.31754  128.66022  0.51%   224  431s
  2339  2091  128.83590   38  522  129.31754  128.66128  0.51%   224  442s
  2340  2091  128.66136   30  545  129.31754  128.66136  0.51%   224  448s
  2341  2092  128.66216   45  506  129.31754  128.66216  0.51%   224  453s
  2342  2093  128.66224   35  574  129.31754  128.66224  0.51%   224  455s
  2345  2095  129.16096   76  474  129.31754  128.66337  0.51%   224  462s
  2348  2097  128.66362   27  532  129.31754  128.66362  0.51%   224  465s
  2351  2099  129.18860   61  458  129.31754  128.66383  0.51%   223  471s
  2353  2100  129.31754   28  454  129.31754  128.66385  0.51%   223  475s
  2355  2101  129.31754   21  490  129.31754  128.66385  0.51%   223  482s

Cutting planes:
  Gomory: 42
  Lift-and-project: 11
  Cover: 9
  Implied bound: 14
  MIR: 246
  StrongCG: 3
  Flow cover: 493
  Zero half: 23
  Network: 1
  RLT: 15
  Relax-and-lift: 15

Explored 2356 nodes (588314 simplex iterations) in 487.00 seconds (210.21 work units)
Thread count was 32 (of 32 available processors)

Solution count 10: 129.318 140.07 140.112 ... 140.352

Optimal solution found (tolerance 5.00e-03)
Best objective 1.293175350633e+02, best bound 1.286720952241e+02, gap 0.4991%
