
Gurobi 9.5.2 (linux64) logging started Thu Aug 13 10:47:53 2026

Set parameter LogFile to value "/mnt/beegfs/users/celinep/ChargeAndBreak/logs/oracle_RlongCmanyTtight_15__kwh900_gurobi.log"
Gurobi Optimizer version 9.5.2 build v9.5.2rc0 (linux64)
Thread count: 16 physical cores, 32 logical processors, using up to 32 threads
Optimize a model with 9381 rows, 4936 columns and 170979 nonzeros
Model fingerprint: 0xc8599947
Variable types: 3110 continuous, 1826 integer (1826 binary)
Coefficient statistics:
  Matrix range     [2e-02, 2e+03]
  Objective range  [5e-01, 1e+00]
  Bounds range     [1e+00, 6e+01]
  RHS range        [6e-03, 9e+02]

User MIP start did not produce a new incumbent solution

Presolve removed 2913 rows and 910 columns
Presolve time: 3.26s
Presolved: 6468 rows, 4026 columns, 153582 nonzeros
Variable types: 2404 continuous, 1622 integer (1622 binary)
Root relaxation presolve removed 178 rows and 116 columns
Root relaxation presolved: 6290 rows, 3910 columns, 118652 nonzeros


Root simplex log...

Iteration    Objective       Primal Inf.    Dual Inf.      Time
    1786    6.6815816e+01   3.389647e+03   0.000000e+00      5s
    4741    1.0953202e+02   0.000000e+00   0.000000e+00      6s
    4741    1.0953202e+02   0.000000e+00   0.000000e+00      7s

Root relaxation: objective 1.095320e+02, 4741 iterations, 2.40 seconds (0.94 work units)
Another try with MIP start

    Nodes    |    Current Node    |     Objective Bounds      |     Work
 Expl Unexpl |  Obj  Depth IntInf | Incumbent    BestBd   Gap | It/Node Time

     0     0  109.53202    0   50          -  109.53202      -     -    7s
     0     0  109.69963    0  137          -  109.69963      -     -    9s
     0     0  109.70114    0  138          -  109.70114      -     -    9s
     0     0  109.84359    0  100          -  109.84359      -     -   12s
     0     0  109.84819    0  121          -  109.84819      -     -   12s
     0     0  109.94981    0  170          -  109.94981      -     -   14s
     0     0  109.95061    0  136          -  109.95061      -     -   14s
     0     0  109.99837    0  270          -  109.99837      -     -   17s
     0     0  109.99929    0  246          -  109.99929      -     -   17s
     0     0  110.00216    0  258          -  110.00216      -     -   19s
     0     0  110.00266    0  288          -  110.00266      -     -   19s
     0     0  110.00838    0  360          -  110.00838      -     -   22s
     0     0  110.00984    0  370          -  110.00984      -     -   22s
     0     0  110.01860    0  308          -  110.01860      -     -   25s
H    0     0                     148.4894082  110.01860  25.9%     -   25s
     0     0  110.01922    0  210  148.48941  110.01922  25.9%     -   25s
     0     0  110.02468    0  329  148.48941  110.02468  25.9%     -   27s
     0     0  110.02473    0  336  148.48941  110.02473  25.9%     -   28s
     0     0  110.02901    0  335  148.48941  110.02901  25.9%     -   30s
H    0     0                     137.3234643  110.02901  19.9%     -   30s
     0     0  110.02949    0  380  137.32346  110.02949  19.9%     -   30s
     0     0  110.03541    0  307  137.32346  110.03541  19.9%     -   32s
     0     0  110.03598    0  323  137.32346  110.03598  19.9%     -   32s
     0     0  110.03870    0  341  137.32346  110.03870  19.9%     -   34s
     0     0  110.03991    0  356  137.32346  110.03991  19.9%     -   34s
     0     0  110.04285    0  358  137.32346  110.04285  19.9%     -   36s
     0     0  110.04350    0  365  137.32346  110.04350  19.9%     -   36s
     0     0  110.04599    0  367  137.32346  110.04599  19.9%     -   38s
     0     0  110.04657    0  375  137.32346  110.04657  19.9%     -   38s
     0     0  110.04964    0  356  137.32346  110.04964  19.9%     -   40s
     0     0  110.05085    0  307  137.32346  110.05085  19.9%     -   40s
     0     0  110.05107    0  348  137.32346  110.05107  19.9%     -   41s
     0     0  110.05112    0  354  137.32346  110.05112  19.9%     -   41s
     0     0  110.05249    0  364  137.32346  110.05249  19.9%     -   42s
     0     0  110.05270    0  350  137.32346  110.05270  19.9%     -   43s
     0     0  110.05270    0  352  137.32346  110.05270  19.9%     -   43s
     0     0  110.05565    0  349  137.32346  110.05565  19.9%     -   45s
     0     0  110.05617    0  356  137.32346  110.05617  19.9%     -   45s
     0     0  110.05737    0  355  137.32346  110.05737  19.9%     -   46s
     0     0  110.05751    0  364  137.32346  110.05751  19.9%     -   46s
     0     0  110.05756    0  384  137.32346  110.05756  19.9%     -   46s
     0     0  110.06163    0  403  137.32346  110.06163  19.9%     -   49s
     0     0  110.06302    0  394  137.32346  110.06302  19.9%     -   50s
     0     0  110.06367    0  399  137.32346  110.06367  19.9%     -   50s
     0     0  110.06374    0  400  137.32346  110.06374  19.9%     -   50s
     0     0  110.06698    0  430  137.32346  110.06698  19.8%     -   52s
     0     0  110.06751    0  432  137.32346  110.06751  19.8%     -   53s
     0     0  110.06766    0  444  137.32346  110.06766  19.8%     -   53s
     0     0  110.06768    0  436  137.32346  110.06768  19.8%     -   53s
     0     0  110.07009    0  407  137.32346  110.07009  19.8%     -   56s
     0     0  110.07087    0  414  137.32346  110.07087  19.8%     -   56s
     0     0  110.07167    0  413  137.32346  110.07167  19.8%     -   57s
     0     0  110.07174    0  414  137.32346  110.07174  19.8%     -   57s
     0     0  110.07358    0  368  137.32346  110.07358  19.8%     -   59s
     0     0  110.07455    0  351  137.32346  110.07455  19.8%     -   60s
     0     0  110.07478    0  389  137.32346  110.07478  19.8%     -   61s
     0     0  110.07481    0  388  137.32346  110.07481  19.8%     -   61s
     0     0  110.07714    0  373  137.32346  110.07714  19.8%     -   63s
     0     0  110.07756    0  409  137.32346  110.07756  19.8%     -   64s
     0     0  110.07767    0  399  137.32346  110.07767  19.8%     -   64s
     0     0  110.08040    0  402  137.32346  110.08040  19.8%     -   67s
     0     0  110.08127    0  402  137.32346  110.08127  19.8%     -   68s
     0     0  110.08131    0  415  137.32346  110.08131  19.8%     -   68s
     0     0  110.08411    0  385  137.32346  110.08411  19.8%     -   70s
     0     0  110.08583    0  389  137.32346  110.08583  19.8%     -   71s
     0     0  110.08611    0  412  137.32346  110.08611  19.8%     -   71s
     0     0  110.08617    0  401  137.32346  110.08617  19.8%     -   72s
     0     0  110.08944    0  372  137.32346  110.08944  19.8%     -   74s
     0     0  110.08999    0  403  137.32346  110.08999  19.8%     -   75s
     0     0  110.09004    0  407  137.32346  110.09004  19.8%     -   75s
     0     0  110.09212    0  324  137.32346  110.09212  19.8%     -   78s
     0     0  110.09272    0  368  137.32346  110.09272  19.8%     -   78s
     0     0  110.09281    0  366  137.32346  110.09281  19.8%     -   78s
     0     0  110.09429    0  368  137.32346  110.09429  19.8%     -   82s
     0     0  110.09447    0  376  137.32346  110.09447  19.8%     -   82s
     0     0  110.09461    0  410  137.32346  110.09461  19.8%     -   82s
     0     0  110.09470    0  386  137.32346  110.09470  19.8%     -   82s
     0     0  110.09601    0  374  137.32346  110.09601  19.8%     -   85s
     0     0  110.09672    0  367  137.32346  110.09672  19.8%     -   86s
     0     0  110.09683    0  406  137.32346  110.09683  19.8%     -   86s
     0     0  110.10492    0  352  137.32346  110.10492  19.8%     -   89s
     0     0  110.10674    0  375  137.32346  110.10674  19.8%     -   89s
     0     0  110.10684    0  358  137.32346  110.10684  19.8%     -   89s
     0     0  110.11150    0  413  137.32346  110.11150  19.8%     -   91s
     0     0  110.11223    0  417  137.32346  110.11223  19.8%     -   91s
     0     0  110.11226    0  425  137.32346  110.11226  19.8%     -   91s
H    0     0                     122.8536845  110.11226  10.4%     -   94s
     0     0  110.11634    0  383  122.85368  110.11634  10.4%     -   94s
     0     0  110.11805    0  363  122.85368  110.11805  10.4%     -   95s
     0     0  110.11811    0  387  122.85368  110.11811  10.4%     -   95s
     0     0  110.12084    0  415  122.85368  110.12084  10.4%     -   97s
H    0     0                     122.1171178  110.12084  9.82%     -   97s
     0     0  110.12255    0  371  122.11712  110.12255  9.82%     -   97s
     0     0  110.12341    0  370  122.11712  110.12341  9.82%     -   97s
     0     0  110.12353    0  379  122.11712  110.12353  9.82%     -   97s
     0     0  110.13245    0  398  122.11712  110.13245  9.81%     -   99s
     0     0  110.13523    0  452  122.11712  110.13523  9.81%     -   99s
     0     0  110.13671    0  459  122.11712  110.13671  9.81%     -   99s
     0     0  110.13687    0  468  122.11712  110.13687  9.81%     -  100s
     0     0  110.13694    0  474  122.11712  110.13694  9.81%     -  100s
     0     0  110.13866    0  451  122.11712  110.13866  9.81%     -  102s
     0     0  110.13898    0  470  122.11712  110.13898  9.81%     -  103s
     0     0  110.13904    0  467  122.11712  110.13904  9.81%     -  103s
     0     0  110.14223    0  449  122.11712  110.14223  9.81%     -  106s
     0     0  110.14340    0  450  122.11712  110.14340  9.81%     -  106s
     0     0  110.14353    0  457  122.11712  110.14353  9.81%     -  106s
     0     0  110.14934    0  379  122.11712  110.14934  9.80%     -  109s
     0     0  110.15014    0  424  122.11712  110.15014  9.80%     -  110s
     0     0  110.15063    0  442  122.11712  110.15063  9.80%     -  111s
     0     0  110.15069    0  432  122.11712  110.15069  9.80%     -  111s
H    0     0                     122.0626824  110.15069  9.76%     -  112s
     0     0  110.15840    0  375  122.06268  110.15840  9.75%     -  113s
     0     0  110.15955    0  411  122.06268  110.15955  9.75%     -  113s
     0     0  110.15971    0  395  122.06268  110.15971  9.75%     -  114s
     0     0  110.15973    0  420  122.06268  110.15973  9.75%     -  114s
H    0     0                     121.8608764  110.16547  9.60%     -  117s
     0     0  110.16547    0  407  121.86088  110.16547  9.60%     -  117s
     0     0  110.16733    0  424  121.86088  110.16733  9.60%     -  118s
     0     0  110.16748    0  429  121.86088  110.16748  9.60%     -  118s
H    0     0                     121.8608763  110.16748  9.60%     -  121s
     0     0  110.16891    0  235  121.86088  110.16891  9.59%     -  121s
     0     0  110.17014    0  293  121.86088  110.17014  9.59%     -  122s
     0     0  110.17020    0  323  121.86088  110.17020  9.59%     -  123s
     0     0  110.17231    0  393  121.86088  110.17231  9.59%     -  124s
     0     0  110.17251    0  409  121.86088  110.17251  9.59%     -  125s
     0     0  110.17275    0  375  121.86088  110.17275  9.59%     -  125s
     0     0  110.17291    0  365  121.86088  110.17291  9.59%     -  126s
     0     0  110.17400    0  445  121.86088  110.17400  9.59%     -  130s
     0     0  110.17400    0  427  121.86088  110.17400  9.59%     -  131s
H    0     0                     121.8175940  110.17400  9.56%     -  132s
     0     2  110.17400    0  425  121.81759  110.17400  9.56%     -  133s
     1     4  110.17412    1  414  121.81759  110.17412  9.56%   142  135s
    15    32  110.17694    4  456  121.81759  110.17651  9.56%   543  141s
    47    64  110.35549    6  310  121.81759  110.17862  9.55%   734  147s
    63    80  110.37584    7  298  121.81759  110.18047  9.55%   789  152s
H   79    96                     121.6516401  110.18183  9.43%   795  157s
H   80    96                     121.6502046  110.18184  9.43%   790  157s
H   82    96                     121.2276876  110.18228  9.11%   802  157s
    95   112  110.40528    9  320  121.22769  110.18228  9.11%   836  161s
   127   144  110.19063   11  448  121.22769  110.18615  9.11%   817  170s
H  136   144                     121.2149771  110.19063  9.09%   832  170s
   143   160  110.47595   12  376  121.21498  110.19063  9.09%   864  176s
   159   176  110.19291   13  432  121.21498  110.19122  9.09%   868  180s
   175   192  110.26903   14  308  121.21498  110.19291  9.09%   874  187s
   191   212  110.19362   15  386  121.21498  110.19362  9.09%   864  192s
   211   241  110.19579   16  448  121.21498  110.19404  9.09%   856  196s
   240   257  110.27048   17  296  121.21498  110.19603  9.09%   835  208s
   256   281  110.19654   19  446  121.21498  110.19652  9.09%   850  212s
   280   301  110.25033   20  333  121.21498  110.19696  9.09%   868  217s
   300   324  110.28039   22  353  121.21498  110.19716  9.09%   874  221s
   323   352  110.60846   23  347  121.21498  110.19731  9.09%   863  226s
   351   376  110.36818   24  363  121.21498  110.19731  9.09%   877  232s
   375   395  110.19732   27  421  121.21498  110.19732  9.09%   893  237s
   394   423  110.29890   29  362  121.21498  110.19837  9.09%   898  243s
   422   453  110.20082   30  419  121.21498  110.20082  9.09%   906  247s
   452   490  115.44402   31  373  121.21498  110.20136  9.09%   903  254s
   489   511  110.59938   34  397  121.21498  110.20228  9.09%   918  262s
   510   542  114.17643   40  368  121.21498  110.29475  9.01%   930  269s
   541   559  110.31240   39  300  121.21498  110.31216  8.99%   946  278s
   558   596  110.40071   40  287  121.21498  110.32091  8.99%   950  284s
   595   659  110.32289   45  425  121.21498  110.32289  8.99%   949  290s
   658   681  110.92620   46  427  121.21498  110.32514  8.98%   930  300s
   680   710  110.36597   38  343  121.21498  110.36553  8.95%   946  307s
   709   772  110.37469   39  326  121.21498  110.37469  8.94%   947  313s
   771   825  110.46889   40  295  121.21498  110.38145  8.94%   918  319s
   824   868  115.37194   41  303  121.21498  110.38544  8.93%   917  329s
   867   927  110.41010   43  396  121.21498  110.39250  8.93%   906  335s
   926   960  112.61420   49  333  121.21498  110.40248  8.92%   899  341s
   959  1038  111.53346   45  319  121.21498  110.41191  8.91%   925  347s
  1037  1109  112.13853   32  358  121.21498  110.41834  8.91%   898  353s
  1108  1199  110.63238   19  254  121.21498  110.41944  8.91%   885  360s
  1198  1242  110.49177   23  239  121.21498  110.42071  8.91%   863  372s
  1241  1360  110.42456   37  347  121.21498  110.42456  8.90%   862  380s
  1359  1436  110.50938   38  287  121.21498  110.42931  8.90%   827  400s
  1435  1520  111.28773   35  183  121.21498  110.44408  8.89%   819  408s
  1523  1652  111.65812   24  384  121.21498  110.44547  8.88%   815  416s
  1661  1776  110.60886   36  396  121.21498  110.44874  8.88%   787  424s
  1787  1889  110.61309   35  359  121.21498  110.45151  8.88%   768  435s
  1902  2016  112.34130   22  191  121.21498  110.45489  8.88%   757  447s
  2035  2049  111.97073   22  290  121.21498  110.45704  8.88%   746  463s
H 2060  2049                     121.2149771  110.46112  8.87%   750  463s
  2069  2050  110.56335   19  427  121.21498  110.46138  8.87%   754  496s
  2071  2051  110.58002   22   59  121.21498  110.46138  8.87%   754  504s
  2072  2052  112.13700   32  244  121.21498  110.46138  8.87%   753  509s
  2073  2053  112.64114   36  384  121.21498  110.46138  8.87%   753  511s
  2078  2056  112.42895   31  308  121.21498  110.46138  8.87%   751  515s
  2082  2059  112.30948   32  245  121.21498  110.46138  8.87%   750  528s
  2083  2059  111.97217   31  327  121.21498  110.46138  8.87%   749  531s
  2085  2061  111.37811    6  371  121.21498  110.46138  8.87%   749  539s
  2086  2061  110.69654   34  280  121.21498  110.46138  8.87%   748  553s
  2089  2063  110.61482   19  305  121.21498  110.46138  8.87%   747  560s
  2090  2064  113.05095   40  334  121.21498  110.50031  8.84%   747  572s
  2093  2066  112.52311   42  381  121.21498  110.51498  8.83%   746  579s
  2094  2067  110.58492   40  266  121.21498  110.53903  8.81%   745  586s
  2096  2068  111.56151   41  335  121.21498  110.54134  8.81%   745  590s
  2097  2069  110.60362   33  329  121.21498  110.55222  8.80%   744  600s
  2099  2070  111.63386   31  372  121.21498  110.55982  8.79%   744  605s
  2100  2071  115.15064   36  327  121.21498  110.57727  8.78%   743  616s
  2102  2072  112.14494   36  356  121.21498  110.58176  8.77%   743  621s
  2103  2073  111.20495   33  405  121.21498  110.59023  8.77%   742  634s
  2104  2073  110.62717    7  404  121.21498  110.59467  8.76%   742  635s
  2105  2074  113.55603   20  388  121.21498  110.59569  8.76%   741  640s
  2106  2075  113.11369   40  310  121.21498  110.60409  8.75%   741  652s
  2107  2075  112.33183   41  308  121.21498  110.60409  8.75%   741  657s
  2108  2076  112.33183   41  308  121.21498  110.60834  8.75%   740  661s
  2109  2080  110.63667   12  242  121.21498  110.61919  8.74%   756  690s
  2111  2083  111.74083   13  282  121.21498  110.71476  8.66%   757  722s
  2115  2087  110.80914   14  322  121.21498  110.80914  8.58%   757  737s
  2123  2092  110.82262   15  281  121.21498  110.80940  8.58%   758  743s
  2136  2101  111.90923   16  323  121.21498  110.82279  8.57%   762  750s
  2168  2114  110.85851   18  302  121.21498  110.83588  8.56%   768  758s
  2184  2124  110.86389   19  372  121.21498  110.84165  8.56%   769  768s
  2200  2138  110.86454   20  373  121.21498  110.86396  8.54%   778  789s
  2220  2155  110.86814   21  350  121.21498  110.86814  8.54%   782  795s
  2244  2166  111.03451   22  341  121.21498  110.86826  8.54%   790  801s
  2264  2181  111.11163   23  349  121.21498  110.87084  8.53%   794  807s
  2286  2204  110.99535   25  269  121.21498  110.88103  8.53%   799  810s
  2316  2215  110.96242   27  308  121.21498  110.88665  8.52%   803  815s
  2338  2234  112.64511   31  330  121.21498  110.89494  8.51%   810  820s
  2365  2240  110.89960   34  434  121.21498  110.89630  8.51%   811  830s
  2419  2276  110.89967   36  435  121.21498  110.89967  8.51%   820  841s
  2436  2315  110.89967   37  433  121.21498  110.89967  8.51%   826  846s
  2480  2333  110.95410   39  377  121.21498  110.89995  8.51%   828  851s
  2541  2350  111.00030   45  294  121.21498  110.92614  8.49%   835  855s
  2550  2380  111.02343   48  335  121.21498  110.93266  8.48%   835  866s
  2583  2401  110.93377   52  395  121.21498  110.93374  8.48%   841  870s
  2615  2425  111.73440   53  357  121.21498  110.93606  8.48%   851  886s
  2650  2457  111.04742   43  298  121.21498  110.95825  8.46%   858  892s
  2696  2490  110.95998   45  425  121.21498  110.95998  8.46%   862  899s
  2744  2522  111.28487   46  383  121.21498  110.96783  8.45%   867  912s
  2792  2549  111.72838   48  445  121.21498  110.96864  8.45%   874  923s
  2835  2557  111.76907   51  341  121.21498  110.98267  8.44%   879  935s
  2857  2593  110.98606   54  421  121.21498  110.98606  8.44%   886  948s
  2905  2636  114.13001   55  284  121.21498  110.98891  8.44%   890  957s
  2970  2707  110.99809   58  441  121.21498  110.99361  8.43%   890  972s
  3062  2799  112.58091   37  302  121.21498  110.99676  8.43%   892  992s
  3189  3165  113.10653   44  413  121.21498  110.99756  8.43%   882 1005s
  3619  3115  111.74050   38  274  121.21498  110.99973  8.43%   810 1018s
  3714  3537  111.00194   30  365  121.21498  111.00139  8.43%   808 1026s
  4181  3397  111.90376   33  312  121.21498  111.00194  8.43%   752 1041s
  4199  3468  111.22121   42  317  121.21498  111.00383  8.42%   759 1052s
  4280  3518  111.01925   79  416  121.21498  111.00501  8.42%   765 1071s
  4367  3635  113.15797   70  299  121.21498  111.00701  8.42%   768 1082s
  4516  3674  111.00855   56  307  121.21498  111.00855  8.42%   762 1100s
  4609  4074  111.39570   57  270  121.21498  111.01064  8.42%   766 1108s
  5059  4101  111.08848   74  347  121.21498  111.01320  8.42%   724 1127s
  5255  4467  113.15916   52  365  121.21498  111.01444  8.42%   715 1137s
  5727  4391  111.04958   82  348  121.21498  111.01853  8.41%   683 1161s
  5819  4755  117.59894   59  423  121.21498  111.02061  8.41%   685 1174s
  6250  4687  113.61622   50  407  121.21498  111.02229  8.41%   662 1198s
  6338  5135  112.77289   48  220  121.21498  111.02459  8.41%   665 1211s
H 6653  4925                     121.2149765  111.02634  8.41%   652 1211s
  6860  5244  111.50033   45  294  121.21498  111.02742  8.40%   638 1223s
  7309  5162  112.54048   54  287  121.21498  111.02848  8.40%   622 1241s
H 7353  5049                     121.2149765  111.02934  8.40%   624 1241s
  7377  5215  111.03595   85  347  121.21498  111.03046  8.40%   626 1260s
  7567  5665  113.27974   46  212  121.21498  111.03388  8.40%   623 1271s
H 7698  5613                     121.2149760  111.03398  8.40%   616 1271s
H 7952  5613                     121.2149759  111.03499  8.40%   609 1271s
  8149  6107  111.04044   33  315  121.21498  111.03556  8.40%   599 1282s
  8670  6185  111.70883   55  412  121.21498  111.03746  8.40%   587 1305s
  8752  6281  111.06892   44  274  121.21498  111.03943  8.39%   590 1324s
  8858  6295  111.55106   56  353  121.21498  111.04050  8.39%   593 1393s
H 8860  2153                     111.6198267  111.04052  0.52%   593 1393s
  8874  2219  111.04084   37  298  111.61983  111.04084  0.52%   595 1405s
  9087  2238     cutoff   38       111.61983  111.04241  0.52%   599 1418s
H 9088  1647                     111.4194427  111.04241  0.34%   599 1418s

Cutting planes:
  Learned: 1
  Gomory: 53
  Lift-and-project: 18
  Cover: 38
  Implied bound: 330
  Projected implied bound: 1
  MIR: 1112
  StrongCG: 7
  Flow cover: 2149
  GUB cover: 5
  Inf proof: 2
  Zero half: 45
  Network: 1
  RLT: 100
  Relax-and-lift: 142

Explored 9246 nodes (5609429 simplex iterations) in 1418.63 seconds (745.07 work units)
Thread count was 32 (of 32 available processors)

Solution count 10: 111.419 111.62 121.215 ... 121.65

Optimal solution found (tolerance 5.00e-03)
Best objective 1.114194426987e+02, best bound 1.110499297261e+02, gap 0.3316%
