
Gurobi 9.5.2 (linux64) logging started Thu Aug 13 22:07:43 2026

Set parameter LogFile to value "/mnt/beegfs/users/celinep/ChargeAndBreak/logs/oracle_RshortCfewTtight_4__cs30_gurobi.log"
Gurobi Optimizer version 9.5.2 build v9.5.2rc0 (linux64)
Thread count: 16 physical cores, 32 logical processors, using up to 32 threads
Optimize a model with 3504 rows, 1855 columns and 24923 nonzeros
Model fingerprint: 0xda54e7e8
Variable types: 1148 continuous, 707 integer (707 binary)
Coefficient statistics:
  Matrix range     [1e-02, 7e+02]
  Objective range  [5e-01, 1e+00]
  Bounds range     [1e+00, 2e+01]
  RHS range        [1e-02, 5e+02]

User MIP start produced solution with objective 37.334 (0.01s)
Loaded user MIP start with objective 37.334

Presolve removed 1259 rows and 454 columns
Presolve time: 0.19s
Presolved: 2245 rows, 1401 columns, 14043 nonzeros
Variable types: 866 continuous, 535 integer (533 binary)
Root relaxation presolve removed 83 rows and 71 columns
Root relaxation presolved: 2162 rows, 1330 columns, 12298 nonzeros


Root relaxation: objective 3.405019e+01, 2072 iterations, 0.22 seconds (0.11 work units)

    Nodes    |    Current Node    |     Objective Bounds      |     Work
 Expl Unexpl |  Obj  Depth IntInf | Incumbent    BestBd   Gap | It/Node Time

     0     0   34.05019    0  252   37.33403   34.05019  8.80%     -    0s
H    0     0                      37.2196784   34.05019  8.52%     -    1s
     0     0   34.77754    0  188   37.21968   34.77754  6.56%     -    1s
     0     0   35.05168    0  220   37.21968   35.05168  5.82%     -    1s
     0     0   35.05168    0  219   37.21968   35.05168  5.82%     -    1s
     0     0   35.26109    0  204   37.21968   35.26109  5.26%     -    2s
H    0     0                      36.4096100   35.26109  3.15%     -    2s
     0     0   35.28373    0  183   36.40961   35.28373  3.09%     -    2s
     0     0   35.28522    0  181   36.40961   35.28522  3.09%     -    2s
     0     0   35.28523    0  182   36.40961   35.28523  3.09%     -    2s
     0     0   35.65681    0  118   36.40961   35.65681  2.07%     -    2s
     0     0   35.66178    0  129   36.40961   35.66178  2.05%     -    2s
     0     0   35.66178    0  129   36.40961   35.66178  2.05%     -    2s
     0     0   35.77053    0  114   36.40961   35.77053  1.76%     -    3s
     0     0   35.77961    0  113   36.40961   35.77961  1.73%     -    3s
     0     0   35.78098    0  116   36.40961   35.78098  1.73%     -    3s
     0     0   35.78178    0  120   36.40961   35.78178  1.72%     -    3s
     0     0   35.78178    0  120   36.40961   35.78178  1.72%     -    3s
     0     0   35.82134    0   98   36.40961   35.82134  1.62%     -    3s
     0     0   35.82610    0  112   36.40961   35.82610  1.60%     -    3s
     0     0   35.82655    0  114   36.40961   35.82655  1.60%     -    3s
     0     0   35.84585    0   98   36.40961   35.84585  1.55%     -    4s
H    0     0                      36.3952220   35.84585  1.51%     -    4s
     0     0   35.86055    0   90   36.39522   35.86055  1.47%     -    4s
     0     0   35.86308    0  108   36.39522   35.86308  1.46%     -    4s
     0     0   35.86371    0  108   36.39522   35.86371  1.46%     -    4s
     0     0   35.86375    0  109   36.39522   35.86375  1.46%     -    4s
     0     0   35.89132    0  118   36.39522   35.89132  1.38%     -    5s
     0     0   35.89209    0  125   36.39522   35.89209  1.38%     -    5s
     0     0   35.89209    0  125   36.39522   35.89209  1.38%     -    5s
     0     0   35.90581    0  113   36.39522   35.90581  1.34%     -    5s
     0     0   35.90970    0  104   36.39522   35.90970  1.33%     -    5s
     0     0   35.91175    0  115   36.39522   35.91175  1.33%     -    5s
     0     0   35.91381    0  103   36.39522   35.91381  1.32%     -    5s
     0     0   35.91406    0  117   36.39522   35.91406  1.32%     -    5s
     0     0   35.92043    0  107   36.39522   35.92043  1.30%     -    6s
H    0     0                      36.2209811   35.92043  0.83%     -    6s
     0     0   35.92093    0  102   36.22098   35.92093  0.83%     -    6s
     0     0   35.92235    0  128   36.22098   35.92235  0.82%     -    6s
     0     0   35.92235    0   29   36.22098   35.92235  0.82%     -    7s
     0     0   35.92235    0   61   36.22098   35.92235  0.82%     -    7s
     0     0   35.92235    0   51   36.22098   35.92235  0.82%     -    7s
     0     0   35.92235    0   26   36.22098   35.92235  0.82%     -    7s
     0     0   35.92235    0   28   36.22098   35.92235  0.82%     -    8s
     0     0   35.92235    0   30   36.22098   35.92235  0.82%     -    8s
     0     0   35.92235    0   67   36.22098   35.92235  0.82%     -    8s
     0     0   35.92235    0   24   36.22098   35.92235  0.82%     -    9s
     0     0   35.92235    0   24   36.22098   35.92235  0.82%     -    9s
     0     2   35.92235    0   24   36.22098   35.92235  0.82%     -    9s
     1     5   35.92235    1   69   36.22098   35.92235  0.82%   653   10s
H    7     8                      36.1581879   35.92235  0.65%   411   10s
H   32    18                      36.1242318   35.96691  0.44%   175   11s

Cutting planes:
  Gomory: 43
  Lift-and-project: 24
  Cover: 8
  Implied bound: 24
  Projected implied bound: 5
  MIR: 305
  StrongCG: 2
  Flow cover: 328
  Flow path: 12
  GUB cover: 1
  RLT: 25
  Relax-and-lift: 6

Explored 46 nodes (18048 simplex iterations) in 11.35 seconds (3.95 work units)
Thread count was 32 (of 32 available processors)

Solution count 8: 36.1242 36.1582 36.221 ... 37.334

Optimal solution found (tolerance 5.00e-03)
Best objective 3.612423182412e+01, best bound 3.596690710075e+01, gap 0.4355%
