
Gurobi 9.5.2 (linux64) logging started Thu Aug 13 02:08:50 2026

Set parameter LogFile to value "/mnt/beegfs/users/celinep/ChargeAndBreak/logs/oracle_RlongCfewTtight_15__kw700_gurobi.log"
Gurobi Optimizer version 9.5.2 build v9.5.2rc0 (linux64)
Thread count: 16 physical cores, 32 logical processors, using up to 32 threads
Optimize a model with 9006 rows, 4739 columns and 158515 nonzeros
Model fingerprint: 0x760160a4
Variable types: 2989 continuous, 1750 integer (1750 binary)
Coefficient statistics:
  Matrix range     [2e-02, 2e+03]
  Objective range  [5e-01, 1e+00]
  Bounds range     [1e+00, 5e+01]
  RHS range        [2e-01, 5e+02]

User MIP start produced solution with objective 108.487 (0.16s)
Loaded user MIP start with objective 108.487

Presolve removed 2802 rows and 897 columns
Presolve time: 3.84s
Presolved: 6204 rows, 3842 columns, 142997 nonzeros
Variable types: 2293 continuous, 1549 integer (1549 binary)
Root relaxation presolve removed 166 rows and 106 columns
Root relaxation presolved: 6038 rows, 3736 columns, 110673 nonzeros


Root simplex log...

Iteration    Objective       Primal Inf.    Dual Inf.      Time
     466    5.4760958e+01   1.130991e+04   0.000000e+00      5s
    4830    9.9877260e+01   0.000000e+00   0.000000e+00      7s
    4830    9.9877260e+01   0.000000e+00   0.000000e+00      7s

Root relaxation: objective 9.987726e+01, 4830 iterations, 2.58 seconds (0.97 work units)

    Nodes    |    Current Node    |     Objective Bounds      |     Work
 Expl Unexpl |  Obj  Depth IntInf | Incumbent    BestBd   Gap | It/Node Time

     0     0   99.87726    0  518  108.48715   99.87726  7.94%     -    8s
H    0     0                     108.4574532   99.87726  7.91%     -    8s
     0     0  101.57970    0  445  108.45745  101.57970  6.34%     -   14s
     0     0  101.59708    0  418  108.45745  101.59708  6.33%     -   14s
     0     0  101.60074    0  415  108.45745  101.60074  6.32%     -   15s
     0     0  101.60110    0  446  108.45745  101.60110  6.32%     -   15s
     0     0  101.60111    0  440  108.45745  101.60111  6.32%     -   15s
     0     0  102.18502    0  431  108.45745  102.18502  5.78%     -   17s
     0     0  102.22186    0  407  108.45745  102.22186  5.75%     -   17s
     0     0  102.22902    0  417  108.45745  102.22902  5.74%     -   18s
     0     0  102.22902    0  417  108.45745  102.22902  5.74%     -   18s
     0     0  102.52190    0  494  108.45745  102.52190  5.47%     -   21s
     0     0  102.55171    0  534  108.45745  102.55171  5.45%     -   21s
     0     0  102.55323    0  525  108.45745  102.55323  5.44%     -   22s
     0     0  102.55360    0  513  108.45745  102.55360  5.44%     -   22s
     0     0  102.72226    0  502  108.45745  102.72226  5.29%     -   24s
     0     0  102.76611    0  477  108.45745  102.76611  5.25%     -   26s
     0     0  102.76937    0  552  108.45745  102.76937  5.24%     -   26s
     0     0  102.77122    0  551  108.45745  102.77122  5.24%     -   26s
     0     0  102.77151    0  552  108.45745  102.77151  5.24%     -   26s
     0     0  102.98940    0  489  108.45745  102.98940  5.04%     -   29s
     0     0  103.04050    0  529  108.45745  103.04050  4.99%     -   29s
     0     0  103.04735    0  565  108.45745  103.04735  4.99%     -   29s
     0     0  103.04880    0  557  108.45745  103.04880  4.99%     -   30s
     0     0  103.04920    0  558  108.45745  103.04920  4.99%     -   30s
     0     0  103.15705    0  493  108.45745  103.15705  4.89%     -   35s
     0     0  103.18423    0  543  108.45745  103.18423  4.86%     -   36s
     0     0  103.18906    0  552  108.45745  103.18906  4.86%     -   36s
     0     0  103.19033    0  557  108.45745  103.19033  4.86%     -   36s
     0     0  103.19060    0  561  108.45745  103.19060  4.86%     -   36s
     0     0  103.27906    0  572  108.45745  103.27906  4.77%     -   41s
     0     0  103.29676    0  575  108.45745  103.29676  4.76%     -   42s
     0     0  103.30172    0  577  108.45745  103.30172  4.75%     -   42s
     0     0  103.30379    0  584  108.45745  103.30379  4.75%     -   42s
     0     0  103.30425    0  569  108.45745  103.30425  4.75%     -   43s
     0     0  103.34747    0  515  108.45745  103.34747  4.71%     -   46s
     0     0  103.35692    0  574  108.45745  103.35692  4.70%     -   46s
     0     0  103.35846    0  573  108.45745  103.35846  4.70%     -   46s
     0     0  103.35868    0  573  108.45745  103.35868  4.70%     -   46s
     0     0  103.39320    0  511  108.45745  103.39320  4.67%     -   49s
     0     0  103.39900    0  527  108.45745  103.39900  4.66%     -   50s
     0     0  103.40001    0  534  108.45745  103.40001  4.66%     -   51s
     0     0  103.40035    0  546  108.45745  103.40035  4.66%     -   51s
     0     0  103.42320    0  543  108.45745  103.42320  4.64%     -   54s
     0     0  103.43207    0  526  108.45745  103.43207  4.63%     -   55s
     0     0  103.43235    0  564  108.45745  103.43235  4.63%     -   55s
     0     0  103.44825    0  550  108.45745  103.44825  4.62%     -   59s
     0     0  103.45274    0  574  108.45745  103.45274  4.61%     -   59s
     0     0  103.45400    0  574  108.45745  103.45400  4.61%     -   60s
     0     0  103.45410    0  550  108.45745  103.45410  4.61%     -   60s
     0     0  103.47169    0  555  108.45745  103.47169  4.60%     -   63s
     0     0  103.47420    0  547  108.45745  103.47420  4.59%     -   63s
     0     0  103.47439    0  564  108.45745  103.47439  4.59%     -   63s
     0     0  103.48858    0  553  108.45745  103.48858  4.58%     -   67s
     0     0  103.49149    0  543  108.45745  103.49149  4.58%     -   69s
     0     0  103.49201    0  572  108.45745  103.49201  4.58%     -   69s
     0     0  103.49851    0  560  108.45745  103.49851  4.57%     -   73s
     0     0  103.50168    0  575  108.45745  103.50168  4.57%     -   73s
     0     0  103.50195    0  588  108.45745  103.50195  4.57%     -   74s
     0     0  103.50824    0  565  108.45745  103.50824  4.56%     -   78s
     0     0  103.50824    0  551  108.45745  103.50824  4.56%     -   80s
     0     0  103.50824    0  404  108.45745  103.50824  4.56%     -   86s
     0     0  103.50824    0  471  108.45745  103.50824  4.56%     -   91s
     0     0  103.50824    0  407  108.45745  103.50824  4.56%     -   93s
     0     0  103.54060    0  467  108.45745  103.54060  4.53%     -   94s
     0     0  103.56221    0  469  108.45745  103.56221  4.51%     -   95s
     0     0  103.56658    0  454  108.45745  103.56658  4.51%     -   95s
     0     0  103.56707    0  481  108.45745  103.56707  4.51%     -   95s
     0     0  103.56738    0  488  108.45745  103.56738  4.51%     -   95s
     0     0  103.74374    0  426  108.45745  103.74374  4.35%     -   98s
     0     0  103.76039    0  433  108.45745  103.76039  4.33%     -   98s
     0     0  103.76127    0  431  108.45745  103.76127  4.33%     -   99s
     0     0  103.76169    0  471  108.45745  103.76169  4.33%     -   99s
     0     0  103.82458    0  507  108.45745  103.82458  4.27%     -  102s
     0     0  103.83195    0  493  108.45745  103.83195  4.26%     -  102s
     0     0  103.83325    0  500  108.45745  103.83325  4.26%     -  102s
     0     0  103.83352    0  499  108.45745  103.83352  4.26%     -  102s
H    0     0                     108.4347404  103.83352  4.24%     -  105s
     0     0  103.85153    0  510  108.43474  103.85153  4.23%     -  105s
     0     0  103.85599    0  526  108.43474  103.85599  4.22%     -  106s
     0     0  103.85633    0  509  108.43474  103.85633  4.22%     -  106s
H    0     0                     108.3809511  103.85633  4.17%     -  110s
     0     0  103.91149    0  486  108.38095  103.91149  4.12%     -  111s
     0     0  103.91601    0  495  108.38095  103.91601  4.12%     -  111s
     0     0  103.91671    0  499  108.38095  103.91671  4.12%     -  111s
     0     0  103.91680    0  506  108.38095  103.91680  4.12%     -  112s
     0     0  103.95108    0  465  108.38095  103.95108  4.09%     -  117s
     0     0  103.96530    0  465  108.38095  103.96530  4.07%     -  118s
     0     0  103.96582    0  484  108.38095  103.96582  4.07%     -  118s
     0     0  103.96655    0  511  108.38095  103.96655  4.07%     -  120s
     0     0  103.96658    0  508  108.38095  103.96658  4.07%     -  121s
     0     0  103.96683    0  523  108.38095  103.96683  4.07%     -  122s
     0     0  103.96683    0  519  108.38095  103.96683  4.07%     -  122s
     0     0  103.96732    0  512  108.38095  103.96732  4.07%     -  122s
     0     0  103.96732    0  477  108.38095  103.96732  4.07%     -  129s
H    0     0                     108.3660189  103.97477  4.05%     -  129s
     0     0  103.97477    0  381  108.36602  103.97477  4.05%     -  132s
     0     0  103.97477    0  439  108.36602  103.97477  4.05%     -  136s
     0     0  104.08520    0  406  108.36602  104.08520  3.95%     -  138s
     0     0  104.15629    0  457  108.36602  104.15629  3.88%     -  138s
     0     0  104.16863    0  449  108.36602  104.16863  3.87%     -  139s
     0     0  104.17093    0  464  108.36602  104.17093  3.87%     -  139s
     0     0  104.17101    0  478  108.36602  104.17101  3.87%     -  139s
     0     0  104.20503    0  470  108.36602  104.20503  3.84%     -  141s
     0     0  104.20639    0  482  108.36602  104.20639  3.84%     -  141s
     0     0  104.20657    0  489  108.36602  104.20657  3.84%     -  141s
     0     0  104.22241    0  492  108.36602  104.22241  3.82%     -  145s
     0     0  104.22546    0  497  108.36602  104.22546  3.82%     -  145s
     0     0  104.22555    0  499  108.36602  104.22555  3.82%     -  145s
     0     0  104.23386    0  498  108.36602  104.23386  3.81%     -  150s
     0     0  104.23515    0  497  108.36602  104.23515  3.81%     -  150s
     0     0  104.23589    0  503  108.36602  104.23589  3.81%     -  150s
     0     0  104.23604    0  512  108.36602  104.23604  3.81%     -  150s
     0     0  104.24890    0  491  108.36602  104.24890  3.80%     -  154s
     0     0  104.25196    0  485  108.36602  104.25196  3.80%     -  154s
     0     0  104.25235    0  505  108.36602  104.25235  3.80%     -  154s
H    0     0                     108.3257775  104.25235  3.76%     -  158s
     0     0  104.26236    0  462  108.32578  104.26236  3.75%     -  158s
     0     0  104.26441    0  464  108.32578  104.26441  3.75%     -  159s
     0     0  104.26480    0  451  108.32578  104.26480  3.75%     -  159s
H    0     0                     108.2495802  104.26480  3.68%     -  163s
H    0     0                     108.1481538  104.26480  3.59%     -  163s
     0     0  104.27468    0  475  108.14815  104.27468  3.58%     -  163s
     0     0  104.27723    0  485  108.14815  104.27723  3.58%     -  164s
     0     0  104.27772    0  501  108.14815  104.27772  3.58%     -  164s
H    0     0                     108.0401611  104.27772  3.48%     -  167s
H    0     0                     107.8980716  104.27772  3.36%     -  167s
     0     0  104.28048    0  481  107.89807  104.28048  3.35%     -  167s
H    0     0                     107.8709109  104.28048  3.33%     -  167s
     0     0  104.28088    0  481  107.87091  104.28088  3.33%     -  167s
     0     0  104.28379    0  472  107.87091  104.28379  3.33%     -  169s
     0     0  104.28498    0  472  107.87091  104.28498  3.32%     -  169s
     0     0  104.28559    0  471  107.87091  104.28559  3.32%     -  169s
     0     0  104.28580    0  471  107.87091  104.28580  3.32%     -  169s
     0     0  104.28737    0  478  107.87091  104.28737  3.32%     -  170s
     0     0  104.28744    0  463  107.87091  104.28744  3.32%     -  175s
     0     2  104.29374    0  463  107.87091  104.29374  3.32%     -  178s
     3     2  104.54261    2  454  107.87091  104.54261  3.09%   558  183s
     5     2 infeasible    3       107.87091  104.56648  3.06%   650  186s
    13    15  104.66263    6  445  107.87091  104.66263  2.97%   463  194s
    21    30  104.67002    7  472  107.87091  104.66282  2.97%   502  197s
    36    45  105.02775    8  462  107.87091  104.67062  2.97%   558  202s
    68    77  104.74582   10  453  107.87091  104.74139  2.90%   533  206s
   100   109  104.77187   12  436  107.87091  104.76234  2.88%   502  213s
   116   125  104.79069   13  459  107.87091  104.77375  2.87%   495  216s
H  132   141                     107.5968093  104.79007  2.61%   493  221s
H  133   141                     107.3701810  104.79038  2.40%   494  221s
H  140   141                     107.1267155  104.79509  2.18%   491  221s
H  143   141                     107.1239475  104.79509  2.17%   494  221s
   164   176  104.85297   16  461  107.12395  104.79917  2.17%   522  225s
H  183   192                     107.1217801  104.85299  2.12%   537  238s
H  183   192                     107.0204308  104.85299  2.03%   537  238s
H  184   192                     106.8266231  104.85324  1.85%   536  238s
H  185   192                     106.7519060  104.85655  1.78%   538  238s
H  195   192                     106.2623312  104.86442  1.32%   537  238s
   199   208  104.87308   15  467  106.26233  104.86548  1.31%   536  241s
   232   244  104.92701   18  435  106.26233  104.88508  1.30%   554  245s
   286   312  104.95666   16  450  106.26233  104.90380  1.28%   558  251s
   340   371  105.14801   14  418  106.26233  104.91671  1.27%   573  256s
   457   489  104.93677   11  426  106.26233  104.93316  1.25%   554  262s
   496   505  104.95040   19  403  106.26233  104.93737  1.25%   554  266s
H  497   505                     106.0966292  104.93737  1.09%   553  266s
H  509   505                     105.9580224  104.94017  0.96%   561  266s
   549   592  104.96953   15  424  105.95802  104.94598  0.96%   565  272s
   641   674  105.02147   17  445  105.95802  104.95704  0.94%   561  277s
   683   771  104.98952   10  463  105.95802  104.96087  0.94%   565  280s
   911  1024  105.11276   17  427  105.95802  104.96790  0.93%   536  288s
  1033  1105  105.04658   19  449  105.95802  104.97076  0.93%   526  291s
  1114  1191  105.14131   18  441  105.95802  104.97362  0.93%   525  295s
  1283  1387  104.99479   22  347  105.95802  104.98194  0.92%   522  303s
  1396  1405  105.02606   12  455  105.95802  104.98559  0.92%   520  313s
H 1397  1405                     105.9344202  104.98559  0.90%   520  313s
H 1410  1405                     105.9344195  104.98702  0.89%   520  313s
  1414  1515  105.33375   21  395  105.93442  104.98839  0.89%   522  317s
  1524  1627  105.11291   16  423  105.93442  104.99034  0.89%   525  321s
  1636  1766  105.04743   15  443  105.93442  104.99565  0.89%   522  327s
  1775  1937  105.02485   19  306  105.93442  104.99855  0.88%   516  333s
  1946  2084  105.01327   19  418  105.93442  105.00117  0.88%   511  339s
  2094  2085  105.25302   22  551  105.93442  105.00419  0.88%   509  373s
  2096  2086  105.18951   15  346  105.93442  105.00419  0.88%   509  377s
  2098  2088  105.12989   19  403  105.93442  105.00419  0.88%   508  383s
  2099  2088  105.00745   18  451  105.93442  105.00419  0.88%   508  385s
  2100  2089  105.26340   30  464  105.93442  105.00419  0.88%   508  392s
  2102  2090  105.09847   24  463  105.93442  105.00419  0.88%   507  400s
  2106  2093  105.18093   21  461  105.93442  105.00419  0.88%   506  406s
  2108  2094  105.20725   18  467  105.93442  105.00419  0.88%   506  412s
  2109  2095  105.08264   20  460  105.93442  105.00419  0.88%   506  417s
  2110  2096  105.05312   17  455  105.93442  105.00419  0.88%   505  426s
  2112  2097  105.00419   16  435  105.93442  105.00419  0.88%   514  458s
  2114  2097  105.00419   17  278  105.93442  105.00419  0.88%   517  475s
  2115  2099  105.00419   18  302  105.93442  105.00419  0.88%   518  486s
  2117  2100  105.00419   19  260  105.93442  105.00419  0.88%   518  500s
  2121  2103 infeasible   20       105.93442  105.00419  0.88%   521  508s
  2127  2111  105.00419   21  151  105.93442  105.00419  0.88%   527  513s
  2137  2122 infeasible   22       105.93442  105.00419  0.88%   529  517s
  2153  2120  105.00730   23  275  105.93442  105.00419  0.88%   542  522s
  2169  2131  105.05353   24  294  105.93442  105.00419  0.88%   551  527s
  2185  2140  105.01484   23  361  105.93442  105.00419  0.88%   570  532s
  2201  2148  105.00419   23  416  105.93442  105.00419  0.88%   584  536s
  2217  2221  105.04236   24  399  105.93442  105.00419  0.88%   605  543s
  2297  2381  105.03493   27  403  105.93442  105.00419  0.88%   612  553s
  2487  2382  105.00419   27  367  105.93442  105.00419  0.88%   616  561s
  2552  2606  105.04279   27  367  105.93442  105.00419  0.88%   619  573s
  2798  2751  105.10666   32  426  105.93442  105.00419  0.88%   617  581s
  3025  2850  105.07730   32  382  105.93442  105.00419  0.88%   621  589s
  3203  2920  105.20506   35  364  105.93442  105.00419  0.88%   623  600s
H 3286  2787                     105.9344181  105.00419  0.88%   627  600s
  3333  2799  105.00419   29  372  105.93442  105.00419  0.88%   629  611s
  3361  2966  105.00759   29  393  105.93442  105.00419  0.88%   638  619s
  3537  3060  105.00971   32  377  105.93442  105.00419  0.88%   639  629s
  3691  3025  105.15511   34  372  105.93442  105.00419  0.88%   645  642s
  3707  3152  105.00419   30  387  105.93442  105.00419  0.88%   650  649s
  3840  3262  105.00419   27  447  105.93442  105.00419  0.88%   652  656s
  3994  3344  105.16098   29  445  105.93442  105.00419  0.88%   649  663s
  4127  3486  105.01108   27  416  105.93442  105.00419  0.88%   643  669s
  4314  3518  105.00419   28  441  105.93442  105.00419  0.88%   632  675s
  4408  3712  105.08550   29  467  105.93442  105.01207  0.87%   628  683s
  4633  3844  105.12635   34  402  105.93442  105.03652  0.85%   613  690s
  4842  3936  105.07688   30  440  105.93442  105.04956  0.84%   602  696s
  5004  4082  105.23393   25  314  105.93442  105.06315  0.82%   595  702s
  5204  4219  105.18794   36  435  105.93442  105.07620  0.81%   585  707s
  5408  4305  105.12427   36  424  105.93442  105.08535  0.80%   578  716s
  5562  4520  105.14964   26  457  105.93442  105.09683  0.79%   573  723s
  5829  4689  105.27086   33  399  105.93442  105.10308  0.78%   561  736s
  6088  4841  105.21439   32  412  105.93442  105.11718  0.77%   553  746s
  6328  5033  105.19660   29  444  105.93442  105.12201  0.77%   545  754s
  6600  5262  105.47598   36  336  105.93442  105.13210  0.76%   538  761s
  6921  5221  105.26941   29  427  105.93442  105.14312  0.75%   529  768s
  6989  5515  105.38597   30  400  105.93442  105.14640  0.74%   527  778s
  7309  5717  105.16005   42  301  105.93442  105.15304  0.74%   521  786s
  7617  5823  105.29746   30  350  105.93442  105.16321  0.73%   515  799s
  7828  6210  105.25792   30  388  105.93442  105.16986  0.72%   511  808s
  8285  6568  105.35068   29  293  105.93442  105.17901  0.71%   503  818s
  8729  7042  105.18911   38  345  105.93442  105.18621  0.71%   496  831s
  9212  7562  105.46647   29  399  105.93442  105.19277  0.70%   490  846s
  9736  8147  105.27392   31  428  105.93442  105.19944  0.69%   483  857s
 10326  8765  105.24860   44  341  105.93442  105.20461  0.69%   478  874s
 10952  9477  105.28242   28  360  105.93442  105.21150  0.68%   471  891s
 11671  9689  105.22155   28  396  105.93442  105.21735  0.68%   465  903s
 11889 10383  105.31897   32  436  105.93442  105.22110  0.67%   463  918s
 12585 11172  105.27925   28  292  105.93442  105.23010  0.66%   458  937s
 13384 11951  105.30806   38  395  105.93442  105.23685  0.66%   452  952s
 14163 12807  105.47261   34  399  105.93442  105.24424  0.65%   447  971s
 15020 13585  105.37988   33  363  105.93442  105.25348  0.64%   442  990s
 15799 14462  105.27369   34  391  105.93442  105.26015  0.64%   439 1012s
 16685 15207  105.33355   33  396  105.93442  105.27103  0.63%   434 1047s
 17438 16060  105.35368   28  303  105.93442  105.27719  0.62%   431 1075s
 18300 17039  105.39000   40  352  105.93442  105.28411  0.61%   427 1096s
 19283 18106  105.38526   38  397  105.93442  105.29309  0.61%   424 1125s
 20362 19237  105.30839   43  340  105.93442  105.29940  0.60%   421 1151s
 21508 20525  105.34707   40  360  105.93442  105.30847  0.59%   417 1183s
 22814 21069  105.42973   45  313  105.93442  105.31831  0.58%   413 1208s
 23380 22608  105.36804   39  397  105.93442  105.32377  0.58%   412 1249s
 24938 24099  105.48456   31  393  105.93442  105.33058  0.57%   408 1284s
 26446 25699  105.60007   48  312  105.93442  105.33873  0.56%   402 1322s
 28074 27350  105.38551   40  406  105.93442  105.34612  0.56%   398 1360s
 29755 29136  105.35458   32  370  105.93442  105.35286  0.55%   394 1401s
 31567 31050  105.36555   58  318  105.93442  105.36087  0.54%   390 1452s
 33514 32673  105.43278   35  387  105.93442  105.36568  0.54%   387 1505s
 35258 34721  105.41945   29  406  105.93442  105.37093  0.53%   383 1561s
 37352 36970  105.45159   41  384  105.93442  105.37724  0.53%   380 1615s
 39648 39226  105.43517   32  358  105.93442  105.38246  0.52%   377 1685s
 41964 41936  105.49554   32  440  105.93442  105.38828  0.52%   374 1762s
 44746 44248  105.40727   33  394  105.93442  105.39468  0.51%   371 1827s
 47104 46619  105.45619   37  350  105.93442  105.40048  0.50%   369 1887s

Cutting planes:
  Learned: 1
  Gomory: 89
  Lift-and-project: 25
  Cover: 225
  Implied bound: 459
  Projected implied bound: 3
  Clique: 17
  MIR: 944
  StrongCG: 10
  Flow cover: 1550
  GUB cover: 16
  Inf proof: 12
  Zero half: 114
  RLT: 110
  Relax-and-lift: 154

Explored 49548 nodes (18208489 simplex iterations) in 1888.02 seconds (1074.81 work units)
Thread count was 32 (of 32 available processors)

Solution count 10: 105.934 105.934 105.934 ... 107.02

Optimal solution found (tolerance 5.00e-03)
Best objective 1.059344202275e+02, best bound 1.054063123647e+02, gap 0.4985%
