
Gurobi 9.5.2 (linux64) logging started Sun Aug 16 02:39:42 2026

Set parameter LogFile to value "/mnt/beegfs/users/celinep/ChargeAndBreak/logs/oracle_RshortCmanyTnone_7__kw1000_gurobi.log"
Gurobi Optimizer version 9.5.2 build v9.5.2rc0 (linux64)
Thread count: 16 physical cores, 32 logical processors, using up to 32 threads
Optimize a model with 2430 rows, 1278 columns and 15393 nonzeros
Model fingerprint: 0xc580857d
Variable types: 807 continuous, 471 integer (471 binary)
Coefficient statistics:
  Matrix range     [4e-02, 5e+02]
  Objective range  [5e-01, 1e+00]
  Bounds range     [1e+00, 2e+01]
  RHS range        [9e-02, 2e+07]

User MIP start did not produce a new incumbent solution

Presolve removed 950 rows and 347 columns
Presolve time: 0.16s
Presolved: 1480 rows, 931 columns, 9502 nonzeros
Variable types: 575 continuous, 356 integer (354 binary)
Found heuristic solution: objective 458.9588017
Found heuristic solution: objective 392.3329622
Found heuristic solution: objective 345.9259112
Found heuristic solution: objective 289.1677968
Root relaxation presolve removed 27 rows and 26 columns
Root relaxation presolved: 1453 rows, 905 columns, 9437 nonzeros


Root relaxation: objective 3.374674e+01, 1170 iterations, 0.17 seconds (0.06 work units)
Another try with MIP start

    Nodes    |    Current Node    |     Objective Bounds      |     Work
 Expl Unexpl |  Obj  Depth IntInf | Incumbent    BestBd   Gap | It/Node Time

H    0     0                      35.1833909   33.74674  4.08%     -    0s
     0     0   33.74674    0   40   35.18339   33.74674  4.08%     -    0s
     0     0   33.84752    0   82   35.18339   33.84752  3.80%     -    0s
     0     0   33.85274    0  100   35.18339   33.85274  3.78%     -    0s
     0     0   33.95979    0   88   35.18339   33.95979  3.48%     -    1s
     0     0   33.96881    0   90   35.18339   33.96881  3.45%     -    1s
H    0     0                      34.7891665   33.96881  2.36%     -    1s
     0     0   34.00275    0  100   34.78917   34.00275  2.26%     -    1s
     0     0   34.00681    0  108   34.78917   34.00681  2.25%     -    1s
     0     0   34.01823    0   73   34.78917   34.01823  2.22%     -    1s
     0     0   34.01823    0   83   34.78917   34.01823  2.22%     -    1s
     0     0   34.02845    0   89   34.78917   34.02845  2.19%     -    1s
     0     0   34.02845    0   85   34.78917   34.02845  2.19%     -    1s
     0     0   34.02845    0   86   34.78917   34.02845  2.19%     -    1s
     0     0   34.02845    0   86   34.78917   34.02845  2.19%     -    1s
     0     0   34.04365    0   72   34.78917   34.04365  2.14%     -    2s
H    0     0                      34.7732437   34.04365  2.10%     -    2s
     0     0   34.04365    0   71   34.77324   34.04365  2.10%     -    2s
     0     0   34.04365    0   80   34.77324   34.04365  2.10%     -    2s
     0     0   34.07049    0   82   34.77324   34.07049  2.02%     -    2s
     0     0   34.07049    0   62   34.77324   34.07049  2.02%     -    2s
     0     0   34.07443    0   80   34.77324   34.07443  2.01%     -    2s
     0     0   34.07443    0   68   34.77324   34.07443  2.01%     -    2s
     0     0   34.07443    0   87   34.77324   34.07443  2.01%     -    2s
     0     0   34.07443    0   87   34.77324   34.07443  2.01%     -    2s
     0     0   34.11275    0   75   34.77324   34.11275  1.90%     -    3s
     0     0   34.11275    0   69   34.77324   34.11275  1.90%     -    3s
     0     0   34.11275    0   84   34.77324   34.11275  1.90%     -    3s
     0     0   34.13371    0   88   34.77324   34.13371  1.84%     -    3s
     0     0   34.13508    0   92   34.77324   34.13508  1.84%     -    3s
     0     0   34.13508    0   93   34.77324   34.13508  1.84%     -    3s
     0     0   34.13508    0  110   34.77324   34.13508  1.84%     -    3s
     0     0   34.13508    0  110   34.77324   34.13508  1.84%     -    3s
     0     0   34.13876    0  105   34.77324   34.13876  1.82%     -    4s
     0     0   34.13876    0  108   34.77324   34.13876  1.82%     -    4s
     0     0   34.13876    0  102   34.77324   34.13876  1.82%     -    4s
     0     0   34.13876    0  102   34.77324   34.13876  1.82%     -    4s
     0     0   34.13981    0  114   34.77324   34.13981  1.82%     -    4s
     0     0   34.14045    0  120   34.77324   34.14045  1.82%     -    4s
     0     0   34.14045    0  118   34.77324   34.14045  1.82%     -    4s
     0     0   34.14045    0  123   34.77324   34.14045  1.82%     -    4s
     0     0   34.14045    0  123   34.77324   34.14045  1.82%     -    4s
     0     0   34.16442    0  120   34.77324   34.16442  1.75%     -    5s
     0     0   34.16473    0  122   34.77324   34.16473  1.75%     -    5s
     0     0   34.16473    0  122   34.77324   34.16473  1.75%     -    5s
     0     0   34.17389    0  123   34.77324   34.17389  1.72%     -    5s
     0     0   34.17483    0  123   34.77324   34.17483  1.72%     -    5s
H    0     0                      34.6143188   34.17483  1.27%     -    5s
     0     0   34.17483    0   40   34.61432   34.17483  1.27%     -    6s
H    0     0                      34.6143188   34.17483  1.27%     -    6s
     0     0   34.17483    0   73   34.61432   34.17483  1.27%     -    6s
     0     0   34.17483    0   70   34.61432   34.17483  1.27%     -    6s
     0     0   34.17483    0   92   34.61432   34.17483  1.27%     -    6s
     0     0   34.17483    0  101   34.61432   34.17483  1.27%     -    6s
     0     0   34.17483    0  104   34.61432   34.17483  1.27%     -    6s
     0     0   34.17483    0  109   34.61432   34.17483  1.27%     -    7s
     0     0   34.17483    0  109   34.61432   34.17483  1.27%     -    7s
     0     0   34.17483    0   98   34.61432   34.17483  1.27%     -    7s
     0     0   34.17483    0  104   34.61432   34.17483  1.27%     -    7s
H    0     0                      34.5681137   34.17483  1.14%     -    7s
     0     0   34.17483    0  111   34.56811   34.17483  1.14%     -    7s
     0     0   34.17483    0  106   34.56811   34.17483  1.14%     -    7s
     0     0   34.17483    0  101   34.56811   34.17483  1.14%     -    7s
     0     0   34.17483    0  101   34.56811   34.17483  1.14%     -    8s
     0     0   34.17483    0  106   34.56811   34.17483  1.14%     -    8s
     0     0   34.17483    0  106   34.56811   34.17483  1.14%     -    8s
     0     2   34.17995    0  105   34.56811   34.17995  1.12%     -    8s
H   48    22                      34.5681137   34.21209  1.03%  56.5    9s
H   49    20                      34.4978182   34.21209  0.83%  57.6    9s

Cutting planes:
  Gomory: 3
  Lift-and-project: 9
  Cover: 6
  Implied bound: 27
  MIR: 115
  StrongCG: 1
  Flow cover: 239
  Flow path: 3
  Zero half: 11
  RLT: 26
  Relax-and-lift: 20

Explored 147 nodes (11988 simplex iterations) in 10.03 seconds (3.98 work units)
Thread count was 32 (of 32 available processors)

Solution count 10: 34.4978 34.5681 34.5681 ... 345.926

Optimal solution found (tolerance 5.00e-03)
Best objective 3.449781820075e+01, best bound 3.436834914055e+01, gap 0.3753%
