
Gurobi 9.5.2 (linux64) logging started Fri Aug 14 04:11:57 2026

Set parameter LogFile to value "/mnt/beegfs/users/celinep/ChargeAndBreak/logs/oracle_RlongCmanyTtight_7__kw700_gurobi.log"
Gurobi Optimizer version 9.5.2 build v9.5.2rc0 (linux64)
Thread count: 16 physical cores, 32 logical processors, using up to 32 threads
Optimize a model with 9593 rows, 5042 columns and 179576 nonzeros
Model fingerprint: 0x9c3a0fe1
Variable types: 3178 continuous, 1864 integer (1864 binary)
Coefficient statistics:
  Matrix range     [3e-02, 2e+03]
  Objective range  [5e-01, 1e+00]
  Bounds range     [1e+00, 6e+01]
  RHS range        [1e-02, 5e+02]

User MIP start did not produce a new incumbent solution
User MIP start violates constraint c_l_x14074_ by 1.000000000

Presolve removed 2972 rows and 942 columns
Presolve time: 2.95s
Presolved: 6621 rows, 4100 columns, 161823 nonzeros
Variable types: 2442 continuous, 1658 integer (1658 binary)
Found heuristic solution: objective 2045.7619843
Root relaxation presolve removed 174 rows and 112 columns
Root relaxation presolved: 6447 rows, 3988 columns, 125781 nonzeros


Root simplex log...

Iteration    Objective       Primal Inf.    Dual Inf.      Time
    2966    6.5133936e+01   1.711344e+04   0.000000e+00      5s
    6291    1.0553202e+02   0.000000e+00   0.000000e+00      6s
    6291    1.0553202e+02   0.000000e+00   0.000000e+00      6s

Root relaxation: objective 1.055320e+02, 6291 iterations, 2.39 seconds (1.42 work units)
Another try with MIP start

    Nodes    |    Current Node    |     Objective Bounds      |     Work
 Expl Unexpl |  Obj  Depth IntInf | Incumbent    BestBd   Gap | It/Node Time

H    0     0                     137.1798463  105.53202  23.1%     -   15s
     0     0  105.53202    0  564  137.17985  105.53202  23.1%     -   15s
     0     0  108.06205    0  479  137.17985  108.06205  21.2%     -   21s
     0     0  108.08853    0  489  137.17985  108.08853  21.2%     -   22s
     0     0  108.12163    0  508  137.17985  108.12163  21.2%     -   22s
     0     0  108.13164    0  492  137.17985  108.13164  21.2%     -   23s
     0     0  108.13164    0  491  137.17985  108.13164  21.2%     -   23s
     0     0  108.47616    0  548  137.17985  108.47616  20.9%     -   25s
     0     0  108.49936    0  579  137.17985  108.49936  20.9%     -   25s
     0     0  108.50106    0  588  137.17985  108.50106  20.9%     -   25s
     0     0  108.50197    0  586  137.17985  108.50197  20.9%     -   26s
     0     0  108.50275    0  580  137.17985  108.50275  20.9%     -   26s
     0     0  108.50289    0  579  137.17985  108.50289  20.9%     -   26s
     0     0  108.68303    0  589  137.17985  108.68303  20.8%     -   28s
     0     0  108.68979    0  607  137.17985  108.68979  20.8%     -   29s
     0     0  108.69069    0  616  137.17985  108.69069  20.8%     -   29s
     0     0  108.69071    0  619  137.17985  108.69071  20.8%     -   30s
     0     0  108.75157    0  581  137.17985  108.75157  20.7%     -   32s
     0     0  108.75717    0  607  137.17985  108.75717  20.7%     -   33s
     0     0  108.75772    0  606  137.17985  108.75772  20.7%     -   33s
     0     0  108.81416    0  558  137.17985  108.81416  20.7%     -   36s
     0     0  108.82265    0  531  137.17985  108.82265  20.7%     -   37s
     0     0  108.82451    0  589  137.17985  108.82451  20.7%     -   37s
     0     0  108.82466    0  586  137.17985  108.82466  20.7%     -   37s
     0     0  108.94720    0  460  137.17985  108.94720  20.6%     -   40s
     0     0  108.96114    0  537  137.17985  108.96114  20.6%     -   41s
     0     0  108.96301    0  535  137.17985  108.96301  20.6%     -   41s
     0     0  108.96343    0  555  137.17985  108.96343  20.6%     -   41s
     0     0  109.03892    0  501  137.17985  109.03892  20.5%     -   45s
     0     0  109.05094    0  556  137.17985  109.05094  20.5%     -   46s
     0     0  109.05180    0  558  137.17985  109.05180  20.5%     -   46s
     0     0  109.08551    0  540  137.17985  109.08551  20.5%     -   49s
     0     0  109.09235    0  557  137.17985  109.09235  20.5%     -   49s
     0     0  109.09309    0  551  137.17985  109.09309  20.5%     -   49s
     0     0  109.12405    0  525  137.17985  109.12405  20.5%     -   52s
     0     0  109.13820    0  573  137.17985  109.13820  20.4%     -   53s
     0     0  109.14025    0  598  137.17985  109.14025  20.4%     -   53s
     0     0  109.14497    0  587  137.17985  109.14497  20.4%     -   53s
     0     0  109.14609    0  568  137.17985  109.14609  20.4%     -   53s
     0     0  109.14615    0  575  137.17985  109.14615  20.4%     -   53s
     0     0  109.18144    0  553  137.17985  109.18144  20.4%     -   56s
     0     0  109.18744    0  532  137.17985  109.18744  20.4%     -   57s
     0     0  109.18833    0  542  137.17985  109.18833  20.4%     -   57s
     0     0  109.21853    0  541  137.17985  109.21853  20.4%     -   60s
     0     0  109.23634    0  515  137.17985  109.23634  20.4%     -   61s
     0     0  109.23848    0  544  137.17985  109.23848  20.4%     -   62s
     0     0  109.23886    0  546  137.17985  109.23886  20.4%     -   62s
     0     0  109.25337    0  580  137.17985  109.25337  20.4%     -   65s
     0     0  109.25696    0  539  137.17985  109.25696  20.4%     -   66s
     0     0  109.25771    0  569  137.17985  109.25771  20.4%     -   66s
     0     0  109.29238    0  560  137.17985  109.29238  20.3%     -   70s
     0     0  109.29785    0  617  137.17985  109.29785  20.3%     -   71s
     0     0  109.29844    0  600  137.17985  109.29844  20.3%     -   72s
     0     0  109.31021    0  564  137.17985  109.31021  20.3%     -   75s
     0     0  109.31426    0  592  137.17985  109.31426  20.3%     -   76s
     0     0  109.31494    0  585  137.17985  109.31494  20.3%     -   76s
     0     0  109.34368    0  579  137.17985  109.34368  20.3%     -   80s
     0     0  109.37689    0  540  137.17985  109.37689  20.3%     -   82s
     0     0  109.37906    0  590  137.17985  109.37906  20.3%     -   82s
     0     0  109.37935    0  591  137.17985  109.37935  20.3%     -   82s
     0     0  109.55955    0  480  137.17985  109.55955  20.1%     -   86s
     0     0  109.57644    0  526  137.17985  109.57644  20.1%     -   87s
     0     0  109.57870    0  517  137.17985  109.57870  20.1%     -   87s
     0     0  109.57882    0  520  137.17985  109.57882  20.1%     -   87s
     0     0  109.60257    0  491  137.17985  109.60257  20.1%     -   92s
     0     0  109.61107    0  550  137.17985  109.61107  20.1%     -   93s
     0     0  109.61181    0  530  137.17985  109.61181  20.1%     -   94s
     0     0  109.61962    0  567  137.17985  109.61962  20.1%     -   98s
     0     0  109.62022    0  580  137.17985  109.62022  20.1%     -   99s
     0     0  109.64927    0  494  137.17985  109.64927  20.1%     -  103s
     0     0  109.65034    0  527  137.17985  109.65034  20.1%     -  104s
     0     0  109.65647    0  546  137.17985  109.65647  20.1%     -  108s
     0     0  109.65647    0  456  137.17985  109.65647  20.1%     -  111s
H    0     0                     137.0441641  109.65647  20.0%     -  112s
     0     2  109.65647    0  451  137.04416  109.65647  20.0%     -  113s
     1     4  109.66192    1  484  137.04416  109.65778  20.0%   374  115s
     7    16  110.12294    3  576  137.04416  109.68463  20.0%   753  120s
    31    48  110.12406    5  536  137.04416  109.72250  19.9%   803  125s
    63    80  110.66386    7  561  137.04416  109.74704  19.9%   835  133s
H   79    96                     136.8187772  109.77028  19.8%   824  138s
H   81    96                     136.7563759  109.80040  19.7%   829  138s
H   82    96                     135.7809087  109.80040  19.1%   828  138s
H   90    96                     126.6283996  109.80040  13.3%   853  138s
    95   112  110.56540    9  604  126.62840  109.80301  13.3%   880  142s
   111   128  109.93029   10  574  126.62840  109.86247  13.2%   894  146s
H  127   144                     126.6218699  109.93060  13.2%   933  164s
H  127   144                     126.1929817  109.93060  12.9%   933  164s
H  129   144                     124.9937631  109.95118  12.0%   936  164s
   143   160  109.99363   12  611  124.99376  109.95125  12.0%   949  167s
   159   177  110.01215   13  602  124.99376  109.99463  12.0%   958  171s
H  176   193                     124.9872334  110.01227  12.0%   949  175s
H  177   193                     124.9637408  110.01291  12.0%   945  175s
H  180   193                     124.9637407  110.02764  12.0%   946  175s
   208   226  110.07810   16  620  124.96374  110.05274  11.9%   916  182s
   225   242  110.11085   17  553  124.96374  110.11085  11.9%   908  186s
H  231   242                     124.9413822  110.11114  11.9%   903  187s
   241   260  110.19456   18  545  124.94138  110.11258  11.9%   897  190s
   283   300  110.89480   20  572  124.94138  110.22606  11.8%   874  199s
H  286   300                     124.9413822  110.26425  11.7%   876  199s
H  289   300                     124.7860803  110.28505  11.6%   871  199s
   299   323  110.36523   24  617  124.78608  110.28524  11.6%   882  203s
   322   343  110.52570   25  541  124.78608  110.43865  11.5%   892  207s
   342   361  110.93926   26  518  124.78608  110.53970  11.4%   901  210s
   397   424  110.79651   20  607  124.78608  110.77745  11.2%   859  218s
   423   449  110.86347   17  484  124.78608  110.79168  11.2%   840  223s
   448   479  110.82243   22  613  124.78608  110.80711  11.2%   819  227s
   478   513  110.87897   22  493  124.78608  110.82243  11.2%   806  232s
   512   558  110.89532   24  616  124.78608  110.84114  11.2%   793  238s
   557   625  115.75174   24  407  124.78608  110.86265  11.2%   760  242s
   624   695  111.01531   21  575  124.78608  110.87915  11.1%   721  247s
   694   788  113.01626   21  403  124.78608  110.88639  11.1%   681  251s
   787   848  113.78065   21  461  124.78608  110.89487  11.1%   631  257s
   847   952  112.64642   27  441  124.78608  110.90090  11.1%   611  261s
   951  1068  112.17034   33  434  124.78608  110.90542  11.1%   571  265s
  1067  1139  111.06599   35  483  124.78608  110.91228  11.1%   533  270s
H 1076  1139                     124.3688194  110.91228  10.8%   529  270s
  1138  1237  118.17463   23  454  124.36882  110.91722  10.8%   514  275s
  1256  1342  111.22768   29  556  124.36882  110.92648  10.8%   492  280s
  1497  1639  110.95597   22  604  124.36882  110.93726  10.8%   446  287s
  1638  1795  111.19694   20  543  124.36882  110.94609  10.8%   426  291s
  1794  1944  111.15950   30  536  124.36882  110.94895  10.8%   405  296s
  1943  2012  111.12323   26  463  124.36882  110.95557  10.8%   390  303s
  2011  2189  110.96474   23  600  124.36882  110.96093  10.8%   388  309s
H 2188  2189                     124.3354629  110.96454  10.8%   371  326s
  2189  2190  118.14118   20  456  124.33546  110.96454  10.8%   371  350s
  2191  2191  112.34201    6  361  124.33546  110.96454  10.8%   370  358s
  2192  2192  112.82373   30  441  124.33546  110.96454  10.8%   370  364s
  2193  2193  111.26943   24  413  124.33546  110.96454  10.8%   370  366s
  2195  2194  113.01649   13  453  124.33546  110.96454  10.8%   370  371s
  2200  2197  114.02709   21  448  124.33546  110.96454  10.8%   369  375s
  2202  2199  116.81613   30  457  124.33546  110.96454  10.8%   369  393s
  2204  2200  111.37427   37  579  124.33546  110.96454  10.8%   368  395s
  2207  2202  111.31255   40  601  124.33546  110.96454  10.8%   368  404s
  2208  2203  118.55347   25  498  124.33546  110.96454  10.8%   368  419s
  2209  2203  111.03314   31  540  124.33546  110.96454  10.8%   367  420s
  2212  2205  112.25312   12  535  124.33546  110.96454  10.8%   367  430s
  2213  2206  118.50137   32  565  124.33546  110.96454  10.8%   367  445s
  2216  2208  111.04279   51  549  124.33546  110.96454  10.8%   366  456s
  2217  2209  111.03992   27  556  124.33546  110.96454  10.8%   366  476s
H 2217  2098                     124.3354616  110.96454  10.8%   366  480s
  2220  2100  112.78573   29  573  124.33546  110.96454  10.8%   366  486s
  2221  2100  111.40901   33  584  124.33546  110.96454  10.8%   365  499s
  2223  2102  111.24279   26  606  124.33546  110.96454  10.8%   365  500s
  2224  2102  112.64237   40  584  124.33546  110.96454  10.8%   365  507s
  2225  2103  112.36415   15  605  124.33546  110.96792  10.8%   365  522s
  2227  2104  111.82736   24  598  124.33546  110.99669  10.7%   364  529s
  2228  2105  111.10003   34  558  124.33546  111.05015  10.7%   364  542s
  2230  2106  111.32195    9  566  124.33546  111.07834  10.7%   364  549s
  2231  2107  111.19147   27  529  124.33546  111.12835  10.6%   364  563s
  2232  2108  111.13208   41  532  124.33546  111.13208  10.6%   364  569s
  2233  2108  113.95801   44  565  124.33546  111.16317  10.6%   363  583s
  2236  2110  111.19361   27  634  124.33546  111.19361  10.6%   363  590s
  2237  2111  112.15615   49  583  124.33546  111.20917  10.6%   363  603s
  2238  2112  111.20917    7  550  124.33546  111.20917  10.6%   363  609s
  2239  2112  112.07337   24  550  124.33546  111.24467  10.5%   363  613s
  2240  2116  111.24467   13  550  124.33546  111.24467  10.5%   381  652s
  2242  2118  111.24467   14  527  124.33546  111.24467  10.5%   382  699s
  2246  2121  111.86443   15  507  124.33546  111.40261  10.4%   384  708s
  2253  2129  111.57015   16  618  124.33546  111.51536  10.3%   385  720s
  2264  2137  111.58374   17  635  124.33546  111.58374  10.3%   392  725s
  2280  2147  111.59719   18  632  124.33546  111.58831  10.3%   397  731s
  2296  2156  111.60754   19  636  124.33546  111.60285  10.2%   401  747s
  2312  2167  111.60822   20  647  124.33546  111.60822  10.2%   411  759s
  2328  2178  111.69670   21  624  124.33546  111.60925  10.2%   426  766s
H 2341  2066                     123.9074315  111.69671  9.85%   429  766s
  2344  2081  111.70058   22  631  123.90743  111.69672  9.85%   430  772s
  2360  2093  113.97712   23  502  123.90743  111.70817  9.85%   440  784s
  2379  2103  111.99391   24  630  123.90743  111.98840  9.62%   447  795s
H 2381  2001                     123.8540376  111.99401  9.58%   447  795s
  2395  2017  111.99742   25  617  123.85404  111.99742  9.57%   456  808s
  2416  2033  111.99749   26  619  123.85404  111.99749  9.57%   465  813s
  2439  2062  112.10447   27  589  123.85404  112.00484  9.57%   468  817s
  2475  2082  112.31071   29  600  123.85404  112.04628  9.53%   471  821s
  2509  2087  113.96112   32  569  123.85404  112.06709  9.52%   479  828s
H 2514  1990                     123.8540362  112.12822  9.47%   479  828s
  2526  2021  112.15949   34  516  123.85404  112.15803  9.44%   482  833s
  2563  2059  119.31874   35  351  123.85404  112.17534  9.43%   486  839s
  2616  2093  114.81948   39  593  123.85404  112.20047  9.41%   494  844s
  2667  2098  121.07689   46  335  123.85404  112.24189  9.38%   497  874s
  2689  2118  112.26836   49  454  123.85404  112.26836  9.35%   509  886s
  2717  2124  112.27227   50  454  123.85404  112.27136  9.35%   516  916s
H 2719  2032                     123.7334608  112.27145  9.26%   515  916s
  2733  2059  112.27176   46  532  123.73346  112.27147  9.26%   521  940s
  2764  2082  113.78067   48  585  123.73346  112.28006  9.26%   531 1018s
  2798  2143  112.91146   49  588  123.73346  112.28016  9.26%   536 1024s
H 2848  2039                     123.4666162  112.29728  9.05%   534 1025s
  2949  2089  113.06323   46  530  123.46662  112.32572  9.02%   535 1030s
H 2958  2030                     123.4666149  112.32572  9.02%   539 1036s
  2989  2049  112.83354   33  650  123.46661  112.36071  9.00%   548 1047s
  3019  2119  113.25279   51  538  123.46661  112.37122  8.99%   554 1054s
  3099  2198  113.04607   52  477  123.46661  112.37747  8.98%   566 1060s
  3204  2190  121.60382   36  407  123.46661  112.38698  8.97%   563 1075s
  3234  2263  112.78248   24  595  123.46661  112.39300  8.97%   575 1084s
  3317  2272  119.01467   33  502  123.46661  112.39916  8.96%   589 1100s
  3356  2413  115.15305   32  541  123.46661  112.40871  8.96%   596 1109s
  3511  2486  113.29190   61  516  123.46661  112.41833  8.95%   592 1118s
  3639  2513  119.98380   35  270  123.46661  112.42458  8.94%   596 1157s
  3711  2590  117.73973   33  453  123.46661  112.43266  8.94%   603 1169s
H 3757  2495                     123.4253111  112.43612  8.90%   605 1169s
  3814  2511  112.44076   35  639  123.42531  112.43968  8.90%   608 1203s
  3849  2631  121.24105   28  354  123.42531  112.45039  8.89%   620 1213s
H 3859  2553                     123.4253097  112.45039  8.89%   619 1213s
H 3870  2435                     121.4253111  112.45093  7.39%   622 1213s
  3994  2390  112.70868   33  521  121.42531  112.45720  7.39%   626 1241s
  4015  2417  112.89656   41  520  121.42531  112.46410  7.38%   645 1263s
  4060  2434  112.91904   44  617  121.42531  112.46962  7.38%   659 1278s
H 4061  2367                     121.4253097  112.46962  7.38%   659 1278s
H 4090  2285                     121.3043186  112.47398  7.28%   663 1278s
  4102  2321     cutoff   40       121.30432  112.47602  7.28%   669 1324s
  4159  2347     cutoff   43       121.30432  112.48331  7.27%   679 1343s
H 4172  2282                     121.3043173  112.48609  7.27%   684 1343s
H 4199  2211                     121.2709621  112.49017  7.24%   687 1343s
  4216  2384 infeasible   34       121.27096  112.49565  7.24%   692 1362s
  4417  2354 infeasible   36       121.27096  112.50383  7.23%   695 1390s
  4464  2363  116.96933   34  467  121.27096  112.51211  7.22%   718 1422s
H 4465  2308                     121.2709608  112.51211  7.22%   718 1422s
  4529  2313  112.56534   25  635  121.27096  112.52057  7.22%   730 1444s
  4566  2342 infeasible   47       121.27096  112.52887  7.21%   742 1475s
  4621  2625  119.39907   64  373  121.27096  112.53788  7.20%   751 1492s
  4946  2564  119.01950   41  427  121.27096  112.54461  7.20%   734 1528s
H 4970  2504                     121.2709608  112.54928  7.19%   737 1528s
  5007  2616  118.41239   44  412  121.27096  112.55226  7.19%   748 1550s
  5151  2602  112.55926   26  656  121.27096  112.55835  7.18%   758 1583s
  5205  2635  112.59296   27  655  121.27096  112.56600  7.18%   780 1608s
  5246  2650  113.05364   66  530  121.27096  112.57336  7.17%   814 1655s
  5274  2686  120.54951   35  337  121.27096  112.58259  7.16%   827 1700s
  5318  2743  118.80915   43  446  121.27096  112.58825  7.16%   855 1714s
  5377  2792  112.61250   27  642  121.27096  112.59629  7.15%   875 1737s
  5432  2845     cutoff   54       121.27096  112.60177  7.15%   896 1766s
  5497  2900 infeasible   30       121.27096  112.61023  7.14%   918 1785s
  5575  2943  119.18262   47  351  121.27096  112.61787  7.14%   947 1809s
  5628  3002 infeasible   37       121.27096  112.62582  7.13%   964 1829s
  5712  3425  112.63616   36  480  121.27096  112.63331  7.12%   987 1844s
  6184  3444  117.58280   59  419  121.27096  112.64009  7.12%   953 1877s
  6224  3485  118.04892   56  513  121.27096  112.65117  7.11%   970 1940s
  6285  3572     cutoff   34       121.27096  112.65931  7.10%   981 1979s
  6323  3572  121.11831   39  376  121.27096  112.66295  7.10%   983 1980s
  6387  3678     cutoff   51       121.27096  112.67257  7.09%   988 2003s
  6509  3939  112.70456   42  489  121.27096  112.68633  7.08%  1003 2026s
  6814  4011     cutoff   50       121.27096  112.69652  7.07%   990 2059s
  6905  4060 infeasible   43       121.27096  112.70682  7.06%  1011 2093s
  7004  4130     cutoff   45       121.27096  112.71839  7.05%  1034 2136s
  7113  4488  119.64487   51  527  121.27096  112.73790  7.04%  1044 2169s
  7543  4514  118.25736   42  393  121.27096  112.74850  7.03%  1026 2196s
  7609  4595  118.85911   29  514  121.27096  112.77658  7.00%  1039 2229s
  7716  4677 infeasible   40       121.27096  112.79724  6.99%  1051 2287s
  7832  5075  112.81191   37  634  121.27096  112.81130  6.98%  1064 2340s
  8357  5157  118.79120   39  507  121.27096  112.82238  6.97%  1037 2375s
  8456  5343  119.78169   42  454  121.27096  112.84068  6.95%  1044 2410s
  8692  5481  119.17794   30  483  121.27096  112.85496  6.94%  1053 2451s
  8884  5918  114.64482   44  473  121.27096  112.87878  6.92%  1065 2488s
  9405  6017  118.78024   46  349  121.27096  112.89540  6.91%  1053 2521s
  9565  6020  119.75133   58  504  121.27096  112.91492  6.89%  1065 2563s
  9602  6114  117.07045   38  464  121.27096  112.92656  6.88%  1073 2601s
  9764  6266  118.56313   51  470  121.27096  112.94287  6.87%  1091 2640s
  9989  6411     cutoff   49       121.27096  112.96757  6.85%  1093 2686s
 10316  6473     cutoff   37       121.27096  113.01311  6.81%  1112 2726s
 10466  6517     cutoff   30       121.27096  113.03647  6.79%  1143 2783s
 10598  6616  121.21124   42  456  121.27096  113.06208  6.77%  1169 2827s
 10771  6688  114.48138   26  546  121.27096  113.08155  6.75%  1195 2881s
 10936  6745     cutoff   31       121.27096  113.09501  6.74%  1225 2952s
 11105  6823  120.38013   64  433  121.27096  113.13232  6.71%  1255 3007s
 11307  7013  113.18742   75  530  121.27096  113.16002  6.69%  1277 3051s
 11577  7794  113.23155   44  650  121.27096  113.19728  6.66%  1277 3100s
 12522  7949 infeasible   57       121.27096  113.23739  6.62%  1232 3171s
 12747  8156     cutoff   52       121.27096  113.26868  6.60%  1244 3225s
 13039  8367  113.28768   47  574  121.27096  113.27923  6.59%  1253 3286s
 13315  9259  113.31135   48  548  121.27096  113.29649  6.58%  1260 3348s
 14376  9517  113.64571   53  506  121.27096  113.33606  6.54%  1223 3413s
 14705 10391  119.11729   76  492  121.27096  113.35076  6.53%  1216 3481s
 15796 10545  119.96242   37  498  121.27096  113.38220  6.51%  1185 3548s
 16027 10876     cutoff   49       121.27096  113.39541  6.49%  1189 3626s
 16434 12413     cutoff   55       121.27096  113.41671  6.48%  1183 3691s
 18237 12626     cutoff   53       121.27096  113.45135  6.45%  1113 3758s
 18596 12771  115.48688   51  479  121.27096  113.48127  6.42%  1114 3845s
 18866 13043 infeasible   46       121.27096  113.50804  6.40%  1130 3924s
 19217 13934  118.96709   40  437  121.27096  113.53235  6.38%  1128 4005s
 20284 14198  113.77373   51  548  121.27096  113.56153  6.36%  1106 4072s
 20617 15915     cutoff   62       121.27096  113.58292  6.34%  1106 4167s
 22725 16066  115.02463   79  491  121.27096  113.63251  6.30%  1066 4218s
 22926 16299  119.38793   49  440  121.27096  113.65101  6.28%  1066 4272s
 23210 18030  115.94871   63  510  121.27096  113.67512  6.26%  1068 4327s
 25094 18250     cutoff   51       121.27096  113.71850  6.23%  1017 4372s
 25365 19623     cutoff   32       121.27096  113.73620  6.21%  1016 4421s
 26908 19810  114.40587   44  531  121.27096  113.74772  6.20%   982 4477s
 27181 20842     cutoff   48       121.27096  113.76244  6.19%   983 4525s
 28389 21122  120.92459   61  308  121.27096  113.78561  6.17%   963 4582s
 28712 22640  113.82339   46  649  121.27096  113.79028  6.17%   959 4633s
 30442 23092  114.18769   52  546  121.27096  113.80851  6.15%   928 4704s
 30947 25314  114.43399   73  465  121.27096  113.81474  6.15%   923 4767s
 33447 26866  116.21077   58  491  121.27096  113.84166  6.13%   874 4828s
 35227 27089  114.10293   64  600  121.27096  113.85791  6.11%   849 4899s
 35506 27386     cutoff   49       121.27096  113.87143  6.10%   848 4970s
 35870 29482  114.63668   46  547  121.27096  113.87867  6.10%   847 5032s
 38315 29774  114.32453   49  595  121.27096  113.89755  6.08%   812 5089s
 38675 31761  114.64653   44  533  121.27096  113.90369  6.08%   814 5149s
 40922 32035  114.09991   47  605  121.27096  113.92254  6.06%   791 5219s
 41280 33945  117.06766   67  461  121.27096  113.93704  6.05%   797 5345s
 43677 37696  119.60443   34  394  121.27096  113.97265  6.02%   781 5434s
 48004 37998     cutoff   69       121.27096  114.00733  5.99%   739 5496s
 48375 39806  119.46123   39  470  121.27096  114.01908  5.98%   739 5548s
 50600 40157  119.46039   43  552  121.27096  114.03868  5.96%   722 5602s
 51024 41891     cutoff   59       121.27096  114.04835  5.96%   721 5662s
 53067 43510     cutoff   43       121.27096  114.07193  5.94%   709 5704s
 54934 43835     cutoff   41       121.27096  114.08934  5.92%   698 5769s
 55369 45913     cutoff   59       121.27096  114.09756  5.92%   698 5818s
 57895 46216  121.08095   45  476  121.27096  114.11481  5.90%   682 5872s
 58335 47961  117.67296   40  458  121.27096  114.12175  5.90%   682 5918s
 60517 48197  120.86459   56  454  121.27096  114.13299  5.89%   670 5971s
 60843 51421  114.22241   81  501  121.27096  114.14311  5.88%   670 6020s
 64474 52181  114.20322   54  430  121.27096  114.16069  5.86%   645 6121s
 65375 62703  119.60039   39  474  121.27096  114.16722  5.86%   641 6251s
 77694 63874 infeasible   55       121.27096  114.20706  5.82%   575 6279s
 79174 65385  117.02331   74  500  121.27096  114.22310  5.81%   569 6301s
 81025 65507     cutoff   50       121.27096  114.23170  5.80%   562 6326s
 81276 65642  117.39176   38  458  121.27096  114.23853  5.80%   562 6365s
 81550 65861     cutoff  102       121.27096  114.24356  5.79%   563 6392s
 81956 67642     cutoff   66       121.27096  114.24847  5.79%   563 6417s
 84092 67874 infeasible   54       121.27096  114.25459  5.79%   555 6446s
 84452 69003  118.35870   62  439  121.27096  114.26049  5.78%   555 6473s
 85857 72456     cutoff   39       121.27096  114.27033  5.77%   551 6538s
 90198 72643     cutoff   49       121.27096  114.28740  5.76%   536 6572s
 90601 73694     cutoff   80       121.27096  114.29341  5.75%   536 6607s
 91900 76589  119.15326   64  415  121.27096  114.30215  5.75%   531 6640s
 95351 76981     cutoff   78       121.27096  114.31401  5.74%   519 6665s
 95880 78776  115.66289   61  587  121.27096  114.31760  5.73%   518 6692s
 98199 80718     cutoff   95       121.27096  114.32720  5.73%   511 6720s
 100562 82416     cutoff  107       121.27096  114.33382  5.72%   504 6745s
 102548 82616  116.47737   65  511  121.27096  114.34270  5.71%   499 6767s
 102923 83040  114.56183   45  531  121.27096  114.34785  5.71%   499 6794s
 103519 83684     cutoff   55       121.27096  114.35416  5.70%   499 6823s
 104390 83965     cutoff   68       121.27096  114.35647  5.70%   498 6856s
 104854 86088  121.12174   45  369  121.27096  114.36351  5.70%   497 6887s
 107659 91743  117.23490   44  487  121.27096  114.37350  5.69%   490 6949s
 114693 91876     cutoff  101       121.27096  114.38742  5.68%   471 6970s
 114940 92089  114.43814  107  298  121.27096  114.39123  5.67%   471 6987s
 115274 94143  120.21924   56  310  121.27096  114.39561  5.67%   471 7005s
 117722 94426  117.40146   53  556  121.27096  114.40264  5.66%   465 7022s
 118087 96563     cutoff   42       121.27096  114.40382  5.66%   464 7041s
 120508 98459 infeasible   97       121.27096  114.40828  5.66%   458 7059s
 122657 100351  117.53112   63  482  121.27096  114.41202  5.66%   453 7080s
 124987 100617     cutoff   47       121.27096  114.41599  5.65%   448 7101s
 125377 102738  115.75886   58  482  121.27096  114.41879  5.65%   448 7120s
 127907 104130     cutoff   50       121.27096  114.42303  5.65%   442 7140s
 129557 107868  117.55714   64  444  121.27096  114.42588  5.64%   438 7200s

Cutting planes:
  Learned: 2
  Gomory: 131
  Lift-and-project: 13
  Cover: 238
  Implied bound: 848
  MIR: 1490
  StrongCG: 11
  Flow cover: 2839
  GUB cover: 26
  Inf proof: 38
  Zero half: 68
  Network: 2
  RLT: 110
  Relax-and-lift: 232

Explored 133942 nodes (57541517 simplex iterations) in 7200.52 seconds (4976.03 work units)
Thread count was 32 (of 32 available processors)

Solution count 10: 121.271 121.271 121.271 ... 123.467

Time limit reached
Best objective 1.212709607709e+02, best bound 1.144314290564e+02, gap 5.6399%
