
Gurobi 9.5.2 (linux64) logging started Tue Aug 11 14:40:26 2026

Set parameter LogFile to value "/mnt/beegfs/users/celinep/ChargeAndBreak/logs/oracle_RlongCmanyTnone_1_gurobi.log"
Gurobi Optimizer version 9.5.2 build v9.5.2rc0 (linux64)
Thread count: 16 physical cores, 32 logical processors, using up to 32 threads
Optimize a model with 8895 rows, 4682 columns and 155187 nonzeros
Model fingerprint: 0x9d6388d2
Variable types: 2951 continuous, 1731 integer (1731 binary)
Coefficient statistics:
  Matrix range     [3e-02, 2e+03]
  Objective range  [5e-01, 1e+00]
  Bounds range     [1e+00, 6e+01]
  RHS range        [7e-03, 2e+07]

User MIP start did not produce a new incumbent solution

Presolve removed 2769 rows and 882 columns
Presolve time: 3.03s
Presolved: 6126 rows, 3800 columns, 140116 nonzeros
Variable types: 2269 continuous, 1531 integer (1531 binary)
Found heuristic solution: objective 1891.8896210
Root relaxation presolve removed 166 rows and 106 columns
Root relaxation presolved: 5960 rows, 3694 columns, 108284 nonzeros


Root simplex log...

Iteration    Objective       Primal Inf.    Dual Inf.      Time
    2282    5.6699739e+01   8.113918e+04   0.000000e+00      5s
    4805    1.0681825e+02   0.000000e+00   0.000000e+00      6s
    4806    1.0681825e+02   0.000000e+00   0.000000e+00      6s
Extra simplex iterations after uncrush: 1

Root relaxation: objective 1.068182e+02, 4806 iterations, 2.31 seconds (1.01 work units)
Another try with MIP start

    Nodes    |    Current Node    |     Objective Bounds      |     Work
 Expl Unexpl |  Obj  Depth IntInf | Incumbent    BestBd   Gap | It/Node Time

H    0     0                     121.6921246  106.81825  12.2%     -    9s
     0     0  106.81825    0  253  121.69212  106.81825  12.2%     -    9s
     0     0  108.79178    0  224  121.69212  108.79178  10.6%     -   11s
     0     0  108.80405    0  217  121.69212  108.80405  10.6%     -   11s
     0     0  108.80566    0  217  121.69212  108.80566  10.6%     -   11s
     0     0  108.80596    0  219  121.69212  108.80596  10.6%     -   11s
     0     0  108.98938    0  361  121.69212  108.98938  10.4%     -   13s
     0     0  109.02400    0  364  121.69212  109.02400  10.4%     -   13s
     0     0  109.02933    0  368  121.69212  109.02933  10.4%     -   13s
     0     0  109.03038    0  366  121.69212  109.03038  10.4%     -   14s
     0     0  109.21373    0  301  121.69212  109.21373  10.3%     -   16s
     0     0  109.25440    0  290  121.69212  109.25440  10.2%     -   16s
     0     0  109.26240    0  299  121.69212  109.26240  10.2%     -   16s
     0     0  109.26243    0  288  121.69212  109.26243  10.2%     -   17s
     0     0  109.37132    0  315  121.69212  109.37132  10.1%     -   19s
     0     0  109.39309    0  360  121.69212  109.39309  10.1%     -   19s
     0     0  109.40203    0  364  121.69212  109.40203  10.1%     -   20s
     0     0  109.40360    0  367  121.69212  109.40360  10.1%     -   20s
     0     0  109.40361    0  368  121.69212  109.40361  10.1%     -   20s
     0     0  109.43730    0  375  121.69212  109.43730  10.1%     -   22s
     0     0  109.44973    0  388  121.69212  109.44973  10.1%     -   22s
     0     0  109.45176    0  400  121.69212  109.45176  10.1%     -   23s
     0     0  109.45233    0  369  121.69212  109.45233  10.1%     -   23s
     0     0  109.45243    0  366  121.69212  109.45243  10.1%     -   23s
     0     0  109.48686    0  332  121.69212  109.48686  10.0%     -   25s
     0     0  109.49275    0  384  121.69212  109.49275  10.0%     -   25s
     0     0  109.49667    0  368  121.69212  109.49667  10.0%     -   26s
     0     0  109.49724    0  370  121.69212  109.49724  10.0%     -   26s
     0     0  109.49724    0  370  121.69212  109.49724  10.0%     -   26s
     0     0  109.51068    0  341  121.69212  109.51068  10.0%     -   28s
     0     0  109.51163    0  345  121.69212  109.51163  10.0%     -   28s
     0     0  109.51222    0  362  121.69212  109.51222  10.0%     -   28s
     0     0  109.51224    0  353  121.69212  109.51224  10.0%     -   28s
     0     0  109.51739    0  306  121.69212  109.51739  10.0%     -   29s
     0     0  109.51776    0  298  121.69212  109.51776  10.0%     -   29s
     0     0  109.52390    0  293  121.69212  109.52390  10.0%     -   30s
     0     0  109.52404    0  297  121.69212  109.52404  10.0%     -   30s
     0     0  109.52506    0  284  121.69212  109.52506  10.0%     -   32s
     0     0  109.52547    0  299  121.69212  109.52547  10.0%     -   32s
     0     0  109.52578    0  295  121.69212  109.52578  10.0%     -   33s
     0     0  109.52578    0  219  121.69212  109.52578  10.0%     -   35s
     0     2  109.52578    0  217  121.69212  109.52578  10.0%     -   36s
     7    16  109.52590    3  327  121.69212  109.52590  10.0%   418   40s
    63    80  109.53981    7  313  121.69212  109.52634  10.0%   305   47s
H   79    96                     121.3599601  109.53100  9.75%   328   49s
H   90    96                     121.2631983  109.53224  9.67%   322   49s
H   91    96                     121.1148898  109.53224  9.56%   321   49s
    95   112  109.54373    9  338  121.11489  109.53224  9.56%   320   50s
   127   144  109.54184   11  325  121.11489  109.53592  9.56%   316   55s
H  130   144                     121.1148897  109.54177  9.56%   312   55s
H  131   144                     121.1148897  109.54184  9.56%   311   55s
H  140   144                     121.0832464  109.54184  9.53%   314   55s
   184   201  109.54547   14  326  121.08325  109.54547  9.53%   315   67s
H  188   201                     121.0832464  109.54867  9.53%   315   67s
H  189   201                     110.1982231  109.54867  0.59%   317   67s
H  192   201                     110.1282850  109.54867  0.53%   319   67s
   223   150  109.56178   16  318  110.12828  109.55459  0.52%   308   70s
   564   258 infeasible   10       110.12828  109.57341  0.50%   222   75s

Cutting planes:
  Gomory: 84
  Lift-and-project: 44
  Cover: 16
  Implied bound: 234
  Clique: 2
  MIR: 1234
  StrongCG: 1
  Flow cover: 1964
  Flow path: 3
  Inf proof: 2
  Zero half: 124
  RLT: 138
  Relax-and-lift: 76

Explored 602 nodes (147678 simplex iterations) in 75.65 seconds (26.62 work units)
Thread count was 32 (of 32 available processors)

Solution count 10: 110.128 110.198 121.083 ... 1891.89

Optimal solution found (tolerance 5.00e-03)
Warning: max constraint violation (4.3436e-06) exceeds tolerance
Best objective 1.101282849857e+02, best bound 1.095804806714e+02, gap 0.4974%
