
Gurobi 9.5.2 (linux64) logging started Fri Aug 14 13:09:29 2026

Set parameter LogFile to value "/mnt/beegfs/users/celinep/ChargeAndBreak/logs/oracle_RshortCmediumTmedium_21_gurobi.log"
Gurobi Optimizer version 9.5.2 build v9.5.2rc0 (linux64)
Thread count: 16 physical cores, 32 logical processors, using up to 32 threads
Optimize a model with 2389 rows, 1252 columns and 15244 nonzeros
Model fingerprint: 0x66b50377
Variable types: 792 continuous, 460 integer (460 binary)
Coefficient statistics:
  Matrix range     [5e-02, 5e+02]
  Objective range  [5e-01, 1e+00]
  Bounds range     [1e+00, 2e+01]
  RHS range        [1e-01, 5e+02]

User MIP start produced solution with objective 35.8097 (0.01s)
Loaded user MIP start with objective 35.8097

Presolve removed 925 rows and 330 columns
Presolve time: 0.08s
Presolved: 1464 rows, 922 columns, 9243 nonzeros
Variable types: 564 continuous, 358 integer (356 binary)
Root relaxation presolve removed 35 rows and 29 columns
Root relaxation presolved: 1429 rows, 893 columns, 8722 nonzeros


Root relaxation: objective 3.379233e+01, 1044 iterations, 0.05 seconds (0.04 work units)

    Nodes    |    Current Node    |     Objective Bounds      |     Work
 Expl Unexpl |  Obj  Depth IntInf | Incumbent    BestBd   Gap | It/Node Time

     0     0   33.79233    0   30   35.80970   33.79233  5.63%     -    0s
H    0     0                      34.9165347   33.79233  3.22%     -    0s
H    0     0                      34.7434456   33.79233  2.74%     -    0s
H    0     0                      34.7383281   33.79233  2.72%     -    0s
H    0     0                      34.6570363   34.06022  1.72%     -    0s
     0     0   34.16011    0   25   34.65704   34.16011  1.43%     -    0s
     0     0   34.29142    0   31   34.65704   34.29142  1.05%     -    0s
     0     0   34.29142    0   14   34.65704   34.29142  1.05%     -    0s
H    0     0                      34.6482648   34.29142  1.03%     -    0s
     0     0   34.29142    0   45   34.64826   34.29142  1.03%     -    0s
     0     0   34.29142    0   37   34.64826   34.29142  1.03%     -    0s
H    0     0                      34.5882102   34.29142  0.86%     -    0s
     0     0   34.29142    0    8   34.58821   34.29142  0.86%     -    0s
     0     0   34.29142    0   27   34.58821   34.29142  0.86%     -    0s
H    0     0                      34.5108088   34.29142  0.64%     -    1s
     0     0   34.30109    0   25   34.51081   34.30109  0.61%     -    1s
     0     0   34.30793    0   33   34.51081   34.30793  0.59%     -    1s
     0     0   34.31011    0   33   34.51081   34.31011  0.58%     -    1s
     0     0   34.31041    0   36   34.51081   34.31041  0.58%     -    1s
     0     0   34.31044    0   34   34.51081   34.31044  0.58%     -    1s
H    0     0                      34.5012452   34.31044  0.55%     -    1s
     0     0   34.32769    0   33   34.50125   34.32769  0.50%     -    1s
     0     0   34.33115    0   34   34.50125   34.33115  0.49%     -    1s

Cutting planes:
  Gomory: 7
  Lift-and-project: 8
  Cover: 1
  Implied bound: 10
  MIR: 27
  Flow cover: 29
  RLT: 1
  Relax-and-lift: 6

Explored 1 nodes (3258 simplex iterations) in 1.13 seconds (0.36 work units)
Thread count was 32 (of 32 available processors)

Solution count 10: 34.5012 34.5108 34.5882 ... 35.8097

Optimal solution found (tolerance 5.00e-03)
Best objective 3.450124517231e+01, best bound 3.433114981382e+01, gap 0.4930%
