
Gurobi 9.5.2 (linux64) logging started Fri Aug 14 23:04:28 2026

Set parameter LogFile to value "/mnt/beegfs/users/celinep/ChargeAndBreak/logs/oracle_RlongCfewTlarge_19_gurobi.log"
Gurobi Optimizer version 9.5.2 build v9.5.2rc0 (linux64)
Thread count: 16 physical cores, 32 logical processors, using up to 32 threads
Optimize a model with 9888 rows, 5195 columns and 190218 nonzeros
Model fingerprint: 0x889a91c8
Variable types: 3277 continuous, 1918 integer (1918 binary)
Coefficient statistics:
  Matrix range     [2e-02, 2e+03]
  Objective range  [5e-01, 1e+00]
  Bounds range     [1e+00, 6e+01]
  RHS range        [2e-01, 5e+02]

User MIP start produced solution with objective 127.984 (0.15s)
Loaded user MIP start with objective 127.984

Presolve removed 3035 rows and 950 columns
Presolve time: 3.88s
Presolved: 6853 rows, 4245 columns, 171138 nonzeros
Variable types: 2536 continuous, 1709 integer (1709 binary)
Root relaxation presolve removed 185 rows and 121 columns
Root relaxation presolved: 6668 rows, 4124 columns, 133036 nonzeros


Root simplex log...

Iteration    Objective       Primal Inf.    Dual Inf.      Time
    2793    7.6702152e+01   1.292023e+05   0.000000e+00      5s
    5188    1.2207087e+02   0.000000e+00   0.000000e+00      6s
    5188    1.2207087e+02   0.000000e+00   0.000000e+00      6s

Root relaxation: objective 1.220709e+02, 5188 iterations, 1.31 seconds (1.12 work units)

    Nodes    |    Current Node    |     Objective Bounds      |     Work
 Expl Unexpl |  Obj  Depth IntInf | Incumbent    BestBd   Gap | It/Node Time

     0     0  122.07087    0  264  127.98378  122.07087  4.62%     -    6s
     0     0  123.71919    0  271  127.98378  123.71919  3.33%     -    9s
     0     0  124.11012    0  394  127.98378  124.11012  3.03%     -   10s
     0     0  124.15019    0  336  127.98378  124.15019  3.00%     -   11s
     0     0  124.15082    0  304  127.98378  124.15082  2.99%     -   11s
     0     0  124.15127    0  355  127.98378  124.15127  2.99%     -   11s
     0     0  124.15144    0  354  127.98378  124.15144  2.99%     -   11s
     0     0  124.38368    0  249  127.98378  124.38368  2.81%     -   12s
     0     0  124.45876    0  225  127.98378  124.45876  2.75%     -   12s
     0     0  124.47402    0  236  127.98378  124.47402  2.74%     -   12s
     0     0  124.48121    0  237  127.98378  124.48121  2.74%     -   12s
     0     0  124.48261    0  230  127.98378  124.48261  2.74%     -   13s
     0     0  124.48266    0  232  127.98378  124.48266  2.74%     -   13s
     0     0  124.63909    0  249  127.98378  124.63909  2.61%     -   14s
     0     0  124.70643    0  299  127.98378  124.70643  2.56%     -   14s
     0     0  124.71707    0  296  127.98378  124.71707  2.55%     -   14s
     0     0  124.71904    0  302  127.98378  124.71904  2.55%     -   14s
     0     0  124.71948    0  308  127.98378  124.71948  2.55%     -   14s
     0     0  124.78069    0  370  127.98378  124.78069  2.50%     -   16s
     0     0  124.79202    0  375  127.98378  124.79202  2.49%     -   16s
     0     0  124.79397    0  323  127.98378  124.79397  2.49%     -   17s
     0     0  124.79415    0  325  127.98378  124.79415  2.49%     -   17s
     0     0  124.83340    0  278  127.98378  124.83340  2.46%     -   19s
     0     0  124.84690    0  325  127.98378  124.84690  2.45%     -   19s
     0     0  124.84800    0  393  127.98378  124.84800  2.45%     -   20s
     0     0  124.84814    0  303  127.98378  124.84814  2.45%     -   20s
     0     0  124.85399    0  316  127.98378  124.85399  2.45%     -   22s
     0     0  124.86060    0  285  127.98378  124.86060  2.44%     -   23s
     0     0  124.86080    0  286  127.98378  124.86080  2.44%     -   23s
     0     0  124.86130    0  290  127.98378  124.86130  2.44%     -   25s
     0     0  124.86135    0  287  127.98378  124.86135  2.44%     -   26s
     0     0  124.86803    0  405  127.98378  124.86803  2.43%     -   28s
H    0     0                     127.4655469  124.86803  2.04%     -   28s
     0     0  124.86901    0  329  127.46555  124.86901  2.04%     -   28s
     0     0  124.86934    0  319  127.46555  124.86934  2.04%     -   28s
     0     0  124.87689    0  399  127.46555  124.87689  2.03%     -   30s
     0     0  124.88136    0  345  127.46555  124.88136  2.03%     -   30s
     0     0  124.88149    0  345  127.46555  124.88149  2.03%     -   30s
     0     0  124.88898    0  275  127.46555  124.88898  2.02%     -   31s
     0     0  124.89337    0  312  127.46555  124.89337  2.02%     -   31s
     0     0  124.89590    0  307  127.46555  124.89590  2.02%     -   32s
     0     0  124.89643    0  297  127.46555  124.89643  2.02%     -   32s
     0     0  124.90201    0  368  127.46555  124.90201  2.01%     -   34s
     0     0  124.90275    0  353  127.46555  124.90275  2.01%     -   34s
     0     0  124.90391    0  340  127.46555  124.90391  2.01%     -   34s
     0     0  124.90410    0  354  127.46555  124.90410  2.01%     -   34s
     0     0  124.91234    0  332  127.46555  124.91234  2.00%     -   36s
     0     0  124.91307    0  334  127.46555  124.91307  2.00%     -   36s
     0     0  124.91326    0  333  127.46555  124.91326  2.00%     -   36s
     0     0  124.91555    0  328  127.46555  124.91555  2.00%     -   37s
     0     0  124.91592    0  334  127.46555  124.91592  2.00%     -   37s
     0     0  124.91693    0  325  127.46555  124.91693  2.00%     -   39s
     0     0  124.91693    0  325  127.46555  124.91693  2.00%     -   40s
H    0     0                     126.9519003  124.91693  1.60%     -   40s
     0     2  124.91693    0  227  126.95190  124.91693  1.60%     -   41s
    29    40  124.92579    5  386  126.95190  124.92579  1.60%   310   45s
H   77    80                     126.6191720  124.92587  1.34%   314   48s
H   78    80                     126.3541460  124.92596  1.13%   320   48s
H   85    80                     126.1249489  124.92610  0.95%   323   48s
   126   126  124.93115   11  477  126.12495  124.92680  0.95%   296   51s
H  128   126                     126.1220109  124.92746  0.95%   294   51s
H  132   126                     125.7916156  124.93115  0.68%   293   51s
   181   162  124.95925   14  491  125.79162  124.93115  0.68%   284   58s
H  187   162                     125.7916156  124.93116  0.68%   279   58s
H  199   162                     125.7916156  124.93116  0.68%   275   58s
   201   174  124.99543   15  398  125.79162  124.93116  0.68%   281   60s
   315   270  124.95273   25  462  125.79162  124.95273  0.67%   314   65s
   574   557  124.98652   11  316  125.79162  124.97539  0.65%   285   71s
   948   801  125.05527    9  326  125.79162  124.97943  0.65%   245   75s
  1461  1192  125.02277   11  209  125.79162  124.98789  0.64%   221   82s
  1902  1443  125.01092   27  435  125.79162  124.99294  0.63%   211   86s
H 2094  1443                     125.7315789  124.99428  0.59%   212   93s
  2095  1444  125.12478   22  325  125.73158  124.99428  0.59%   212  104s
  2097  1445  125.01947   25  135  125.73158  124.99428  0.59%   211  109s
  2098  1446  125.03217   35  132  125.73158  124.99428  0.59%   211  114s
  2099  1447  125.05950   20  239  125.73158  124.99428  0.59%   211  115s
  2106  1451  125.02612   39  252  125.73158  125.01466  0.57%   211  125s
  2111  1455  125.04646   12  328  125.73158  125.04646  0.54%   210  130s

Cutting planes:
  Learned: 1
  Gomory: 87
  Lift-and-project: 16
  Cover: 18
  Implied bound: 65
  Clique: 3
  MIR: 266
  Flow cover: 524
  Inf proof: 3
  Zero half: 8
  RLT: 28
  Relax-and-lift: 27
  PSD: 1

Explored 2111 nodes (495714 simplex iterations) in 137.02 seconds (70.21 work units)
Thread count was 32 (of 32 available processors)

Solution count 10: 125.732 125.792 125.792 ... 127.466

Optimal solution found (tolerance 5.00e-03)
Best objective 1.257315788560e+02, best bound 1.251070862861e+02, gap 0.4967%
