
Gurobi 9.5.2 (linux64) logging started Mon Aug 10 15:14:07 2026

Set parameter LogFile to value "/mnt/beegfs/users/celinep/ChargeAndBreak/logs/oracle_RshortCmanyTtight_3_gurobi.log"
Gurobi Optimizer version 9.5.2 build v9.5.2rc0 (linux64)
Thread count: 16 physical cores, 32 logical processors, using up to 32 threads
Optimize a model with 2698 rows, 1421 columns and 18294 nonzeros
Model fingerprint: 0xef047d47
Variable types: 897 continuous, 524 integer (524 binary)
Coefficient statistics:
  Matrix range     [5e-02, 6e+02]
  Objective range  [5e-01, 1e+00]
  Bounds range     [1e+00, 3e+01]
  RHS range        [1e-02, 5e+02]

User MIP start did not produce a new incumbent solution

Presolve removed 1052 rows and 382 columns
Presolve time: 0.12s
Presolved: 1646 rows, 1039 columns, 11023 nonzeros
Variable types: 630 continuous, 409 integer (407 binary)
Found heuristic solution: objective 536.5361109
Found heuristic solution: objective 291.7003626
Found heuristic solution: objective 268.8403221
Found heuristic solution: objective 267.5471327
Root relaxation presolve removed 24 rows and 23 columns
Root relaxation presolved: 1622 rows, 1016 columns, 10964 nonzeros


Root relaxation: objective 3.856838e+01, 1539 iterations, 0.10 seconds (0.07 work units)
Another try with MIP start

    Nodes    |    Current Node    |     Objective Bounds      |     Work
 Expl Unexpl |  Obj  Depth IntInf | Incumbent    BestBd   Gap | It/Node Time

H    0     0                      39.6382752   38.56838  2.70%     -    0s
     0     0   38.56838    0   95   39.63828   38.56838  2.70%     -    0s
     0     0   38.84977    0   37   39.63828   38.84977  1.99%     -    0s
     0     0   38.85280    0   59   39.63828   38.85280  1.98%     -    0s
     0     0   38.87901    0   37   39.63828   38.87901  1.92%     -    0s
     0     0   38.87914    0   35   39.63828   38.87914  1.92%     -    0s
     0     0   38.87928    0   35   39.63828   38.87928  1.91%     -    0s
     0     0   38.89373    0   82   39.63828   38.89373  1.88%     -    1s
     0     0   38.91272    0   81   39.63828   38.91272  1.83%     -    1s
     0     0   38.94035    0   79   39.63828   38.94035  1.76%     -    1s
     0     0   38.94035    0   63   39.63828   38.94035  1.76%     -    1s
     0     0   38.94035    0   37   39.63828   38.94035  1.76%     -    1s
     0     0   39.03414    0   59   39.63828   39.03414  1.52%     -    1s
     0     0   39.07715    0   63   39.63828   39.07715  1.42%     -    1s
     0     0   39.19428    0   54   39.63828   39.19428  1.12%     -    1s
H    0     0                      39.2380761   39.19428  0.11%     -    1s
     0     0   39.23808    0   60   39.23808   39.23808  0.00%     -    1s

Cutting planes:
  Gomory: 13
  Lift-and-project: 4
  Cover: 18
  Implied bound: 15
  Projected implied bound: 2
  Clique: 4
  MIR: 46
  Flow cover: 50
  GUB cover: 2
  Network: 2
  RLT: 11
  Relax-and-lift: 7

Explored 1 nodes (3682 simplex iterations) in 1.82 seconds (0.74 work units)
Thread count was 32 (of 32 available processors)

Solution count 7: 39.2381 39.6383 39.6383 ... 536.536

Optimal solution found (tolerance 5.00e-03)
Best objective 3.923807614707e+01, best bound 3.923807614707e+01, gap 0.0000%
