
Gurobi 9.5.2 (linux64) logging started Thu Aug 13 19:44:48 2026

Set parameter LogFile to value "/mnt/beegfs/users/celinep/ChargeAndBreak/logs/oracle_RlongCmediumTnone_8_gurobi.log"
Gurobi Optimizer version 9.5.2 build v9.5.2rc0 (linux64)
Thread count: 16 physical cores, 32 logical processors, using up to 32 threads
Optimize a model with 9396 rows, 4946 columns and 171604 nonzeros
Model fingerprint: 0x2abb304f
Variable types: 3118 continuous, 1828 integer (1828 binary)
Coefficient statistics:
  Matrix range     [4e-02, 2e+03]
  Objective range  [5e-01, 1e+00]
  Bounds range     [1e+00, 6e+01]
  RHS range        [3e-02, 2e+07]

User MIP start did not produce a new incumbent solution

Presolve removed 2914 rows and 930 columns
Presolve time: 2.71s
Presolved: 6482 rows, 4016 columns, 154657 nonzeros
Variable types: 2401 continuous, 1615 integer (1615 binary)
Found heuristic solution: objective 2008.4325578
Root relaxation presolve removed 176 rows and 114 columns
Root relaxation presolved: 6306 rows, 3902 columns, 119659 nonzeros

Extra simplex iterations after uncrush: 1

Root relaxation: objective 1.089620e+02, 5337 iterations, 1.21 seconds (1.23 work units)
Another try with MIP start

    Nodes    |    Current Node    |     Objective Bounds      |     Work
 Expl Unexpl |  Obj  Depth IntInf | Incumbent    BestBd   Gap | It/Node Time

H    0     0                     124.1678454  108.96204  12.2%     -    8s
     0     0  108.96204    0  316  124.16785  108.96204  12.2%     -    8s
     0     0  110.88228    0  238  124.16785  110.88228  10.7%     -   10s
     0     0  111.08567    0  266  124.16785  111.08567  10.5%     -   11s
     0     0  111.09916    0  302  124.16785  111.09916  10.5%     -   11s
     0     0  111.10024    0  302  124.16785  111.10024  10.5%     -   11s
     0     0  111.10047    0  305  124.16785  111.10047  10.5%     -   11s
     0     0  111.36922    0  350  124.16785  111.36922  10.3%     -   12s
     0     0  111.43681    0  395  124.16785  111.43681  10.3%     -   12s
     0     0  111.44146    0  409  124.16785  111.44146  10.2%     -   12s
     0     0  111.44168    0  412  124.16785  111.44168  10.2%     -   12s
     0     0  111.55761    0  354  124.16785  111.55761  10.2%     -   13s
     0     0  111.59094    0  331  124.16785  111.59094  10.1%     -   13s
     0     0  111.59673    0  254  124.16785  111.59673  10.1%     -   13s
     0     0  111.59721    0  312  124.16785  111.59721  10.1%     -   13s
     0     0  111.65669    0  350  124.16785  111.65669  10.1%     -   15s
     0     0  111.67331    0  374  124.16785  111.67331  10.1%     -   15s
     0     0  111.67713    0  412  124.16785  111.67713  10.1%     -   15s
     0     0  111.67943    0  397  124.16785  111.67943  10.1%     -   15s
     0     0  111.68030    0  399  124.16785  111.68030  10.1%     -   15s
     0     0  111.68030    0  396  124.16785  111.68030  10.1%     -   15s
     0     0  111.71937    0  370  124.16785  111.71937  10.0%     -   17s
     0     0  111.72849    0  422  124.16785  111.72849  10.0%     -   17s
     0     0  111.73170    0  407  124.16785  111.73170  10.0%     -   17s
     0     0  111.73179    0  435  124.16785  111.73179  10.0%     -   18s
     0     0  111.80918    0  420  124.16785  111.80918  10.0%     -   20s
     0     0  111.83071    0  437  124.16785  111.83071  9.94%     -   20s
     0     0  111.83576    0  428  124.16785  111.83576  9.93%     -   20s
     0     0  111.83637    0  422  124.16785  111.83637  9.93%     -   20s
     0     0  111.83637    0  424  124.16785  111.83637  9.93%     -   20s
     0     0  111.87117    0  462  124.16785  111.87117  9.90%     -   23s
     0     0  111.87441    0  454  124.16785  111.87441  9.90%     -   23s
     0     0  111.87541    0  462  124.16785  111.87541  9.90%     -   23s
     0     0  111.87577    0  469  124.16785  111.87577  9.90%     -   23s
     0     0  111.88902    0  443  124.16785  111.88902  9.89%     -   25s
     0     0  111.89222    0  495  124.16785  111.89222  9.89%     -   25s
     0     0  111.89295    0  514  124.16785  111.89295  9.89%     -   26s
     0     0  111.89303    0  503  124.16785  111.89303  9.89%     -   26s
     0     0  111.89754    0  519  124.16785  111.89754  9.88%     -   27s
     0     0  111.89825    0  509  124.16785  111.89825  9.88%     -   27s
     0     0  111.89846    0  522  124.16785  111.89846  9.88%     -   28s
     0     0  111.90154    0  500  124.16785  111.90154  9.88%     -   30s
     0     0  111.90260    0  547  124.16785  111.90260  9.88%     -   30s
     0     0  111.90262    0  501  124.16785  111.90262  9.88%     -   31s
     0     0  111.90872    0  477  124.16785  111.90872  9.87%     -   33s
     0     0  111.91164    0  466  124.16785  111.91164  9.87%     -   33s
     0     0  111.91267    0  440  124.16785  111.91267  9.87%     -   33s
     0     0  111.91279    0  438  124.16785  111.91279  9.87%     -   33s
     0     0  111.91444    0  446  124.16785  111.91444  9.87%     -   35s
     0     0  111.91547    0  438  124.16785  111.91547  9.87%     -   36s
     0     0  111.91582    0  430  124.16785  111.91582  9.87%     -   36s
     0     0  111.91703    0  507  124.16785  111.91703  9.87%     -   37s
     0     0  111.91703    0  352  124.16785  111.91703  9.87%     -   38s
     0     2  111.91703    0  334  124.16785  111.91703  9.87%     -   39s
     1     4  111.91703    1  341  124.16785  111.91703  9.87%   462   40s
    47    64  111.93554    6  451  124.16785  111.93548  9.85%   435   46s
H   79    96                     123.6773188  111.93670  9.49%   429   50s
H   80    96                     123.5792253  111.93674  9.42%   426   50s
   127   144  111.93796   11  497  123.57923  111.93766  9.42%   446   56s
H  133   144                     123.5792252  111.93804  9.42%   445   56s
   182   199  112.02885   14  481  123.57923  111.94858  9.41%   452   73s
H  185   199                     123.5792246  111.94941  9.41%   445   73s
   198   215  111.97087   15  516  123.57922  111.94980  9.41%   449   76s
   288   312  111.99487   19  524  123.57922  111.98659  9.38%   448   80s
   334   360  114.30491   23  300  123.57922  111.98913  9.38%   452   92s
   376   398  113.95915   27  376  123.57922  111.99489  9.37%   455   96s
   579   630  112.03961   35  414  123.57922  112.00570  9.37%   402  101s
   766   850  112.04284   43  470  123.57922  112.02771  9.35%   377  105s
  1126  1223  112.04472   23  412  123.57922  112.04472  9.33%   326  111s
  1389  1511  112.04584   25  411  123.57922  112.04584  9.33%   298  115s
  1707  1849  113.75212   19  345  123.57922  112.05135  9.33%   277  120s
H 2137  2112                     123.5567976  112.05309  9.31%   252  132s
  2138  2113  113.37942   18  352  123.55680  112.05309  9.31%   251  138s
  2140  2114  114.30774   25  231  123.55680  112.05309  9.31%   251  143s
  2141  2115  112.10980   19  224  123.55680  112.05309  9.31%   251  146s
  2149  2120  113.53486   41  429  123.55680  112.05309  9.31%   250  150s
  2150  2121  115.81925    5  259  123.55680  112.05309  9.31%   250  160s
  2153  2123  113.27329   17  361  123.55680  112.05309  9.31%   250  165s
  2154  2124  112.61982   53  259  123.55680  112.05309  9.31%   250  173s
  2157  2126  112.56906   23  363  123.55680  112.05309  9.31%   249  177s
  2158  2126  112.11366   23  316  123.55680  112.05530  9.31%   249  184s
  2159  2127  112.06243   20  407  123.55680  112.06243  9.30%   249  185s
  2163  2130  115.96828   19  389  123.55680  112.08683  9.28%   249  194s
  2166  2132  112.10143   12  461  123.55680  112.10143  9.27%   248  200s
  2167  2132  114.55214   52  386  123.55680  112.10227  9.27%   248  212s
  2169  2134  114.79496   22  394  123.55680  112.10347  9.27%   248  217s
  2170  2134  113.00259   15  396  123.55680  112.10951  9.26%   248  225s
  2171  2135  113.51552   42  410  123.55680  112.10962  9.26%   248  230s
  2172  2136  114.21264   22  405  123.55680  112.11485  9.26%   247  238s
  2176  2138  112.11876   34  465  123.55680  112.11876  9.26%   247  245s
  2177  2139  114.01536   17  372  123.55680  112.12172  9.25%   247  256s
  2181  2142  121.82540   30  415  123.55680  112.12551  9.25%   246  261s
  2183  2143  113.82048   37  425  123.55680  112.12723  9.25%   246  266s
  2184  2144  112.44331   23  407  123.55680  112.12757  9.25%   246  271s
  2185  2144  122.02600   46  376  123.55680  112.12822  9.25%   246  275s
  2186  2145  112.95464   53  398  123.55680  112.13040  9.25%   246  286s
  2187  2146  113.83563   42  397  123.55680  112.13040  9.25%   246  291s
  2189  2149  112.13042   11  407  123.55680  112.13042  9.25%   266  321s
  2191  2150  112.15202   12  380  123.55680  112.15202  9.23%   267  349s
  2194  2154  112.17222   13  373  123.55680  112.17222  9.21%   267  355s
  2209  2172  112.17795   15  429  123.55680  112.17745  9.21%   269  360s
  2241  2191  113.08025   17  299  123.55680  112.17881  9.21%   272  366s
  2273  2215  112.18058   19  434  123.55680  112.18022  9.21%   277  372s
  2313  2244  112.18214   23  447  123.55680  112.18058  9.21%   283  375s
H 2339  2142                     123.5567976  112.18275  9.21%   287  378s
  2350  2165  112.18278   25  455  123.55680  112.18278  9.21%   290  380s
  2431  2207  112.38852   29  432  123.55680  112.18833  9.20%   298  389s
  2444  2203  112.53545   29  410  123.55680  112.20942  9.18%   299  390s
H 2490  2148                     123.4734642  112.21596  9.12%   303  394s
  2511  2172  112.23876   37  389  123.47346  112.23028  9.11%   307  397s
  2543  2180  113.30809   36  319  123.47346  112.23876  9.10%   310  402s
  2594  2231  112.29366   40  418  123.47346  112.25402  9.09%   314  406s
  2630  2235  112.34817   45  394  123.47346  112.25889  9.08%   316  417s
  2702  2322  112.89779   45  372  123.47346  112.26261  9.08%   319  422s
  2927  2507  114.76260   46  327  123.47346  112.27078  9.07%   316  430s
  3109  2582  115.03130   48  513  123.47346  112.27374  9.07%   319  435s
  3298  2802  112.28265   53  394  123.47346  112.28265  9.06%   320  443s
  3437  2808  112.78562   54  382  123.47346  112.28448  9.06%   319  447s
  3490  3054  112.28856   43  346  123.47346  112.28683  9.06%   321  454s
H 3531  2943                     123.4734642  112.28702  9.06%   321  454s
H 3638  2814                     123.4734642  112.28821  9.06%   320  455s
  3754  2934  112.29803   44  332  123.47346  112.28891  9.06%   316  462s
  3914  3155  114.49370   27  355  123.47346  112.29037  9.06%   316  472s
  4194  3477  113.71742   28  338  123.47346  112.29295  9.05%   309  478s
  4626  3433  112.48228   35  413  123.47346  112.29387  9.05%   298  487s
  4726  3759  113.52062   29  402  123.47346  112.29469  9.05%   299  493s
  5086  3919  112.36275   42  311  123.47346  112.29605  9.05%   291  499s
  5369  4130  115.60353   30  340  123.47346  112.29812  9.05%   291  504s
  5674  4375  113.91997   33  353  123.47346  112.29973  9.05%   288  510s
  6033  4534  112.33750   44  372  123.47346  112.30140  9.05%   286  517s
  6312  4847  117.81509   46  352  123.47346  112.30304  9.05%   284  524s
  6752  4716  112.84847   51  351  123.47346  112.30649  9.04%   278  533s
  6768  5126  115.11411   30  357  123.47346  112.30777  9.04%   281  540s
  7203  5374  112.30862   53  379  123.47346  112.30862  9.04%   277  547s
  7596  5645  112.61144   54  269  123.47346  112.31028  9.04%   275  554s
  7941  5891  112.54426   58  337  123.47346  112.31150  9.04%   275  562s
  8195  6295  112.32638   54  398  123.47346  112.31231  9.04%   276  570s
  8600  6367  112.91041   53  430  123.47346  112.31419  9.04%   275  597s
  8672  6762  112.41674   45  378  123.47346  112.31632  9.04%   276  607s
  9070  7172  112.64258   63  350  123.47346  112.31824  9.03%   275  643s
  9501  7716  114.84616   40  353  123.47346  112.31980  9.03%   269  658s
 10046  8844  112.83388   54  229  123.47346  112.32133  9.03%   263  671s
 11197  9870  112.35598   58  385  123.47346  112.32311  9.03%   248  681s
 12253 10685  112.32880   55  348  123.47346  112.32463  9.03%   239  694s
 13081 11408  112.32513   37  425  123.47346  112.32513  9.03%   235  707s
 13880 11423  112.42755   38  343  123.47346  112.32701  9.03%   232  736s
 13896 12582  112.32950   60  365  123.47346  112.32788  9.03%   233  748s
 15083 13930  112.33223   46  401  123.47346  112.32937  9.03%   225  761s
 16536 14709  112.32980   68  399  123.47346  112.32966  9.03%   214  778s
 17321 15217  112.32998   69  386  123.47346  112.32998  9.02%   211  794s
 17392 15217  112.44017   39  363  123.47346  112.33001  9.02%   211  795s
 17841 16135  113.02843   70  355  123.47346  112.33086  9.02%   209  808s
 18781 17055  112.42533   66  360  123.47346  112.33448  9.02%   207  824s
 19721 18254  112.51328   32  320  123.47346  112.33547  9.02%   203  839s
 20934 20635  114.37528   38  433  123.47346  112.33660  9.02%   199  864s
 23409 21463  114.05255   45  329  123.47346  112.33784  9.02%   189  876s
 24273 21989  112.43448   46  277  123.47346  112.33946  9.02%   188  887s
 24807 22935  113.62051   51  372  123.47346  112.34097  9.02%   188  901s
 25767 22960  116.36628   33  413  123.47346  112.34175  9.02%   187  917s
 25793 23760  112.65640   42  369  123.47346  112.34250  9.01%   187  935s
 26597 24986  112.38435   43  338  123.47346  112.34253  9.01%   185  949s
 27464 24986  115.55478   48  237  123.47346  112.34381  9.01%   183  950s
 27845 26288  112.34430   48  340  123.47346  112.34430  9.01%   183  969s
 28827 26288  112.95720   48  334  123.47346  112.34539  9.01%   181  970s
 29194 27696  112.50068   51  343  123.47346  112.34567  9.01%   181  985s
 30625 29456  116.74788   49  300  123.47346  112.34648  9.01%   178 1003s
 32487 30827  113.35608   68  364  123.47346  112.34758  9.01%   174 1022s
 33899 31926  118.80608   53  196  123.47346  112.35003  9.01%   172 1043s
H34418 31926                     123.4734641  112.35022  9.01%   171 1043s
 35080 33413  113.82029   55  350  123.47346  112.35093  9.01%   170 1065s
 36633 34230  112.41923   43  364  123.47346  112.35246  9.01%   170 1088s
H36812 34230                     123.4734638  112.35280  9.01%   170 1088s
 37505 36746  112.45647   46  355  123.47346  112.35361  9.01%   170 1113s
 40111 38462  112.52839   61  322  123.47346  112.35446  9.01%   166 1141s
H40858 38462                     123.4734635  112.35482  9.00%   165 1141s
 41902 41236  112.61001   55  399  123.47346  112.35528  9.00%   164 1176s
 45081 42565  112.85076   57  297  123.47346  112.35640  9.00%   163 1195s
 46474 44545  112.35848   37  352  123.47346  112.35724  9.00%   162 1222s
 48704 45596  113.46904   42  386  123.47346  112.35875  9.00%   163 1247s
 49780 47964  114.03192   52  299  123.47346  112.35928  9.00%   163 1272s
 52274 50303  114.31543   55  269  123.47346  112.36069  9.00%   161 1299s
H52659 50303                     123.4734629  112.36096  9.00%   161 1299s
 54261 50303  114.44485   61  315  123.47346  112.36137  9.00%   159 1300s
 54705 51818  115.88533   51  362  123.47346  112.36229  9.00%   159 1334s
 56306 53888  112.96913   63  300  123.47346  112.36281  9.00%   158 1363s
 58458 56510  112.66530   60  396  123.47346  112.36354  9.00%   157 1389s
 61249 56601  112.91940   54  318  123.47346  112.36430  9.00%   156 1413s
 61341 58909  113.23816   61  437  123.47346  112.36491  9.00%   157 1436s
 63796 61742  114.46935   52  320  123.47346  112.36553  9.00%   156 1466s
 66748 63523  113.86335   32  367  123.47346  112.36699  9.00%   155 1497s
 68585 63757  112.37209   57  383  123.47346  112.36796  8.99%   155 1569s
 68822 65432  113.58592   36  411  123.47346  112.36852  8.99%   155 1596s
H70221 65432                     123.4734628  112.36902  8.99%   154 1596s
 70539 68285  113.82115   43  396  123.47346  112.36936  8.99%   154 1620s
 73492 69896  112.76182   57  333  123.47346  112.37034  8.99%   153 1646s
 75222 72137  114.55172   52  356  123.47346  112.37171  8.99%   154 1670s
 77541 74756  112.50048   50  341  123.47346  112.37237  8.99%   154 1698s
 80263 76934  112.68287   47  291  123.47346  112.37384  8.99%   153 1725s
 82503 79213  113.91941   52  355  123.47346  112.37505  8.99%   152 1744s
 84856 82335  113.11077   62  370  123.47346  112.37661  8.99%   152 1779s
 85473 82335  112.45083   54  373  123.47346  112.37674  8.99%   152 1780s
 88071 84167  112.56648   60  271  123.47346  112.37735  8.99%   151 1803s
 89969 84924  112.39021   31  403  123.47346  112.37837  8.99%   150 1826s
 90764 86813  113.31184   48  359  123.47346  112.37886  8.99%   151 1851s
 92752 89157  115.96536   50  274  123.47346  112.37940  8.98%   151 1878s
 95172 90765  116.68349   51  407  123.47346  112.38056  8.98%   151 1908s
 97012 93053  114.53644   59  291  123.47346  112.38152  8.98%   151 1932s
 99419 95158  112.50209   56  440  123.47346  112.38241  8.98%   151 1962s
 101768 96942  112.94186   53  333  123.47346  112.38321  8.98%   151 1991s
 103781 98681  112.48551   57  277  123.47346  112.38407  8.98%   152 2018s
 105619 100598  112.39837   62  343  123.47346  112.38453  8.98%   153 2052s
 107601 102214  113.65661   54  420  123.47346  112.38540  8.98%   153 2087s
 109318 105918  117.30036   39  271  123.47346  112.38640  8.98%   153 2136s
 113261 108408  113.27232   49  359  123.47346  112.38722  8.98%   152 2172s
 115837 111432  112.38811   62  432  123.47346  112.38797  8.98%   152 2215s
 119030 113360  113.70541   50  260  123.47346  112.38940  8.98%   152 2249s
 121006 115840  112.40425   67  281  123.47346  112.39009  8.98%   152 2284s
H122884 115840                     123.4734615  112.39052  8.98%   151 2284s
 123582 117812  113.86178   42  340  123.47346  112.39068  8.98%   151 2318s
 125638 119977  112.95884   56  348  123.47346  112.39139  8.98%   151 2352s
 128006 122756  115.11600   63  210  123.47346  112.39232  8.97%   152 2395s
 131077 123871  112.54780   41  356  123.47346  112.39307  8.97%   152 2423s
 132274 127133  112.39392   63  403  123.47346  112.39392  8.97%   152 2464s
 135661 129360  112.41195   67  411  123.47346  112.39418  8.97%   151 2502s
 137948 131439  112.51387   35  430  123.47346  112.39529  8.97%   151 2534s
 140210 132760  112.74984   55  320  123.47346  112.39573  8.97%   151 2567s
 141640 134668  115.77503   54  408  123.47346  112.39635  8.97%   152 2601s
 143608 136716  112.46810   67  342  123.47346  112.39686  8.97%   152 2634s
 145868 139427  112.47182   81  319  123.47346  112.39749  8.97%   152 2668s
 148726 142639  112.40411   81  393  123.47346  112.39776  8.97%   152 2701s
 152096 144686  112.43122   53  239  123.47346  112.39876  8.97%   151 2733s
 154335 145843  113.48737   79  455  123.47346  112.39914  8.97%   151 2773s
 155507 147748  112.76104   71  394  123.47346  112.39953  8.97%   151 2806s
 157638 150208  113.09052   49  375  123.47346  112.40004  8.97%   152 2834s
 160206 152876  113.44174   46  415  123.47346  112.40055  8.97%   152 2867s
 163000 154719  112.52102   51  376  123.47346  112.40136  8.97%   151 2899s
 165095 155354  112.94873   53  274  123.47346  112.40197  8.97%   151 2949s
H165096 155146                     123.3987134  112.40197  8.91%   151 2949s
 165747 157699  112.52356   54  310  123.39871  112.40232  8.91%   151 2985s
 168441 159769  112.60517   77  315  123.39871  112.40318  8.91%   151 3019s
 168833 159769  112.93741   43  283  123.39871  112.40327  8.91%   151 3020s
 170577 162203  113.08924   47  302  123.39871  112.40384  8.91%   151 3062s
 173375 164238  114.53934   63  288  123.39871  112.40449  8.91%   151 3116s
 175571 166404  112.43747   53  385  123.39871  112.40492  8.91%   151 3152s
 177894 168319  112.52278   39  381  123.39871  112.40566  8.91%   151 3188s
 180115 170868  112.40786   43  365  123.39871  112.40663  8.91%   152 3232s
H180361 170868                     123.3987134  112.40663  8.91%   152 3233s
 182887 173928  116.31046   48  237  123.39871  112.40726  8.91%   152 3270s
 186152 176065  112.85194   42  237  123.39871  112.40815  8.91%   151 3307s
 188672 178664  115.70256   55  353  123.39871  112.40889  8.91%   151 3337s
 191436 180836  114.66746   43  441  123.39871  112.40981  8.91%   151 3378s
 193793 183933  112.44647   25  455  123.39871  112.41034  8.90%   151 3421s
 196987 186210  112.42238   25  379  123.39871  112.41080  8.90%   151 3457s
 199489 189022  112.48203   73  296  123.39871  112.41182  8.90%   151 3488s
 202535 191614  112.43752   67  323  123.39871  112.41285  8.90%   151 3519s
 205296 192916  113.46714   61  290  123.39871  112.41329  8.90%   151 3556s
 206686 195743  112.49318   65  295  123.39871  112.41374  8.90%   151 3585s
 209721 197455  114.06190   43  187  123.39871  112.41433  8.90%   150 3617s
 211619 199999  116.14361   42  322  123.39871  112.41522  8.90%   150 3651s
 214314 202462  112.49180   47  329  123.39871  112.41596  8.90%   150 3693s
 217194 205035  112.42817   46  347  123.39871  112.41683  8.90%   150 3728s
 219858 207410  112.42173   64  414  123.39871  112.41747  8.90%   150 3757s
 222344 209959  112.51467   39  304  123.39871  112.41813  8.90%   149 3783s
 225007 211577  117.99823   55  300  123.39871  112.41857  8.90%   149 3813s
 226900 213883  112.60695   41  281  123.39871  112.41941  8.90%   149 3841s
 229441 215914  112.76954   45  343  123.39871  112.41978  8.90%   149 3872s
 231731 218286  117.56085   58  333  123.39871  112.42058  8.90%   149 3903s
 234206 220801  113.81881   38  299  123.39871  112.42104  8.90%   149 3934s
 236836 222905  116.79069   59  339  123.39871  112.42175  8.90%   148 3972s
 239000 225282  114.01439   70  370  123.39871  112.42189  8.90%   148 4013s
 241518 227703  114.96666   64  319  123.39871  112.42263  8.89%   148 4052s
 244389 230620  112.43297   57  319  123.39871  112.42358  8.89%   148 4085s
 247476 233553  112.49251   55  440  123.39871  112.42424  8.89%   148 4118s
 250717 236323  113.26480   69  288  123.39871  112.42526  8.89%   148 4148s
 253577 238474  114.30693   45  197  123.39871  112.42624  8.89%   147 4176s
 255845 241325  112.42667   67  322  123.39871  112.42667  8.89%   147 4206s
 258851 243977  112.51897   72  346  123.39871  112.42715  8.89%   147 4239s
 261797 246108  112.44290   81  299  123.39871  112.42798  8.89%   147 4263s
 264042 248236  114.46846   44  318  123.39871  112.42855  8.89%   147 4293s
 266252 250335  114.33703   46  314  123.39871  112.42915  8.89%   147 4323s
 268450 251223  112.45052   51  350  123.39871  112.42961  8.89%   147 4353s
 269370 252402  113.71477   69  355  123.39871  112.43005  8.89%   147 4405s
H269628 252402                     123.3987134  112.43005  8.89%   147 4405s
 270731 254289  113.20058   68  328  123.39871  112.43039  8.89%   147 4435s
H271047 254289                     123.3987124  112.43043  8.89%   147 4435s
 272809 257532  112.53221   58  380  123.39871  112.43092  8.89%   147 4473s
 276279 259163  112.71077   68  164  123.39871  112.43184  8.89%   147 4510s
 278016 262380  115.99058   57  248  123.39871  112.43225  8.89%   147 4540s
 281390 265400  113.23817   74  296  123.39871  112.43334  8.89%   147 4582s
 284561 267083  113.31573   57  269  123.39871  112.43383  8.89%   147 4613s
 286344 269342  112.54419   52  354  123.39871  112.43441  8.89%   147 4642s
 288852 271862  113.78940   52  358  123.39871  112.43502  8.88%   147 4667s
 291528 273919  113.11038   44  320  123.39871  112.43553  8.88%   147 4690s
 293652 275785  115.85680   64  195  123.39871  112.43616  8.88%   147 4721s
 295610 277502  121.86426   80  305  123.39871  112.43640  8.88%   147 4751s
 297600 279278  112.46912   71  342  123.39871  112.43702  8.88%   147 4785s
 299458 281803  112.52556   81  345  123.39871  112.43742  8.88%   147 4824s
 302108 284035  112.50957   85  187  123.39871  112.43796  8.88%   147 4865s
 304773 286248  112.67332   62  251  123.39871  112.43858  8.88%   147 4901s
 307150 287696  113.64162   88  296  123.39871  112.43897  8.88%   147 4937s
 308684 288572  114.20588   70  374  123.39871  112.43930  8.88%   146 4970s
 309663 289823  112.44913   46  381  123.39871  112.43970  8.88%   147 5019s
 310992 291141  114.94553   52  283  123.39871  112.43991  8.88%   147 5063s
 312374 292733  112.44961   63  176  123.39871  112.44035  8.88%   147 5117s
 314027 293849  113.17897   53  390  123.39871  112.44072  8.88%   147 5171s
 315233 295344  112.59714   45  361  123.39871  112.44108  8.88%   147 5222s
 316910 297187  114.81394   70  268  123.39871  112.44145  8.88%   147 5273s
 318890 298795  112.50851   49  409  123.39871  112.44202  8.88%   148 5338s
 320595 300058  112.48547   52  321  123.39871  112.44268  8.88%   148 5403s
 321914 301942  113.11706   63  326  123.39871  112.44291  8.88%   148 5468s
 323957 302966  112.55131   64  335  123.39871  112.44322  8.88%   148 5508s
 325085 305835  114.06471   50  369  123.39871  112.44357  8.88%   148 5583s
 328240 307465  113.05897   65  234  123.39871  112.44430  8.88%   148 5653s
 330022 313718  112.72996   70  338  123.39871  112.44469  8.88%   148 5730s
 336886 317536  112.45238   51  391  123.39871  112.44586  8.88%   148 5777s
 340855 318258  113.74181   81  242  123.39871  112.44659  8.88%   148 5831s
 341637 319384  112.55054   72  257  123.39871  112.44708  8.87%   148 5879s
 342842 322694     cutoff   59       123.39871  112.44735  8.87%   148 5926s
 346335 325168  112.55129   72  301  123.39871  112.44804  8.87%   148 5960s
 348915 326975  120.79628   46  284  123.39871  112.44860  8.87%   148 5999s
 350803 328436  114.11149   49  294  123.39871  112.44892  8.87%   148 6045s
 352327 332047  112.52425   61  351  123.39871  112.44930  8.87%   148 6095s
 356093 335488  112.67934   77  328  123.39871  112.44996  8.87%   148 6130s
 359649 338407  113.33693   57  243  123.39871  112.45048  8.87%   147 6160s
 362729 340844  112.64301   58  352  123.39871  112.45103  8.87%   147 6190s
 365364 343623  113.50147   67  308  123.39871  112.45150  8.87%   147 6224s
 368305 346733  113.38112   33  355  123.39871  112.45222  8.87%   147 6268s
 371571 347947  116.40359   49  237  123.39871  112.45266  8.87%   147 6296s
 372864 350491  112.45304   72  363  123.39871  112.45304  8.87%   147 6330s
 375502 353230  113.35530   52  300  123.39871  112.45346  8.87%   147 6355s
 378424 355206  113.15672   78  394  123.39871  112.45389  8.87%   147 6383s
 380670 356448  112.61889   70  247  123.39871  112.45423  8.87%   147 6418s
 381983 358649  113.48940   77  172  123.39871  112.45455  8.87%   147 6453s
 384494 360975  114.63818   56  364  123.39871  112.45497  8.87%   147 6484s
 386985 362049  115.97115   45  289  123.39871  112.45551  8.87%   147 6520s
 388204 364879  115.89404   68  228  123.39871  112.45596  8.87%   147 6558s
 391224 367874  114.21818   50  350  123.39871  112.45640  8.87%   147 6600s
 394383 369701  112.46654   76  315  123.39871  112.45687  8.87%   147 6627s
 396294 370776  112.52367   73  279  123.39871  112.45722  8.87%   147 6656s
 397432 372941  112.47566   70  292  123.39871  112.45751  8.87%   147 6686s
 399705 375636  113.20827   61  363  123.39871  112.45781  8.87%   147 6725s
 402785 376213  113.92782   64  206  123.39871  112.45856  8.87%   147 6762s
 403399 378700  115.77356   55  254  123.39871  112.45889  8.87%   147 6803s
 406122 381231  113.45792   52  393  123.39871  112.45931  8.87%   147 6842s
 409096 382183  112.49115   81  388  123.39871  112.45989  8.86%   147 6880s
 410070 385018  112.47716   60  313  123.39871  112.46011  8.86%   147 6909s
 413115 387716  112.54661   70  303  123.39871  112.46043  8.86%   147 6940s
 416006 390376  114.50020   65  310  123.39871  112.46087  8.86%   147 6970s
 418848 392498  113.99570   58  261  123.39871  112.46137  8.86%   147 6992s
 421238 394351  112.74494   73  269  123.39871  112.46177  8.86%   147 7013s
 423278 395711  113.27933   42  236  123.39871  112.46208  8.86%   147 7034s
 424734 398187     cutoff   47       123.39871  112.46233  8.86%   147 7064s
 427318 400635  113.77727   92  218  123.39871  112.46265  8.86%   147 7086s

Gurobi 9.5.2 (linux64) logging started Thu Aug 13 21:43:08 2026

Set parameter LogFile to value "/mnt/beegfs/users/celinep/ChargeAndBreak/logs/oracle_RlongCmediumTnone_8_gurobi.log"
Gurobi Optimizer version 9.5.2 build v9.5.2rc0 (linux64)
Thread count: 16 physical cores, 32 logical processors, using up to 32 threads
Optimize a model with 9396 rows, 4946 columns and 171604 nonzeros
Model fingerprint: 0x2abb304f
Variable types: 3118 continuous, 1828 integer (1828 binary)
Coefficient statistics:
  Matrix range     [4e-02, 2e+03]
  Objective range  [5e-01, 1e+00]
  Bounds range     [1e+00, 6e+01]
  RHS range        [3e-02, 2e+07]

User MIP start did not produce a new incumbent solution

Presolve removed 2914 rows and 930 columns
Presolve time: 0.60s
Presolved: 6482 rows, 4016 columns, 154657 nonzeros
Variable types: 2401 continuous, 1615 integer (1615 binary)
Found heuristic solution: objective 2008.4325578
Root relaxation presolve removed 176 rows and 114 columns
Root relaxation presolved: 6306 rows, 3902 columns, 119659 nonzeros

Extra simplex iterations after uncrush: 1

Root relaxation: objective 1.089620e+02, 5337 iterations, 0.68 seconds (1.23 work units)
Another try with MIP start

    Nodes    |    Current Node    |     Objective Bounds      |     Work
 Expl Unexpl |  Obj  Depth IntInf | Incumbent    BestBd   Gap | It/Node Time

H    0     0                     124.1678454  108.96204  12.2%     -    3s
     0     0  108.96204    0  316  124.16785  108.96204  12.2%     -    3s
     0     0  110.88228    0  238  124.16785  110.88228  10.7%     -    5s
     0     0  111.08567    0  266  124.16785  111.08567  10.5%     -    5s
     0     0  111.09916    0  302  124.16785  111.09916  10.5%     -    5s
     0     0  111.10024    0  302  124.16785  111.10024  10.5%     -    5s
     0     0  111.10047    0  305  124.16785  111.10047  10.5%     -    5s
 429881 402933  113.18671   77  355  123.39871  112.46265  8.86%   147 7105s
     0     0  111.36922    0  350  124.16785  111.36922  10.3%     -    6s
     0     0  111.43681    0  395  124.16785  111.43681  10.3%     -    6s
     0     0  111.44146    0  409  124.16785  111.44146  10.2%     -    6s
     0     0  111.44168    0  412  124.16785  111.44168  10.2%     -    6s
     0     0  111.55761    0  354  124.16785  111.55761  10.2%     -    7s
     0     0  111.59094    0  331  124.16785  111.59094  10.1%     -    7s
     0     0  111.59673    0  254  124.16785  111.59673  10.1%     -    7s
     0     0  111.59721    0  312  124.16785  111.59721  10.1%     -    7s
     0     0  111.65669    0  350  124.16785  111.65669  10.1%     -    8s
     0     0  111.67331    0  374  124.16785  111.67331  10.1%     -    8s
     0     0  111.67713    0  412  124.16785  111.67713  10.1%     -    8s
     0     0  111.67943    0  397  124.16785  111.67943  10.1%     -    8s
     0     0  111.68030    0  399  124.16785  111.68030  10.1%     -    8s
     0     0  111.68030    0  396  124.16785  111.68030  10.1%     -    8s
     0     0  111.71937    0  370  124.16785  111.71937  10.0%     -    9s
     0     0  111.72849    0  422  124.16785  111.72849  10.0%     -    9s
     0     0  111.73170    0  407  124.16785  111.73170  10.0%     -    9s
     0     0  111.73179    0  435  124.16785  111.73179  10.0%     -    9s
     0     0  111.80918    0  420  124.16785  111.80918  10.0%     -   10s
     0     0  111.83071    0  437  124.16785  111.83071  9.94%     -   10s
     0     0  111.83576    0  428  124.16785  111.83576  9.93%     -   11s
     0     0  111.83637    0  422  124.16785  111.83637  9.93%     -   11s
     0     0  111.83637    0  424  124.16785  111.83637  9.93%     -   11s
     0     0  111.87117    0  462  124.16785  111.87117  9.90%     -   12s
     0     0  111.87441    0  454  124.16785  111.87441  9.90%     -   12s
     0     0  111.87541    0  462  124.16785  111.87541  9.90%     -   12s
     0     0  111.87577    0  469  124.16785  111.87577  9.90%     -   12s
     0     0  111.88902    0  443  124.16785  111.88902  9.89%     -   14s
     0     0  111.89222    0  495  124.16785  111.89222  9.89%     -   14s
     0     0  111.89295    0  514  124.16785  111.89295  9.89%     -   14s
     0     0  111.89303    0  503  124.16785  111.89303  9.89%     -   14s
     0     0  111.89754    0  519  124.16785  111.89754  9.88%     -   16s
     0     0  111.89825    0  509  124.16785  111.89825  9.88%     -   16s
     0     0  111.89846    0  522  124.16785  111.89846  9.88%     -   16s
     0     0  111.90154    0  500  124.16785  111.90154  9.88%     -   19s
     0     0  111.90260    0  547  124.16785  111.90260  9.88%     -   20s
     0     0  111.90262    0  501  124.16785  111.90262  9.88%     -   20s
     0     0  111.90872    0  477  124.16785  111.90872  9.87%     -   23s
     0     0  111.91164    0  466  124.16785  111.91164  9.87%     -   23s
     0     0  111.91267    0  440  124.16785  111.91267  9.87%     -   24s
     0     0  111.91279    0  438  124.16785  111.91279  9.87%     -   24s
     0     0  111.91444    0  446  124.16785  111.91444  9.87%     -   27s
     0     0  111.91547    0  438  124.16785  111.91547  9.87%     -   27s
     0     0  111.91582    0  430  124.16785  111.91582  9.87%     -   27s
 432365 404534  113.29710   65  373  123.39871  112.46342  8.86%   147 7127s
     0     0  111.91703    0  507  124.16785  111.91703  9.87%     -   30s
     0     0  111.91703    0  352  124.16785  111.91703  9.87%     -   32s
     0     2  111.91703    0  334  124.16785  111.91703  9.87%     -   34s
     1     4  111.91703    1  341  124.16785  111.91703  9.87%   462   35s
    15    32  112.83943    4  465  124.16785  111.92865  9.86%   546   40s
    63    80  114.09920    7  452  124.16785  111.93554  9.85%   429   46s
H   79    96                     123.6773188  111.93670  9.49%   429   49s
H   80    96                     123.5792253  111.93674  9.42%   426   49s
   109   112  113.41972    9  367  123.57923  111.93750  9.42%   439   50s

Cutting planes:
  Learned: 3
  Gomory: 62
  Lift-and-project: 47
  Cover: 27
  Implied bound: 201
  Clique: 5
  MIR: 1151
  StrongCG: 2
  Flow cover: 1916
  Flow path: 2
  GUB cover: 1
  Zero half: 45
  RLT: 142
  Relax-and-lift: 79
  PSD: 3

Explored 143 nodes (80579 simplex iterations) in 52.82 seconds (25.70 work units)
Thread count was 32 (of 32 available processors)

Solution count 4: 123.579 123.677 124.168 2008.43 

Solve interrupted
Best objective 1.235792252576e+02, best bound 1.119380371427e+02, gap 9.4200%
 434288 407201  112.98839   61  321  123.39871  112.46363  8.86%   147 7154s
 437109 408231  113.37072   52  287  123.39871  112.46418  8.86%   147 7171s
 438215 411675  112.55766   49  281  123.39871  112.46446  8.86%   147 7200s

Cutting planes:
  Learned: 2
  Gomory: 185
  Lift-and-project: 26
  Cover: 107
  Implied bound: 766
  Clique: 4
  MIR: 1216
  StrongCG: 6
  Flow cover: 2640
  GUB cover: 1
  Inf proof: 55
  Zero half: 36
  RLT: 132
  Relax-and-lift: 115

Explored 441976 nodes (64760939 simplex iterations) in 7200.43 seconds (2562.38 work units)
Thread count was 32 (of 32 available processors)

Solution count 10: 123.399 123.399 123.399 ... 123.473

Time limit reached
Best objective 1.233987123758e+02, best bound 1.124650037452e+02, gap 8.8605%
