
Gurobi 9.5.2 (linux64) logging started Sat Aug 15 13:35:27 2026

Set parameter LogFile to value "/mnt/beegfs/users/celinep/ChargeAndBreak/logs/oracle_RlongCmediumTmedium_11_gurobi.log"
Gurobi Optimizer version 9.5.2 build v9.5.2rc0 (linux64)
Thread count: 16 physical cores, 32 logical processors, using up to 32 threads
Optimize a model with 9967 rows, 5239 columns and 194265 nonzeros
Model fingerprint: 0xe558658f
Variable types: 3306 continuous, 1933 integer (1933 binary)
Coefficient statistics:
  Matrix range     [3e-02, 2e+03]
  Objective range  [5e-01, 1e+00]
  Bounds range     [1e+00, 6e+01]
  RHS range        [4e-02, 5e+02]

User MIP start did not produce a new incumbent solution

Presolve removed 3089 rows and 975 columns (presolve time = 5s) ...
Presolve removed 3088 rows and 974 columns
Presolve time: 5.78s
Presolved: 6879 rows, 4265 columns, 175525 nonzeros
Variable types: 2540 continuous, 1725 integer (1725 binary)
Found heuristic solution: objective 2135.5396256
Root relaxation presolve removed 180 rows and 115 columns
Root relaxation presolved: 6699 rows, 4150 columns, 136040 nonzeros


Root simplex log...

Iteration    Objective       Primal Inf.    Dual Inf.      Time
       0    5.9189402e+01   2.257541e+04   0.000000e+00      9s
    3199    8.5717522e+01   4.967069e+05   0.000000e+00     10s
    4610    1.1141520e+02   0.000000e+00   0.000000e+00     11s
    4610    1.1141520e+02   0.000000e+00   0.000000e+00     11s

Root relaxation: objective 1.114152e+02, 4610 iterations, 3.46 seconds (0.94 work units)
Another try with MIP start

    Nodes    |    Current Node    |     Objective Bounds      |     Work
 Expl Unexpl |  Obj  Depth IntInf | Incumbent    BestBd   Gap | It/Node Time

H    0     0                     126.1614501  111.41520  11.7%     -   17s
     0     0  111.41520    0  286  126.16145  111.41520  11.7%     -   17s
     0     0  113.18744    0  305  126.16145  113.18744  10.3%     -   23s
     0     0  113.18744    0  270  126.16145  113.18744  10.3%     -   24s
     0     0  113.57860    0  350  126.16145  113.57860  10.0%     -   27s
     0     0  113.60584    0  436  126.16145  113.60584  10.0%     -   28s
     0     0  113.60911    0  429  126.16145  113.60911  9.95%     -   28s
     0     0  113.61462    0  453  126.16145  113.61462  9.95%     -   28s
     0     0  113.61552    0  451  126.16145  113.61552  9.94%     -   28s
     0     0  113.61552    0  440  126.16145  113.61552  9.94%     -   29s
     0     0  113.82396    0  351  126.16145  113.82396  9.78%     -   33s
     0     0  113.87025    0  373  126.16145  113.87025  9.74%     -   34s
     0     0  113.87794    0  390  126.16145  113.87794  9.74%     -   34s
     0     0  113.87912    0  393  126.16145  113.87912  9.74%     -   34s
     0     0  113.87912    0  393  126.16145  113.87912  9.74%     -   35s
     0     0  114.00868    0  436  126.16145  114.00868  9.63%     -   38s
     0     0  114.04631    0  341  126.16145  114.04631  9.60%     -   39s
     0     0  114.05178    0  471  126.16145  114.05178  9.60%     -   39s
     0     0  114.05341    0  471  126.16145  114.05341  9.60%     -   40s
     0     0  114.05429    0  480  126.16145  114.05429  9.60%     -   40s
     0     0  114.05432    0  480  126.16145  114.05432  9.60%     -   40s
     0     0  114.13974    0  299  126.16145  114.13974  9.53%     -   44s
     0     0  114.14728    0  359  126.16145  114.14728  9.52%     -   45s
     0     0  114.14852    0  332  126.16145  114.14852  9.52%     -   45s
     0     0  114.14895    0  385  126.16145  114.14895  9.52%     -   45s
     0     0  114.24762    0  425  126.16145  114.24762  9.44%     -   51s
     0     0  114.25918    0  371  126.16145  114.25918  9.43%     -   52s
     0     0  114.27073    0  339  126.16145  114.27073  9.43%     -   53s
     0     0  114.27137    0  367  126.16145  114.27137  9.42%     -   53s
     0     0  114.33441    0  325  126.16145  114.33441  9.37%     -   57s
     0     0  114.34167    0  347  126.16145  114.34167  9.37%     -   58s
     0     0  114.34367    0  355  126.16145  114.34367  9.37%     -   59s
     0     0  114.34439    0  368  126.16145  114.34439  9.37%     -   59s
     0     0  114.36827    0  335  126.16145  114.36827  9.35%     -   63s
     0     0  114.37285    0  334  126.16145  114.37285  9.34%     -   64s
     0     0  114.37300    0  346  126.16145  114.37300  9.34%     -   65s
     0     0  114.38456    0  330  126.16145  114.38456  9.33%     -   68s
H    0     0                     125.5316400  114.38456  8.88%     -   69s
     0     0  114.38709    0  334  125.53164  114.38709  8.88%     -   69s
     0     0  114.38731    0  359  125.53164  114.38731  8.88%     -   69s
     0     0  114.39833    0  418  125.53164  114.39833  8.87%     -   74s
     0     0  114.39863    0  443  125.53164  114.39863  8.87%     -   75s
     0     0  114.41163    0  418  125.53164  114.41163  8.86%     -   78s
     0     0  114.41201    0  373  125.53164  114.41201  8.86%     -   79s
     0     0  114.41538    0  418  125.53164  114.41538  8.86%     -   83s
     0     0  114.41549    0  464  125.53164  114.41549  8.86%     -   84s
     0     0  114.42080    0  431  125.53164  114.42080  8.85%     -   89s
     0     0  114.42080    0  301  125.53164  114.42080  8.85%     -   93s
H    0     0                     125.4999465  114.42080  8.83%     -   93s
     0     2  114.42080    0  300  125.49995  114.42080  8.83%     -   95s
     7    16  114.42796    3  432  125.49995  114.42484  8.82%   439  102s
    31    48  114.43151    5  399  125.49995  114.42994  8.82%   427  108s
    47    64  118.16234    6  342  125.49995  114.43167  8.82%   438  110s
    63    80  114.45265    7  520  125.49995  114.44948  8.81%   506  115s
H   79    96                     125.4879637  114.45265  8.79%   489  119s
H   80    96                     125.4591714  114.45367  8.77%   484  119s
    95   112  114.46786    9  495  125.45917  114.45529  8.77%   486  122s
   111   128  114.47693   10  518  125.45917  114.46820  8.76%   497  125s
   143   160  115.50589   12  338  125.45917  114.49288  8.74%   559  132s
   159   176  114.51560   13  517  125.45917  114.50358  8.73%   561  135s
H  175   192                     125.4149248  114.51606  8.69%   602  175s
   191   208  118.09657   15  386  125.41492  114.54638  8.67%   632  180s
   223   240  118.81407   17  328  125.41492  114.56421  8.65%   697  187s
   239   256  114.61105   18  460  125.41492  114.60510  8.62%   704  191s
   255   274  114.66499   19  449  125.41492  114.61291  8.61%   740  195s
   289   313  115.87266   11  379  125.41492  115.06934  8.25%   797  205s
   312   330  117.86046   22  320  125.41492  115.13962  8.19%   811  211s
   329   346  116.14941   12  339  125.41492  115.19693  8.15%   856  216s
   347   370  115.80545   17  362  125.41492  115.26059  8.10%   867  221s
   371   399  115.41856   27  419  125.41492  115.38560  8.00%   870  226s
   400   432  115.75071   28  348  125.41492  115.42616  7.96%   858  233s
   433   463  115.87148   21  423  125.41492  115.49169  7.91%   863  237s
   464   517  117.76262   31  386  125.41492  115.54549  7.87%   858  241s
   518   574  118.87049   33  347  125.41492  115.58491  7.84%   817  245s
   659   717  119.53032   24  375  125.41492  115.61630  7.81%   719  253s
   722   811  115.66879   38  385  125.41492  115.64684  7.79%   695  257s
   816   878  119.57639   25  325  125.41492  115.66187  7.78%   647  261s
   883   950  115.85337   41  411  125.41492  115.68767  7.76%   632  265s
  1045  1121  119.07237   31  242  125.41492  115.70662  7.74%   591  274s
  1128  1235  115.71568   42  473  125.41492  115.71085  7.74%   578  279s
  1242  1337  119.65645   51  280  125.41492  115.72003  7.73%   551  283s
  1344  1458  115.72524   61  433  125.41492  115.72524  7.73%   526  289s
  1465  1565  116.99278   64  369  125.41492  115.72524  7.73%   511  294s
  1574  1679  115.75837   12  392  125.41492  115.73495  7.72%   497  299s
  1688  1796  115.73997   43  425  125.41492  115.73997  7.71%   485  304s
  1805  1920  117.87359   44  330  125.41492  115.74392  7.71%   477  309s
  1931  2083  119.94774   74  243  125.41492  115.75168  7.71%   467  314s
  2095  2084  118.04763   20  301  125.41492  115.75722  7.70%   452  377s
  2097  2085  120.02957    5  244  125.41492  115.75722  7.70%   452  385s
  2098  2086  117.46633   46  239  125.41492  115.75722  7.70%   451  392s
  2099  2087  116.12960   59  265  125.41492  115.75722  7.70%   451  395s
  2104  2090  120.65960   62  366  125.41492  115.75722  7.70%   450  401s
  2107  2092  120.66727   19  327  125.41492  115.75722  7.70%   450  405s
  2108  2093  118.38826   24  292  125.41492  115.75722  7.70%   449  422s
  2109  2093  116.79344   69  395  125.41492  115.75722  7.70%   449  425s
  2114  2097  117.04904   74  396  125.41492  115.75722  7.70%   448  430s
  2116  2098  116.05765   21  456  125.41492  115.75722  7.70%   448  437s
  2117  2099  117.26455   17  299  125.41492  115.75722  7.70%   447  456s
  2119  2100  116.21551   21  341  125.41492  115.75722  7.70%   447  467s
  2120  2101  118.83023   61  302  125.41492  115.75722  7.70%   447  484s
  2121  2101  115.97236   75  382  125.41492  115.75722  7.70%   447  485s
  2123  2103  118.42134   48  402  125.41492  115.75722  7.70%   446  493s
  2124  2103  123.45459   69  310  125.41492  115.75722  7.70%   446  513s
  2125  2104  118.14130   39  380  125.41492  115.75722  7.70%   446  522s
  2126  2105  123.70434   51  347  125.41492  115.75722  7.70%   446  536s
  2128  2106  123.70721   57  429  125.41492  115.76160  7.70%   445  546s
  2129  2107  116.75159   19  407  125.41492  115.77549  7.69%   445  567s
  2130  2107  119.53363   36  387  125.41492  115.77549  7.69%   445  576s
  2132  2112  115.77606   14  371  125.41492  115.77606  7.69%   461  621s
  2134  2114  118.18862   15  316  125.41492  115.99808  7.51%   462  662s
  2138  2116  117.25662   16  384  125.41492  116.25373  7.30%   463  680s
  2145  2121  116.56034   17  405  125.41492  116.56034  7.06%   464  688s
  2155  2125  116.67743   18  410  125.41492  116.56169  7.06%   465  693s
  2171  2129  117.17620   19  433  125.41492  116.70494  6.94%   468  697s
  2203  2146  117.77318   21  442  125.41492  116.85534  6.83%   471  702s
  2219  2158  116.95078   22  498  125.41492  116.91368  6.78%   472  711s
H 2227  2049                     125.4124380  116.95078  6.75%   473  711s
  2237  2067  116.96004   23  510  125.41244  116.95081  6.75%   475  718s
  2258  2077  116.96387   24  511  125.41244  116.96387  6.74%   475  721s
  2300  2101  118.54690   27  295  125.41244  117.24428  6.51%   477  728s
  2324  2103  117.30446   29  418  125.41244  117.26321  6.50%   476  734s
  2341  2130  117.30643   30  425  125.41244  117.26321  6.50%   476  737s
  2376  2132  117.26669   31  517  125.41244  117.26669  6.50%   472  742s
  2397  2168  117.26669   32  477  125.41244  117.26669  6.50%   471  745s
  2486  2209  118.51359   38  276  125.41244  117.27142  6.49%   460  751s
  2567  2244  119.84241   46  363  125.41244  117.28863  6.48%   457  756s
  2603  2276  117.69887   50  429  125.41244  117.30603  6.46%   456  760s
  2715  2315  117.34422   59  454  125.41244  117.34422  6.43%   451  768s
  2733  2354  117.34465   60  445  125.41244  117.34465  6.43%   453  771s
  2850  2462  120.55336   66  296  125.41244  117.35864  6.42%   447  776s
  3038  2595  122.00620   50  253  125.41244  117.38403  6.40%   433  782s
  3216  2713  120.69058   43  299  125.41244  117.39290  6.39%   422  787s
  3333  2716  118.99682   43  301  125.41244  117.39656  6.39%   414  790s
  3377  2706  117.41690   49  351  125.41244  117.40254  6.39%   416  796s
  3453  2751  117.90834   80  369  125.41244  117.40458  6.39%   415  812s
H 3458  2649                     125.4043312  117.40458  6.38%   415  812s
H 3461  2544                     125.3315915  117.40458  6.32%   415  812s
  3471  2694     cutoff   44       125.33159  117.40458  6.32%   415  815s
  3639  2703  117.41353   49  355  125.33159  117.41353  6.32%   403  822s
  3706  2821  117.41593   50  383  125.33159  117.41566  6.32%   402  827s
  3854  2938  119.04776   51  323  125.33159  117.41593  6.32%   395  833s
  4036  3111  117.44703   62  422  125.33159  117.42364  6.31%   386  837s
  4279  3110  122.35203   47  253  125.33159  117.42644  6.31%   374  842s
  4361  3202     cutoff   36       125.33159  117.42756  6.31%   372  848s
  4516  3333  122.19870   53  243  125.33159  117.42995  6.30%   366  853s
  4725  3462  117.43241   85  466  125.33159  117.43241  6.30%   361  858s
  4953  3649  118.23269   44  375  125.33159  117.43821  6.30%   352  863s
  5251  3722  117.73750   53  358  125.33159  117.44186  6.30%   341  869s
  5432  3835  117.77302   42  360  125.33159  117.44507  6.29%   336  875s
  5624  4078  123.07640   78  290  125.33159  117.44787  6.29%   331  880s
  5949  4318  117.47595   60  355  125.33159  117.45101  6.29%   321  887s
  6316  4607  117.97880   82  403  125.33159  117.45495  6.28%   310  893s
  6757  4698     cutoff   31       125.33159  117.45765  6.28%   299  900s
  7015  4671  122.11287   63  350  125.33159  117.46151  6.28%   295  911s
  7084  4914  117.46514   56  343  125.33159  117.46514  6.28%   295  918s
  7358  5241  117.65211   60  345  125.33159  117.46709  6.27%   290  926s
  7795  5435  119.48304   77  384  125.33159  117.47114  6.27%   281  936s
  8068  5603  117.61314   60  287  125.33159  117.47437  6.27%   277  957s
  8247  6155  117.48495   28  388  125.33159  117.47833  6.27%   275  966s
  8830  6811  117.54008   64  439  125.33159  117.48354  6.26%   265  975s
  9516  7501  117.56049   58  375  125.33159  117.48731  6.26%   254  982s
 10247  7522  117.49040   32  340  125.33159  117.48845  6.26%   244  993s
 10289  8166  117.49040   35  337  125.33159  117.49040  6.26%   244 1002s
 10952  8551  117.52711   37  284  125.33159  117.49067  6.26%   237 1012s
 11350  9404  120.98429   59  315  125.33159  117.49433  6.25%   234 1024s
 12254 10074  117.53110   47  318  125.33159  117.49524  6.25%   224 1033s
 12983 10846  119.83689   63  369  125.33159  117.49764  6.25%   219 1046s
 13789 11184  117.51700   32  285  125.33159  117.49983  6.25%   213 1056s
 14131 11883  118.46428   71  314  125.33159  117.50315  6.25%   212 1068s
 14932 12454  118.55125   88  293  125.33159  117.50421  6.25%   206 1080s
 15583 13438  117.56645   52  332  125.33159  117.50691  6.24%   203 1094s
 16644 14402  123.94321   89  313  125.33159  117.50845  6.24%   197 1107s
 17681 14439     cutoff   61       125.33159  117.51096  6.24%   193 1134s
 17720 15687  118.81238   51  328  125.33159  117.51298  6.24%   193 1148s
 19042 16588  122.41296   39  330  125.33159  117.51557  6.24%   187 1162s
 20006 17354  124.32251   48  269  125.33159  117.51744  6.23%   184 1174s
 20925 18978  117.52269   62  421  125.33159  117.52036  6.23%   183 1199s
 22706 19770  117.93710   63  361  125.33159  117.52350  6.23%   176 1212s
 23597 19833  119.49154   82  325  125.33159  117.52647  6.23%   174 1222s
 23683 20265  117.52773   43  379  125.33159  117.52773  6.23%   174 1235s
 24189 21524  117.62723   44  309  125.33159  117.52998  6.22%   174 1252s
 25559 22514  117.54281   65  437  125.33159  117.53260  6.22%   170 1265s
 26651 23546  118.09747   68  374  125.33159  117.53497  6.22%   168 1278s
 27738 25000  117.61129   62  348  125.33159  117.53643  6.22%   167 1294s
 29283 26344  117.57735   42  293  125.33159  117.53953  6.22%   163 1312s
 30808 27209  121.00445   78  310  125.33159  117.54188  6.22%   160 1329s
 31753 28457  119.56688   73  368  125.33159  117.54347  6.21%   159 1347s
 33132 29677  117.66880   49  293  125.33159  117.54632  6.21%   157 1367s
 34427 30204  117.65790   76  358  125.33159  117.54834  6.21%   156 1383s
 34980 31400  118.37197   56  350  125.33159  117.55173  6.21%   156 1401s
 36316 32867  117.55903   58  342  125.33159  117.55397  6.21%   155 1420s
 37925 34286     cutoff   69       125.33159  117.55731  6.20%   154 1440s
 39440 35678  117.84260   70  329  125.33159  117.55988  6.20%   153 1462s
 41029 35883  118.70989   62  295  125.33159  117.56334  6.20%   153 1487s
 41284 37599  118.62829   86  323  125.33159  117.56597  6.20%   153 1512s
 43154 39986  123.79294   54  366  125.33159  117.57001  6.19%   152 1551s
 45700 41581  123.15449   69  402  125.33159  117.57326  6.19%   151 1578s
 47467 43009  117.59319   66  439  125.33159  117.57466  6.19%   150 1602s
 49134 44245  123.45062   45  158  125.33159  117.57567  6.19%   150 1625s
 50454 46394  117.62531   82  323  125.33159  117.57988  6.18%   150 1653s
 52784 48100  120.15335  101  267  125.33159  117.58257  6.18%   148 1675s
 54612 49585  121.42561   72  319  125.33159  117.58507  6.18%   148 1697s
 56269 51693  117.91995   72  319  125.33159  117.58913  6.18%   147 1720s
 58567 52990  117.59144   67  360  125.33159  117.59144  6.18%   146 1742s
 59961 54906  117.60934   69  305  125.33159  117.59313  6.17%   146 1767s
 62046 56657  124.73452   58  340  125.33159  117.59666  6.17%   145 1791s
 64089 58521  118.90259   67  325  125.33159  117.59978  6.17%   144 1819s
 64296 58521  117.82175   49  393  125.33159  117.60025  6.17%   144 1820s
 66281 60288  117.73725   82  249  125.33159  117.60179  6.17%   143 1847s
 68303 60692  118.32152   62  278  125.33159  117.60462  6.17%   143 1869s
 68736 62404  117.91617   69  447  125.33159  117.60586  6.16%   143 1899s
 70997 64453  117.60870   68  318  125.33159  117.60782  6.16%   142 1927s
 73333 66243  117.61294   67  330  125.33159  117.61001  6.16%   142 1959s
H73679 66243                     125.3315914  117.61037  6.16%   142 1959s
 75341 68189  118.80336   86  402  125.33159  117.61202  6.16%   141 1982s
 77475 69379  119.15841   47  336  125.33159  117.61347  6.16%   141 2009s
 79111 71215  118.52522   95  217  125.33159  117.61645  6.16%   141 2035s
 81167 73324  117.64232   86  392  125.33159  117.61919  6.15%   140 2061s
 83528 74264  118.07742   77  347  125.33159  117.62145  6.15%   140 2086s
 84568 76446  119.32494   86  266  125.33159  117.62294  6.15%   140 2121s
 87160 78152  120.82029   73  321  125.33159  117.62513  6.15%   139 2147s
 89153 80089  117.65284   53  277  125.33159  117.62699  6.15%   139 2172s
 91414 81063  119.82500   60  395  125.33159  117.62911  6.15%   139 2194s
 92561 83265 infeasible   82       125.33159  117.63038  6.14%   138 2225s
 95147 84992  117.63293   91  269  125.33159  117.63240  6.14%   137 2252s
 97128 86439  119.99278   80  223  125.33159  117.63451  6.14%   137 2274s
 98922 88723  119.10709   79  321  125.33159  117.63659  6.14%   138 2294s
H99528 88723                     125.3315914  117.63745  6.14%   137 2294s
 101574 90538  118.12378   51  426  125.33159  117.63957  6.14%   137 2327s
 103656 92474  118.22300   75  266  125.33159  117.64125  6.14%   136 2354s
 105865 94093  118.87881   51  359  125.33159  117.64429  6.13%   136 2389s
H108043 96069                     125.3044875  117.64587  6.11%   135 2424s
 110369 97162  118.88441   58  303  125.30449  117.64923  6.11%   135 2451s
 111597 99085  119.78945   90  271  125.30449  117.65063  6.11%   135 2487s
 114032 101305  117.89420   70  363  125.30449  117.65197  6.11%   135 2521s
 116572 103096  122.22575   43  280  125.30449  117.65509  6.10%   135 2552s
 118934 104793     cutoff   92       125.30449  117.65650  6.10%   134 2587s
 121447 106134  118.10795   75  280  125.30449  117.65881  6.10%   134 2618s
 123229 108233  117.81992   86  278  125.30449  117.66073  6.10%   134 2648s
 125994 110189     cutoff   83       125.30449  117.66307  6.10%   133 2675s
 128293 111901  121.55270   57  283  125.30449  117.66483  6.10%   133 2706s
 130793 113339  122.09477   37  390  125.30449  117.66719  6.09%   133 2733s
 132723 115483  121.35531   73  240  125.30449  117.66888  6.09%   133 2764s
 135178 117575  118.10729   82  308  125.30449  117.67115  6.09%   133 2794s
 137709 119486  120.73928   86  225  125.30449  117.67314  6.09%   133 2820s
 140020 121442  117.75437  104  305  125.30449  117.67550  6.09%   133 2849s
 142205 122702  117.79384   86  447  125.30449  117.67711  6.09%   133 2878s
 143812 125136  117.70329   66  380  125.30449  117.67817  6.09%   133 2908s
 146727 126477  118.08142   75  289  125.30449  117.68003  6.08%   133 2935s
 148327 128523  117.93812   62  287  125.30449  117.68159  6.08%   133 2970s
 150807 130879  118.31856   78  290  125.30449  117.68349  6.08%   132 3018s
 153543 132632  117.68783   65  316  125.30449  117.68497  6.08%   132 3044s
 154478 132632  123.22015   89  311  125.30449  117.68541  6.08%   132 3045s
 155691 133631  122.47758  106  315  125.30449  117.68642  6.08%   132 3078s
 156897 136009  122.94023   76  314  125.30449  117.68794  6.08%   132 3110s
 159725 138165  120.11558   88  199  125.30449  117.69012  6.08%   132 3143s
 162835 139931  118.72400   91  254  125.30449  117.69255  6.07%   132 3174s
 165058 141860  119.52293   83  311  125.30449  117.69373  6.07%   132 3205s
 167666 143910  118.08673   62  282  125.30449  117.69609  6.07%   131 3237s
 170505 145914  123.08921   43  240  125.30449  117.69801  6.07%   131 3264s
 173097 148463  118.37168   93  233  125.30449  117.70024  6.07%   131 3301s
 176194 150250  117.83710   93  274  125.30449  117.70152  6.07%   130 3330s
 178472 150992  117.89540   83  289  125.30449  117.70424  6.07%   130 3369s
 179371 151558  123.35256   71  413  125.30449  117.70533  6.06%   130 3404s
 180075 152194  117.80149   83  231  125.30449  117.70625  6.06%   131 3444s
 180925 152932     cutoff   63       125.30449  117.70688  6.06%   131 3490s
 181802 153763  118.44909   59  245  125.30449  117.70766  6.06%   131 3538s
 182868 154767  122.33906   51  261  125.30449  117.70836  6.06%   131 3587s
 184050 155859  119.92031   82  254  125.30449  117.70915  6.06%   131 3643s
 185371 157100  120.29615   72  302  125.30449  117.71031  6.06%   132 3711s
 186848 158092  122.50491  108  329  125.30449  117.71087  6.06%   132 3774s
 188099 159106  121.40013  106  324  125.30449  117.71163  6.06%   132 3835s
 189523 160403  119.19267  105  258  125.30449  117.71332  6.06%   132 3901s
 191048 161850  119.72990   89  375  125.30449  117.71465  6.06%   133 3976s
 192838 163172     cutoff   74       125.30449  117.71556  6.06%   133 4064s
 194417 163960  117.87084   74  271  125.30449  117.71650  6.06%   133 4116s
 195354 171979  120.87022   82  321  125.30449  117.71780  6.05%   133 4237s
 205323 172529  120.30448   80  315  125.30449  117.72101  6.05%   132 4273s
H205825 172529                     125.3044872  117.72222  6.05%   132 4274s
 206017 174081  119.26080   90  211  125.30449  117.72268  6.05%   132 4314s
 207804 176006  119.17705   81  384  125.30449  117.72370  6.05%   132 4344s
 210053 176822  121.28336  115  312  125.30449  117.72471  6.05%   132 4376s
 211079 178951  120.42165   93  324  125.30449  117.72551  6.05%   132 4412s
 214114 181230  118.21361   34  287  125.30449  117.72713  6.05%   132 4446s
 216946 184066  118.15806   80  317  125.30449  117.72814  6.05%   131 4489s
 220841 184567  119.66199  100  275  125.30449  117.73084  6.04%   131 4516s
 221448 185722  123.54444   52  161  125.30449  117.73161  6.04%   131 4549s
 222903 186513  119.32803   61  314  125.30449  117.73259  6.04%   131 4581s
 223943 189664  117.80231   85  358  125.30449  117.73321  6.04%   131 4618s
 227875 190227     cutoff   75       125.30449  117.73500  6.04%   131 4656s
 228579 192394     cutoff   55       125.30449  117.73582  6.04%   131 4691s
 231337 194830  120.54702   81  334  125.30449  117.73694  6.04%   130 4728s
 234296 195349  117.84869   98  278  125.30449  117.73866  6.04%   130 4763s
 234981 198006  124.14848  103  389  125.30449  117.73958  6.04%   130 4800s
 238304 198649  119.57763   86  322  125.30449  117.74132  6.04%   130 4846s
 239108 207372  117.87707   81  318  125.30449  117.74247  6.03%   130 4971s
 250010 207800  119.88069   86  364  125.30449  117.74647  6.03%   129 5008s
 250603 208267  117.83746   71  286  125.30449  117.74784  6.03%   130 5041s
 251273 210811     cutoff   93       125.30449  117.74933  6.03%   130 5079s
 254254 212803  119.81212   94  328  125.30449  117.74996  6.03%   129 5119s
 256520 212803  117.80593   63  262  125.30449  117.75089  6.03%   129 5120s
 256878 213302     cutoff  103       125.30449  117.75170  6.03%   129 5153s
 257446 215305  118.55705   72  273  125.30449  117.75262  6.03%   129 5187s
 260176 217869  117.82447   93  508  125.30449  117.75369  6.03%   129 5228s
 263345 218614  120.78422   73  310  125.30449  117.75454  6.03%   129 5261s
 264316 221058  121.02916   98  254  125.30449  117.75533  6.02%   129 5304s
 267565 221639  120.30316  118  292  125.30449  117.75693  6.02%   129 5335s
 268262 224203  123.63105   85  381  125.30449  117.75762  6.02%   129 5370s
 271262 226504 infeasible   79       125.30449  117.75893  6.02%   129 5404s
 274252 229178     cutoff   76       125.30449  117.76068  6.02%   129 5443s
 277612 229708  117.87354   93  388  125.30449  117.76269  6.02%   128 5471s
 278251 231850  119.14842   96  315  125.30449  117.76324  6.02%   128 5507s
 281191 234415  121.79368   78  276  125.30449  117.76484  6.02%   128 5547s
H282216 234415                     125.3044871  117.76502  6.02%   128 5548s
 284650 234842     cutoff  107       125.30449  117.76641  6.02%   128 5580s
H285097 234842                     125.3044870  117.76684  6.02%   128 5580s
 285191 235304  118.51927   92  317  125.30449  117.76724  6.02%   128 5616s
 285831 238002  119.73476   68  345  125.30449  117.76763  6.01%   128 5656s
 289328 238524     cutoff  105       125.30449  117.76915  6.01%   128 5691s
 290068 240491  119.91359  117  354  125.30449  117.76996  6.01%   128 5725s
 292610 243672 infeasible   49       125.30449  117.77131  6.01%   128 5758s
 296355 244281  118.29787   77  355  125.30449  117.77278  6.01%   128 5787s
 297072 246383  122.72478   78  270  125.30449  117.77361  6.01%   128 5820s
 300266 248566  122.95854  102  310  125.30449  117.77515  6.01%   128 5855s
 303127 251046  119.56542  104  296  125.30449  117.77688  6.01%   127 5891s
 306266 252028  124.59397   93  301  125.30449  117.77767  6.01%   127 5925s
 307469 252670  119.52617  104  311  125.30449  117.77897  6.01%   128 5965s
 308350 255346  122.49104  101  263  125.30449  117.77999  6.00%   128 6001s
 311696 257562  120.15754   56  435  125.30449  117.78092  6.00%   128 6033s
 315004 258003  117.99903  107  332  125.30449  117.78332  6.00%   128 6061s
 315641 260559  117.99971   92  275  125.30449  117.78435  6.00%   128 6096s
 318877 261123 infeasible   54       125.30449  117.78558  6.00%   128 6127s
 319584 263713  117.96402   99  363  125.30449  117.78657  6.00%   128 6171s
 322853 265713  117.98505   61  436  125.30449  117.78815  6.00%   128 6209s
 325456 266452  123.97677  101  335  125.30449  117.78967  6.00%   127 6247s
 326399 273132  117.94504  100  327  125.30449  117.79062  6.00%   128 6331s
 335352 273503  118.33950   73  268  125.30449  117.79357  5.99%   127 6357s
 335908 274030  118.90842  104  471  125.30449  117.79457  5.99%   127 6391s
 336608 275683     cutoff  102       125.30449  117.79550  5.99%   127 6424s
 338785 278156  118.72507   66  358  125.30449  117.79645  5.99%   127 6457s
 341996 278625  123.22632   81  402  125.30449  117.79817  5.99%   127 6490s
 342650 280943     cutoff   83       125.30449  117.79875  5.99%   127 6524s
 345742 281458     cutoff   70       125.30449  117.80052  5.99%   127 6561s
 346394 284173  120.28639   54  374  125.30449  117.80123  5.99%   127 6606s
 350002 285602  118.42136   81  403  125.30449  117.80240  5.99%   127 6635s
 352094 287572     cutoff   55       125.30449  117.80352  5.99%   127 6660s
 354581 288123  119.03107   82  320  125.30449  117.80458  5.99%   127 6686s
 355227 290087     cutoff  107       125.30449  117.80499  5.99%   127 6713s
 358232 292300  119.06599   64  406  125.30449  117.80593  5.98%   127 6742s
 360914 294434  118.63951   52  311  125.30449  117.80680  5.98%   127 6772s
 363597 294817  120.79996  103  321  125.30449  117.80806  5.98%   126 6798s
 364139 296585     cutoff   89       125.30449  117.80880  5.98%   126 6826s
 366667 298498  118.17511   35  300  125.30449  117.80997  5.98%   126 6850s
 368995 299224 infeasible  100       125.30449  117.81109  5.98%   126 6889s
 369969 305573  117.91526   78  420  125.30449  117.81200  5.98%   126 6958s
 378686 306023     cutoff   76       125.30449  117.81486  5.98%   126 6986s
 379275 306628  118.02594   91  215  125.30449  117.81630  5.98%   126 7013s
 380068 309061  117.90961   82  340  125.30449  117.81700  5.98%   126 7045s
 383115 311146  117.82330   95  367  125.30449  117.81848  5.97%   126 7076s
 386002 311656  117.95352   95  289  125.30449  117.81986  5.97%   126 7104s
 386716 313813     cutoff   86       125.30449  117.82087  5.97%   126 7134s
 389643 316065  117.85884  115  305  125.30449  117.82283  5.97%   126 7169s
 392993 316424  122.26678   89  314  125.30449  117.82384  5.97%   126 7197s
 393532 316485 infeasible   91       125.30449  117.82455  5.97%   126 7200s

Cutting planes:
  Learned: 7
  Gomory: 207
  Lift-and-project: 10
  Cover: 233
  Implied bound: 840
  Clique: 5
  MIR: 1509
  StrongCG: 2
  Flow cover: 2548
  GUB cover: 1
  Inf proof: 40
  Zero half: 30
  Mod-K: 2
  Network: 2
  RLT: 145
  Relax-and-lift: 134
  PSD: 2

Explored 393670 nodes (49588056 simplex iterations) in 7200.13 seconds (2830.36 work units)
Thread count was 32 (of 32 available processors)

Solution count 10: 125.304 125.304 125.304 ... 125.415

Time limit reached
Best objective 1.253044870399e+02, best bound 1.178249977968e+02, gap 5.9691%
