
Gurobi 9.5.2 (linux64) logging started Sat Aug 15 11:19:45 2026

Set parameter LogFile to value "/mnt/beegfs/users/celinep/ChargeAndBreak/logs/oracle_RlongCmediumTlarge_12_gurobi.log"
Gurobi Optimizer version 9.5.2 build v9.5.2rc0 (linux64)
Thread count: 16 physical cores, 32 logical processors, using up to 32 threads
Optimize a model with 9011 rows, 4741 columns and 158718 nonzeros
Model fingerprint: 0x01325ef1
Variable types: 2989 continuous, 1752 integer (1752 binary)
Coefficient statistics:
  Matrix range     [3e-02, 2e+03]
  Objective range  [5e-01, 1e+00]
  Bounds range     [1e+00, 6e+01]
  RHS range        [1e-02, 5e+02]

User MIP start produced solution with objective 111.117 (0.20s)
Loaded user MIP start with objective 111.117

Presolve removed 2806 rows and 901 columns
Presolve time: 3.92s
Presolved: 6205 rows, 3840 columns, 143248 nonzeros
Variable types: 2291 continuous, 1549 integer (1549 binary)
Root relaxation presolve removed 166 rows and 106 columns
Root relaxation presolved: 6039 rows, 3734 columns, 110920 nonzeros


Root simplex log...

Iteration    Objective       Primal Inf.    Dual Inf.      Time
       0    5.5704512e+01   1.884132e+04   0.000000e+00      5s
    4941    1.0643307e+02   0.000000e+00   0.000000e+00      7s
    4941    1.0643307e+02   0.000000e+00   0.000000e+00      7s

Root relaxation: objective 1.064331e+02, 4941 iterations, 2.78 seconds (0.97 work units)

    Nodes    |    Current Node    |     Objective Bounds      |     Work
 Expl Unexpl |  Obj  Depth IntInf | Incumbent    BestBd   Gap | It/Node Time

     0     0  106.43307    0  216  111.11728  106.43307  4.22%     -    8s
     0     0  108.10582    0  255  111.11728  108.10582  2.71%     -   14s
     0     0  108.10582    0  241  111.11728  108.10582  2.71%     -   14s
     0     0  108.34188    0  267  111.11728  108.34188  2.50%     -   16s
     0     0  108.34818    0  258  111.11728  108.34818  2.49%     -   17s
     0     0  108.34844    0  262  111.11728  108.34844  2.49%     -   17s
     0     0  108.51834    0  356  111.11728  108.51834  2.34%     -   19s
     0     0  108.53459    0  337  111.11728  108.53459  2.32%     -   20s
     0     0  108.53601    0  337  111.11728  108.53601  2.32%     -   20s
     0     0  108.53638    0  339  111.11728  108.53638  2.32%     -   20s
     0     0  108.67681    0  373  111.11728  108.67681  2.20%     -   22s
     0     0  108.70547    0  317  111.11728  108.70547  2.17%     -   23s
     0     0  108.70905    0  331  111.11728  108.70905  2.17%     -   23s
     0     0  108.70955    0  340  111.11728  108.70955  2.17%     -   23s
     0     0  108.71054    0  338  111.11728  108.71054  2.17%     -   23s
     0     0  108.71062    0  338  111.11728  108.71062  2.17%     -   24s
     0     0  108.84299    0  241  111.11728  108.84299  2.05%     -   26s
H    0     0                     111.0157081  108.84299  1.96%     -   27s
     0     0  108.86604    0  274  111.01571  108.86604  1.94%     -   27s
     0     0  108.87059    0  284  111.01571  108.87059  1.93%     -   28s
     0     0  108.87122    0  310  111.01571  108.87122  1.93%     -   28s
     0     0  108.87141    0  312  111.01571  108.87141  1.93%     -   28s
     0     0  108.96643    0  264  111.01571  108.96643  1.85%     -   32s
     0     0  108.98700    0  318  111.01571  108.98700  1.83%     -   33s
     0     0  108.98863    0  248  111.01571  108.98863  1.83%     -   33s
     0     0  108.98907    0  264  111.01571  108.98907  1.83%     -   33s
     0     0  109.01527    0  201  111.01571  109.01527  1.80%     -   37s
     0     0  109.02383    0  354  111.01571  109.02383  1.79%     -   38s
     0     0  109.02511    0  299  111.01571  109.02511  1.79%     -   38s
     0     0  109.02585    0  294  111.01571  109.02585  1.79%     -   39s
     0     0  109.02594    0  322  111.01571  109.02594  1.79%     -   39s
     0     0  109.03370    0  303  111.01571  109.03370  1.79%     -   41s
     0     0  109.05042    0  275  111.01571  109.05042  1.77%     -   42s
     0     0  109.05446    0  376  111.01571  109.05446  1.77%     -   42s
     0     0  109.05576    0  294  111.01571  109.05576  1.77%     -   42s
     0     0  109.05612    0  336  111.01571  109.05612  1.77%     -   42s
     0     0  109.06804    0  306  111.01571  109.06804  1.75%     -   46s
     0     0  109.07383    0  306  111.01571  109.07383  1.75%     -   47s
     0     0  109.07437    0  332  111.01571  109.07437  1.75%     -   47s
     0     0  109.07476    0  349  111.01571  109.07476  1.75%     -   48s
     0     0  109.07929    0  313  111.01571  109.07929  1.74%     -   49s
     0     0  109.07988    0  291  111.01571  109.07988  1.74%     -   49s
     0     0  109.07988    0  290  111.01571  109.07988  1.74%     -   50s
     0     0  109.08328    0  301  111.01571  109.08328  1.74%     -   52s
     0     0  109.08365    0  284  111.01571  109.08365  1.74%     -   53s
     0     0  109.08402    0  285  111.01571  109.08402  1.74%     -   55s
     0     0  109.08402    0  241  111.01571  109.08402  1.74%     -   57s
H    0     0                     110.7959282  109.08402  1.55%     -   58s
     0     0  109.08402    0  262  110.79593  109.08402  1.55%     -   64s
     0     0  109.08402    0  271  110.79593  109.08402  1.55%     -   67s
     0     0  109.10376    0  227  110.79593  109.10376  1.53%     -   68s
     0     0  109.10973    0  236  110.79593  109.10973  1.52%     -   68s
     0     0  109.13204    0  204  110.79593  109.13204  1.50%     -   68s
     0     0  109.13616    0  240  110.79593  109.13616  1.50%     -   68s
     0     0  109.13734    0  245  110.79593  109.13734  1.50%     -   68s
     0     0  109.13735    0  246  110.79593  109.13735  1.50%     -   68s
     0     0  109.14510    0  249  110.79593  109.14510  1.49%     -   70s
     0     0  109.14620    0  236  110.79593  109.14620  1.49%     -   70s
     0     0  109.14635    0  226  110.79593  109.14635  1.49%     -   70s
     0     0  109.15519    0  225  110.79593  109.15519  1.48%     -   72s
     0     0  109.15677    0  239  110.79593  109.15677  1.48%     -   73s
     0     0  109.15700    0  219  110.79593  109.15700  1.48%     -   73s
     0     0  109.16499    0  193  110.79593  109.16499  1.47%     -   75s
     0     0  109.16700    0  231  110.79593  109.16700  1.47%     -   76s
     0     0  109.16700    0  230  110.79593  109.16700  1.47%     -   76s
     0     0  109.18132    0  254  110.79593  109.18132  1.46%     -   77s
     0     0  109.18250    0  276  110.79593  109.18250  1.46%     -   78s
     0     0  109.18295    0  269  110.79593  109.18295  1.46%     -   78s
     0     0  109.19862    0  284  110.79593  109.19862  1.44%     -   81s
     0     0  109.20250    0  279  110.79593  109.20250  1.44%     -   81s
     0     0  109.20258    0  315  110.79593  109.20258  1.44%     -   81s
     0     0  109.21069    0  229  110.79593  109.21069  1.43%     -   84s
     0     0  109.22203    0  270  110.79593  109.22203  1.42%     -   85s
     0     0  109.22543    0  308  110.79593  109.22543  1.42%     -   85s
     0     0  109.22559    0  310  110.79593  109.22559  1.42%     -   85s
     0     0  109.23017    0  250  110.79593  109.23017  1.41%     -   87s
     0     0  109.23071    0  253  110.79593  109.23071  1.41%     -   87s
     0     0  109.23116    0  251  110.79593  109.23116  1.41%     -   90s
     0     0  109.23195    0  233  110.79593  109.23195  1.41%     -   90s
     0     0  109.23202    0  242  110.79593  109.23202  1.41%     -   90s
     0     0  109.23202    0  219  110.79593  109.23202  1.41%     -   92s
     0     0  109.23202    0  219  110.79593  109.23202  1.41%     -   93s
     0     0  109.23991    0  256  110.79593  109.23991  1.40%     -   94s
     0     0  109.24126    0  306  110.79593  109.24126  1.40%     -   94s
     0     0  109.24390    0  302  110.79593  109.24390  1.40%     -   94s
     0     0  109.24391    0  260  110.79593  109.24391  1.40%     -   94s
     0     0  109.24395    0  274  110.79593  109.24395  1.40%     -   94s
     0     0  109.24395    0  274  110.79593  109.24395  1.40%     -   95s
     0     0  109.24395    0  274  110.79593  109.24395  1.40%     -   95s
     0     0  109.24395    0  231  110.79593  109.24395  1.40%     -   97s
     0     0  109.25782    0  198  110.79593  109.25782  1.39%     -  101s
     0     0  109.25782    0  151  110.79593  109.25782  1.39%     -  103s
     0     0  109.25782    0  205  110.79593  109.25782  1.39%     -  103s
     0     0  109.25782    0  228  110.79593  109.25782  1.39%     -  104s
     0     0  109.25782    0  229  110.79593  109.25782  1.39%     -  104s
     0     0  109.25782    0  263  110.79593  109.25782  1.39%     -  104s
     0     0  109.25782    0  234  110.79593  109.25782  1.39%     -  105s
     0     0  109.25782    0  281  110.79593  109.25782  1.39%     -  105s
     0     0  109.25782    0  236  110.79593  109.25782  1.39%     -  105s
     0     0  109.26923    0  241  110.79593  109.26923  1.38%     -  108s
     0     0  109.27030    0  240  110.79593  109.27030  1.38%     -  108s
     0     0  109.27104    0  238  110.79593  109.27104  1.38%     -  108s
     0     0  109.27108    0  238  110.79593  109.27108  1.38%     -  108s
     0     0  109.27202    0  247  110.79593  109.27202  1.38%     -  110s
     0     0  109.27226    0  240  110.79593  109.27226  1.38%     -  111s
     0     0  109.27283    0  233  110.79593  109.27283  1.37%     -  113s
     0     0  109.27283    0  215  110.79593  109.27283  1.37%     -  115s
H    0     0                     110.6261428  109.27283  1.22%     -  116s
H    0     0                     110.4544010  109.28588  1.06%     -  116s
     0     2  109.28588    0  191  110.45440  109.28588  1.06%     -  117s
     3     7  109.28848    2  187  110.45440  109.28848  1.06%   348  120s
    28    43  109.32654    5  193  110.45440  109.32654  1.02%   261  126s
H   76    87                     110.0502042  109.34339  0.64%   205  129s
H   77    87                     109.9654549  109.34461  0.56%   203  129s
    92   100  109.38084    9  190  109.96545  109.35364  0.56%   204  130s

Cutting planes:
  Learned: 3
  Gomory: 59
  Lift-and-project: 50
  Cover: 54
  Implied bound: 180
  Projected implied bound: 7
  Clique: 17
  MIR: 783
  StrongCG: 1
  Flow cover: 1042
  Flow path: 1
  GUB cover: 2
  Zero half: 62
  RLT: 98
  Relax-and-lift: 99

Explored 151 nodes (69293 simplex iterations) in 131.59 seconds (29.29 work units)
Thread count was 32 (of 32 available processors)

Solution count 7: 109.965 110.05 110.454 ... 111.117

Optimal solution found (tolerance 5.00e-03)
Best objective 1.099654549343e+02, best bound 1.094157343384e+02, gap 0.4999%
