
Gurobi 9.5.2 (linux64) logging started Fri Aug 14 13:09:03 2026

Set parameter LogFile to value "/mnt/beegfs/users/celinep/ChargeAndBreak/logs/oracle_RshortCfewTlarge_1_gurobi.log"
Gurobi Optimizer version 9.5.2 build v9.5.2rc0 (linux64)
Thread count: 16 physical cores, 32 logical processors, using up to 32 threads
Optimize a model with 3237 rows, 1701 columns and 25885 nonzeros
Model fingerprint: 0xb459d93f
Variable types: 1079 continuous, 622 integer (622 binary)
Coefficient statistics:
  Matrix range     [7e-02, 7e+02]
  Objective range  [5e-01, 1e+00]
  Bounds range     [1e+00, 2e+01]
  RHS range        [6e-02, 5e+02]

User MIP start produced solution with objective 39.6189 (0.01s)
Loaded user MIP start with objective 39.6189

Presolve removed 1204 rows and 410 columns
Presolve time: 0.13s
Presolved: 2033 rows, 1291 columns, 14943 nonzeros
Variable types: 787 continuous, 504 integer (504 binary)
Root relaxation presolve removed 43 rows and 35 columns
Root relaxation presolved: 1990 rows, 1256 columns, 13949 nonzeros


Root relaxation: objective 3.736647e+01, 1314 iterations, 0.08 seconds (0.07 work units)

    Nodes    |    Current Node    |     Objective Bounds      |     Work
 Expl Unexpl |  Obj  Depth IntInf | Incumbent    BestBd   Gap | It/Node Time

     0     0   37.36647    0   63   39.61887   37.36647  5.69%     -    0s
H    0     0                      39.5180281   37.36647  5.44%     -    0s
H    0     0                      38.6013614   37.36647  3.20%     -    0s
H    0     0                      38.1751460   37.36647  2.12%     -    0s
     0     0   37.79289    0   47   38.17515   37.79289  1.00%     -    0s
     0     0   37.88784    0   39   38.17515   37.88784  0.75%     -    0s
     0     0   37.88784    0   13   38.17515   37.88784  0.75%     -    0s
     0     0   37.88784    0   43   38.17515   37.88784  0.75%     -    0s
     0     0   37.88784    0   37   38.17515   37.88784  0.75%     -    0s
     0     0   37.92119    0   40   38.17515   37.92119  0.67%     -    0s
     0     0   37.93392    0   45   38.17515   37.93392  0.63%     -    0s
     0     0   37.97953    0   54   38.17515   37.97953  0.51%     -    1s
H    0     0                      38.1391041   37.97953  0.42%     -    1s

Cutting planes:
  Gomory: 14
  Lift-and-project: 7
  Cover: 1
  Implied bound: 5
  MIR: 29
  Flow cover: 40
  RLT: 4
  Relax-and-lift: 2

Explored 1 nodes (3342 simplex iterations) in 1.09 seconds (0.49 work units)
Thread count was 32 (of 32 available processors)

Solution count 6: 38.1391 38.1751 38.1751 ... 39.6189

Optimal solution found (tolerance 5.00e-03)
Best objective 3.813910412813e+01, best bound 3.797953218876e+01, gap 0.4184%
