
Gurobi 9.5.2 (linux64) logging started Fri Aug 14 13:44:47 2026

Set parameter LogFile to value "/mnt/beegfs/users/celinep/ChargeAndBreak/logs/oracle_RmediumCmanyTlarge_2_gurobi.log"
Gurobi Optimizer version 9.5.2 build v9.5.2rc0 (linux64)
Thread count: 16 physical cores, 32 logical processors, using up to 32 threads
Optimize a model with 4993 rows, 2629 columns and 54340 nonzeros
Model fingerprint: 0x76e1cbf0
Variable types: 1655 continuous, 974 integer (974 binary)
Coefficient statistics:
  Matrix range     [4e-02, 1e+03]
  Objective range  [5e-01, 1e+00]
  Bounds range     [1e+00, 4e+01]
  RHS range        [6e-03, 5e+02]

User MIP start did not produce a new incumbent solution

Presolve removed 1692 rows and 565 columns
Presolve time: 0.43s
Presolved: 3301 rows, 2064 columns, 44350 nonzeros
Variable types: 1233 continuous, 831 integer (831 binary)
Found heuristic solution: objective 897.9050769
Root relaxation presolve removed 124 rows and 53 columns
Root relaxation presolved: 3177 rows, 2011 columns, 27683 nonzeros


Root relaxation: objective 6.398074e+01, 2855 iterations, 0.44 seconds (0.24 work units)
Another try with MIP start

    Nodes    |    Current Node    |     Objective Bounds      |     Work
 Expl Unexpl |  Obj  Depth IntInf | Incumbent    BestBd   Gap | It/Node Time

H    0     0                      65.9050022   63.98074  2.92%     -    1s
     0     0   63.98074    0  144   65.90500   63.98074  2.92%     -    1s
     0     0   64.99622    0  111   65.90500   64.99622  1.38%     -    2s
     0     0   65.08563    0  123   65.90500   65.08563  1.24%     -    3s
     0     0   65.08627    0  112   65.90500   65.08627  1.24%     -    3s
     0     0   65.08637    0  110   65.90500   65.08637  1.24%     -    3s
     0     0   65.22156    0  135   65.90500   65.22156  1.04%     -    3s
     0     0   65.24596    0  112   65.90500   65.24596  1.00%     -    3s
     0     0   65.24909    0   98   65.90500   65.24909  1.00%     -    3s
     0     0   65.24917    0  105   65.90500   65.24917  1.00%     -    4s
     0     0   65.33888    0   84   65.90500   65.33888  0.86%     -    4s
     0     0   65.34054    0   79   65.90500   65.34054  0.86%     -    4s
     0     0   65.34218    0   75   65.90500   65.34218  0.85%     -    4s
     0     0   65.34227    0   78   65.90500   65.34227  0.85%     -    4s
     0     0   65.36798    0  113   65.90500   65.36798  0.81%     -    4s
     0     0   65.37055    0   94   65.90500   65.37055  0.81%     -    4s
     0     0   65.37203    0  105   65.90500   65.37203  0.81%     -    4s
     0     0   65.37757    0  103   65.90500   65.37757  0.80%     -    5s
     0     0   65.38365    0   86   65.90500   65.38365  0.79%     -    5s
     0     0   65.38399    0   85   65.90500   65.38399  0.79%     -    5s
     0     0   65.38400    0   87   65.90500   65.38400  0.79%     -    5s
     0     0   65.40188    0   99   65.90500   65.40188  0.76%     -    5s
     0     0   65.41211    0   70   65.90500   65.41211  0.75%     -    5s
     0     0   65.41634    0   96   65.90500   65.41634  0.74%     -    5s
     0     0   65.41646    0  102   65.90500   65.41646  0.74%     -    5s
     0     0   65.43677    0   89   65.90500   65.43677  0.71%     -    7s
     0     0   65.43677    0   72   65.90500   65.43677  0.71%     -    7s
     0     0   65.43677    0  101   65.90500   65.43677  0.71%     -    7s
     0     0   65.43677    0   81   65.90500   65.43677  0.71%     -    7s
     0     0   65.44868    0  117   65.90500   65.44868  0.69%     -    7s
H    0     0                      65.6217159   65.44868  0.26%     -    7s

Cutting planes:
  Learned: 2
  Gomory: 19
  Lift-and-project: 14
  Cover: 1
  Implied bound: 20
  Projected implied bound: 1
  Clique: 1
  MIR: 60
  Flow cover: 86
  RLT: 10
  Relax-and-lift: 2
  BQP: 2
  PSD: 1

Explored 1 nodes (8675 simplex iterations) in 8.00 seconds (3.20 work units)
Thread count was 32 (of 32 available processors)

Solution count 3: 65.6217 65.905 897.905 

Optimal solution found (tolerance 5.00e-03)
Best objective 6.562171592892e+01, best bound 6.544867891904e+01, gap 0.2637%
