
Gurobi 9.5.2 (linux64) logging started Sat Aug 15 11:15:05 2026

Set parameter LogFile to value "/mnt/beegfs/users/celinep/ChargeAndBreak/logs/oracle_RlongCmediumTlarge_10_gurobi.log"
Gurobi Optimizer version 9.5.2 build v9.5.2rc0 (linux64)
Thread count: 16 physical cores, 32 logical processors, using up to 32 threads
Optimize a model with 9940 rows, 5223 columns and 191644 nonzeros
Model fingerprint: 0x886240dc
Variable types: 3292 continuous, 1931 integer (1931 binary)
Coefficient statistics:
  Matrix range     [5e-02, 2e+03]
  Objective range  [5e-01, 1e+00]
  Bounds range     [1e+00, 6e+01]
  RHS range        [5e-02, 5e+02]

User MIP start did not produce a new incumbent solution

Presolve removed 3061 rows and 961 columns
Presolve time: 4.62s
Presolved: 6879 rows, 4262 columns, 172392 nonzeros
Variable types: 2540 continuous, 1722 integer (1722 binary)
Found heuristic solution: objective 2118.1119362
Root relaxation presolve removed 182 rows and 119 columns
Root relaxation presolved: 6697 rows, 4143 columns, 134557 nonzeros


Root simplex log...

Iteration    Objective       Primal Inf.    Dual Inf.      Time
       0    6.0988047e+01   2.274677e+04   0.000000e+00      7s
    4486    1.1365281e+02   0.000000e+00   0.000000e+00      8s
    4486    1.1365281e+02   0.000000e+00   0.000000e+00      8s

Root relaxation: objective 1.136528e+02, 4486 iterations, 2.47 seconds (0.90 work units)
Another try with MIP start

    Nodes    |    Current Node    |     Objective Bounds      |     Work
 Expl Unexpl |  Obj  Depth IntInf | Incumbent    BestBd   Gap | It/Node Time

H    0     0                     141.7801972  113.65281  19.8%     -   18s
     0     0  113.65281    0  328  141.78020  113.65281  19.8%     -   18s
     0     0  116.19619    0  228  141.78020  116.19619  18.0%     -   23s
     0     0  116.20027    0  371  141.78020  116.20027  18.0%     -   24s
     0     0  116.21850    0  342  141.78020  116.21850  18.0%     -   24s
     0     0  116.26540    0  332  141.78020  116.26540  18.0%     -   25s
     0     0  116.26540    0  330  141.78020  116.26540  18.0%     -   25s
     0     0  116.53920    0  411  141.78020  116.53920  17.8%     -   27s
     0     0  116.59799    0  481  141.78020  116.59799  17.8%     -   28s
     0     0  116.60486    0  481  141.78020  116.60486  17.8%     -   28s
     0     0  116.61244    0  488  141.78020  116.61244  17.8%     -   29s
     0     0  116.61432    0  489  141.78020  116.61432  17.7%     -   29s
     0     0  116.61469    0  499  141.78020  116.61469  17.7%     -   29s
     0     0  116.79376    0  455  141.78020  116.79376  17.6%     -   32s
     0     0  116.86349    0  436  141.78020  116.86349  17.6%     -   33s
     0     0  116.86869    0  442  141.78020  116.86869  17.6%     -   33s
     0     0  116.87020    0  446  141.78020  116.87020  17.6%     -   33s
     0     0  116.87026    0  447  141.78020  116.87026  17.6%     -   34s
     0     0  117.31219    0  326  141.78020  117.31219  17.3%     -   37s
     0     0  117.34830    0  411  141.78020  117.34830  17.2%     -   37s
     0     0  117.35305    0  377  141.78020  117.35305  17.2%     -   38s
     0     0  117.35552    0  437  141.78020  117.35552  17.2%     -   38s
     0     0  117.35553    0  438  141.78020  117.35553  17.2%     -   38s
     0     0  117.47574    0  382  141.78020  117.47574  17.1%     -   41s
     0     0  117.50083    0  414  141.78020  117.50083  17.1%     -   42s
     0     0  117.50835    0  425  141.78020  117.50835  17.1%     -   42s
     0     0  117.51069    0  424  141.78020  117.51069  17.1%     -   42s
     0     0  117.51076    0  436  141.78020  117.51076  17.1%     -   42s
     0     0  117.70576    0  384  141.78020  117.70576  17.0%     -   47s
     0     0  117.73010    0  407  141.78020  117.73010  17.0%     -   48s
     0     0  117.73771    0  415  141.78020  117.73771  17.0%     -   48s
     0     0  117.73850    0  421  141.78020  117.73850  17.0%     -   48s
     0     0  117.81803    0  396  141.78020  117.81803  16.9%     -   51s
     0     0  117.82315    0  365  141.78020  117.82315  16.9%     -   52s
     0     0  117.82932    0  397  141.78020  117.82932  16.9%     -   53s
     0     0  117.83091    0  385  141.78020  117.83091  16.9%     -   53s
     0     0  117.83106    0  386  141.78020  117.83106  16.9%     -   53s
     0     0  117.86626    0  460  141.78020  117.86626  16.9%     -   56s
     0     0  117.87091    0  491  141.78020  117.87091  16.9%     -   57s
     0     0  117.87149    0  496  141.78020  117.87149  16.9%     -   57s
     0     0  117.90768    0  439  141.78020  117.90768  16.8%     -   60s
     0     0  117.91190    0  523  141.78020  117.91190  16.8%     -   61s
     0     0  117.91211    0  524  141.78020  117.91211  16.8%     -   61s
     0     0  117.95319    0  492  141.78020  117.95319  16.8%     -   65s
     0     0  117.96901    0  482  141.78020  117.96901  16.8%     -   65s
     0     0  117.97013    0  467  141.78020  117.97013  16.8%     -   66s
     0     0  117.97042    0  487  141.78020  117.97042  16.8%     -   66s
     0     0  117.99549    0  537  141.78020  117.99549  16.8%     -   70s
     0     0  118.00335    0  541  141.78020  118.00335  16.8%     -   72s
     0     0  118.00363    0  531  141.78020  118.00363  16.8%     -   72s
     0     0  118.05805    0  456  141.78020  118.05805  16.7%     -   78s
     0     0  118.08079    0  487  141.78020  118.08079  16.7%     -   79s
     0     0  118.08597    0  477  141.78020  118.08597  16.7%     -   79s
     0     0  118.08624    0  482  141.78020  118.08624  16.7%     -   79s
     0     0  118.12948    0  486  141.78020  118.12948  16.7%     -   84s
     0     0  118.13587    0  514  141.78020  118.13587  16.7%     -   85s
     0     0  118.14230    0  551  141.78020  118.14230  16.7%     -   85s
     0     0  118.14247    0  548  141.78020  118.14247  16.7%     -   85s
     0     0  118.23966    0  425  141.78020  118.23966  16.6%     -   90s
     0     0  118.24937    0  468  141.78020  118.24937  16.6%     -   91s
     0     0  118.25116    0  455  141.78020  118.25116  16.6%     -   91s
     0     0  118.25312    0  460  141.78020  118.25312  16.6%     -   92s
     0     0  118.25380    0  470  141.78020  118.25380  16.6%     -   92s
     0     0  118.27183    0  458  141.78020  118.27183  16.6%     -   96s
     0     0  118.27584    0  464  141.78020  118.27584  16.6%     -   96s
     0     0  118.27684    0  527  141.78020  118.27684  16.6%     -   97s
     0     0  118.31846    0  510  141.78020  118.31846  16.5%     -  100s
     0     0  118.34246    0  536  141.78020  118.34246  16.5%     -  101s
     0     0  118.34682    0  542  141.78020  118.34682  16.5%     -  101s
     0     0  118.34969    0  544  141.78020  118.34969  16.5%     -  102s
     0     0  118.34985    0  543  141.78020  118.34985  16.5%     -  102s
     0     0  118.37233    0  505  141.78020  118.37233  16.5%     -  105s
     0     0  118.37766    0  508  141.78020  118.37766  16.5%     -  106s
     0     0  118.37822    0  438  141.78020  118.37822  16.5%     -  106s
     0     0  118.43691    0  507  141.78020  118.43691  16.5%     -  109s
     0     0  118.45018    0  548  141.78020  118.45018  16.5%     -  110s
     0     0  118.45076    0  531  141.78020  118.45076  16.5%     -  110s
     0     0  118.46771    0  535  141.78020  118.46771  16.4%     -  113s
     0     0  118.47415    0  458  141.78020  118.47415  16.4%     -  114s
     0     0  118.47585    0  527  141.78020  118.47585  16.4%     -  114s
     0     0  118.47808    0  549  141.78020  118.47808  16.4%     -  114s
     0     0  118.47884    0  548  141.78020  118.47884  16.4%     -  114s
     0     0  118.55925    0  529  141.78020  118.55925  16.4%     -  118s
     0     0  118.57426    0  526  141.78020  118.57426  16.4%     -  119s
     0     0  118.57676    0  539  141.78020  118.57676  16.4%     -  119s
     0     0  118.57715    0  545  141.78020  118.57715  16.4%     -  119s
     0     0  118.60842    0  447  141.78020  118.60842  16.3%     -  124s
     0     0  118.61605    0  456  141.78020  118.61605  16.3%     -  125s
     0     0  118.61983    0  466  141.78020  118.61983  16.3%     -  126s
     0     0  118.62143    0  478  141.78020  118.62143  16.3%     -  126s
     0     0  118.62143    0  479  141.78020  118.62143  16.3%     -  126s
     0     0  118.65051    0  483  141.78020  118.65051  16.3%     -  131s
     0     0  118.66105    0  454  141.78020  118.66105  16.3%     -  132s
     0     0  118.66487    0  488  141.78020  118.66487  16.3%     -  132s
     0     0  118.66517    0  491  141.78020  118.66517  16.3%     -  132s
     0     0  118.71644    0  495  141.78020  118.71644  16.3%     -  136s
H    0     0                     140.9507533  118.71644  15.8%     -  137s
     0     0  118.71786    0  475  140.95075  118.71786  15.8%     -  137s
     0     0  118.74313    0  437  140.95075  118.74313  15.8%     -  142s
H    0     0                     140.8227426  118.74313  15.7%     -  142s
     0     0  118.74805    0  465  140.82274  118.74805  15.7%     -  143s
     0     0  118.75061    0  478  140.82274  118.75061  15.7%     -  143s
     0     0  118.75133    0  525  140.82274  118.75133  15.7%     -  143s
     0     0  118.80506    0  435  140.82274  118.80506  15.6%     -  147s
     0     0  118.81387    0  493  140.82274  118.81387  15.6%     -  148s
     0     0  118.81478    0  500  140.82274  118.81478  15.6%     -  148s
     0     0  118.87958    0  447  140.82274  118.87958  15.6%     -  154s
     0     0  118.93484    0  466  140.82274  118.93484  15.5%     -  155s
     0     0  118.94124    0  542  140.82274  118.94124  15.5%     -  156s
     0     0  118.94224    0  550  140.82274  118.94224  15.5%     -  157s
     0     0  119.01072    0  516  140.82274  119.01072  15.5%     -  161s
     0     0  119.02422    0  529  140.82274  119.02422  15.5%     -  162s
     0     0  119.02757    0  511  140.82274  119.02757  15.5%     -  162s
     0     0  119.02765    0  517  140.82274  119.02765  15.5%     -  163s
     0     0  119.20883    0  530  140.82274  119.20883  15.3%     -  168s
     0     0  119.23626    0  481  140.82274  119.23626  15.3%     -  170s
     0     0  119.24092    0  416  140.82274  119.24092  15.3%     -  170s
     0     0  119.24196    0  458  140.82274  119.24196  15.3%     -  170s
     0     0  119.25924    0  436  140.82274  119.25924  15.3%     -  174s
     0     0  119.26262    0  493  140.82274  119.26262  15.3%     -  174s
     0     0  119.26343    0  502  140.82274  119.26343  15.3%     -  175s
     0     0  119.27801    0  497  140.82274  119.27801  15.3%     -  178s
     0     0  119.28913    0  460  140.82274  119.28913  15.3%     -  179s
     0     0  119.29027    0  464  140.82274  119.29027  15.3%     -  179s
     0     0  119.32949    0  588  140.82274  119.32949  15.3%     -  180s
H    0     0                     140.0226455  119.32949  14.8%     -  180s
     0     0  119.33067    0  432  140.02265  119.33067  14.8%     -  181s
     0     0  119.36879    0  490  140.02265  119.36879  14.8%     -  185s
     0     0  119.38137    0  468  140.02265  119.38137  14.7%     -  186s
     0     0  119.38292    0  496  140.02265  119.38292  14.7%     -  186s
     0     0  119.39189    0  605  140.02265  119.39189  14.7%     -  189s
     0     0  119.39778    0  604  140.02265  119.39778  14.7%     -  190s
     0     0  119.40021    0  595  140.02265  119.40021  14.7%     -  190s
     0     0  119.40035    0  599  140.02265  119.40035  14.7%     -  190s
     0     0  119.42035    0  532  140.02265  119.42035  14.7%     -  195s
     0     0  119.42412    0  597  140.02265  119.42412  14.7%     -  196s
     0     0  119.42501    0  594  140.02265  119.42501  14.7%     -  196s
     0     0  119.42885    0  575  140.02265  119.42885  14.7%     -  198s
     0     0  119.42885    0  447  140.02265  119.42885  14.7%     -  202s
H    0     0                     139.9110700  119.42885  14.6%     -  203s
     0     2  119.42885    0  446  139.91107  119.42885  14.6%     -  204s
     1     4  119.43057    1  437  139.91107  119.42983  14.6%   608  206s
    15    32  119.45980    4  589  139.91107  119.45420  14.6%   547  211s
H   32    48                     139.7945004  119.46170  14.5%   593  214s
    47    64  119.94414    6  526  139.79450  119.49637  14.5%   713  216s
    63    80  119.94298    7  548  139.79450  119.51005  14.5%   721  225s
    79    96  119.52675    8  594  139.79450  119.51407  14.5%   708  231s
H   89    96                     139.7888832  119.52721  14.5%   696  231s
   111   128  119.60310   10  601  139.78888  119.60145  14.4%   722  237s
   127   144  119.66815   11  583  139.78888  119.60468  14.4%   707  244s
H  128   144                     139.6444556  119.60468  14.4%   702  244s
H  130   144                     128.4412623  119.63488  6.86%   697  244s
H  136   144                     128.3840805  119.63488  6.81%   710  244s
   143   160  119.64336   12  595  128.38408  119.63512  6.81%   735  247s
   159   176  119.70109   13  589  128.38408  119.64370  6.81%   734  250s
   191   208  119.76864   15  535  128.38408  119.69799  6.77%   770  257s
   207   227  119.77318   16  531  128.38408  119.76866  6.71%   789  263s
H  220   227                     128.3622149  119.77649  6.69%   763  263s
   226   243  119.80612   17  497  128.36221  119.80612  6.67%   760  268s
   242   269  119.82752   18  514  128.36221  119.80625  6.67%   738  272s
   268   293  120.05615   19  475  128.36221  119.82874  6.65%   742  275s
   311   333  119.95943   24  576  128.36221  119.94992  6.55%   747  283s
   332   349  120.46345   25  411  128.36221  119.96304  6.54%   782  288s
   348   366  120.20283    9  529  128.36221  119.97430  6.53%   800  294s
   365   392  121.08306   28  360  128.36221  119.98772  6.52%   842  300s
   391   409  122.38813   29  402  128.36221  120.00289  6.51%   868  305s
   408   427  120.70914    5  417  128.36221  120.01488  6.50%   890  313s
   426   450  121.78530   27  376  128.36221  120.03325  6.49%   900  319s
   449   497  120.14784   29  510  128.36221  120.04539  6.48%   915  325s
H  494   497                     128.2391092  120.05497  6.38%   880  325s
   533   571  120.43294   20  467  128.23911  120.07532  6.37%   882  336s
   570   587  120.22581   17  483  128.23911  120.08679  6.36%   883  343s
   586   629  120.09364   17  505  128.23911  120.09288  6.35%   891  348s
   628   684  122.98206   18  418  128.23911  120.09615  6.35%   887  352s
   683   736  122.50012   13  338  128.23911  120.10439  6.34%   870  356s
   735   787  121.98700   18  363  128.23911  120.11419  6.34%   854  363s
   786   808  120.42107   13  378  128.23911  120.12136  6.33%   846  372s
H  798   808                     128.1752781  120.12554  6.28%   849  372s
   807   842  122.52869   16  351  128.17528  120.12694  6.28%   850  380s
   841   896  121.90060   21  367  128.17528  120.13055  6.28%   846  387s
   895   967  122.59922   24  404  128.17528  120.13709  6.27%   852  393s
   966  1048  123.29841   23  414  128.17528  120.14161  6.27%   835  401s
  1049  1139  120.88594   27  421  128.17528  120.14545  6.26%   810  409s
  1142  1242  121.70869   18  476  128.17528  120.15567  6.26%   780  414s
  1245  1352  120.43092   31  542  128.17528  120.16096  6.25%   753  419s
  1357  1443  120.17110   23  485  128.17528  120.16551  6.25%   721  423s
  1448  1509  122.07016   30  359  128.17528  120.17287  6.24%   708  428s
H 1509  1509                     128.0919448  120.17688  6.18%   713  428s
  1514  1622  120.60368   21  456  128.09194  120.17870  6.18%   713  433s
  1629  1756  120.35193   19  441  128.09194  120.18667  6.17%   694  442s
  1785  1902  120.39550   27  505  128.09194  120.19034  6.17%   664  448s
H 1845  1902                     128.0751508  120.19183  6.16%   650  449s
  1931  1993  127.88402   34  419  128.07515  120.19425  6.15%   639  457s
H 1933  1993                     128.0215006  120.19425  6.11%   639  457s
H 2012  1993                     127.9974346  120.19462  6.10%   632  457s
  2022  2114  120.21132   29  429  127.99743  120.20154  6.09%   632  464s
  2146  2115  121.83902   21  447  127.99743  120.20470  6.09%   621  504s
  2148  2116  120.25271    9  128  127.99743  120.20470  6.09%   620  511s
  2149  2117  120.65705   26  294  127.99743  120.20470  6.09%   620  517s
  2152  2119  122.72122   22  369  127.99743  120.20470  6.09%   619  520s
  2157  2122  120.68375   35  397  127.99743  120.20470  6.09%   618  525s
  2161  2125  120.63334   27  485  127.99743  120.20470  6.09%   616  530s
  2169  2130  120.41886   15  497  127.99743  120.20470  6.09%   614  537s
  2170  2131  120.40687   25  454  127.99743  120.20470  6.09%   614  553s
  2172  2132  120.89638   29  554  127.99743  120.20470  6.09%   613  563s
  2173  2133  120.51204    9  452  127.99743  120.20470  6.09%   613  582s
  2177  2136  121.93475   23  512  127.99743  120.20470  6.09%   612  593s
  2178  2136  120.97783   29  476  127.99743  120.20470  6.09%   612  609s
  2179  2137  120.42700    5  495  127.99743  120.20470  6.09%   611  610s
  2181  2138  121.93467   23  574  127.99743  120.20470  6.09%   611  618s
  2182  2139  120.44737   26  477  127.99743  120.20470  6.09%   611  636s
  2183  2140  121.87662   23  498  127.99743  120.20470  6.09%   610  645s
  2184  2140  121.19639   29  338  127.99743  120.20470  6.09%   610  659s
  2186  2142  122.17476   20  495  127.99743  120.20470  6.09%   609  660s
H 2186  2034                     127.9918174  120.20470  6.08%   609  667s
  2188  2035  121.87005   23  498  127.99182  120.20470  6.08%   609  683s
  2190  2036  120.35530   35  584  127.99182  120.20470  6.08%   608  691s
  2191  2037  120.45491   34  500  127.99182  120.20470  6.08%   608  702s
  2194  2039  125.76142   12  556  127.99182  120.22282  6.07%   607  708s
  2195  2040  122.44183   16  527  127.99182  120.23202  6.06%   607  715s
  2196  2040  122.50394   16  532  127.99182  120.23302  6.06%   607  721s
  2197  2041  120.32562   18  509  127.99182  120.25177  6.05%   606  730s
  2198  2042  123.34565   22  516  127.99182  120.25215  6.05%   606  738s
  2199  2042  122.02154   28  509  127.99182  120.27839  6.03%   606  759s
  2200  2043  121.98152   18  503  127.99182  120.27839  6.03%   606  764s
  2201  2044  122.55433   16  503  127.99182  120.28374  6.02%   605  769s
  2202  2046  120.28374   12  487  127.99182  120.28374  6.02%   629  813s
  2204  2047  120.29183   13  537  127.99182  120.29183  6.02%   629  852s
  2207  2048  120.29545   14  652  127.99182  120.29545  6.01%   629  886s
  2211  2049  120.30001   15  642  127.99182  120.30001  6.01%   629  890s
  2226  2059  120.32873   17  611  127.99182  120.32120  5.99%   630  898s
  2239  2066  120.42495   18  574  127.99182  120.33074  5.99%   630  903s
  2255  2075  120.43267   19  595  127.99182  120.43267  5.91%   629  906s
  2287  2093  120.44797   21  576  127.99182  120.44797  5.89%   630  911s
H 2298  1986                     127.9381672  120.44901  5.85%   629  911s
  2332  2016  120.48384   23  572  127.93817  120.46853  5.84%   628  916s
  2355  2027  120.49170   24  572  127.93817  120.48469  5.83%   628  920s
  2397  2056  127.85444   26  306  127.93817  120.49888  5.81%   630  926s
  2452  2095  120.51682   28  580  127.93817  120.51682  5.80%   630  932s
  2489  2093  120.52350   30  622  127.93817  120.51748  5.80%   629  940s
H 2503  1990                     127.9381672  120.52350  5.80%   630  940s
H 2504  1896                     127.9115305  120.52350  5.78%   631  940s
  2547  1916     cutoff   32       127.91153  120.53020  5.77%   629  949s
H 2554  1825                     127.9115305  120.55511  5.75%   630  949s
  2567  1836  120.56363   36  638  127.91153  120.56363  5.74%   632  957s
H 2580  1747                     127.9115305  120.56411  5.74%   633  957s
  2595  1764  120.57301   37  638  127.91153  120.57301  5.74%   631  960s
  2633  1770  120.57399   38  641  127.91153  120.57399  5.74%   628  965s
  2673  1789  120.58375   39  642  127.91153  120.58375  5.73%   628  970s
  2791  1829  120.67313   44  532  127.91153  120.61324  5.71%   621  976s
  2847  1867  120.70310   51  536  127.91153  120.63817  5.69%   618  981s
  2918  1871  121.37887   46  530  127.91153  120.68225  5.65%   613  986s
  2959  1915  120.73141   50  533  127.91153  120.72097  5.62%   611  990s
  3127  1952     cutoff   56       127.91153  120.74781  5.60%   596  995s
  3260  2070  124.43443   64  440  127.91153  120.77881  5.58%   589 1003s
  3347  2131  120.84996   63  579  127.91153  120.81948  5.54%   584 1006s
  3439  2168  122.39010   75  395  127.91153  120.82806  5.54%   578 1010s
  3634  2284  121.47791   82  341  127.91153  120.84098  5.53%   571 1018s
  3738  2303  120.93166   84  355  127.91153  120.84665  5.52%   567 1027s
  3800  2398  120.85152   58  428  127.91153  120.85148  5.52%   568 1033s
  3940  2364  123.73379   76  320  127.91153  120.85505  5.52%   562 1043s
  3975  2358  120.90453   89  545  127.91153  120.86550  5.51%   570 1060s
  3995  2485     cutoff   91       127.91153  120.87144  5.50%   572 1066s
  4147  2665  120.88967   82  487  127.91153  120.87781  5.50%   563 1072s
  4408  2810  124.62971   67  345  127.91153  120.88617  5.49%   541 1077s
  4670  2951  120.89614   72  597  127.91153  120.89591  5.48%   521 1082s
  4916  2894  124.92371   73  467  127.91153  120.90231  5.48%   508 1088s
  4987  2948     cutoff   91       127.91153  120.90962  5.47%   511 1095s
  5116  3059  123.87283   87  351  127.91153  120.92320  5.46%   512 1100s
  5319  3219  120.99272   71  485  127.91153  120.92935  5.46%   503 1105s
  5598  3303  121.06952   79  414  127.91153  120.93395  5.46%   490 1111s
  5857  3335     cutoff   86       127.91153  120.94454  5.45%   480 1117s
  6035  3499  125.46150   79  242  127.91153  120.95492  5.44%   475 1122s
  6344  3499     cutoff   89       127.91153  120.96571  5.43%   463 1127s
  6525  3608     cutoff   66       127.91153  120.97701  5.42%   463 1133s
  6751  3537     cutoff   78       127.91153  120.98730  5.41%   458 1144s
  6789  3660     cutoff   88       127.91153  120.99332  5.41%   462 1151s
  7019  3995     cutoff   75       127.91153  120.99729  5.41%   461 1159s
  7447  4308  123.29974   77  350  127.91153  121.00292  5.40%   446 1167s
  7873  4443  121.49079   95  568  127.91153  121.00754  5.40%   437 1178s
  8076  4464     cutoff   61       127.91153  121.01289  5.39%   436 1188s
  8203  4844     cutoff   85       127.91153  121.01905  5.39%   438 1198s
  8658  5279     cutoff   85       127.91153  121.02558  5.38%   428 1206s
  9173  5667     cutoff   71       127.91153  121.03054  5.38%   418 1214s
  9611  6010     cutoff   78       127.91153  121.03436  5.38%   411 1224s
 10006  5987     cutoff   83       127.91153  121.03936  5.37%   410 1239s
 10059  6317  121.05216   89  352  127.91153  121.04456  5.37%   414 1253s
 10499  6452  125.25951   89  392  127.91153  121.04783  5.37%   410 1280s
H10628  6452                     127.9115305  121.05274  5.36%   414 1280s
 10715  6579  123.42110   93  392  127.91153  121.05579  5.36%   412 1296s
 10931  6968     cutoff   70       127.91153  121.05942  5.36%   415 1317s
 11444  7064  124.76217   92  421  127.91153  121.06411  5.35%   413 1336s
 11703  7299     cutoff  103       127.91153  121.07102  5.35%   417 1349s
 12032  7420     cutoff   99       127.91153  121.07444  5.35%   416 1367s
 12291  7843     cutoff   86       127.91153  121.08083  5.34%   419 1381s
 12895  8516     cutoff   85       127.91153  121.08586  5.34%   415 1403s
 13743  9090  121.16512  134  401  127.91153  121.09122  5.33%   407 1427s
 14524  9676     cutoff  100       127.91153  121.09436  5.33%   405 1456s
H14576  9670                     127.8569533  121.09436  5.29%   404 1456s
 15225 10141  121.19356  107  361  127.85695  121.09630  5.29%   397 1483s
 15855 10136     cutoff  102       127.85695  121.09994  5.28%   397 1524s
 15888 10404  121.10926   93  314  127.85695  121.10392  5.28%   399 1548s
 16325 10725  122.18549   88  444  127.85695  121.10899  5.28%   400 1572s
 16889 10852     cutoff   68       127.85695  121.11352  5.27%   402 1597s
 17151 11299     cutoff  102       127.85695  121.11777  5.27%   405 1620s
 17946 11578     cutoff   70       127.85695  121.12452  5.27%   406 1652s
 18672 11882     cutoff   94       127.85695  121.13252  5.26%   408 1679s
 19299 12166     cutoff   89       127.85695  121.14304  5.25%   414 1711s
 19858 12476     cutoff  123       127.85695  121.14973  5.25%   416 1743s
 20455 12718  121.35991  126  425  127.85695  121.16050  5.24%   418 1780s
 21018 13393     cutoff   93       127.85695  121.16927  5.23%   421 1839s
 22444 13444     cutoff   96       127.85695  121.18303  5.22%   423 1880s
 22685 13963  122.50006   76  316  127.85695  121.19661  5.21%   426 1928s
 23709 14149     cutoff   63       127.85695  121.21531  5.19%   429 1971s
 24377 14564 infeasible   95       127.85695  121.22966  5.18%   432 2019s
 25541 15121     cutoff  116       127.85695  121.24960  5.17%   433 2067s
 26853 15546     cutoff   97       127.85695  121.26569  5.16%   434 2116s
 27874 15709  123.32217  105  275  127.85695  121.28673  5.14%   436 2162s
 28372 16105  123.59494  129  430  127.85695  121.29900  5.13%   441 2209s
 28576 16105     cutoff  117       127.85695  121.30166  5.13%   441 2210s
H28846 16105                     127.8569533  121.30268  5.13%   441 2210s
 29510 16697  123.28788  102  327  127.85695  121.32566  5.11%   442 2259s
 30830 16697  124.01259   84  319  127.85695  121.33226  5.10%   441 2260s
 31019 17030     cutoff   84       127.85695  121.36822  5.07%   441 2324s
 31530 17030  121.39269   93  429  127.85695  121.37034  5.07%   439 2325s
 31869 17456  121.51584   47  534  127.85695  121.38112  5.06%   440 2400s
H32244 17456                     127.8569533  121.38518  5.06%   438 2400s
H32759 17456                     127.8569532  121.38862  5.06%   439 2400s
 33043 17576     cutoff  120       127.85695  121.40138  5.05%   438 2450s
 33845 18028     cutoff   91       127.85695  121.43361  5.02%   441 2501s
 35611 18449 infeasible   90       127.85695  121.46903  5.00%   440 2567s
 37258 18693     cutoff  114       127.85695  121.54624  4.94%   442 2629s
H37617 18693                     127.8569530  121.55180  4.93%   442 2629s
 38514 18796     cutoff  106       127.85695  121.57044  4.92%   443 2684s
 39274 19139 infeasible   91       127.85695  121.59744  4.90%   444 2736s
 40617 19450     cutoff   77       127.85695  121.63900  4.86%   445 2818s
 42568 19310     cutoff  110       127.85695  121.71088  4.81%   446 2888s
 43513 19093     cutoff  130       127.85695  121.76944  4.76%   451 2992s
 46194 19001     cutoff   91       127.85695  121.91858  4.64%   452 3067s
 47114 19032     cutoff  117       127.85695  121.94039  4.63%   454 3155s
 48592 19363     cutoff  130       127.85695  122.02348  4.56%   454 3251s
 51413 19265  124.96903   99  298  127.85695  122.16578  4.45%   448 3320s
 52637 19332     cutoff  112       127.85695  122.22801  4.40%   448 3438s
H53028 19332                     127.8569527  122.23655  4.40%   448 3438s
 53454 19795     cutoff  112       127.85695  122.28512  4.36%   448 3521s
 56077 19860  125.19289  141  374  127.85695  122.37881  4.28%   443 3600s
 57125 20133     cutoff  137       127.85695  122.43076  4.24%   442 3707s
 59267 20588  122.61694  110  325  127.85695  122.49201  4.20%   440 3791s
 61782 20537     cutoff   56       127.85695  122.55618  4.15%   437 3863s
 62862 20613     cutoff  116       127.85695  122.60608  4.11%   437 3946s
 63878 20543  123.00439  100  335  127.85695  122.64170  4.08%   437 4027s
 66393 20598     cutoff  111       127.85695  122.71311  4.02%   433 4084s
 67303 20598     cutoff  111       127.85695  122.72164  4.02%   431 4085s
 68216 20501 infeasible   77       127.85695  122.80896  3.95%   430 4142s
 69532 20328  122.85830  131  257  127.85695  122.85203  3.91%   428 4196s
 70310 20009     cutoff  100       127.85695  122.87580  3.90%   428 4256s
 71332 19661     cutoff  104       127.85695  122.91841  3.86%   428 4319s
 71929 19661     cutoff   46       127.85695  122.92686  3.86%   427 4320s
 72393 19327     cutoff   80       127.85695  122.99377  3.80%   427 4382s
 73470 19288     cutoff   57       127.85695  123.04437  3.76%   426 4456s
 76028 19245     cutoff  110       127.85695  123.13574  3.69%   422 4515s
 77272 18850     cutoff  105       127.85695  123.20896  3.64%   421 4585s
 78810 18704  123.71122   71  459  127.85695  123.27468  3.58%   419 4651s
 80175 18333  124.27817   84  334  127.85695  123.31292  3.55%   419 4725s
 82429 18082  123.41005   97  462  127.85695  123.38153  3.50%   416 4797s
 83485 18021     cutoff  107       127.85695  123.43242  3.46%   415 4865s
 84636 17781     cutoff   93       127.85695  123.48830  3.42%   414 4938s
 87126 18043 infeasible  154       127.85695  123.58569  3.34%   411 5012s
 89625 18004     cutoff  120       127.85695  123.68426  3.26%   408 5097s
 90669 17957  124.67585   73  277  127.85695  123.70679  3.25%   408 5222s
 92958 18095     cutoff   76       127.85695  123.80466  3.17%   406 5344s
H94370 18095                     127.8569517  123.81546  3.16%   405 5345s
 96301 17864     cutoff   93       127.85695  123.87490  3.11%   402 5422s
 97646 17633     cutoff  106       127.85695  123.92559  3.07%   401 5503s
 98954 17648     cutoff   82       127.85695  123.99759  3.02%   401 5590s
H101289 17648                     127.8569509  124.00574  3.01%   398 5592s
 101539 17493 infeasible   82       127.85695  124.06424  2.97%   398 5668s
 102518 17346     cutoff   86       127.85695  124.12243  2.92%   398 5739s
 102575 17346  124.19233   91  343  127.85695  124.12243  2.92%   398 5740s
 103567 17151 infeasible  116       127.85695  124.13696  2.91%   398 5825s
 104892 17081     cutoff  100       127.85695  124.17214  2.88%   397 5906s
 107810 16245 infeasible  124       127.85695  124.24827  2.82%   394 5987s
 109135 15500 infeasible   71       127.85695  124.34885  2.74%   394 6057s
 110446 14585     cutoff  127       127.85695  124.39971  2.70%   394 6144s
 111461 14585  124.67162  104  434  127.85695  124.41982  2.69%   394 6145s
 111958 13314     cutoff  130       127.85695  124.52597  2.61%   394 6220s
 113725 12430 infeasible  109       127.85695  124.60218  2.55%   394 6315s
 115410 11358 infeasible  107       127.85695  124.73673  2.44%   393 6389s
 116189 11358     cutoff  120       127.85695  124.75195  2.43%   393 6390s
 117180  9942     cutoff   60       127.85695  124.83649  2.36%   393 6460s
 119170  8703     cutoff   94       127.85695  124.98640  2.25%   391 6533s
 121094  7495     cutoff  129       127.85695  125.17534  2.10%   390 6605s
 123021  6189     cutoff   43       127.85695  125.33831  1.97%   387 6663s
 124923  5221     cutoff  111       127.85695  125.69835  1.69%   385 6740s
 126576  4373     cutoff   95       127.85695  125.93117  1.51%   383 6777s
 127836  3478     cutoff  163       127.85695  126.31771  1.20%   381 6829s
 129104  3048 infeasible  126       127.85695  126.50500  1.06%   380 6845s
 129703  2609 infeasible  125       127.85695  126.77574  0.85%   379 6864s
 130319  2254     cutoff  126       127.85695  126.99875  0.67%   377 6879s
 130438  2254     cutoff  109       127.85695  127.00265  0.67%   377 6880s
 130791  1997     cutoff  116       127.85695  127.17377  0.53%   377 6886s

Cutting planes:
  Learned: 5
  Gomory: 258
  Lift-and-project: 20
  Cover: 701
  Implied bound: 1272
  Clique: 11
  MIR: 2153
  Flow cover: 3532
  GUB cover: 2
  Inf proof: 44
  Zero half: 66
  RLT: 176
  Relax-and-lift: 326
  PSD: 2

Explored 131082 nodes (49333801 simplex iterations) in 6886.77 seconds (2868.02 work units)
Thread count was 32 (of 32 available processors)

Solution count 10: 127.857 127.857 127.857 ... 127.912

Optimal solution found (tolerance 5.00e-03)
Best objective 1.278569533054e+02, best bound 1.273114181187e+02, gap 0.4267%
