
Gurobi 9.5.2 (linux64) logging started Thu Aug 13 14:35:32 2026

Set parameter LogFile to value "/mnt/beegfs/users/celinep/ChargeAndBreak/logs/oracle_RmediumCmediumTnone_19_gurobi.log"
Gurobi Optimizer version 9.5.2 build v9.5.2rc0 (linux64)
Thread count: 16 physical cores, 32 logical processors, using up to 32 threads
Optimize a model with 6205 rows, 3269 columns and 80645 nonzeros
Model fingerprint: 0x336f08c4
Variable types: 2064 continuous, 1205 integer (1205 binary)
Coefficient statistics:
  Matrix range     [2e-02, 1e+03]
  Objective range  [5e-01, 1e+00]
  Bounds range     [1e+00, 4e+01]
  RHS range        [7e-03, 2e+07]

User MIP start did not produce a new incumbent solution

Presolve removed 2016 rows and 656 columns
Presolve time: 0.51s
Presolved: 4189 rows, 2613 columns, 69853 nonzeros
Variable types: 1568 continuous, 1045 integer (1045 binary)
Found heuristic solution: objective 1318.1670973
Root relaxation presolve removed 187 rows and 70 columns
Root relaxation presolved: 4002 rows, 2543 columns, 39178 nonzeros


Root relaxation: objective 7.675690e+01, 3140 iterations, 0.47 seconds (0.46 work units)
Another try with MIP start

    Nodes    |    Current Node    |     Objective Bounds      |     Work
 Expl Unexpl |  Obj  Depth IntInf | Incumbent    BestBd   Gap | It/Node Time

H    0     0                      79.3242181   76.75690  3.24%     -    2s
     0     0   76.75690    0  160   79.32422   76.75690  3.24%     -    2s
     0     0   77.91356    0  109   79.32422   77.91356  1.78%     -    2s
     0     0   77.91356    0  109   79.32422   77.91356  1.78%     -    2s
     0     0   78.12992    0  116   79.32422   78.12992  1.51%     -    3s
     0     0   78.15361    0  120   79.32422   78.15361  1.48%     -    3s
     0     0   78.15519    0  121   79.32422   78.15519  1.47%     -    3s
     0     0   78.15519    0  120   79.32422   78.15519  1.47%     -    3s
     0     0   78.29635    0  124   79.32422   78.29635  1.30%     -    3s
     0     0   78.31166    0  136   79.32422   78.31166  1.28%     -    3s
     0     0   78.31458    0  135   79.32422   78.31458  1.27%     -    3s
     0     0   78.31527    0  170   79.32422   78.31527  1.27%     -    3s
     0     0   78.31584    0  170   79.32422   78.31584  1.27%     -    3s
     0     0   78.42257    0  139   79.32422   78.42257  1.14%     -    4s
     0     0   78.43449    0  170   79.32422   78.43449  1.12%     -    4s
     0     0   78.44322    0  178   79.32422   78.44322  1.11%     -    4s
     0     0   78.44593    0  181   79.32422   78.44593  1.11%     -    4s
     0     0   78.44810    0  190   79.32422   78.44810  1.10%     -    4s
     0     0   78.44810    0  190   79.32422   78.44810  1.10%     -    4s
     0     0   78.47457    0  138   79.32422   78.47457  1.07%     -    4s
     0     0   78.47925    0  142   79.32422   78.47925  1.07%     -    4s
     0     0   78.48049    0  144   79.32422   78.48049  1.06%     -    4s
     0     0   78.48049    0  146   79.32422   78.48049  1.06%     -    4s
     0     0   78.49470    0  178   79.32422   78.49470  1.05%     -    5s
     0     0   78.50292    0  192   79.32422   78.50292  1.04%     -    5s
     0     0   78.50413    0  171   79.32422   78.50413  1.03%     -    5s
     0     0   78.50447    0  174   79.32422   78.50447  1.03%     -    5s
     0     0   78.52201    0  188   79.32422   78.52201  1.01%     -    6s
     0     0   78.52830    0  183   79.32422   78.52830  1.00%     -    6s
     0     0   78.52975    0  186   79.32422   78.52975  1.00%     -    6s
     0     0   78.52990    0  187   79.32422   78.52990  1.00%     -    6s
     0     0   78.53251    0  199   79.32422   78.53251  1.00%     -    7s
     0     0   78.53584    0  169   79.32422   78.53584  0.99%     -    7s
     0     0   78.53596    0  187   79.32422   78.53596  0.99%     -    7s
     0     0   78.53949    0  160   79.32422   78.53949  0.99%     -    8s
     0     0   78.53984    0  161   79.32422   78.53984  0.99%     -    8s
     0     0   78.54122    0  177   79.32422   78.54122  0.99%     -    8s
     0     0   78.54135    0  166   79.32422   78.54135  0.99%     -    9s
     0     0   78.55220    0  137   79.32422   78.55220  0.97%     -   10s
H    0     0                      79.1387881   78.55220  0.74%     -   10s
     0     0   78.55625    0  129   79.13879   78.55625  0.74%     -   10s
     0     0   78.55735    0  141   79.13879   78.55735  0.73%     -   10s
     0     0   78.55738    0  141   79.13879   78.55738  0.73%     -   10s
     0     0   78.55985    0  138   79.13879   78.55985  0.73%     -   10s
H    0     0                      79.0143296   78.55985  0.58%     -   10s
     0     0   78.56207    0  151   79.01433   78.56207  0.57%     -   10s
     0     0   78.56207    0  153   79.01433   78.56207  0.57%     -   10s
     0     0   78.56233    0  157   79.01433   78.56233  0.57%     -   11s
     0     0   78.56233    0  177   79.01433   78.56233  0.57%     -   11s
     0     0   78.56235    0  163   79.01433   78.56235  0.57%     -   12s
     0     0   78.56235    0  163   79.01433   78.56235  0.57%     -   12s
     0     0   78.56235    0  202   79.01433   78.56235  0.57%     -   14s
     0     0   78.56235    0  142   79.01433   78.56235  0.57%     -   15s
     0     0   78.56235    0   97   79.01433   78.56235  0.57%     -   15s
     0     0   78.56235    0  143   79.01433   78.56235  0.57%     -   15s
     0     0   78.56487    0  171   79.01433   78.56487  0.57%     -   15s
     0     0   78.56507    0  182   79.01433   78.56507  0.57%     -   15s
     0     0   78.57611    0  167   79.01433   78.57611  0.55%     -   16s
     0     0   78.57853    0  174   79.01433   78.57853  0.55%     -   16s
     0     0   78.57875    0  174   79.01433   78.57875  0.55%     -   16s
     0     0   78.58150    0  174   79.01433   78.58150  0.55%     -   17s
     0     0   78.58190    0  156   79.01433   78.58190  0.55%     -   17s
     0     0   78.58309    0  148   79.01433   78.58309  0.55%     -   17s
     0     0   78.58329    0  154   79.01433   78.58329  0.55%     -   17s
     0     0   78.58343    0  155   79.01433   78.58343  0.55%     -   17s
     0     0   78.58347    0  151   79.01433   78.58347  0.55%     -   17s
     0     0   78.58612    0  193   79.01433   78.58612  0.54%     -   18s
     0     0   78.58612    0  151   79.01433   78.58612  0.54%     -   19s
     0     2   78.58612    0  120   79.01433   78.58612  0.54%     -   20s
H    7     9                      78.8922887   78.59682  0.37%  93.3   21s

Cutting planes:
  Learned: 1
  Gomory: 22
  Lift-and-project: 54
  Cover: 4
  Implied bound: 39
  Clique: 5
  MIR: 178
  Flow cover: 285
  Flow path: 25
  GUB cover: 1
  Zero half: 1
  RLT: 25
  Relax-and-lift: 6
  BQP: 2

Explored 11 nodes (18622 simplex iterations) in 21.79 seconds (11.98 work units)
Thread count was 32 (of 32 available processors)

Solution count 5: 78.8923 79.0143 79.1388 ... 1318.17

Optimal solution found (tolerance 5.00e-03)
Best objective 7.889228873497e+01, best bound 7.859681770138e+01, gap 0.3745%
