
Gurobi 9.5.2 (linux64) logging started Mon Aug 10 21:29:38 2026

Set parameter LogFile to value "/mnt/beegfs/users/celinep/ChargeAndBreak/logs/oracle_RmediumCmanyTnone_15_gurobi.log"
Gurobi Optimizer version 9.5.2 build v9.5.2rc0 (linux64)
Thread count: 16 physical cores, 32 logical processors, using up to 32 threads
Optimize a model with 4182 rows, 2205 columns and 39876 nonzeros
Model fingerprint: 0xcb354037
Variable types: 1390 continuous, 815 integer (815 binary)
Coefficient statistics:
  Matrix range     [6e-02, 9e+02]
  Objective range  [5e-01, 1e+00]
  Bounds range     [1e+00, 3e+01]
  RHS range        [7e-03, 2e+07]

User MIP start did not produce a new incumbent solution

Presolve removed 1517 rows and 509 columns
Presolve time: 0.15s
Presolved: 2665 rows, 1696 columns, 21728 nonzeros
Variable types: 1025 continuous, 671 integer (671 binary)
Found heuristic solution: objective 889.6295247
Root relaxation presolve removed 45 rows and 43 columns
Root relaxation presolved: 2620 rows, 1653 columns, 21208 nonzeros


Root relaxation: objective 5.680918e+01, 1895 iterations, 0.08 seconds (0.13 work units)
Another try with MIP start

    Nodes    |    Current Node    |     Objective Bounds      |     Work
 Expl Unexpl |  Obj  Depth IntInf | Incumbent    BestBd   Gap | It/Node Time

H    0     0                      67.4909878   56.80918  15.8%     -    0s
     0     0   56.80918    0   75   67.49099   56.80918  15.8%     -    0s
     0     0   57.50598    0   69   67.49099   57.50598  14.8%     -    0s
H    0     0                      60.1080288   57.50598  4.33%     -    0s
     0     0   57.68619    0   75   60.10803   57.68619  4.03%     -    0s
     0     0   57.69320    0   69   60.10803   57.69320  4.02%     -    0s
     0     0   57.69801    0   76   60.10803   57.69801  4.01%     -    0s
     0     0   57.81303    0   90   60.10803   57.81303  3.82%     -    1s
     0     0   57.84825    0   84   60.10803   57.84825  3.76%     -    1s
     0     0   57.86186    0   84   60.10803   57.86186  3.74%     -    1s
     0     0   57.86560    0   89   60.10803   57.86560  3.73%     -    1s
     0     0   57.86560    0   89   60.10803   57.86560  3.73%     -    1s
     0     0   57.92197    0   75   60.10803   57.92197  3.64%     -    1s
     0     0   57.92493    0   77   60.10803   57.92493  3.63%     -    1s
     0     0   57.92878    0   77   60.10803   57.92878  3.63%     -    1s
     0     0   57.92907    0   78   60.10803   57.92907  3.63%     -    1s
     0     0   57.92909    0   79   60.10803   57.92909  3.63%     -    1s
H    0     0                      59.9589399   57.92909  3.39%     -    1s
     0     0   57.95228    0   62   59.95894   57.95228  3.35%     -    1s
     0     0   57.96400    0   84   59.95894   57.96400  3.33%     -    1s
     0     0   57.96608    0   86   59.95894   57.96608  3.32%     -    1s
     0     0   57.96693    0   93   59.95894   57.96693  3.32%     -    1s
     0     0   57.96714    0   93   59.95894   57.96714  3.32%     -    1s
     0     0   57.99376    0  105   59.95894   57.99376  3.28%     -    2s
     0     0   58.00902    0  118   59.95894   58.00902  3.25%     -    2s
     0     0   58.00969    0  129   59.95894   58.00969  3.25%     -    2s
     0     0   58.00986    0  138   59.95894   58.00986  3.25%     -    2s
     0     0   58.01357    0  115   59.95894   58.01357  3.24%     -    2s
     0     0   58.01376    0  111   59.95894   58.01376  3.24%     -    2s
H    0     0                      58.9280806   58.01376  1.55%     -    2s
H    0     0                      58.7925944   58.01376  1.32%     -    2s
     0     0   58.01863    0   97   58.79259   58.01863  1.32%     -    2s
     0     0   58.01983    0   92   58.79259   58.01983  1.31%     -    3s
     0     0   58.01984    0   80   58.79259   58.01984  1.31%     -    3s
     0     0   58.02382    0   74   58.79259   58.02382  1.31%     -    3s
     0     0   58.02459    0   80   58.79259   58.02459  1.31%     -    3s
     0     0   58.02462    0   83   58.79259   58.02462  1.31%     -    3s
H    0     0                      58.4796805   58.06000  0.72%     -    3s
     0     0   58.06000    0   55   58.47968   58.06000  0.72%     -    3s
     0     0   58.06632    0   95   58.47968   58.06632  0.71%     -    3s
     0     0   58.06764    0   94   58.47968   58.06764  0.70%     -    3s
     0     0   58.06768    0   99   58.47968   58.06768  0.70%     -    3s
     0     0   58.06791    0   93   58.47968   58.06791  0.70%     -    3s
     0     0   58.06791    0   94   58.47968   58.06791  0.70%     -    3s
     0     0   58.06839    0  102   58.47968   58.06839  0.70%     -    4s
     0     0   58.06854    0  101   58.47968   58.06854  0.70%     -    4s
     0     0   58.06941    0  104   58.47968   58.06941  0.70%     -    4s
     0     0   58.06947    0   78   58.47968   58.06947  0.70%     -    4s
     0     0   58.06947    0   77   58.47968   58.06947  0.70%     -    5s
     0     0   58.06947    0   92   58.47968   58.06947  0.70%     -    5s
     0     0   58.06947    0   71   58.47968   58.06947  0.70%     -    5s
     0     0   58.06947    0   85   58.47968   58.06947  0.70%     -    5s
     0     0   58.06947    0   77   58.47968   58.06947  0.70%     -    5s
     0     0   58.06974    0   97   58.47968   58.06974  0.70%     -    5s
     0     0   58.06974    0   89   58.47968   58.06974  0.70%     -    5s
     0     0   58.08530    0   69   58.47968   58.08530  0.67%     -    5s
     0     0   58.08613    0   67   58.47968   58.08613  0.67%     -    5s
     0     0   58.08613    0   67   58.47968   58.08613  0.67%     -    5s
     0     0   58.09503    0   91   58.47968   58.09503  0.66%     -    6s
     0     0   58.09576    0   93   58.47968   58.09576  0.66%     -    6s
     0     0   58.09581    0   94   58.47968   58.09581  0.66%     -    6s
     0     0   58.09951    0  102   58.47968   58.09951  0.65%     -    6s
     0     0   58.09969    0  136   58.47968   58.09969  0.65%     -    6s
     0     0   58.10358    0  110   58.47968   58.10358  0.64%     -    6s
     0     0   58.10410    0   95   58.47968   58.10410  0.64%     -    6s
     0     0   58.10411    0   95   58.47968   58.10411  0.64%     -    6s
     0     0   58.10629    0   98   58.47968   58.10629  0.64%     -    6s
     0     0   58.10639    0   96   58.47968   58.10639  0.64%     -    6s
     0     0   58.10682    0   89   58.47968   58.10682  0.64%     -    6s
H    0     0                      58.4516201   58.10682  0.59%     -    6s
     0     0   58.10682    0   89   58.45162   58.10682  0.59%     -    6s
     0     0   58.11009    0   76   58.45162   58.11009  0.58%     -    7s
     0     0   58.11131    0   97   58.45162   58.11131  0.58%     -    7s
     0     0   58.11151    0   95   58.45162   58.11151  0.58%     -    7s
     0     0   58.11161    0   83   58.45162   58.11161  0.58%     -    7s
     0     0   58.11161    0   83   58.45162   58.11161  0.58%     -    7s
     0     0   58.11161    0   83   58.45162   58.11161  0.58%     -    7s
     0     2   58.11161    0   83   58.45162   58.11161  0.58%     -    7s

Cutting planes:
  Learned: 1
  Gomory: 24
  Lift-and-project: 30
  Cover: 9
  Implied bound: 26
  Projected implied bound: 1
  Clique: 3
  MIR: 145
  Flow cover: 250
  Flow path: 57
  Zero half: 2
  RLT: 16
  Relax-and-lift: 16
  BQP: 1

Explored 10 nodes (10657 simplex iterations) in 8.41 seconds (5.43 work units)
Thread count was 32 (of 32 available processors)

Solution count 8: 58.4516 58.4797 58.7926 ... 889.63

Optimal solution found (tolerance 5.00e-03)
Best objective 5.845162012111e+01, best bound 5.815976043161e+01, gap 0.4993%

Gurobi 9.5.2 (linux64) logging started Mon Aug 10 21:41:30 2026

Set parameter LogFile to value "/mnt/beegfs/users/celinep/ChargeAndBreak/logs/oracle_RmediumCmanyTnone_15_gurobi.log"
Gurobi Optimizer version 9.5.2 build v9.5.2rc0 (linux64)
Thread count: 16 physical cores, 32 logical processors, using up to 32 threads
Optimize a model with 4182 rows, 2205 columns and 39876 nonzeros
Model fingerprint: 0xcb354037
Variable types: 1390 continuous, 815 integer (815 binary)
Coefficient statistics:
  Matrix range     [6e-02, 9e+02]
  Objective range  [5e-01, 1e+00]
  Bounds range     [1e+00, 3e+01]
  RHS range        [7e-03, 2e+07]

User MIP start did not produce a new incumbent solution

Presolve removed 1517 rows and 509 columns
Presolve time: 1.08s
Presolved: 2665 rows, 1696 columns, 21728 nonzeros
Variable types: 1025 continuous, 671 integer (671 binary)
Found heuristic solution: objective 889.6295247
Root relaxation presolve removed 45 rows and 43 columns
Root relaxation presolved: 2620 rows, 1653 columns, 21208 nonzeros


Root relaxation: objective 5.680918e+01, 1895 iterations, 0.50 seconds (0.13 work units)
Another try with MIP start

    Nodes    |    Current Node    |     Objective Bounds      |     Work
 Expl Unexpl |  Obj  Depth IntInf | Incumbent    BestBd   Gap | It/Node Time

H    0     0                      67.4909878   56.80918  15.8%     -    2s
     0     0   56.80918    0   75   67.49099   56.80918  15.8%     -    2s
     0     0   57.50598    0   69   67.49099   57.50598  14.8%     -    3s
H    0     0                      60.1080288   57.50598  4.33%     -    3s
     0     0   57.68619    0   75   60.10803   57.68619  4.03%     -    4s
     0     0   57.69320    0   69   60.10803   57.69320  4.02%     -    4s
     0     0   57.69801    0   76   60.10803   57.69801  4.01%     -    4s
     0     0   57.81303    0   90   60.10803   57.81303  3.82%     -    5s
     0     0   57.84825    0   84   60.10803   57.84825  3.76%     -    5s
     0     0   57.86186    0   84   60.10803   57.86186  3.74%     -    5s
     0     0   57.86560    0   89   60.10803   57.86560  3.73%     -    5s
     0     0   57.86560    0   89   60.10803   57.86560  3.73%     -    5s
     0     0   57.92197    0   75   60.10803   57.92197  3.64%     -    6s
     0     0   57.92493    0   77   60.10803   57.92493  3.63%     -    6s
     0     0   57.92878    0   77   60.10803   57.92878  3.63%     -    6s
     0     0   57.92907    0   78   60.10803   57.92907  3.63%     -    6s
     0     0   57.92909    0   79   60.10803   57.92909  3.63%     -    6s
H    0     0                      59.9589399   57.92909  3.39%     -    7s
     0     0   57.95228    0   62   59.95894   57.95228  3.35%     -    7s
     0     0   57.96400    0   84   59.95894   57.96400  3.33%     -    8s
     0     0   57.96608    0   86   59.95894   57.96608  3.32%     -    8s
     0     0   57.96693    0   93   59.95894   57.96693  3.32%     -    8s
     0     0   57.96714    0   93   59.95894   57.96714  3.32%     -    8s
     0     0   57.99376    0  105   59.95894   57.99376  3.28%     -    9s
     0     0   58.00902    0  118   59.95894   58.00902  3.25%     -    9s
     0     0   58.00969    0  129   59.95894   58.00969  3.25%     -    9s
     0     0   58.00986    0  138   59.95894   58.00986  3.25%     -    9s
     0     0   58.01357    0  115   59.95894   58.01357  3.24%     -   10s
     0     0   58.01376    0  111   59.95894   58.01376  3.24%     -   11s
H    0     0                      58.9280806   58.01376  1.55%     -   12s
H    0     0                      58.7925944   58.01376  1.32%     -   12s
     0     0   58.01863    0   97   58.79259   58.01863  1.32%     -   12s
     0     0   58.01983    0   92   58.79259   58.01983  1.31%     -   12s
     0     0   58.01984    0   80   58.79259   58.01984  1.31%     -   12s
     0     0   58.02382    0   74   58.79259   58.02382  1.31%     -   13s
     0     0   58.02459    0   80   58.79259   58.02459  1.31%     -   14s
     0     0   58.02462    0   83   58.79259   58.02462  1.31%     -   14s
H    0     0                      58.4796805   58.06000  0.72%     -   15s
     0     0   58.06000    0   55   58.47968   58.06000  0.72%     -   15s
     0     0   58.06632    0   95   58.47968   58.06632  0.71%     -   15s
     0     0   58.06764    0   94   58.47968   58.06764  0.70%     -   15s
     0     0   58.06768    0   99   58.47968   58.06768  0.70%     -   15s
     0     0   58.06791    0   93   58.47968   58.06791  0.70%     -   16s
     0     0   58.06791    0   94   58.47968   58.06791  0.70%     -   16s
     0     0   58.06839    0  102   58.47968   58.06839  0.70%     -   17s
     0     0   58.06854    0  101   58.47968   58.06854  0.70%     -   17s
     0     0   58.06941    0  104   58.47968   58.06941  0.70%     -   18s
     0     0   58.06947    0   78   58.47968   58.06947  0.70%     -   19s
     0     0   58.06947    0   77   58.47968   58.06947  0.70%     -   21s
     0     0   58.06947    0   92   58.47968   58.06947  0.70%     -   22s
     0     0   58.06947    0   71   58.47968   58.06947  0.70%     -   22s
     0     0   58.06947    0   85   58.47968   58.06947  0.70%     -   22s
     0     0   58.06947    0   77   58.47968   58.06947  0.70%     -   22s
     0     0   58.06974    0   97   58.47968   58.06974  0.70%     -   22s
     0     0   58.06974    0   89   58.47968   58.06974  0.70%     -   22s
     0     0   58.08530    0   69   58.47968   58.08530  0.67%     -   23s
     0     0   58.08613    0   67   58.47968   58.08613  0.67%     -   23s
     0     0   58.08613    0   67   58.47968   58.08613  0.67%     -   23s
     0     0   58.09503    0   91   58.47968   58.09503  0.66%     -   24s
     0     0   58.09576    0   93   58.47968   58.09576  0.66%     -   24s
     0     0   58.09581    0   94   58.47968   58.09581  0.66%     -   24s
     0     0   58.09951    0  102   58.47968   58.09951  0.65%     -   25s
     0     0   58.09969    0  136   58.47968   58.09969  0.65%     -   25s
     0     0   58.10358    0  110   58.47968   58.10358  0.64%     -   25s
     0     0   58.10410    0   95   58.47968   58.10410  0.64%     -   26s
     0     0   58.10411    0   95   58.47968   58.10411  0.64%     -   26s
     0     0   58.10629    0   98   58.47968   58.10629  0.64%     -   26s
     0     0   58.10639    0   96   58.47968   58.10639  0.64%     -   26s
     0     0   58.10682    0   89   58.47968   58.10682  0.64%     -   27s
H    0     0                      58.4516201   58.10682  0.59%     -   27s
     0     0   58.10682    0   89   58.45162   58.10682  0.59%     -   27s
     0     0   58.11009    0   76   58.45162   58.11009  0.58%     -   28s
     0     0   58.11131    0   97   58.45162   58.11131  0.58%     -   28s
     0     0   58.11151    0   95   58.45162   58.11151  0.58%     -   28s
     0     0   58.11161    0   83   58.45162   58.11161  0.58%     -   28s
     0     0   58.11161    0   83   58.45162   58.11161  0.58%     -   29s
     0     0   58.11161    0   83   58.45162   58.11161  0.58%     -   29s
     0     2   58.11161    0   83   58.45162   58.11161  0.58%     -   30s

Cutting planes:
  Learned: 1
  Gomory: 24
  Lift-and-project: 30
  Cover: 9
  Implied bound: 26
  Projected implied bound: 1
  Clique: 3
  MIR: 145
  Flow cover: 250
  Flow path: 57
  Zero half: 2
  RLT: 16
  Relax-and-lift: 16
  BQP: 1

Explored 10 nodes (10657 simplex iterations) in 31.85 seconds (5.43 work units)
Thread count was 32 (of 32 available processors)

Solution count 8: 58.4516 58.4797 58.7926 ... 889.63

Optimal solution found (tolerance 5.00e-03)
Best objective 5.845162012111e+01, best bound 5.815976043161e+01, gap 0.4993%
