
Gurobi 9.5.2 (linux64) logging started Thu Aug 13 14:38:19 2026

Set parameter LogFile to value "/mnt/beegfs/users/celinep/ChargeAndBreak/logs/oracle_RmediumCmediumTtight_4_gurobi.log"
Gurobi Optimizer version 9.5.2 build v9.5.2rc0 (linux64)
Thread count: 16 physical cores, 32 logical processors, using up to 32 threads
Optimize a model with 5597 rows, 2946 columns and 66627 nonzeros
Model fingerprint: 0xcdf4352d
Variable types: 1860 continuous, 1086 integer (1086 binary)
Coefficient statistics:
  Matrix range     [5e-02, 1e+03]
  Objective range  [5e-01, 1e+00]
  Bounds range     [1e+00, 4e+01]
  RHS range        [1e-01, 5e+02]

User MIP start produced solution with objective 68.1881 (0.03s)
Loaded user MIP start with objective 68.1881

Presolve removed 1849 rows and 611 columns
Presolve time: 0.80s
Presolved: 3748 rows, 2335 columns, 56070 nonzeros
Variable types: 1401 continuous, 934 integer (934 binary)
Root relaxation presolve removed 156 rows and 63 columns
Root relaxation presolved: 3592 rows, 2272 columns, 33182 nonzeros


Root relaxation: objective 6.315700e+01, 2447 iterations, 0.52 seconds (0.25 work units)

    Nodes    |    Current Node    |     Objective Bounds      |     Work
 Expl Unexpl |  Obj  Depth IntInf | Incumbent    BestBd   Gap | It/Node Time

     0     0   63.15700    0  125   68.18805   63.15700  7.38%     -    1s
     0     0   64.28549    0  121   68.18805   64.28549  5.72%     -    2s
H    0     0                      67.9794515   64.28549  5.43%     -    2s
     0     0   64.28551    0  118   67.97945   64.28551  5.43%     -    2s
     0     0   64.55189    0  176   67.97945   64.55189  5.04%     -    4s
     0     0   64.56432    0  184   67.97945   64.56432  5.02%     -    4s
     0     0   64.56552    0  174   67.97945   64.56552  5.02%     -    4s
     0     0   64.56558    0  171   67.97945   64.56558  5.02%     -    4s
     0     0   64.76880    0  139   67.97945   64.76880  4.72%     -    4s
     0     0   64.79494    0  142   67.97945   64.79494  4.68%     -    5s
     0     0   64.80063    0  114   67.97945   64.80063  4.68%     -    5s
     0     0   64.80302    0  174   67.97945   64.80302  4.67%     -    5s
     0     0   64.80302    0  192   67.97945   64.80302  4.67%     -    5s
     0     0   64.84230    0  147   67.97945   64.84230  4.61%     -    5s
     0     0   64.85498    0  137   67.97945   64.85498  4.60%     -    5s
     0     0   64.85651    0  142   67.97945   64.85651  4.59%     -    5s
     0     0   64.85706    0  149   67.97945   64.85706  4.59%     -    5s
     0     0   64.85706    0  147   67.97945   64.85706  4.59%     -    5s
     0     0   64.89072    0  151   67.97945   64.89072  4.54%     -    6s
     0     0   64.89210    0  148   67.97945   64.89210  4.54%     -    6s
     0     0   64.89384    0  152   67.97945   64.89384  4.54%     -    6s
     0     0   64.89428    0  147   67.97945   64.89428  4.54%     -    6s
     0     0   64.90904    0  165   67.97945   64.90904  4.52%     -    7s
     0     0   64.91749    0  156   67.97945   64.91749  4.50%     -    7s
     0     0   64.91785    0  159   67.97945   64.91785  4.50%     -    7s
     0     0   64.91829    0  158   67.97945   64.91829  4.50%     -    7s
     0     0   64.91831    0  161   67.97945   64.91831  4.50%     -    7s
     0     0   64.93923    0   97   67.97945   64.93923  4.47%     -    8s
     0     0   64.93923    0  129   67.97945   64.93923  4.47%     -    9s
     0     0   64.93923    0  118   67.97945   64.93923  4.47%     -   10s
     0     0   64.93923    0  126   67.97945   64.93923  4.47%     -   10s
     0     0   64.93927    0  121   67.97945   64.93927  4.47%     -   10s
     0     0   64.93927    0  121   67.97945   64.93927  4.47%     -   10s
     0     0   64.94234    0  117   67.97945   64.94234  4.47%     -   10s
     0     0   64.94340    0  132   67.97945   64.94340  4.47%     -   10s
     0     0   64.94457    0  135   67.97945   64.94457  4.46%     -   11s
H    0     0                      65.1715815   64.94457  0.35%     -   11s

Cutting planes:
  Gomory: 30
  Lift-and-project: 22
  Cover: 10
  Implied bound: 27
  Projected implied bound: 2
  Clique: 1
  MIR: 83
  Flow cover: 117
  GUB cover: 1
  RLT: 17
  Relax-and-lift: 5

Explored 1 nodes (9145 simplex iterations) in 11.72 seconds (3.59 work units)
Thread count was 32 (of 32 available processors)

Solution count 4: 65.1716 67.9795 67.9795 68.1881 

Optimal solution found (tolerance 5.00e-03)
Best objective 6.517158151428e+01, best bound 6.494457279620e+01, gap 0.3483%
