
Gurobi 9.5.2 (linux64) logging started Thu Aug 13 21:45:53 2026

Set parameter LogFile to value "/mnt/beegfs/users/celinep/ChargeAndBreak/logs/oracle_RlongCmediumTtight_21_gurobi.log"
Gurobi Optimizer version 9.5.2 build v9.5.2rc0 (linux64)
Thread count: 16 physical cores, 32 logical processors, using up to 32 threads
Optimize a model with 8733 rows, 4595 columns and 149686 nonzeros
Model fingerprint: 0x18b749c6
Variable types: 2898 continuous, 1697 integer (1697 binary)
Coefficient statistics:
  Matrix range     [2e-02, 2e+03]
  Objective range  [5e-01, 1e+00]
  Bounds range     [1e+00, 5e+01]
  RHS range        [2e-02, 5e+02]

User MIP start did not produce a new incumbent solution

Presolve removed 2727 rows and 876 columns
Presolve time: 3.09s
Presolved: 6006 rows, 3719 columns, 134996 nonzeros
Variable types: 2218 continuous, 1501 integer (1501 binary)
Found heuristic solution: objective 1857.5453720
Root relaxation presolve removed 159 rows and 100 columns
Root relaxation presolved: 5847 rows, 3619 columns, 104083 nonzeros


Root simplex log...

Iteration    Objective       Primal Inf.    Dual Inf.      Time
    3627    7.7912213e+01   3.777587e+05   0.000000e+00      5s
    4800    1.0396640e+02   0.000000e+00   0.000000e+00      5s
    4800    1.0396640e+02   0.000000e+00   0.000000e+00      5s

Root relaxation: objective 1.039664e+02, 4800 iterations, 1.55 seconds (0.87 work units)
Another try with MIP start

    Nodes    |    Current Node    |     Objective Bounds      |     Work
 Expl Unexpl |  Obj  Depth IntInf | Incumbent    BestBd   Gap | It/Node Time

H    0     0                     120.1709822  103.96640  13.5%     -    8s
     0     0  103.96640    0  250  120.17098  103.96640  13.5%     -    8s
     0     0  105.67017    0  268  120.17098  105.67017  12.1%     -   11s
     0     0  105.68245    0  296  120.17098  105.68245  12.1%     -   12s
     0     0  105.68424    0  299  120.17098  105.68424  12.1%     -   12s
     0     0  105.68424    0  299  120.17098  105.68424  12.1%     -   12s
     0     0  105.92580    0  296  120.17098  105.92580  11.9%     -   14s
     0     0  106.02464    0  332  120.17098  106.02464  11.8%     -   14s
     0     0  106.03570    0  292  120.17098  106.03570  11.8%     -   14s
     0     0  106.04443    0  328  120.17098  106.04443  11.8%     -   15s
     0     0  106.04443    0  328  120.17098  106.04443  11.8%     -   15s
     0     0  106.20761    0  290  120.17098  106.20761  11.6%     -   17s
     0     0  106.23727    0  276  120.17098  106.23727  11.6%     -   17s
     0     0  106.24176    0  280  120.17098  106.24176  11.6%     -   18s
     0     0  106.24403    0  278  120.17098  106.24403  11.6%     -   18s
     0     0  106.24405    0  281  120.17098  106.24405  11.6%     -   18s
     0     0  106.31261    0  324  120.17098  106.31261  11.5%     -   19s
     0     0  106.32563    0  325  120.17098  106.32563  11.5%     -   20s
     0     0  106.32649    0  395  120.17098  106.32649  11.5%     -   20s
     0     0  106.32659    0  391  120.17098  106.32659  11.5%     -   20s
     0     0  106.35838    0  349  120.17098  106.35838  11.5%     -   22s
     0     0  106.37352    0  369  120.17098  106.37352  11.5%     -   23s
     0     0  106.37393    0  399  120.17098  106.37393  11.5%     -   23s
     0     0  106.38876    0  352  120.17098  106.38876  11.5%     -   26s
     0     0  106.39175    0  348  120.17098  106.39175  11.5%     -   26s
     0     0  106.39281    0  273  120.17098  106.39281  11.5%     -   26s
     0     0  106.39308    0  287  120.17098  106.39308  11.5%     -   27s
     0     0  106.43795    0  358  120.17098  106.43795  11.4%     -   29s
     0     0  106.45001    0  292  120.17098  106.45001  11.4%     -   29s
     0     0  106.45072    0  342  120.17098  106.45072  11.4%     -   30s
     0     0  106.45090    0  290  120.17098  106.45090  11.4%     -   30s
     0     0  106.46773    0  290  120.17098  106.46773  11.4%     -   32s
     0     0  106.47129    0  287  120.17098  106.47129  11.4%     -   33s
     0     0  106.47158    0  295  120.17098  106.47158  11.4%     -   33s
     0     0  106.48201    0  310  120.17098  106.48201  11.4%     -   35s
     0     0  106.48543    0  291  120.17098  106.48543  11.4%     -   36s
     0     0  106.48550    0  288  120.17098  106.48550  11.4%     -   37s
     0     0  106.49055    0  259  120.17098  106.49055  11.4%     -   38s
     0     0  106.49107    0  292  120.17098  106.49107  11.4%     -   38s
     0     0  106.49424    0  271  120.17098  106.49424  11.4%     -   39s
     0     0  106.49548    0  281  120.17098  106.49548  11.4%     -   40s
     0     0  106.49654    0  271  120.17098  106.49654  11.4%     -   40s
     0     0  106.49654    0  271  120.17098  106.49654  11.4%     -   40s
     0     0  106.49801    0  295  120.17098  106.49801  11.4%     -   42s
     0     0  106.49801    0  231  120.17098  106.49801  11.4%     -   44s
     0     2  106.49801    0  229  120.17098  106.49801  11.4%     -   46s
    15    32  106.50061    4  257  120.17098  106.49957  11.4%   248   51s
H   35    48                     120.1365238  106.49996  11.4%   308   53s
    63    80  106.49997    7  392  120.13652  106.49997  11.4%   308   56s
H   79    96                     119.7831809  106.49997  11.1%   303   58s
H   82    96                     119.6968914  106.49997  11.0%   305   58s
H   85    96                     119.6135581  106.49997  11.0%   310   58s
H   89    96                     119.4423714  106.49997  10.8%   315   58s
   111   128  106.50013   10  397  119.44237  106.50013  10.8%   321   60s
   143   160  106.59396   12  318  119.44237  106.50013  10.8%   330   66s
   181   198  106.57145   14  238  119.44237  106.50094  10.8%   325   78s
H  182   198                     110.7230891  106.50094  3.81%   323   78s
H  188   194                     109.6140885  106.50111  2.84%   325   78s
H  191   194                     107.3506890  106.50111  0.79%   322   78s
H  193   194                     107.1968914  106.50111  0.65%   321   78s
   197   130  106.50453   16  370  107.19689  106.50139  0.65%   319   80s
   314   189  106.57895   20  275  107.19689  106.52401  0.63%   292   85s
   531   333 infeasible   26       107.19689  106.56011  0.59%   244   90s
   871   639  106.59971   21  240  107.19689  106.59764  0.56%   214   95s
H 1019   628                     107.0302248  106.60063  0.40%   199   97s
  1020   629  106.69767   31  231  107.03022  106.60063  0.40%   199  103s

Explored 1020 nodes (219101 simplex iterations) in 103.77 seconds (40.13 work units)
Thread count was 32 (of 32 available processors)

Solution count 10: 107.03 107.197 107.351 ... 120.137

Optimal solution found (tolerance 5.00e-03)
Best objective 1.070302247615e+02, best bound 1.066006320417e+02, gap 0.4014%
