
Gurobi 9.5.2 (linux64) logging started Sat Aug 15 13:15:50 2026

Set parameter LogFile to value "/mnt/beegfs/users/celinep/ChargeAndBreak/logs/oracle_RlongCmediumTlarge_6_gurobi.log"
Gurobi Optimizer version 9.5.2 build v9.5.2rc0 (linux64)
Thread count: 16 physical cores, 32 logical processors, using up to 32 threads
Optimize a model with 9475 rows, 4986 columns and 175777 nonzeros
Model fingerprint: 0xf922af0f
Variable types: 3147 continuous, 1839 integer (1839 binary)
Coefficient statistics:
  Matrix range     [2e-02, 2e+03]
  Objective range  [5e-01, 1e+00]
  Bounds range     [1e+00, 6e+01]
  RHS range        [3e-02, 5e+02]

User MIP start produced solution with objective 125.45 (0.15s)
Loaded user MIP start with objective 125.45

Presolve removed 2936 rows and 927 columns
Presolve time: 4.62s
Presolved: 6539 rows, 4059 columns, 159134 nonzeros
Variable types: 2423 continuous, 1636 integer (1636 binary)
Root relaxation presolve removed 173 rows and 111 columns
Root relaxation presolved: 6366 rows, 3948 columns, 123462 nonzeros


Root simplex log...

Iteration    Objective       Primal Inf.    Dual Inf.      Time
       0    5.5946700e+01   1.993458e+04   0.000000e+00      6s
    4399    1.0702082e+02   0.000000e+00   0.000000e+00      7s
    4399    1.0702082e+02   0.000000e+00   0.000000e+00      7s

Root relaxation: objective 1.070208e+02, 4399 iterations, 1.94 seconds (0.82 work units)

    Nodes    |    Current Node    |     Objective Bounds      |     Work
 Expl Unexpl |  Obj  Depth IntInf | Incumbent    BestBd   Gap | It/Node Time

     0     0  107.02082    0  282  125.44990  107.02082  14.7%     -    8s
     0     0  108.74107    0  282  125.44990  108.74107  13.3%     -   13s
     0     0  109.01495    0  355  125.44990  109.01495  13.1%     -   15s
     0     0  109.02895    0  348  125.44990  109.02895  13.1%     -   15s
     0     0  109.02946    0  346  125.44990  109.02946  13.1%     -   15s
     0     0  109.23858    0  239  125.44990  109.23858  12.9%     -   18s
     0     0  109.28420    0  247  125.44990  109.28420  12.9%     -   19s
     0     0  109.28561    0  246  125.44990  109.28561  12.9%     -   19s
     0     0  109.29048    0  246  125.44990  109.29048  12.9%     -   19s
     0     0  109.29063    0  221  125.44990  109.29063  12.9%     -   19s
     0     0  109.40100    0  210  125.44990  109.40100  12.8%     -   21s
     0     0  109.43095    0  301  125.44990  109.43095  12.8%     -   21s
     0     0  109.43920    0  238  125.44990  109.43920  12.8%     -   22s
     0     0  109.44134    0  210  125.44990  109.44134  12.8%     -   22s
     0     0  109.44160    0  224  125.44990  109.44160  12.8%     -   22s
     0     0  109.49011    0  179  125.44990  109.49011  12.7%     -   25s
     0     0  109.50339    0  187  125.44990  109.50339  12.7%     -   26s
     0     0  109.50860    0  190  125.44990  109.50860  12.7%     -   26s
     0     0  109.50917    0  198  125.44990  109.50917  12.7%     -   26s
     0     0  109.50937    0  197  125.44990  109.50937  12.7%     -   26s
     0     0  109.52731    0  307  125.44990  109.52731  12.7%     -   30s
     0     0  109.53303    0  277  125.44990  109.53303  12.7%     -   30s
     0     0  109.53458    0  255  125.44990  109.53458  12.7%     -   30s
     0     0  109.53471    0  255  125.44990  109.53471  12.7%     -   31s
     0     0  109.55345    0  311  125.44990  109.55345  12.7%     -   34s
     0     0  109.55927    0  327  125.44990  109.55927  12.7%     -   35s
     0     0  109.55929    0  339  125.44990  109.55929  12.7%     -   35s
     0     0  109.56264    0  300  125.44990  109.56264  12.7%     -   38s
     0     0  109.56431    0  305  125.44990  109.56431  12.7%     -   38s
     0     0  109.56450    0  296  125.44990  109.56450  12.7%     -   38s
     0     0  109.57061    0  347  125.44990  109.57061  12.7%     -   40s
     0     0  109.57141    0  390  125.44990  109.57141  12.7%     -   40s
     0     0  109.57370    0  361  125.44990  109.57370  12.7%     -   41s
     0     0  109.57421    0  354  125.44990  109.57421  12.7%     -   41s
     0     0  109.57421    0  352  125.44990  109.57421  12.7%     -   41s
     0     0  109.57748    0  338  125.44990  109.57748  12.7%     -   43s
     0     0  109.57780    0  303  125.44990  109.57780  12.7%     -   43s
     0     0  109.57996    0  362  125.44990  109.57996  12.7%     -   46s
     0     0  109.58022    0  361  125.44990  109.58022  12.7%     -   46s
     0     0  109.58216    0  283  125.44990  109.58216  12.6%     -   48s
     0     0  109.58441    0  336  125.44990  109.58441  12.6%     -   49s
     0     0  109.58471    0  318  125.44990  109.58471  12.6%     -   49s
     0     0  109.58482    0  299  125.44990  109.58482  12.6%     -   51s
     0     0  109.58482    0  273  125.44990  109.58482  12.6%     -   53s
H    0     2                     124.5539739  109.58482  12.0%     -   55s
     0     2  109.58482    0  222  124.55397  109.58482  12.0%     -   55s
H    8    16                     121.6580571  109.58520  9.92%   327   59s
    31    48  113.77470    5  386  121.65806  109.58524  9.92%   377   61s
H   32    48                     121.6146022  109.58524  9.89%   365   61s
H   41    48                     121.4985019  109.58545  9.81%   366   61s
    63    80  109.70237    7  374  121.49850  109.58545  9.81%   363   65s
H   79    96                     121.3717137  109.58676  9.71%   353   67s
H   81    96                     121.2512650  109.59061  9.62%   348   67s
   111   128  109.65842   10  335  121.25126  109.60410  9.61%   383   70s
H  127   144                     121.1679317  109.60713  9.54%   382   74s
   143   161  109.61050   12  420  121.16793  109.60776  9.54%   378   76s
   181   198  109.62192   14  432  121.16793  109.61900  9.53%   387   88s
H  183   198                     121.1679316  109.62210  9.53%   389   88s
   214   231  109.67044   16  432  121.16793  109.63759  9.52%   396   91s
H  230   247                     121.1679313  109.66677  9.49%   403  101s
   262   281  113.06774   19  336  121.16793  109.68281  9.48%   418  105s
   314   336  113.70070   19  313  121.16793  109.68837  9.47%   430  110s
   351   371  113.39379   23  279  121.16793  109.69797  9.47%   442  116s
   403   440  109.71191   21  256  121.16793  109.71191  9.45%   459  121s
   475   507  113.25711   23  315  121.16793  109.72034  9.45%   461  126s
   506   539  109.73133   25  403  121.16793  109.73133  9.44%   474  130s
   586   624  113.23337   28  278  121.16793  109.74201  9.43%   471  137s
   623   694  110.66533   24  379  121.16793  109.76561  9.41%   470  142s
   693   767  110.04432   24  273  121.16793  109.77892  9.40%   452  145s
   766   803  112.63770   26  358  121.16793  109.78375  9.40%   443  150s
   906   994  111.21727   19  257  121.16793  109.80434  9.38%   434  155s
  1052  1134  110.67533   26  307  121.16793  109.80434  9.38%   426  161s
  1215  1339  109.81190   43  340  121.16793  109.81190  9.37%   420  166s
  1422  1535  109.81190   46  303  121.16793  109.81190  9.37%   399  172s
  1649  1759  110.23957   43  259  121.16793  109.81742  9.37%   389  177s
  1772  1891  113.76013   67  218  121.16793  109.82872  9.36%   382  180s
  2020  2053  109.87529   36  369  121.16793  109.87529  9.32%   375  187s
  2067  2054  109.97737   19  273  121.16793  109.87529  9.32%   375  209s
  2069  2055  111.30199   20  220  121.16793  109.87529  9.32%   375  217s
  2070  2056  109.89634   21  173  121.16793  109.87529  9.32%   375  220s
  2076  2060  110.18765   19  254  121.16793  109.87529  9.32%   374  231s
H 2077  1957                     121.0845983  109.87529  9.26%   374  239s
  2079  1958  110.08494   30  253  121.08460  109.87529  9.26%   373  254s
  2082  1960  111.73223   71  301  121.08460  109.87529  9.26%   373  262s
  2083  1961  114.36562    5  216  121.08460  109.87529  9.26%   373  275s
  2084  1961  112.61275   21  260  121.08460  109.87529  9.26%   372  280s
  2086  1963  113.79452    8  268  121.08460  109.87529  9.26%   372  287s
  2087  1963  112.96359   30  241  121.08460  109.87529  9.26%   372  298s
  2091  1966  110.25101   31  357  121.08460  109.87529  9.26%   371  303s
  2092  1967  113.32842   13  238  121.08460  109.87529  9.26%   371  318s
  2094  1968  112.72642   30  394  121.08460  109.87529  9.26%   371  324s
  2095  1969  112.75481   34  339  121.08460  109.87529  9.26%   370  331s
  2096  1969  112.82152   69  323  121.08460  109.87529  9.26%   370  335s
  2097  1970  116.46325   17  263  121.08460  109.87529  9.26%   370  341s
  2098  1971  113.70225   24  288  121.08460  109.87529  9.26%   370  347s
  2099  1971  112.82823   18  309  121.08460  109.87529  9.26%   370  357s
  2100  1972  111.75806   51  291  121.08460  109.87529  9.26%   369  368s
  2101  1973  116.46403   19  291  121.08460  109.87529  9.26%   369  373s
  2102  1975  109.87529   10  259  121.08460  109.87529  9.26%   386  396s
  2104  1976  109.87529   11  401  121.08460  109.87529  9.26%   387  431s
  2107  1977  109.87529   12  333  121.08460  109.87529  9.26%   387  444s
  2111  1980  109.87529   13  286  121.08460  109.87529  9.26%   387  451s
  2117  1988  109.87529   14  344  121.08460  109.87529  9.26%   388  456s
  2128  2001  109.87529   15  322  121.08460  109.87529  9.26%   389  462s
  2160  2020  109.87529   17  322  121.08460  109.87529  9.26%   396  467s
  2176  2030  109.87529   18  366  121.08460  109.87529  9.26%   400  470s
H 2186  1927                     121.0488572  109.87529  9.23%   403  470s
  2236  1965  109.87529   22  383  121.04886  109.87529  9.23%   410  478s
H 2237  1870                     121.0488571  109.87529  9.23%   409  478s
  2252  1892  112.57793   23  269  121.04886  109.87529  9.23%   411  481s
  2280  1900  109.87529   25  391  121.04886  109.87529  9.23%   413  491s
  2334  1943  109.87529   29  372  121.04886  109.87529  9.23%   414  497s
  2362  1975  109.87529   31  370  121.04886  109.87529  9.23%   418  500s
  2427  2001  110.00205   33  357  121.04886  109.89309  9.22%   427  506s
  2452  2009  112.52592   36  265  121.04886  109.99220  9.13%   430  515s
  2548  2089  112.74358   32  241  121.04886  110.22646  8.94%   442  523s
  2584  2118  113.58993   31  303  121.04886  110.34140  8.85%   445  525s
  2662  2183  112.68381   43  302  121.04886  110.49128  8.72%   464  531s
  2778  2271  110.86559   34  381  121.04886  110.76885  8.49%   462  536s
  2936  2386  110.82548   42  429  121.04886  110.78948  8.48%   452  540s
H 3091  2192                     111.3526484  110.81391  0.48%   444  560s

Cutting planes:
  Learned: 1
  Gomory: 105
  Lift-and-project: 10
  Cover: 15
  Implied bound: 107
  Clique: 2
  MIR: 594
  StrongCG: 2
  Flow cover: 1395
  Zero half: 27
  Network: 1
  RLT: 45
  Relax-and-lift: 56
  PSD: 1

Explored 3107 nodes (1399071 simplex iterations) in 560.62 seconds (213.45 work units)
Thread count was 32 (of 32 available processors)

Solution count 10: 111.353 121.049 121.049 ... 121.499

Optimal solution found (tolerance 5.00e-03)
Best objective 1.113526483720e+02, best bound 1.108200615580e+02, gap 0.4783%
