
Gurobi 9.5.2 (linux64) logging started Fri Aug 14 13:43:06 2026

Set parameter LogFile to value "/mnt/beegfs/users/celinep/ChargeAndBreak/logs/oracle_RmediumCfewTlarge_16_gurobi.log"
Gurobi Optimizer version 9.5.2 build v9.5.2rc0 (linux64)
Thread count: 16 physical cores, 32 logical processors, using up to 32 threads
Optimize a model with 6297 rows, 3318 columns and 81926 nonzeros
Model fingerprint: 0x979b73c9
Variable types: 2095 continuous, 1223 integer (1223 binary)
Coefficient statistics:
  Matrix range     [3e-02, 1e+03]
  Objective range  [5e-01, 1e+00]
  Bounds range     [1e+00, 4e+01]
  RHS range        [2e-01, 5e+02]

User MIP start did not produce a new incumbent solution

Presolve removed 2035 rows and 670 columns
Presolve time: 0.29s
Presolved: 4262 rows, 2648 columns, 71367 nonzeros
Variable types: 1589 continuous, 1059 integer (1059 binary)
Found heuristic solution: objective 1332.8674871
Root relaxation presolve removed 191 rows and 72 columns
Root relaxation presolved: 4071 rows, 2576 columns, 40246 nonzeros


Root relaxation: objective 7.673658e+01, 3204 iterations, 0.47 seconds (0.50 work units)
Another try with MIP start

    Nodes    |    Current Node    |     Objective Bounds      |     Work
 Expl Unexpl |  Obj  Depth IntInf | Incumbent    BestBd   Gap | It/Node Time

H    0     0                      80.2356482   76.73658  4.36%     -    1s
     0     0   76.73658    0  142   80.23565   76.73658  4.36%     -    1s
     0     0   77.71186    0  225   80.23565   77.71186  3.15%     -    1s
     0     0   77.71186    0  223   80.23565   77.71186  3.15%     -    1s
     0     0   78.17960    0  151   80.23565   78.17960  2.56%     -    2s
     0     0   78.23803    0  168   80.23565   78.23803  2.49%     -    2s
     0     0   78.24608    0  165   80.23565   78.24608  2.48%     -    2s
     0     0   78.24629    0  165   80.23565   78.24629  2.48%     -    2s
     0     0   78.32346    0  169   80.23565   78.32346  2.38%     -    2s
     0     0   78.35636    0  184   80.23565   78.35636  2.34%     -    2s
     0     0   78.37346    0  177   80.23565   78.37346  2.32%     -    2s
     0     0   78.37481    0  179   80.23565   78.37481  2.32%     -    3s
     0     0   78.37527    0  223   80.23565   78.37527  2.32%     -    3s
     0     0   78.37527    0  224   80.23565   78.37527  2.32%     -    3s
H    0     0                      79.5606175   78.44792  1.40%     -    3s
     0     0   78.44792    0  162   79.56062   78.44792  1.40%     -    3s
     0     0   78.45738    0  202   79.56062   78.45738  1.39%     -    3s
     0     0   78.46189    0  184   79.56062   78.46189  1.38%     -    3s
     0     0   78.46299    0  187   79.56062   78.46299  1.38%     -    3s
     0     0   78.46299    0  189   79.56062   78.46299  1.38%     -    3s
     0     0   78.53639    0  184   79.56062   78.53639  1.29%     -    3s
     0     0   78.55200    0  166   79.56062   78.55200  1.27%     -    3s
     0     0   78.55480    0  174   79.56062   78.55480  1.26%     -    4s
     0     0   78.55885    0  188   79.56062   78.55885  1.26%     -    4s
     0     0   78.55961    0  190   79.56062   78.55961  1.26%     -    4s
     0     0   78.55970    0  191   79.56062   78.55970  1.26%     -    4s
     0     0   78.57936    0  228   79.56062   78.57936  1.23%     -    4s
     0     0   78.58390    0  252   79.56062   78.58390  1.23%     -    4s
     0     0   78.58499    0  231   79.56062   78.58499  1.23%     -    4s
     0     0   78.58500    0  233   79.56062   78.58500  1.23%     -    4s
     0     0   78.59866    0  178   79.56062   78.59866  1.21%     -    5s
     0     0   78.60246    0  170   79.56062   78.60246  1.20%     -    5s
     0     0   78.60354    0  203   79.56062   78.60354  1.20%     -    5s
     0     0   78.60368    0  199   79.56062   78.60368  1.20%     -    5s
     0     0   78.61532    0  197   79.56062   78.61532  1.19%     -    5s
     0     0   78.61975    0  227   79.56062   78.61975  1.18%     -    5s
     0     0   78.61990    0  230   79.56062   78.61990  1.18%     -    5s
     0     0   78.63345    0  170   79.56062   78.63345  1.17%     -    6s
     0     0   78.63482    0  147   79.56062   78.63482  1.16%     -    6s
     0     0   78.63519    0  150   79.56062   78.63519  1.16%     -    6s
     0     0   78.64934    0  199   79.56062   78.64934  1.15%     -    7s
     0     0   78.64997    0  190   79.56062   78.64997  1.14%     -    7s
     0     0   78.65009    0  197   79.56062   78.65009  1.14%     -    7s
     0     0   78.65077    0  194   79.56062   78.65077  1.14%     -    7s
     0     0   78.65161    0  201   79.56062   78.65161  1.14%     -    7s
     0     0   78.65162    0  202   79.56062   78.65162  1.14%     -    7s
     0     0   78.65359    0  179   79.56062   78.65359  1.14%     -    8s
     0     0   78.66199    0  196   79.56062   78.66199  1.13%     -    8s
     0     0   78.66251    0  193   79.56062   78.66251  1.13%     -    8s
     0     0   78.66266    0  206   79.56062   78.66266  1.13%     -    8s
     0     0   78.67258    0  187   79.56062   78.67258  1.12%     -    8s
     0     0   78.67810    0  216   79.56062   78.67810  1.11%     -    8s
     0     0   78.67857    0  217   79.56062   78.67857  1.11%     -    8s
     0     0   78.67870    0  220   79.56062   78.67870  1.11%     -    9s
     0     0   78.69046    0  182   79.56062   78.69046  1.09%     -   10s
     0     0   78.69328    0  190   79.56062   78.69328  1.09%     -   10s
     0     0   78.69363    0  212   79.56062   78.69363  1.09%     -   10s
     0     0   78.70327    0  200   79.56062   78.70327  1.08%     -   10s
     0     0   78.70623    0  177   79.56062   78.70623  1.07%     -   11s
     0     0   78.70669    0  180   79.56062   78.70669  1.07%     -   11s
     0     0   78.70685    0  217   79.56062   78.70685  1.07%     -   11s
     0     0   78.71537    0  188   79.56062   78.71537  1.06%     -   11s
     0     0   78.71706    0  181   79.56062   78.71706  1.06%     -   11s
     0     0   78.71719    0  184   79.56062   78.71719  1.06%     -   11s
     0     0   78.71772    0  186   79.56062   78.71772  1.06%     -   12s
     0     0   78.71836    0  201   79.56062   78.71836  1.06%     -   12s
     0     0   78.71854    0  209   79.56062   78.71854  1.06%     -   12s
H    0     0                      79.5404230   78.71854  1.03%     -   12s
     0     0   78.71992    0  198   79.54042   78.71992  1.03%     -   12s
     0     0   78.71992    0  155   79.54042   78.71992  1.03%     -   13s
     0     0   78.71992    0  149   79.54042   78.71992  1.03%     -   14s
     0     0   78.71992    0  210   79.54042   78.71992  1.03%     -   15s
     0     0   78.71992    0  131   79.54042   78.71992  1.03%     -   15s
     0     0   78.71992    0  204   79.54042   78.71992  1.03%     -   15s
     0     0   78.71992    0  256   79.54042   78.71992  1.03%     -   15s
     0     0   78.72031    0  232   79.54042   78.72031  1.03%     -   15s
     0     0   78.72064    0  236   79.54042   78.72064  1.03%     -   15s
     0     0   78.72064    0  235   79.54042   78.72064  1.03%     -   15s
     0     0   78.72733    0  223   79.54042   78.72733  1.02%     -   16s
     0     0   78.72938    0  207   79.54042   78.72938  1.02%     -   16s
     0     0   78.72949    0  210   79.54042   78.72949  1.02%     -   16s
     0     0   78.73240    0  226   79.54042   78.73240  1.02%     -   17s
     0     0   78.73249    0  212   79.54042   78.73249  1.02%     -   17s
     0     0   78.73539    0  231   79.54042   78.73539  1.01%     -   18s
     0     0   78.73539    0  229   79.54042   78.73539  1.01%     -   18s
     0     0   78.73826    0  190   79.54042   78.73826  1.01%     -   18s
     0     0   78.73992    0  185   79.54042   78.73992  1.01%     -   18s
     0     0   78.74107    0  194   79.54042   78.74107  1.00%     -   18s
     0     0   78.74149    0  189   79.54042   78.74149  1.00%     -   18s
     0     0   78.74180    0  185   79.54042   78.74180  1.00%     -   18s
     0     0   78.74421    0  200   79.54042   78.74421  1.00%     -   19s
     0     0   78.74536    0  194   79.54042   78.74536  1.00%     -   19s
     0     0   78.74536    0  198   79.54042   78.74536  1.00%     -   19s
     0     0   78.74982    0  220   79.54042   78.74982  0.99%     -   21s
     0     0   78.75011    0  235   79.54042   78.75011  0.99%     -   21s
     0     0   78.75284    0  204   79.54042   78.75284  0.99%     -   21s
H    0     0                      79.4897149   78.75284  0.93%     -   21s
     0     0   78.75365    0  238   79.48971   78.75365  0.93%     -   21s
     0     0   78.75365    0  246   79.48971   78.75365  0.93%     -   21s
     0     0   78.75684    0  237   79.48971   78.75684  0.92%     -   21s
     0     0   78.75685    0  239   79.48971   78.75685  0.92%     -   22s
     0     0   78.75687    0  242   79.48971   78.75687  0.92%     -   22s
     0     0   78.75687    0  242   79.48971   78.75687  0.92%     -   22s
     0     0   78.75687    0  241   79.48971   78.75687  0.92%     -   22s
     0     0   78.75687    0  224   79.48971   78.75687  0.92%     -   23s
     0     2   78.76209    0  221   79.48971   78.76209  0.92%     -   23s
     3     7   78.77657    2  261   79.48971   78.77657  0.90%   359   25s
H    8    13                      79.2084275   78.78439  0.54%   258   25s
H   45    46                      79.1608220   78.81047  0.44%   218   27s

Cutting planes:
  Learned: 2
  Gomory: 21
  Lift-and-project: 53
  Cover: 17
  Implied bound: 121
  Clique: 2
  MIR: 605
  StrongCG: 1
  Flow cover: 812
  Flow path: 16
  Inf proof: 1
  Zero half: 34
  RLT: 59
  Relax-and-lift: 29
  PSD: 1

Explored 59 nodes (33930 simplex iterations) in 27.60 seconds (18.72 work units)
Thread count was 32 (of 32 available processors)

Solution count 8: 79.1608 79.2084 79.4897 ... 1332.87

Optimal solution found (tolerance 5.00e-03)
Best objective 7.916082199781e+01, best bound 7.881670205333e+01, gap 0.4347%
