
Gurobi 9.5.2 (linux64) logging started Thu Aug 13 14:35:23 2026

Set parameter LogFile to value "/mnt/beegfs/users/celinep/ChargeAndBreak/logs/oracle_RmediumCmediumTnone_11_gurobi.log"
Gurobi Optimizer version 9.5.2 build v9.5.2rc0 (linux64)
Thread count: 16 physical cores, 32 logical processors, using up to 32 threads
Optimize a model with 4203 rows, 2213 columns and 40112 nonzeros
Model fingerprint: 0xbf80f481
Variable types: 1398 continuous, 815 integer (815 binary)
Coefficient statistics:
  Matrix range     [2e-02, 9e+02]
  Objective range  [5e-01, 1e+00]
  Bounds range     [1e+00, 3e+01]
  RHS range        [1e-01, 2e+07]

User MIP start produced solution with objective 57.0245 (0.01s)
Loaded user MIP start with objective 57.0245

Presolve removed 1495 rows and 489 columns
Presolve time: 0.15s
Presolved: 2708 rows, 1724 columns, 21681 nonzeros
Variable types: 1045 continuous, 679 integer (679 binary)
Root relaxation presolve removed 49 rows and 48 columns
Root relaxation presolved: 2659 rows, 1676 columns, 21414 nonzeros


Root relaxation: objective 5.418055e+01, 1880 iterations, 0.08 seconds (0.12 work units)

    Nodes    |    Current Node    |     Objective Bounds      |     Work
 Expl Unexpl |  Obj  Depth IntInf | Incumbent    BestBd   Gap | It/Node Time

     0     0   54.18055    0   89   57.02453   54.18055  4.99%     -    0s
H    0     0                      56.9246524   54.18055  4.82%     -    0s
     0     0   54.87291    0  137   56.92465   54.87291  3.60%     -    0s
     0     0   54.87299    0  137   56.92465   54.87299  3.60%     -    0s
H    0     0                      56.5043969   54.87299  2.89%     -    0s
     0     0   55.04541    0  127   56.50440   55.04541  2.58%     -    0s
     0     0   55.05228    0  112   56.50440   55.05228  2.57%     -    0s
     0     0   55.05228    0  112   56.50440   55.05228  2.57%     -    0s
H    0     0                      55.6768598   55.05228  1.12%     -    1s
     0     0   55.12845    0   62   55.67686   55.12845  0.98%     -    1s
     0     0   55.15479    0   58   55.67686   55.15479  0.94%     -    1s
     0     0   55.15544    0   95   55.67686   55.15544  0.94%     -    1s
     0     0   55.15563    0   92   55.67686   55.15563  0.94%     -    1s
     0     0   55.21626    0   52   55.67686   55.21626  0.83%     -    1s
     0     0   55.21997    0   58   55.67686   55.21997  0.82%     -    1s
     0     0   55.22212    0   57   55.67686   55.22212  0.82%     -    1s
     0     0   55.22258    0   56   55.67686   55.22258  0.82%     -    1s
     0     0   55.22306    0   53   55.67686   55.22306  0.82%     -    1s
     0     0   55.22306    0   33   55.67686   55.22306  0.82%     -    1s
     0     0   55.22916    0   51   55.67686   55.22916  0.80%     -    1s
H    0     0                      55.3766068   55.22916  0.27%     -    1s

Cutting planes:
  Learned: 3
  Gomory: 27
  Lift-and-project: 14
  Cover: 10
  Implied bound: 22
  Clique: 2
  MIR: 67
  Flow cover: 82
  GUB cover: 1
  Zero half: 1
  RLT: 9
  Relax-and-lift: 2

Explored 1 nodes (3804 simplex iterations) in 1.87 seconds (1.32 work units)
Thread count was 32 (of 32 available processors)

Solution count 5: 55.3766 55.6769 56.5044 ... 57.0245

Optimal solution found (tolerance 5.00e-03)
Best objective 5.537660683761e+01, best bound 5.522915980994e+01, gap 0.2663%
