
Gurobi 9.5.2 (linux64) logging started Fri Aug 14 13:44:17 2026

Set parameter LogFile to value "/mnt/beegfs/users/celinep/ChargeAndBreak/logs/oracle_RmediumCfewTmedium_6_gurobi.log"
Gurobi Optimizer version 9.5.2 build v9.5.2rc0 (linux64)
Thread count: 16 physical cores, 32 logical processors, using up to 32 threads
Optimize a model with 4841 rows, 2546 columns and 51796 nonzeros
Model fingerprint: 0x8039a674
Variable types: 1610 continuous, 936 integer (936 binary)
Coefficient statistics:
  Matrix range     [3e-02, 1e+03]
  Objective range  [5e-01, 1e+00]
  Bounds range     [1e+00, 3e+01]
  RHS range        [2e-01, 5e+02]

User MIP start produced solution with objective 60.2862 (0.02s)
Loaded user MIP start with objective 60.2862

Presolve removed 1622 rows and 536 columns
Presolve time: 0.35s
Presolved: 3219 rows, 2010 columns, 42381 nonzeros
Variable types: 1210 continuous, 800 integer (800 binary)
Root relaxation presolve removed 124 rows and 54 columns
Root relaxation presolved: 3095 rows, 1956 columns, 26616 nonzeros


Root relaxation: objective 5.697302e+01, 2636 iterations, 0.22 seconds (0.22 work units)

    Nodes    |    Current Node    |     Objective Bounds      |     Work
 Expl Unexpl |  Obj  Depth IntInf | Incumbent    BestBd   Gap | It/Node Time

     0     0   56.97302    0  139   60.28622   56.97302  5.50%     -    0s
H    0     0                      60.1916447   56.97302  5.35%     -    0s
     0     0   57.80311    0   95   60.19164   57.80311  3.97%     -    1s
     0     0   57.80311    0   95   60.19164   57.80311  3.97%     -    1s
     0     0   57.95039    0  103   60.19164   57.95039  3.72%     -    2s
     0     0   57.95100    0  104   60.19164   57.95100  3.72%     -    2s
     0     0   57.95100    0  104   60.19164   57.95100  3.72%     -    2s
     0     0   58.09520    0   81   60.19164   58.09520  3.48%     -    2s
     0     0   58.11712    0   98   60.19164   58.11712  3.45%     -    2s
     0     0   58.12035    0   96   60.19164   58.12035  3.44%     -    2s
     0     0   58.12049    0   98   60.19164   58.12049  3.44%     -    2s
     0     0   58.24624    0   38   60.19164   58.24624  3.23%     -    3s
     0     0   58.25740    0   50   60.19164   58.25740  3.21%     -    3s
     0     0   58.25811    0   52   60.19164   58.25811  3.21%     -    3s
     0     0   58.26292    0   98   60.19164   58.26292  3.20%     -    3s
     0     0   58.26425    0   78   60.19164   58.26425  3.20%     -    3s
     0     0   58.26606    0   58   60.19164   58.26606  3.20%     -    3s
     0     0   58.26616    0   51   60.19164   58.26616  3.20%     -    3s
     0     0   58.28597    0   91   60.19164   58.28597  3.17%     -    3s
     0     0   58.28860    0  111   60.19164   58.28860  3.16%     -    3s
     0     0   58.28882    0   85   60.19164   58.28882  3.16%     -    3s
     0     0   58.31089    0  109   60.19164   58.31089  3.12%     -    4s
     0     0   58.31711    0   79   60.19164   58.31711  3.11%     -    4s
     0     0   58.31844    0  127   60.19164   58.31844  3.11%     -    4s
     0     0   58.31865    0  125   60.19164   58.31865  3.11%     -    4s
     0     0   58.34986    0  125   60.19164   58.34986  3.06%     -    4s
H    0     0                      59.0230777   58.34986  1.14%     -    4s
     0     0   58.35375    0  135   59.02308   58.35375  1.13%     -    5s
     0     0   58.35401    0  136   59.02308   58.35401  1.13%     -    5s
     0     0   58.36365    0  144   59.02308   58.36365  1.12%     -    5s
     0     0   58.36634    0  134   59.02308   58.36634  1.11%     -    5s
     0     0   58.36654    0  139   59.02308   58.36654  1.11%     -    5s
     0     0   58.40779    0  156   59.02308   58.40779  1.04%     -    6s
H    0     0                      58.9160412   58.40779  0.86%     -    7s
     0     0   58.41566    0  125   58.91604   58.41566  0.85%     -    7s
     0     0   58.41753    0  136   58.91604   58.41753  0.85%     -    7s
     0     0   58.41881    0  162   58.91604   58.41881  0.84%     -    7s
     0     0   58.41881    0  162   58.91604   58.41881  0.84%     -    7s
     0     0   58.42610    0  134   58.91604   58.42610  0.83%     -    7s
     0     0   58.42665    0  138   58.91604   58.42665  0.83%     -    7s
     0     0   58.42682    0  141   58.91604   58.42682  0.83%     -    7s
     0     0   58.42713    0  190   58.91604   58.42713  0.83%     -    7s
     0     0   58.42897    0  190   58.91604   58.42897  0.83%     -    8s
     0     0   58.42914    0  190   58.91604   58.42914  0.83%     -    8s
H    0     0                      58.8152439   58.42914  0.66%     -    8s
     0     0   58.43008    0  164   58.81524   58.43008  0.65%     -    8s
     0     0   58.43008    0   81   58.81524   58.43008  0.65%     -    9s
     0     0   58.43008    0  167   58.81524   58.43008  0.65%     -   10s
     0     0   58.43008    0  140   58.81524   58.43008  0.65%     -   10s
     0     0   58.43536    0  133   58.81524   58.43536  0.65%     -   10s
     0     0   58.43870    0  139   58.81524   58.43870  0.64%     -   10s
     0     0   58.43933    0  152   58.81524   58.43933  0.64%     -   10s
     0     0   58.43942    0  152   58.81524   58.43942  0.64%     -   10s
     0     0   58.44504    0  143   58.81524   58.44504  0.63%     -   11s
     0     0   58.44564    0  141   58.81524   58.44564  0.63%     -   11s
     0     0   58.44585    0  144   58.81524   58.44585  0.63%     -   11s
     0     0   58.44694    0  142   58.81524   58.44694  0.63%     -   11s
     0     0   58.44760    0  143   58.81524   58.44760  0.63%     -   11s
     0     0   58.44789    0  143   58.81524   58.44789  0.62%     -   11s
     0     0   58.48447    0  131   58.81524   58.48447  0.56%     -   12s
     0     0   58.48719    0  155   58.81524   58.48719  0.56%     -   12s
     0     0   58.48745    0  147   58.81524   58.48745  0.56%     -   12s
     0     0   58.48751    0  147   58.81524   58.48751  0.56%     -   12s
     0     0   58.49077    0  137   58.81524   58.49077  0.55%     -   12s
     0     0   58.49273    0  153   58.81524   58.49273  0.55%     -   12s
     0     0   58.49381    0  153   58.81524   58.49381  0.55%     -   12s
     0     0   58.50573    0  147   58.81524   58.50573  0.53%     -   13s
     0     0   58.50974    0  141   58.81524   58.50974  0.52%     -   13s
     0     0   58.51031    0  152   58.81524   58.51031  0.52%     -   13s
     0     0   58.51031    0  152   58.81524   58.51031  0.52%     -   13s
     0     0   58.51336    0  155   58.81524   58.51336  0.51%     -   14s
     0     0   58.51746    0  157   58.81524   58.51746  0.51%     -   14s
     0     0   58.51757    0  155   58.81524   58.51757  0.51%     -   14s
     0     0   58.52115    0  150   58.81524   58.52115  0.50%     -   14s
     0     0   58.52189    0  156   58.81524   58.52189  0.50%     -   14s

Cutting planes:
  Gomory: 12
  Lift-and-project: 29
  Cover: 7
  Implied bound: 12
  MIR: 60
  StrongCG: 1
  Flow cover: 104
  Zero half: 2
  RLT: 9
  Relax-and-lift: 8

Explored 1 nodes (11292 simplex iterations) in 14.86 seconds (6.15 work units)
Thread count was 32 (of 32 available processors)

Solution count 6: 58.8152 58.8152 58.916 ... 60.2862

Optimal solution found (tolerance 5.00e-03)
Best objective 5.881524391001e+01, best bound 5.852189240451e+01, gap 0.4988%
