
Gurobi 9.5.2 (linux64) logging started Mon Aug 10 15:13:46 2026

Set parameter LogFile to value "/mnt/beegfs/users/celinep/ChargeAndBreak/logs/oracle_RshortCfewTnone_12_gurobi.log"
Gurobi Optimizer version 9.5.2 build v9.5.2rc0 (linux64)
Thread count: 16 physical cores, 32 logical processors, using up to 32 threads
Optimize a model with 2574 rows, 1349 columns and 17292 nonzeros
Model fingerprint: 0x17c93b66
Variable types: 853 continuous, 496 integer (496 binary)
Coefficient statistics:
  Matrix range     [3e-02, 6e+02]
  Objective range  [5e-01, 1e+00]
  Bounds range     [1e+00, 2e+01]
  RHS range        [4e-02, 2e+07]

User MIP start produced solution with objective 37.1206 (0.01s)
Loaded user MIP start with objective 37.1206

Presolve removed 974 rows and 343 columns
Presolve time: 0.05s
Presolved: 1600 rows, 1006 columns, 10407 nonzeros
Variable types: 617 continuous, 389 integer (387 binary)
Root relaxation presolve removed 45 rows and 32 columns
Root relaxation presolved: 1555 rows, 974 columns, 9137 nonzeros

Extra simplex iterations after uncrush: 1

Root relaxation: objective 3.499284e+01, 1268 iterations, 0.05 seconds (0.06 work units)

    Nodes    |    Current Node    |     Objective Bounds      |     Work
 Expl Unexpl |  Obj  Depth IntInf | Incumbent    BestBd   Gap | It/Node Time

     0     0   35.00207    0   72   37.12059   35.00207  5.71%     -    0s
H    0     0                      35.9871480   35.00207  2.74%     -    0s
     0     0   35.44231    0   62   35.98715   35.44231  1.51%     -    0s
     0     0   35.58527    0   48   35.98715   35.58527  1.12%     -    0s
H    0     0                      35.8246743   35.58527  0.67%     -    0s
     0     0   35.60902    0   44   35.82467   35.60902  0.60%     -    0s
     0     0   35.60949    0   43   35.82467   35.60949  0.60%     -    0s
     0     0   35.60949    0   43   35.82467   35.60949  0.60%     -    0s
     0     0   35.66144    0   57   35.82467   35.66144  0.46%     -    0s

Cutting planes:
  Learned: 2
  Gomory: 15
  Lift-and-project: 25
  Cover: 3
  Implied bound: 17
  MIR: 65
  Flow cover: 84
  GUB cover: 1
  RLT: 10
  Relax-and-lift: 4

Explored 1 nodes (2076 simplex iterations) in 0.62 seconds (0.37 work units)
Thread count was 32 (of 32 available processors)

Solution count 3: 35.8247 35.9871 37.1206 

Optimal solution found (tolerance 5.00e-03)
Best objective 3.582467428729e+01, best bound 3.566144195046e+01, gap 0.4556%
