
Gurobi 9.5.2 (linux64) logging started Fri Aug 14 13:58:55 2026

Set parameter LogFile to value "/mnt/beegfs/users/celinep/ChargeAndBreak/logs/oracle_RmediumCmediumTlarge_11_gurobi.log"
Gurobi Optimizer version 9.5.2 build v9.5.2rc0 (linux64)
Thread count: 16 physical cores, 32 logical processors, using up to 32 threads
Optimize a model with 4918 rows, 2588 columns and 52758 nonzeros
Model fingerprint: 0xeb4416be
Variable types: 1633 continuous, 955 integer (955 binary)
Coefficient statistics:
  Matrix range     [3e-02, 1e+03]
  Objective range  [5e-01, 1e+00]
  Bounds range     [1e+00, 4e+01]
  RHS range        [1e-01, 5e+02]

User MIP start did not produce a new incumbent solution

Presolve removed 1649 rows and 548 columns
Presolve time: 1.39s
Presolved: 3269 rows, 2040 columns, 43115 nonzeros
Variable types: 1227 continuous, 813 integer (813 binary)
Found heuristic solution: objective 1031.8156440
Found heuristic solution: objective 773.3154039
Root relaxation presolve removed 127 rows and 57 columns
Root relaxation presolved: 3142 rows, 1983 columns, 27079 nonzeros


Root relaxation: objective 5.975687e+01, 2509 iterations, 0.82 seconds (0.21 work units)
Another try with MIP start

    Nodes    |    Current Node    |     Objective Bounds      |     Work
 Expl Unexpl |  Obj  Depth IntInf | Incumbent    BestBd   Gap | It/Node Time

H    0     0                      61.6060695   59.75687  3.00%     -    3s
     0     0   59.75687    0   94   61.60607   59.75687  3.00%     -    3s
     0     0   60.57843    0   87   61.60607   60.57843  1.67%     -    4s
     0     0   60.69545    0  101   61.60607   60.69545  1.48%     -    6s
     0     0   60.72033    0  133   61.60607   60.72033  1.44%     -    6s
     0     0   60.73141    0  137   61.60607   60.73141  1.42%     -    6s
     0     0   60.73189    0  131   61.60607   60.73189  1.42%     -    6s
     0     0   60.73265    0  134   61.60607   60.73265  1.42%     -    6s
     0     0   60.78997    0  136   61.60607   60.78997  1.32%     -    7s
     0     0   60.80988    0  112   61.60607   60.80988  1.29%     -    8s
     0     0   60.81400    0  123   61.60607   60.81400  1.29%     -    8s
     0     0   60.81400    0  123   61.60607   60.81400  1.29%     -    8s
     0     0   60.92466    0  103   61.60607   60.92466  1.11%     -    9s
     0     0   60.94535    0  113   61.60607   60.94535  1.07%     -    9s
     0     0   60.94942    0  142   61.60607   60.94942  1.07%     -    9s
     0     0   60.95011    0  139   61.60607   60.95011  1.06%     -    9s
     0     0   60.95011    0  140   61.60607   60.95011  1.06%     -    9s
     0     0   60.98752    0  139   61.60607   60.98752  1.00%     -   11s
     0     0   61.01919    0  152   61.60607   61.01919  0.95%     -   12s
     0     0   61.02202    0  163   61.60607   61.02202  0.95%     -   12s
     0     0   61.02202    0  163   61.60607   61.02202  0.95%     -   12s
     0     0   61.03788    0  183   61.60607   61.03788  0.92%     -   14s
     0     0   61.03978    0  165   61.60607   61.03978  0.92%     -   14s
     0     0   61.04040    0  163   61.60607   61.04040  0.92%     -   14s
     0     0   61.04054    0  160   61.60607   61.04054  0.92%     -   14s
     0     0   61.04822    0  147   61.60607   61.04822  0.91%     -   16s
     0     0   61.04843    0  143   61.60607   61.04843  0.91%     -   16s
     0     0   61.05828    0  150   61.60607   61.05828  0.89%     -   18s
     0     0   61.05939    0  146   61.60607   61.05939  0.89%     -   18s
     0     0   61.05983    0  143   61.60607   61.05983  0.89%     -   18s
     0     0   61.05983    0  143   61.60607   61.05983  0.89%     -   18s
     0     0   61.06457    0  168   61.60607   61.06457  0.88%     -   20s
     0     0   61.07133    0  212   61.60607   61.07133  0.87%     -   20s
     0     0   61.07168    0  211   61.60607   61.07168  0.87%     -   20s
     0     0   61.07175    0  210   61.60607   61.07175  0.87%     -   20s
     0     0   61.08556    0  191   61.60607   61.08556  0.84%     -   21s
     0     0   61.08562    0  164   61.60607   61.08562  0.84%     -   22s
     0     0   61.09254    0  158   61.60607   61.09254  0.83%     -   23s
     0     0   61.09432    0  166   61.60607   61.09432  0.83%     -   24s
     0     0   61.09436    0  168   61.60607   61.09436  0.83%     -   24s
     0     0   61.09796    0  188   61.60607   61.09796  0.82%     -   25s
     0     0   61.09851    0  199   61.60607   61.09851  0.82%     -   25s
     0     0   61.09860    0  181   61.60607   61.09860  0.82%     -   26s
     0     0   61.10423    0  203   61.60607   61.10423  0.81%     -   27s
     0     0   61.10517    0  161   61.60607   61.10517  0.81%     -   27s
     0     0   61.10536    0  179   61.60607   61.10536  0.81%     -   27s
     0     0   61.10973    0  198   61.60607   61.10973  0.81%     -   29s
     0     0   61.11071    0  187   61.60607   61.11071  0.80%     -   29s
     0     0   61.11077    0  203   61.60607   61.11077  0.80%     -   29s
     0     0   61.11439    0  190   61.60607   61.11439  0.80%     -   31s
     0     0   61.11506    0  195   61.60607   61.11506  0.80%     -   31s
     0     0   61.11619    0  195   61.60607   61.11619  0.80%     -   31s
     0     0   61.11620    0  193   61.60607   61.11620  0.80%     -   31s
     0     0   61.11645    0  186   61.60607   61.11645  0.79%     -   33s
     0     0   61.11645    0  186   61.60607   61.11645  0.79%     -   33s
     0     0   61.13025    0  168   61.60607   61.13025  0.77%     -   35s
     0     0   61.13050    0  192   61.60607   61.13050  0.77%     -   35s
     0     0   61.13238    0  194   61.60607   61.13238  0.77%     -   35s
     0     0   61.14044    0  196   61.60607   61.14044  0.76%     -   37s
     0     0   61.14045    0  189   61.60607   61.14045  0.76%     -   37s
     0     0   61.15202    0  203   61.60607   61.15202  0.74%     -   38s
     0     0   61.15260    0  204   61.60607   61.15260  0.74%     -   39s
     0     0   61.15657    0  199   61.60607   61.15657  0.73%     -   39s
     0     0   61.15693    0  136   61.60607   61.15693  0.73%     -   41s
     0     0   61.15693    0  126   61.60607   61.15693  0.73%     -   43s
     0     0   61.15693    0  103   61.60607   61.15693  0.73%     -   44s
     0     0   61.15693    0   79   61.60607   61.15693  0.73%     -   44s
     0     0   61.15693    0  120   61.60607   61.15693  0.73%     -   45s
     0     0   61.15774    0  125   61.60607   61.15774  0.73%     -   45s
     0     0   61.16034    0  126   61.60607   61.16034  0.72%     -   45s
     0     0   61.16044    0  136   61.60607   61.16044  0.72%     -   45s
     0     0   61.17521    0  127   61.60607   61.17521  0.70%     -   45s
     0     0   61.17567    0  120   61.60607   61.17567  0.70%     -   45s
     0     0   61.17581    0  120   61.60607   61.17581  0.70%     -   45s
     0     0   61.17924    0  160   61.60607   61.17924  0.69%     -   46s
     0     0   61.17934    0  159   61.60607   61.17934  0.69%     -   47s
     0     0   61.18710    0  160   61.60607   61.18710  0.68%     -   48s
     0     0   61.18808    0  142   61.60607   61.18808  0.68%     -   48s
     0     0   61.18811    0  164   61.60607   61.18811  0.68%     -   48s
     0     0   61.19653    0  149   61.60607   61.19653  0.66%     -   50s
     0     0   61.20072    0  162   61.60607   61.20072  0.66%     -   50s
     0     0   61.20313    0  141   61.60607   61.20313  0.65%     -   50s
     0     0   61.20318    0  160   61.60607   61.20318  0.65%     -   50s
     0     0   61.20618    0  169   61.60607   61.20618  0.65%     -   52s
     0     0   61.20700    0  171   61.60607   61.20700  0.65%     -   52s
     0     0   61.20701    0  168   61.60607   61.20701  0.65%     -   52s
     0     0   61.20990    0  143   61.60607   61.20990  0.64%     -   54s
     0     0   61.21062    0  152   61.60607   61.21062  0.64%     -   54s
     0     0   61.21094    0  150   61.60607   61.21094  0.64%     -   54s
     0     0   61.21211    0  137   61.60607   61.21211  0.64%     -   56s
     0     0   61.21361    0  156   61.60607   61.21361  0.64%     -   56s
     0     0   61.21451    0  157   61.60607   61.21451  0.64%     -   56s
     0     0   61.21451    0  157   61.60607   61.21451  0.64%     -   56s
     0     0   61.21544    0  152   61.60607   61.21544  0.63%     -   57s
     0     0   61.21544    0  152   61.60607   61.21544  0.63%     -   58s
H    0     0                      61.5759665   61.21544  0.59%     -   58s
     0     0   61.21844    0   29   61.57597   61.21844  0.58%     -   59s
     0     0   61.21844    0   68   61.57597   61.21844  0.58%     -   60s
     0     0   61.21844    0   73   61.57597   61.21844  0.58%     -   60s
     0     0   61.21844    0   12   61.57597   61.21844  0.58%     -   61s
     0     0   61.21844    0   38   61.57597   61.21844  0.58%     -   61s
     0     0   61.21844    0   42   61.57597   61.21844  0.58%     -   62s
     0     0   61.21844    0   87   61.57597   61.21844  0.58%     -   63s
     0     0   61.21844    0   76   61.57597   61.21844  0.58%     -   64s
     0     0   61.21844    0   76   61.57597   61.21844  0.58%     -   65s
     0     0   61.21844    0   35   61.57597   61.21844  0.58%     -   66s
     0     0   61.21844    0   74   61.57597   61.21844  0.58%     -   67s
     0     0   61.21844    0   64   61.57597   61.21844  0.58%     -   67s
     0     0   61.21844    0   30   61.57597   61.21844  0.58%     -   68s
     0     0   61.21844    0   49   61.57597   61.21844  0.58%     -   68s
     0     0   61.21844    0   47   61.57597   61.21844  0.58%     -   70s
     0     0   61.21844    0   49   61.57597   61.21844  0.58%     -   70s
     0     0   61.21844    0   62   61.57597   61.21844  0.58%     -   71s
     0     0   61.21844    0   59   61.57597   61.21844  0.58%     -   71s
     0     2   61.21844    0   37   61.57597   61.21844  0.58%     -   72s

Cutting planes:
  Learned: 1
  Gomory: 25
  Lift-and-project: 38
  Cover: 12
  Implied bound: 42
  Projected implied bound: 3
  Clique: 4
  MIR: 322
  StrongCG: 2
  Flow cover: 380
  Flow path: 2
  Zero half: 9
  RLT: 30
  Relax-and-lift: 22
  BQP: 2

Explored 58 nodes (33628 simplex iterations) in 74.88 seconds (12.45 work units)
Thread count was 32 (of 32 available processors)

Solution count 5: 61.576 61.576 61.6061 ... 1031.82

Optimal solution found (tolerance 5.00e-03)
Best objective 6.157596646513e+01, best bound 6.127386635822e+01, gap 0.4906%
