
Gurobi 9.5.2 (linux64) logging started Sat Aug 15 15:49:01 2026

Set parameter LogFile to value "/mnt/beegfs/users/celinep/ChargeAndBreak/logs/RlongCfewTmedium_15_RO_20260815_094854_031_gurobi.log"
Gurobi Optimizer version 9.5.2 build v9.5.2rc0 (linux64)
Thread count: 16 physical cores, 32 logical processors, using up to 32 threads
Optimize a model with 8288 rows, 4629 columns and 28568 nonzeros
Model fingerprint: 0x76dd4826
Variable types: 2919 continuous, 1710 integer (1710 binary)
Coefficient statistics:
  Matrix range     [2e-02, 2e+03]
  Objective range  [1e+00, 1e+00]
  Bounds range     [1e+00, 1e+00]
  RHS range        [3e-01, 5e+02]
Presolve removed 2646 rows and 857 columns
Presolve time: 0.18s
Presolved: 5642 rows, 3772 columns, 25376 nonzeros
Variable types: 2237 continuous, 1535 integer (1534 binary)
Found heuristic solution: objective 293.7130011

Root relaxation: objective 1.579256e+02, 4423 iterations, 0.19 seconds (0.09 work units)

    Nodes    |    Current Node    |     Objective Bounds      |     Work
 Expl Unexpl |  Obj  Depth IntInf | Incumbent    BestBd   Gap | It/Node Time

     0     0  157.92564    0  338  293.71300  157.92564  46.2%     -    0s
H    0     0                     213.7727584  159.37510  25.4%     -    0s
     0     0  159.37510    0  289  213.77276  159.37510  25.4%     -    0s
H    0     0                     212.2869104  159.37510  24.9%     -    0s
     0     0  159.43071    0  380  212.28691  159.43071  24.9%     -    1s
     0     0  159.43296    0  380  212.28691  159.43296  24.9%     -    1s
     0     0  159.43302    0  272  212.28691  159.43302  24.9%     -    1s
     0     0  159.97670    0  271  212.28691  159.97670  24.6%     -    1s
     0     0  160.00538    0  306  212.28691  160.00538  24.6%     -    1s
     0     0  160.00734    0  308  212.28691  160.00734  24.6%     -    1s
     0     0  160.00773    0  308  212.28691  160.00773  24.6%     -    1s
     0     0  160.51565    0  332  212.28691  160.51565  24.4%     -    1s
H    0     0                     210.9286472  160.51565  23.9%     -    1s
     0     0  160.60545    0  379  210.92865  160.60545  23.9%     -    2s
     0     0  160.62489    0  382  210.92865  160.62489  23.8%     -    2s
     0     0  160.62545    0  424  210.92865  160.62545  23.8%     -    2s
     0     0  160.80130    0  419  210.92865  160.80130  23.8%     -    2s
     0     0  160.81666    0  384  210.92865  160.81666  23.8%     -    2s
     0     0  160.81961    0  357  210.92865  160.81961  23.8%     -    2s
     0     0  160.82001    0  402  210.92865  160.82001  23.8%     -    2s
     0     0  160.88786    0  449  210.92865  160.88786  23.7%     -    2s
     0     0  160.90324    0  461  210.92865  160.90324  23.7%     -    3s
     0     0  160.90751    0  456  210.92865  160.90751  23.7%     -    3s
     0     0  160.90816    0  457  210.92865  160.90816  23.7%     -    3s
     0     0  160.92040    0  492  210.92865  160.92040  23.7%     -    3s
     0     0  160.92600    0  482  210.92865  160.92600  23.7%     -    3s
     0     0  160.92635    0  484  210.92865  160.92635  23.7%     -    3s
     0     0  160.94100    0  508  210.92865  160.94100  23.7%     -    3s
     0     0  160.94352    0  525  210.92865  160.94352  23.7%     -    4s
     0     0  160.94363    0  527  210.92865  160.94363  23.7%     -    4s
     0     0  160.95027    0  516  210.92865  160.95027  23.7%     -    4s
     0     0  160.95267    0  521  210.92865  160.95267  23.7%     -    4s
     0     0  160.95288    0  519  210.92865  160.95288  23.7%     -    4s
     0     0  160.95668    0  493  210.92865  160.95668  23.7%     -    4s
     0     0  160.95678    0  511  210.92865  160.95678  23.7%     -    4s
     0     0  160.96055    0  491  210.92865  160.96055  23.7%     -    4s
     0     0  160.96055    0  350  210.92865  160.96055  23.7%     -    5s
H    0     0                     210.5256412  160.96055  23.5%     -    5s
     0     2  160.96055    0  297  210.52564  160.96055  23.5%     -    6s
H   31    48                     200.7732039  160.99967  19.8%   249    7s
H   79    96                     200.3917960  161.00084  19.7%   155    9s
H   79    96                     199.0707042  161.00084  19.1%   155    9s
H   80    96                     198.8637651  161.00084  19.0%   156    9s
H   83    96                     198.8415924  161.00084  19.0%   155    9s
H  122   139                     198.6114137  161.00084  18.9%   128   11s
H  122   139                     198.5321428  161.00084  18.9%   128   11s
H  123   139                     197.3112264  161.00084  18.4%   128   11s
H  133   139                     196.9809433  161.00084  18.3%   122   11s
H  135   139                     196.5637560  161.00084  18.1%   121   11s
H  167   182                     195.6567721  161.00084  17.7%   108   25s
H  167   182                     195.6122259  161.00084  17.7%   108   25s
H  169   182                     194.8442663  161.00084  17.4%   108   25s
H  181   182                     194.5970332  161.00084  17.3%   103   25s
H  214   225                     183.6974874  161.00084  12.4%  95.0   27s
H  274   281                     183.5821297  161.00084  12.3%  88.4   29s
   318   325  161.25532   19  399  183.58213  161.00084  12.3%  82.3   30s
   391   398  161.25548   24  407  183.58213  161.00084  12.3%  73.9   37s
H  405   398                     183.5259450  161.00084  12.3%  72.5   37s
   487   486  162.43824   29  366  183.52594  161.00084  12.3%  67.0   43s
   558   549  167.60353   33  353  183.52594  161.00084  12.3%  63.1   50s
   685   662  167.61687   37  340  183.52594  161.00084  12.3%  58.2   67s
H  695   662                     183.3523964  161.00084  12.2%  57.8   67s
   792   816  167.73874   43  401  183.35240  161.00084  12.2%  55.3   72s
   896   831  170.92189   50  283  183.35240  161.00084  12.2%  56.1   78s
  1059   988  170.92189   59  290  183.35240  161.00084  12.2%  54.7   82s
  1819  1685  179.25891  125  231  183.35240  161.00084  12.2%  47.7   85s
  1836  1701  179.29902  126  229  183.35240  161.00084  12.2%  48.0   95s
H 1845  1701                     183.2283481  161.00084  12.1%  48.0   95s
H 1942  1846                     183.2120817  161.00084  12.1%  47.7   99s
  2000  1968  179.83255  138  227  183.21208  161.00336  12.1%  47.8  101s
H 2215  2156                     183.1688416  161.00336  12.1%  47.1  103s
  2372  2168  164.78487   11  334  183.16884  161.00336  12.1%  46.8  107s
H 2379  2168                     183.1673413  161.00336  12.1%  46.7  107s
  2390  2447  164.78487   12  330  183.16734  161.00336  12.1%  46.9  110s
  2995  2679  162.44461   12  350  183.16734  161.00336  12.1%  44.4  118s
  2998  2681  176.98460  151  357  183.16734  161.43018  11.9%  44.4  121s
  3012  2690  162.48123   30  530  183.16734  162.48123  11.3%  44.2  125s
  3025  2699  163.03198   55  233  183.16734  163.03198  11.0%  44.0  130s
  3050  2716  163.46577   38  535  183.16734  163.46577  10.8%  43.6  135s
  3075  2732  164.13273   22  437  183.16734  164.13273  10.4%  43.3  140s
  3090  2742  164.25803   20  439  183.16734  164.25803  10.3%  43.1  145s
  3104  2752  179.21833  117  416  183.16734  164.53419  10.2%  42.9  151s
  3116  2760  164.73858    6  465  183.16734  164.73858  10.1%  42.7  156s
  3134  2772  167.58516  107  571  183.16734  165.08606  9.87%  42.5  160s
  3153  2784  168.02506   19  581  183.16734  165.36928  9.72%  42.2  165s
  3169  2795  168.72031  158  523  183.16734  165.57837  9.60%  42.0  170s
  3198  2814  176.98460  151  410  183.16734  165.71525  9.53%  41.6  175s
  3219  2828  165.79034   20  465  183.16734  165.79034  9.49%  41.3  180s
  3233  2838  165.85230   20  402  183.16734  165.85230  9.45%  41.2  185s
H 3242  2697                     183.1673412  165.94928  9.40%  41.0  187s
  3256  2706  169.52067   32  432  183.16734  166.01390  9.36%  40.9  190s
  3279  2721  166.11533   57  464  183.16734  166.11533  9.31%  40.6  195s
  3295  2732  166.29082   12  432  183.16734  166.29082  9.21%  40.4  200s
  3314  2745  170.82670  138  466  183.16734  166.42018  9.14%  40.2  205s
  3332  2757  166.45445   24  527  183.16734  166.45445  9.12%  39.9  210s
  3339  2762  166.45445    6   89  183.16734  166.45445  9.12%  80.1  216s
  3343  2765  169.49575   94  130  183.16734  166.45445  9.12%  80.0  221s
  3346  2767  166.45445   23  253  183.16734  166.45445  9.12%  80.0  225s
  3348  2768  166.45445   85  361  183.16734  166.45445  9.12%  79.9  230s
H 3348  2629                     183.1673412  166.45445  9.12%  79.9  234s
  3349  2630  166.45445  133  246  183.16734  166.45445  9.12%  79.9  236s
  3351  2631  168.26799   23  316  183.16734  166.45445  9.12%  79.8  243s
  3353  2633  168.02506   19  277  183.16734  166.45445  9.12%  79.8  245s
  3354  2636  166.45445   25  280  183.16734  166.45445  9.12%   105  255s
  3356  2640  166.63114   26  440  183.16734  166.45445  9.12%   106  262s
  3368  2658  167.10274   28  503  183.16734  166.84348  8.91%   110  266s
  3516  2762  168.63874   33  351  183.16734  167.11272  8.76%   116  270s
  3594  2829  168.85912   35  354  183.16734  167.11272  8.76%   116  275s
  3792  2941  167.95806   39  362  183.16734  167.11272  8.76%   114  280s
  4068  3153  168.15365   46  350  183.16734  167.11272  8.76%   114  285s
  4399  3322  168.24025   52  351  183.16734  167.11272  8.76%   112  296s
  4523  3397  168.97044   54  300  183.16734  167.11272  8.76%   111  301s
  4733  3506  168.74739   60  351  183.16734  167.11272  8.76%   110  311s
  4977  3716  173.07488   64  364  183.16734  167.11272  8.76%   108  315s
  5393  3990  168.46644   70  374  183.16734  167.11272  8.76%   105  322s
  5578  3941  168.50427   72  341  183.16734  167.11272  8.76%   104  327s
  5997  4208  168.87587   78  367  183.16734  167.11272  8.76%   104  330s
  6412  4452  169.74063   87  282  183.16734  167.11272  8.76%   104  336s
  6721  4638  169.79962   95  274  183.16734  167.11272  8.76%   105  342s
  6886  4704  172.24542   98  276  183.16734  167.11272  8.76%   105  345s
  7502  5318  170.32089  108  317  183.16734  167.11272  8.76%   104  351s
  8160  5391  170.15858  116  244  183.16734  167.11272  8.76%   101  358s
  8304  5682  170.23726  122  277  183.16734  167.11272  8.76%   102  360s
  8695  5680  170.29135  130  306  183.16734  167.11272  8.76%   101  365s
  9010  5813     cutoff  141       183.16734  167.11272  8.76%   102  373s
  9131  6081  170.48943  145  232  183.16734  167.11272  8.76%   102  394s
  9483  6196     cutoff  160       183.16734  167.11272  8.76%   101  397s
  9800  6398  180.91719  179  146  183.16734  167.11272  8.76%   101  401s
 10749  6681  170.22187   33  496  183.16734  167.11291  8.76%  99.1  411s
 10882  6932  170.22187   34  497  183.16734  167.11291  8.76%  98.9  418s
 11218  7035  171.04500   53  397  183.16734  167.11291  8.76%  98.8  423s
 11480  7536  171.52062   73  390  183.16734  167.11291  8.76%  98.6  427s
 12062  7993  177.77994  147  271  183.16734  167.14549  8.75%  98.2  432s
 12670  8264  168.95796   32  511  183.16734  167.14549  8.75%  97.9  438s
 12998  8754  174.08437   39  478  183.16734  167.14549  8.75%  98.3  441s
 13567  9194  174.55697   66  472  183.16734  167.14549  8.75%  97.5  445s
 14154  9596  181.65700  104  345  183.16734  167.36240  8.63%  97.0  450s
 14637  9981  168.40578   30  455  183.16734  167.36240  8.63%  97.2  455s
 15082 10508  168.79686   50  440  183.16734  167.36240  8.63%  97.2  460s
 15999 10755  169.68328  105  385  183.16734  167.36240  8.63%  97.0  473s
 16034 11234  169.69376  106  370  183.16734  167.36240  8.63%  97.0  477s
 16578 11908  170.11114  144  323  183.16734  167.36240  8.63%  96.7  483s
 17303 12049  178.90061  183  318  183.16734  167.39173  8.61%  96.1  494s
 17478 12904  173.56069   33  469  183.16734  167.48210  8.56%  96.1  499s
 18424 13545  175.41274   73  407  183.16734  167.50424  8.55%  95.0  505s
 19204 13921  169.45141   36  520  183.16734  167.52137  8.54%  95.0  510s
 19665 14589  174.50162   40  430  183.16734  167.52137  8.54%  95.8  515s
 20579 15682  180.55655   46  347  183.16734  167.52749  8.54%  95.6  523s
 22046 16107  167.90139   54  534  183.16734  167.52901  8.54%  94.7  528s
 22585 16198  168.37789   76  424  183.16734  167.52901  8.54%  94.5  540s
 22686 16926  168.48708   77  470  183.16734  167.52901  8.54%  94.5  547s
 23486 17379  170.05701  117  383  183.16734  167.52901  8.54%  94.3  553s
 24033 18198  170.68281  163  379  183.16734  167.64450  8.47%  94.1  562s
 24971 18742  172.10928   43  552  183.16734  167.64450  8.47%  93.7  570s
 25645 19696  173.19480   81  390  183.16734  167.64450  8.47%  94.3  579s
 26638 20594  174.23918  152  326  183.16734  167.64450  8.47%  94.1  589s
 27712 21296  180.65258  207  244  183.16734  167.66497  8.46%  93.4  608s
 28506 22625  170.21559   34  517  183.16734  167.66497  8.46%  93.6  617s
 29895 23856  178.23925  148  315  183.16734  167.70399  8.44%  93.2  626s
 31420 24645  179.52631   90  364  183.16734  167.72258  8.43%  92.3  642s
 32325 24905  168.54185   43  407  183.16734  167.72258  8.43%  92.5  654s
 32727 26112  168.58326   44  413  183.16734  167.72258  8.43%  92.5  663s
 34047 26436  179.88266  131  252  183.16734  167.72490  8.43%  92.4  677s
 34463 27770  174.57866   67  462  183.16734  167.72692  8.43%  92.5  690s
 36002 27943  175.96661  145  414  183.16734  167.72692  8.43%  92.4  707s
 36201 29092  176.10731  146  394  183.16734  167.72862  8.43%  92.4  725s
 37497 30311  169.28981   63  414  183.16734  167.75645  8.41%  92.3  739s
 39048 30734  182.29728   44  350  183.16734  167.76683  8.41%  92.3  762s
 39604 31137  178.84250   52  267  183.16734  167.77740  8.40%  92.7  799s
H40091 31136                     183.1547159  167.77932  8.39%  92.5  799s
 40229 32816  171.21532   77  366  183.15472  167.78036  8.39%  92.5  819s
 42187 34574  175.95523   69  423  183.15472  167.78686  8.39%  92.6 1004s
 44218 36432  173.55241  143  217  183.15472  167.81328  8.38%  92.4 1024s
 46345 36559  169.58817  130  515  183.15472  167.82829  8.37%  92.1 1043s
 46507 38150  169.69442  131  526  183.15472  167.82829  8.37%  92.1 1063s
 48343 39291  174.49575  181  354  183.15472  167.83106  8.37%  92.0 1084s
 49619 40035  170.99597   79  451  183.15472  167.83818  8.36%  91.7 1101s
 50719 41127  180.34341  140  457  183.15472  167.84906  8.36%  92.5 1121s
 52304 41431  169.40032   60  462  183.15472  167.86281  8.35%  93.1 1167s
H52305 25975                     174.8312732  167.86281  3.99%  93.1 1167s
 52714 26935  169.41989   61  449  174.83127  167.86281  3.99%  93.3 1188s
 54091 28192  170.20389  113  458  174.83127  167.88990  3.97%  93.5 1208s
H54469 23458                     172.8312732  167.89110  2.86%  93.7 1208s
 55755 24139  168.71688   47  418  172.83127  167.91255  2.85%  94.1 1227s
 57179 24767  170.19731   55  474  172.83127  167.92240  2.84%  94.9 1246s
 58504 26491  169.71167   58  463  172.83127  167.92757  2.84%  95.3 1270s
 60626 28150 infeasible  152       172.83127  167.95163  2.82%  95.2 1291s
 62565 29031  169.99426  137  391  172.83127  167.96628  2.81%  95.1 1311s
 63827 30046  168.77249   68  438  172.83127  167.98856  2.80%  95.7 1331s
 65721 31152     cutoff  146       172.83127  168.01265  2.79%  96.1 1348s
 67208 32144  172.02928   97  402  172.83127  168.02371  2.78%  96.2 1366s
 68435 33913  170.08783   54  465  172.83127  168.03534  2.77%  96.6 1387s
 70515 35174 infeasible  183       172.83127  168.05111  2.77%  96.7 1405s
 72176 36377  170.99224   90  434  172.83127  168.07255  2.75%  97.1 1428s
 73677 37609  169.08647   53  486  172.83127  168.07485  2.75%  97.3 1454s
 75274 39204  169.61177   80  384  172.83127  168.09038  2.74%  97.6 1486s
 77181 40559  169.99731  100  354  172.83127  168.10607  2.73%  97.7 1506s
 79018 42052  171.87594  142  329  172.83127  168.11574  2.73%  97.8 1527s
 80802 43393  172.28258  136  382  172.83127  168.12589  2.72%  97.9 1548s
 82426 44778  170.88562  106  425  172.83127  168.13744  2.72%  98.0 1568s
 84134 45705  171.47685  154  390  172.83127  168.14555  2.71%  98.2 1592s
 85269 47421  171.36319  127  358  172.83127  168.15463  2.71%  98.5 1619s
 87408 48264  169.40770   38  390  172.83127  168.16086  2.70%  98.6 1641s
H87860 48264                     172.8312732  168.16332  2.70%  98.6 1641s
 88489 49693  168.95711   42  536  172.83127  168.16566  2.70%  98.7 1663s
 90267 50640  170.78167   68  436  172.83127  168.17283  2.70%  98.8 1688s
 91659 51213  168.79076   44  511  172.83127  168.17891  2.69%  99.3 1709s
 92761 52561  172.45086   63  443  172.83127  168.18512  2.69%   100 1736s
 94490 53474     cutoff   42       172.83127  168.19875  2.68%   100 1761s
 95856 54708  169.46230   67  467  172.83127  168.20454  2.68%   100 1785s
 97429 56357  170.60512   82  331  172.83127  168.21637  2.67%   101 1812s
 99422 57385  169.32340   65  472  172.83127  168.22715  2.66%   101 1834s
 99628 57385  169.58995   71  487  172.83127  168.23109  2.66%   101 1835s
 100699 58789  169.30998   42  480  172.83127  168.23178  2.66%   101 1860s
 102574 59801 infeasible  130       172.83127  168.23871  2.66%   101 1886s
 104298 60602     cutoff   83       172.83127  168.24767  2.65%   102 1911s
 105472 62064  169.34163   72  507  172.83127  168.26036  2.64%   102 1938s
 107391 63132  169.25864   57  405  172.83127  168.27120  2.64%   102 1968s
 108810 64326  172.47222   47  413  172.83127  168.27731  2.63%   102 2001s
 110327 66048 infeasible  122       172.83127  168.28906  2.63%   103 2030s
 112547 67577  170.27326   77  517  172.83127  168.30136  2.62%   103 2056s
 114468 68667  169.57196   44  406  172.83127  168.31379  2.61%   103 2076s
 115932 69136  170.31467   87  455  172.83127  168.32287  2.61%   103 2104s
 116774 69648  168.79603   38  483  172.83127  168.33111  2.60%   104 2131s
 118092 71313  171.16172   61  362  172.83127  168.33604  2.60%   104 2156s
 120154 71859  170.39934   77  490  172.83127  168.34369  2.60%   104 2195s
H120336 71797                     172.8056546  168.34530  2.58%   104 2195s
 120888 72547  169.22017   46  528  172.80565  168.35053  2.58%   104 2224s
H121333 72547                     172.8056546  168.35085  2.58%   104 2224s
 121876 74165  170.80714   88  325  172.80565  168.35153  2.58%   105 2254s
 123959 75351  172.04037  154  296  172.80565  168.36152  2.57%   105 2280s
 125585 76984  172.14018  127  410  172.80565  168.37109  2.57%   105 2304s
 127527 77764  172.09790  140  335  172.80565  168.37785  2.56%   105 2332s
 128577 79043  170.24165   77  394  172.80565  168.38066  2.56%   105 2357s
 130177 80157 infeasible  129       172.80565  168.39071  2.55%   106 2384s
 131565 81637  169.98165   53  457  172.80565  168.40048  2.55%   106 2408s
 133425 82870  170.26234   51  409  172.80565  168.41114  2.54%   106 2432s
 135036 84342  171.20662  140  323  172.80565  168.41894  2.54%   106 2456s
 137017 85935  172.52448   44  465  172.80565  168.42993  2.53%   106 2479s
 138952 87101  170.53882   56  337  172.80565  168.43477  2.53%   107 2505s
 140432 87940  170.38239   58  473  172.80565  168.44251  2.52%   107 2534s
 141433 89245  170.72931   60  479  172.80565  168.44251  2.52%   107 2562s
 143085 90226  172.38090  136  340  172.80565  168.45078  2.52%   107 2592s
H143616 90226                     172.8056541  168.45279  2.52%   107 2592s
 144388 91112  170.85526   46  439  172.80565  168.45790  2.52%   107 2620s
 145561 92646  171.98339   48  447  172.80565  168.46589  2.51%   107 2646s
 147474 92985  170.79528   51  399  172.80565  168.47242  2.51%   107 2672s
 148176 93697  171.00309   43  450  172.80565  168.47499  2.51%   108 2700s
 149592 94890  171.11663   40  430  172.80565  168.48252  2.50%   108 2722s
 151241 96328  169.88924   72  472  172.80565  168.49173  2.50%   109 2745s
 153115 97122  170.21007   73  404  172.80565  168.49795  2.49%   109 2778s
H153471 97122                     172.8056538  168.50116  2.49%   109 2778s
 154211 98342  171.34922   51  432  172.80565  168.50552  2.49%   109 2806s
 155858 99743  170.66297   87  377  172.80565  168.50920  2.49%   109 2835s
 157641 100838  170.33601   61  473  172.80565  168.52077  2.48%   109 2871s
 159147 101720  169.39917   40  431  172.80565  168.52710  2.48%   110 2894s
 160512 102199     cutoff   72       172.80565  168.53312  2.47%   110 2928s
H160693 102199                     172.8056534  168.53468  2.47%   110 2928s
 161488 103471  171.13175   71  416  172.80565  168.53602  2.47%   110 2961s
 163368 104507  170.93690  119  324  172.80565  168.54211  2.47%   111 2995s
 164961 105721  170.36041   51  374  172.80565  168.55138  2.46%   111 3022s
 167051 106550     cutoff   75       172.80565  168.56272  2.46%   111 3049s
 168143 107634  170.12135   88  404  172.80565  168.56859  2.45%   111 3077s
 169749 109231  170.92664   54  457  172.80565  168.57135  2.45%   111 3104s
 171927 110213     cutoff   57       172.80565  168.57868  2.45%   111 3125s
 173255 112374  170.55977  101  342  172.80565  168.58494  2.44%   112 3155s
 175858 112455  170.68176  124  347  172.80565  168.58942  2.44%   112 3184s
H175892 112455                     172.8056533  168.58942  2.44%   112 3185s
 175964 112950     cutoff  128       172.80565  168.58974  2.44%   112 3213s
 176645 113797  170.56490   47  462  172.80565  168.59208  2.44%   112 3238s
 178221 114724  170.21511   60  349  172.80565  168.60438  2.43%   112 3269s
 179827 115539 infeasible  123       172.80565  168.60928  2.43%   112 3308s
 181002 117187     cutoff   51       172.80565  168.61466  2.43%   113 3339s
 183018 119251  171.02431   47  437  172.80565  168.62167  2.42%   113 3368s
 185564 119625  170.76834   43  383  172.80565  168.62896  2.42%   113 3392s
 186131 120484  169.22838   74  382  172.80565  168.63385  2.41%   113 3421s
 187748 121477  170.20560   83  421  172.80565  168.63857  2.41%   113 3457s
 189961 122504     cutoff   68       172.80565  168.64309  2.41%   113 3488s
 191519 123996  171.08481  129  375  172.80565  168.64766  2.41%   113 3517s
 193677 124863  171.56910   67  471  172.80565  168.65546  2.40%   114 3548s
 195114 126694  170.06406   44  448  172.80565  168.66026  2.40%   114 3578s
 197493 127463  171.03182   39  497  172.80565  168.66587  2.40%   114 3611s
 198980 128558  172.20860   62  448  172.80565  168.67020  2.39%   114 3638s
 200414 129701  169.64015   54  436  172.80565  168.67360  2.39%   114 3670s
 201912 130187  170.45791   96  383  172.80565  168.67971  2.39%   114 3697s
H202398 130187                     172.8056533  168.68152  2.39%   114 3698s
 202690 131789  171.83077   65  485  172.80565  168.68167  2.39%   114 3725s
 204866 132533  172.02059   97  306  172.80565  168.68892  2.38%   114 3751s
 205785 133928  172.13328  107  333  172.80565  168.69109  2.38%   115 3779s
 207611 135224  170.85739  150  294  172.80565  168.69702  2.38%   115 3816s
 209336 136585  170.96469  104  419  172.80565  168.70247  2.37%   115 3845s
 211188 138418  170.41415   90  421  172.80565  168.70876  2.37%   115 3874s
 213425 139613  170.01054   59  396  172.80565  168.71202  2.37%   115 3902s
 215215 140110  170.49013   73  286  172.80565  168.71484  2.37%   115 3932s
 216208 141257  169.85766   83  386  172.80565  168.71809  2.37%   115 3971s
 218802 142462  170.77414  123  458  172.80565  168.72336  2.36%   116 4010s
 220632 143513  171.11322   41  378  172.80565  168.72791  2.36%   116 4045s
 222587 144228  172.68469   67  387  172.80565  168.73506  2.36%   116 4075s
H223124 144228                     172.8056524  168.73723  2.35%   116 4075s
 223751 145297  169.25609   72  418  172.80565  168.74155  2.35%   116 4108s
 225359 146586  169.76974   87  431  172.80565  168.74739  2.35%   117 4140s
 227089 148178  170.10308   84  399  172.80565  168.75329  2.35%   117 4173s
 229221 148930  170.85261   56  379  172.80565  168.75823  2.34%   117 4203s
 230369 150064  170.17350   70  318  172.80565  168.76297  2.34%   117 4236s
 231924 151749  169.99485   65  438  172.80565  168.76775  2.34%   117 4269s
 234182 153597  170.70926  104  405  172.80565  168.77382  2.33%   117 4301s
 236529 154143  170.25252   52  382  172.80565  168.77790  2.33%   117 4347s
 237270 156106  171.04659   52  400  172.80565  168.77938  2.33%   117 4426s
 240062 157375  169.63538   75  483  172.80565  168.78704  2.33%   118 4476s
 241849 159076     cutoff   52       172.80565  168.79098  2.32%   118 4529s
 244270 160028  169.22256   52  450  172.80565  168.79777  2.32%   118 4569s
 246076 161726  169.62831   65  423  172.80565  168.80207  2.32%   118 4604s
 248537 162961  169.98733   75  402  172.80565  168.80779  2.31%   119 4641s
 250495 164006  171.29730  119  456  172.80565  168.81362  2.31%   119 4676s
 252110 165045  171.25434  155  337  172.80565  168.81839  2.31%   119 4714s
 253831 166408  169.99501   70  463  172.80565  168.82350  2.30%   119 4755s
 255761 168335  170.33158   71  408  172.80565  168.83000  2.30%   119 4794s
 258353 169214  170.05408   65  399  172.80565  168.83447  2.30%   119 4818s
 259909 170054  171.24455   61  440  172.80565  168.83920  2.30%   119 4856s
 261017 171156  170.10467   91  390  172.80565  168.83962  2.30%   119 4900s
 262912 172624  169.79187   62  473  172.80565  168.84523  2.29%   120 4934s
 265126 173742  170.44744   70  338  172.80565  168.84722  2.29%   120 4964s
 267308 174761     cutoff   73       172.80565  168.85231  2.29%   120 4996s
 268640 175438  172.79253   60  454  172.80565  168.85376  2.29%   120 5028s
 270049 176564  170.33589   54  439  172.80565  168.86063  2.28%   120 5064s
 271854 177900  170.92787  107  446  172.80565  168.86416  2.28%   121 5106s
 273589 179292 infeasible   63       172.80565  168.86826  2.28%   121 5165s
 275363 180416  170.16510   87  426  172.80565  168.87030  2.28%   121 5202s
 277179 181618  169.05153   54  446  172.80565  168.87470  2.27%   121 5242s
 279227 182576  170.73671  124  427  172.80565  168.87755  2.27%   121 5266s
 280590 183916     cutoff   75       172.80565  168.88006  2.27%   121 5300s
 282443 184944  169.52922   56  478  172.80565  168.88453  2.27%   121 5337s
 284063 185552  171.46321   45  417  172.80565  168.88809  2.27%   121 5382s
 285631 186207  170.71599   45  444  172.80565  168.89276  2.26%   122 5422s
 286591 187648  170.78370   40  363  172.80565  168.89344  2.26%   122 5463s
 288711 189250     cutoff  137       172.80565  168.89720  2.26%   122 5506s
 290837 190223     cutoff   54       172.80565  168.90057  2.26%   122 5541s
 292676 192124  171.56378   82  440  172.80565  168.90559  2.26%   122 5582s
 295404 192973  170.01382   49  346  172.80565  168.91380  2.25%   122 5626s
 297208 193960  172.18453   80  351  172.80565  168.91489  2.25%   122 5658s
 299076 195123  170.77429   58  424  172.80565  168.91863  2.25%   122 5689s
 300862 196501  171.02922  111  419  172.80565  168.92173  2.25%   123 5720s
 302707 197714  170.64523   59  412  172.80565  168.92568  2.25%   123 5744s
 304283 198579  171.67024   64  364  172.80565  168.92851  2.24%   123 5780s
 305482 200104  170.44748  131  346  172.80565  168.92975  2.24%   123 5816s
 307711 201455  172.71650  115  377  172.80565  168.93423  2.24%   123 5846s
 309578 202331 infeasible  123       172.80565  168.93877  2.24%   123 5872s
 310940 203297  171.04924   84  269  172.80565  168.94190  2.24%   123 5903s
 312276 204523  172.28960  136  387  172.80565  168.94411  2.23%   123 5931s
 314048 205538  172.53555   81  462  172.80565  168.94914  2.23%   123 5967s
 315518 206935  170.22197   56  503  172.80565  168.95179  2.23%   123 5999s
 317495 208053  170.06762   41  460  172.80565  168.95839  2.23%   123 6036s
 318979 209332  170.10667   68  465  172.80565  168.96124  2.22%   123 6066s
 320756 210863  170.29133   78  441  172.80565  168.96491  2.22%   124 6100s
 322865 211935  171.20253   98  337  172.80565  168.96853  2.22%   124 6142s
 324284 212839  171.76249   61  513  172.80565  168.97234  2.22%   124 6188s
 325858 213687  170.62148   77  483  172.80565  168.97265  2.22%   124 6235s
 327987 215050  169.81476   64  373  172.80565  168.97757  2.22%   124 6271s
 330015 216686  170.54052  123  343  172.80565  168.98195  2.21%   124 6308s
 332494 217220  170.13362   64  449  172.80565  168.98725  2.21%   124 6355s
 333346 218279  169.28098   64  515  172.80565  168.98845  2.21%   124 6391s
 334719 220282  170.73388  112  413  172.80565  168.98984  2.21%   124 6425s
 337344 221390  170.80492   78  452  172.80565  168.99529  2.21%   124 6467s
 339213 222305  169.80790   54  395  172.80565  168.99931  2.20%   124 6511s
 340607 224468  169.91563   35  513  172.80565  169.00214  2.20%   124 6547s
 343308 225807  170.34464  108  403  172.80565  169.00603  2.20%   124 6576s
 345135 227351     cutoff   66       172.80565  169.00922  2.20%   124 6604s
 347313 228272  170.78818   92  405  172.80565  169.01149  2.20%   124 6632s
 348559 229484  170.06336   80  439  172.80565  169.01386  2.19%   124 6662s
 350298 230926  170.22032   52  511  172.80565  169.01702  2.19%   124 6692s
 352341 231982  171.78656  108  397  172.80565  169.02162  2.19%   124 6723s
 353893 232810  169.85781   58  501  172.80565  169.02314  2.19%   124 6761s
 355018 234302  170.73113   87  350  172.80565  169.02462  2.19%   124 6794s
 357060 235796  169.97650   48  447  172.80565  169.03210  2.18%   124 6835s
 359074 237415  171.47961  117  428  172.80565  169.03453  2.18%   124 6872s
 361229 238365  171.34306   54  398  172.80565  169.03901  2.18%   124 6911s
 362554 239646  170.50091  108  422  172.80565  169.04103  2.18%   124 6946s
 364344 241280  170.91062  121  409  172.80565  169.04435  2.18%   124 6982s
 366569 241980  172.71111  102  396  172.80565  169.04681  2.18%   124 7014s
 367637 243627  171.13251   79  370  172.80565  169.04817  2.17%   124 7051s
 369797 244133  170.26614   61  453  172.80565  169.05112  2.17%   124 7085s
 370989 245354  171.11576   60  397  172.80565  169.05252  2.17%   124 7119s
 372810 246798  171.68293   99  265  172.80565  169.05646  2.17%   124 7152s
 375022 247968 infeasible  132       172.80565  169.06212  2.17%   124 7187s
 377032 248151  171.46759   85  350  172.80565  169.06360  2.17%   124 7200s

Cutting planes:
  Learned: 6
  Gomory: 223
  Cover: 76
  Implied bound: 900
  Clique: 10
  MIR: 1581
  StrongCG: 4
  Flow cover: 3140
  Flow path: 1
  GUB cover: 2
  Inf proof: 93
  Zero half: 29
  Network: 5
  RLT: 114
  Relax-and-lift: 208
  PSD: 1

Explored 377323 nodes (46815075 simplex iterations) in 7200.05 seconds (2137.44 work units)
Thread count was 32 (of 32 available processors)

Solution count 10: 172.806 172.806 172.806 ... 174.831

Time limit reached
Best objective 1.728056524148e+02, best bound 1.690636020921e+02, gap 2.1655%
