
Gurobi 9.5.2 (linux64) logging started Sat Aug 15 07:09:20 2026

Set parameter LogFile to value "/mnt/beegfs/users/celinep/ChargeAndBreak/logs/RlongCfewTmedium_18_2SP_20260814_230343_034_gurobi.log"
Gurobi Optimizer version 9.5.2 build v9.5.2rc0 (linux64)
Thread count: 16 physical cores, 32 logical processors, using up to 32 threads
Optimize a model with 156576 rows, 72385 columns and 513330 nonzeros
Model fingerprint: 0xdff51050
Variable types: 63626 continuous, 8759 integer (8759 binary)
Coefficient statistics:
  Matrix range     [3e-02, 2e+03]
  Objective range  [2e-02, 4e-02]
  Bounds range     [1e+00, 1e+00]
  RHS range        [2e-01, 5e+02]
Presolve removed 54644 rows and 17876 columns
Presolve time: 1.86s
Presolved: 101932 rows, 54509 columns, 441093 nonzeros
Variable types: 48521 continuous, 5988 integer (5988 binary)
Found heuristic solution: objective 160.4409704

Deterministic concurrent LP optimizer: primal and dual simplex (primal and dual model)
Showing first log only...

Root relaxation presolve removed 2274 rows and 2274 columns
Root relaxation presolved: 99658 rows, 52235 columns, 436545 nonzeros


Root simplex log...

Iteration    Objective       Primal Inf.    Dual Inf.      Time
   40121    9.7070194e+01   1.872077e+02   2.595271e+09      5s
   46326    1.2099586e+02   0.000000e+00   2.427202e+04      9s
   47072    1.1754061e+02   0.000000e+00   2.093288e+03     10s
   51700    1.0157413e+02   0.000000e+00   3.140181e+03     15s
   54636    9.7620999e+01   0.000000e+00   1.020166e+04     20s
   56844    9.4307031e+01   0.000000e+00   6.644869e+03     25s
   58494    9.2643322e+01   0.000000e+00   6.840231e+03     30s
   60346    9.0468357e+01   0.000000e+00   1.655652e+05     35s
   62176    8.9608995e+01   0.000000e+00   5.211769e+03     40s
   63936    8.9015062e+01   0.000000e+00   2.287718e+05     45s
   65586    8.8191515e+01   0.000000e+00   2.127150e+04     50s
   67336    8.7416583e+01   0.000000e+00   1.189417e+04     55s
   69136    8.7088363e+01   0.000000e+00   3.513879e+04     60s
   71116    8.6733555e+01   0.000000e+00   5.184794e+02     65s
Concurrent spin time: 12.25s

Solved with dual simplex (primal model)

Root relaxation: objective 8.258671e+01, 90619 iterations, 79.19 seconds (49.71 work units)

    Nodes    |    Current Node    |     Objective Bounds      |     Work
 Expl Unexpl |  Obj  Depth IntInf | Incumbent    BestBd   Gap | It/Node Time

     0     0   84.13509    0 2599  160.44097   84.13509  47.6%     -  107s
H    0     0                     160.2766130   84.13509  47.5%     -  115s
     0     0   85.08911    0 3183  160.27661   85.08911  46.9%     -  139s
     0     0   85.64135    0 3287  160.27661   85.64135  46.6%     -  167s
     0     0   85.66343    0 3318  160.27661   85.66343  46.6%     -  170s
     0     0   85.66753    0 3401  160.27661   85.66753  46.6%     -  172s
     0     0   85.66801    0 3349  160.27661   85.66801  46.5%     -  173s
     0     0   85.66839    0 3407  160.27661   85.66839  46.5%     -  173s
     0     0   85.66853    0 3393  160.27661   85.66853  46.5%     -  174s
     0     0   86.00227    0 3873  160.27661   86.00227  46.3%     -  209s
     0     0   86.03881    0 3602  160.27661   86.03881  46.3%     -  228s
     0     0   86.04482    0 3561  160.27661   86.04482  46.3%     -  234s
     0     0   86.04614    0 3528  160.27661   86.04614  46.3%     -  237s
     0     0   86.04661    0 3518  160.27661   86.04661  46.3%     -  238s
     0     0   86.04677    0 3490  160.27661   86.04677  46.3%     -  239s
     0     0   86.47073    0 3602  160.27661   86.47073  46.0%     -  289s
     0     0   86.51739    0 3234  160.27661   86.51739  46.0%     -  301s
     0     0   86.52497    0 3540  160.27661   86.52497  46.0%     -  315s
     0     0   86.52658    0 3413  160.27661   86.52658  46.0%     -  319s
     0     0   86.52678    0 3434  160.27661   86.52678  46.0%     -  321s
     0     0   86.66495    0 3424  160.27661   86.66495  45.9%     -  367s
H    0     0                     160.1952583   86.66495  45.9%     -  370s
     0     0   86.68741    0 3440  160.19526   86.68741  45.9%     -  386s
     0     0   86.69170    0 3501  160.19526   86.69170  45.9%     -  394s
     0     0   86.69257    0 3498  160.19526   86.69257  45.9%     -  400s
     0     0   86.69286    0 3479  160.19526   86.69286  45.9%     -  403s
     0     0   86.75230    0 3652  160.19526   86.75230  45.8%     -  428s
H    0     0                     158.7976461   86.75230  45.4%     -  433s
     0     0   86.76251    0 3424  158.79765   86.76251  45.4%     -  446s
     0     0   86.76483    0 3461  158.79765   86.76483  45.4%     -  458s
     0     0   86.76521    0 3423  158.79765   86.76521  45.4%     -  464s
     0     0   86.80550    0 3405  158.79765   86.80550  45.3%     -  488s
     0     0   86.81294    0 3433  158.79765   86.81294  45.3%     -  505s
     0     0   86.81427    0 3482  158.79765   86.81427  45.3%     -  513s
     0     0   86.81475    0 3432  158.79765   86.81475  45.3%     -  522s
     0     0   86.84247    0 3462  158.79765   86.84247  45.3%     -  544s
H    0     0                     147.6990902   86.84247  41.2%     -  550s
     0     0   86.84899    0 3396  147.69909   86.84899  41.2%     -  565s
     0     0   86.85012    0 3418  147.69909   86.85012  41.2%     -  576s
     0     0   86.85071    0 3359  147.69909   86.85071  41.2%     -  580s
     0     0   86.86910    0 3424  147.69909   86.86910  41.2%     -  593s
     0     0   86.87214    0 3457  147.69909   86.87214  41.2%     -  607s
     0     0   86.87274    0 3423  147.69909   86.87274  41.2%     -  615s
     0     0   86.88735    0 3372  147.69909   86.88735  41.2%     -  631s
     0     0   86.89099    0 3475  147.69909   86.89099  41.2%     -  642s
     0     0   86.89168    0 3489  147.69909   86.89168  41.2%     -  647s
     0     0   86.90256    0 3446  147.69909   86.90256  41.2%     -  661s
     0     0   86.90486    0 3401  147.69909   86.90486  41.2%     -  672s
     0     0   86.90523    0 3450  147.69909   86.90523  41.2%     -  676s
     0     0   86.91405    0 3456  147.69909   86.91405  41.2%     -  693s
     0     0   86.91501    0 3378  147.69909   86.91501  41.2%     -  704s
     0     0   86.91524    0 3405  147.69909   86.91524  41.2%     -  706s
     0     0   86.92683    0 3421  147.69909   86.92683  41.1%     -  727s
H    0     0                     147.6943553   86.92683  41.1%     -  731s
     0     0   86.92938    0 3358  147.69436   86.92938  41.1%     -  743s
     0     0   86.92973    0 3370  147.69436   86.92973  41.1%     -  746s
     0     0   86.93691    0 3416  147.69436   86.93691  41.1%     -  766s
     0     0   86.93858    0 3438  147.69436   86.93858  41.1%     -  783s
     0     0   86.93893    0 3432  147.69436   86.93893  41.1%     -  789s
     0     0   86.94514    0 3399  147.69436   86.94514  41.1%     -  802s
H    0     0                     147.6829824   86.94514  41.1%     -  804s
     0     0   86.94637    0 3380  147.68298   86.94637  41.1%     -  813s
     0     0   86.94677    0 3412  147.68298   86.94677  41.1%     -  816s
     0     0   86.95376    0 3440  147.68298   86.95376  41.1%     -  834s
     0     0   86.95556    0 3433  147.68298   86.95556  41.1%     -  848s
     0     0   86.95622    0 3488  147.68298   86.95622  41.1%     -  856s
     0     0   86.96228    0 3501  147.68298   86.96228  41.1%     -  885s
H    0     0                     147.6790925   86.96228  41.1%     -  888s
     0     0   86.96427    0 3473  147.67909   86.96427  41.1%     -  900s
     0     0   86.96481    0 3448  147.67909   86.96481  41.1%     -  906s
     0     0   86.96927    0 3440  147.67909   86.96927  41.1%     -  921s
     0     0   86.97068    0 3446  147.67909   86.97068  41.1%     -  931s
     0     0   86.97097    0 3412  147.67909   86.97097  41.1%     -  935s
     0     0   86.97543    0 3447  147.67909   86.97543  41.1%     -  944s
     0     0   86.97543    0 3241  147.67909   86.97543  41.1%     - 1001s
H    0     0                     147.6584568   86.97543  41.1%     - 1027s
     0     2   86.97543    0 3218  147.65846   86.97543  41.1%     - 1098s
     1     4   86.98166    1 3165  147.65846   86.97544  41.1%  9268 1105s
     3     8   87.00411    2 3229  147.65846   86.98177  41.1%  8357 1202s
     7    16   87.06928    3 3163  147.65846   87.00416  41.1%  9535 1228s
H   12    16                     123.9500852   87.06928  29.8% 10998 1228s
    15    32   87.07173    4 3348  123.95009   87.06928  29.8% 11274 1248s
    31    48   87.07439    5 3362  123.95009   87.07176  29.8% 11018 1413s
H   35    48                     113.9868923   87.07176  23.6% 13986 1413s
H   40    48                     113.0820208   87.07176  23.0% 14787 1413s
    47    64   87.07439    6 3356  113.08202   87.07176  23.0% 15660 1426s
    63    80   87.07439    7 3391  113.08202   87.07176  23.0% 12244 1596s
H   79    96                     112.8144060   87.07176  22.8% 10072 1610s
H   81    96                     112.8040164   87.07176  22.8%  9945 1610s
    95   122   87.08046    9 3416  112.80402   87.07176  22.8%  8700 1619s
H  123   145                     112.7973792   87.07176  22.8%  6974 1641s
H  125   145                     112.5540164   87.07176  22.6%  6882 1641s
H  126   145                     112.5214052   87.07176  22.6%  6895 1641s
H  129   145                     112.3993612   87.07176  22.5%  6755 1641s
H  144   145                     112.3564452   87.07176  22.5%  6174 1641s
   148   170   87.08111   12 3374  112.35645   87.07176  22.5%  6023 1656s
   175   186   87.08475   14 3343  112.35645   87.07176  22.5%  5360 1720s
H  176   186                     112.3488608   87.07176  22.5%  5329 1720s
H  182   186                     111.7864452   87.07176  22.1%  5200 1720s
H  185   186                     111.6432832   87.07176  22.0%  5145 1720s
   191   217   87.09224   15 3348  111.64328   87.07176  22.0%  5083 1736s
   224   230   87.09841   16 3260  111.64328   87.07176  22.0%  4563 1768s
H  226   230                     111.4742036   87.07176  21.9%  4537 1768s
   243   258   87.11896   17 3278  111.47420   87.07176  21.9%  4367 1782s
   279   274   87.12837   18 3217  111.47420   87.07176  21.9%  3960 1980s
H  280   274                     111.3942138   87.07176  21.8%  3946 1980s
H  282   274                     111.3320221   87.07176  21.8%  3948 1980s
   295   305   87.13649   19 3277  111.33202   87.07176  21.8%  3882 2007s
   332   323   87.14019   20 3174  111.33202   87.07176  21.8%  3610 2075s
H  335   323                     111.3285103   87.07176  21.8%  3610 2075s
   350   366   87.47130   20 3074  111.32851   87.07176  21.8%  3557 2206s
   401   386   87.50955   21 3093  111.32851   87.07176  21.8%  3408 2277s
H  404   386                     100.0603593   87.07176  13.0%  3405 2277s
   426   431   89.08637   22 3030  100.06036   87.07176  13.0%  3376 2322s
H  487   446                      99.5542343   87.07176  12.5%  3166 2429s
H  488   446                      99.5515536   87.07176  12.5%  3161 2429s
H  490   446                      99.5512094   87.07176  12.5%  3152 2429s
H  491   446                      99.4999646   87.07176  12.5%  3146 2430s
   504   485   90.35430   24 2909   99.49996   87.07176  12.5%  3191 2958s
H  544   502                      99.4928193   87.07176  12.5%  3070 3185s
H  545   502                      99.4920894   87.07176  12.5%  3065 3185s
   561   601   90.35591   26 2914   99.49209   87.07176  12.5%  3023 3229s
   661   628   90.36368   34 3038   99.49209   87.07176  12.5%  2735 3305s
H  668   628                      99.4708919   87.07176  12.5%  2713 3306s
   689   742   90.37421   35 3009   99.47089   87.07176  12.5%  2698 3351s
   804   755   90.38664   44 2896   99.47089   87.07176  12.5%  2444 3672s
H  813   755                      99.4678959   87.07176  12.5%  2444 3672s
   821   864   90.38664   45 2896   99.46790   87.07176  12.5%  2462 3872s
   933   913   90.38664   56 2901   99.46790   87.07176  12.5%  2327 4007s
H  966   913                      99.3128342   87.07176  12.3%  2299 4007s
   986   935     cutoff   57        99.31283   87.07176  12.3%  2271 4088s
  1070   957     cutoff   58        99.31283   87.07176  12.3%  2229 4210s
H 1087   957                      99.2295009   87.07176  12.3%  2226 4210s
  1120  1032     cutoff   41        99.22950   87.07176  12.3%  2207 4276s
  1205  1137     cutoff   49        99.22950   87.07447  12.2%  2171 4343s
  1314  1158   92.45505    6 3050   99.22950   87.07447  12.2%  2115 4464s
  1350  1193   93.63221    7 2910   99.22950   87.07447  12.2%  2185 4528s
  1402  1283   93.98649    8 2869   99.22950   87.07447  12.2%  2226 4635s
  1508  1372   94.00803   11 2878   99.22950   87.07447  12.2%  2178 4741s
  1604  1522   94.02604   20 2918   99.22950   87.07447  12.2%  2152 4833s
  1766  1642   97.72602   25 2793   99.22950   87.07447  12.2%  2065 5004s
  1926  1642     cutoff   70        99.22950   87.07447  12.2%  1991 5005s
  1929  1697   96.51273   30 2819   99.22950   87.07447  12.2%  2000 5128s
  2020  1720     cutoff   34        99.22950   87.07447  12.2%  2041 5350s
  2079  1721   88.60460   55 3241   99.22950   87.07447  12.2%  2068 6697s
  2081  1722   88.82352   50 1481   99.22950   87.07447  12.2%  2066 7006s
  2082  1723   88.62580   24 1503   99.22950   87.07447  12.2%  2065 7113s

Cutting planes:
  Learned: 29
  Gomory: 39
  Cover: 313
  Implied bound: 626
  Projected implied bound: 18
  Clique: 62
  MIR: 2907
  StrongCG: 3
  Flow cover: 2495
  Inf proof: 1
  Zero half: 2
  RLT: 455
  Relax-and-lift: 73
  BQP: 1
  PSD: 40

Explored 2082 nodes (4965545 simplex iterations) in 7200.32 seconds (5563.93 work units)
Thread count was 32 (of 32 available processors)

Solution count 10: 99.2295 99.3128 99.4679 ... 99.5542

Time limit reached
Best objective 9.922950091452e+01, best bound 8.733942544095e+01, gap 11.9824%
