
Gurobi 9.5.2 (linux64) logging started Sun Aug 16 13:49:33 2026

Set parameter LogFile to value "/mnt/beegfs/users/celinep/ChargeAndBreak/logs/RlongCmediumTlarge_25_RO_20260815_094854_117_gurobi.log"
Gurobi Optimizer version 9.5.2 build v9.5.2rc0 (linux64)
Thread count: 16 physical cores, 32 logical processors, using up to 32 threads
Optimize a model with 8143 rows, 4548 columns and 28058 nonzeros
Model fingerprint: 0x7cc4ad96
Variable types: 2872 continuous, 1676 integer (1676 binary)
Coefficient statistics:
  Matrix range     [3e-02, 2e+03]
  Objective range  [1e+00, 1e+00]
  Bounds range     [1e+00, 1e+00]
  RHS range        [3e-02, 5e+02]
Presolve removed 2631 rows and 858 columns
Presolve time: 0.39s
Presolved: 5512 rows, 3690 columns, 24850 nonzeros
Variable types: 2186 continuous, 1504 integer (1503 binary)
Found heuristic solution: objective 279.5734497

Root relaxation: objective 1.491376e+02, 4386 iterations, 0.39 seconds (0.09 work units)

    Nodes    |    Current Node    |     Objective Bounds      |     Work
 Expl Unexpl |  Obj  Depth IntInf | Incumbent    BestBd   Gap | It/Node Time

     0     0  149.13759    0  328  279.57345  149.13759  46.7%     -    1s
H    0     0                     279.3842926  149.13759  46.6%     -    1s
     0     0  150.87873    0  334  279.38429  150.87873  46.0%     -    2s
H    0     0                     272.8640946  150.87873  44.7%     -    2s
     0     0  150.93555    0  325  272.86409  150.93555  44.7%     -    2s
     0     0  150.93871    0  327  272.86409  150.93871  44.7%     -    2s
     0     0  150.93884    0  307  272.86409  150.93884  44.7%     -    2s
H    0     0                     227.4301088  151.32832  33.5%     -    2s
     0     0  151.32832    0  342  227.43011  151.32832  33.5%     -    2s
H    0     0                     216.1818551  151.36072  30.0%     -    3s
     0     0  151.36072    0  331  216.18186  151.36072  30.0%     -    3s
     0     0  151.37229    0  322  216.18186  151.37229  30.0%     -    3s
     0     0  151.37443    0  330  216.18186  151.37443  30.0%     -    3s
     0     0  151.37502    0  338  216.18186  151.37502  30.0%     -    3s
     0     0  151.37540    0  331  216.18186  151.37540  30.0%     -    3s
H    0     0                     203.3587785  151.66793  25.4%     -    4s
     0     0  151.66793    0  442  203.35878  151.66793  25.4%     -    4s
     0     0  151.73636    0  461  203.35878  151.73636  25.4%     -    4s
     0     0  151.74794    0  444  203.35878  151.74794  25.4%     -    4s
     0     0  151.75077    0  465  203.35878  151.75077  25.4%     -    5s
     0     0  151.75177    0  465  203.35878  151.75177  25.4%     -    5s
     0     0  151.75216    0  466  203.35878  151.75216  25.4%     -    5s
     0     0  151.91319    0  423  203.35878  151.91319  25.3%     -    6s
     0     0  151.94638    0  407  203.35878  151.94638  25.3%     -    6s
     0     0  151.94986    0  363  203.35878  151.94986  25.3%     -    6s
     0     0  151.94992    0  376  203.35878  151.94992  25.3%     -    6s
     0     0  151.97187    0  518  203.35878  151.97187  25.3%     -    7s
     0     0  151.98066    0  502  203.35878  151.98066  25.3%     -    7s
     0     0  151.98166    0  533  203.35878  151.98166  25.3%     -    7s
     0     0  151.98195    0  497  203.35878  151.98195  25.3%     -    7s
     0     0  152.00405    0  477  203.35878  152.00405  25.3%     -    8s
     0     0  152.00782    0  479  203.35878  152.00782  25.3%     -    8s
     0     0  152.00798    0  489  203.35878  152.00798  25.3%     -    8s
     0     0  152.02009    0  497  203.35878  152.02009  25.2%     -    9s
     0     0  152.02741    0  485  203.35878  152.02741  25.2%     -    9s
     0     0  152.02833    0  493  203.35878  152.02833  25.2%     -    9s
     0     0  152.02865    0  488  203.35878  152.02865  25.2%     -    9s
H    0     0                     203.2554256  152.04051  25.2%     -    9s
     0     0  152.04051    0  518  203.25543  152.04051  25.2%     -    9s
     0     0  152.04065    0  525  203.25543  152.04065  25.2%     -   10s
     0     0  152.05263    0  430  203.25543  152.05263  25.2%     -   10s
H    0     0                     203.1172659  152.05355  25.1%     -   10s
     0     0  152.05355    0  431  203.11727  152.05355  25.1%     -   10s
     0     0  152.05355    0  433  203.11727  152.05355  25.1%     -   10s
     0     0  152.07166    0  450  203.11727  152.07166  25.1%     -   10s
     0     0  152.08614    0  480  203.11727  152.08614  25.1%     -   10s
     0     0  152.08797    0  481  203.11727  152.08797  25.1%     -   11s
     0     0  152.08815    0  474  203.11727  152.08815  25.1%     -   11s
     0     0  152.09489    0  485  203.11727  152.09489  25.1%     -   11s
     0     0  152.10362    0  432  203.11727  152.10362  25.1%     -   11s
     0     0  152.10403    0  431  203.11727  152.10403  25.1%     -   11s
     0     0  152.10685    0  455  203.11727  152.10685  25.1%     -   11s
H    0     0                     203.0256480  152.10766  25.1%     -   11s
     0     0  152.10766    0  429  203.02565  152.10766  25.1%     -   11s
     0     0  152.10779    0  434  203.02565  152.10779  25.1%     -   12s
     0     0  152.10780    0  414  203.02565  152.10780  25.1%     -   12s
     0     0  152.10780    0  436  203.02565  152.10780  25.1%     -   12s
     0     0  152.10780    0  437  203.02565  152.10780  25.1%     -   12s
     0     0  152.10780    0  437  203.02565  152.10780  25.1%     -   12s
H    0     0                     202.8805140  152.10780  25.0%     -   12s
     0     0  152.10780    0  438  202.88051  152.10780  25.0%     -   13s
     0     0  152.10780    0  395  202.88051  152.10780  25.0%     -   13s
     0     2  152.10780    0  338  202.88051  152.10780  25.0%     -   15s
H   79    96                     192.1914429  152.11602  20.9%   189   19s
H   82    96                     191.5772704  152.11602  20.6%   190   19s
H  123   140                     191.4110057  152.11602  20.5%   147   22s
H  127   140                     191.3148252  152.11602  20.5%   143   22s
H  129   140                     182.4634439  152.11602  16.6%   141   22s
H  167   183                     180.4487532  152.11602  15.7%   123   27s
H  171   183                     180.2285147  152.11602  15.6%   121   27s
   225   236  153.52370   17  379  180.22851  152.11602  15.6%   103   55s
H  227   236                     180.0618480  152.11602  15.5%   102   55s
H  292   301                     180.0552267  152.11602  15.5%  90.2   68s
H  295   301                     180.0525410  152.11602  15.5%  90.2   68s
H  296   301                     170.3195201  152.11602  10.7%  90.0   68s
H  301   301                     170.1451813  152.11602  10.6%  89.7   68s
   370   371  154.66722   26  350  170.14518  152.11602  10.6%  79.4   76s
H  373   371                     170.1358743  152.11602  10.6%  79.0   76s
H  381   371                     170.1348401  152.11602  10.6%  78.5   76s
H  385   371                     170.0525410  152.11602  10.5%  77.8   76s
   437   430  154.66954   31  354  170.05254  152.11602  10.5%  72.3   82s
H  447   430                     170.0525410  152.11602  10.5%  71.2   82s
   531   516  154.68464   38  331  170.05254  152.11602  10.5%  65.6   88s
   641   612  154.77605   44  330  170.05254  152.11602  10.5%  61.0   99s
H  649   612                     169.3777139  152.11602  10.2%  60.9   99s
   657   662  154.77605   45  338  169.37771  152.11602  10.2%  60.5  100s
   716   677  154.79180   49  317  169.37771  152.11602  10.2%  59.0  105s
H  720   677                     169.3190311  152.11602  10.2%  58.8  105s
H  855   797                     169.2022451  152.11602  10.1%  54.9  117s
  1634  1690  160.11414  124  275  169.20225  152.11602  10.1%  46.6  120s
  1794  1706  160.13805  140  253  169.20225  152.11602  10.1%  45.7  131s
  2515  2446  153.54041   13  409  169.20225  152.12244  10.1%  43.6  135s
  2897  2642  160.08899  103  395  169.20225  152.12244  10.1%  43.0  144s
  2899  2643  156.22818  135  344  169.20225  152.12244  10.1%  42.9  146s
  2902  2645  156.38959  115  390  169.20225  152.33466  10.0%  42.9  152s
  2904  2647  153.55518   25  290  169.20225  152.55678  9.84%  42.9  155s
  2908  2649  153.79003   31  351  169.20225  152.86389  9.66%  42.8  160s
  2911  2651  166.75798   65  317  169.20225  153.07358  9.53%  42.8  165s
  2916  2655  153.67843   10  436  169.20225  153.67843  9.17%  42.7  171s
  2918  2656  167.87229   32  407  169.20225  154.04554  8.96%  42.6  175s
  2921  2658  156.19815  142  521  169.20225  154.20103  8.87%  42.6  180s
  2923  2659  158.02645   95  509  169.20225  154.29750  8.81%  42.6  185s
  2926  2661  154.70817   17  461  169.20225  154.48908  8.70%  42.5  192s
  2928  2663  154.64051   12  428  169.20225  154.64051  8.61%  42.5  195s
  2930  2664  160.19866   88  427  169.20225  154.79915  8.51%  42.5  200s
  2933  2666  164.02941  101  454  169.20225  155.01079  8.39%  42.4  205s
  2936  2668  155.26480   57  469  169.20225  155.26480  8.24%  42.4  210s
  2940  2671  168.04324   46  396  169.20225  155.50943  8.09%  42.3  216s
  2943  2673  157.89185   63  493  169.20225  155.63841  8.02%  42.3  220s
H 2945  2539                     169.0355784  155.73579  7.87%  42.3  225s
  2950  2542  156.14706   17  531  169.03558  156.14706  7.62%  42.2  231s
  2954  2545  157.44384   87  456  169.03558  156.39116  7.48%  42.1  235s
  2958  2548  167.87123   28  442  169.03558  156.63107  7.34%  42.1  241s
  2962  2550  157.30749   96  507  169.03558  156.69593  7.30%  42.0  245s
  2966  2553  163.96142   72  472  169.03558  156.78185  7.25%  42.0  250s
  2969  2555  157.91522   76  587  169.03558  156.87999  7.19%  41.9  255s
  2974  2558  156.99379   10  481  169.03558  156.99379  7.12%  41.8  261s
  2977  2560  157.04497   77  569  169.03558  157.04497  7.09%  41.8  265s
  2981  2563  157.09586  105  519  169.03558  157.09586  7.06%  41.7  270s
  2984  2565  163.24036  151  579  169.03558  157.18269  7.01%  41.7  275s
  2988  2568  160.09582  102  584  169.03558  157.25749  6.97%  41.6  280s
  2992  2570  157.30492   27  569  169.03558  157.30492  6.94%  41.6  285s
  2996  2573  157.34034   34  553  169.03558  157.34034  6.92%  41.5  290s
  3000  2576  163.18148   67  477  169.03558  157.42369  6.87%  41.5  295s
  3005  2579  157.50038    5  548  169.03558  157.50038  6.82%  41.4  300s
  3011  2583  166.75798   65  548  169.03558  157.57017  6.78%  41.3  305s
  3016  2586  157.61103   10  522  169.03558  157.61103  6.76%  41.3  310s
  3020  2589  157.89185   64  500  169.03558  157.70789  6.70%  41.2  316s
  3024  2592  157.80125   79  489  169.03558  157.80125  6.65%  41.2  321s
  3028  2594  157.92782   12  523  169.03558  157.92782  6.57%  41.1  325s
  3032  2597  164.70577   65  490  169.03558  158.14734  6.44%  41.0  330s
  3036  2600  158.16926   57  495  169.03558  158.16926  6.43%  41.0  335s
  3041  2603  158.19882   52  526  169.03558  158.19882  6.41%  40.9  340s
  3045  2606  158.24711   31  566  169.03558  158.24711  6.38%  40.9  345s
  3049  2608  158.30234   98  535  169.03558  158.30234  6.35%  40.8  350s
  3056  2613  160.08622   17  569  169.03558  158.35232  6.32%  40.7  357s
  3058  2614  167.87123   28  534  169.03558  158.35816  6.32%  40.7  361s
  3062  2617  158.36570   96  543  169.03558  158.36570  6.31%  40.6  365s
  3069  2622  158.37090   76  569  169.03558  158.37090  6.31%  40.6  370s
  3074  2625  158.38448   10  535  169.03558  158.38448  6.30%  40.5  376s
  3078  2628  165.97510   90  560  169.03558  158.39044  6.30%  40.4  380s
  3089  2636  158.39217   46  202  169.03558  158.39217  6.30%  91.7  387s
  3091  2638  158.39217    5  350  169.03558  158.39217  6.30%  91.6  390s
  3094  2640  166.11948   39  334  169.03558  158.39217  6.30%  91.5  397s
  3096  2641  158.39217   34  346  169.03558  158.39217  6.30%  91.5  400s
  3099  2643  158.39217  135  423  169.03558  158.39217  6.30%  91.4  405s
  3102  2645  159.41430  115  322  169.03558  159.41430  5.69%  91.3  410s
  3108  2649  159.61321   31  440  169.03558  159.61321  5.57%  91.1  416s
  3112  2652  159.63325   56  415  169.03558  159.63325  5.56%  91.0  421s
  3116  2654  159.65083   10  429  169.03558  159.65083  5.55%  90.9  425s
  3121  2658  159.65678  142  435  169.03558  159.65678  5.55%  90.7  430s
  3128  2662  159.67546   12  422  169.03558  159.67546  5.54%  90.5  435s
  3135  2667  167.89064   36  487  169.03558  159.73023  5.50%  90.3  440s
H 3137  2533                     169.0355773  159.73663  5.50%  90.3  442s
  3141  2536  159.74568   52  510  169.03558  159.74568  5.50%  90.1  445s
  3146  2539  159.75605   75  518  169.03558  159.75605  5.49%  90.0  451s
  3155  2547  161.46941  191  395  169.03558  159.75637  5.49%   106  455s
  3158  2549  167.87123   28  362  169.03558  159.75637  5.49%   106  460s
  3162  2552  159.75637   96  346  169.03558  159.75637  5.49%   106  467s
  3164  2553  159.75637   67  394  169.03558  159.75637  5.49%   106  472s
  3166  2554  163.96142   72  375  169.03558  159.75637  5.49%   106  476s
  3169  2556  159.75637   76  430  169.03558  159.75637  5.49%   106  481s
  3172  2558  160.04026   26  360  169.03558  160.04026  5.32%   105  486s
  3176  2561  163.19677  137  382  169.03558  160.19755  5.23%   105  492s
  3180  2564  160.22402   98  405  169.03558  160.22402  5.21%   105  496s
  3184  2566  163.24036  151  458  169.03558  160.23953  5.20%   105  500s
  3189  2570  160.26302   46  497  169.03558  160.26302  5.19%   105  506s
  3192  2572  160.28209   27  487  169.03558  160.28209  5.18%   105  510s
  3198  2576  160.28942   18  458  169.03558  160.28942  5.17%   105  516s
  3202  2578  160.29022  115  449  169.03558  160.29022  5.17%   104  521s
  3206  2581  160.29052   31  547  169.03558  160.29052  5.17%   104  526s
  3211  2585  166.75798   65  159  169.03558  160.29052  5.17%   121  532s
  3213  2587  160.29052   66  388  169.03558  160.29052  5.17%   121  536s
  3215  2588  160.29052   21  325  169.03558  160.29052  5.17%   121  540s
  3218  2590  167.87229   32  347  169.03558  160.29052  5.17%   121  547s
  3220  2591  160.29052   64  357  169.03558  160.29052  5.17%   121  552s
  3222  2593  160.29052   28  369  169.03558  160.29052  5.17%   121  556s
  3223  2593  160.29052   95  454  169.03558  160.29052  5.17%   121  560s
  3225  2595  160.36313   60  385  169.03558  160.36313  5.13%   121  567s
  3227  2596  160.45002   25  436  169.03558  160.45002  5.08%   121  570s
  3232  2599  164.70577   65  370  169.03558  160.64925  4.96%   120  576s
  3236  2602  160.66561   57  370  169.03558  160.66561  4.95%   120  581s
  3238  2603  160.67095   58  397  169.03558  160.67095  4.95%   120  585s
  3243  2607  160.67867   63  408  169.03558  160.67867  4.94%   120  590s
  3248  2610  160.68124   77  415  169.03558  160.68124  4.94%   120  595s
  3256  2615  160.68465   17  405  169.03558  160.68465  4.94%   120  601s
  3259  2617  160.68498  106  418  169.03558  160.68498  4.94%   119  605s
  3265  2621  160.68638  139  418  169.03558  160.68638  4.94%   119  610s
  3269  2625  160.68638   76   93  169.03558  160.68638  4.94%   135  615s
  3272  2627  160.68638   26   81  169.03558  160.68638  4.94%   135  623s
  3274  2629  160.68638   10   47  169.03558  160.68638  4.94%   135  628s
  3276  2630  163.19677  137   80  169.03558  160.68638  4.94%   135  634s
  3277  2631  160.68638   77  170  169.03558  160.68638  4.94%   135  635s
  3278  2631  165.97510   90   71  169.03558  160.68638  4.94%   135  640s
H 3278  2499                     169.0355771  160.68638  4.94%   135  640s
  3280  2501  160.68638   98   84  169.03558  160.68638  4.94%   135  645s
  3282  2502  160.68638    7  117  169.03558  160.68638  4.94%   135  650s
  3284  2503  163.24036  151  140  169.03558  160.68638  4.94%   134  658s
  3285  2504  160.68638   12  276  169.03558  160.68638  4.94%   134  661s
  3286  2505  160.68638   70  127  169.03558  160.68638  4.94%   134  672s
  3287  2505  160.68638  132  253  169.03558  160.68638  4.94%   134  675s
  3288  2506  160.68638  102  126  169.03558  160.68638  4.94%   134  683s
  3290  2507  160.68638   92  126  169.03558  160.68638  4.94%   134  688s
  3291  2511  160.68638   59  176  169.03558  160.68638  4.94%   160  699s
  3293  2514  160.68638   60  350  169.03558  160.68638  4.94%   161  733s
  3297  2521  160.68638   61  390  169.03558  160.68638  4.94%   164  753s
  3305  2530  160.76843   62  459  169.03558  160.68638  4.94%   173  759s
  3321  2540  160.79654   63  461  169.03558  160.75837  4.90%   183  760s
  3369  2567  160.79746   64  435  169.03558  160.75837  4.90%   184  765s
  3414  2594  160.79746   65  434  169.03558  160.75837  4.90%   183  776s
  3456  2619  160.79746   67  434  169.03558  160.75837  4.90%   182  809s
  3472  2648  161.00297   67  400  169.03558  160.75837  4.90%   182  810s
  3515  2647  161.00297   68  404  169.03558  160.75837  4.90%   181  839s
  3532  2691  160.79805   69  433  169.03558  160.75837  4.90%   181  840s
  3587  2686  160.79828   71  432  169.03558  160.75837  4.90%   180  908s
  3640  2717  160.88303   72  362  169.03558  160.75837  4.90%   179  929s
  3656  2775  160.79828   73  432  169.03558  160.75837  4.90%   179  930s
  3727  2767  160.80507   74  460  169.03558  160.75837  4.90%   177  968s
  3743  2775  160.83438   74  423  169.03558  160.75837  4.90%   177 1015s
  3814  2812  161.08293   76  361  169.03558  160.75837  4.90%   177 1025s
  3924  2873  160.84351   79  469  169.03558  160.75837  4.90%   175 1063s
  3940  2900  161.12536   79  397  169.03558  160.75837  4.90%   175 1067s
  3976  2905  160.85913   80  386  169.03558  160.75837  4.90%   174 1070s
  4098  2978  160.94086   83  460  169.03558  160.75837  4.90%   173 1120s
  4114  3022  160.90452   83  450  169.03558  160.75837  4.90%   173 1155s
  4466  3218  160.97375   89  454  169.03558  160.75837  4.90%   168 1164s
  4482  3393  160.97165   90  435  169.03558  160.75837  4.90%   168 1166s
  4900  3486  160.99584   95  435  169.03558  160.75837  4.90%   161 1201s
  4916  3496  163.38307   95  444  169.03558  160.75837  4.90%   161 1250s
  5009  3650  161.03277   98  416  169.03558  160.75837  4.90%   161 1270s
  5390  3780  161.07571  103  436  169.03558  160.75837  4.90%   155 1282s
  5410  3973  161.08599  103  442  169.03558  160.75837  4.90%   155 1305s
  5664  3902  161.10339  107  436  169.03558  160.75837  4.90%   153 1334s
  5682  4137  161.27983  107  474  169.03558  160.75837  4.90%   153 1336s
  6225  4328  161.31574  112  461  169.03558  160.75837  4.90%   148 1342s
  6517  4414  161.38542  116  431  169.03558  160.75837  4.90%   147 1345s
  7048  4639  161.49864  126  286  169.03558  160.75837  4.90%   144 1393s
  7275  4595     cutoff  133       169.03558  160.75837  4.90%   142 1399s
  7322  4910     cutoff  134       169.03558  160.75837  4.90%   142 1402s
  7694  4793  161.84632  146  308  169.03558  160.75837  4.90%   139 1436s
  7710  4803  161.63483  146  302  169.03558  160.75837  4.90%   139 1463s
  7726  5075  161.67462  147  309  169.03558  160.75837  4.90%   139 1467s
  8493  5146     cutoff  171       169.03558  160.75837  4.90%   135 1478s
  8537  5370     cutoff  172       169.03558  160.75837  4.90%   135 1483s
  8888  5267  161.98482  185  244  169.03558  160.75837  4.90%   133 1517s
  8905  5321 infeasible  185       169.03558  160.75837  4.90%   133 1572s
  9010  5518     cutoff  194       169.03558  160.75837  4.90%   133 1577s
  9319  5838     cutoff  208       169.03558  160.75837  4.90%   132 1581s
  9799  5717     cutoff  222       169.03558  160.75837  4.90%   129 1594s
  9849  6151  162.21085  228  280  169.03558  160.75837  4.90%   129 1597s
 10388  5987  162.64888  248  231  169.03558  160.75837  4.90%   126 1633s
 10404  6005     cutoff  248       169.03558  160.75837  4.90%   126 1659s
 10430  6440     cutoff  249       169.03558  160.78983  4.88%   126 1664s
 11019  6880  160.78983   64  474  169.03558  160.78983  4.88%   123 1668s
 11753  7430  161.24992   74  373  169.03558  160.79082  4.88%   121 1672s
 12427  8237  160.90020   72  408  169.03558  160.79082  4.88%   119 1677s
 13362  8993  164.08261  109  366  169.03558  160.79082  4.88%   116 1684s
 14292  9714  166.09863  171  255  169.03558  160.80116  4.87%   114 1690s
 15255  9822  161.03125   65  405  169.03558  160.80116  4.87%   112 1699s
 15485 10196  161.03125   66  405  169.03558  160.80116  4.87%   111 1706s
 15993 10725     cutoff   95       169.03558  160.80209  4.87%   111 1711s
 16629 10769  161.11981   94  436  169.03558  160.80312  4.87%   111 1718s
 16685 10785  161.12118   96  436  169.03558  160.80312  4.87%   111 1776s
 16701 11333  161.12118   97  438  169.03558  160.80312  4.87%   111 1782s
 17323 12232  162.11342  124  263  169.03558  160.80347  4.87%   110 1788s
 18436 13273  161.17430   68  423  169.03558  160.80347  4.87%   108 1795s
 19617 14189  161.32720   73  399  169.03558  160.81577  4.86%   105 1802s
 20711 16647  162.04605  136  370  169.03558  160.82388  4.86%   104 1833s
 23933 17134  161.65833   84  425  169.03558  160.83379  4.85%   101 1842s
 24603 17744  161.99604  132  288  169.03558  160.83379  4.85%   101 1852s
 25417 18566  167.57904  184  225  169.03558  160.83537  4.85%   101 1861s
 26595 19548  161.54694  122  342  169.03558  160.87422  4.83%   100 1872s
 27907 20699  161.62596  106  368  169.03558  160.88324  4.82%  99.3 1882s
 29322 20784  165.85695  125  241  169.03558  160.88904  4.82%  97.7 1898s
 29469 21941  161.28231   72  363  169.03558  160.88929  4.82%  97.6 1907s
 30810 22651  165.27382  166  201  169.03558  160.88970  4.82%  96.9 1917s
 31756 23876     cutoff  154       169.03558  160.89642  4.82%  97.0 1929s
 33254 25145  166.19953  150  237  169.03558  160.89664  4.81%  96.5 1937s
 34728 26523  167.28312  158  166  169.03558  160.89941  4.81%  95.9 1948s
 36370 27753  162.92025  150  322  169.03558  160.90048  4.81%  95.1 1959s
 37788 28762  166.19203  116  373  169.03558  160.90048  4.81%  95.2 1973s
 39004 30369     cutoff  168       169.03558  160.90245  4.81%  94.9 1987s
 40970 31589  162.18897  160  343  169.03558  160.90314  4.81%  94.2 2001s
 42591 36170     cutoff  211       169.03558  160.90413  4.81%  94.2 2207s
 48098 36393  164.71633   82  311  169.03558  160.90964  4.81%  94.0 2219s
 48387 37958  163.62209  106  317  169.03558  160.91425  4.80%  94.1 2236s
 50281 38881  162.17359  169  320  169.03558  160.91816  4.80%  93.9 2251s
 51627 39464  168.60958   92  348  169.03558  160.92038  4.80%  94.6 2264s
 52724 40607  161.80191  113  317  169.03558  160.92038  4.80%  95.5 2279s
 53276 40607  165.04181  145  297  169.03558  160.92038  4.80%  95.9 2280s
 54412 42013  162.25966  137  289  169.03558  160.92171  4.80%  96.1 2293s
 56091 43381  161.30549  120  411  169.03558  160.92670  4.80%  96.2 2309s
 57778 44981  161.99560  107  462  169.03558  160.93024  4.80%  96.4 2328s
 59741 46093  164.86484  131  284  169.03558  160.93489  4.79%  96.0 2344s
 61147 46819  162.95150   80  264  169.03558  160.93514  4.79%  96.6 2361s
 62262 47286  168.67862   99  186  169.03558  160.93514  4.79%  97.2 2378s
 63056 49253  168.47416  127  151  169.03558  160.93902  4.79%  97.3 2414s
 66109 50673  162.67246   97  357  169.03558  160.94106  4.79%  99.1 2438s
 67961 52179  164.48510  110  322  169.03558  160.94280  4.79%   100 2461s
 69969 53216  164.60804  124  340  169.03558  160.94592  4.79%   100 2480s
 71374 54212  161.26935   77  352  169.03558  160.94654  4.79%   101 2497s
 73104 54771  167.70982  121  201  169.03558  160.94953  4.78%   101 2517s
 73854 56442  161.37382   93  367  169.03558  160.95099  4.78%   102 2536s
 75908 57605  164.50512  151  338  169.03558  160.95331  4.78%   102 2553s
 77317 58953  161.77176  103  372  169.03558  160.95555  4.78%   102 2571s
 79170 59457  161.62013  104  251  169.03558  160.95746  4.78%   103 2591s
 79972 60996  167.51381  114  370  169.03558  160.95936  4.78%   103 2608s
 82121 62120  164.29310  171  246  169.03558  160.96365  4.78%   104 2626s
 83843 63719  168.80997  152  269  169.03558  160.96438  4.77%   104 2692s
 85852 65761  168.82610  153  269  169.03558  160.96597  4.77%   104 2733s
 88542 66885  164.47489  110  292  169.03558  160.97421  4.77%   104 2762s
 90531 67214  164.26177  108  361  169.03558  160.97861  4.77%   105 2804s
 91232 68504  164.26527  109  357  169.03558  160.97895  4.77%   105 2829s
 92987 68914  167.03292  179  292  169.03558  160.98187  4.76%   105 2896s
 93529 70587  167.03297  180  288  169.03558  160.98401  4.76%   105 2932s
 95537 72435  162.87891  142  279  169.03558  160.98681  4.76%   105 2961s
 97922 72594  161.74313  111  347  169.03558  160.99224  4.76%   106 3009s
 98302 74948  166.93023  120  283  169.03558  160.99251  4.76%   106 3041s
 101467 76714  164.44122  109  324  169.03558  160.99865  4.75%   107 3071s
 103752 78867  161.80030  129  457  169.03558  160.99994  4.75%   107 3100s
 106682 81112  162.93511  108  377  169.03558  161.00267  4.75%   108 3135s
 109523 81385  161.54821   93  377  169.03558  161.00518  4.75%   108 3161s
 109937 82077  161.54821   94  378  169.03558  161.00547  4.75%   108 3191s
 111282 82173  164.04242  143  158  169.03558  161.00671  4.75%   109 3243s
 111454 83130     cutoff  144       169.03558  161.00688  4.75%   109 3274s
 113524 83316  161.75867   90  248  169.03558  161.00903  4.75%   110 3352s
 113917 85600  161.75867   91  249  169.03558  161.00980  4.75%   110 3388s
 117274 86217  162.13533   88  370  169.03558  161.01410  4.75%   110 3427s
 118410 86751  162.23436  101  349  169.03558  161.01410  4.75%   110 3479s
 119086 88830  165.39073  114  358  169.03558  161.01421  4.75%   111 3506s
 121940 89332  161.21147  100  337  169.03558  161.01572  4.74%   111 3536s
 122563 91085  161.89988  117  372  169.03558  161.01644  4.74%   111 3567s
 124978 91293  162.66909  102  251  169.03558  161.01887  4.74%   112 3618s
 125342 93195  163.78001  134  368  169.03558  161.01985  4.74%   112 3650s
 127976 95342  166.99250  134  321  169.03558  161.02058  4.74%   112 3707s
 130965 96729  161.66883   99  397  169.03558  161.02273  4.74%   113 3732s
 132849 98340  161.23122   94  207  169.03558  161.02392  4.74%   113 3758s
 135258 98403  161.43777   82  343  169.03558  161.02652  4.74%   113 3859s
 135328 99415  168.64147   82  313  169.03558  161.02652  4.74%   113 3890s
 136956 99678     cutoff  120       169.03558  161.02680  4.74%   114 3939s
 137350 100992     cutoff   87       169.03558  161.02813  4.74%   114 3971s
 139314 101979  161.82768   90  233  169.03558  161.02982  4.74%   114 4001s
 140781 104055  163.52731   86  368  169.03558  161.03021  4.74%   115 4033s
 143893 104479  163.41689  163  229  169.03558  161.03254  4.73%   115 4075s
 144512 106160  165.55015  150  230  169.03558  161.03257  4.73%   115 4104s
 147044 107079  165.26186   99  405  169.03558  161.03325  4.73%   115 4129s
 147929 107079  161.66723   81  382  169.03558  161.03504  4.73%   115 4130s
 149031 109115  168.29486  124  266  169.03558  161.03586  4.73%   116 4163s
 151732 110021  162.97815  110  304  169.03558  161.03758  4.73%   116 4191s
 153282 110593  167.05954   73  194  169.03558  161.03874  4.73%   116 4223s
 154592 111765  166.80590   88  273  169.03558  161.03982  4.73%   116 4256s
 156612 112387  161.93992   87  232  169.03558  161.04269  4.73%   116 4292s
 157420 114074  165.50487  188  332  169.03558  161.04291  4.73%   116 4374s
 159519 116479  161.83072   92  445  169.03558  161.04394  4.73%   116 4409s
 162554 117386  162.07358  126  330  169.03558  161.04688  4.73%   117 4442s
 163822 119586  161.69301  127  393  169.03558  161.04764  4.73%   117 4472s
 166533 119602  166.02159   95  329  169.03558  161.04982  4.72%   117 4612s
 166549 120787  166.02159   96  329  169.03558  161.04990  4.72%   117 4645s
 168408 122607  165.99856  102  275  169.03558  161.05145  4.72%   118 4670s
 171156 124266  161.84645   91  332  169.03558  161.05257  4.72%   118 4704s
 173315 125010  162.52699   97  366  169.03558  161.05456  4.72%   118 4746s
 174358 128230  162.75439   83  323  169.03558  161.05505  4.72%   118 4789s
 178432 129073  164.31765  136  266  169.03558  161.05841  4.72%   118 4823s
 179627 129519  167.11701   89  318  169.03558  161.05888  4.72%   118 4863s
 180233 131110  168.12266  147  257  169.03558  161.05964  4.72%   119 4897s
 182888 132269  168.26298  113  335  169.03558  161.06133  4.72%   119 4951s
 185065 132731  164.40363  104  271  169.03558  161.06241  4.72%   119 4989s
 186115 132885 infeasible   98       169.03558  161.06283  4.72%   120 5077s
 186419 133591  168.97975   99  252  169.03558  161.06364  4.72%   120 5114s
 187727 134951  164.15829  109  315  169.03558  161.06461  4.72%   120 5155s
 189714 137454  161.91053   96  371  169.03558  161.06544  4.72%   120 5195s
 193283 137945  168.12846   90  364  169.03558  161.06710  4.71%   121 5266s
 193940 145395  167.42849   98  283  169.03558  161.06716  4.71%   121 5392s
 204764 145776  167.87456  169  285  169.03558  161.07291  4.71%   121 5437s
 205290 146928  165.53007  100  380  169.03558  161.07378  4.71%   121 5469s
 206733 147856  165.45264  142  382  169.03558  161.07438  4.71%   121 5498s
 207921 148449  165.19658  121  287  169.03558  161.07438  4.71%   121 5567s
 208668 149362  165.20066  122  291  169.03558  161.07438  4.71%   121 5602s
 210277 149567  165.24552  123  293  169.03558  161.07640  4.71%   122 5638s
 211012 150602  168.88441   78  279  169.03558  161.07747  4.71%   122 5674s
 213578 152506  165.90031   88  246  169.03558  161.07869  4.71%   123 5704s
 216993 153749  161.30594  108  348  169.03558  161.08185  4.71%   123 5738s
 218544 156435  161.73655  148  292  169.03558  161.08264  4.70%   123 5777s
 221920 157208  161.58491  166  330  169.03558  161.08264  4.70%   123 5810s
 223014 159431  161.58491  167  327  169.03558  161.08400  4.70%   123 5844s
 225913 160396  163.59734   93  351  169.03558  161.08677  4.70%   123 5905s
 227209 163165  163.75939   94  325  169.03558  161.08701  4.70%   123 5938s
 230814 163757  162.14464  101  310  169.03558  161.08979  4.70%   123 5967s
 231553 163820  161.36181   85  364  169.03558  161.09024  4.70%   123 6029s
 231677 163891  161.36181   86  363  169.03558  161.09039  4.70%   123 6115s
 231780 165845  168.09404  132  269  169.03558  161.09053  4.70%   123 6151s
 234532 167832  168.23384   84  370  169.03558  161.09191  4.70%   123 6187s
 237089 169979  161.68636   77  334  169.03558  161.09334  4.70%   123 6224s
 240297 171308  161.59932   98  304  169.03558  161.09517  4.70%   124 6276s
 242056 173020  161.60005   99  305  169.03558  161.09574  4.70%   124 6330s
 245079 174550  163.69126  122  298  169.03558  161.09848  4.70%   124 6373s
 247525 175305  163.94494  114  305  169.03558  161.09962  4.69%   124 6411s
 249267 177238  168.62074  122  293  169.03558  161.10084  4.69%   124 6452s
 252471 178105  161.23342   88  297  169.03558  161.10260  4.69%   125 6494s
 253748 180493  161.54403   97  373  169.03558  161.10339  4.69%   125 6531s
 257053 182205  167.53514   94  364  169.03558  161.10515  4.69%   125 6565s
 259503 183345  163.85449  147  304  169.03558  161.10662  4.69%   126 6597s
 261519 185532  168.95545  124  270  169.03558  161.10782  4.69%   126 6629s
 264562 186974  161.60047   83  473  169.03558  161.10903  4.69%   126 6655s
 266489 188772  161.44875  131  380  169.03558  161.11010  4.69%   126 6684s
 268785 189641  161.62838  115  391  169.03558  161.11118  4.69%   127 6709s
 269558 189641  163.10503   86  242  169.03558  161.11157  4.69%   127 6710s
 270689 190687     cutoff   91       169.03558  161.11231  4.69%   127 6733s
 272377 191118  167.87065  118  296  169.03558  161.11423  4.69%   127 6776s
 272940 192868  162.01214  103  374  169.03558  161.11426  4.69%   127 6803s
 275338 194806  166.85149  149  250  169.03558  161.11700  4.68%   127 6836s
 277975 196505  162.55928  111  390  169.03558  161.11955  4.68%   128 6867s
 280202 198044  162.03456  102  208  169.03558  161.12103  4.68%   128 6902s
 282228 200623  165.33895  146  409  169.03558  161.12158  4.68%   128 6940s
 285599 202102  164.45496  137  390  169.03558  161.12326  4.68%   128 6966s
 287633 203171  164.27299   89  403  169.03558  161.12459  4.68%   128 6998s
 289359 204767     cutoff  115       169.03558  161.12542  4.68%   128 7025s
 291486 205716  168.96560   95  246  169.03558  161.12687  4.68%   128 7052s
 293620 206961  168.30054  145  313  169.03558  161.12803  4.68%   129 7077s
 295350 208760  162.08879  104  392  169.03558  161.12966  4.68%   129 7107s
 297750 209606  168.49524  141  413  169.03558  161.13063  4.68%   129 7134s
 299407 211429  161.56302  100  377  169.03558  161.13240  4.68%   129 7173s
 301962 213111  166.72813   86  301  169.03558  161.13367  4.67%   129 7200s

Cutting planes:
  Learned: 4
  Gomory: 228
  Cover: 67
  Implied bound: 1504
  Clique: 15
  MIR: 1607
  StrongCG: 6
  Flow cover: 3012
  GUB cover: 1
  Inf proof: 90
  Zero half: 42
  Network: 1
  RLT: 127
  Relax-and-lift: 238

Explored 304378 nodes (39422740 simplex iterations) in 7200.47 seconds (1977.44 work units)
Thread count was 32 (of 32 available processors)

Solution count 10: 169.036 169.036 169.036 ... 170.136

Time limit reached
Best objective 1.690355771364e+02, best bound 1.611354081376e+02, gap 4.6737%
