
Gurobi 9.5.2 (linux64) logging started Fri Aug 14 01:45:46 2026

Set parameter LogFile to value "/mnt/beegfs/users/celinep/ChargeAndBreak/logs/RlongCmediumTnone_3_RO_20260813_214541_018_gurobi.log"
Gurobi Optimizer version 9.5.2 build v9.5.2rc0 (linux64)
Thread count: 16 physical cores, 32 logical processors, using up to 32 threads
Optimize a model with 8865 rows, 4952 columns and 30553 nonzeros
Model fingerprint: 0x013afeee
Variable types: 3123 continuous, 1829 integer (1829 binary)
Coefficient statistics:
  Matrix range     [2e-02, 2e+03]
  Objective range  [1e+00, 1e+00]
  Bounds range     [1e+00, 1e+00]
  RHS range        [2e-01, 2e+07]
Presolve removed 2777 rows and 919 columns
Presolve time: 0.07s
Presolved: 6088 rows, 4033 columns, 25231 nonzeros
Variable types: 2393 continuous, 1640 integer (1639 binary)

Root relaxation: objective 1.645262e+02, 3969 iterations, 0.16 seconds (0.09 work units)

    Nodes    |    Current Node    |     Objective Bounds      |     Work
 Expl Unexpl |  Obj  Depth IntInf | Incumbent    BestBd   Gap | It/Node Time

     0     0  166.55576    0  452          -  166.55576      -     -    0s
H    0     0                     325.5335738  166.55576  48.8%     -    0s
H    0     0                     279.6681645  166.55576  40.4%     -    0s
H    0     0                     257.2365698  166.55576  35.3%     -    0s
H    0     0                     256.1570183  166.55576  35.0%     -    0s
H    0     0                     244.9903517  166.55576  32.0%     -    0s
     0     0  168.70109    0  341  244.99035  168.70109  31.1%     -    1s
H    0     0                     234.1680819  168.70109  28.0%     -    1s
     0     0  168.72567    0  317  234.16808  168.72567  27.9%     -    1s
H    0     0                     233.9349718  168.72833  27.9%     -    1s
     0     0  168.72833    0  356  233.93497  168.72833  27.9%     -    1s
     0     0  168.72839    0  356  233.93497  168.72839  27.9%     -    1s
     0     0  169.16327    0  358  233.93497  169.16327  27.7%     -    1s
     0     0  169.17585    0  396  233.93497  169.17585  27.7%     -    1s
     0     0  169.17821    0  392  233.93497  169.17821  27.7%     -    1s
     0     0  169.17822    0  395  233.93497  169.17822  27.7%     -    1s
     0     0  169.53663    0  448  233.93497  169.53663  27.5%     -    2s
     0     0  169.64491    0  472  233.93497  169.64491  27.5%     -    2s
     0     0  169.67864    0  455  233.93497  169.67864  27.5%     -    2s
     0     0  169.68749    0  463  233.93497  169.68749  27.5%     -    2s
     0     0  169.68905    0  466  233.93497  169.68905  27.5%     -    2s
     0     0  169.68905    0  472  233.93497  169.68905  27.5%     -    2s
     0     0  169.93205    0  511  233.93497  169.93205  27.4%     -    2s
H    0     0                     222.0303276  170.00609  23.4%     -    3s
     0     0  170.00609    0  483  222.03033  170.00609  23.4%     -    3s
     0     0  170.01504    0  487  222.03033  170.01504  23.4%     -    3s
     0     0  170.01705    0  495  222.03033  170.01705  23.4%     -    3s
     0     0  170.01715    0  495  222.03033  170.01715  23.4%     -    3s
     0     0  170.11702    0  536  222.03033  170.11702  23.4%     -    3s
     0     0  170.13270    0  535  222.03033  170.13270  23.4%     -    3s
     0     0  170.13994    0  567  222.03033  170.13994  23.4%     -    3s
     0     0  170.14289    0  553  222.03033  170.14289  23.4%     -    3s
     0     0  170.14337    0  551  222.03033  170.14337  23.4%     -    3s
     0     0  170.23088    0  550  222.03033  170.23088  23.3%     -    3s
     0     0  170.27099    0  537  222.03033  170.27099  23.3%     -    4s
     0     0  170.27604    0  581  222.03033  170.27604  23.3%     -    4s
     0     0  170.27738    0  590  222.03033  170.27738  23.3%     -    4s
     0     0  170.27766    0  591  222.03033  170.27766  23.3%     -    4s
     0     0  170.31917    0  537  222.03033  170.31917  23.3%     -    4s
     0     0  170.32699    0  539  222.03033  170.32699  23.3%     -    4s
     0     0  170.32876    0  546  222.03033  170.32876  23.3%     -    4s
     0     0  170.33039    0  551  222.03033  170.33039  23.3%     -    4s
     0     0  170.33039    0  549  222.03033  170.33039  23.3%     -    4s
     0     0  170.38462    0  509  222.03033  170.38462  23.3%     -    4s
     0     0  170.39252    0  462  222.03033  170.39252  23.3%     -    4s
     0     0  170.39445    0  468  222.03033  170.39445  23.3%     -    4s
     0     0  170.39452    0  482  222.03033  170.39452  23.3%     -    4s
     0     0  170.40815    0  561  222.03033  170.40815  23.3%     -    5s
H    0     0                     221.8591945  170.41442  23.2%     -    5s
     0     0  170.41442    0  571  221.85919  170.41442  23.2%     -    5s
     0     0  170.41467    0  569  221.85919  170.41467  23.2%     -    5s
     0     0  170.42497    0  566  221.85919  170.42497  23.2%     -    5s
H    0     0                     221.8344518  170.42720  23.2%     -    5s
     0     0  170.42720    0  563  221.83445  170.42720  23.2%     -    5s
     0     0  170.42868    0  546  221.83445  170.42868  23.2%     -    5s
     0     0  170.42892    0  549  221.83445  170.42892  23.2%     -    5s
     0     0  170.43747    0  533  221.83445  170.43747  23.2%     -    5s
     0     0  170.43797    0  532  221.83445  170.43797  23.2%     -    5s
     0     0  170.44042    0  528  221.83445  170.44042  23.2%     -    5s
     0     0  170.44085    0  536  221.83445  170.44085  23.2%     -    6s
     0     0  170.44085    0  535  221.83445  170.44085  23.2%     -    6s
     0     0  170.44085    0  413  221.83445  170.44085  23.2%     -    6s
H    0     0                     221.8116518  170.44085  23.2%     -    6s
H    0     0                     221.5630408  170.44085  23.1%     -    7s
H    0     0                     221.2368021  170.44085  23.0%     -    7s
     0     2  170.44085    0  349  221.23680  170.44085  23.0%     -    8s
    31    48  170.63696    5  471  221.23680  170.45341  23.0%   215   10s
H   80    96                     221.2189884  170.45341  22.9%   147   12s
H   81    96                     210.1793233  170.45341  18.9%   146   12s
H  122   139                     199.4902556  170.45341  14.6%   128   16s
H  123   139                     198.9320054  170.45341  14.3%   127   16s
H  124   139                     198.8308934  170.45341  14.3%   126   16s
H  132   139                     198.8303817  170.45341  14.3%   124   16s
H  135   139                     198.7813906  170.45341  14.3%   122   16s
H  166   180                     198.6797699  170.45341  14.2%   114   27s
H  181   180                     198.5258923  170.45341  14.1%   110   28s
   225   233  170.52350   10  445  198.52589  170.45341  14.1%  98.4   31s
H  241   233                     198.4621544  170.45341  14.1%  95.0   31s
   297   300  170.56546   12  438  198.46215  170.45341  14.1%  85.2   36s
H  302   300                     198.4621544  170.45341  14.1%  84.4   36s
H  309   300                     198.4474185  170.45341  14.1%  84.3   36s
H  368   366                     198.4474184  170.45341  14.1%  76.7   41s
H  369   366                     198.3517809  170.45341  14.1%  76.7   41s
H  386   403                     198.3517808  170.45341  14.1%  75.1   43s
   517   524  177.40353   19  376  198.35178  170.45341  14.1%  64.0   58s
   562   540  177.44411   23  368  198.35178  170.45341  14.1%  61.5   62s
H  564   540                     198.2680975  170.45341  14.0%  61.3   62s
   664   626  177.45557   29  384  198.26810  170.45341  14.0%  56.6   66s
H  669   626                     198.2680975  170.45341  14.0%  56.3   66s
   797   751  177.48835   35  397  198.26810  170.45341  14.0%  53.1   72s
   946   900  177.49406   44  403  198.26810  170.45341  14.0%  50.3   76s
  1099  1089  177.50149   54  398  198.26810  170.45341  14.0%  47.2   90s
  1397  1335  177.51423   71  401  198.26810  170.45341  14.0%  43.0   96s
  1807  1702  177.96989   93  405  198.26810  170.45341  14.0%  42.5  103s
  2021  1911  183.50736  107  319  198.26810  170.45341  14.0%  42.1  107s
  2189  2068  183.51076  118  323  198.26810  170.45341  14.0%  41.6  111s
H 2193  2068                     198.2512353  170.45341  14.0%  41.6  111s
H 2440  2295                     198.1679020  170.45341  14.0%  41.5  113s
  2748  2551  171.35679   11  448  198.16790  170.45341  14.0%  40.5  115s
  2776  2554  173.63859   24  307  198.16790  170.45341  14.0%  40.5  120s
  2784  2559  184.24538   70  230  198.16790  171.47255  13.5%  40.4  125s
  2793  2565  173.86228   10  457  198.16790  172.00508  13.2%  40.3  130s
  2801  2571  196.38868  171  431  198.16790  172.65186  12.9%  40.2  135s
  2808  2575  181.96884   72  518  198.16790  173.57783  12.4%  40.1  140s
  2814  2579  184.20874   48  514  198.16790  174.00203  12.2%  40.0  145s
  2822  2585  178.02848   50  463  198.16790  174.77835  11.8%  39.9  150s
H 2826  2456                     198.1679019  175.07628  11.7%  39.8  153s
  2828  2458  175.28593   29  471  198.16790  175.28593  11.5%  39.8  155s
H 2834  2338                     198.1679011  175.87152  11.3%  39.7  158s
  2836  2339  176.62075   41  511  198.16790  176.00858  11.2%  39.7  160s
  2844  2344  178.42484  103  510  198.16790  176.82745  10.8%  39.6  165s
  2852  2350  177.03493   12  492  198.16790  177.03493  10.7%  39.5  170s
  2861  2356  185.76788   52  533  198.16790  177.35000  10.5%  39.3  175s
  2868  2360  188.77792   37  486  198.16790  177.69795  10.3%  39.2  180s
  2878  2367  177.80893   51  478  198.16790  177.80893  10.3%  39.1  185s
H 2886  2252                     198.1679003  177.82274  10.3%  39.0  189s
  2888  2254  181.16873   55  516  198.16790  177.82331  10.3%  39.0  190s
  2900  2263  177.82331   17  363  198.16790  177.82331  10.3%  85.0  195s
  2908  2268  181.96884   72  506  198.16790  177.85360  10.3%  84.8  200s
  2914  2272  184.20874   48  596  198.16790  177.88364  10.2%  84.6  205s
  2922  2278  178.02848   50  520  198.16790  177.93835  10.2%  84.4  210s
  2929  2282  177.99435   32  541  198.16790  177.99435  10.2%  84.2  215s
  2939  2289  178.01304  129  553  198.16790  178.01304  10.2%  83.9  220s
  2949  2296  178.05746   43  561  198.16790  178.05746  10.1%  83.6  225s
  2959  2302  178.13144   23  546  198.16790  178.13144  10.1%  83.3  230s
  2968  2308  188.77792   37  544  198.16790  178.13617  10.1%  83.1  235s
  2977  2314  178.14312   19  556  198.16790  178.14312  10.1%  82.8  240s
  2989  2323  193.61144  134  441  198.16790  178.14505  10.1%   105  245s
  2996  2328  185.83690   90  351  198.16790  178.14505  10.1%   105  250s
  3000  2331  178.14505   17  400  198.16790  178.14505  10.1%   105  256s
  3003  2333  178.15648   78  518  198.16790  178.15648  10.1%   105  260s
  3008  2336  181.96884   72  582  198.16790  178.18998  10.1%   105  266s
  3012  2339  178.19709   58  529  198.16790  178.19709  10.1%   105  271s
  3016  2341  184.26083   52  542  198.16790  178.21482  10.1%   104  276s
  3019  2343  187.31147   41  557  198.16790  178.21986  10.1%   104  280s
  3021  2345  182.86420   56  507  198.16790  178.23623  10.1%   104  285s
  3024  2347  196.99185   37  528  198.16790  178.25796  10.0%   104  291s
  3028  2349  178.26949   29  539  198.16790  178.26949  10.0%   104  295s
  3031  2351  178.27177   21  539  198.16790  178.27177  10.0%   104  300s
  3036  2355  178.27355   41  549  198.16790  178.27355  10.0%   104  306s
  3040  2357  178.27363   22  526  198.16790  178.27363  10.0%   104  311s
  3045  2362  179.70237   54  441  198.16790  178.27363  10.0%   121  315s
  3048  2364  196.72009   93  336  198.16790  178.27363  10.0%   120  320s
  3052  2367  178.27363   12  330  198.16790  178.27363  10.0%   120  327s
  3054  2368  178.27363   21  403  198.16790  178.27363  10.0%   120  330s
  3056  2370  178.27363   31  492  198.16790  178.27363  10.0%   120  335s
  3059  2372  178.27363   23  550  198.16790  178.27363  10.0%   120  340s
  3062  2374  197.52887  140  528  198.16790  178.27822  10.0%   120  346s
  3064  2375  182.99565   77  572  198.16790  178.28024  10.0%   120  350s
  3067  2377  178.28208   13  578  198.16790  178.28208  10.0%   120  355s
  3070  2379  178.28253   44  553  198.16790  178.28253  10.0%   120  360s
  3075  2382  185.44952   97  609  198.16790  178.28326  10.0%   119  366s
  3078  2384  178.28478   51  612  198.16790  178.28478  10.0%   119  372s
  3080  2386  178.28502   25  606  198.16790  178.28502  10.0%   119  375s
  3083  2388  178.28530   23  614  198.16790  178.28530  10.0%   119  380s
  3086  2390  178.28585   39  627  198.16790  178.28585  10.0%   119  388s
  3088  2391  181.16873   55  627  198.16790  178.28661  10.0%   119  392s
  3089  2395  178.28781   45  594  198.16790  178.28781  10.0%   131  410s
  3091  2398  178.29494   46  582  198.16790  178.29494  10.0%   131  432s
  3095  2405  178.29634   47  614  198.16790  178.29634  10.0%   131  435s
  3119  2429  178.30646   49  598  198.16790  178.30646  10.0%   133  440s
  3167  2461  178.51108   50  510  198.16790  178.30672  10.0%   136  446s
  3214  2492  178.30705   52  601  198.16790  178.30705  10.0%   136  451s
  3257  2519  178.30875   53  597  198.16790  178.30855  10.0%   136  455s
  3304  2550  178.35524   54  483  198.16790  178.30875  10.0%   136  461s
  3355  2584  178.36075   55  483  198.16790  178.30875  10.0%   136  468s
  3419  2626  178.36075   56  483  198.16790  178.30875  10.0%   136  474s
  3487  2664  178.37939   57  454  198.16790  178.30875  10.0%   136  477s
  3529  2687  178.37939   58  456  198.16790  178.30875  10.0%   136  485s
  3635  2825  178.63895   60  362  198.16790  178.30875  10.0%   136  490s
  3718  2813  178.40313   61  503  198.16790  178.30875  10.0%   135  496s
  3972  2980  178.41936   65  436  198.16790  178.30875  10.0%   132  504s
  3988  3009  178.44155   65  457  198.16790  178.30875  10.0%   132  507s
  4081  3050  178.49786   66  396  198.16790  178.30875  10.0%   132  521s
  4356  3321  178.47132   70  435  198.16790  178.30875  10.0%   128  525s
  4663  3410  178.62053   73  383  198.16790  178.30875  10.0%   124  530s
  4851  3539  178.65519   75  361  198.16790  178.30875  10.0%   122  550s
  5124  3669  178.66910   77  381  198.16790  178.30875  10.0%   118  556s
  5461  4206  178.72902   79  357  198.16790  178.30875  10.0%   114  560s
  5824  4116  178.81049   81  406  198.16790  178.30875  10.0%   110  575s
  6365  4740  179.61211   87  280  198.16790  178.30875  10.0%   105  581s
  7088  4845  178.85396   95  273  198.16790  178.30875  10.0%  99.0  587s
  7497  5525  178.91038  102  256  198.16790  178.30875  10.0%  96.5  591s
  8267  5977  179.43743  117  137  198.16790  178.30875  10.0%  93.0  595s
  9302  6493  179.67655  137  152  198.16790  178.30875  10.0%  88.2  600s
 10054  6790  179.81862  155  107  198.16790  178.30875  10.0%  85.6  606s
 10399  6892  179.98667  169  113  198.16790  178.30875  10.0%  84.8  613s
 10657  7046  180.77074  186   85  198.16790  178.30875  10.0%  84.2  616s
 10841  7061  181.45385  201   82  198.16790  178.30875  10.0%  83.9  644s
 10858  7250  180.46814  202   79  198.16790  178.30875  10.0%  84.0  647s
 11079  7735  181.75894  211   68  198.16790  178.30875  10.0%  83.7  650s
 12235  8943  180.67067  270   59  198.16790  178.30875  10.0%  80.5  655s
 13709  9944  183.40766   64  481  198.16790  178.31608  10.0%  78.0  661s
 14717 10971  190.99694   86  380  198.16790  178.31608  10.0%  76.8  667s
 15273 11468  195.00090  109  257  198.16790  178.31608  10.0%  76.3  670s
 16014 11661  197.46536  177  148  198.16790  178.31608  10.0%  76.2  677s
 16540 12817  184.22846   62  496  198.16790  178.32639  10.0%  76.2  682s
 17818 13711  184.35117   83  493  198.16790  178.32639  10.0%  74.4  686s
 18854 14128  184.98838  127  348  198.16790  178.32639  10.0%  74.3  696s
 19601 15633  185.77027  177  250  198.16790  178.32639  10.0%  74.0  701s
 20443 16247  187.58369  263  133  198.16790  178.32639  10.0%  73.2  708s
 21088 17626  190.32218  292   43  198.16790  178.33446  10.0%  72.4  715s
 22981 19375  179.53703   91  322  198.16790  178.35362  10.0%  70.5  723s
 24575 19391  180.73145  162  170  198.16790  178.35362  10.0%  69.1  727s
 24591 20975  180.86114  161  191  198.16790  178.35362  10.0%  69.2  730s
 26315 20992  183.84059  259   79  198.16790  178.35362  10.0%  68.0  735s
 26336 21512  184.53131  260   74  198.16790  178.35362  10.0%  68.0  744s
 26867 21930  183.68567  281   75  198.16790  178.38310  10.0%  68.0  748s
H26953 21930                     198.1678993  178.38310  10.0%  67.9  748s
 27363 22398  178.72275   67  451  198.16790  178.38310  10.0%  68.0  752s
 27906 23190  193.94514   91  305  198.16790  178.39955  10.0%  68.3  756s
 28822 23469  178.62540   74  465  198.16790  178.39955  10.0%  67.9  761s
 31073 26762  178.73697   66  507  198.16790  178.41884  10.0%  66.5  767s
 32914 26983  179.98732  110  429  198.16790  178.41884  10.0%  65.6  771s
 33197 27824  179.99301  111  394  198.16790  178.41884  10.0%  65.5  775s
 35164 29631  193.04234  343   77  198.16790  178.43136  10.0%  65.9  784s
 36668 30093  196.53811   99  184  198.16790  178.44155  10.0%  66.5  788s
 37762 31049  178.68442   61  438  198.16790  178.44767  10.0%  66.8  792s
 38854 32007  178.91693   91  325  198.16790  178.44767  10.0%  66.6  797s
 39890 34047  179.31299  132  304  198.16790  178.44787  10.0%  66.2  802s
 42205 34048  188.00300  129  413  198.16790  178.45018  10.0%  65.8  840s
 42211 34052  185.11832  223  377  198.16790  178.45018  10.0%  65.8  845s
 42214 34054  184.47539  312  360  198.16790  178.45018  10.0%  65.8  850s
 42218 34057  196.17601   67  363  198.16790  178.45018  10.0%  65.8  857s
 42220 34058  190.14353  136  449  198.16790  178.45018  10.0%  65.8  861s
 42222 34059  189.71556  124  529  198.16790  178.45018  10.0%  65.7  865s
 42225 34061  179.51314  120  504  198.16790  178.48809  9.93%  65.7  871s
 42228 34063  189.20620  278  542  198.16790  178.51656  9.92%  65.7  878s
 42229 34064  180.84166  200  631  198.16790  178.52123  9.91%  65.7  881s
 42230 34065  194.51995   98  537  198.16790  178.53683  9.91%  65.7  888s
 42231 34065  187.40939   70  521  198.16790  178.54389  9.90%  65.7  892s
 42232 34066  188.52376  297  467  198.16790  178.55030  9.90%  65.7  897s
 42233 34067  183.13921  115  527  198.16790  178.55276  9.90%  65.7  900s
 42234 34067  178.75877   64  504  198.16790  178.56734  9.89%  65.7  905s
 42236 34069  189.29295  180  431  198.16790  178.57804  9.89%  65.7  911s
 42238 34070  191.25411  199  461  198.16790  178.58215  9.88%  65.7  915s
 42241 34072  191.99465  246  568  198.16790  178.58820  9.88%  65.7  920s
 42243 34073  184.75378   82  618  198.16790  178.59069  9.88%  65.7  925s
 42244 34074  184.64014  116  472  198.16790  178.59230  9.88%  65.7  930s
 42246 34075  191.22368  228  482  198.16790  178.59345  9.88%  65.7  936s
 42248 34077  182.57513  127  444  198.16790  178.62449  9.86%  65.7  946s
 42249 34077  188.15308  246  618  198.16790  178.62773  9.86%  65.7  951s
 42250 34078  196.40455  269  570  198.16790  178.62839  9.86%  65.7  955s
 42252 34079  189.32032   97  619  198.16790  178.62918  9.86%  65.7  960s
 42255 34081  179.06508  104  619  198.16790  178.63213  9.86%  65.7  965s
 42257 34083  190.28798  227  624  198.16790  178.63856  9.85%  65.7  971s
 42258 34083  182.25534  150  572  198.16790  178.63876  9.85%  65.7  975s
 42260 34085  185.01042  110  524  198.16790  178.63938  9.85%  65.7  981s
 42262 34086  179.02425  129  455  198.16790  178.64307  9.85%  65.7  987s
 42263 34087  185.84201  177  596  198.16790  178.64467  9.85%  65.7  990s
 42265 34088  180.63411   92  621  198.16790  178.64624  9.85%  65.7  995s
 42267 34089  180.78736  146  609  198.16790  178.64656  9.85%  65.7 1001s
 42268 34090  186.27893  131  586  198.16790  178.64668  9.85%  65.7 1005s
 42270 34091  182.28452  211  519  198.16790  178.64817  9.85%  65.7 1011s
 42273 34093  185.56960  163  577  198.16790  178.65552  9.85%  65.7 1017s
 42274 34094  181.59788  110  539  198.16790  178.65630  9.85%  65.7 1020s
 42276 34095  194.20691  170  514  198.16790  178.66081  9.84%  65.7 1026s
 42278 34097  180.04835  148  593  198.16790  178.66215  9.84%  65.7 1032s
 42280 34098  187.66809  193  567  198.16790  178.66291  9.84%  65.7 1035s
 42283 34100  188.71011  248  635  198.16790  178.66545  9.84%  65.7 1042s
 42284 34101  181.82078  285  627  198.16790  178.66554  9.84%  65.7 1046s
 42285 34101  180.55885  230  636  198.16790  178.66564  9.84%  65.7 1050s
 42286 34102  184.11734  304  599  198.16790  178.66754  9.84%  65.7 1055s
 42288 34103  196.46375  247  570  198.16790  178.68597  9.83%  65.6 1063s
 42289 34104  179.68170  148  575  198.16790  178.68756  9.83%  65.6 1067s
 42290 34105  178.87909   77  560  198.16790  178.69050  9.83%  65.6 1072s
 42291 34105  189.85980   97  621  198.16790  178.69192  9.83%  65.6 1075s
 42293 34107  189.51261  375  593  198.16790  178.69279  9.83%  65.6 1081s
 42294 34107  184.03347  325  571  198.16790  178.69929  9.82%  65.6 1085s
 42296 34109  180.57509  190  561  198.16790  178.70922  9.82%  65.6 1091s
 42297 34109  187.46887  181  613  198.16790  178.71107  9.82%  65.6 1095s
 42299 34111  189.98790  164  559  198.16790  178.71359  9.82%  65.6 1101s
 42300 34111  180.53554   68  548  198.16790  178.71388  9.82%  65.6 1106s
 42302 34113  186.66540  133  499  198.16790  178.72484  9.81%  65.6 1113s
 42303 34113  178.93330   97  496  198.16790  178.73060  9.81%  65.6 1116s
 42304 34114  195.22280  253  519  198.16790  178.73425  9.81%  65.6 1120s
 42306 34115  180.87156  212  522  198.16790  178.73704  9.81%  65.6 1125s
 42308 34117  181.11731  194  514  198.16790  178.73715  9.81%  65.6 1130s
 42310 34118  178.83898   66  510  198.16790  178.73915  9.80%  65.6 1136s
 42312 34119  198.11052  301  477  198.16790  178.74458  9.80%  65.6 1145s
 42314 34121  184.47539  312  497  198.16790  178.74512  9.80%  65.6 1153s
 42315 34121  183.63653  248  494  198.16790  178.74519  9.80%  65.6 1156s
 42317 34123  185.07602  186  486  198.16790  178.74576  9.80%  65.6 1162s
 42318 34123  196.17601   67  537  198.16790  178.74753  9.80%  65.6 1167s
 42319 34124  190.34541  246  550  198.16790  178.74784  9.80%  65.6 1170s
 42320 34125  190.14353  136  481  198.16790  178.74873  9.80%  65.6 1177s
 42321 34125  180.80900  215  541  198.16790  178.74877  9.80%  65.6 1180s
 42323 34127  184.53041   73  581  198.16790  178.74979  9.80%  65.6 1187s
 42324 34127  182.29425  249  559  198.16790  178.74980  9.80%  65.6 1191s
 42326 34129  183.23412  307  490  198.16790  178.74989  9.80%  65.6 1198s
 42327 34129  196.42821  132  542  198.16790  178.75003  9.80%  65.6 1201s
 42328 34130  189.20620  278  515  198.16790  178.75016  9.80%  65.6 1205s
 42330 34131  194.51995   98  481  198.16790  178.75022  9.80%  65.6 1212s
 42331 34132  187.40939   70  482  198.16790  178.75022  9.80%  65.6 1215s
 42333 34133  183.13921  115  483  198.16790  178.75025  9.80%  65.6 1221s
 42334 34134  178.75877   64  477  198.16790  178.75044  9.80%  65.6 1225s
 42336 34135  189.29295  180  466  198.16790  178.75080  9.80%  65.6 1231s
 42338 34137  191.25411  199  484  198.16790  178.75123  9.80%  65.6 1237s
 42339 34137  190.77285  190  575  198.16790  178.75370  9.80%  65.6 1240s
 42341 34139  191.99465  246  500  198.16790  178.75413  9.80%  65.6 1246s
 42342 34139  188.03049  248  574  198.16790  178.75440  9.80%  65.6 1250s
 42344 34141  184.64014  116  509  198.16790  178.75654  9.80%  65.6 1257s
 42345 34141  180.72541   69  621  198.16790  178.75667  9.80%  65.6 1260s
 42347 34143  194.25317   93  517  198.16790  178.75681  9.80%  65.6 1267s
 42348 34143  182.57513  127  596  198.16790  178.75686  9.80%  65.6 1271s
 42350 34145  196.40455  269  552  198.16790  178.75724  9.80%  65.6 1276s
 42352 34146  189.32032   97  533  198.16790  178.75750  9.79%  65.5 1282s
 42354 34147  180.08545  101  460  198.16790  178.75763  9.79%  65.5 1286s
 42356 34149  190.69286  304  507  198.16790  178.75787  9.79%  65.5 1293s
 42357 34149  190.28798  227  501  198.16790  178.75860  9.79%  65.5 1295s
 42359 34151  186.07987  256  612  198.16790  178.75911  9.79%  65.5 1300s
 42360 34151  185.01042  110  530  198.16790  178.75997  9.79%  65.5 1305s
 42362 34153  179.02425  129  552  198.16790  178.76118  9.79%  65.5 1311s
 42364 34154  179.89813  121  531  198.16790  178.76268  9.79%  65.5 1316s
 42366 34155  187.48721  156  552  198.16790  178.76340  9.79%  65.5 1323s
 42367 34156  180.78736  146  639  198.16790  178.76437  9.79%  65.5 1326s
 42368 34157  186.27893  131  592  198.16790  178.76503  9.79%  65.5 1330s
 42370 34158  182.28452  211  576  198.16790  178.76546  9.79%  65.5 1335s
 42374 34161  181.59788  110  580  198.16790  178.77428  9.79%  65.5 1343s
 42375 34161  191.20219  256  620  198.16790  178.77585  9.79%  65.5 1346s
 42376 34162  194.20691  170  569  198.16790  178.77739  9.78%  65.5 1351s
 42378 34163  180.04835  148  584  198.16790  178.77858  9.78%  65.5 1357s
 42379 34164  183.46120  127  654  198.16790  178.77927  9.78%  65.5 1360s
 42381 34165  180.65000  184  551  198.16790  178.78109  9.78%  65.5 1366s
 42382 34166  192.32365  132  563  198.16790  178.78137  9.78%  65.5 1370s
 42384 34167  181.82078  285  532  198.16790  178.78541  9.78%  65.5 1377s
 42386 34169  184.11734  304  548  198.16790  178.78994  9.78%  65.5 1382s
 42388 34170  196.46375  247  538  198.16790  178.79282  9.78%  65.5 1388s
 42389 34171  179.68170  148  570  198.16790  178.79292  9.78%  65.5 1391s
 42390 34171  178.87909   77  567  198.16790  178.79405  9.78%  65.5 1397s
 42391 34172  189.85980   97  626  198.16790  178.79462  9.78%  65.5 1400s
 42393 34173  189.51261  375  625  198.16790  178.79483  9.78%  65.5 1407s
 42394 34174  184.03347  325  613  198.16790  178.79493  9.78%  65.5 1410s
 42396 34175  180.57509  190  620  198.16790  178.79534  9.78%  65.5 1418s
 42397 34176  187.46887  181  625  198.16790  178.79534  9.78%  65.5 1421s
 42398 34177  178.88105   89  629  198.16790  178.79577  9.78%  65.5 1425s
 42400 34178  180.53554   68  643  198.16790  178.79589  9.78%  65.5 1432s
 42401 34179  196.84634  148  655  198.16790  178.79592  9.78%  65.5 1436s
 42403 34180  178.93330   97  640  198.16790  178.79596  9.78%  65.5 1442s
 42404 34181  195.22280  253  638  198.16790  178.79598  9.78%  65.5 1446s
 42406 34182  180.87156  212  639  198.16790  178.79604  9.78%  65.5 1457s
 42407 34183  181.71482  274  639  198.16790  178.80031  9.77%  65.5 1463s
 42408 34186  178.80031   60  604  198.16790  178.80031  9.77%  68.2 1517s
 42410 34190  178.95023   61  574  198.16790  178.80267  9.77%  68.2 1564s
 42414 34196  179.01277   62  614  198.16790  178.81224  9.77%  68.3 1627s
 42422 34210  179.10547   63  605  198.16790  178.81773  9.76%  68.3 1632s
 42438 34220  179.13565   64  532  198.16790  178.82298  9.76%  68.4 1641s
H42441 32506                     195.5364755  178.82298  8.55%  68.5 1641s
H42486 30911                     192.4835995  178.82417  7.10%  68.7 1654s
H42489 29365                     190.1344942  178.82417  5.95%  68.8 1654s
H42490 27896                     188.1344942  178.82417  4.95%  68.8 1654s
 42502 27922  179.11049   66  616  188.13449  178.82417  4.95%  68.8 1655s
 42532 27924  179.11173   67  606  188.13449  178.82417  4.95%  68.9 1660s
H42535 26528                     188.1154336  178.82417  4.94%  68.9 1660s
H42536 25203                     188.1094214  178.82417  4.94%  68.9 1660s
H42538 23944                     188.0851242  178.82417  4.92%  68.9 1660s
H42541 22747                     188.0250184  178.82417  4.89%  68.9 1660s
 42577 22776  179.11173   68  606  188.02502  178.82417  4.89%  69.0 1674s
H42580 21639                     187.9721812  178.82417  4.87%  69.0 1674s
H42583 20558                     187.9253923  178.82417  4.84%  69.0 1674s
 42594 20595  179.27956   68  549  187.92539  178.82417  4.84%  69.0 1676s
 42638 20596  179.27956   69  550  187.92539  178.82417  4.84%  69.0 1690s
 42713 20658  179.27956   70  549  187.92539  178.82417  4.84%  69.1 1700s
H42742 19623                     187.9253922  178.82417  4.84%  69.2 1700s
H42744 18648                     187.8293326  178.82417  4.79%  69.2 1700s
 42809 18695  179.32902   72  463  187.82933  178.82417  4.79%  69.2 1719s
H42827 17763                     187.8293324  178.82417  4.79%  69.2 1719s
 42834 17828  180.32239   72  371  187.82933  178.82417  4.79%  69.2 1721s
 42910 17814  179.32902   74  463  187.82933  178.82417  4.79%  69.3 1731s
H42912 16934                     187.7459992  178.82417  4.75%  69.3 1731s
 43016 16994  179.50663   75  331  187.74600  178.82417  4.75%  69.3 1737s
H43027 16155                     187.7459979  178.82417  4.75%  69.3 1737s
 43131 16276  179.33274   77  449  187.74600  178.82417  4.75%  69.4 1740s
 43318 16308  179.37464   79  429  187.74600  178.82417  4.75%  69.4 1749s
 43334 16425  179.33289   79  424  187.74600  178.82417  4.75%  69.5 1750s
 43590 16577  179.38417   86  424  187.74600  178.82417  4.75%  69.5 1756s
 43882 16640  179.43159   94  422  187.74600  178.82417  4.75%  69.5 1760s
 44086 16775  179.47504   97  380  187.74600  178.82417  4.75%  69.6 1769s
 44152 16963  179.66191   97  402  187.74600  178.82417  4.75%  69.7 1770s
 44370 16906  179.68292  100  393  187.74600  178.82417  4.75%  69.7 1779s
 44386 16916  179.88387  100  377  187.74600  178.82417  4.75%  69.7 1782s
 44403 17066  179.68317  101  388  187.74600  178.82417  4.75%  69.7 1788s
 44573 17238  179.72488  105  358  187.74600  178.82417  4.75%  69.7 1797s
 44811 17290  179.75840  109  340  187.74600  178.82417  4.75%  69.8 1805s
 44949 17493  179.77392  113  332  187.74600  178.82417  4.75%  69.8 1813s
 45231 17421  179.77449  117  330  187.74600  178.82417  4.75%  69.9 1818s
 45253 17680 infeasible  117       187.74600  178.82417  4.75%  69.9 1823s
 45591 17738  179.78287  121  347  187.74600  178.82417  4.75%  69.9 1825s
 45831 17821  179.78439  125  350  187.74600  178.82417  4.75%  70.0 1833s
 46004 18056  179.79177  130  344  187.74600  178.82417  4.75%  70.1 1838s
 46375 18066  179.87133  137  302  187.74600  178.82417  4.75%  70.2 1842s
 46617 18048  180.07649  147  270  187.74600  178.82417  4.75%  70.4 1846s
 46690 18190  180.09580  150  259  187.74600  178.82417  4.75%  70.5 1851s
 46890 18285  180.29804  160  165  187.74600  178.82417  4.75%  70.7 1855s
 47266 18483     cutoff  176       187.74600  178.82773  4.75%  71.1 1863s
 47524 18419  178.83111   68  602  187.74600  178.82773  4.75%  71.2 1869s
 47560 18595  178.83111   69  603  187.74600  178.82773  4.75%  71.3 1874s
 47777 18708  178.84089   77  611  187.74600  178.82773  4.75%  71.5 1881s
 48003 18940  179.01826   82  513  187.74600  178.82773  4.75%  71.7 1891s
 48584 19031  182.53807   93  410  187.74600  178.82773  4.75%  72.2 1914s
 48832 18960  182.53808   94  398  187.74600  178.82773  4.75%  72.4 1949s
 48852 19147  182.54728   95  432  187.74600  178.82773  4.75%  72.4 1965s
 49108 19089  182.61143  110  455  187.74600  178.82773  4.75%  72.6 1972s
 49160 19395  182.61143  111  455  187.74600  178.82773  4.75%  72.7 1981s
 49540 19711  182.86616  137  440  187.74600  178.82773  4.75%  73.0 1987s
 50153 19615  182.97392  158  392  187.74600  178.82773  4.75%  73.2 1994s
 50338 19979  183.06930  185  303  187.74600  178.82773  4.75%  73.2 1998s
 50888 20138  187.36382  226  165  187.74600  178.83399  4.75%  73.5 2002s
 51292 20385  179.12142   66  592  187.74600  178.83399  4.75%  74.1 2007s
 51721 20277  179.38838   73  493  187.74600  178.83399  4.75%  74.5 2017s
 51756 20597  179.39707   74  525  187.74600  178.83399  4.75%  74.6 2024s
 52146 20748  179.57126   90  527  187.74600  178.83399  4.75%  75.1 2031s
 52484 21151  180.04753  109  375  187.74600  178.83399  4.75%  75.6 2036s
 53124 20965  182.18477  149  317  187.74600  178.83399  4.75%  76.1 2044s
 53163 21429  182.18477  150  317  187.74600  178.83567  4.75%  76.1 2049s
 53737 21823  179.89966   76  508  187.74600  178.89005  4.72%  76.8 2055s
 54424 22132  180.27164  106  351  187.74600  178.89005  4.72%  77.3 2062s
 55009 22923  185.63983  168  143  187.74600  178.89342  4.72%  77.4 2071s
 56086 23378  179.17569   90  583  187.74600  178.89342  4.72%  77.6 2077s
 57078 23250  179.19962   93  597  187.74600  178.89342  4.72%  78.0 2087s
 57338 23216  179.28330   96  585  187.74600  178.89342  4.72%  78.6 2097s
 57390 23698  179.28338   97  585  187.74600  178.89342  4.72%  78.7 2105s
 58013 23964  179.74308  101  450  187.74600  178.89342  4.72%  79.5 2117s
 58566 24291  179.59565  108  471  187.74600  178.89342  4.72%  80.1 2126s
 59236 24472  182.19205  112  397  187.74600  178.89342  4.72%  80.4 2135s
 59779 24890  179.83970  118  472  187.74600  178.89342  4.72%  80.9 2143s
 60548 25239  187.45883  136  270  187.74600  178.90903  4.71%  81.9 2153s
 61447 25667  179.02682  120  547  187.74600  178.90903  4.71%  82.7 2164s
 62343 25946  180.98195  135  494  187.74600  178.90903  4.71%  83.4 2175s
 63024 27168  185.79230  157  495  187.74600  178.92273  4.70%  84.0 2195s
 64718 27003  180.43968  101  538  187.74600  178.93464  4.69%  85.1 2213s
 65175 27488  180.52670  122  496  187.74600  178.93464  4.69%  85.3 2232s
 65939 27962  180.88449  159  353  187.74600  178.93464  4.69%  85.9 2258s
 66816 28332  183.60632  226  370  187.74600  178.94445  4.69%  86.4 2275s
 67632 28771  179.13515  107  478  187.74600  178.95133  4.68%  87.0 2296s
 68453 28890  179.67422  179  378  187.74600  178.95133  4.68%  87.9 2317s
 69056 29274  179.81042  224  342  187.74600  178.95325  4.68%  88.6 2347s
 70154 29808     cutoff  114       187.74600  178.96128  4.68%  89.8 2369s
H71382 29965                     187.6869631  178.96415  4.65%  90.4 2389s
 73123 30362  179.47584  104  509  187.68696  178.96999  4.64%  91.5 2415s
 74554 31158  179.58675  114  523  187.68696  178.96999  4.64%  92.7 2439s
 76416 31928  180.00210  126  553  187.68696  178.97244  4.64%  94.3 2466s
H76907 31011                     187.6869631  178.97971  4.64%  94.4 2466s
 78183 31908  179.24765  115  433  187.68696  178.98093  4.64%  94.8 2488s
 79846 32882  179.72433  114  339  187.68696  178.98481  4.64%  95.2 2511s
H80254 32030                     187.6869627  178.98680  4.64%  95.4 2511s
 82075 32106  179.29915  108  394  187.68696  178.99031  4.63%  96.0 2544s
 83288 33395  185.55458  134  462  187.68696  178.99404  4.63%  96.4 2572s
 85223 35699  179.14803   99  548  187.68696  178.99562  4.63%  96.9 2605s
 87968 37539  181.53400  143  480  187.68696  178.99854  4.63%  97.6 2630s
 90202 38117  179.24027  112  503  187.68696  179.00195  4.63%  97.8 2658s
 90906 39141  179.24027  113  492  187.68696  179.00197  4.63%  97.9 2685s
 92129 39846  181.75476  187  356  187.68696  179.00241  4.63%  97.9 2712s
 92972 40590  179.53282  137  476  187.68696  179.00325  4.63%  98.4 2769s
 93833 40690  182.53489  263  271  187.68696  179.00325  4.63%  98.4 2804s
H93845 40690                     187.6869626  179.00325  4.63%  98.4 2804s
 93953 42580  183.15854  267  270  187.68696  179.00602  4.63%  98.4 2832s
H94424 42580                     187.6869621  179.00602  4.63%  98.7 2832s
 96313 43302  179.81881  124  377  187.68696  179.00602  4.63%  99.4 2871s
 97348 44885     cutoff  164       187.68696  179.01108  4.62%   100 2909s
 99511 46741  184.31505  133  363  187.68696  179.01253  4.62%   101 2934s
 101920 47692  181.68454   87  486  187.68696  179.01470  4.62%   102 2969s
 103274 48475  187.39748  124  431  187.68696  179.01582  4.62%   103 2998s
H103419 48475                     187.6869621  179.01582  4.62%   103 2998s
 104360 50527  185.21959  128  374  187.68696  179.01699  4.62%   103 3024s
 105726 50527  180.73083  107  346  187.68696  179.01745  4.62%   103 3025s
 106817 52489  182.21266   94  493  187.68696  179.01826  4.62%   103 3053s
 109184 53469  185.44214  165  401  187.68696  179.01855  4.62%   104 3079s
 110365 55078  183.91208   90  454  187.68696  179.01855  4.62%   104 3106s
 112343 56072  186.35195  211  319  187.68696  179.02480  4.62%   105 3139s
 113536 57747  179.34256  159  450  187.68696  179.02553  4.61%   105 3167s
 115513 58920  181.62145  141  354  187.68696  179.02897  4.61%   106 3193s
 116923 61189  179.16677  134  499  187.68696  179.02972  4.61%   107 3221s
 119622 61462  179.41902  158  420  187.68696  179.03031  4.61%   107 3284s
 119975 62182  183.77518  197  383  187.68696  179.03035  4.61%   108 3326s
 120834 63166  182.50927  141  382  187.68696  179.03066  4.61%   108 3364s
 122131 65244  180.41431  143  435  187.68696  179.03474  4.61%   109 3391s
 124688 67213  179.82258  136  407  187.68696  179.03600  4.61%   109 3423s
 127037 67785  186.74338   66  574  187.68696  179.03725  4.61%   110 3470s
 127704 69762  186.74338   67  573  187.68696  179.03726  4.61%   110 3506s
 129929 71285  185.16863  156  469  187.68696  179.03819  4.61%   110 3536s
 131664 72806  179.27547  135  391  187.68696  179.03926  4.61%   110 3571s
H132402 72806                     187.6869620  179.03988  4.61%   111 3571s
 133567 73585  185.92783  142  337  187.68696  179.04007  4.61%   111 3649s
 134724 75046  182.60038  164  399  187.68696  179.04094  4.61%   111 3687s
 136519 76936  179.30772   88  358  187.68696  179.04254  4.61%   112 3731s
 138781 79168  186.28240  143  355  187.68696  179.04348  4.61%   112 3767s
 141470 80518  181.50442  108  278  187.68696  179.04494  4.60%   113 3802s
 143114 82068  179.23049   86  438  187.68696  179.04620  4.60%   113 3834s
 145129 83587     cutoff  132       187.68696  179.04778  4.60%   114 3869s
 147047 84251  179.56212  144  418  187.68696  179.04859  4.60%   115 3924s
 147914 85643  182.99873  119  457  187.68696  179.05032  4.60%   115 3959s
 149693 87173  182.93950  157  426  187.68696  179.05216  4.60%   116 3994s
 151775 88221  179.21300  121  338  187.68696  179.05309  4.60%   117 4032s
 153121 90240  179.16612   90  470  187.68696  179.05469  4.60%   117 4075s
 155633 91864  182.86693  120  427  187.68696  179.05566  4.60%   118 4110s
 157749 92958  184.54979  128  415  187.68696  179.05700  4.60%   119 4146s
 159481 94234     cutoff  142       187.68696  179.05822  4.60%   120 4188s
 161383 95467  181.22088  113  428  187.68696  179.05910  4.60%   121 4231s
 162974 97177 infeasible  172       187.68696  179.06054  4.60%   121 4266s
 165145 98793  180.99183   85  383  187.68696  179.06123  4.60%   122 4306s
 167287 99916  184.36802  102  410  187.68696  179.06375  4.59%   122 4350s
 169372 100419  181.42516  112  343  187.68696  179.06444  4.59%   123 4422s
 170086 101258  182.43247  136  186  187.68696  179.06455  4.59%   123 4464s
 171516 102751  184.88355  144  419  187.68696  179.06609  4.59%   124 4510s
 173448 104564  182.81390  218  320  187.68696  179.06695  4.59%   124 4558s
 175760 106218  182.50117  130  323  187.68696  179.06890  4.59%   124 4596s
 177954 107632  181.68154  155  360  187.68696  179.07053  4.59%   125 4633s
 179674 108960  179.11863   92  559  187.68696  179.07148  4.59%   125 4676s
 181494 110290  185.07281   92  432  187.68696  179.07317  4.59%   126 4720s
 183339 111768  183.85066  141  360  187.68696  179.07400  4.59%   126 4759s
 185637 112640  179.14702  117  536  187.68696  179.07462  4.59%   127 4812s
 186830 113516  184.38650  165  410  187.68696  179.07582  4.59%   128 4877s
 187878 115321  181.46695  138  418  187.68696  179.07618  4.59%   128 4930s
 190281 116820  179.33118  122  413  187.68696  179.07796  4.59%   129 4980s
 192303 118940  180.66659  131  391  187.68696  179.07890  4.59%   129 5026s
 194890 120662  181.65198  123  393  187.68696  179.07947  4.59%   129 5057s
 197027 121583  184.72072  126  418  187.68696  179.08048  4.59%   130 5092s
 198241 122574  186.00786  108  283  187.68696  179.08048  4.59%   130 5127s
 199488 124203     cutoff  155       187.68696  179.08125  4.59%   130 5176s
 201590 125613  180.67632  181  410  187.68696  179.08278  4.58%   131 5220s
 203404 127187  184.68651  146  300  187.68696  179.08382  4.58%   131 5262s
 205356 128292  185.86898  135  391  187.68696  179.08481  4.58%   132 5305s
 206742 129761  186.56106  142  315  187.68696  179.08582  4.58%   132 5347s
 208745 131063     cutoff  150       187.68696  179.08655  4.58%   133 5392s
H210086 131063                     187.6869619  179.08809  4.58%   133 5392s
 210651 132106  187.23724  110  376  187.68696  179.08885  4.58%   133 5447s
H210990 132106                     187.6869619  179.08891  4.58%   133 5448s
 212068 134252  182.55234  173  402  187.68696  179.08986  4.58%   133 5502s
 214681 135821  183.01156  185  265  187.68696  179.09091  4.58%   134 5545s
 216778 136745  179.34293  135  388  187.68696  179.09228  4.58%   134 5592s
 218549 138519  179.52123  100  437  187.68696  179.09324  4.58%   134 5641s
 220998 140657  180.66541  131  298  187.68696  179.09493  4.58%   135 5679s
 223737 142656  179.35493  145  461  187.68696  179.09607  4.58%   135 5726s
 226127 142685  187.29342  100  406  187.68696  179.09641  4.58%   136 5900s
 226165 143526  187.30977  102  393  187.68696  179.09672  4.58%   136 5958s
 227233 144862  185.57881  165  310  187.68696  179.09682  4.58%   136 6010s
 229069 146708  184.08081  106  386  187.68696  179.09863  4.58%   136 6056s
 231745 148700  184.90603  124  493  187.68696  179.09966  4.58%   137 6108s
 234266 150564  180.61920  173  440  187.68696  179.10105  4.57%   137 6153s
 236763 152126  180.32621  103  333  187.68696  179.10253  4.57%   137 6208s
 238900 153443     cutoff  144       187.68696  179.10324  4.57%   138 6267s
H239834 153443                     187.6869617  179.10369  4.57%   138 6267s
 240732 155610  185.00627  150  302  187.68696  179.10435  4.57%   138 6318s
 243543 156957  183.39115  140  338  187.68696  179.10529  4.57%   138 6369s
 245484 158926  184.19505   95  480  187.68696  179.10705  4.57%   139 6421s
 247947 159970  183.78813  127  467  187.68696  179.10782  4.57%   139 6484s
 249248 161904  184.97199  192  399  187.68696  179.10828  4.57%   140 6538s
 251796 163514  179.97126  102  484  187.68696  179.10983  4.57%   140 6582s
 254081 164967  180.65483  113  436  187.68696  179.11079  4.57%   140 6642s
H255325 164967                     187.6869615  179.11110  4.57%   140 6642s
 255945 166849  179.68231  111  510  187.68696  179.11137  4.57%   141 6692s
 258421 168665  181.50257  106  495  187.68696  179.11236  4.57%   141 6740s
H258790 168665                     187.6869611  179.11259  4.57%   141 6740s
 260922 169587  183.18222  128  508  187.68696  179.11286  4.57%   141 6812s
 262141 170540  183.25115  129  492  187.68696  179.11369  4.57%   142 6879s
 262806 170540  179.92801  100  476  187.68696  179.11432  4.57%   142 6880s
 263570 172486  182.61505  136  246  187.68696  179.11442  4.57%   142 6937s
 267058 174715  186.70453  113  399  187.68696  179.11594  4.57%   142 6993s
 270231 175971  180.04805  175  397  187.68696  179.11672  4.57%   143 7045s
 271905 178335     cutoff  139       187.68696  179.11777  4.57%   143 7090s
 274980 179473  179.74515  117  484  187.68696  179.11931  4.56%   143 7163s
H275527 179473                     187.6869610  179.11983  4.56%   144 7163s
H276039 179473                     187.6869610  179.12013  4.56%   144 7163s
 276537 180853  185.78860  132  392  187.68696  179.12064  4.56%   144 7200s

Cutting planes:
  Learned: 2
  Gomory: 126
  Cover: 85
  Implied bound: 413
  Clique: 4
  MIR: 1018
  StrongCG: 7
  Flow cover: 2444
  GUB cover: 3
  Inf proof: 26
  Zero half: 67
  Network: 4
  RLT: 26
  Relax-and-lift: 207
  PSD: 2

Explored 278425 nodes (40065700 simplex iterations) in 7200.18 seconds (1982.86 work units)
Thread count was 32 (of 32 available processors)

Solution count 10: 187.687 187.687 187.687 ... 187.687

Time limit reached
Best objective 1.876869609875e+02, best bound 1.791211271055e+02, gap 4.5639%
