
Gurobi 9.5.2 (linux64) logging started Wed Aug 12 04:45:11 2026

Set parameter LogFile to value "/mnt/beegfs/users/celinep/ChargeAndBreak/logs/RlongCmanyTnone_9_2SP_20260811_103047_074_gurobi.log"
Gurobi Optimizer version 9.5.2 build v9.5.2rc0 (linux64)
Thread count: 16 physical cores, 32 logical processors, using up to 32 threads
Optimize a model with 179173 rows, 82809 columns and 584502 nonzeros
Model fingerprint: 0x1913b405
Variable types: 72701 continuous, 10108 integer (10108 binary)
Coefficient statistics:
  Matrix range     [2e-02, 2e+03]
  Objective range  [2e-02, 4e-02]
  Bounds range     [1e+00, 1e+00]
  RHS range        [6e-03, 2e+07]
Presolve removed 62932 rows and 20432 columns
Presolve time: 4.16s
Presolved: 116241 rows, 62377 columns, 499556 nonzeros
Variable types: 55643 continuous, 6734 integer (6734 binary)

Deterministic concurrent LP optimizer: primal and dual simplex (primal and dual model)
Showing first log only...

Root relaxation presolve removed 2619 rows and 2619 columns
Root relaxation presolved: 113622 rows, 59758 columns, 494318 nonzeros


Root simplex log...

Iteration    Objective       Primal Inf.    Dual Inf.      Time
       0    5.7572584e+01   4.614184e+04   5.481844e+11      7s
   47353    8.8182175e+01   2.790942e+02   3.648250e+09     10s
   52279    1.3823410e+02   1.880524e+01   1.341509e+10     15s
   55197    1.3352315e+02   0.000000e+00   7.539027e+03     20s
   57027    1.3139277e+02   0.000000e+00   1.247591e+06     25s
   59176    1.2781550e+02   0.000000e+00   6.581363e+04     30s
   61326    1.2491964e+02   0.000000e+00   2.644938e+04     35s
   63256    1.2187047e+02   0.000000e+00   6.326308e+03     40s
   64866    1.1862548e+02   0.000000e+00   3.624613e+04     45s
   66466    1.1596113e+02   0.000000e+00   7.245276e+03     50s
   68136    1.1405445e+02   0.000000e+00   1.476766e+04     55s
   69496    1.1171181e+02   0.000000e+00   6.112740e+05     60s
   70756    1.0935047e+02   0.000000e+00   1.324430e+03     65s
   71976    1.0785868e+02   0.000000e+00   5.012344e+03     70s
   73256    1.0639515e+02   0.000000e+00   2.993681e+04     75s
   74766    1.0522258e+02   0.000000e+00   3.616298e+03     80s
   76106    1.0455397e+02   0.000000e+00   5.618027e+03     85s
   77546    1.0362873e+02   0.000000e+00   1.788128e+04     90s
   78936    1.0302101e+02   0.000000e+00   5.024213e+03     95s
Concurrent spin time: 26.54s

Solved with dual simplex (primal model)

Root relaxation: objective 9.702328e+01, 98032 iterations, 120.60 seconds (75.08 work units)
Total elapsed time = 132.87s

    Nodes    |    Current Node    |     Objective Bounds      |     Work
 Expl Unexpl |  Obj  Depth IntInf | Incumbent    BestBd   Gap | It/Node Time

     0     0   99.11878    0 2841          -   99.11878      -     -  159s
H    0     0                     192.7418899   99.11878  48.6%     -  163s
     0     0  100.31720    0 3237  192.74189  100.31720  48.0%     -  196s
H    0     0                     190.7008095  100.31720  47.4%     -  218s
     0     0  100.98994    0 3508  190.70081  100.98994  47.0%     -  268s
     0     0  101.01822    0 3551  190.70081  101.01822  47.0%     -  271s
     0     0  101.02278    0 3579  190.70081  101.02278  47.0%     -  273s
     0     0  101.02341    0 3529  190.70081  101.02341  47.0%     -  275s
     0     0  101.02363    0 3508  190.70081  101.02363  47.0%     -  277s
     0     0  101.02376    0 3566  190.70081  101.02376  47.0%     -  278s
     0     0  101.43162    0 3744  190.70081  101.43162  46.8%     -  305s
     0     0  101.57773    0 3808  190.70081  101.57773  46.7%     -  325s
     0     0  101.59146    0 3826  190.70081  101.59146  46.7%     -  332s
     0     0  101.59318    0 3783  190.70081  101.59318  46.7%     -  334s
     0     0  101.59361    0 3767  190.70081  101.59361  46.7%     -  335s
     0     0  102.16652    0 3527  190.70081  102.16652  46.4%     -  374s
H    0     0                     179.9201059  102.16652  43.2%     -  380s
     0     0  102.23009    0 3558  179.92011  102.23009  43.2%     -  398s
     0     0  102.24055    0 3583  179.92011  102.24055  43.2%     -  408s
     0     0  102.24303    0 3585  179.92011  102.24303  43.2%     -  411s
     0     0  102.24344    0 3573  179.92011  102.24344  43.2%     -  412s
     0     0  102.63042    0 3581  179.92011  102.63042  43.0%     -  455s
     0     0  102.67717    0 3553  179.92011  102.67717  42.9%     -  475s
     0     0  102.68492    0 3622  179.92011  102.68492  42.9%     -  482s
     0     0  102.68671    0 3630  179.92011  102.68671  42.9%     -  484s
     0     0  102.68704    0 3576  179.92011  102.68704  42.9%     -  485s
     0     0  102.80209    0 3566  179.92011  102.80209  42.9%     -  512s
     0     0  102.82003    0 3597  179.92011  102.82003  42.9%     -  530s
     0     0  102.82253    0 3626  179.92011  102.82253  42.9%     -  538s
     0     0  102.82335    0 3636  179.92011  102.82335  42.9%     -  542s
     0     0  102.90290    0 3584  179.92011  102.90290  42.8%     -  567s
     0     0  102.92234    0 3601  179.92011  102.92234  42.8%     -  586s
     0     0  102.92695    0 3597  179.92011  102.92695  42.8%     -  593s
     0     0  102.92812    0 3619  179.92011  102.92812  42.8%     -  597s
     0     0  102.92849    0 3580  179.92011  102.92849  42.8%     -  599s
     0     0  103.00528    0 3823  179.92011  103.00528  42.7%     -  633s
     0     0  103.01707    0 3563  179.92011  103.01707  42.7%     -  656s
     0     0  103.01853    0 3536  179.92011  103.01853  42.7%     -  660s
     0     0  103.01894    0 3562  179.92011  103.01894  42.7%     -  664s
     0     0  103.05572    0 3530  179.92011  103.05572  42.7%     -  689s
     0     0  103.06995    0 3547  179.92011  103.06995  42.7%     -  717s
     0     0  103.07212    0 3564  179.92011  103.07212  42.7%     -  723s
     0     0  103.07260    0 3509  179.92011  103.07260  42.7%     -  726s
     0     0  103.12203    0 3468  179.92011  103.12203  42.7%     -  755s
     0     0  103.13742    0 3525  179.92011  103.13742  42.7%     -  798s
     0     0  103.13958    0 3552  179.92011  103.13958  42.7%     -  802s
     0     0  103.14083    0 3573  179.92011  103.14083  42.7%     -  808s
     0     0  103.14149    0 3586  179.92011  103.14149  42.7%     -  814s
     0     0  103.17603    0 3527  179.92011  103.17603  42.7%     -  832s
     0     0  103.18207    0 3589  179.92011  103.18207  42.7%     -  847s
     0     0  103.18285    0 3584  179.92011  103.18285  42.7%     -  858s
     0     0  103.19812    0 3517  179.92011  103.19812  42.6%     -  879s
     0     0  103.20534    0 3563  179.92011  103.20534  42.6%     -  900s
     0     0  103.20634    0 3572  179.92011  103.20634  42.6%     -  908s
     0     0  103.22188    0 3544  179.92011  103.22188  42.6%     -  932s
     0     0  103.22451    0 3589  179.92011  103.22451  42.6%     -  968s
     0     0  103.22575    0 3568  179.92011  103.22575  42.6%     -  973s
     0     0  103.22598    0 3603  179.92011  103.22598  42.6%     -  981s
     0     0  103.23678    0 3536  179.92011  103.23678  42.6%     - 1007s
     0     0  103.24283    0 3582  179.92011  103.24283  42.6%     - 1023s
     0     0  103.24429    0 3573  179.92011  103.24429  42.6%     - 1031s
     0     0  103.24452    0 3543  179.92011  103.24452  42.6%     - 1036s
     0     0  103.25350    0 3552  179.92011  103.25350  42.6%     - 1061s
     0     0  103.25481    0 3558  179.92011  103.25481  42.6%     - 1088s
     0     0  103.25505    0 3583  179.92011  103.25505  42.6%     - 1102s
     0     0  103.26306    0 3518  179.92011  103.26306  42.6%     - 1131s
     0     0  103.26509    0 3512  179.92011  103.26509  42.6%     - 1167s
     0     0  103.26553    0 3537  179.92011  103.26553  42.6%     - 1176s
     0     0  103.27024    0 3527  179.92011  103.27024  42.6%     - 1201s
     0     0  103.27024    0 3227  179.92011  103.27024  42.6%     - 1239s
H    0     0                     179.9153581  103.27024  42.6%     - 1312s
     0     2  103.27024    0 3191  179.91536  103.27024  42.6%     - 1427s
     1     4  103.27024    1 3232  179.91536  103.27024  42.6%  7829 1463s
     3     8  103.27171    2 3433  179.91536  103.27032  42.6% 14588 1513s
     7    16  103.27256    3 3467  179.91536  103.27183  42.6% 15144 1575s
    15    32  103.27316    4 3503  179.91536  103.27256  42.6% 16320 1658s
    31    48  103.27353    5 3549  179.91536  103.27317  42.6% 14400 2080s
    47    64  103.38427    5 3501  179.91536  103.27353  42.6% 20838 2181s
    63    80  103.38437    6 3476  179.91536  103.27353  42.6% 17691 2402s
H   79    96                     171.9350569  103.27353  39.9% 14832 2507s
H   83    96                     170.7461361  103.27353  39.5% 14483 2507s
    95   127  103.60708    8 3386  170.74614  103.27353  39.5% 13344 2570s
H  126   158                     170.1294152  103.27353  39.3% 10454 2663s
H  126   158                     169.2849798  103.27353  39.0% 10454 2663s
H  128   158                     168.7184794  103.27353  38.8% 10469 2663s
H  134   158                     168.2904460  103.27353  38.6% 10051 2663s
H  153   158                     168.1843037  103.27353  38.6%  9010 2663s
   157   184  103.98009   12 3483  168.18430  103.27353  38.6%  8794 2738s
H  187   205                     167.5866747  103.27353  38.4%  7652 2805s
H  192   205                     156.7597512  103.27353  34.1%  7473 2805s
   208   242  105.30541   15 3420  156.75975  103.27353  34.1%  6943 2824s
H  247   257                     156.4206499  103.27353  34.0%  5996 3804s
H  247   257                     137.4221416  103.27353  24.8%  5996 3804s
   263   295  105.30598   19 3430  137.42214  103.27353  24.8%  5673 3849s
H  309   311                     134.0069556  103.27353  22.9%  5083 7196s
H  309   311                     133.8123501  103.27353  22.8%  5083 7196s
H  323   311                     123.3965973  103.27353  16.3%  5083 7196s
   325   311  105.31039   24 3443  123.39660  103.27353  16.3%  5059 7200s

Cutting planes:
  Gomory: 12
  Cover: 852
  Implied bound: 5881
  Clique: 2490
  MIR: 6926
  StrongCG: 6
  Flow cover: 6709
  Flow path: 8
  GUB cover: 2
  Zero half: 3
  Network: 1
  RLT: 1483
  Relax-and-lift: 564
  BQP: 79
  PSD: 39

Explored 331 nodes (2195301 simplex iterations) in 7200.15 seconds (5835.17 work units)
Thread count was 32 (of 32 available processors)

Solution count 10: 123.397 133.812 134.007 ... 168.718

Time limit reached
Best objective 1.233965973093e+02, best bound 1.032735327716e+02, gap 16.3076%
