
Gurobi 9.5.2 (linux64) logging started Wed Aug 12 00:43:23 2026

Set parameter LogFile to value "/mnt/beegfs/users/celinep/ChargeAndBreak/logs/RlongCmanyTnone_20_2SP_20260811_103047_062_gurobi.log"
Gurobi Optimizer version 9.5.2 build v9.5.2rc0 (linux64)
Thread count: 16 physical cores, 32 logical processors, using up to 32 threads
Optimize a model with 177691 rows, 82100 columns and 579295 nonzeros
Model fingerprint: 0x26bb9fdb
Variable types: 72126 continuous, 9974 integer (9974 binary)
Coefficient statistics:
  Matrix range     [1e-02, 2e+03]
  Objective range  [2e-02, 4e-02]
  Bounds range     [1e+00, 1e+00]
  RHS range        [2e-02, 2e+07]
Presolve removed 63186 rows and 20838 columns
Presolve time: 4.60s
Presolved: 114505 rows, 61262 columns, 493083 nonzeros
Variable types: 54746 continuous, 6516 integer (6516 binary)

Deterministic concurrent LP optimizer: primal and dual simplex (primal and dual model)
Showing first log only...

Root relaxation presolve removed 2460 rows and 2460 columns
Root relaxation presolved: 112045 rows, 58802 columns, 488163 nonzeros


Root simplex log...

Iteration    Objective       Primal Inf.    Dual Inf.      Time
       0    5.7838409e+01   4.557236e+04   5.322846e+11      7s
   43983    9.0754500e+01   2.418768e+02   5.511605e+09     10s
   49454    1.3122794e+02   1.528360e-01   2.081547e+08     15s
   52050    1.2952842e+02   0.000000e+00   1.357034e+03     20s
   54863    1.2096125e+02   0.000000e+00   5.586714e+03     25s
   57587    1.1693925e+02   0.000000e+00   4.926919e+03     30s
   60061    1.1363804e+02   0.000000e+00   1.713559e+04     35s
   62595    1.1173979e+02   0.000000e+00   1.500279e+04     40s
   64911    1.1037725e+02   0.000000e+00   1.632913e+04     45s
   67477    1.0875286e+02   0.000000e+00   2.344733e+05     50s
   69375    1.0769756e+02   0.000000e+00   7.933853e+04     55s
   71395    1.0720652e+02   0.000000e+00   1.582644e+04     60s
   73573    1.0586997e+02   0.000000e+00   1.963232e+03     65s
   75903    1.0532229e+02   0.000000e+00   1.626794e+05     70s
   77961    1.0456432e+02   0.000000e+00   2.429949e+04     75s
   80626    1.0351139e+02   0.000000e+00   7.905358e+04     80s
   82610    1.0312492e+02   0.000000e+00   2.806609e+04     85s
Concurrent spin time: 15.39s

Solved with primal simplex (dual model)

Root relaxation: objective 9.781501e+01, 68728 iterations, 98.82 seconds (86.35 work units)

    Nodes    |    Current Node    |     Objective Bounds      |     Work
 Expl Unexpl |  Obj  Depth IntInf | Incumbent    BestBd   Gap | It/Node Time

     0     0   99.34359    0 2625          -   99.34359      -     -  129s
H    0     0                     192.3027329   99.34359  48.3%     -  133s
H    0     0                     134.0445164   99.34359  25.9%     -  135s
     0     0  100.55348    0 3378  134.04452  100.55348  25.0%     -  163s
     0     0  100.98081    0 3566  134.04452  100.98081  24.7%     -  194s
     0     0  101.00219    0 3549  134.04452  101.00219  24.7%     -  199s
     0     0  101.00540    0 3545  134.04452  101.00540  24.6%     -  200s
     0     0  101.00584    0 3543  134.04452  101.00584  24.6%     -  201s
     0     0  101.00606    0 3544  134.04452  101.00606  24.6%     -  201s
     0     0  101.00615    0 3548  134.04452  101.00615  24.6%     -  202s
     0     0  101.44401    0 3547  134.04452  101.44401  24.3%     -  233s
     0     0  101.48364    0 3579  134.04452  101.48364  24.3%     -  261s
     0     0  101.48741    0 3558  134.04452  101.48741  24.3%     -  267s
     0     0  101.48792    0 3539  134.04452  101.48792  24.3%     -  270s
     0     0  101.48801    0 3578  134.04452  101.48801  24.3%     -  271s
     0     0  102.04401    0 3244  134.04452  102.04401  23.9%     -  315s
     0     0  102.09817    0 3532  134.04452  102.09817  23.8%     -  348s
     0     0  102.11439    0 3361  134.04452  102.11439  23.8%     -  359s
     0     0  102.11757    0 3542  134.04452  102.11757  23.8%     -  360s
     0     0  102.11854    0 3494  134.04452  102.11854  23.8%     -  361s
     0     0  102.11876    0 3527  134.04452  102.11876  23.8%     -  362s
     0     0  102.41295    0 3285  134.04452  102.41295  23.6%     -  390s
     0     0  102.45639    0 3310  134.04452  102.45639  23.6%     -  409s
     0     0  102.46273    0 3321  134.04452  102.46273  23.6%     -  418s
     0     0  102.46628    0 3343  134.04452  102.46628  23.6%     -  432s
     0     0  102.46676    0 3312  134.04452  102.46676  23.6%     -  433s
     0     0  102.61603    0 3463  134.04452  102.61603  23.4%     -  463s
     0     0  102.63329    0 3519  134.04452  102.63329  23.4%     -  480s
     0     0  102.63519    0 3551  134.04452  102.63519  23.4%     -  483s
     0     0  102.63616    0 3541  134.04452  102.63616  23.4%     -  484s
     0     0  102.63631    0 3555  134.04452  102.63631  23.4%     -  485s
     0     0  102.73658    0 3517  134.04452  102.73658  23.4%     -  504s
     0     0  102.74687    0 3560  134.04452  102.74687  23.3%     -  523s
     0     0  102.74851    0 3568  134.04452  102.74851  23.3%     -  532s
     0     0  102.74896    0 3581  134.04452  102.74896  23.3%     -  539s
     0     0  102.78755    0 3533  134.04452  102.78755  23.3%     -  554s
     0     0  102.79340    0 3567  134.04452  102.79340  23.3%     -  564s
     0     0  102.79380    0 3582  134.04452  102.79380  23.3%     -  567s
     0     0  102.82672    0 3480  134.04452  102.82672  23.3%     -  590s
     0     0  102.83154    0 3525  134.04452  102.83154  23.3%     -  600s
     0     0  102.83228    0 3512  134.04452  102.83228  23.3%     -  602s
     0     0  102.86239    0 3449  134.04452  102.86239  23.3%     -  617s
     0     0  102.86595    0 3542  134.04452  102.86595  23.3%     -  626s
     0     0  102.86652    0 3568  134.04452  102.86652  23.3%     -  629s
     0     0  102.89798    0 3536  134.04452  102.89798  23.2%     -  645s
     0     0  102.90277    0 3552  134.04452  102.90277  23.2%     -  652s
     0     0  102.90414    0 3567  134.04452  102.90414  23.2%     -  655s
     0     0  102.90432    0 3557  134.04452  102.90432  23.2%     -  657s
     0     0  102.92313    0 3527  134.04452  102.92313  23.2%     -  672s
     0     0  102.92593    0 3523  134.04452  102.92593  23.2%     -  686s
     0     0  102.92632    0 3522  134.04452  102.92632  23.2%     -  687s
     0     0  102.94059    0 3524  134.04452  102.94059  23.2%     -  698s
     0     0  102.94506    0 3478  134.04452  102.94506  23.2%     -  713s
     0     0  102.94596    0 3559  134.04452  102.94596  23.2%     -  717s
     0     0  102.94618    0 3470  134.04452  102.94618  23.2%     -  718s
     0     0  102.95311    0 3543  134.04452  102.95311  23.2%     -  731s
     0     0  102.95689    0 3571  134.04452  102.95689  23.2%     -  739s
     0     0  102.95702    0 3580  134.04452  102.95702  23.2%     -  748s
     0     0  102.96758    0 3468  134.04452  102.96758  23.2%     -  759s
     0     0  102.96915    0 3453  134.04452  102.96915  23.2%     -  768s
     0     0  102.96961    0 3403  134.04452  102.96961  23.2%     -  772s
     0     0  102.97580    0 3455  134.04452  102.97580  23.2%     -  785s
     0     0  102.97771    0 3466  134.04452  102.97771  23.2%     -  796s
     0     0  102.97825    0 3471  134.04452  102.97825  23.2%     -  799s
     0     0  102.98110    0 3493  134.04452  102.98110  23.2%     -  811s
     0     0  102.98110    0 3276  134.04452  102.98110  23.2%     -  840s
     0     2  102.98133    0 3243  134.04452  102.98133  23.2%     -  906s
     1     4  102.98133    1 3252  134.04452  102.98133  23.2%  6419  916s
     3     8  102.98144    2 3428  134.04452  102.98133  23.2%  5256  960s
     7    16  102.98198    3 3456  134.04452  102.98144  23.2% 10815 1008s
    15    32  102.98267    4 3439  134.04452  102.98226  23.2% 13312 1093s
    31    48  103.03233    5 3401  134.04452  102.98267  23.2% 14730 1202s
    47    64  103.03284    6 3397  134.04452  102.98267  23.2% 13707 1219s
    63    80  103.04109    7 3217  134.04452  102.98267  23.2% 10821 1332s
H   79    96                     134.0421730  102.98267  23.2%  9645 1341s
H   86    96                     134.0414528  102.98267  23.2%  8899 1341s
    95   122  103.04564    9 3219  134.04145  102.98267  23.2%  8249 1364s
H  121   140                     133.8037309  102.98267  23.0%  6775 1430s
H  122   140                     133.7561784  102.98267  23.0%  6950 1430s
H  123   140                     133.4415348  102.98267  22.8%  6922 1430s
   139   168  104.70840   11 3202  133.44153  102.98267  22.8%  6239 1470s
H  167   184                     133.4415348  102.98267  22.8%  5449 1533s
H  168   184                     133.2748682  102.98267  22.7%  5418 1533s
H  174   184                     133.1625935  102.98267  22.7%  5252 1533s
   183   218  104.70876   14 3200  133.16259  102.98267  22.7%  5043 1557s
H  219   233                     133.1548639  102.98267  22.7%  4341 1821s
H  219   233                     133.1548639  102.98267  22.7%  4341 1821s
H  220   233                     132.9881973  102.98267  22.6%  4322 1821s
H  233   233                     123.4662279  102.98267  16.6%  4117 1822s
H  235   233                     122.8052860  102.98267  16.1%  4143 1822s
   236   266  104.70909   18 3193  122.80529  102.98267  16.1%  4127 1867s
H  283   282                     122.3561491  102.98267  15.8%  3570 3252s
H  284   282                     122.1548639  102.98267  15.7%  3559 3252s
   299   328  104.71120   22 3165  122.15486  102.98267  15.7%  3479 3346s
   351   373  105.87711   24 3152  122.15486  102.98267  15.7%  3098 3402s
H  356   373                     121.9881973  102.98267  15.6%  3060 3402s
   404   392  105.88354   29 3154  121.98820  102.98267  15.6%  2817 3483s
   426   439  105.88514   30 3153  121.98820  102.98267  15.6%  2751 3522s
   473   478  105.89436   34 3201  121.98820  102.98267  15.6%  2586 3607s
   512   530  105.91352   38 3219  121.98820  102.98267  15.6%  2461 3660s
   566   575  105.94494   40 3243  121.98820  102.98267  15.6%  2346 3745s
   611   640  105.95586   43 3212  121.98820  102.98267  15.6%  2260 3845s
   679   734  105.95586   51 3226  121.98820  102.98267  15.6%  2188 3912s
   779   831  105.95587   60 3223  121.98820  102.98267  15.6%  2006 4009s
   876   905 infeasible   63       121.98820  102.98267  15.6%  1910 4171s
   956  1008  113.90588   63 3269  121.98820  102.98267  15.6%  1892 4279s
  1075  1095  113.90588   75 3269  121.98820  102.98290  15.6%  1740 4392s
  1196  1165  103.04831    6 3313  121.98820  102.98294  15.6%  1664 4557s
  1304  1236  104.16358    7 3229  121.98820  102.98294  15.6%  1633 4758s
  1408  1310  104.16365    8 3220  121.98820  102.98294  15.6%  1603 4954s
  1528  1394  104.16512   17 3206  121.98820  102.98294  15.6%  1582 5084s
  1645  1402  104.18245   25 3193  121.98820  102.98294  15.6%  1570 5380s
  1665  1530  104.18248   26 3185  121.98820  102.98294  15.6%  1613 5479s
  1813  1620  104.21612   32 3231  121.98820  102.98294  15.6%  1585 5559s
  1909  1716  104.23906   34 3249  121.98820  102.98294  15.6%  1583 5741s
  2027  1731  104.24626   38 3202  121.98820  102.98294  15.6%  1592 5922s
  2045  1732  104.15380    8 3276  121.98820  102.98294  15.6%  1591 6720s
  2047  1733  113.91932   48 1416  121.98820  102.98294  15.6%  1589 6988s
  2048  1734  105.73964   16 1431  121.98820  102.98294  15.6%  1588 7125s

Cutting planes:
  Learned: 18
  Gomory: 68
  Cover: 280
  Implied bound: 467
  Projected implied bound: 17
  Clique: 13
  MIR: 2905
  StrongCG: 2
  Flow cover: 2914
  GUB cover: 3
  RLT: 744
  Relax-and-lift: 82
  PSD: 7

Explored 2048 nodes (3877546 simplex iterations) in 7200.30 seconds (5567.53 work units)
Thread count was 32 (of 32 available processors)

Solution count 10: 121.988 122.155 122.356 ... 133.275

Time limit reached
Best objective 1.219881972800e+02, best bound 1.031599410532e+02, gap 15.4345%
