
Gurobi 9.5.2 (linux64) logging started Sun Aug 16 05:49:16 2026

Set parameter LogFile to value "/mnt/beegfs/users/celinep/ChargeAndBreak/logs/RlongCmanyTmedium_18_RO_20260815_094854_084_gurobi.log"
Gurobi Optimizer version 9.5.2 build v9.5.2rc0 (linux64)
Thread count: 16 physical cores, 32 logical processors, using up to 32 threads
Optimize a model with 8478 rows, 4735 columns and 29169 nonzeros
Model fingerprint: 0x8db1dedd
Variable types: 2986 continuous, 1749 integer (1749 binary)
Coefficient statistics:
  Matrix range     [2e-02, 2e+03]
  Objective range  [1e+00, 1e+00]
  Bounds range     [1e+00, 1e+00]
  RHS range        [8e-02, 5e+02]
Presolve removed 2718 rows and 880 columns
Presolve time: 0.13s
Presolved: 5760 rows, 3855 columns, 25877 nonzeros
Variable types: 2282 continuous, 1573 integer (1572 binary)
Found heuristic solution: objective 297.5488599

Root relaxation: objective 1.592199e+02, 4445 iterations, 0.16 seconds (0.08 work units)

    Nodes    |    Current Node    |     Objective Bounds      |     Work
 Expl Unexpl |  Obj  Depth IntInf | Incumbent    BestBd   Gap | It/Node Time

     0     0  159.21994    0  358  297.54886  159.21994  46.5%     -    0s
H    0     0                     288.5531583  159.21994  44.8%     -    0s
     0     0  161.23529    0  401  288.55316  161.23529  44.1%     -    0s
H    0     0                     270.2022215  161.23529  40.3%     -    1s
     0     0  161.31077    0  463  270.20222  161.31077  40.3%     -    1s
     0     0  161.31713    0  449  270.20222  161.31713  40.3%     -    1s
     0     0  161.31837    0  472  270.20222  161.31837  40.3%     -    1s
     0     0  161.31837    0  475  270.20222  161.31837  40.3%     -    1s
H    0     0                     261.3904934  161.75388  38.1%     -    1s
     0     0  161.75388    0  547  261.39049  161.75388  38.1%     -    1s
     0     0  161.77890    0  554  261.39049  161.77890  38.1%     -    1s
     0     0  161.78965    0  526  261.39049  161.78965  38.1%     -    1s
     0     0  161.79144    0  535  261.39049  161.79144  38.1%     -    2s
     0     0  161.79153    0  536  261.39049  161.79153  38.1%     -    2s
H    0     0                     247.0091403  161.79153  34.5%     -    2s
H    0     0                     234.9620323  162.11931  31.0%     -    2s
     0     0  162.11931    0  513  234.96203  162.11931  31.0%     -    2s
     0     0  162.14122    0  504  234.96203  162.14122  31.0%     -    2s
     0     0  162.14322    0  543  234.96203  162.14322  31.0%     -    2s
     0     0  162.14371    0  488  234.96203  162.14371  31.0%     -    2s
H    0     0                     233.1069586  162.28352  30.4%     -    3s
     0     0  162.28352    0  488  233.10696  162.28352  30.4%     -    3s
     0     0  162.32080    0  524  233.10696  162.32080  30.4%     -    3s
     0     0  162.32797    0  481  233.10696  162.32797  30.4%     -    3s
     0     0  162.33512    0  467  233.10696  162.33512  30.4%     -    3s
     0     0  162.33521    0  466  233.10696  162.33521  30.4%     -    3s
     0     0  162.38811    0  471  233.10696  162.38811  30.3%     -    4s
H    0     0                     223.8694171  162.38811  27.5%     -    4s
     0     0  162.39402    0  456  223.86942  162.39402  27.5%     -    4s
     0     0  162.39427    0  477  223.86942  162.39427  27.5%     -    4s
     0     0  162.47265    0  496  223.86942  162.47265  27.4%     -    4s
     0     0  162.47569    0  498  223.86942  162.47569  27.4%     -    5s
     0     0  162.47606    0  501  223.86942  162.47606  27.4%     -    5s
     0     0  162.47837    0  543  223.86942  162.47837  27.4%     -    5s
H    0     0                     223.6993526  162.47837  27.4%     -    5s
     0     0  162.47859    0  534  223.69935  162.47859  27.4%     -    5s
     0     0  162.48125    0  488  223.69935  162.48125  27.4%     -    5s
     0     0  162.48125    0  459  223.69935  162.48125  27.4%     -    6s
H    0     0                     223.6776667  162.48125  27.4%     -    6s
H    0     0                     211.9710041  162.48125  23.3%     -    7s
H    0     0                     210.9591695  162.48125  23.0%     -    7s
     0     2  162.48125    0  399  210.95917  162.48125  23.0%     -    8s
    63    80  162.62125    7  487  210.95917  162.61906  22.9%   146   10s
H   79    96                     210.6198162  162.61906  22.8%   134   10s
H   81    96                     210.4664111  162.61906  22.7%   132   10s
H  120   137                     210.3891632  162.61906  22.7%   110   12s
H  129   137                     202.2164111  162.61906  19.6%   106   12s
H  138   153                     200.2164111  162.61906  18.8%   103   12s
H  139   153                     199.9200045  162.61906  18.7%   103   12s
H  141   153                     199.2642231  162.61906  18.4%   103   12s
H  181   195                     198.9275035  162.61906  18.3%  90.4   17s
H  188   195                     188.5722076  162.61906  13.8%  88.6   17s
H  194   195                     187.4587063  162.61906  13.3%  87.7   17s
H  243   241                     187.4586175  162.61906  13.3%  80.1   19s
   297   304  162.84003   20  521  187.45862  162.61906  13.3%  73.5   20s
   382   382  163.77812   23  417  187.45862  162.61906  13.3%  65.2   30s
   475   500  163.78826   28  463  187.45862  162.61906  13.3%  58.2   35s
   872   836  165.81314   43  496  187.45862  162.61906  13.3%  49.6   51s
H  879   836                     187.4339791  162.61906  13.2%  49.7   51s
H 1002   959                     187.3753730  162.61906  13.2%  48.2   53s
  1366  1299  181.78237   91  290  187.37537  162.61906  13.2%  45.4   62s
H 1367  1299                     187.3314861  162.61906  13.2%  45.4   62s
  1566  1478  163.23076    6  471  187.33149  162.61992  13.2%  43.8   65s
  1921  1897  168.60301   17  368  187.33149  162.61992  13.2%  43.5   70s
  2181  2043  168.68501   27  435  187.33149  162.61992  13.2%  44.2   82s
H 2194  2043                     187.3314857  162.61992  13.2%  44.3   82s
  2197  2058  168.68501   28  426  187.33149  162.61992  13.2%  44.3   85s
H 2200  2058                     187.3314857  162.61992  13.2%  44.3   85s
  2691  2445  186.83803  111  459  187.33149  162.61992  13.2%  44.3   96s
  2693  2446  174.31754   60  363  187.33149  162.61992  13.2%  44.2  100s
  2700  2451  164.01704   16  500  187.33149  164.01704  12.4%  44.1  105s
  2708  2456  174.29170   40  406  187.33149  164.22896  12.3%  44.0  111s
  2714  2460  173.16421    6  471  187.33149  164.45890  12.2%  43.9  117s
  2716  2462  183.35938   54  527  187.33149  164.52906  12.2%  43.9  120s
  2720  2464  178.92056   23  469  187.33149  164.65826  12.1%  43.8  126s
  2723  2466  175.74068   33  522  187.33149  164.70109  12.1%  43.8  130s
  2728  2470  186.10914   16  479  187.33149  164.79875  12.0%  43.7  135s
  2732  2472  170.23311   48  524  187.33149  164.90083  12.0%  43.6  141s
  2737  2476  171.65355  127  440  187.33149  165.07145  11.9%  43.5  146s
  2743  2480  171.30489   16  453  187.33149  165.27340  11.8%  43.4  150s
  2749  2484  177.84045   40  463  187.33149  165.47769  11.7%  43.3  156s
  2755  2488  165.65868   26  459  187.33149  165.65868  11.6%  43.3  161s
  2761  2492  177.87030   57  510  187.33149  165.84180  11.5%  43.2  167s
  2766  2495  174.31146   52  493  187.33149  165.99178  11.4%  43.1  171s
  2776  2502  170.12382   78  520  187.33149  166.18523  11.3%  42.9  177s
  2782  2506  174.42240  129  580  187.33149  166.27009  11.2%  42.8  180s
  2788  2510  166.42028   96  601  187.33149  166.42028  11.2%  42.7  185s
  2794  2514  166.74992   31  508  187.33149  166.74992  11.0%  42.6  191s
  2800  2518  166.89820   16  459  187.33149  166.89820  10.9%  42.6  196s
  2807  2522  183.22510   58  537  187.33149  166.98349  10.9%  42.5  200s
  2814  2527  173.16421    6  558  187.33149  167.15885  10.8%  42.3  205s
  2824  2534  167.28079   88  625  187.33149  167.28079  10.7%  42.2  210s
  2827  2536  167.37616   84  586  187.33149  167.37616  10.7%  42.2  215s
  2832  2539  170.23311   48  502  187.33149  167.54936  10.6%  42.1  220s
  2837  2542  171.65355  127  592  187.33149  167.63641  10.5%  42.0  225s
  2845  2548  167.66752   50  625  187.33149  167.66752  10.5%  41.9  230s
  2850  2551  179.68376   82  551  187.33149  167.77082  10.4%  41.8  235s
  2857  2556  173.42290   15  557  187.33149  167.85585  10.4%  41.7  240s
  2867  2562  170.69757   92  538  187.33149  167.91539  10.4%  41.6  245s
  2875  2568  167.96802   56  498  187.33149  167.96802  10.3%  41.4  250s
  2882  2572  174.42240  129  502  187.33149  167.98326  10.3%  41.3  255s
  2893  2580  174.31754   60  455  187.33149  168.02227  10.3%  41.2  261s
  2901  2585  168.66971  106  536  187.33149  168.07789  10.3%  41.1  266s
  2911  2592  171.88743   31  501  187.33149  168.12814  10.3%  40.9  270s
  2923  2600  175.74068   33  571  187.33149  168.26072  10.2%  40.8  276s
  2931  2605  168.37274   53  565  187.33149  168.37274  10.1%  40.7  280s
  2940  2611  185.81405   68  571  187.33149  168.46014  10.1%  40.5  285s
  2947  2616  181.12419   18  571  187.33149  168.49926  10.1%  40.4  290s
  2953  2620  178.48255  126  594  187.33149  168.51902  10.0%  40.4  295s
  2960  2624  170.23979   53  595  187.33149  168.57572  10.0%  40.3  300s
  2971  2633  169.99165   22  459  187.33149  168.58910  10.0%  80.4  305s
  2975  2636  168.58910   56  485  187.33149  168.58910  10.0%  80.3  310s
  2980  2639  168.58910   23  396  187.33149  168.58910  10.0%  80.1  315s
  2993  2648  174.31754   60  480  187.33149  168.72361  9.93%  79.8  320s
  3000  2652  168.75618   16  512  187.33149  168.75618  9.92%  79.6  325s
  3009  2658  177.58270  126  527  187.33149  168.80981  9.89%  79.4  330s
  3017  2664  177.31049   85  477  187.33149  168.84745  9.87%  79.1  335s
  3023  2668  175.74068   33  535  187.33149  168.87502  9.85%  79.0  340s
  3033  2674  180.72570  132  473  187.33149  168.98615  9.79%  78.7  346s
  3044  2682  169.01786   22  518  187.33149  169.01786  9.78%  78.4  350s
  3048  2684  174.58957   35  438  187.33149  169.07620  9.74%  78.3  356s
  3055  2689  169.14229   26  436  187.33149  169.14229  9.71%  78.2  360s
  3066  2696  174.31146   52  416  187.33149  169.32227  9.61%  77.9  365s
  3077  2704  169.41349   64  460  187.33149  169.41349  9.56%  77.6  370s
  3094  2715  169.57714   31  494  187.33149  169.57714  9.48%  77.2  375s
  3104  2722  173.15893   95  562  187.33149  169.74003  9.39%  76.9  380s
  3118  2731  169.80632   30  431  187.33149  169.80632  9.36%  76.6  385s
  3131  2740  169.87093   53  542  187.33149  169.87093  9.32%  76.3  390s
  3142  2747  186.82714  106  525  187.33149  169.91585  9.30%  76.0  395s
  3153  2755  178.48255  126  266  187.33149  169.92673  9.29%  97.5  401s
  3163  2762  185.81404   61  335  187.33149  169.92673  9.29%  97.2  405s
  3175  2770  170.30753   56  463  187.33149  170.30753  9.09%  96.8  410s
  3193  2782  174.31754   60  473  187.33149  171.09510  8.67%  96.3  415s
  3210  2793  180.43129  114  532  187.33149  171.20709  8.61%  95.8  420s
  3216  2797  183.35938   54  558  187.33149  171.24477  8.59%  95.6  425s
  3222  2801  171.28327   46  475  187.33149  171.28327  8.57%  95.4  430s
  3226  2804  177.09801  150  496  187.33149  171.28498  8.57%  95.3  435s
  3234  2811  171.28564   76  294  187.33149  171.28564  8.57%   108  440s
  3237  2813  171.65355  127  114  187.33149  171.28564  8.57%   108  445s
  3240  2815  185.81405   68  111  187.33149  171.28564  8.57%   108  453s
  3241  2815  171.28564   30  170  187.33149  171.28564  8.57%   108  455s
  3242  2816  186.82714  106  136  187.33149  171.28564  8.57%   108  460s
  3245  2818  171.28564   50  284  187.33149  171.28564  8.57%   108  466s
  3246  2819  171.28564   66  220  187.33149  171.28564  8.57%   108  474s
  3247  2819  181.12419   18  346  187.33149  171.28564  8.57%   107  477s
  3248  2820  174.58957   35  240  187.33149  171.28564  8.57%   107  483s
  3249  2821  177.84045   40  186  187.33149  171.28564  8.57%   107  487s
  3250  2821  179.68376   82  186  187.33149  171.28564  8.57%   107  490s
  3251  2825  171.28564   44  197  187.33149  171.28564  8.57%   134  509s
  3253  2828  171.28564   45  277  187.33149  171.28564  8.57%   135  527s
  3257  2835  171.28564   46  374  187.33149  171.28564  8.57%   136  535s
  3265  2848  171.36268   47  476  187.33149  171.28564  8.57%   143  542s
  3329  2891  171.70266   49  437  187.33149  171.39123  8.51%   154  545s
  3374  2919  171.46968   51  525  187.33149  171.39123  8.51%   153  550s
  3418  2948  171.46968   52  525  187.33149  171.39123  8.51%   153  556s
  3478  2982  171.47570   53  530  187.33149  171.39123  8.51%   151  582s
H 3484  2838                     187.3067589  171.39123  8.50%   151  582s
  3541  2879  171.47619   54  558  187.30676  171.39123  8.50%   150  588s
  3613  2922  171.47619   55  558  187.30676  171.39123  8.50%   148  591s
H 3614  2788                     187.3067588  171.39123  8.50%   148  591s
  3692  2835  171.91426   56  513  187.30676  171.39123  8.50%   147  598s
H 3700  2704                     187.3067588  171.39123  8.50%   147  598s
H 3772  2627                     187.3067586  171.39123  8.50%   146  605s
  3871  2681  171.83359   59  554  187.30676  171.39123  8.50%   144  615s
  3979  2728  171.54048   61  497  187.30676  171.39123  8.50%   142  626s
H 3980  2613                     187.3067579  171.39123  8.50%   142  626s
H 3986  2501                     179.0778307  171.39123  4.29%   142  626s
  4180  2662  171.54913   63  481  179.07783  171.39123  4.29%   140  630s
  4653  2699  171.72798   70  431  179.07783  171.39123  4.29%   133  635s
H 5180  2946                     177.0778307  171.39123  3.21%   123  638s
  5683  3281  171.78541   77  471  177.07783  171.39123  3.21%   115  641s
  6149  3343  171.90758   82  475  177.07783  171.39123  3.21%   112  647s
H 6233  3217                     177.0501544  171.39123  3.20%   111  647s
  6493  3429  171.90775   86  488  177.05015  171.39123  3.20%   109  651s
  6893  3607  171.93337   93  425  177.05015  171.39123  3.20%   107  655s
  7587  4006  171.94363  101  428  177.05015  171.39123  3.20%   103  661s
H 7862  3836                     176.9931776  171.39123  3.17%   102  668s
H 7863  3743                     176.8533474  171.39123  3.09%   102  668s
  8026  4016  171.94728  108  450  176.85335  171.39123  3.09%   101  670s
  8653  4369  171.95349  114  457  176.85335  171.39123  3.09%  99.1  675s
  9384  4898  171.98085  120  432  176.85335  171.39123  3.09%  97.6  681s
 10099  5236  171.99236  130  482  176.85335  171.39123  3.09%  95.2  693s
H10104  5231                     176.8113716  171.39123  3.07%  95.2  693s
H10106  5229                     176.7700141  171.39123  3.04%  95.2  693s
H10112  5228                     176.7517812  171.39123  3.03%  95.2  693s
 10121  5598     cutoff  130       176.75178  171.39123  3.03%  95.2  696s
 10897  6185  172.01180  142  447  176.75178  171.39123  3.03%  93.4  700s
 11709  6979  172.08423  157  334  176.75178  171.39123  3.03%  91.6  706s
 12260  6982  172.25488  172  267  176.75178  171.39123  3.03%  90.1  722s
H12262  6975                     176.7098054  171.39123  3.01%  90.1  722s
H12271  6975                     176.7098054  171.39123  3.01%  90.1  722s
 12276  7157     cutoff  172       176.70981  171.44508  2.98%  90.1  725s
 13090  8036  173.29828   74  311  176.70981  171.44557  2.98%  89.0  730s
 14016  8506  171.72967   67  573  176.70981  171.44564  2.98%  87.7  742s
H14172  8506                     176.7098052  171.44564  2.98%  87.7  742s
 14263  8947  171.88419   84  548  176.70981  171.44564  2.98%  87.7  745s
 15194  9638  172.26177  124  424  176.70981  171.44564  2.98%  86.3  753s
 15588  9699  172.39969  150  332  176.70981  171.44564  2.98%  85.7  761s
H15592  9699                     176.7098051  171.44564  2.98%  85.7  761s
 15663 10210  172.41415  152  316  176.70981  171.44767  2.98%  85.5  766s
 16290 10691  171.66156   58  530  176.70981  171.44777  2.98%  85.3  770s
 16878 10971  172.75698   92  350  176.70981  171.44777  2.98%  85.1  775s
H16951 10971                     176.7098050  171.44777  2.98%  85.2  775s
H16973 10971                     176.7098048  171.44777  2.98%  85.3  775s
 17659 11283  172.77297   73  394  176.70980  171.44777  2.98%  85.0  830s
H17670 11283                     176.7098009  171.44777  2.98%  84.9  830s
 17679 11290  172.77297   74  394  176.70980  171.44777  2.98%  85.0  844s
H17697 11281                     176.6850782  171.44777  2.96%  85.0  844s
 17704 11490  172.77691   75  398  176.68508  171.44777  2.96%  84.9  861s
H17825 11490                     176.6849178  171.44777  2.96%  84.9  861s
 18075 11912  172.97681   99  374  176.68492  171.57245  2.89%  85.0  866s
 18850 12342  172.29039   60  485  176.68492  171.57245  2.89%  84.8  870s
 19399 13100  173.02743   84  436  176.68492  171.69475  2.82%  84.2  875s
 20282 13753  172.42313   54  489  176.68492  171.70236  2.82%  83.7  881s
 21116 14069  172.44337   61  451  176.68492  171.70236  2.82%  83.6  894s
 21504 16368  173.39233   61  477  176.68492  171.70236  2.82%  83.4  916s
 24952 16763  174.00831  164  281  176.68492  171.70236  2.82%  84.7  925s
 25634 17669  176.35255  194  180  176.68492  171.70844  2.82%  85.2  934s
 26992 18709  175.10903   59  503  176.68492  171.71209  2.81%  84.6  942s
 28334 19497  172.21442   89  440  176.68492  171.72746  2.81%  83.8  949s
 29320 20540  174.57211  152  403  176.68492  171.72756  2.81%  83.6  957s
 30594 21553  172.01992   88  518  176.68492  171.72759  2.81%  83.0  963s
 31754 21573     cutoff  159       176.68492  171.72779  2.81%  82.7  976s
H31764 21573                     176.6849178  171.72779  2.81%  82.7  976s
 31794 22248  171.73683   56  485  176.68492  171.72779  2.81%  82.7  985s
 32603 22862  172.09053   98  468  176.68492  171.72779  2.81%  82.6  996s
 33362 24026  172.42615  143  395  176.68492  171.73683  2.80%  82.8 1006s
 34720 24951  172.68902  104  541  176.68492  171.74720  2.79%  82.4 1014s
 35916 25827  176.60144   54  478  176.68492  171.74720  2.79%  82.6 1023s
 37280 26025  172.90157   87  444  176.68492  171.74720  2.79%  82.8 1030s
 37672 26838  172.99076   95  446  176.68492  171.74720  2.79%  83.0 1038s
 39095 27888  173.21741  138  436  176.68492  171.75277  2.79%  83.5 1050s
 40627 28754  176.23341  122  345  176.68492  171.76371  2.79%  83.7 1063s
 41801 30199  174.69594   82  440  176.68492  171.76784  2.78%  83.6 1242s
 44058 31378  174.90147   80  361  176.68492  171.77833  2.78%  84.0 1256s
 45961 31886  172.33075   63  472  176.68492  171.78512  2.77%  84.2 1277s
 46574 32522  172.33075   64  471  176.68492  171.78512  2.77%  84.2 1294s
H46881 32522                     176.6849177  171.78512  2.77%  84.2 1294s
 47332 34763  172.86922  119  375  176.68492  171.78725  2.77%  84.3 1311s
 50036 36233  172.76589   71  420  176.68492  171.79325  2.77%  83.9 1330s
 51935 36640  176.35022   78  354  176.68492  171.80025  2.76%  84.2 1341s
 52522 37225     cutoff  115       176.68492  171.80085  2.76%  84.1 1353s
 53293 38667  171.89541   72  552  176.68492  171.80683  2.76%  84.3 1367s
 55063 40205  172.03770   61  447  176.68492  171.81566  2.76%  84.8 1384s
 57127 41065  172.89430   51  381  176.68492  171.82159  2.75%  85.1 1397s
 58525 41805  172.78959   87  491  176.68492  171.82173  2.75%  85.7 1411s
 59626 43690  172.18441   59  407  176.68492  171.82547  2.75%  85.8 1426s
 62008 44874  172.49205  101  402  176.68492  171.83294  2.75%  86.0 1437s
 64017 45671  176.59866   65  382  176.68492  171.83777  2.74%  86.6 1453s
 66390 46979  172.79091   63  459  176.68492  171.84605  2.74%  87.2 1468s
 68047 47209  175.77710  187  332  176.68492  171.84831  2.74%  87.4 1481s
 68386 48626  172.19992   64  429  176.68492  171.84843  2.74%  87.6 1500s
 70226 49620  173.40050   98  515  176.68492  171.85383  2.73%  87.9 1516s
 71575 50498  173.40195   99  356  176.68492  171.85846  2.73%  88.1 1535s
 73437 51720     cutoff  100       176.68492  171.86282  2.73%  88.6 1551s
 75262 52580     cutoff   87       176.68492  171.86733  2.73%  89.0 1567s
 77100 53255  173.07837  113  425  176.68492  171.87142  2.72%  89.5 1583s
 78865 53847  174.05736   77  464  176.68492  171.87376  2.72%  89.8 1602s
 79930 54899  172.84980  109  469  176.68492  171.87843  2.72%  90.4 1619s
 81570 55772  174.87593  159  483  176.68492  171.88199  2.72%  90.8 1642s
 82772 57165  172.71955  103  429  176.68492  171.88683  2.72%  91.3 1663s
 84923 57395  174.25027  102  422  176.68492  171.89327  2.71%  91.5 1688s
 85593 60558     cutoff  111       176.68492  171.89482  2.71%  91.7 1726s
 89963 62512  172.45843  133  406  176.68492  171.90077  2.71%  92.4 1742s
 92582 63351  172.76144   85  505  176.68492  171.90734  2.70%  92.7 1760s
 94593 64477  172.28567   69  466  176.68492  171.91019  2.70%  93.0 1777s
 96048 64724 infeasible  135       176.68492  171.91381  2.70%  93.2 1803s
 96417 66494  172.70162   76  517  176.68492  171.91417  2.70%  93.3 1817s
 98683 67688  172.61248   71  561  176.68492  171.91956  2.70%  93.8 1835s
 100236 68976  174.13286  145  467  176.68492  171.92366  2.69%  94.0 1853s
 102764 69954  173.78576   59  401  176.68492  171.92700  2.69%  94.2 1871s
 104419 71215  174.19221   87  485  176.68492  171.92990  2.69%  94.3 1890s
 106529 72907  173.04366   95  420  176.68492  171.93402  2.69%  94.7 1905s
 108911 73534 infeasible   81       176.68492  171.93805  2.69%  94.8 1919s
 110272 74231  173.78132   54  494  176.68492  171.94029  2.69%  95.3 1938s
 111418 75620 infeasible  101       176.68492  171.94113  2.68%  95.7 1956s
 113376 76685     cutoff   87       176.68492  171.94429  2.68%  96.0 1973s
 114892 78300  172.12350   73  489  176.68492  171.94702  2.68%  96.3 1989s
 116994 79820  174.00779  140  391  176.68492  171.95049  2.68%  96.5 2010s
 118831 81391  176.04671  144  461  176.68492  171.95315  2.68%  96.5 2028s
 120896 82274  173.10822   89  462  176.68492  171.95661  2.68%  96.8 2047s
 122180 83198     cutoff   83       176.68492  171.95944  2.67%  97.1 2063s
 123520 84889  172.19484   83  410  176.68492  171.96153  2.67%  97.5 2081s
 125763 86365 infeasible  113       176.68492  171.96325  2.67%  97.8 2102s
 127840 87238  174.53278  111  417  176.68492  171.96597  2.67%  98.0 2125s
H128595 87237                     176.6819921  171.96668  2.67%  98.1 2125s
 129129 88726 infeasible  109       176.68199  171.96741  2.67%  98.3 2157s
 131224 91112  174.09464   77  476  176.68199  171.96958  2.67%  98.9 2182s
 134385 91916  174.34378  116  361  176.68199  171.97298  2.67%  99.2 2203s
 135538 93847  172.22178  106  442  176.68199  171.97523  2.66%  99.4 2224s
 138214 94798  172.64193  103  468  176.68199  171.97721  2.66%   100 2248s
 139807 96553  173.54795   95  376  176.68199  171.97804  2.66%   100 2270s
 142317 98304  173.11317   73  447  176.68199  171.98292  2.66%   100 2292s
 144844 99394  173.90102   92  494  176.68199  171.98504  2.66%   101 2315s
 146598 100353  173.41674  102  453  176.68199  171.98638  2.66%   101 2342s
H147121 100309                     176.6653415  171.98719  2.65%   101 2342s
 147895 101816  172.27183   56  450  176.66534  171.98777  2.65%   101 2367s
 150382 102814  174.39590  111  333  176.66534  171.99072  2.65%   101 2395s
 151864 105467  172.13673   77  344  176.66534  171.99287  2.64%   102 2421s
 155358 106432  172.63898  103  466  176.66534  171.99626  2.64%   102 2444s
H156308 106358                     176.6406142  171.99699  2.63%   102 2444s
 156661 107644  172.33779   87  463  176.64061  171.99728  2.63%   102 2466s
 158505 107657  174.58939  111  469  176.64061  171.99981  2.63%   102 2551s
H158506 107657                     176.6406142  171.99981  2.63%   102 2551s
 158523 109010  174.59349  112  465  176.64061  171.99988  2.63%   102 2573s
 160316 110168  175.17134  103  420  176.64061  172.00101  2.63%   102 2596s
 162869 110992  175.03541   55  333  176.64061  172.00351  2.63%   102 2627s
H163053 110975                     176.6368265  172.00378  2.62%   102 2627s
 164104 112255  175.01542  124  512  176.63683  172.00433  2.62%   102 2653s
 165932 113480  172.69557   94  392  176.63683  172.00732  2.62%   103 2672s
 167721 114669  172.51747  101  410  176.63683  172.00946  2.62%   103 2696s
 170192 115433  172.36532  120  480  176.63683  172.01154  2.62%   103 2723s
 171601 116459 infeasible   83       176.63683  172.01225  2.62%   103 2753s
 173648 117474  174.53586  125  369  176.63683  172.01605  2.62%   104 2778s
 175361 118988  172.07823   86  500  176.63683  172.01772  2.62%   104 2798s
 177769 120477  173.30218   68  397  176.63683  172.02021  2.61%   104 2818s
 180058 120510     cutoff  123       176.63683  172.02359  2.61%   104 2853s
H180066 120510                     176.6368265  172.02359  2.61%   104 2853s
 180107 121104  172.44551   69  535  176.63683  172.02359  2.61%   104 2877s
H180475 121104                     176.6368265  172.02359  2.61%   104 2877s
 181113 122075  173.05123   95  428  176.63683  172.02434  2.61%   105 2901s
 182880 123528  173.21294   67  469  176.63683  172.02749  2.61%   105 2928s
 185540 124920  174.08446   94  471  176.63683  172.02963  2.61%   105 2957s
 187381 126167  172.47142   69  513  176.63683  172.03193  2.61%   105 2981s
 189240 127674  174.17550  142  291  176.63683  172.03359  2.61%   105 3015s
 191929 128920  173.95395  100  380  176.63683  172.03583  2.60%   106 3040s
 194078 129866  175.10884   90  311  176.63683  172.03809  2.60%   106 3062s
 195746 131635     cutoff   83       176.63683  172.03936  2.60%   107 3093s
 198408 133242  174.83216  112  516  176.63683  172.04016  2.60%   107 3128s
 200768 134660  172.39638   78  407  176.63683  172.04211  2.60%   107 3154s
 203217 136803  175.55719  129  323  176.63683  172.04392  2.60%   107 3186s
 206130 138792  174.69324  128  425  176.63683  172.04659  2.60%   107 3216s
 209156 140585  173.65371   82  429  176.63683  172.04947  2.60%   107 3245s
 211621 141490  173.08167   93  393  176.63683  172.05161  2.60%   108 3272s
 212855 143056  176.54550  115  340  176.63683  172.05226  2.60%   108 3300s
 215507 144274 infeasible   76       176.63683  172.05398  2.59%   108 3330s
 217981 145326  172.62556   74  376  176.63683  172.05572  2.59%   108 3353s
 219747 146915  173.36195   97  488  176.63683  172.05769  2.59%   109 3381s
 222153 147979  172.91473   81  381  176.63683  172.05990  2.59%   109 3406s
 223857 149288  172.37623   73  448  176.63683  172.06237  2.59%   109 3439s
 225845 151066  172.33103   91  395  176.63683  172.06416  2.59%   109 3472s
 228593 152895  173.82505   89  415  176.63683  172.06593  2.59%   110 3503s
 231213 153662  175.19327  134  403  176.63683  172.06714  2.59%   110 3532s
 232642 154726  174.85385  103  411  176.63683  172.06854  2.59%   110 3559s
 234445 156303  174.02859   69  506  176.63683  172.07074  2.59%   110 3588s
 236830 157824  173.23638   87  407  176.63683  172.07338  2.58%   110 3623s
 238937 158783     cutoff  122       176.63683  172.07506  2.58%   110 3657s
H239472 158783                     176.6368264  172.07571  2.58%   110 3657s
 241168 160223  172.63620   96  470  176.63683  172.07677  2.58%   111 3695s
 243551 161674  176.37875  174  208  176.63683  172.07854  2.58%   111 3726s
 245842 163676  176.35783   97  390  176.63683  172.08001  2.58%   111 3757s
 248848 164362  173.87019  121  450  176.63683  172.08189  2.58%   111 3788s
 250196 165513  172.30436  121  476  176.63683  172.08416  2.58%   112 3822s
 252187 167156     cutoff   73       176.63683  172.08617  2.58%   112 3859s
 255176 168307  175.43124  109  436  176.63683  172.08896  2.57%   112 3897s
 256803 170464  172.15394   92  380  176.63683  172.09015  2.57%   112 3943s
 260127 171627 infeasible  130       176.63683  172.09143  2.57%   112 3974s
 262052 173164  172.94752   79  400  176.63683  172.09510  2.57%   113 4013s
 264619 174682  173.27852   88  409  176.63683  172.09702  2.57%   113 4051s
 266950 176452  173.35531  110  447  176.63683  172.09929  2.57%   113 4086s
 269973 177638  172.77251   68  415  176.63683  172.10204  2.57%   113 4122s
 271753 179980  176.48763  134  343  176.63683  172.10319  2.57%   113 4155s
 275347 181284  172.36617   84  484  176.63683  172.10477  2.57%   113 4184s
 277441 183169  172.98034  103  331  176.63683  172.10706  2.56%   114 4215s
 280625 184359 infeasible  119       176.63683  172.10861  2.56%   114 4242s
 282448 185082  172.40643   79  479  176.63683  172.11028  2.56%   114 4285s
H283620 185082                     176.6368264  172.11062  2.56%   114 4285s
 283696 187813     cutoff  120       176.63683  172.11062  2.56%   114 4334s
 288365 188770     cutoff   84       176.63683  172.11427  2.56%   114 4374s
H288366 188770                     176.6368260  172.11427  2.56%   114 4375s
 290113 190018  175.08729   94  442  176.63683  172.11577  2.56%   114 4410s
 292280 192126  174.31673  124  408  176.63683  172.11666  2.56%   115 4445s
 295666 193234  174.38283  163  435  176.63683  172.11949  2.56%   115 4482s
 297448 195044  172.72660   96  353  176.63683  172.12225  2.56%   115 4517s
 300658 196321  175.04733   75  399  176.63683  172.12352  2.56%   115 4549s
 302922 198005  174.50562  109  378  176.63683  172.12610  2.55%   115 4583s
 305670 198862     cutoff  113       176.63683  172.12906  2.55%   115 4609s
 306926 201042  173.30262  173  374  176.63683  172.12946  2.55%   115 4643s
 310188 202292  173.92201   71  428  176.63683  172.13057  2.55%   115 4670s
 312050 203724  172.55291  114  433  176.63683  172.13207  2.55%   115 4705s
 314848 204478  176.30582  107  305  176.63683  172.13376  2.55%   115 4733s
 316528 205644     cutoff   86       176.63683  172.13501  2.55%   116 4762s
 318316 207809  176.22206  110  378  176.63683  172.13606  2.55%   116 4798s
 321652 208809  175.91681  116  388  176.63683  172.13802  2.55%   116 4830s
 323705 209537  175.67487   81  446  176.63683  172.13937  2.55%   116 4861s
 325108 211270  173.53061  126  353  176.63683  172.14025  2.55%   116 4918s
 328237 212643  174.02439  123  501  176.63683  172.14189  2.54%   116 4970s
 330417 214036  175.15465   89  451  176.63683  172.14207  2.54%   117 5025s
 332732 215933 infeasible  125       176.63683  172.14435  2.54%   117 5075s
 335890 217579  172.61968  124  361  176.63683  172.14738  2.54%   117 5121s
 338612 218881  173.28406   80  406  176.63683  172.14925  2.54%   117 5165s
 340716 221042  175.16154  118  378  176.63683  172.15062  2.54%   117 5206s
 344523 222057  172.23971   80  415  176.63683  172.15241  2.54%   117 5237s
 346372 224138     cutoff  125       176.63683  172.15299  2.54%   118 5289s
 349459 225587  176.18653   89  328  176.63683  172.15497  2.54%   118 5328s
 351748 226244  172.34590   90  493  176.63683  172.15543  2.54%   118 5376s
 352996 227576  173.43588   98  277  176.63683  172.15592  2.54%   118 5427s
 355587 228721     cutoff  132       176.63683  172.15691  2.54%   118 5467s
 357613 230015  173.56894   99  364  176.63683  172.15854  2.54%   118 5509s
 359978 231702  173.10593   77  470  176.63683  172.15993  2.53%   118 5571s
 362806 232710  173.68928   78  370  176.63683  172.15993  2.53%   118 5612s
 364714 234517  174.26941   84  372  176.63683  172.16226  2.53%   118 5649s
 367867 235722  172.40413   81  429  176.63683  172.16356  2.53%   119 5682s
 369693 237496  173.22683  142  391  176.63683  172.16461  2.53%   119 5732s
 372392 238731  173.80508  139  377  176.63683  172.16609  2.53%   119 5767s
 374544 240746  175.65236  131  422  176.63683  172.16710  2.53%   119 5803s
 378011 240756  176.20920  136  301  176.63683  172.16978  2.53%   119 5902s
H378040 240756                     176.6368258  172.16978  2.53%   119 5902s
 378055 242147  176.26172  137  263  176.63683  172.17025  2.53%   119 5937s
 380469 243368  172.87459   64  340  176.63683  172.17150  2.53%   119 5971s
 382594 244640  173.19672  119  474  176.63683  172.17214  2.53%   120 6006s
 384733 245561 infeasible  151       176.63683  172.17399  2.53%   120 6032s
 386398 246907  172.22426   77  487  176.63683  172.17585  2.53%   120 6066s
 388770 247916  175.64097  122  441  176.63683  172.17698  2.52%   120 6096s
 390578 249611  173.12398  120  409  176.63683  172.17803  2.52%   120 6137s
 393411 250846  174.77230  162  233  176.63683  172.17916  2.52%   121 6173s
 395508 252385     cutoff   71       176.63683  172.18030  2.52%   121 6207s
 398028 253874     cutoff  107       176.63683  172.18147  2.52%   121 6247s
 400639 255220 infeasible  130       176.63683  172.18337  2.52%   121 6287s
H402392 255175                     176.6304868  172.18379  2.52%   121 6287s
 403018 256386 infeasible  106       176.63049  172.18454  2.52%   121 6324s
 405381 257760  172.96561   76  338  176.63049  172.18583  2.52%   121 6365s
 407953 259238  176.47873  107  342  176.63049  172.18760  2.52%   121 6401s
H409329 259238                     176.6304868  172.18799  2.52%   121 6401s
 410598 260448  172.98273  102  370  176.63049  172.18892  2.51%   121 6436s
 412625 262226     cutoff  102       176.63049  172.18974  2.51%   122 6471s
 415872 263164  176.06558  149  323  176.63049  172.19207  2.51%   122 6499s
 417651 264008  172.84443  126  422  176.63049  172.19275  2.51%   122 6547s
 419654 265209 infeasible   78       176.63049  172.19401  2.51%   122 6588s
 421784 266512  173.43041  138  410  176.63049  172.19495  2.51%   122 6631s
 424701 266524  173.20900   98  454  176.63049  172.19690  2.51%   122 6713s
 424756 267752  175.79809  100  370  176.63049  172.19711  2.51%   122 6749s
 426823 268773  172.26204  102  419  176.63049  172.19814  2.51%   122 6789s
 427955 268773  172.61166   77  436  176.63049  172.19876  2.51%   122 6790s
 428947 269939  174.03634  110  418  176.63049  172.19939  2.51%   123 6842s
 431288 270826     cutoff  125       176.63049  172.20077  2.51%   123 6877s
 432929 272484 infeasible  143       176.63049  172.20199  2.51%   123 6925s
 435965 273846     cutoff  105       176.63049  172.20330  2.51%   123 6967s
 438603 275363  172.47410   77  347  176.63049  172.20480  2.51%   123 7005s
 441225 276492  172.81057  117  449  176.63049  172.20578  2.51%   123 7048s
 443501 277761  172.61562   80  393  176.63049  172.20708  2.50%   123 7085s
 445891 278983     cutoff  109       176.63049  172.20797  2.50%   124 7122s
 448396 280334  172.41494   68  507  176.63049  172.20940  2.50%   124 7157s
 450847 282208  173.90897  109  484  176.63049  172.21129  2.50%   124 7191s
 453987 282259  172.28116   70  472  176.63049  172.21276  2.50%   124 7200s

Cutting planes:
  Learned: 4
  Gomory: 177
  Cover: 154
  Implied bound: 618
  Projected implied bound: 4
  Clique: 11
  MIR: 1147
  StrongCG: 7
  Flow cover: 2503
  Inf proof: 49
  Zero half: 24
  RLT: 108
  Relax-and-lift: 183
  PSD: 1

Explored 454108 nodes (56333263 simplex iterations) in 7200.09 seconds (2072.97 work units)
Thread count was 32 (of 32 available processors)

Solution count 10: 176.63 176.63 176.637 ... 176.641

Time limit reached
Best objective 1.766304868046e+02, best bound 1.722127636997e+02, gap 2.5011%
