
Gurobi 9.5.2 (linux64) logging started Sat Aug 15 19:21:05 2026

Set parameter LogFile to value "/mnt/beegfs/users/celinep/ChargeAndBreak/logs/RlongCmanyTmedium_19_2SP_20260814_230343_086_gurobi.log"
Gurobi Optimizer version 9.5.2 build v9.5.2rc0 (linux64)
Thread count: 16 physical cores, 32 logical processors, using up to 32 threads
Optimize a model with 191482 rows, 88458 columns and 625161 nonzeros
Model fingerprint: 0x04bf45d0
Variable types: 77801 continuous, 10657 integer (10657 binary)
Coefficient statistics:
  Matrix range     [4e-02, 2e+03]
  Objective range  [2e-02, 4e-02]
  Bounds range     [1e+00, 1e+00]
  RHS range        [6e-03, 5e+02]
Presolve removed 66925 rows and 21807 columns
Presolve time: 3.53s
Presolved: 124557 rows, 66651 columns, 536063 nonzeros
Variable types: 59278 continuous, 7373 integer (7373 binary)
Found heuristic solution: objective 202.2524215

Deterministic concurrent LP optimizer: primal and dual simplex (primal and dual model)
Showing first log only...

Root relaxation presolve removed 2659 rows and 2659 columns
Root relaxation presolved: 121898 rows, 63992 columns, 530745 nonzeros


Root simplex log...

Iteration    Objective       Primal Inf.    Dual Inf.      Time
       0    4.6625216e+01   5.999240e+04   6.045768e+11      6s
   46253    5.8074767e+01   5.133422e+02   5.044691e+09     10s
   55468    1.3801693e+02   1.433748e+01   1.580836e+09     15s
   56802    1.4614803e+02   0.000000e+00   5.120880e+03     17s
   60389    1.3194367e+02   0.000000e+00   3.965452e+03     20s
   63899    1.2742218e+02   0.000000e+00   5.222123e+03     25s
   65774    1.2553126e+02   0.000000e+00   1.349719e+04     30s
   67929    1.2200477e+02   0.000000e+00   6.514006e+04     35s
   69539    1.2059877e+02   0.000000e+00   3.218450e+04     40s
   71294    1.1985779e+02   0.000000e+00   1.600058e+05     45s
   73469    1.1912046e+02   0.000000e+00   6.030322e+04     50s
   75139    1.1829417e+02   0.000000e+00   3.759201e+04     55s
   76619    1.1705756e+02   0.000000e+00   1.135512e+04     60s
   78479    1.1587583e+02   0.000000e+00   3.866518e+04     65s
   80319    1.1457799e+02   0.000000e+00   1.895833e+05     70s
   82104    1.1344915e+02   0.000000e+00   5.024423e+05     75s
   83994    1.1215797e+02   0.000000e+00   2.382021e+03     80s
   85914    1.1135655e+02   0.000000e+00   4.529343e+04     85s
   87884    1.1062656e+02   0.000000e+00   2.472258e+04     90s
   89834    1.0984494e+02   0.000000e+00   7.847812e+03     95s
   91934    1.0920823e+02   0.000000e+00   3.173912e+04    100s
   94104    1.0895412e+02   0.000000e+00   2.889614e+03    105s
   96444    1.0797665e+02   0.000000e+00   2.158857e+04    110s
Concurrent spin time: 4.31s

Solved with primal simplex (dual model)

Root relaxation: objective 1.049868e+02, 74252 iterations, 112.49 seconds (100.52 work units)
Total elapsed time = 120.17s

    Nodes    |    Current Node    |     Objective Bounds      |     Work
 Expl Unexpl |  Obj  Depth IntInf | Incumbent    BestBd   Gap | It/Node Time

     0     0  106.64350    0 3294  202.25242  106.64350  47.3%     -  144s
     0     0  107.94283    0 3988  202.25242  107.94283  46.6%     -  177s
H    0     0                     189.9583491  107.94283  43.2%     -  182s
     0     0  108.51241    0 3930  189.95835  108.51241  42.9%     -  197s
     0     0  108.70522    0 4196  189.95835  108.70522  42.8%     -  211s
     0     0  108.72467    0 4163  189.95835  108.72467  42.8%     -  215s
     0     0  108.72753    0 4173  189.95835  108.72753  42.8%     -  216s
     0     0  108.72794    0 4182  189.95835  108.72794  42.8%     -  217s
     0     0  108.72819    0 4183  189.95835  108.72819  42.8%     -  218s
     0     0  108.72828    0 4174  189.95835  108.72828  42.8%     -  219s
     0     0  109.17493    0 4116  189.95835  109.17493  42.5%     -  254s
     0     0  109.23071    0 4339  189.95835  109.23071  42.5%     -  300s
     0     0  109.23341    0 4197  189.95835  109.23341  42.5%     -  304s
     0     0  109.23501    0 4268  189.95835  109.23501  42.5%     -  306s
     0     0  109.23528    0 4269  189.95835  109.23528  42.5%     -  308s
     0     0  109.78415    0 4149  189.95835  109.78415  42.2%     -  373s
     0     0  109.87231    0 4228  189.95835  109.87231  42.2%     -  413s
     0     0  109.87951    0 4357  189.95835  109.87951  42.2%     -  421s
     0     0  109.88188    0 4208  189.95835  109.88188  42.2%     -  427s
     0     0  109.88276    0 4147  189.95835  109.88276  42.2%     -  430s
     0     0  109.88310    0 4147  189.95835  109.88310  42.2%     -  431s
     0     0  110.19500    0 4091  189.95835  110.19500  42.0%     -  487s
     0     0  110.26034    0 4206  189.95835  110.26034  42.0%     -  501s
     0     0  110.27134    0 4314  189.95835  110.27134  41.9%     -  508s
     0     0  110.27307    0 4310  189.95835  110.27307  41.9%     -  510s
     0     0  110.27388    0 4236  189.95835  110.27388  41.9%     -  513s
     0     0  110.42808    0 4354  189.95835  110.42808  41.9%     -  552s
     0     0  110.45184    0 4354  189.95835  110.45184  41.9%     -  578s
     0     0  110.45493    0 4482  189.95835  110.45493  41.9%     -  584s
     0     0  110.45568    0 4338  189.95835  110.45568  41.9%     -  586s
     0     0  110.56797    0 4365  189.95835  110.56797  41.8%     -  617s
     0     0  110.58448    0 4389  189.95835  110.58448  41.8%     -  630s
     0     0  110.58650    0 4436  189.95835  110.58650  41.8%     -  634s
     0     0  110.58741    0 4390  189.95835  110.58741  41.8%     -  636s
     0     0  110.67220    0 4196  189.95835  110.67220  41.7%     -  660s
     0     0  110.68340    0 4232  189.95835  110.68340  41.7%     -  711s
     0     0  110.68528    0 4219  189.95835  110.68528  41.7%     -  715s
     0     0  110.68584    0 4190  189.95835  110.68584  41.7%     -  717s
     0     0  110.74614    0 4228  189.95835  110.74614  41.7%     -  748s
     0     0  110.75855    0 4316  189.95835  110.75855  41.7%     -  768s
     0     0  110.76034    0 4306  189.95835  110.76034  41.7%     -  775s
     0     0  110.76075    0 4309  189.95835  110.76075  41.7%     -  777s
     0     0  110.80480    0 4479  189.95835  110.80480  41.7%     -  802s
     0     0  110.81385    0 4522  189.95835  110.81385  41.7%     -  819s
     0     0  110.81573    0 4298  189.95835  110.81573  41.7%     -  823s
     0     0  110.81616    0 4256  189.95835  110.81616  41.7%     -  826s
     0     0  110.84527    0 4256  189.95835  110.84527  41.6%     -  853s
     0     0  110.84944    0 4328  189.95835  110.84944  41.6%     -  866s
     0     0  110.85005    0 4295  189.95835  110.85005  41.6%     -  870s
     0     0  110.86874    0 4394  189.95835  110.86874  41.6%     -  895s
     0     0  110.87074    0 4274  189.95835  110.87074  41.6%     -  905s
     0     0  110.87121    0 4269  189.95835  110.87121  41.6%     -  907s
     0     0  110.88100    0 4305  189.95835  110.88100  41.6%     -  916s
     0     0  110.88212    0 4253  189.95835  110.88212  41.6%     -  921s
     0     0  110.88228    0 4180  189.95835  110.88228  41.6%     -  923s
     0     0  110.89277    0 4551  189.95835  110.89277  41.6%     -  939s
     0     0  110.89539    0 4246  189.95835  110.89539  41.6%     -  953s
     0     0  110.89575    0 4288  189.95835  110.89575  41.6%     -  957s
     0     0  110.90535    0 4232  189.95835  110.90535  41.6%     -  976s
     0     0  110.90779    0 4498  189.95835  110.90779  41.6%     -  985s
     0     0  110.90823    0 4500  189.95835  110.90823  41.6%     -  988s
     0     0  110.91512    0 4289  189.95835  110.91512  41.6%     - 1000s
     0     0  110.91645    0 4465  189.95835  110.91645  41.6%     - 1009s
     0     0  110.91677    0 4449  189.95835  110.91677  41.6%     - 1012s
     0     0  110.92543    0 4547  189.95835  110.92543  41.6%     - 1040s
     0     0  110.92543    0 4344  189.95835  110.92543  41.6%     - 1117s
     0     2  110.92543    0 4064  189.95835  110.92543  41.6%     - 1309s
     1     4  110.92544    1 4180  189.95835  110.92544  41.6%  5646 1398s
     3     8  110.92628    2 4259  189.95835  110.92551  41.6% 13036 1492s
     7    16  111.47512    3 4506  189.95835  110.92628  41.6% 16968 1622s
    15    32  111.57295    4 4590  189.95835  111.47513  41.3% 20435 1748s
    31    48  111.57345    5 4664  189.95835  111.57304  41.3% 19722 2144s
    47    64  111.57423    6 4549  189.95835  111.57304  41.3% 18238 2213s
    63    80  111.57423    7 4559  189.95835  111.57304  41.3% 14628 3465s
H   79    96                     189.9316609  111.57304  41.3% 12363 3570s
H   82    96                     189.9155399  111.57304  41.3% 11978 3570s
H   83    96                     167.6679958  111.57304  33.5% 11839 3570s
    95   125  111.58536    9 4525  167.66800  111.57304  33.5% 10787 3682s
H  124   150                     166.9507779  111.57304  33.2%  8814 3749s
H  128   150                     166.9216898  111.57304  33.2%  8616 3749s
   149   177  111.62432   12 4414  166.92169  111.57304  33.2%  7749 3884s
H  178   201                     157.4549502  111.57304  29.1%  6844 4014s
H  179   201                     155.6933985  111.57304  28.3%  6815 4014s
H  184   201                     155.6870938  111.57304  28.3%  6704 4014s
H  185   201                     155.6710757  111.57304  28.3%  6678 4014s
H  187   201                     155.6649753  111.57304  28.3%  6633 4014s
H  191   201                     155.3988960  111.57304  28.2%  6521 4014s
   205   232  111.63812   14 4422  155.39890  111.57304  28.2%  6330 4125s
H  240   250                     144.1017723  111.57304  22.6%  5777 4251s
H  243   250                     141.9513938  111.57304  21.4%  5752 4251s
   262   287  111.66461   16 4408  141.95139  111.57304  21.4%  5438 4441s
H  303   303                     141.6776572  111.57304  21.2%  5002 5031s
H  303   303                     140.3369314  111.57304  20.5%  5002 5031s
H  304   303                     139.9791679  111.57304  20.3%  5008 5031s
H  308   303                     139.2242237  111.57304  19.9%  5013 5031s
   319   342  111.70707   19 4311  139.22422  111.57304  19.9%  4975 5224s
H  358   358                     138.9282080  111.57304  19.7%  4953 6110s
H  359   358                     138.8000342  111.57304  19.6%  4945 6110s
H  361   358                     138.7876610  111.57304  19.6%  4939 6110s
   374   416  111.72781   21 4281  138.78766  111.57304  19.6%  4885 6152s
   433   475  111.74163   22 4268  138.78766  111.57304  19.6%  4412 6251s
H  434   475                     138.7451727  111.57304  19.6%  4402 6251s
H  437   475                     138.7277709  111.57304  19.6%  4380 6251s
   494   548  111.74539   23 4208  138.72777  111.57304  19.6%  4098 6576s
H  573   562                     128.0910956  111.57304  12.9%  3816 7050s
   589   634  113.06584   27 4142  128.09110  111.57304  12.9%  3825 7175s
   672   646  113.08635   32 4156  128.09110  111.57304  12.9%  3620 7200s
H  676   646                     127.9805747  111.57304  12.8%  3604 7200s

Cutting planes:
  Gomory: 27
  Cover: 552
  Implied bound: 6812
  Clique: 1371
  MIR: 7705
  StrongCG: 15
  Flow cover: 7378
  Flow path: 31
  GUB cover: 24
  Zero half: 45
  RLT: 1646
  Relax-and-lift: 337
  BQP: 5
  PSD: 23

Explored 689 nodes (2904503 simplex iterations) in 7200.25 seconds (5983.39 work units)
Thread count was 32 (of 32 available processors)

Solution count 10: 127.981 128.091 138.728 ... 140.337

Time limit reached
Best objective 1.279805747012e+02, best bound 1.115730418871e+02, gap 12.8203%
