
Gurobi 9.5.2 (linux64) logging started Sun Aug 16 01:49:11 2026

Set parameter LogFile to value "/mnt/beegfs/users/celinep/ChargeAndBreak/logs/RlongCmanyTlarge_25_RO_20260815_094854_067_gurobi.log"
Gurobi Optimizer version 9.5.2 build v9.5.2rc0 (linux64)
Thread count: 16 physical cores, 32 logical processors, using up to 32 threads
Optimize a model with 7401 rows, 4132 columns and 25433 nonzeros
Model fingerprint: 0x2f2e47e7
Variable types: 2607 continuous, 1525 integer (1525 binary)
Coefficient statistics:
  Matrix range     [3e-02, 2e+03]
  Objective range  [1e+00, 1e+00]
  Bounds range     [1e+00, 1e+00]
  RHS range        [1e-02, 5e+02]
Presolve removed 2397 rows and 780 columns
Presolve time: 0.27s
Presolved: 5004 rows, 3352 columns, 22494 nonzeros
Variable types: 1985 continuous, 1367 integer (1366 binary)
Found heuristic solution: objective 259.8876395

Root relaxation: objective 1.365551e+02, 3446 iterations, 0.17 seconds (0.08 work units)

    Nodes    |    Current Node    |     Objective Bounds      |     Work
 Expl Unexpl |  Obj  Depth IntInf | Incumbent    BestBd   Gap | It/Node Time

     0     0  136.55506    0  333  259.88764  136.55506  47.5%     -    0s
     0     0  138.59241    0  402  259.88764  138.59241  46.7%     -    1s
H    0     0                     246.7326371  138.59241  43.8%     -    1s
H    0     0                     211.8484047  138.61563  34.6%     -    1s
     0     0  138.61563    0  401  211.84840  138.61563  34.6%     -    1s
     0     0  138.61614    0  408  211.84840  138.61614  34.6%     -    1s
     0     0  138.61634    0  408  211.84840  138.61634  34.6%     -    1s
     0     0  139.20843    0  363  211.84840  139.20843  34.3%     -    1s
H    0     0                     200.6817381  139.26958  30.6%     -    1s
H    0     0                     200.5082542  139.26958  30.5%     -    1s
     0     0  139.26958    0  466  200.50825  139.26958  30.5%     -    1s
     0     0  139.28472    0  488  200.50825  139.28472  30.5%     -    1s
     0     0  139.28572    0  489  200.50825  139.28572  30.5%     -    1s
     0     0  139.28584    0  489  200.50825  139.28584  30.5%     -    2s
H    0     0                     191.6823867  139.28584  27.3%     -    2s
H    0     0                     191.6664336  139.65703  27.1%     -    2s
     0     0  139.65703    0  404  191.66643  139.65703  27.1%     -    2s
     0     0  139.68001    0  417  191.66643  139.68001  27.1%     -    2s
     0     0  139.68234    0  418  191.66643  139.68234  27.1%     -    2s
     0     0  139.68307    0  432  191.66643  139.68307  27.1%     -    2s
     0     0  139.68312    0  432  191.66643  139.68312  27.1%     -    2s
     0     0  139.89698    0  445  191.66643  139.89698  27.0%     -    3s
     0     0  139.91534    0  423  191.66643  139.91534  27.0%     -    3s
     0     0  139.92341    0  390  191.66643  139.92341  27.0%     -    3s
     0     0  139.92556    0  423  191.66643  139.92556  27.0%     -    3s
     0     0  139.92608    0  413  191.66643  139.92608  27.0%     -    3s
     0     0  139.97844    0  366  191.66643  139.97844  27.0%     -    3s
H    0     0                     190.1159245  139.97844  26.4%     -    3s
     0     0  140.00954    0  425  190.11592  140.00954  26.4%     -    3s
     0     0  140.01277    0  402  190.11592  140.01277  26.4%     -    3s
     0     0  140.01309    0  406  190.11592  140.01309  26.4%     -    3s
     0     0  140.09935    0  380  190.11592  140.09935  26.3%     -    4s
     0     0  140.10477    0  370  190.11592  140.10477  26.3%     -    4s
     0     0  140.10501    0  391  190.11592  140.10501  26.3%     -    4s
     0     0  140.11532    0  440  190.11592  140.11532  26.3%     -    4s
     0     0  140.11598    0  437  190.11592  140.11598  26.3%     -    4s
     0     0  140.12555    0  485  190.11592  140.12555  26.3%     -    4s
     0     0  140.12806    0  489  190.11592  140.12806  26.3%     -    5s
     0     0  140.12817    0  490  190.11592  140.12817  26.3%     -    5s
     0     0  140.14346    0  433  190.11592  140.14346  26.3%     -    5s
     0     0  140.14465    0  454  190.11592  140.14465  26.3%     -    5s
     0     0  140.14483    0  447  190.11592  140.14483  26.3%     -    5s
     0     0  140.14807    0  447  190.11592  140.14807  26.3%     -    5s
     0     0  140.15121    0  450  190.11592  140.15121  26.3%     -    5s
     0     0  140.15148    0  452  190.11592  140.15148  26.3%     -    5s
     0     0  140.15698    0  451  190.11592  140.15698  26.3%     -    6s
     0     0  140.15698    0  352  190.11592  140.15698  26.3%     -    6s
H    0     0                     188.7571969  140.15698  25.7%     -    7s
H    0     0                     188.6120472  140.15698  25.7%     -    7s
     0     2  140.15698    0  331  188.61205  140.15698  25.7%     -    8s
H   34    48                     188.3835878  140.29379  25.5%   184    8s
H   79    96                     176.3026629  140.29379  20.4%   139    9s
H   80    96                     176.2669064  140.29379  20.4%   138    9s
    95   126  140.57525    9  445  176.26691  140.29379  20.4%   127   10s
H  125   141                     176.1262660  140.29379  20.3%   108   10s
H  127   141                     176.1163398  140.29379  20.3%   107   10s
H  128   141                     176.0461175  140.29379  20.3%   106   10s
H  129   141                     176.0361914  140.29379  20.3%   106   10s
H  136   141                     175.9301109  140.29379  20.3%   102   10s
H  171   183                     175.9060998  140.29379  20.2%  90.1   22s
H  175   183                     175.8715507  140.29379  20.2%  89.4   22s
H  175   183                     175.8695246  140.29379  20.2%  89.4   22s
H  249   253                     166.7175829  140.29379  15.8%  75.1   25s
H  255   253                     165.4308729  140.29379  15.2%  75.6   25s
H  264   253                     165.0385853  140.29379  15.0%  73.9   25s
H  318   304                     164.9185935  140.29379  14.9%  67.6   28s
H  322   304                     164.8702833  140.29379  14.9%  68.5   28s
H  325   304                     164.8383960  140.29379  14.9%  68.6   28s
H  391   372                     164.8357548  140.29379  14.9%  64.2   31s
H  398   372                     154.9391207  140.29379  9.45%  64.1   31s
H  481   447                     154.1229337  140.29379  8.97%  60.1   33s
H  488   447                     154.0796639  140.29379  8.95%  61.6   33s
   576   537  143.49053   28  318  154.07966  140.29379  8.95%  61.4   43s
H  580   537                     154.0618393  140.29379  8.94%  61.3   43s
H  587   537                     154.0564869  140.29379  8.93%  60.9   43s
   691   641  143.63645   36  306  154.05649  140.29379  8.93%  56.4   49s
H  695   641                     154.0386623  140.29379  8.92%  56.5   49s
   707   657  143.64334   37  303  154.03866  140.29379  8.92%  56.2   67s
H  717   657                     154.0041338  140.29379  8.90%  56.3   67s
   835   779  143.72585   46  333  154.00413  140.29379  8.90%  53.7   73s
H  846   779                     154.0041251  140.29379  8.90%  53.4   73s
H  851   779                     153.9580031  140.29379  8.88%  53.4   73s
   982   880  143.77715   58  308  153.95800  140.29379  8.88%  50.4   79s
H  997   880                     153.9580030  140.29379  8.88%  50.2   79s
  1064  1009  143.78310   62  297  153.95800  140.29379  8.88%  49.3   80s
  2096  1763  143.16391    7  352  153.95800  140.54617  8.71%  47.5   91s
  2099  1765  144.01077   37  303  153.95800  140.54617  8.71%  47.4   96s
  2105  1769  142.44886    7  360  153.95800  140.92546  8.46%  47.3  100s
  2111  1773  144.81717   10  366  153.95800  141.21904  8.27%  47.1  105s
  2120  1779  149.75193  129  407  153.95800  141.41564  8.15%  46.9  110s
  2125  1782  145.91930    9  396  153.95800  141.54332  8.06%  46.8  115s
  2130  1786  142.57579   53  476  153.95800  141.65622  7.99%  46.7  120s
  2136  1790  146.80563  103  503  153.95800  141.76123  7.92%  46.6  126s
  2145  1796  144.85358   12  435  153.95800  141.99123  7.77%  46.4  130s
  2154  1802  144.81212    8  546  153.95800  142.25263  7.60%  46.2  135s
H 2160  1714                     153.9580030  142.34846  7.54%  46.1  138s
  2163  1716  144.82485   26  416  153.95800  142.44832  7.48%  46.0  140s
  2172  1722  143.77760   44  425  153.95800  142.64888  7.35%  45.8  146s
  2176  1724  145.07950   47  404  153.95800  142.75007  7.28%  45.7  150s
  2185  1730  142.98100   10  449  153.95800  142.98100  7.13%  45.5  155s
  2194  1736  143.12903   18  418  153.95800  143.12903  7.03%  45.3  160s
H 2194  1648                     153.9580030  143.12903  7.03%  45.3  160s
  2204  1655  143.54961   41  375  153.95800  143.39503  6.86%  45.1  165s
  2216  1663  150.13393   36  461  153.95800  143.56471  6.75%  44.9  170s
  2225  1669  145.91930    9  410  153.95800  143.74716  6.63%  44.7  175s
  2233  1674  150.34470   29  402  153.95800  143.83466  6.58%  44.6  180s
  2248  1684  147.60359   90  436  153.95800  143.94249  6.51%  44.3  185s
  2257  1691  152.56772   69  354  153.95800  143.97022  6.49%  75.9  190s
  2273  1702  144.10865  112  427  153.95800  144.05737  6.43%  75.4  195s
  2283  1709  150.26533   65  425  153.95800  144.33253  6.25%  75.1  200s
  2301  1721  144.69832   21  478  153.95800  144.69832  6.01%  74.5  206s
  2316  1731  150.13393   36  451  153.95800  144.94745  5.85%  74.0  210s
  2327  1738  145.35951   80  455  153.95800  145.35951  5.58%  73.6  215s
  2344  1749  150.25299   67  526  153.95800  145.68425  5.37%  73.1  220s
  2364  1763  145.93554   49  506  153.95800  145.93554  5.21%  72.5  225s
  2374  1771  145.94533   43  416  153.95800  145.94533  5.20%  92.9  230s
  2394  1784  146.35967   18  431  153.95800  146.35967  4.94%  92.1  235s
  2406  1792  146.45652  103  435  153.95800  146.45652  4.87%  91.6  240s
  2421  1802  146.63816   20  453  153.95800  146.63816  4.75%  91.1  245s
  2432  1809  146.69930   12  491  153.95800  146.69930  4.71%  90.6  250s
  2435  1812     cutoff   37       153.95800  147.11928  4.44%   104  259s
  2437  1812  147.34833   38  419  153.95800  147.34833  4.29%   104  266s
  2439  1811     cutoff   39       153.95800  147.61716  4.12%   104  272s
  2443  1812 infeasible   41       153.95800  147.81386  3.99%   105  275s
  2558  1892  148.75478   50  324  153.95800  148.11672  3.79%   109  280s
  2701  1983  148.82503   60  322  153.95800  148.11672  3.79%   109  289s
  2768  2065  148.86128   65  295  153.95800  148.11672  3.79%   108  290s
  3632  2564  150.35797  122  163  153.95800  148.11672  3.79%   103  295s
  4151  2787  152.77132   55  366  153.95800  148.16029  3.77%  98.0  300s
  5665  3551  149.32448   59  363  153.95800  148.18973  3.75%  87.7  305s
  6376  3679  150.14287   89  254  153.95800  148.18973  3.75%  85.6  312s
H 6390  3581                     153.9407274  148.18973  3.74%  85.7  312s
  7269  3996  150.72449  131  166  153.94073  148.18973  3.74%  81.9  316s
  8311  4847  148.64026   57  393  153.94073  148.28330  3.68%  81.6  320s
  9316  5607  150.92655   94  235  153.94073  148.28330  3.68%  82.7  325s
 10796  6704  149.87622  110  203  153.94073  148.38311  3.61%  84.3  330s
 11549  7043  149.16031   75  440  153.94073  148.38447  3.61%  84.6  337s
 11628  7055  149.16039   76  441  153.94073  148.38447  3.61%  84.4  343s
 11650  7292  149.17874   77  428  153.94073  148.38447  3.61%  84.6  345s
 12928  8225  150.70929  148  287  153.94073  148.38447  3.61%  84.9  350s
 14630  9541  149.30804   84  407  153.94073  148.45212  3.57%  84.2  356s
 15679 10536  149.07683   69  329  153.94073  148.45727  3.56%  84.1  360s
 17623 12129  149.24469   57  276  153.94073  148.56958  3.49%  83.2  366s
 18838 12998  149.35870   66  350  153.94073  148.58028  3.48%  83.3  371s
H19550 13169                     153.8830824  148.58028  3.45%  83.5  373s
 19770 13189  153.02021  104  285  153.88308  148.58028  3.45%  83.9  379s
 19792 13736  153.02069  105  301  153.88308  148.58547  3.44%  84.0  382s
 20665 14490  149.34096   74  348  153.88308  148.59900  3.43%  83.7  386s
 22761 15725  150.84094  115  297  153.88308  148.60019  3.43%  82.8  392s
 23243 16583  150.20723   63  327  153.88308  148.62144  3.42%  82.7  395s
 25338 17692  151.96640  162  139  153.88308  148.64260  3.41%  82.8  403s
 25688 18516  152.64251   82  237  153.88308  148.64974  3.40%  82.4  406s
 26772 19067  149.34830   60  304  153.88308  148.66877  3.39%  82.5  410s
 28620 20756  149.54879   87  313  153.88308  148.69137  3.37%  82.6  417s
 29695 21211     cutoff   50       153.88308  148.69741  3.37%  83.0  422s
 30531 21847  152.42836   75  238  153.88308  148.70549  3.36%  83.2  426s
 31655 22364     cutoff   84       153.88308  148.72505  3.35%  83.7  430s
 33795 23794  150.06547   85  275  153.88308  148.74273  3.34%  85.1  439s
 35151 24476  152.90740   76  321  153.88308  148.75629  3.33%  85.3  444s
 36162 24920  149.72511   72  421  153.88308  148.75678  3.33%  86.5  448s
 36829 25333     cutoff  108       153.88308  148.76688  3.32%  87.1  457s
 37456 26444  149.08740   75  409  153.88308  148.77044  3.32%  87.8  464s
 38914 27316  149.38525   76  341  153.88308  148.79154  3.31%  88.6  469s
 40194 27874  150.51056  102  361  153.88308  148.79384  3.31%  89.7  475s
 40943 29009  149.57349  122  224  153.88308  148.79489  3.31%  89.7  482s
 42620 29010  152.88492  128  352  153.88308  148.80807  3.30%  89.8  559s
 42622 29011  153.32007   85  295  153.88308  148.80807  3.30%  89.8  560s
 42627 29015  149.34273   88  378  153.88308  148.80807  3.30%  89.8  565s
 42636 29021  151.70519  157  410  153.88308  148.80807  3.30%  89.8  572s
 42643 29025  151.00901   78  502  153.88308  148.80807  3.30%  89.7  575s
 42647 29028  151.54881  101  498  153.88308  148.80807  3.30%  89.7  580s
 42651 29031  149.50340  106  379  153.88308  148.80807  3.30%  89.7  586s
 42656 29034  153.19809   92  402  153.88308  148.80807  3.30%  89.7  593s
 42659 29036  151.43365  104  396  153.88308  148.80807  3.30%  89.7  595s
 42663 29039  151.01043  188  426  153.88308  148.80807  3.30%  89.7  600s
 42667 29041  149.67305   91  430  153.88308  148.80807  3.30%  89.7  607s
 42670 29043  150.20462  117  443  153.88308  148.80807  3.30%  89.7  612s
 42673 29045  149.38302   58  411  153.88308  148.80807  3.30%  89.7  618s
 42674 29046  152.81800  104  448  153.88308  148.80807  3.30%  89.7  620s
 42678 29049  150.62890   99  412  153.88308  148.80807  3.30%  89.7  627s
 42680 29050  149.43675   71  429  153.88308  148.80807  3.30%  89.7  632s
 42682 29051  149.79529  104  474  153.88308  148.80807  3.30%  89.7  636s
 42684 29053  151.93257   96  424  153.88308  148.80807  3.30%  89.7  641s
 42690 29057  150.56685  150  454  153.88308  148.80807  3.30%  89.6  645s
 42694 29059  149.95288   62  473  153.88308  148.80807  3.30%  89.6  650s
 42696 29061  151.96074  132  474  153.88308  148.80807  3.30%  89.6  656s
 42698 29062  149.53313   88  472  153.88308  148.80807  3.30%  89.6  660s
 42701 29064  149.17564   70  458  153.88308  148.80807  3.30%  89.6  667s
 42703 29065  152.30638   71  490  153.88308  148.80807  3.30%  89.6  670s
 42707 29068  150.13533   67  453  153.88308  148.80807  3.30%  89.6  676s
H42708 27614                     153.8830821  148.80807  3.30%  89.6  679s
 42710 27615  149.42330   55  419  153.88308  148.80807  3.30%  89.6  681s
 42714 27618  151.46246  135  423  153.88308  148.80807  3.30%  89.6  685s
 42717 27620  153.54355  104  443  153.88308  148.80807  3.30%  89.6  690s
H42717 26237                     153.8830820  148.80807  3.30%  89.6  691s
 42720 26239  152.88492  128  433  153.88308  148.80807  3.30%  89.6  695s
 42723 26241  149.96611  119  435  153.88308  148.80807  3.30%  89.6  700s
 42726 26243  149.05656   67  421  153.88308  148.80807  3.30%  89.6  705s
 42728 26244  149.41521   75  414  153.88308  148.80807  3.30%  89.6  711s
 42730 26245  149.47263   71  419  153.88308  148.80807  3.30%  89.6  716s
 42732 26247  151.71523  129  421  153.88308  148.80807  3.30%  89.6  721s
 42734 26248  150.20055  163  423  153.88308  148.80807  3.30%  89.6  727s
 42736 26249  151.70519  157  420  153.88308  148.80807  3.30%  89.5  731s
 42738 26251  149.92874   90  424  153.88308  148.80807  3.30%  89.5  736s
 42740 26252  149.99729   60  436  153.88308  148.80807  3.30%  89.5  741s
 42742 26253  151.16494  165  432  153.88308  148.80807  3.30%  89.5  745s
 42744 26255  150.48129  139  404  153.88308  148.80807  3.30%  89.5  750s
 42747 26257  151.54881  101  420  153.88308  148.80807  3.30%  89.5  756s
 42749 26258  151.55820   85  419  153.88308  148.80807  3.30%  89.5  760s
 42751 26259  149.50340  106  421  153.88308  148.80807  3.30%  89.5  766s
 42752 26260  150.05059   79  421  153.88308  148.80807  3.30%  89.5  776s
 42754 26261  150.40237   86  403  153.88308  148.80807  3.30%  89.5  781s
 42755 26265  148.80807   48  406  153.88308  148.80807  3.30%  90.9  805s
 42757 26263 infeasible   49       153.88308  148.86686  3.26%  90.9  823s
 42761 26262  149.57632   50  435  153.88308  149.16092  3.07%  90.9  848s
 42764 26263  149.58025   51  446  153.88308  149.58025  2.80%  91.0  864s
 42767 26266  149.59286   52  377  153.88308  149.59286  2.79%  91.0  878s
 42772 26269  149.79273   53  434  153.88308  149.60837  2.78%  91.0  890s
 42781 26272  149.79285   54  425  153.88308  149.66014  2.74%  91.1  904s
 42795 26273  149.79691   55  415  153.88308  149.67455  2.73%  91.1  906s
 42827 26277  149.85400   57  417  153.88308  149.67455  2.73%  91.1  911s
 42872 26288  149.86527   59  437  153.88308  149.67455  2.73%  91.1  921s
 42919 26304  149.88208   62  397  153.88308  149.67455  2.73%  91.1  932s
 42980 26328  149.87745   61  430  153.88308  149.67455  2.73%  91.1  935s
 43188 26404  150.45889   72  347  153.88308  149.67455  2.73%  91.1  940s
 43483 26502  150.67259   89  310  153.88308  149.67455  2.73%  91.0  945s
 43945 26684  149.70543   58  476  153.88308  149.68337  2.73%  90.9  950s
 44517 26943  149.99570   96  312  153.88308  149.68749  2.73%  90.8  955s
 45225 27086  149.86275   84  370  153.88308  149.68749  2.73%  90.9  966s
 45280 27082  149.94502   87  368  153.88308  149.68749  2.73%  91.0  985s
 45600 27293  153.40493   97  310  153.88308  149.68749  2.73%  91.2  990s
 46399 27622  149.88113   69  372  153.88308  149.69992  2.72%  91.3  996s
 46854 27825  150.06335   99  377  153.88308  149.69992  2.72%  91.3 1000s
 47539 28108  153.30961   83  309  153.88308  149.76946  2.67%  91.4 1006s
 47878 28004  150.13679   71  362  153.88308  149.77592  2.67%  91.4 1020s
 48220 28320  150.22052  101  306  153.88308  149.77592  2.67%  91.4 1025s
 48961 28579  150.68205  154  217  153.88308  149.77592  2.67%  91.5 1030s
 49496 28829  151.08082   68  343  153.88308  149.80516  2.65%  91.9 1035s
 50489 29037  152.17042   68  330  153.88308  149.84371  2.62%  91.9 1042s
 50938 28965  152.87531   81  320  153.88308  149.84870  2.62%  92.1 1045s
 51533 29163     cutoff  103       153.88308  149.85512  2.62%  92.5 1051s
 52360 29444  151.88149   84  424  153.88308  149.86935  2.61%  92.9 1058s
 52892 29551  151.89767   91  352  153.88308  149.86935  2.61%  93.0 1061s
 53820 29962  153.37796  114  200  153.88308  149.86935  2.61%  93.5 1068s
 54328 30369  152.19694  132  245  153.88308  149.86935  2.61%  93.4 1072s
 55136 30452  152.89387  166  135  153.88308  149.90212  2.59%  93.2 1076s
 55774 30249  152.00668   69  371  153.88308  149.90212  2.59%  93.4 1089s
 55805 30532  152.00692   71  370  153.88308  149.90212  2.59%  93.4 1093s
 56297 31044     cutoff  102       153.88308  149.90778  2.58%  93.5 1097s
 57167 31461  151.10211   68  371  153.88308  149.90778  2.58%  93.2 1101s
 58106 31602  151.42868  102  360  153.88308  149.90778  2.58%  93.0 1106s
 58885 31794  152.04515  122  311  153.88308  149.90778  2.58%  92.9 1110s
 59615 31686 infeasible  139       153.88308  149.90778  2.58%  93.1 1117s
 59828 32040  153.53947  139  409  153.88308  149.93116  2.57%  93.1 1121s
 60473 32305     cutoff  104       153.88308  149.93541  2.57%  93.2 1126s
 61234 32282  151.05449  100  316  153.88308  149.93951  2.56%  93.5 1131s
 61538 32656  151.42927   94  337  153.88308  149.93951  2.56%  93.5 1137s
 62211 32942  152.17253  139  299  153.88308  149.94443  2.56%  93.8 1143s
 63115 33399  152.16334  140  289  153.88308  149.95274  2.55%  94.1 1154s
 64631 33416     cutoff  170       153.88308  149.96305  2.55%  94.4 1159s
 65475 33577     cutoff   80       153.88308  149.96344  2.55%  94.7 1167s
 66293 33825  151.23394   86  362  153.88308  149.97479  2.54%  95.0 1174s
 67124 34031  153.10736  102  333  153.88308  149.97618  2.54%  95.3 1182s
 67958 33880     cutoff   93       153.88308  149.97776  2.54%  95.6 1193s
 68278 34102  152.80559   89  369  153.88308  149.98612  2.53%  95.8 1202s
 69104 34415  153.46301  103  294  153.88308  149.99392  2.53%  96.6 1213s
 70282 34928  151.45018  112  332  153.88308  150.00225  2.52%  96.9 1224s
 71682 35286  152.71095  114  338  153.88308  150.01266  2.52%  97.2 1235s
 73069 35255  150.19260  108  381  153.88308  150.01266  2.52%  97.2 1245s
 73861 35888  151.07103  131  292  153.88308  150.01725  2.51%  97.3 1254s
 75322 36096  151.95586   84  318  153.88308  150.03473  2.50%  97.7 1265s
 76460 36614     cutoff  104       153.88308  150.04269  2.50%  98.3 1275s
 78087 36489  151.87587  140  320  153.88308  150.04765  2.49%  98.8 1287s
 78815 37007  150.34278  146  360  153.88308  150.05406  2.49%  98.9 1300s
 80230 37727  151.22270  147  335  153.88308  150.06049  2.48%  99.4 1315s
 82253 37846  150.42289  129  298  153.88308  150.06762  2.48%   100 1329s
 83742 38064  153.41898  113  306  153.88308  150.07020  2.48%   100 1349s
 85391 38581  153.53260  101  372  153.88308  150.07758  2.47%   101 1368s
 87479 38935  153.71178   95  243  153.88308  150.08409  2.47%   102 1381s
 89631 39125  150.43180  129  314  153.88308  150.08830  2.47%   102 1396s
 91409 39284  152.62053   99  266  153.88308  150.09767  2.46%   103 1411s
 93411 39214  150.56195  142  283  153.88308  150.10159  2.46%   103 1425s
 95178 38904  150.87449  129  320  153.88308  150.10839  2.45%   104 1439s
H95960 37328                     153.8830820  150.11179  2.45%   105 1439s
 96550 37425  153.13523   82  308  153.88308  150.11568  2.45%   105 1458s
 97318 37666  153.67532   86  304  153.88308  150.11976  2.45%   105 1477s
 98968 37549  151.04422  135  357  153.88308  150.12821  2.44%   106 1494s
 100319 37636  151.69763  184  227  153.88308  150.13226  2.44%   107 1515s
 101945 37897  151.10831  167  256  153.88308  150.14510  2.43%   108 1537s
 103977 38100  150.59069  168  358  153.88308  150.15252  2.42%   109 1563s
 105938 37825  152.97379   87  324  153.88308  150.15822  2.42%   109 1584s
 107055 38946  150.70275   70  358  153.88308  150.16448  2.42%   109 1613s
 109817 38832  150.40169  127  379  153.88308  150.17509  2.41%   110 1634s
 111914 38741  151.90098  145  322  153.88308  150.18121  2.41%   110 1662s
 113212 38765  150.69459   98  353  153.88308  150.18488  2.40%   111 1701s
 114274 39149  150.69731   99  351  153.88308  150.18631  2.40%   111 1726s
 116619 39448  152.39242  104  344  153.88308  150.19611  2.40%   112 1751s
 118832 40416  153.67003  126  316  153.88308  150.20387  2.39%   112 1774s
 121822 41206  153.66998   78  375  153.88308  150.20985  2.39%   112 1800s
 123395 41958  150.26419   81  342  153.88308  150.21389  2.38%   113 1827s
 125333 43338  150.49901   85  310  153.88308  150.21921  2.38%   113 1848s
 128263 44176  153.00039  154  323  153.88308  150.22493  2.38%   113 1873s
 130088 44812  153.16698  116  334  153.88308  150.22920  2.37%   114 1896s
 131541 45446     cutoff   84       153.88308  150.23497  2.37%   114 1928s
 133023 46394  150.62367  100  266  153.88308  150.23812  2.37%   115 1959s
 135433 46739  150.53881  105  323  153.88308  150.24255  2.37%   116 1996s
H136065 46739                     153.8830819  150.24414  2.36%   116 1996s
 136188 48122  153.80440  115  351  153.88308  150.24480  2.36%   116 2026s
 138843 48663  153.11301  126  326  153.88308  150.25276  2.36%   116 2060s
 140278 49899  151.68026   99  315  153.88308  150.25604  2.36%   116 2091s
 142690 51219  150.46500  142  372  153.88308  150.26155  2.35%   116 2114s
 143928 51219  151.47148  101  330  153.88308  150.26329  2.35%   117 2115s
 145304 52173  152.79681  113  323  153.88308  150.26728  2.35%   117 2140s
 147633 53837     cutoff  140       153.88308  150.27041  2.35%   117 2170s
 150995 54392 infeasible  143       153.88308  150.27565  2.34%   117 2192s
 152515 55772  153.70719   79  330  153.88308  150.28045  2.34%   117 2228s
 155118 56903  152.29173  113  333  153.88308  150.28500  2.34%   117 2253s
 158198 57523     cutoff  185       153.88308  150.29370  2.33%   117 2281s
 159963 58479  150.77240  121  358  153.88308  150.29764  2.33%   118 2310s
 162074 58977  150.99917  134  365  153.88308  150.30015  2.33%   118 2339s
 163641 59892  153.09594  125  355  153.88308  150.30416  2.33%   118 2373s
 165842 60551     cutoff  134       153.88308  150.30842  2.32%   119 2399s
 167466 61315     cutoff  102       153.88308  150.31226  2.32%   119 2427s
 169527 62191     cutoff  115       153.88308  150.31706  2.32%   120 2454s
 171588 63092  150.86262  186  258  153.88308  150.32138  2.31%   120 2480s
 173642 63626  150.53910  129  301  153.88308  150.32610  2.31%   120 2508s
 175020 64178  153.35329  130  333  153.88308  150.32775  2.31%   121 2546s
 176756 65303  152.41806  150  293  153.88308  150.33214  2.31%   121 2582s
 179912 65770  152.10351   90  370  153.88308  150.33804  2.30%   121 2614s
 181719 66571  152.82922   82  307  153.88308  150.34131  2.30%   122 2648s
 184310 67348  151.32672  106  274  153.88308  150.34869  2.30%   122 2682s
 186841 67909 infeasible  138       153.88308  150.35309  2.29%   123 2715s
 188465 68734  151.89714  135  306  153.88308  150.35682  2.29%   123 2751s
 191145 69723     cutoff  102       153.88308  150.36343  2.29%   123 2786s
 193947 70426  151.60261  118  331  153.88308  150.36664  2.29%   124 2817s
 195751 71211  152.90920   92  295  153.88308  150.36858  2.28%   124 2851s
 198423 71786     cutoff  129       153.88308  150.37269  2.28%   125 2883s
H199855 71786                     153.8830819  150.37430  2.28%   125 2883s
 200146 72558  153.28504  143  364  153.88308  150.37807  2.28%   125 2911s
 202611 73098  150.72789  110  362  153.88308  150.38222  2.28%   126 2940s
 204456 74172  150.48624  154  320  153.88308  150.38695  2.27%   126 2971s
 207036 75105 infeasible  114       153.88308  150.39337  2.27%   126 3009s
 209658 75964  151.12764  103  313  153.88308  150.39781  2.26%   127 3044s
H210717 75964                     153.8830819  150.39901  2.26%   127 3044s
 211690 76479  152.09273  109  268  153.88308  150.40215  2.26%   127 3082s
 213513 77480 infeasible  178       153.88308  150.40367  2.26%   127 3117s
 216193 78490  151.85413  147  315  153.88308  150.40922  2.26%   128 3147s
 218488 79019  153.79709  158  210  153.88308  150.41211  2.26%   128 3178s
 220470 80330  151.38045  121  358  153.88308  150.41550  2.25%   129 3214s
 223261 81496  150.61835  133  419  153.88308  150.42043  2.25%   129 3245s
 225877 81919  150.83096  132  315  153.88308  150.42339  2.25%   129 3282s
 227167 82652 infeasible  124       153.88308  150.42506  2.25%   129 3313s
 229358 83563     cutoff  199       153.88308  150.42810  2.25%   129 3347s
 231757 84390  153.30648  126  341  153.88308  150.43551  2.24%   130 3379s
 233694 85256  151.50211  101  310  153.88308  150.43952  2.24%   130 3411s
 236104 86143  152.19823  126  313  153.88308  150.44231  2.24%   130 3446s
 238789 86827 infeasible  153       153.88308  150.44832  2.23%   130 3473s
 240275 88054  150.57453  120  361  153.88308  150.45035  2.23%   131 3513s
 243661 89132 infeasible  172       153.88308  150.45400  2.23%   131 3546s
 246292 90240     cutoff  129       153.88308  150.45707  2.23%   131 3577s
 249020 91451 infeasible  141       153.88308  150.46288  2.22%   132 3611s
 251736 92180  152.59326  147  335  153.88308  150.46737  2.22%   132 3644s
 254043 93131  152.77181  138  358  153.88308  150.47053  2.22%   132 3673s
 256675 93922  152.18472  127  286  153.88308  150.47513  2.21%   132 3704s
H257296 93922                     153.8830816  150.47637  2.21%   132 3704s
 258476 94650  151.96415  133  309  153.88308  150.47769  2.21%   132 3734s
 260891 95324  153.72231  149  374  153.88308  150.48308  2.21%   133 3761s
 262682 96419  152.69864  139  273  153.88308  150.48814  2.21%   133 3804s
 265565 96895     cutoff   93       153.88308  150.49395  2.20%   133 3836s
 267528 97907     cutoff  103       153.88308  150.49806  2.20%   134 3873s
 270042 98766  153.65902  116  388  153.88308  150.50111  2.20%   134 3905s
 272854 99641  153.26409  118  263  153.88308  150.50630  2.19%   134 3933s
 275456 100332 infeasible  157       153.88308  150.51215  2.19%   134 3962s
 277317 101214  153.51231  134  378  153.88308  150.51493  2.19%   134 3987s
 279876 101939  153.25413  118  299  153.88308  150.52098  2.18%   134 4019s
 281753 102339 infeasible  160       153.88308  150.52468  2.18%   135 4048s
 283746 103196  150.83220  137  366  153.88308  150.52762  2.18%   135 4079s
 286153 103586  151.80425  113  322  153.88308  150.53349  2.18%   135 4118s
 287885 104448  153.56890  119  263  153.88308  150.53618  2.17%   135 4154s
 290951 104997  151.38082  138  221  153.88308  150.54118  2.17%   136 4185s
 293232 105636  152.64440  225  262  153.88308  150.54932  2.17%   136 4216s
 295603 106374  153.14862  133  289  153.88308  150.55342  2.16%   136 4243s
 298493 106671  152.72525  116  331  153.88308  150.56159  2.16%   136 4277s
 299405 107320  152.21717  112  335  153.88308  150.56282  2.16%   136 4307s
 301910 108289  151.11332  137  296  153.88308  150.56791  2.15%   137 4339s
 304383 109129  151.84244  127  365  153.88308  150.57358  2.15%   137 4366s
 306362 110115  151.46398  125  322  153.88308  150.57735  2.15%   137 4401s
 309117 110712     cutoff  170       153.88308  150.58158  2.15%   137 4431s
 311727 111217     cutoff  150       153.88308  150.58884  2.14%   137 4458s
 313862 111641     cutoff  134       153.88308  150.59151  2.14%   138 4487s
 316238 111964  152.38797  142  295  153.88308  150.60047  2.13%   138 4519s
 318307 112263  150.69780  151  328  153.88308  150.60773  2.13%   138 4563s
 320123 112935  152.15414  129  372  153.88308  150.60925  2.13%   138 4593s
 322005 113521     cutoff  116       153.88308  150.61879  2.12%   139 4623s
 324366 114050  151.35664  119  351  153.88308  150.62272  2.12%   139 4653s
 326785 114633     cutoff  138       153.88308  150.62876  2.11%   139 4682s
 329126 115344  153.70029  153  320  153.88308  150.63641  2.11%   139 4716s
 331663 115969  150.68940  154  316  153.88308  150.64286  2.11%   140 4743s
 333902 116152  153.12377  115  352  153.88308  150.64846  2.10%   140 4883s
 334601 116536  153.13118  116  331  153.88308  150.64897  2.10%   140 4911s
 337033 117159  152.59201  156  344  153.88308  150.65560  2.10%   140 4939s
 339359 117757  153.13551  116  240  153.88308  150.66256  2.09%   140 4970s
 341947 118086  153.14594  110  321  153.88308  150.66531  2.09%   141 4998s
 343001 118669  151.59059  178  262  153.88308  150.67010  2.09%   141 5024s
 345560 119070     cutoff  101       153.88308  150.67494  2.08%   141 5054s
 347216 119567  152.77282  136  293  153.88308  150.68223  2.08%   141 5084s
 349499 120176  152.52506  164  319  153.88308  150.68624  2.08%   141 5119s
 351104 120882  151.77249  148  357  153.88308  150.69266  2.07%   141 5151s
 353539 121408  153.18336  158  298  153.88308  150.69634  2.07%   142 5187s
 355958 122012     cutoff  166       153.88308  150.70050  2.07%   142 5223s
 358178 122701  152.62336  160  230  153.88308  150.70779  2.06%   142 5254s
 360847 123298  153.04647   87  305  153.88308  150.71258  2.06%   142 5287s
 363411 123830  151.33850  180  329  153.88308  150.71565  2.06%   143 5322s
 365023 124361     cutoff  112       153.88308  150.71858  2.06%   143 5355s
 367657 124756     cutoff  170       153.88308  150.72665  2.05%   143 5392s
 369625 125516  150.81372   78  344  153.88308  150.73012  2.05%   143 5426s
 372341 125990     cutoff   93       153.88308  150.73674  2.04%   143 5463s
 374734 126659     cutoff  125       153.88308  150.74184  2.04%   144 5501s
 377666 127075  151.80708  109  260  153.88308  150.74751  2.04%   144 5537s
 380315 127352  151.70901  161  266  153.88308  150.75412  2.03%   144 5570s
H381231 127352                     153.8830816  150.75534  2.03%   144 5570s
 381947 128155     cutoff  100       153.88308  150.75874  2.03%   144 5604s
 384638 128688     cutoff  119       153.88308  150.76426  2.03%   145 5637s
 387146 129105     cutoff  138       153.88308  150.76931  2.02%   145 5669s
 389311 129724  153.73068  120  310  153.88308  150.77382  2.02%   145 5697s
 391445 130252  153.57405  129  325  153.88308  150.77827  2.02%   145 5729s
 393767 130887  152.28344  118  379  153.88308  150.78396  2.01%   146 5758s
 396162 130899  151.28514  112  343  153.88308  150.78871  2.01%   146 5795s
 396279 131371  151.55456  116  335  153.88308  150.78902  2.01%   146 5828s
 398816 131862  151.15426  103  335  153.88308  150.79754  2.01%   146 5862s
 401535 132300  152.10041  121  321  153.88308  150.80160  2.00%   146 5894s
 403664 132860  151.24120  146  300  153.88308  150.80800  2.00%   146 5924s
 406110 133338  152.90882  148  300  153.88308  150.81495  1.99%   146 5954s
 408560 133372  153.25435  111  267  153.88308  150.82076  1.99%   146 5989s
 408957 133691  153.25464  112  267  153.88308  150.82178  1.99%   146 6025s
 410628 134255  153.00581  122  357  153.88308  150.82763  1.99%   147 6064s
 412901 134872  151.10492  100  349  153.88308  150.83170  1.98%   147 6102s
 415654 135446 infeasible  121       153.88308  150.83788  1.98%   147 6138s
H416743 135446                     153.8830816  150.83863  1.98%   147 6138s
 417770 136184  151.17731  128  379  153.88308  150.84331  1.98%   147 6173s
 420447 136859     cutoff  172       153.88308  150.84687  1.97%   147 6204s
 422317 136859  152.35247  130  292  153.88308  150.84925  1.97%   147 6205s
 422929 137334  151.24683  109  270  153.88308  150.85397  1.97%   147 6242s
 424438 138096  152.08558  110  324  153.88308  150.85789  1.97%   147 6273s
 427247 138672     cutoff  111       153.88308  150.86285  1.96%   147 6304s
 428234 138672  152.67461   96  319  153.88308  150.86373  1.96%   147 6305s
 429658 139261  152.44955  144  294  153.88308  150.86909  1.96%   148 6337s
 431992 140062     cutoff   99       153.88308  150.87418  1.96%   148 6362s
 434515 140700  151.50411  181  354  153.88308  150.87937  1.95%   148 6393s
 436941 141196     cutoff  142       153.88308  150.88431  1.95%   148 6425s
 439237 141800     cutoff  124       153.88308  150.88951  1.95%   148 6457s
 441780 142531 infeasible  113       153.88308  150.89384  1.94%   148 6480s
 444172 142893     cutoff  143       153.88308  150.89871  1.94%   148 6512s
 446225 143255  151.35356  127  373  153.88308  150.90538  1.94%   148 6538s
 448984 143718  152.01886  133  302  153.88308  150.91252  1.93%   148 6566s
 451624 144210  152.04237  158  277  153.88308  150.91928  1.93%   149 6599s
 453794 144652     cutoff   85       153.88308  150.92129  1.92%   149 6639s
H453825 144652                     153.8830816  150.92129  1.92%   149 6639s
 455105 145891     cutoff  156       153.88308  150.92882  1.92%   149 6697s
 459030 146334  152.92828   78  280  153.88308  150.93355  1.92%   149 6743s
H459163 146334                     153.8830813  150.93355  1.92%   149 6743s
 461458 146694  152.75789  117  324  153.88308  150.93878  1.91%   149 6785s
H463702 146694                     153.8830810  150.94242  1.91%   149 6785s
 463975 147364  153.68025  114  284  153.88308  150.94887  1.91%   149 6827s
 466640 147764  151.47922  116  398  153.88308  150.95265  1.90%   149 6870s
H466997 147764                     153.8830809  150.95290  1.90%   149 6870s
 468403 148174     cutoff  130       153.88308  150.95635  1.90%   150 6912s
 471378 148734     cutoff  114       153.88308  150.96408  1.90%   150 6962s
 474585 149250  152.26808  128  302  153.88308  150.97079  1.89%   150 6993s
 476796 149995     cutoff  128       153.88308  150.97425  1.89%   150 7025s
 479654 150572  151.75834  108  278  153.88308  150.98169  1.89%   150 7061s
 482098 151121  152.87494  170  303  153.88308  150.98686  1.88%   150 7103s
 484445 151761  151.02808  122  331  153.88308  150.99163  1.88%   150 7132s
 487198 152433  151.45028  157  240  153.88308  150.99663  1.88%   151 7173s
 489941 152775  152.68587  110  318  153.88308  151.00242  1.87%   151 7200s

Cutting planes:
  Learned: 4
  Gomory: 94
  Cover: 189
  Implied bound: 896
  Clique: 3
  MIR: 1153
  StrongCG: 3
  Flow cover: 2493
  Inf proof: 60
  Zero half: 35
  Network: 3
  RLT: 38
  Relax-and-lift: 154
  BQP: 2

Explored 491797 nodes (74139712 simplex iterations) in 7200.13 seconds (2217.23 work units)
Thread count was 32 (of 32 available processors)

Solution count 10: 153.883 153.883 153.883 ... 153.941

Time limit reached
Best objective 1.538830809438e+02, best bound 1.510066957368e+02, gap 1.8692%
