
Gurobi 9.5.2 (linux64) logging started Tue Aug 11 12:30:41 2026

Set parameter LogFile to value "/mnt/beegfs/users/celinep/ChargeAndBreak/logs/RlongCfewTnone_18_RO_20260811_103039_009_gurobi.log"
Gurobi Optimizer version 9.5.2 build v9.5.2rc0 (linux64)
Thread count: 16 physical cores, 32 logical processors, using up to 32 threads
Optimize a model with 8271 rows, 4620 columns and 28544 nonzeros
Model fingerprint: 0x6b8f8511
Variable types: 2918 continuous, 1702 integer (1702 binary)
Coefficient statistics:
  Matrix range     [4e-02, 2e+03]
  Objective range  [1e+00, 1e+00]
  Bounds range     [1e+00, 1e+00]
  RHS range        [3e-01, 2e+07]
Presolve removed 2595 rows and 859 columns
Presolve time: 0.07s
Presolved: 5676 rows, 3761 columns, 23578 nonzeros
Variable types: 2230 continuous, 1531 integer (1530 binary)

Root relaxation: objective 1.493864e+02, 4157 iterations, 0.12 seconds (0.09 work units)

    Nodes    |    Current Node    |     Objective Bounds      |     Work
 Expl Unexpl |  Obj  Depth IntInf | Incumbent    BestBd   Gap | It/Node Time

     0     0  151.09680    0  438          -  151.09680      -     -    0s
H    0     0                     229.6134433  152.95557  33.4%     -    0s
     0     0  152.95559    0  386  229.61344  152.95559  33.4%     -    0s
H    0     0                     208.9852062  152.95559  26.8%     -    0s
     0     0  152.96027    0  381  208.98521  152.96027  26.8%     -    0s
     0     0  152.96034    0  382  208.98521  152.96034  26.8%     -    0s
H    0     0                     195.4331516  152.96034  21.7%     -    1s
     0     0  153.23413    0  325  195.43315  153.23413  21.6%     -    1s
     0     0  153.26820    0  349  195.43315  153.26820  21.6%     -    1s
     0     0  153.27902    0  365  195.43315  153.27902  21.6%     -    1s
     0     0  153.28617    0  368  195.43315  153.28617  21.6%     -    1s
     0     0  153.28617    0  369  195.43315  153.28617  21.6%     -    1s
H    0     0                     194.0777469  153.28617  21.0%     -    1s
     0     0  153.48352    0  323  194.07775  153.48352  20.9%     -    1s
     0     0  153.49972    0  383  194.07775  153.49972  20.9%     -    1s
     0     0  153.50726    0  360  194.07775  153.50726  20.9%     -    1s
     0     0  153.50955    0  378  194.07775  153.50955  20.9%     -    1s
     0     0  153.50986    0  372  194.07775  153.50986  20.9%     -    1s
     0     0  153.64956    0  358  194.07775  153.64956  20.8%     -    2s
     0     0  153.68988    0  383  194.07775  153.68988  20.8%     -    2s
     0     0  153.70950    0  370  194.07775  153.70950  20.8%     -    2s
     0     0  153.71133    0  363  194.07775  153.71133  20.8%     -    2s
     0     0  153.71163    0  366  194.07775  153.71163  20.8%     -    2s
     0     0  153.83094    0  435  194.07775  153.83094  20.7%     -    2s
     0     0  153.88814    0  422  194.07775  153.88814  20.7%     -    2s
     0     0  153.89379    0  435  194.07775  153.89379  20.7%     -    2s
     0     0  153.89538    0  484  194.07775  153.89538  20.7%     -    2s
     0     0  153.89578    0  481  194.07775  153.89578  20.7%     -    2s
     0     0  153.94183    0  396  194.07775  153.94183  20.7%     -    2s
     0     0  153.94970    0  384  194.07775  153.94970  20.7%     -    3s
     0     0  153.95076    0  383  194.07775  153.95076  20.7%     -    3s
     0     0  153.95089    0  390  194.07775  153.95089  20.7%     -    3s
     0     0  153.98720    0  328  194.07775  153.98720  20.7%     -    3s
     0     0  153.99702    0  335  194.07775  153.99702  20.7%     -    3s
     0     0  153.99875    0  315  194.07775  153.99875  20.7%     -    3s
     0     0  153.99954    0  309  194.07775  153.99954  20.7%     -    3s
     0     0  154.02412    0  416  194.07775  154.02412  20.6%     -    3s
     0     0  154.03066    0  395  194.07775  154.03066  20.6%     -    3s
     0     0  154.03105    0  396  194.07775  154.03105  20.6%     -    3s
     0     0  154.04626    0  459  194.07775  154.04626  20.6%     -    3s
     0     0  154.04673    0  452  194.07775  154.04673  20.6%     -    3s
     0     0  154.04683    0  386  194.07775  154.04683  20.6%     -    3s
     0     0  154.04684    0  469  194.07775  154.04684  20.6%     -    4s
     0     0  154.04774    0  448  194.07775  154.04774  20.6%     -    4s
     0     0  154.04792    0  465  194.07775  154.04792  20.6%     -    4s
     0     0  154.05045    0  342  194.07775  154.05045  20.6%     -    4s
     0     0  154.05474    0  472  194.07775  154.05474  20.6%     -    4s
     0     0  154.05482    0  478  194.07775  154.05482  20.6%     -    4s
     0     0  154.05763    0  380  194.07775  154.05763  20.6%     -    4s
     0     0  154.05763    0  380  194.07775  154.05763  20.6%     -    4s
H    0     0                     193.5040255  154.05763  20.4%     -    5s
H    0     0                     192.9439404  154.05763  20.2%     -    5s
     0     2  154.05763    0  320  192.94394  154.05763  20.2%     -    5s
H   79    96                     192.1106071  154.05982  19.8%   192    8s
H   80    96                     190.3920753  154.05982  19.1%   190    8s
H   89    96                     190.1106071  154.05982  19.0%   178    8s
H  125   140                     190.0985554  154.05982  19.0%   151    8s
H  126   140                     190.0953941  154.05982  19.0%   150    8s
H  127   140                     190.0272738  154.05982  18.9%   149    8s
H  127   140                     189.5789065  154.05982  18.7%   149    8s
H  129   140                     189.3416333  154.05982  18.6%   148    8s
H  130   140                     179.3289065  154.05982  14.1%   147    8s
H  168   181                     179.0560057  154.05982  14.0%   124   12s
H  169   181                     178.3646274  154.05982  13.6%   124   12s
H  176   181                     178.2252973  154.05982  13.6%   121   12s
H  224   233                     178.0991085  154.05982  13.5%   107   33s
H  228   233                     178.0755326  154.05982  13.5%   106   33s
H  232   233                     178.0157751  154.05982  13.5%   105   33s
H  290   294                     177.9921993  154.05982  13.4%  93.8   35s
H  292   294                     177.9209177  154.05982  13.4%  93.5   35s
H  358   356                     177.9088659  154.05982  13.4%  85.8   37s
   411   400  154.48255   21  359  177.90887  154.05982  13.4%  81.3   40s
   607   565  154.06482   24  438  177.90887  154.05982  13.4%  67.3   46s
H  614   565                     177.8309637  154.05982  13.4%  67.2   46s
   715   664  154.07199   26  430  177.83096  154.05982  13.4%  65.4   50s
   834   783  154.07928   29  401  177.83096  154.05982  13.4%  61.5   56s
H  843   783                     177.8309636  154.05982  13.4%  61.1   56s
   903   851  154.09158   31  403  177.83096  154.05982  13.4%  61.4   62s
H  910   851                     177.7476303  154.05982  13.3%  61.1   62s
  1062   998  154.11256   37  417  177.74763  154.05982  13.3%  56.8   69s
H 1069   934                     168.3270776  154.05982  8.48%  56.7   69s
  1078  1092  154.11256   38  415  168.32708  154.05982  8.48%  56.7   70s
H 1247  1102                     167.0798368  154.05982  7.79%  53.4   75s
H 1249  1102                     167.0417206  154.05982  7.77%  53.5   75s
H 1254  1102                     167.0334066  154.05982  7.77%  53.5   75s
H 1255  1102                     167.0296689  154.05982  7.76%  53.4   75s
  1362  1202  154.12061   43  411  167.02967  154.05982  7.76%  53.9   80s
H 1363  1202                     167.0213549  154.05982  7.76%  53.9   80s
H 1371  1202                     167.0195912  154.05982  7.76%  53.8   80s
  2182  1945  155.75232   75  323  167.01959  154.05982  7.76%  50.4   86s
H 2187  1945                     166.9642677  154.05982  7.73%  50.5   86s
  2846  2516  162.68252  155  380  166.96427  154.05982  7.73%  47.9   92s
  2849  2518  160.75857   85  231  166.96427  154.05982  7.73%  47.8   95s
  2857  2523  158.66445   95  215  166.96427  154.71449  7.34%  47.7  100s
  2863  2527  157.90444   52  372  166.96427  155.01939  7.15%  47.6  105s
  2871  2533  161.81987  106  408  166.96427  155.47674  6.88%  47.4  110s
  2878  2537  161.98179   72  555  166.96427  155.73303  6.73%  47.3  115s
  2885  2542  158.65121   89  430  166.96427  156.19501  6.45%  47.2  120s
H 2885  2414                     166.9642676  156.19501  6.45%  47.2  120s
  2895  2421  158.00016   62  440  166.96427  156.78041  6.10%  47.1  125s
  2905  2427  162.63736  142  370  166.96427  157.46500  5.69%  46.9  130s
  2914  2433  158.02774   36  496  166.96427  158.02774  5.35%  46.7  135s
  2926  2441  158.37582  146  564  166.96427  158.37582  5.14%  46.6  140s
  2935  2447  162.43486  145  475  166.96427  158.53081  5.05%  46.4  145s
  2945  2454  158.73833  111  482  166.96427  158.60018  5.01%  46.3  150s
  2957  2462  158.66445   95  486  166.96427  158.63095  4.99%  46.1  155s
  2969  2470  158.82850    7  479  166.96427  158.82850  4.87%  45.9  160s
  2977  2475  159.01654   93  487  166.96427  159.01654  4.76%  45.8  165s
  2987  2482  160.63689  138  448  166.96427  159.13038  4.69%  45.6  170s
H 2990  2357                     166.9642675  159.16484  4.67%  45.6  172s
  2995  2360  159.26573   62  520  166.96427  159.26573  4.61%  45.5  175s
  3004  2366  160.69662  145  532  166.96427  159.53779  4.45%  45.3  180s
  3009  2370  159.63479   39  472  166.96427  159.63479  4.39%  45.3  186s
  3017  2375  159.76522   52  453  166.96427  159.76522  4.31%  45.2  191s
  3022  2378  160.35075  120  508  166.96427  159.79564  4.29%  45.1  195s
  3028  2382  159.79943   27  541  166.96427  159.79943  4.29%  45.0  200s
  3035  2387  162.43486  145  472  166.96427  159.80476  4.29%  44.9  205s
  3043  2392  161.58965   40  535  166.96427  159.80810  4.29%  44.8  210s
  3054  2401  163.82277   97  264  166.96427  159.81073  4.28%   103  215s
  3064  2408  159.88666   90  452  166.96427  159.88666  4.24%   103  220s
  3070  2412  160.43975   37  468  166.96427  160.43975  3.91%   103  225s
  3078  2417  161.98179   72  503  166.96427  160.63078  3.79%   103  230s
  3086  2423  160.77666   26  462  166.96427  160.77666  3.71%   102  235s
  3096  2429  161.34192   64  457  166.96427  160.85719  3.66%   102  240s
H 3101  2310                     166.8955129  160.87826  3.61%   102  243s
  3105  2312  162.63736  142  423  166.89551  160.87904  3.60%   102  245s
  3115  2319  160.88019   32  424  166.89551  160.88019  3.60%   101  250s
  3124  2327  160.88019   41  348  166.89551  160.88019  3.60%   126  255s
  3132  2332  160.88761   22  299  166.89551  160.88761  3.60%   125  260s
  3142  2339  160.90609   62  459  166.89551  160.90609  3.59%   125  265s
  3153  2346  161.98179   76  440  166.89551  160.93646  3.57%   125  270s
  3164  2353  160.94699   90  334  166.89551  160.94699  3.56%   124  275s
  3179  2364  160.94783   34  397  166.89551  160.94783  3.56%   142  280s
  3185  2368  160.94783   89  332  166.89551  160.94783  3.56%   142  285s
  3190  2372  160.94783   35  336  166.89551  160.94783  3.56%   142  290s
  3198  2377  166.47786  127  278  166.89551  160.95405  3.56%   141  295s
  3204  2381  160.95431  145  322  166.89551  160.95431  3.56%   141  300s
  3210  2385  160.95431   18  302  166.89551  160.95431  3.56%   141  306s
  3211  2389  161.06419   48  297  166.89551  160.95452  3.56%   153  314s
  3213  2392  161.12811   49  307  166.89551  160.97682  3.55%   153  323s
  3217  2399  161.24163   50  393  166.89551  160.98791  3.54%   154  326s
  3289  2455  161.29692   53  393  166.89551  161.02851  3.52%   157  330s
H 3351  2374                     166.8778280  161.02851  3.51%   160  334s
  3366  2394  161.48144   55  381  166.87783  161.02851  3.51%   161  335s
  3391  2402  161.44519   56  347  166.87783  161.02851  3.51%   162  344s
H 3400  2285                     166.8778280  161.02851  3.51%   162  344s
  3407  2298  161.46057   56  318  166.87783  161.02851  3.51%   162  351s
  3464  2335  161.47944   58  221  166.87783  161.02851  3.51%   164  361s
  3480  2346  161.50956   58  274  166.87783  161.02851  3.51%   164  371s
  3713  2556  162.47621   66  176  166.87783  161.02851  3.51%   163  375s
  4398  3080  162.27293   84  149  166.87783  161.02851  3.51%   152  380s
  5813  3724  162.09337  124  170  166.87783  161.02851  3.51%   133  385s
  6949  4270  166.58593  164  126  166.87783  161.02851  3.51%   124  390s
  8075  4887  161.83835   65  357  166.87783  161.06115  3.49%   120  395s
  9012  5254  162.13610   84  332  166.87783  161.06115  3.49%   115  400s
  9912  5874     cutoff  139       166.87783  161.07700  3.48%   113  405s
 10311  5886  161.20699   60  436  166.87783  161.09042  3.47%   111  432s
 10515  6218  161.27717   66  353  166.87783  161.09042  3.47%   111  450s
 11314  7013  161.83607   88  237  166.87783  161.09042  3.47%   108  455s
 12776  8472  161.30544   64  272  166.87783  161.09206  3.47%   104  462s
 13480  8742  162.29510   96  159  166.87783  161.09206  3.47%   102  483s
 13857  8953  162.81485  142  131  166.87783  161.09206  3.47%   100  485s
 14844 10079  161.95558   76  365  166.87783  161.11668  3.45%  98.5  491s
 16431 11236  163.37904   84  258  166.87783  161.11668  3.45%  94.8  496s
 17100 11253  164.93279  119  161  166.87783  161.11668  3.45%  94.2  506s
 17531 12253  161.14614   71  355  166.87783  161.11898  3.45%  93.7  511s
 19276 13823  162.24402  157  179  166.87783  161.12269  3.45%  91.3  518s
 20344 14722  161.17633   66  465  166.87783  161.12269  3.45%  89.3  522s
 21445 16618  162.19456  117  238  166.87783  161.13256  3.44%  87.4  533s
 23775 16623  164.78259  101  244  166.87783  161.15929  3.43%  85.1  559s
 23795 16942  164.78263  102  238  166.87783  161.15929  3.43%  85.0  562s
 24207 17812  164.86933  125  201  166.87783  161.15941  3.43%  84.7  566s
 25276 18456  162.41900   65  360  166.87783  161.16114  3.43%  83.8  570s
 26163 18462  164.21420  104  269  166.87783  161.16114  3.43%  83.5  597s
H26169 18395                     166.7944947  161.16114  3.38%  83.5  597s
 26180 19134  164.21420  105  268  166.79449  161.16130  3.38%  83.5  602s
 27057 19334  161.26754   74  409  166.79449  161.16130  3.38%  83.1  614s
 27344 19706  161.48199   79  363  166.79449  161.16130  3.38%  82.8  619s
 27792 20456  162.35829  108  224  166.79449  161.16157  3.38%  82.8  624s
 28919 20652 infeasible   74       166.79449  161.16157  3.38%  82.7  631s
 29217 21203  166.03131   75  311  166.79449  161.17247  3.37%  82.5  636s
 30141 21827  162.26105   99  292  166.79449  161.17275  3.37%  83.5  642s
 31533 22832  163.84771  109  284  166.79449  161.17683  3.37%  83.2  647s
 32968 23066  161.31336   67  252  166.79449  161.17790  3.37%  82.9  677s
 33297 23533     cutoff   83       166.79449  161.17815  3.37%  82.8  684s
 34020 24070  161.23195   70  269  166.79449  161.17896  3.37%  83.3  691s
 34783 25363  161.39160   57  386  166.79449  161.17910  3.37%  83.6  698s
 36525 26332  161.68159   86  223  166.79449  161.17933  3.37%  83.3  705s
 38132 27496  164.31632   96  276  166.79449  161.18304  3.36%  83.7  713s
 40042 28455     cutoff   81       166.79449  161.18738  3.36%  83.5  721s
 41313 28523  163.67355   78  310  166.79449  161.18926  3.36%  83.3  738s
H41328 28523                     166.7944946  161.18926  3.36%  83.3  738s
 41401 30012  163.68049   82  311  166.79449  161.19033  3.36%  83.3  749s
H43644 30012                     166.7944943  161.19192  3.36%  82.8  875s
 43645 30013  163.18089   86  380  166.79449  161.19192  3.36%  82.8  893s
 43647 30014  165.52671  115  408  166.79449  161.19192  3.36%  82.8  896s
 43648 30015  162.84410   77  361  166.79449  161.19192  3.36%  82.8  900s
 43650 30016  165.99190  131  341  166.79449  161.19192  3.36%  82.8  908s
 43651 30017  162.10825   68  421  166.79449  161.19192  3.36%  82.8  913s
 43652 30018  164.94954  143  331  166.79449  161.19192  3.36%  82.8  919s
 43653 30018  161.74378  106  428  166.79449  161.19192  3.36%  82.8  923s
 43654 30019  161.62175   99  379  166.79449  161.19192  3.36%  82.8  931s
 43655 30020  163.52175  116  403  166.79449  161.19192  3.36%  82.8  936s
 43656 30020  161.40329   99  454  166.79449  161.19192  3.36%  82.8  944s
 43657 30021  161.63484   64  394  166.79449  161.19192  3.36%  82.8  949s
 43658 30022  162.83220  108  432  166.79449  161.19192  3.36%  82.8  957s
 43659 30022  162.09941  126  457  166.79449  161.19192  3.36%  82.8  962s
 43660 30023  161.36560   85  372  166.79449  161.19192  3.36%  82.8  970s
 43662 30024  162.94330   68  434  166.79449  161.19192  3.36%  82.8  978s
 43663 30025  166.30800  107  509  166.79449  161.19192  3.36%  82.8  980s
 43664 30026  162.49678  190  430  166.79449  161.19192  3.36%  82.8  985s
 43666 30027  164.89629  110  510  166.79449  161.19192  3.36%  82.8  992s
 43668 30028  164.10854  137  453  166.79449  161.19192  3.36%  82.8 1000s
 43670 30030  161.38630   68  408  166.79449  161.19192  3.36%  82.8 1006s
 43672 30031  164.98482  186  414  166.79449  161.19192  3.36%  82.7 1013s
 43673 30032  163.96325  127  501  166.79449  161.19192  3.36%  82.7 1015s
 43675 30033  161.24614   74  495  166.79449  161.19192  3.36%  82.7 1020s
 43677 30034  165.40797   63  517  166.79449  161.19192  3.36%  82.7 1026s
 43678 30035  163.18089   86  412  166.79449  161.19192  3.36%  82.7 1030s
 43680 30036  162.53111   57  361  166.79449  161.19192  3.36%  82.7 1037s
 43682 30038  164.48436  209  481  166.79449  161.19192  3.36%  82.7 1041s
 43684 30039  161.66396   79  535  166.79449  161.19192  3.36%  82.7 1045s
 43687 30041  161.85042   79  550  166.79449  161.19192  3.36%  82.7 1052s
 43688 30042  161.77506  103  513  166.79449  161.19192  3.36%  82.7 1055s
 43691 30044  166.10927   77  574  166.79449  161.19192  3.36%  82.7 1060s
 43694 30046  163.06677   83  521  166.79449  161.19192  3.36%  82.7 1065s
 43697 30048  163.53599   79  552  166.79449  161.19192  3.36%  82.7 1071s
 43699 30049  165.45843  107  546  166.79449  161.19192  3.36%  82.7 1075s
 43701 30050  164.66795  177  545  166.79449  161.19192  3.36%  82.7 1080s
 43704 30052  162.26171  117  538  166.79449  161.19192  3.36%  82.7 1085s
 43707 30054  162.21094   93  547  166.79449  161.19192  3.36%  82.7 1091s
 43709 30056  161.25061   54  549  166.79449  161.19192  3.36%  82.7 1095s
 43711 30057  166.16386  178  556  166.79449  161.19192  3.36%  82.7 1100s
 43714 30059  162.63467   98  545  166.79449  161.19192  3.36%  82.7 1107s
 43716 30060  161.67400   80  542  166.79449  161.19192  3.36%  82.7 1111s
 43717 30063  161.19192   60  536  166.79449  161.19192  3.36%  84.3 1129s
 43719 30064  161.40273   61  447  166.79449  161.19192  3.36%  84.3 1147s
 43722 30068  161.43330   62  404  166.79449  161.19192  3.36%  84.3 1161s
 43727 30074  161.54933   63  433  166.79449  161.19192  3.36%  84.4 1170s
 43785 30100  161.64783   66  396  166.79449  161.21199  3.35%  84.8 1175s
 43871 30138  161.70892   68  406  166.79449  161.23168  3.34%  85.1 1180s
 43896 30139  161.65429   69  495  166.79449  161.23168  3.34%  85.2 1191s
 44041 30220  161.65438   72  482  166.79449  161.23168  3.34%  85.5 1196s
 44071 30223  161.72955   73  383  166.79449  161.23168  3.34%  85.6 1202s
 44139 30258  164.00594   75  369  166.79449  161.23168  3.34%  85.6 1211s
 44319 30414  161.76841   82  392  166.79449  161.23168  3.34%  85.7 1215s
 45044 30739  162.04007  100  351  166.79449  161.23168  3.34%  86.0 1220s
 46039 31194  163.10773  119  348  166.79449  161.23421  3.33%  86.0 1225s
 47032 31587  165.48798  110  402  166.79449  161.23421  3.33%  86.1 1230s
H47247 30010                     166.7944941  161.23421  3.33%  86.1 1230s
 48234 30560  161.58359   83  338  166.79449  161.23499  3.33%  85.9 1235s
 48847 30742  163.79036  119  126  166.79449  161.23499  3.33%  86.1 1242s
 49430 31060     cutoff   69       166.79449  161.29036  3.30%  86.3 1245s
 49978 31223  161.76781  119  372  166.79449  161.29036  3.30%  86.9 1251s
 50149 31208  162.75202  125  359  166.79449  161.29845  3.30%  87.1 1255s
H50185 29767                     166.7944932  161.29845  3.30%  87.1 1255s
 50891 30247  163.24013  103  315  166.79449  161.30634  3.29%  87.5 1261s
 51324 30282  162.10939   82  406  166.79449  161.30634  3.29%  87.7 1265s
 51934 30581  161.38335   93  404  166.79449  161.31952  3.28%  88.3 1270s
 52354 30449     cutoff  120       166.79449  161.32325  3.28%  88.7 1276s
 52853 31110  161.67116  100  389  166.79449  161.32325  3.28%  89.1 1281s
 53614 31330  161.98292  186  135  166.79449  161.32325  3.28%  89.6 1286s
 54051 31306     cutoff  209       166.79449  161.32325  3.28%  90.0 1306s
 54541 31440  161.53039   75  434  166.79449  161.33104  3.28%  90.2 1333s
H54630 30053                     166.7944932  161.33104  3.28%  90.4 1333s
 54703 30197  161.56732   78  424  166.79449  161.33104  3.28%  90.5 1339s
 54959 30186  161.67705   82  362  166.79449  161.33104  3.28%  90.9 1343s
 55113 30363     cutoff   82       166.79449  161.33254  3.27%  91.0 1348s
 55477 30532  161.71697   76  356  166.79449  161.33359  3.27%  91.4 1355s
 55848 31032  165.19206   94  239  166.79449  161.33503  3.27%  91.8 1360s
 56650 30918  162.29617   98  266  166.79449  161.33764  3.27%  92.0 1365s
 56867 31589  162.29618  102  265  166.79449  161.33764  3.27%  92.0 1370s
 57770 31876  163.06193  214   42  166.79449  161.33968  3.27%  92.3 1375s
 58577 31986  163.05316   93  225  166.79449  161.34903  3.26%  92.7 1381s
 59072 32572  161.36880   79  432  166.79449  161.35305  3.26%  93.3 1386s
 60080 32567  161.73820   74  361  166.79449  161.35438  3.26%  93.7 1393s
 60624 32533  165.24012   95  250  166.79449  161.35438  3.26%  93.9 1398s
 60850 33148  166.09048  101  206  166.79449  161.35611  3.26%  94.2 1405s
 61898 33346  164.30196  102  313  166.79449  161.36242  3.26%  94.6 1412s
 62740 33366  163.21109  126  377  166.79449  161.36599  3.25%  95.5 1419s
 63203 33602  164.08428  106  394  166.79449  161.36692  3.25%  96.1 1426s
 63716 33948  164.55476  102  344  166.79449  161.36727  3.25%  96.3 1431s
 64763 34137  161.48236   97  477  166.79449  161.37301  3.25%  97.1 1442s
 65668 35083  161.50877   96  345  166.79449  161.37551  3.25%  97.9 1457s
 67526 34808  164.95113  115  282  166.79449  161.38525  3.24%  98.8 1481s
 68066 34661  164.97019  116  190  166.79449  161.38525  3.24%  99.3 1505s
 68103 34903  164.97019  118  192  166.79449  161.38821  3.24%  99.4 1525s
 68544 35601  161.94548  113  221  166.79449  161.38909  3.24%   100 1536s
 69947 36511  161.79036   89  314  166.79449  161.39241  3.24%   101 1554s
 72264 36205  162.48393  104  258  166.79449  161.40140  3.23%   102 1570s
 73006 36001  161.89466   80  374  166.79449  161.40227  3.23%   102 1620s
 73081 36355  161.93254   81  363  166.79449  161.40227  3.23%   102 1660s
 73617 37157  163.62660  105  357  166.79449  161.40432  3.23%   102 1679s
 74162 36976  166.70296  105  446  166.79449  161.40997  3.23%   103 1680s
 75126 38351     cutoff  131       166.79449  161.41303  3.23%   103 1698s
 77671 38764  162.95983  100  368  166.79449  161.41828  3.22%   104 1720s
 79431 38258  163.12461  148  108  166.79449  161.42002  3.22%   104 1797s
 79538 39196  163.12831  149  120  166.79449  161.42256  3.22%   104 1819s
 81026 40542  163.61825  105  428  166.79449  161.42707  3.22%   105 1844s
 83902 40653  161.92365  103  318  166.79449  161.42965  3.22%   106 1867s
H84088 39301                     166.7944923  161.42965  3.22%   106 1867s
 85630 40125  161.46068   92  407  166.79449  161.43134  3.22%   106 1899s
 87617 41454  163.19802  109  371  166.79449  161.43581  3.21%   107 1934s
 90600 42277  166.02652   81  261  166.79449  161.44169  3.21%   108 1958s
 93328 42595  163.97224   73  482  166.79449  161.44598  3.21%   108 1976s
 95305 43154  162.89766   91  415  166.79449  161.44999  3.20%   109 1994s
 97279 43786  164.36540  112  295  166.79449  161.45412  3.20%   110 2012s
 99179 44107  165.50891   92  216  166.79449  161.45872  3.20%   110 2030s
 100579 45036     cutoff  121       166.79449  161.46178  3.20%   111 2051s
 102705 44777  161.59139   85  306  166.79449  161.46385  3.20%   112 2069s
 103423 45637  163.84591  125  240  166.79449  161.46414  3.20%   112 2089s
 105345 45946  166.12804  207   76  166.79449  161.47063  3.19%   112 2109s
 106863 47594  164.07760  123  282  166.79449  161.47245  3.19%   113 2138s
 109967 47762  163.58729  194  115  166.79449  161.47774  3.19%   114 2155s
 111847 47861  162.75769  156  283  166.79449  161.47806  3.19%   114 2170s
 113443 48352     cutoff  114       166.79449  161.48423  3.18%   115 2188s
 114854 49496  162.07078  113  495  166.79449  161.48904  3.18%   115 2206s
 117222 49720  162.34944   87  331  166.79449  161.49237  3.18%   115 2228s
 118688 50804  161.69462   99  298  166.79449  161.49472  3.18%   116 2248s
 120548 51850  165.92358  106  437  166.79449  161.49624  3.18%   116 2271s
 122094 53013  163.57190  131  472  166.79449  161.49951  3.17%   117 2293s
 123861 54117  161.85898  112  505  166.79449  161.50202  3.17%   118 2314s
 125527 55319  164.98314   93  350  166.79449  161.50502  3.17%   118 2335s
 127312 56815  164.78895  107  266  166.79449  161.50766  3.17%   119 2362s
 129533 58231  161.96411  108  472  166.79449  161.50935  3.17%   120 2388s
 131641 59520  162.91318   89  409  166.79449  161.51395  3.17%   120 2413s
 133807 60847  162.07429   78  441  166.79449  161.51582  3.16%   121 2435s
 136207 61515  162.39926  111  254  166.79449  161.52026  3.16%   121 2457s
 137736 62485  165.10483  105  281  166.79449  161.52172  3.16%   122 2482s
 139456 63779  165.33463  126  226  166.79449  161.52205  3.16%   123 2508s
 141869 64895  164.01186  102  333  166.79449  161.52569  3.16%   123 2537s
 143531 66551  163.92959  147  289  166.79449  161.52770  3.16%   124 2564s
 145978 67800  166.04998  119  365  166.79449  161.53079  3.16%   124 2588s
 148058 69491  162.69254   85  362  166.79449  161.53421  3.15%   124 2618s
 151001 70777  161.88975   97  437  166.79449  161.53611  3.15%   125 2642s
 153037 71268  166.24771  123  303  166.79449  161.53843  3.15%   125 2667s
 153776 72350  164.24966   82  248  166.79449  161.53843  3.15%   125 2692s
 155405 73728  164.40877  115  200  166.79449  161.54008  3.15%   126 2716s
 157806 74685  163.18020  111  291  166.79449  161.54441  3.15%   127 2740s
 159584 75378  161.84268  113  258  166.79449  161.54618  3.15%   127 2769s
 160891 76768 infeasible  109       166.79449  161.54967  3.14%   128 2801s
 163351 77921  165.18619  102  377  166.79449  161.55201  3.14%   128 2827s
 165278 78931     cutoff  102       166.79449  161.55374  3.14%   129 2854s
 166835 80611  161.98220   82  318  166.79449  161.55542  3.14%   129 2881s
 169317 81631  166.03803  101  351  166.79449  161.55847  3.14%   129 2910s
 171207 83328  162.19445   98  392  166.79449  161.56018  3.14%   130 2948s
 173886 85115  163.69625  123  299  166.79449  161.56256  3.14%   130 2982s
 176629 85471  165.85818   88  371  166.79449  161.56376  3.14%   131 3014s
 177332 86854  162.91542   98  399  166.79449  161.56594  3.13%   131 3040s
 179764 87881  161.87616   98  326  166.79449  161.56791  3.13%   131 3066s
 181368 88944  163.34889  129  317  166.79449  161.57062  3.13%   132 3098s
 183250 90792  163.24075  118  409  166.79449  161.57317  3.13%   132 3135s
 185999 91971  162.49364   95  324  166.79449  161.57514  3.13%   133 3168s
 187840 93463  162.41104  101  362  166.79449  161.57791  3.13%   133 3191s
 190745 94714  163.32202  105  393  166.79449  161.58036  3.13%   133 3225s
 192751 96053  161.86989  112  391  166.79449  161.58164  3.13%   134 3264s
 194853 97749     cutoff  131       166.79449  161.58312  3.12%   134 3295s
 197553 99192     cutoff  125       166.79449  161.58559  3.12%   134 3329s
 199838 100186  163.70667  115  330  166.79449  161.58638  3.12%   135 3362s
 201755 101632  163.05207  156  324  166.79449  161.58742  3.12%   135 3397s
 203930 103490  166.70025   97  452  166.79449  161.59014  3.12%   135 3428s
 207093 104384  163.01393  113  377  166.79449  161.59328  3.12%   136 3460s
 208681 105080  166.38092  119  254  166.79449  161.59331  3.12%   136 3502s
 209875 106554     cutoff  134       166.79449  161.59584  3.12%   136 3535s
 212725 107737  162.55218  100  253  166.79449  161.59831  3.12%   137 3572s
 214818 109184  162.63169  110  326  166.79449  161.60028  3.11%   137 3612s
 217233 110854  165.44875   99  383  166.79449  161.60237  3.11%   137 3649s
 220027 111787     cutoff  102       166.79449  161.60439  3.11%   138 3680s
 221782 113756  163.66671  103  154  166.79449  161.60479  3.11%   138 3715s
 225185 114886  161.84367  141  267  166.79449  161.60735  3.11%   139 3750s
 227104 115979  163.44351  112  488  166.79449  161.60948  3.11%   139 3782s
 228872 117759  166.34326  117  284  166.79449  161.61097  3.11%   139 3817s
 232005 118914  162.44724  231  101  166.79449  161.61312  3.11%   139 3851s
 234006 120174 infeasible  115       166.79449  161.61467  3.11%   140 3888s
 235914 121446     cutoff  139       166.79449  161.61659  3.10%   140 3926s
 238066 122561  162.73989  142  269  166.79449  161.61883  3.10%   140 4070s
 239955 124420  162.74001  143  253  166.79449  161.61919  3.10%   141 4131s
 242947 126316  165.31754  101  223  166.79449  161.62107  3.10%   141 4177s
 246574 128262  166.47133  104  406  166.79449  161.62606  3.10%   142 4218s
 250000 129680  165.45449   92  297  166.79449  161.62956  3.10%   142 4255s
 252322 131423  162.13869   99  328  166.79449  161.63185  3.10%   142 4291s
 255274 133562 infeasible  119       166.79449  161.63470  3.09%   143 4326s
 258437 134433  162.29185   91  370  166.79449  161.63596  3.09%   143 4357s
 259829 135818  161.64944   91  383  166.79449  161.63686  3.09%   143 4388s
 262212 137118  163.02830  106  440  166.79449  161.63797  3.09%   144 4420s
 264582 138682  163.30827  126  342  166.79449  161.64048  3.09%   144 4463s
 267077 139626 infeasible   92       166.79449  161.64180  3.09%   144 4497s
 268800 141297  162.42181  136  226  166.79449  161.64366  3.09%   144 4528s
 271638 142819  165.28129  154  284  166.79449  161.64497  3.09%   144 4557s
 274381 144210  162.75016  108  246  166.79449  161.64649  3.09%   144 4588s
 276623 146104  162.08841   84  317  166.79449  161.64753  3.09%   145 4624s
 279552 147039  164.47975  156  290  166.79449  161.64904  3.08%   145 4657s
 281444 148258  162.91309   95  422  166.79449  161.65106  3.08%   145 4690s
 283618 149176  165.77115  105  304  166.79449  161.65178  3.08%   145 4726s
 285159 150260  166.72613   91  237  166.79449  161.65307  3.08%   146 4763s
 287240 151693  163.47528   79  356  166.79449  161.65457  3.08%   146 4800s
 289845 152330  163.38968  103  434  166.79449  161.65630  3.08%   146 4840s
 290771 153597  166.33103  104  144  166.79449  161.65682  3.08%   146 4882s
 293228 155339  161.76651   92  379  166.79449  161.65883  3.08%   147 4920s
 296072 156744  162.06106   99  350  166.79449  161.65979  3.08%   147 4963s
 298496 157720  166.58249  101  249  166.79449  161.66130  3.08%   147 5002s
 300463 159307  161.92765  107  572  166.79449  161.66230  3.08%   147 5044s
 303335 160228 infeasible  117       166.79449  161.66419  3.08%   148 5093s
 305046 161698  165.04137  105  372  166.79449  161.66533  3.08%   148 5140s
 307649 163322     cutoff  106       166.79449  161.66615  3.07%   148 5179s
 310425 164402     cutoff  111       166.79449  161.66710  3.07%   148 5219s
 312481 164926  166.08970  123  261  166.79449  161.66947  3.07%   149 5285s
 313336 167258  163.54023  100  412  166.79449  161.66953  3.07%   149 5336s
 316830 168660  166.71991  147  197  166.79449  161.67203  3.07%   149 5375s
 318743 169803  165.68353  103  318  166.79449  161.67350  3.07%   149 5421s
 320506 171060  162.97733   92  292  166.79449  161.67396  3.07%   149 5459s
 322877 172404  162.17309  103  377  166.79449  161.67558  3.07%   150 5501s
 325313 173269  162.40731  104  461  166.79449  161.67721  3.07%   150 5539s
 326899 174719  166.51314  101  419  166.79449  161.67843  3.07%   150 5580s
 329835 176000  164.08742  114  263  166.79449  161.67959  3.07%   151 5615s
 332209 177739  163.47363  104  392  166.79449  161.68199  3.07%   151 5658s
 335146 179345  161.83490   84  282  166.79449  161.68344  3.06%   151 5698s
 338033 180513  163.93325   83  324  166.79449  161.68488  3.06%   151 5734s
 339806 182079  162.80413  149  257  166.79449  161.68641  3.06%   152 5774s
 342593 183171  161.76439  126  453  166.79449  161.68849  3.06%   152 5812s
 344669 184574  163.14365   99  373  166.79449  161.68940  3.06%   152 5851s
 347497 185575  166.54521   88  398  166.79449  161.69110  3.06%   152 5887s
 349204 187359  164.28202  112  298  166.79449  161.69180  3.06%   152 5927s
 352454 188592     cutoff  101       166.79449  161.69343  3.06%   153 5974s
 354781 189872  163.38677  150  431  166.79449  161.69442  3.06%   153 6014s
 357011 189985  163.02669  110  426  166.79449  161.69656  3.06%   153 6094s
 357287 191145  163.04224  111  416  166.79449  161.69679  3.06%   153 6139s
 359637 192306  165.20718  112  288  166.79449  161.69770  3.06%   153 6181s
 361593 194182  164.64827  131  386  166.79449  161.69901  3.05%   154 6221s
 364950 195475  165.83720  141  392  166.79449  161.70096  3.05%   154 6259s
 367276 196938  164.21034   81  397  166.79449  161.70175  3.05%   154 6289s
 369545 198695     cutoff   98       166.79449  161.70243  3.05%   154 6330s
 372226 199959  165.38701  157  228  166.79449  161.70343  3.05%   154 6370s
 374389 201379  162.93949  157  277  166.79449  161.70402  3.05%   154 6407s
 376933 202780  162.92599  193  178  166.79449  161.70517  3.05%   155 6446s
 379540 204073  164.55576  104  255  166.79449  161.70612  3.05%   155 6480s
 381847 205633  163.25423  111  281  166.79449  161.70708  3.05%   155 6519s
 384482 207280  164.84918  111  470  166.79449  161.70814  3.05%   155 6556s
 387162 208154  165.83018   95  240  166.79449  161.70987  3.05%   155 6584s
 389211 208617  166.37533  111  419  166.79449  161.71192  3.05%   155 6663s
 390146 209653  161.86465   97  347  166.79449  161.71192  3.05%   156 6723s
 391790 211595     cutoff  110       166.79449  161.71259  3.05%   156 6791s
 395642 213867  164.64433  109  202  166.79449  161.71497  3.05%   156 6845s
 399673 214844  165.28155   98  297  166.79449  161.71731  3.04%   156 6905s
 401957 217210  162.43806  103  223  166.79449  161.71952  3.04%   157 6953s
 405803 218038  163.71017  130  271  166.79449  161.72127  3.04%   157 6998s
 407847 219184  163.09327  102  414  166.79449  161.72328  3.04%   157 7034s
 409878 221089  166.09140  179  255  166.79449  161.72408  3.04%   158 7067s
 413193 222624  163.04172  104  446  166.79449  161.72581  3.04%   158 7101s
 415928 223304  166.02452  124  382  166.79449  161.72793  3.04%   158 7134s
 417775 224202  162.41961  138  297  166.79449  161.72929  3.04%   158 7170s
 419490 225096     cutoff  138       166.79449  161.73086  3.04%   158 7200s

Cutting planes:
  Learned: 6
  Gomory: 149
  Cover: 194
  Implied bound: 650
  Clique: 1
  MIR: 1266
  StrongCG: 9
  Flow cover: 2734
  Inf proof: 76
  Zero half: 59
  Network: 2
  RLT: 46
  Relax-and-lift: 286
  PSD: 2

Explored 421490 nodes (66922456 simplex iterations) in 7200.23 seconds (2114.75 work units)
Thread count was 32 (of 32 available processors)

Solution count 10: 166.794 166.794 166.794 ... 166.896

Time limit reached
Best objective 1.667944923134e+02, best bound 1.617321255394e+02, gap 3.0351%
