
Gurobi 9.5.2 (linux64) logging started Tue Aug 11 17:07:12 2026

Set parameter LogFile to value "/mnt/beegfs/users/celinep/ChargeAndBreak/logs/RmediumCmanyTtight_8_2SP_20260810_213134_098_gurobi.log"
Gurobi Optimizer version 9.5.2 build v9.5.2rc0 (linux64)
Thread count: 16 physical cores, 32 logical processors, using up to 32 threads
Optimize a model with 127651 rows, 58898 columns and 414030 nonzeros
Model fingerprint: 0x9f302363
Variable types: 51851 continuous, 7047 integer (7047 binary)
Coefficient statistics:
  Matrix range     [3e-02, 1e+03]
  Objective range  [2e-02, 4e-02]
  Bounds range     [1e+00, 1e+00]
  RHS range        [1e-02, 5e+02]
Presolve removed 45908 rows and 15257 columns
Presolve time: 3.53s
Presolved: 81743 rows, 43641 columns, 348517 nonzeros
Variable types: 38757 continuous, 4884 integer (4884 binary)
Found heuristic solution: objective 135.1985190

Deterministic concurrent LP optimizer: primal and dual simplex (primal and dual model)
Showing first log only...

Root relaxation presolve removed 1684 rows and 1684 columns
Root relaxation presolved: 80059 rows, 41957 columns, 345149 nonzeros


Root simplex log...

Iteration    Objective       Primal Inf.    Dual Inf.      Time
       0    2.9852670e+01   2.781042e+04   2.754484e+11      6s
   31341    6.4084888e+01   1.759871e+02   3.372787e+09     10s
   35353    9.9866122e+01   0.000000e+00   4.305351e+02     14s
   35997    9.9058939e+01   0.000000e+00   3.419320e+03     15s
   38896    8.7166122e+01   0.000000e+00   5.412756e+03     21s
   40007    8.5386149e+01   0.000000e+00   3.839589e+03     25s
   41258    8.3399554e+01   0.000000e+00   3.120646e+03     30s
   42428    8.1988952e+01   0.000000e+00   2.059269e+05     35s
   43698    8.1507126e+01   0.000000e+00   9.265774e+03     40s
   45008    8.0832807e+01   0.000000e+00   2.210502e+05     45s
   46208    8.0259337e+01   0.000000e+00   5.147159e+03     50s
   48008    7.8399142e+01   0.000000e+00   7.327100e+02     55s
   49549    7.6529625e+01   0.000000e+00   3.426768e+03     60s
   50759    7.5729984e+01   0.000000e+00   2.098407e+03     65s
   52029    7.5076965e+01   0.000000e+00   9.033095e+03     70s
   53660    7.4189570e+01   0.000000e+00   2.169959e+04     75s
   55360    7.3872614e+01   0.000000e+00   1.400897e+04     80s
   57070    7.3428797e+01   0.000000e+00   1.776488e+04     85s
Concurrent spin time: 18.77s

Solved with primal simplex (dual model)

Root relaxation: objective 7.115975e+01, 48897 iterations, 103.35 seconds (42.93 work units)
Total elapsed time = 110.75s

    Nodes    |    Current Node    |     Objective Bounds      |     Work
 Expl Unexpl |  Obj  Depth IntInf | Incumbent    BestBd   Gap | It/Node Time

     0     0   72.45353    0 2220  135.19852   72.45353  46.4%     -  136s
     0     0   73.70232    0 2624  135.19852   73.70232  45.5%     -  179s
H    0     0                     126.0695330   73.70232  41.5%     -  193s
     0     0   74.07913    0 2546  126.06953   74.07913  41.2%     -  212s
     0     0   74.22358    0 2597  126.06953   74.22358  41.1%     -  224s
     0     0   74.29134    0 2656  126.06953   74.29134  41.1%     -  236s
     0     0   74.33746    0 2653  126.06953   74.33746  41.0%     -  251s
     0     0   74.38170    0 2661  126.06953   74.38170  41.0%     -  259s
     0     0   74.41316    0 2650  126.06953   74.41316  41.0%     -  265s
     0     0   74.43289    0 2665  126.06953   74.43289  41.0%     -  269s
     0     0   74.44988    0 2645  126.06953   74.44988  40.9%     -  274s
     0     0   74.46377    0 2638  126.06953   74.46377  40.9%     -  278s
     0     0   74.46796    0 2647  126.06953   74.46796  40.9%     -  280s
     0     0   74.46983    0 2642  126.06953   74.46983  40.9%     -  283s
     0     0   74.46989    0 2644  126.06953   74.46989  40.9%     -  284s
     0     0   74.75847    0 2657  126.06953   74.75847  40.7%     -  339s
     0     0   74.77825    0 2709  126.06953   74.77825  40.7%     -  357s
     0     0   74.78147    0 2562  126.06953   74.78147  40.7%     -  363s
     0     0   74.78266    0 2543  126.06953   74.78266  40.7%     -  366s
     0     0   74.78275    0 2538  126.06953   74.78275  40.7%     -  369s
     0     0   75.23884    0 2426  126.06953   75.23884  40.3%     -  495s
     0     0   75.29235    0 2367  126.06953   75.29235  40.3%     -  535s
     0     0   75.30631    0 2403  126.06953   75.30631  40.3%     -  558s
     0     0   75.30992    0 2405  126.06953   75.30992  40.3%     -  570s
     0     0   75.31093    0 2399  126.06953   75.31093  40.3%     -  575s
     0     0   75.48699    0 2405  126.06953   75.48699  40.1%     -  656s
     0     0   75.50267    0 2471  126.06953   75.50267  40.1%     -  684s
     0     0   75.50538    0 2465  126.06953   75.50538  40.1%     -  695s
     0     0   75.50613    0 2455  126.06953   75.50613  40.1%     -  698s
     0     0   75.57171    0 2385  126.06953   75.57171  40.1%     -  750s
     0     0   75.58772    0 2343  126.06953   75.58772  40.0%     -  778s
     0     0   75.58910    0 2570  126.06953   75.58910  40.0%     -  781s
     0     0   75.63386    0 2355  126.06953   75.63386  40.0%     -  830s
     0     0   75.64261    0 2327  126.06953   75.64261  40.0%     -  873s
     0     0   75.64428    0 2298  126.06953   75.64428  40.0%     -  875s
     0     0   75.64487    0 2342  126.06953   75.64487  40.0%     -  878s
     0     0   75.68606    0 2211  126.06953   75.68606  40.0%     -  917s
     0     0   75.69256    0 2316  126.06953   75.69256  40.0%     -  965s
     0     0   75.69469    0 2313  126.06953   75.69469  40.0%     -  976s
     0     0   75.69559    0 2250  126.06953   75.69559  40.0%     -  980s
     0     0   75.71775    0 2625  126.06953   75.71775  39.9%     - 1026s
     0     0   75.72073    0 2418  126.06953   75.72073  39.9%     - 1042s
     0     0   75.72098    0 2361  126.06953   75.72098  39.9%     - 1049s
     0     0   75.73567    0 2412  126.06953   75.73567  39.9%     - 1095s
     0     0   75.73913    0 2460  126.06953   75.73913  39.9%     - 1132s
     0     0   75.73990    0 2484  126.06953   75.73990  39.9%     - 1138s
     0     0   75.75985    0 2460  126.06953   75.75985  39.9%     - 1215s
     0     0   75.76459    0 2431  126.06953   75.76459  39.9%     - 1257s
     0     0   75.76537    0 2439  126.06953   75.76537  39.9%     - 1264s
     0     0   75.77743    0 2397  126.06953   75.77743  39.9%     - 1295s
H    0     0                     115.0064225   75.77743  34.1%     - 1302s
     0     0   75.77947    0 2569  115.00642   75.77947  34.1%     - 1312s
     0     0   75.77975    0 2413  115.00642   75.77975  34.1%     - 1317s
     0     0   75.79240    0 2510  115.00642   75.79240  34.1%     - 1358s
     0     0   75.79240    0 2253  115.00642   75.79240  34.1%     - 1525s
     0     2   75.79240    0 2238  115.00642   75.79240  34.1%     - 1665s
     1     4   75.79260    1 2240  115.00642   75.79240  34.1%  4511 1691s
     3     8   75.79539    2 2378  115.00642   75.79260  34.1%  7245 1738s
     7    16   76.01527    3 2479  115.00642   75.79545  34.1%  8458 1773s
    15    32   76.04828    4 2367  115.00642   76.01527  33.9%  9263 1824s
    27    32   81.88779    4 2197  115.00642   76.04830  33.9%  8691 1825s
    31    48   76.06693    5 2403  115.00642   76.04833  33.9%  9213 1908s
H   33    48                     114.9084499   76.04833  33.8%  9295 1908s
H   43    48                     113.4171464   76.04833  32.9%  8643 1908s
    47    64   76.06922    6 2413  113.41715   76.04833  32.9%  8337 1938s
    63    80   76.07023    7 2408  113.41715   76.04833  32.9%  6670 2026s
H   79    96                     113.3128899   76.04833  32.9%  5536 2041s
H   81    96                     113.1002777   76.04833  32.8%  5456 2041s
    95   121   76.08865    9 2570  113.10028   76.04833  32.8%  4889 2053s
H  122   143                     112.6245056   76.04833  32.5%  4082 2077s
H  131   143                     112.4937121   76.04833  32.4%  3894 2077s
H  141   143                     112.4510037   76.04833  32.4%  3639 2077s
H  142   143                     112.4402348   76.04833  32.4%  3618 2077s
   144   168   76.14281   11 2558  112.44023   76.04833  32.4%  3629 2090s
H  171   184                     112.4281570   76.04833  32.4%  3223 2205s
H  171   184                     112.4240472   76.04833  32.4%  3223 2205s
H  172   184                     112.1652737   76.04833  32.2%  3270 2205s
H  182   184                     111.2469898   76.04833  31.6%  3140 2205s
   187   222   78.57214   13 2317  111.24699   76.04833  31.6%  3144 2235s
H  227   238                     110.8590718   76.04833  31.4%  2741 2566s
H  231   238                     102.5366315   76.04833  25.8%  2771 2566s
H  237   238                     102.4562225   76.04833  25.8%  2725 2567s
H  238   238                     100.4340748   76.04833  24.3%  2720 2567s
H  241   238                      86.8820432   76.04833  12.5%  2692 2567s
   243   277   81.10872   15 1917   86.88204   76.04833  12.5%  2679 2592s
H  294   293                      86.1748200   76.04833  11.8%  2404 2720s
H  297   293                      85.8849853   76.04833  11.5%  2389 2720s
H  299   293                      85.8370974   76.04833  11.4%  2383 2720s
   310   341   81.21241   18 1699   85.83710   76.04833  11.4%  2341 2762s
   360   357   81.47438   22 1495   85.83710   76.04833  11.4%  2148 2912s
H  361   357                      85.6737165   76.04833  11.2%  2142 2912s
H  375   357                      85.5093840   76.04833  11.1%  2097 2912s
   376   396   81.47657   23 1445   85.50938   76.04833  11.1%  2093 2935s
   415   450   81.60274   27 1090   85.50938   76.04833  11.1%  1936 2959s
   480   512   82.09593   32  972   85.50938   76.04833  11.1%  1778 2991s
H  548   527                      85.2745390   76.04833  10.8%  1692 3178s
H  549   527                      84.9460031   76.04833  10.5%  1689 3178s
   565   579   82.04559   39  495   84.94600   76.04833  10.5%  1664 3209s
   635   642 infeasible   44        84.94600   76.04833  10.5%  1528 3248s
   726   715   82.07273   49  429   84.94600   76.04833  10.5%  1439 3273s
   826   799   82.08365   55  680   84.94600   76.04833  10.5%  1340 3308s
   940   826   82.09312   64  418   84.94600   76.04833  10.5%  1254 3381s
  1003   839 infeasible   73        84.94600   76.04833  10.5%  1235 3457s
  1058   907   82.25824   79  403   84.94600   76.04833  10.5%  1231 3496s
  1166   968   82.45804   86  393   84.94600   76.04833  10.5%  1181 3530s
  1282  1048 infeasible   94        84.94600   76.04833  10.5%  1136 3563s
  1420  1107   82.81775  102  375   84.94600   76.04833  10.5%  1093 3599s
  1540  1123   82.99762  111  366   84.94600   76.04833  10.5%  1088 3692s
H 1545  1122                      84.5026696   76.04833  10.0%  1097 3692s
  1598  1180 infeasible  112        84.50267   76.04833  10.0%  1116 3723s
  1730  1187 infeasible  122        84.50267   76.04833  10.0%  1098 4060s
H 1733  1187                      84.5026696   76.04833  10.0%  1100 4060s
H 1733  1187                      84.4826696   76.04833  10.0%  1100 4060s
H 1734  1187                      84.4226701   76.04833  9.92%  1100 4060s
H 1738  1187                      84.4026701   76.04833  9.90%  1114 4060s
H 1742  1099                      82.4212826   76.04833  7.73%  1124 4060s
  1749  1160     cutoff  123        82.42128   76.06695  7.71%  1122 4101s
H 1839  1197                      82.2737842   76.06695  7.54%  1147 4139s
H 1922  1195                      82.2128110   76.06695  7.48%  1158 4139s
  1929  1211   76.91308    9 2358   82.21281   76.06695  7.48%  1165 4185s
H 2011  1243                      82.2109152   76.06695  7.47%  1213 4221s
  2055  1244   77.12237   28 2253   82.21092   76.06695  7.47%  1249 4600s
  2057  1245   78.19726    9 1370   82.21092   76.06695  7.47%  1248 4733s
  2058  1246   77.06815   20 1467   82.21092   76.06695  7.47%  1247 4826s
  2059  1247   81.45632   20 1682   82.21092   76.06938  7.47%  1247 4870s
  2060  1247   78.40430   32 1778   82.21092   76.15588  7.37%  1246 4898s
  2061  1248   77.98368   21 1786   82.21092   76.20037  7.31%  1246 4926s
  2062  1249   81.59886   28 1717   82.21092   76.22957  7.28%  1245 4942s
  2063  1249   81.91591   21 1627   82.21092   76.25559  7.24%  1244 4952s
  2064  1250   78.21959   72 1713   82.21092   76.27619  7.22%  1244 4971s
H 2064  1187                      82.1909152   76.27619  7.20%  1244 4983s
  2065  1188   80.07233   42 1765   82.19092   76.28977  7.18%  1243 4986s
  2066  1188   78.30257   18 1762   82.19092   76.29720  7.17%  1243 4998s
  2067  1189   78.57193   42 1774   82.19092   76.30056  7.17%  1242 5009s
  2068  1190   77.11611   19 1776   82.19092   76.30259  7.16%  1241 5014s
  2069  1190   80.16538   54 1678   82.19092   76.30304  7.16%  1241 5019s
  2070  1191   81.32226   21 1332   82.19092   76.41973  7.02%  1240 5071s
  2071  1192   77.89461   29 1567   82.19092   76.49940  6.92%  1240 5107s
H 2071  1132                      82.1703836   76.49940  6.90%  1240 5122s
  2072  1132   82.01970   30 1667   82.17038   76.50958  6.89%  1239 5126s
  2073  1133   77.73962   34 1556   82.17038   76.51270  6.89%  1238 5132s
  2074  1134   76.96670   15 1561   82.17038   76.51388  6.88%  1238 5137s
  2075  1134   77.99921   65 1679   82.17038   76.57839  6.81%  1237 5184s
  2076  1135   77.61170   13 1609   82.17038   76.59277  6.79%  1237 5201s
  2077  1136   78.03579   78 1642   82.17038   76.59476  6.79%  1236 5213s
  2078  1136   78.17504   32 1648   82.17038   76.59530  6.78%  1235 5226s
  2079  1137   77.93228    9 1526   82.17038   76.65250  6.72%  1235 5289s
  2080  1138   78.07768   14 1524   82.17038   76.66535  6.70%  1234 5308s
H 2080  1081                      82.1489678   76.66535  6.68%  1234 5317s
  2081  1081   77.94082   38 1605   82.14897   76.66612  6.67%  1234 5321s
H 2081  1026                      82.1483122   76.66612  6.67%  1234 5357s
  2082  1027   78.18264   67 1551   82.14831   76.70354  6.63%  1233 5365s
  2083  1028   78.06801   76 1556   82.14831   76.71196  6.62%  1232 5377s
  2084  1028   78.21321   27 1980   82.14831   76.71586  6.61%  1232 5399s
  2085  1029   78.03249   38 1932   82.14831   76.71689  6.61%  1231 5416s
H 2085   977                      82.1480342   76.71689  6.61%  1231 5477s
  2086   978   80.18922   50 1638   82.14803   76.77052  6.55%  1231 5495s
  2087   978   78.29583   17 1835   82.14803   76.77661  6.54%  1230 5505s
  2088   979   78.07768   14 1679   82.14803   76.77880  6.54%  1229 5510s
  2089   980   80.33761   24 1867   82.14803   76.77954  6.54%  1229 5517s
  2090   980   80.22483   59 1727   82.14803   76.80330  6.51%  1228 5544s
  2091   981   77.61076   10 1836   82.14803   76.80806  6.50%  1228 5556s
  2092   982   81.17537   18 1750   82.14803   76.80896  6.50%  1227 5565s
H 2092   932                      82.1470392   76.80896  6.50%  1227 5597s
  2093   932   78.30199   60 1896   82.14704   76.82930  6.47%  1226 5603s
  2094   933   76.87651    7 1917   82.14704   76.83831  6.46%  1226 5630s
  2095   934   80.16499   57 1922   82.14704   76.84146  6.46%  1225 5647s
  2096   934   80.02683    7 1970   82.14704   76.84233  6.46%  1225 5661s
  2097   935   76.93087   13 1534   82.14704   76.85026  6.45%  1224 5692s
  2098   936   78.13076   26 1558   82.14704   76.85301  6.44%  1224 5709s
  2099   936   78.10468   61 1579   82.14704   76.85318  6.44%  1223 5716s
  2100   937   78.30793   19 1608   82.14704   76.85962  6.44%  1222 5752s
  2101   938   81.60987   26 1656   82.14704   76.86446  6.43%  1222 5757s
  2102   938   78.52361   64 1686   82.14704   76.86548  6.43%  1221 5782s
  2103   939   77.81414   42 1691   82.14704   76.87055  6.42%  1221 5830s
  2104   940   78.01733   65 1629   82.14704   76.87061  6.42%  1220 5842s
  2105   940   77.94082   41 1580   82.14704   76.87385  6.42%  1219 5874s
  2106   941   78.87900   65 1572   82.14704   76.87385  6.42%  1219 5885s
  2107   942   77.92711   43 1572   82.14704   76.87386  6.42%  1218 5916s
  2108   945   76.98260   13 1414   82.14704   76.87397  6.42%  1426 5946s
  2110   949   76.98527   14 1548   82.14704   76.88781  6.40%  1429 5983s
  2114   955   77.00717   15 1670   82.14704   76.89121  6.40%  1461 6125s
  2122   968   77.10391   16 1678   82.14704   76.89671  6.39%  1536 6185s
  2138   976   77.12286   17 1676   82.14704   76.90939  6.38%  1591 6216s
  2154   987   77.24819   17 1678   82.14704   76.90939  6.38%  1628 6255s
  2170   998   77.26557   18 1704   82.14704   76.90939  6.38%  1653 6269s
  2186  1008   77.37498   18 1668   82.14704   76.90939  6.38%  1674 6308s
  2202  1027   77.28039   19 1678   82.14704   76.90939  6.38%  1686 6355s
  2226  1042   77.39730   19 1683   82.14704   76.90939  6.38%  1702 6400s
  2249  1052   77.29570   20 1727   82.14704   76.90939  6.38%  1721 6428s
  2267  1074   77.40173   20 1701   82.14704   76.90939  6.38%  1732 6444s
  2295  1081   77.31192   21 1728   82.14704   76.90939  6.38%  1741 6462s
  2311  1098   77.41959   21 1697   82.14704   76.90939  6.38%  1750 6475s
  2335  1117   77.32693   22 1682   82.14704   76.90939  6.38%  1772 6499s
  2362  1140   77.43919   22 1672   82.14704   76.90939  6.38%  1782 6513s
  2396  1144   77.34292   23 1724   82.14704   76.90939  6.38%  1783 6541s
  2412  1171   77.46504   23 1652   82.14704   76.90939  6.38%  1795 6554s
  2446  1177   77.35890   24 1760   82.14704   76.90939  6.38%  1792 6580s
H 2450  1127                      82.1470391   76.90939  6.38%  1798 6580s
  2463  1162   77.46795   24 1766   82.14704   76.90939  6.38%  1805 6599s
  2502  1167   77.37265   25 1781   82.14704   76.90939  6.38%  1810 6650s
  2520  1202   77.46397   25 1754   82.14704   76.90939  6.38%  1822 6678s
  2561  1202   77.38800   26 1789   82.14704   76.90939  6.38%  1828 6734s
  2577  1241   77.50576   26 1633   82.14704   76.90939  6.38%  1847 6760s
  2624  1245   77.40384   27 1793   82.14704   76.90939  6.38%  1855 6820s
  2648  1281   77.53266   27 1710   82.14704   76.90939  6.38%  1862 6832s
  2695  1282   77.41762   28 1785   82.14704   76.90939  6.38%  1871 6897s
  2711  1332   77.51349   28 1734   82.14704   76.90939  6.38%  1884 6911s
  2767  1330   77.43269   29 1797   82.14704   76.90939  6.38%  1895 6974s
H 2769  1284                      82.1470391   76.90939  6.38%  1895 6974s
  2783  1352   77.55244   29 1740   82.14704   76.90939  6.38%  1905 6990s
  2856  1344   77.44739   30 1757   82.14704   76.90939  6.38%  1904 7051s
  2872  1404   77.56684   30 1670   82.14704   76.90939  6.38%  1905 7065s
  2943  1394   77.57647   31 1721   82.14704   76.90939  6.38%  1910 7141s
  2959  1442   77.47826   32 1772   82.14704   76.90939  6.38%  1921 7160s
  3017  1434   77.49197   33 1823   82.14704   76.90939  6.38%  1950 7200s

Cutting planes:
  Learned: 7
  Gomory: 60
  Cover: 223
  Implied bound: 553
  Clique: 8
  MIR: 3017
  StrongCG: 13
  Flow cover: 5948
  GUB cover: 1
  Zero half: 16
  RLT: 403
  Relax-and-lift: 407
  BQP: 1
  PSD: 9

Explored 3035 nodes (6254089 simplex iterations) in 7200.10 seconds (6174.32 work units)
Thread count was 32 (of 32 available processors)

Solution count 10: 82.147 82.147 82.147 ... 82.2128

Time limit reached
Best objective 8.214703911271e+01, best bound 7.690939423189e+01, gap 6.3759%
