
Gurobi 9.5.2 (linux64) logging started Sun Aug 16 15:51:25 2026

Set parameter LogFile to value "/mnt/beegfs/users/celinep/ChargeAndBreak/logs/RmediumCmediumTmedium_5_2SP_20260814_230228_291_gurobi.log"
Gurobi Optimizer version 9.5.2 build v9.5.2rc0 (linux64)
Thread count: 16 physical cores, 32 logical processors, using up to 32 threads
Optimize a model with 100194 rows, 46258 columns and 326173 nonzeros
Model fingerprint: 0x6c041758
Variable types: 40701 continuous, 5557 integer (5557 binary)
Coefficient statistics:
  Matrix range     [3e-02, 1e+03]
  Objective range  [2e-02, 4e-02]
  Bounds range     [1e+00, 1e+00]
  RHS range        [2e-02, 5e+02]
Presolve removed 36112 rows and 12047 columns (presolve time = 5s) ...
Presolve removed 36115 rows and 12048 columns
Presolve time: 5.69s
Presolved: 64079 rows, 34210 columns, 272952 nonzeros
Variable types: 30396 continuous, 3814 integer (3814 binary)
Found heuristic solution: objective 97.4157883

Deterministic concurrent LP optimizer: primal and dual simplex (primal and dual model)
Showing first log only...

Root relaxation presolve removed 1402 rows and 1402 columns
Root relaxation presolved: 62677 rows, 32808 columns, 270148 nonzeros


Root simplex log...

Iteration    Objective       Primal Inf.    Dual Inf.      Time
       0    3.4773814e+01   1.216163e+04   1.882818e+11      9s
   22211    4.0238368e+01   2.457906e+02   3.498676e+09     10s
   28351    8.0107787e+01   0.000000e+00   2.293124e+03     14s
   29240    7.6657149e+01   0.000000e+00   2.004662e+03     15s
   31400    6.7866033e+01   0.000000e+00   2.398777e+03     20s
   33020    6.5159084e+01   0.000000e+00   7.633336e+03     25s
   35450    6.2533999e+01   0.000000e+00   1.656461e+06     30s
   36540    6.1510423e+01   0.000000e+00   5.792594e+04     35s
   38335    5.9304086e+01   0.000000e+00   7.717749e+03     40s
   39505    5.8479711e+01   0.000000e+00   2.276322e+03     46s
   40665    5.7759807e+01   0.000000e+00   1.240038e+03     51s
   41755    5.7444223e+01   0.000000e+00   3.664947e+03     55s
   42945    5.6848793e+01   0.000000e+00   1.645249e+03     60s
Concurrent spin time: 30.04s

Solved with dual simplex (primal model)

Root relaxation: objective 5.258355e+01, 52308 iterations, 87.62 seconds (23.49 work units)

    Nodes    |    Current Node    |     Objective Bounds      |     Work
 Expl Unexpl |  Obj  Depth IntInf | Incumbent    BestBd   Gap | It/Node Time

     0     0   53.54844    0 1549   97.41579   53.54844  45.0%     -  115s
H    0     0                      83.3364508   53.54844  35.7%     -  126s
H    0     0                      72.2165412   54.30156  24.8%     -  184s
H    0     0                      70.5126370   54.30156  23.0%     -  184s
     0     0   54.30156    0 1840   70.51264   54.30156  23.0%     -  187s
     0     0   54.39409    0 1847   70.51264   54.39409  22.9%     -  200s
     0     0   54.41303    0 1880   70.51264   54.41303  22.8%     -  203s
     0     0   54.41303    0 1883   70.51264   54.41303  22.8%     -  205s
     0     0   54.41303    0 1932   70.51264   54.41303  22.8%     -  206s
     0     0   54.41303    0 1931   70.51264   54.41303  22.8%     -  208s
     0     0   54.41303    0 1931   70.51264   54.41303  22.8%     -  209s
     0     0   54.61270    0 1970   70.51264   54.61270  22.5%     -  225s
     0     0   54.67507    0 1920   70.51264   54.67507  22.5%     -  239s
     0     0   54.68370    0 1983   70.51264   54.68370  22.4%     -  242s
     0     0   54.68600    0 1970   70.51264   54.68600  22.4%     -  243s
     0     0   54.68616    0 1967   70.51264   54.68616  22.4%     -  244s
     0     0   55.32542    0 1691   70.51264   55.32542  21.5%     -  330s
     0     0   55.38430    0 2057   70.51264   55.38430  21.5%     -  350s
     0     0   55.38698    0 2052   70.51264   55.38698  21.5%     -  362s
     0     0   55.38779    0 1970   70.51264   55.38779  21.4%     -  369s
     0     0   55.38793    0 2032   70.51264   55.38793  21.4%     -  371s
H    0     0                      60.8809786   56.87160  6.59%     -  555s
     0     0   56.87160    0 2019   60.88098   56.87160  6.59%     -  556s
     0     0   56.88914    0 2039   60.88098   56.88914  6.56%     -  597s
     0     0   56.89343    0 2045   60.88098   56.89343  6.55%     -  616s
     0     0   56.89401    0 2061   60.88098   56.89401  6.55%     -  623s
     0     0   57.00504    0 2030   60.88098   57.00504  6.37%     -  698s
     0     0   57.01754    0 2052   60.88098   57.01754  6.35%     -  733s
     0     0   57.01947    0 2035   60.88098   57.01947  6.34%     -  737s
     0     0   57.02012    0 2044   60.88098   57.02012  6.34%     -  740s
     0     0   57.04538    0 2079   60.88098   57.04538  6.30%     -  776s
     0     0   57.04880    0 2068   60.88098   57.04880  6.29%     -  799s
     0     0   57.04923    0 2098   60.88098   57.04923  6.29%     -  809s
     0     0   57.06774    0 2039   60.88098   57.06774  6.26%     -  854s
     0     0   57.06855    0 2062   60.88098   57.06855  6.26%     -  884s
     0     0   57.09212    0 1757   60.88098   57.09212  6.22%     -  923s
     0     0   57.09438    0 1779   60.88098   57.09438  6.22%     -  964s
     0     0   57.09468    0 1775   60.88098   57.09468  6.22%     -  982s
     0     0   57.09802    0 2038   60.88098   57.09802  6.21%     -  997s
     0     0   57.09940    0 1761   60.88098   57.09940  6.21%     - 1018s
     0     0   57.09963    0 2062   60.88098   57.09963  6.21%     - 1023s
     0     0   57.10112    0 2053   60.88098   57.10112  6.21%     - 1032s
     0     0   57.10112    0 1918   60.88098   57.10112  6.21%     - 1082s
     0     2   57.10112    0 1900   60.88098   57.10112  6.21%     - 1203s
     1     2   57.12044    1 1913   60.88098   57.10280  6.21%  4974 1213s
     3     2   57.12101    2 1935   60.88098   57.12072  6.18%  1875 1250s
     5     2   57.12101    3 1926   60.88098   57.12101  6.18%  2806 1286s
     7     4   57.12101    4 1914   60.88098   57.12101  6.18%  3581 1317s
     9     8   57.12101    5 1936   60.88098   57.12101  6.18%  3673 1359s
    13     8   57.12101    6 1924   60.88098   57.12101  6.18%  3341 1401s
    21    10   57.12101    7 1937   60.88098   57.12101  6.18%  3777 1422s
    29    15   57.12101    8 1950   60.88098   57.12101  6.18%  3377 1449s
    39    14   57.12101    9 1947   60.88098   57.12101  6.18%  3234 1474s
    54    16   57.12105   10 1961   60.88098   57.12101  6.18%  2997 1549s
    68    20   57.12193   11 1901   60.88098   57.12105  6.18%  2938 1576s
    84    31   57.12193   12 1936   60.88098   57.12193  6.17%  2706 1596s
   107    40   57.12496   14 1894   60.88098   57.12208  6.17%  2498 1616s
H  115    40                      60.5426739   57.12208  5.65%  2412 1616s
   126    49   57.12777   15 1970   60.54267   57.12208  5.65%  2326 1633s
   143    66   57.12902   16 1975   60.54267   57.12208  5.65%  2379 1657s
H  168    77                      60.4387292   57.12208  5.49%  2180 1692s
   193    84   57.13588   19 1973   60.43873   57.12208  5.49%  2078 1721s
H  224    96                      60.3897556   57.12208  5.41%  1951 1771s
H  225    96                      60.3837815   57.12208  5.40%  1945 1771s
   242    92   57.14905   23 1970   60.38378   57.12208  5.40%  1910 1807s
   284    93   57.18330   27 2096   60.38378   57.12208  5.40%  1818 1932s
   309   111   57.24054   28 2072   60.38378   57.12208  5.40%  1891 1956s
   349   115   57.35530   31 1772   60.38378   57.12208  5.40%  1849 2150s
H  372   115                      60.3837814   57.12208  5.40%  1877 2150s
   373   135   57.35606   32 2075   60.38378   57.12208  5.40%  1882 2167s
   419   146   57.36525   35 1713   60.38378   57.12208  5.40%  1800 2680s
   438   170   57.36707   36 1769   60.38378   57.12208  5.40%  1799 2714s
   510   168   57.41627   41 1737   60.38378   57.12208  5.40%  1681 3043s
   542   188   57.42299   42 1731   60.38378   57.12208  5.40%  1699 3099s
   585   188   60.37097   37  884   60.38378   57.12208  5.40%  1714 3100s
   604   194   57.50329   46 1645   60.38378   57.12208  5.40%  1697 3235s
   626   216   57.89820   47 1619   60.38378   57.12208  5.40%  1722 3285s
   700   215   58.10058   55 1623   60.38378   57.12208  5.40%  1705 3477s
   743   254   58.61424   56 1922   60.38378   57.12208  5.40%  1701 3525s
   838   249   58.68990   58 1665   60.38378   57.12208  5.40%  1633 3621s
   891   251   58.73573   60 1651   60.38378   57.12208  5.40%  1674 3696s
   958   254   58.81563   62 1665   60.38378   57.12208  5.40%  1717 4128s
   979   255     cutoff   63        60.38378   57.12208  5.40%  1764 4192s
  1078   246     cutoff   62        60.38378   57.12208  5.40%  1760 4276s
  1145   246     cutoff   32        60.38378   57.12208  5.40%  1811 4625s
  1193   251   60.05277   36 1725   60.38378   57.12208  5.40%  1853 5121s
  1218   285   60.06407   37 1681   60.38378   57.50499  4.77%  1876 5194s
  1340   295   59.92176   14 1625   60.38378   57.50499  4.77%  1838 5279s
  1448   327   59.99371   17 1639   60.38378   57.50499  4.77%  1807 5361s
H 1532   327                      60.3837814   57.50499  4.77%  1773 5361s
  1620   360     cutoff   25        60.38378   58.20105  3.61%  1718 5423s
  1802   408   60.14172   44 1545   60.38378   58.24229  3.55%  1638 5480s
  2035   462   58.31727   24 2076   60.38378   58.30995  3.43%  1535 5558s
  2304   507   60.21425   27 1436   60.38378   58.30995  3.43%  1437 5625s
  2543   528     cutoff   32        60.38378   58.30995  3.43%  1369 5690s
H 2652   528                      60.3837813   58.39820  3.29%  1347 5690s
  2751   564     cutoff   45        60.38378   58.46024  3.19%  1329 5749s
  3070   594   58.69652   28 1657   60.38378   58.48896  3.14%  1260 5813s
  3366   611   60.03957   33 1469   60.38378   58.48896  3.14%  1210 5884s
  3613   648   60.27809   38 1442   60.38378   59.13391  2.07%  1184 5958s
  3886   703   60.17989   28 1817   60.38378   59.13391  2.07%  1153 6039s
  4190   715   60.30688   29 1318   60.38378   59.15470  2.04%  1120 6127s
  4498   731 infeasible   40        60.38378   59.15476  2.04%  1092 6212s
  4806   741   60.04160   44 1536   60.38378   59.22151  1.92%  1070 6306s

Cutting planes:
  Learned: 25
  Gomory: 4
  Cover: 701
  Implied bound: 4194
  Clique: 899
  MIR: 3226
  StrongCG: 6
  Flow cover: 4105
  Inf proof: 2
  Zero half: 8
  Network: 18
  RLT: 986
  Relax-and-lift: 508
  BQP: 82
  PSD: 43

Explored 5198 nodes (5574258 simplex iterations) in 6307.17 seconds (1819.09 work units)
Thread count was 32 (of 32 available processors)

Solution count 10: 60.3838 60.3838 60.3838 ... 72.2165

Optimal solution found (tolerance 5.00e-03)
Best objective 6.038378127892e+01, best bound 6.015132764190e+01, gap 0.3850%
