
Gurobi 9.5.2 (linux64) logging started Tue Aug 11 05:21:21 2026

Set parameter LogFile to value "/mnt/beegfs/users/celinep/ChargeAndBreak/logs/RmediumCmanyTtight_7_RO_20260810_213127_097_gurobi.log"
Gurobi Optimizer version 9.5.2 build v9.5.2rc0 (linux64)
Thread count: 16 physical cores, 32 logical processors, using up to 32 threads
Optimize a model with 4248 rows, 2366 columns and 14433 nonzeros
Model fingerprint: 0xd4dd5ae8
Variable types: 1493 continuous, 873 integer (873 binary)
Coefficient statistics:
  Matrix range     [6e-02, 1e+03]
  Objective range  [1e+00, 1e+00]
  Bounds range     [1e+00, 1e+00]
  RHS range        [2e-02, 5e+02]
Presolve removed 1465 rows and 504 columns
Presolve time: 0.59s
Presolved: 2783 rows, 1862 columns, 12437 nonzeros
Variable types: 1106 continuous, 756 integer (755 binary)
Found heuristic solution: objective 145.6893237

Root relaxation: objective 8.022720e+01, 2057 iterations, 0.54 seconds (0.06 work units)

    Nodes    |    Current Node    |     Objective Bounds      |     Work
 Expl Unexpl |  Obj  Depth IntInf | Incumbent    BestBd   Gap | It/Node Time

     0     0   80.22720    0  164  145.68932   80.22720  44.9%     -    1s
H    0     0                     114.9790272   80.22720  30.2%     -    1s
H    0     0                     103.8123605   80.22720  22.7%     -    2s
     0     0   81.36589    0  122  103.81236   81.36589  21.6%     -    2s
H    0     0                     103.7819009   81.36589  21.6%     -    2s
     0     0   81.43097    0  157  103.78190   81.43097  21.5%     -    2s
     0     0   81.43169    0  154  103.78190   81.43169  21.5%     -    2s
     0     0   81.43193    0  151  103.78190   81.43193  21.5%     -    2s
     0     0   81.63483    0  210  103.78190   81.63483  21.3%     -    3s
     0     0   81.63728    0  212  103.78190   81.63728  21.3%     -    3s
     0     0   81.63745    0  212  103.78190   81.63745  21.3%     -    3s
     0     0   81.79817    0  219  103.78190   81.79817  21.2%     -    4s
     0     0   81.81041    0  214  103.78190   81.81041  21.2%     -    4s
     0     0   81.81304    0  213  103.78190   81.81304  21.2%     -    4s
     0     0   81.81637    0  210  103.78190   81.81637  21.2%     -    4s
     0     0   81.81637    0  209  103.78190   81.81637  21.2%     -    4s
     0     0   81.95193    0  154  103.78190   81.95193  21.0%     -    5s
     0     0   81.96135    0  182  103.78190   81.96135  21.0%     -    5s
     0     0   81.96197    0  169  103.78190   81.96197  21.0%     -    5s
     0     0   81.96243    0  172  103.78190   81.96243  21.0%     -    5s
     0     0   81.96243    0  174  103.78190   81.96243  21.0%     -    5s
     0     0   81.96497    0  182  103.78190   81.96497  21.0%     -    5s
     0     0   81.96614    0  182  103.78190   81.96614  21.0%     -    6s
     0     0   81.96615    0  182  103.78190   81.96615  21.0%     -    6s
     0     0   81.97017    0  216  103.78190   81.97017  21.0%     -    6s
     0     0   81.97223    0  217  103.78190   81.97223  21.0%     -    6s
     0     0   81.97223    0  217  103.78190   81.97223  21.0%     -    6s
     0     0   81.97223    0  218  103.78190   81.97223  21.0%     -    6s
     0     0   81.97223    0  218  103.78190   81.97223  21.0%     -    7s
     0     0   81.97223    0  218  103.78190   81.97223  21.0%     -    7s
     0     0   81.97223    0  161  103.78190   81.97223  21.0%     -    8s
H    0     0                     103.6873815   81.97784  20.9%     -    8s
     0     2   81.97784    0  160  103.68738   81.97784  20.9%     -    9s
     3     8   82.01492    2  207  103.68738   82.01064  20.9%   120   10s
H   33    48                     103.4324783   82.08734  20.6%  81.6   10s
H   80    94                     102.7881556   82.10213  20.1%  57.2   11s
H  127   136                      91.0329506   82.10213  9.81%  43.7   13s
H  174   143                      90.9226185   82.10213  9.70%  36.9   18s
H  180   143                      90.7289220   82.10213  9.51%  36.1   18s
   327   316   89.68800   21  116   90.72892   82.10213  9.51%  28.4   20s
H  629   497                      90.7289219   82.10541  9.50%  26.5   22s
  1676  1164   83.73384    7  174   90.72892   82.25611  9.34%  24.6   25s
H 1920  1259                      90.5853803   82.25611  9.19%  24.5   27s
H 2149  1302                      90.2289220   82.25611  8.84%  24.2   29s
  2150  1297   89.72900   35  161   90.22892   82.25611  8.84%  24.2   31s
  2153  1299   90.19795   46  151   90.22892   82.25611  8.84%  24.2   36s
  2162  1305   84.34170   12  173   90.22892   82.69642  8.35%  24.1   40s
  2171  1311   89.72900   35  193   90.22892   83.05090  7.96%  24.0   45s
  2178  1316   87.52389   37  233   90.22892   83.26521  7.72%  23.9   50s
  2183  1319   89.97295   49  197   90.22892   83.70746  7.23%  23.8   55s
  2193  1326   89.97557   32  162   90.22892   83.86498  7.05%  23.7   60s
  2202  1332   83.98147   26  161   90.22892   83.98147  6.92%  23.6   66s
  2209  1336   89.05008   11  253   90.22892   84.01395  6.89%  23.5   71s
  2218  1342   85.58348   35  183   90.22892   84.05592  6.84%  23.4   75s
  2225  1347   89.90360   35  190   90.22892   84.07468  6.82%  23.4   80s
  2230  1352   84.07468   12  185   90.22892   84.07468  6.82%  30.7   88s
  2237  1357   84.49705   28  225   90.22892   84.15164  6.74%  30.6   90s
  2243  1361   87.42198   27  175   90.22892   84.22530  6.65%  30.6   95s
  2250  1365   89.72900   35  181   90.22892   84.26060  6.61%  30.5  100s
  2254  1368   88.51287   43  166   90.22892   84.27199  6.60%  30.4  106s
  2257  1371     cutoff   29        90.22892   84.33976  6.53%  33.7  121s
  2259  1370   84.52387   30  208   90.22892   84.52387  6.32%  33.9  132s
  2265  1368   85.10871   33  152   90.22892   85.10871  5.67%  34.1  135s
  2310  1373   85.19740   44  183   90.22892   85.19740  5.58%  36.1  140s
  2445  1433   85.27830   49  237   90.22892   85.26262  5.50%  39.2  156s
H 2446  1364                      89.9942066   85.26262  5.26%  39.2  156s
H 2450  1297                      89.9844079   85.26262  5.25%  39.3  156s
  2913  1340   85.43225   56  111   89.98441   85.26262  5.25%  41.0  160s
  4010  1727   88.15279   78  145   89.98441   85.26262  5.25%  42.1  165s
  5002  2106   86.84982   87  137   89.98441   85.26262  5.25%  43.3  170s
  5573  2161   85.28958   49  188   89.98441   85.28687  5.22%  43.8  177s
  6382  2648   88.21430   60  153   89.98441   85.28687  5.22%  46.2  180s
  8346  3640   85.33564   56  212   89.98441   85.31417  5.19%  52.1  185s
  9497  4050   85.94187   85  213   89.98441   85.31417  5.19%  56.3  205s
 10712  4742   87.61465  118  201   89.98441   85.31417  5.19%  60.3  211s
 11293  4910   87.10753   61  205   89.98441   85.52095  4.96%  61.9  215s
 11430  5226   88.05452   63  211   89.98441   85.52095  4.96%  62.3  220s
 12657  5808   87.65084   69  136   89.98441   85.61996  4.85%  64.2  225s
 14246  6367   89.61841   65  179   89.98441   85.86428  4.58%  65.0  230s
 16004  6732     cutoff  102        89.98441   85.90354  4.54%  65.9  247s
 16084  7001   86.91271   70  115   89.98441   85.90354  4.54%  66.1  250s
 17372  7707   86.89973   78  119   89.98441   85.99449  4.43%  66.6  255s
 18805  8195     cutoff   93        89.98441   86.06526  4.36%  66.9  260s
 20474  7895     cutoff   63        89.98441   86.14981  4.26%  66.9  265s
 21824  7529   87.33893   92  199   89.98441   86.28719  4.11%  67.9  270s
 23359  6691   89.53734   96  180   89.98441   86.45045  3.93%  68.3  275s
 25443  5385     cutoff  120        89.98441   86.66651  3.69%  68.4  280s
 28158  4089     cutoff   88        89.98441   87.14159  3.16%  67.6  288s
 29192  3350   88.73273   77  132   89.98441   87.19475  3.10%  67.3  292s
 30540  2213     cutoff   88        89.98441   87.45927  2.81%  66.7  296s
 34777    14     cutoff  121        89.98441   87.88443  2.33%  64.5  302s

Cutting planes:
  Learned: 1
  Gomory: 35
  Cover: 50
  Implied bound: 157
  MIR: 260
  StrongCG: 1
  Flow cover: 659
  GUB cover: 1
  Inf proof: 3
  Zero half: 7
  RLT: 47
  Relax-and-lift: 30
  PSD: 1

Explored 35562 nodes (2279370 simplex iterations) in 303.04 seconds (50.88 work units)
Thread count was 32 (of 32 available processors)

Solution count 10: 89.9844 89.9844 89.9942 ... 102.788

Optimal solution found (tolerance 5.00e-03)
Best objective 8.998440794042e+01, best bound 8.998440794042e+01, gap 0.0000%
