
Gurobi 9.5.2 (linux64) logging started Sat Aug 15 22:55:33 2026

Set parameter LogFile to value "/mnt/beegfs/users/celinep/ChargeAndBreak/logs/RmediumCmanyTmedium_2_2SP_20260814_230228_173_gurobi.log"
Gurobi Optimizer version 9.5.2 build v9.5.2rc0 (linux64)
Thread count: 16 physical cores, 32 logical processors, using up to 32 threads
Optimize a model with 116199 rows, 53632 columns and 376203 nonzeros
Model fingerprint: 0x2e86ec49
Variable types: 47126 continuous, 6506 integer (6506 binary)
Coefficient statistics:
  Matrix range     [3e-02, 1e+03]
  Objective range  [2e-02, 4e-02]
  Bounds range     [1e+00, 1e+00]
  RHS range        [6e-03, 5e+02]
Presolve removed 42113 rows and 14182 columns (presolve time = 5s) ...
Presolve removed 42116 rows and 14183 columns
Presolve time: 7.06s
Presolved: 74083 rows, 39449 columns, 311737 nonzeros
Variable types: 34990 continuous, 4459 integer (4459 binary)
Found heuristic solution: objective 121.0556612

Deterministic concurrent LP optimizer: primal and dual simplex (primal and dual model)
Showing first log only...

Root relaxation presolve removed 1498 rows and 1498 columns
Root relaxation presolved: 72585 rows, 37951 columns, 308741 nonzeros


Root simplex log...

Iteration    Objective       Primal Inf.    Dual Inf.      Time
       0    3.3970281e+01   2.041230e+04   2.466614e+11     11s
   27771    7.2028716e+01   9.923596e+01   1.345795e+09     15s
   30031    1.0111471e+02   0.000000e+00   4.428509e+02     19s
   30721    9.5295508e+01   0.000000e+00   1.967145e+03     20s
   33038    8.5224289e+01   0.000000e+00   2.406481e+03     25s
   34696    8.3271521e+01   0.000000e+00   1.699420e+03     30s
   37160    8.1064768e+01   0.000000e+00   5.187349e+02     35s
   38680    7.8476025e+01   0.000000e+00   1.094576e+03     40s
   40400    7.5965320e+01   0.000000e+00   1.715165e+03     46s
   41320    7.5397401e+01   0.000000e+00   4.082708e+03     50s
   42520    7.4533380e+01   0.000000e+00   1.507152e+04     55s
   43660    7.3433336e+01   0.000000e+00   1.391015e+03     60s
   44710    7.2556681e+01   0.000000e+00   1.226312e+04     66s
   45360    7.2086669e+01   0.000000e+00   9.843211e+03     70s
   46240    7.1571242e+01   0.000000e+00   1.138375e+04     75s
   47060    7.0864234e+01   0.000000e+00   3.601851e+03     80s
   47930    7.0241344e+01   0.000000e+00   6.430706e+03     85s
   49060    6.9589897e+01   0.000000e+00   3.245862e+02     91s
   49890    6.9200639e+01   0.000000e+00   6.420039e+02     96s
   50868    6.8404045e+01   0.000000e+00   6.576763e+04    100s
   52006    6.7944851e+01   0.000000e+00   2.406141e+03    106s
   52876    6.7664442e+01   0.000000e+00   3.763882e+03    110s
   53986    6.7397962e+01   0.000000e+00   7.868736e+02    116s
   54766    6.7159956e+01   0.000000e+00   4.998002e+03    120s
   55950    6.6830435e+01   0.000000e+00   9.592162e+03    125s
   57010    6.6597146e+01   0.000000e+00   2.173140e+03    130s
   58060    6.6457705e+01   0.000000e+00   2.472507e+03    135s
Concurrent spin time: 0.00s

Solved with primal simplex (dual model)

Root relaxation: objective 6.578542e+01, 41106 iterations, 128.78 seconds (32.21 work units)
Total elapsed time = 141.51s

    Nodes    |    Current Node    |     Objective Bounds      |     Work
 Expl Unexpl |  Obj  Depth IntInf | Incumbent    BestBd   Gap | It/Node Time

     0     0   67.10764    0 1815  121.05566   67.10764  44.6%     -  170s
     0     0   68.36859    0 2287  121.05566   68.36859  43.5%     -  230s
H    0     0                     121.0023673   68.36859  43.5%     -  260s
     0     0   68.67111    0 2281  121.00237   68.67111  43.2%     -  285s
     0     0   68.71195    0 2330  121.00237   68.71195  43.2%     -  297s
     0     0   68.71272    0 2287  121.00237   68.71272  43.2%     -  299s
     0     0   68.71290    0 2279  121.00237   68.71290  43.2%     -  300s
     0     0   68.96417    0 2310  121.00237   68.96417  43.0%     -  334s
     0     0   68.99408    0 2377  121.00237   68.99408  43.0%     -  353s
     0     0   69.00035    0 2358  121.00237   69.00035  43.0%     -  360s
     0     0   69.00277    0 2347  121.00237   69.00277  43.0%     -  367s
     0     0   69.00366    0 2336  121.00237   69.00366  43.0%     -  369s
     0     0   69.00377    0 2336  121.00237   69.00377  43.0%     -  371s
     0     0   69.39726    0 2182  121.00237   69.39726  42.6%     -  449s
H    0     0                     110.9626313   69.39726  37.5%     -  463s
     0     0   69.42089    0 2223  110.96263   69.42089  37.4%     -  472s
     0     0   69.42665    0 2285  110.96263   69.42665  37.4%     -  480s
     0     0   69.42850    0 2292  110.96263   69.42850  37.4%     -  485s
     0     0   69.42907    0 2234  110.96263   69.42907  37.4%     -  489s
     0     0   69.42927    0 2238  110.96263   69.42927  37.4%     -  491s
     0     0   69.64054    0 2260  110.96263   69.64054  37.2%     -  581s
     0     0   69.66523    0 2253  110.96263   69.66523  37.2%     -  604s
     0     0   69.66784    0 2267  110.96263   69.66784  37.2%     -  613s
     0     0   69.66845    0 2277  110.96263   69.66845  37.2%     -  617s
     0     0   69.66870    0 2283  110.96263   69.66870  37.2%     -  619s
     0     0   69.71912    0 2272  110.96263   69.71912  37.2%     -  661s
     0     0   69.72822    0 2107  110.96263   69.72822  37.2%     -  689s
     0     0   69.72936    0 2099  110.96263   69.72936  37.2%     -  692s
     0     0   69.72981    0 2063  110.96263   69.72981  37.2%     -  693s
     0     0   69.77266    0 2105  110.96263   69.77266  37.1%     -  729s
H    0     0                     110.9602705   69.77266  37.1%     -  738s
     0     0   69.77695    0 2108  110.96027   69.77695  37.1%     -  747s
     0     0   69.77722    0 2110  110.96027   69.77722  37.1%     -  750s
     0     0   69.80454    0 2276  110.96027   69.80454  37.1%     -  770s
     0     0   69.80758    0 2268  110.96027   69.80758  37.1%     -  780s
     0     0   69.80853    0 2266  110.96027   69.80853  37.1%     -  781s
     0     0   69.80873    0 2273  110.96027   69.80873  37.1%     -  782s
     0     0   69.83004    0 2087  110.96027   69.83004  37.1%     -  798s
     0     0   69.83244    0 2093  110.96027   69.83244  37.1%     -  807s
     0     0   69.83306    0 2112  110.96027   69.83306  37.1%     -  812s
     0     0   69.84906    0 2261  110.96027   69.84906  37.1%     -  834s
     0     0   69.85124    0 2134  110.96027   69.85124  37.0%     -  849s
     0     0   69.85146    0 2096  110.96027   69.85146  37.0%     -  852s
     0     0   69.86399    0 2103  110.96027   69.86399  37.0%     -  871s
     0     0   69.86531    0 2109  110.96027   69.86531  37.0%     -  892s
     0     0   69.86544    0 2113  110.96027   69.86544  37.0%     -  897s
     0     0   69.87410    0 2047  110.96027   69.87410  37.0%     -  919s
H    0     0                     110.9359224   69.87410  37.0%     -  931s
     0     0   69.87656    0 2099  110.93592   69.87656  37.0%     -  941s
     0     0   69.87695    0 2097  110.93592   69.87695  37.0%     -  945s
     0     0   69.89515    0 2059  110.93592   69.89515  37.0%     -  966s
     0     0   69.89773    0 2074  110.93592   69.89773  37.0%     -  978s
     0     0   69.89794    0 2078  110.93592   69.89794  37.0%     -  981s
     0     0   69.90967    0 2074  110.93592   69.90967  37.0%     -  993s
     0     0   69.91007    0 2089  110.93592   69.91007  37.0%     - 1012s
     0     0   69.91632    0 2094  110.93592   69.91632  37.0%     - 1040s
H    0     0                     110.9314675   69.91632  37.0%     - 1050s
     0     0   69.91950    0 2359  110.93147   69.91950  37.0%     - 1068s
     0     0   69.92015    0 2086  110.93147   69.92015  37.0%     - 1077s
     0     0   69.92912    0 2256  110.93147   69.92912  37.0%     - 1103s
H    0     0                     110.9043681   69.92912  36.9%     - 1119s
     0     0   69.93075    0 2263  110.90437   69.93075  36.9%     - 1127s
     0     0   69.93110    0 2280  110.90437   69.93110  36.9%     - 1131s
     0     0   69.93795    0 2276  110.90437   69.93795  36.9%     - 1149s
     0     0   69.93999    0 2095  110.90437   69.93999  36.9%     - 1167s
     0     0   69.94045    0 2114  110.90437   69.94045  36.9%     - 1172s
     0     0   69.95186    0 2094  110.90437   69.95186  36.9%     - 1185s
     0     0   69.95493    0 2126  110.90437   69.95493  36.9%     - 1203s
     0     0   69.95561    0 2274  110.90437   69.95561  36.9%     - 1209s
     0     0   69.96232    0 2101  110.90437   69.96232  36.9%     - 1228s
     0     0   69.96401    0 2103  110.90437   69.96401  36.9%     - 1249s
     0     0   69.96453    0 2099  110.90437   69.96453  36.9%     - 1252s
     0     0   69.97738    0 2116  110.90437   69.97738  36.9%     - 1273s
     0     0   69.97866    0 2121  110.90437   69.97866  36.9%     - 1286s
     0     0   69.97874    0 2107  110.90437   69.97874  36.9%     - 1288s
     0     0   69.98505    0 2292  110.90437   69.98505  36.9%     - 1305s
H    0     0                     110.9021905   69.98505  36.9%     - 1313s
     0     0   69.98721    0 2132  110.90219   69.98721  36.9%     - 1322s
     0     0   69.98790    0 2151  110.90219   69.98790  36.9%     - 1327s
     0     0   69.99447    0 2082  110.90219   69.99447  36.9%     - 1343s
     0     0   69.99496    0 2076  110.90219   69.99496  36.9%     - 1362s
     0     0   70.00203    0 2200  110.90219   70.00203  36.9%     - 1375s
H    0     0                     110.8785024   70.00203  36.9%     - 1381s
     0     0   70.00261    0 2115  110.87850   70.00261  36.9%     - 1383s
     0     0   70.00873    0 2274  110.87850   70.00873  36.9%     - 1392s
     0     0   70.00941    0 2096  110.87850   70.00941  36.9%     - 1400s
     0     0   70.01406    0 2109  110.87850   70.01406  36.9%     - 1411s
     0     0   70.01406    0 1985  110.87850   70.01406  36.9%     - 1537s
H    0     0                     110.8459801   70.01406  36.8%     - 1569s
H    0     2                     110.8370452   70.01406  36.8%     - 1643s
     0     2   70.01406    0 1875  110.83705   70.01406  36.8%     - 1643s
     1     4   70.02351    1 1878  110.83705   70.01420  36.8%  4773 1722s
     3     8   70.05871    2 2033  110.83705   70.02763  36.8%  9996 1863s
     7    16   70.12586    3 2122  110.83705   70.05912  36.8% 11180 1921s
H   10    16                      97.6095620   70.05912  28.2%  9348 1921s
    15    32   70.20009    4 2045   97.60956   70.12600  28.2% 11181 1989s
H   31    48                      97.6085565   70.20021  28.1%  9411 2139s
H   33    48                      97.6067175   70.20130  28.1%  9749 2139s
H   44    48                      97.6062844   70.20130  28.1%  8919 2139s
H   46    48                      97.6052652   70.20130  28.1%  8637 2139s
    47    64   70.31645    6 2162   97.60527   70.20130  28.1%  8525 2161s
    63    80   70.33393    7 2138   97.60527   70.20130  28.1%  6744 2394s
H   79    94                      97.5875891   70.20130  28.1%  5622 2423s
    95   115   70.40939    9 2162   97.58759   70.20130  28.1%  4935 2435s
   120   138   70.40959   10 2157   97.58759   70.20130  28.1%  4096 2458s
H  129   138                      97.4675891   70.20130  28.0%  3865 2458s
   143   164   70.41849   11 2178   97.46759   70.20130  28.0%  3569 2475s
H  171   179                      79.7942557   70.20130  12.0%  3100 2703s
   188   181   70.55650   13 2163   79.79426   70.20130  12.0%  2929 2761s
H  230   195                      79.7768531   70.20130  12.0%  2527 3427s
H  231   195                      78.7805023   70.20130  10.9%  2521 3427s
H  233   195                      78.7798229   70.20130  10.9%  2506 3427s
H  235   195                      78.6135926   70.20130  10.7%  2499 3427s
H  236   195                      78.4768050   70.20130  10.5%  2501 3427s
   248   224   70.56128   15 2141   78.47681   70.20130  10.5%  2755 3447s
H  290   239                      78.4032110   70.20130  10.5%  2609 3474s
   306   284   70.59234   18 2204   78.40321   70.20130  10.5%  2568 3480s
   354   301   70.59584   19 2169   78.40321   70.20130  10.5%  2349 3507s
   371   359   70.66603   20 2208   78.40321   70.20130  10.5%  2294 3526s
   432   373   70.66603   21 2208   78.40321   70.20130  10.5%  2108 3837s
   450   429   70.66603   22 2208   78.40321   70.20130  10.5%  2095 3866s
   514   443   70.76022   28 2211   78.40321   70.20130  10.5%  2005 4273s
   530   505   70.83297   29 2248   78.40321   70.20130  10.5%  2003 4304s
   601   559   70.83315   30 2238   78.40321   70.20130  10.5%  1882 4421s
   668   640   70.84835   34 2277   78.40321   70.20130  10.5%  1854 4452s
   755   673   70.85383   36 2253   78.40321   70.20130  10.5%  1753 4542s
   796   698   70.90939   37 2217   78.40321   70.20130  10.5%  1760 4638s
   835   734   71.07714   38 2266   78.40321   70.20130  10.5%  1817 4693s
   876   779   71.09818   39 2182   78.40321   70.20130  10.5%  1836 4736s
   934   827   71.13778   41 2214   78.40321   70.20130  10.5%  1828 4789s
   995   861   71.17034   47 2239   78.40321   70.20130  10.5%  1850 4873s
  1042   942   71.26985   50 2233   78.40321   70.20130  10.5%  1915 4967s
  1138   953   71.27300   55 2239   78.40321   70.20130  10.5%  1908 5021s
  1210  1027   71.30342   58 2178   78.40321   70.20130  10.5%  1954 5070s
  1304  1072   71.46132   67 2213   78.40321   70.20130  10.5%  1948 5129s
H 1319  1072                      78.4032110   70.20130  10.5%  1985 5129s
  1371  1136   71.55167   70 2215   78.40321   70.20130  10.5%  1992 5189s
  1463  1157   71.60817   77 2263   78.40321   70.20130  10.5%  2006 5284s
  1521  1159   71.92332   83 2091   78.40321   70.20130  10.5%  2106 5742s
  1540  1220   72.32608   84 1909   78.40321   70.20130  10.5%  2175 5828s
  1621  1315   73.96808   86 1980   78.40321   70.20130  10.5%  2222 5932s
  1734  1381     cutoff   87        78.40321   70.32899  10.3%  2209 5990s
  1826  1477   71.52259    6 2149   78.40321   70.32899  10.3%  2232 6080s
  1950  1533   71.56754   12 2150   78.40321   70.32899  10.3%  2228 6164s
  2029  1617   71.56765   16 2149   78.40321   70.32899  10.3%  2284 6296s

Cutting planes:
  Gomory: 8
  Cover: 815
  Implied bound: 3899
  Clique: 522
  MIR: 4234
  StrongCG: 9
  Flow cover: 4321
  Flow path: 3
  Zero half: 29
  Network: 7
  RLT: 1170
  Relax-and-lift: 324
  PSD: 4

Explored 2137 nodes (5207489 simplex iterations) in 7200.23 seconds (3779.86 work units)
Thread count was 32 (of 32 available processors)

Solution count 10: 78.4032 78.4032 78.4768 ... 97.5876

Time limit reached
Best objective 7.840321096375e+01, best bound 7.032898531654e+01, gap 10.2983%
