
Gurobi 9.5.2 (linux64) logging started Sat Aug 15 13:47:44 2026

Set parameter LogFile to value "/mnt/beegfs/users/celinep/ChargeAndBreak/logs/RmediumCmanyTlarge_14_RO_20260814_230228_110_gurobi.log"
Gurobi Optimizer version 9.5.2 build v9.5.2rc0 (linux64)
Thread count: 16 physical cores, 32 logical processors, using up to 32 threads
Optimize a model with 6026 rows, 3362 columns and 20650 nonzeros
Model fingerprint: 0x5109a1b9
Variable types: 2122 continuous, 1240 integer (1240 binary)
Coefficient statistics:
  Matrix range     [4e-02, 1e+03]
  Objective range  [1e+00, 1e+00]
  Bounds range     [1e+00, 1e+00]
  RHS range        [3e-02, 5e+02]
Presolve removed 2003 rows and 672 columns
Presolve time: 0.28s
Presolved: 4023 rows, 2690 columns, 18091 nonzeros
Variable types: 1595 continuous, 1095 integer (1094 binary)
Found heuristic solution: objective 211.5654504

Root relaxation: objective 1.104564e+02, 2985 iterations, 0.31 seconds (0.09 work units)

    Nodes    |    Current Node    |     Objective Bounds      |     Work
 Expl Unexpl |  Obj  Depth IntInf | Incumbent    BestBd   Gap | It/Node Time

     0     0  110.45636    0  261  211.56545  110.45636  47.8%     -    0s
H    0     0                     163.3994056  111.63581  31.7%     -    1s
     0     0  111.63581    0  304  163.39941  111.63581  31.7%     -    1s
     0     0  111.66400    0  321  163.39941  111.66400  31.7%     -    1s
     0     0  111.66403    0  321  163.39941  111.66403  31.7%     -    1s
H    0     0                     153.4960754  112.21741  26.9%     -    1s
     0     0  112.21741    0  309  153.49608  112.21741  26.9%     -    1s
     0     0  112.26796    0  363  153.49608  112.26796  26.9%     -    2s
     0     0  112.27042    0  371  153.49608  112.27042  26.9%     -    2s
     0     0  112.27093    0  360  153.49608  112.27093  26.9%     -    2s
     0     0  112.27093    0  361  153.49608  112.27093  26.9%     -    2s
     0     0  112.61334    0  310  153.49608  112.61334  26.6%     -    2s
     0     0  112.68441    0  261  153.49608  112.68441  26.6%     -    2s
     0     0  112.69540    0  281  153.49608  112.69540  26.6%     -    2s
     0     0  112.69604    0  320  153.49608  112.69604  26.6%     -    2s
     0     0  112.69610    0  320  153.49608  112.69610  26.6%     -    2s
     0     0  112.96043    0  319  153.49608  112.96043  26.4%     -    2s
     0     0  113.03434    0  298  153.49608  113.03434  26.4%     -    3s
     0     0  113.05689    0  356  153.49608  113.05689  26.3%     -    3s
     0     0  113.05856    0  327  153.49608  113.05856  26.3%     -    3s
     0     0  113.05895    0  324  153.49608  113.05895  26.3%     -    3s
     0     0  113.13209    0  313  153.49608  113.13209  26.3%     -    3s
     0     0  113.14516    0  330  153.49608  113.14516  26.3%     -    3s
     0     0  113.15212    0  388  153.49608  113.15212  26.3%     -    3s
     0     0  113.15228    0  326  153.49608  113.15228  26.3%     -    3s
     0     0  113.25148    0  319  153.49608  113.25148  26.2%     -    4s
     0     0  113.25901    0  326  153.49608  113.25901  26.2%     -    4s
     0     0  113.25909    0  325  153.49608  113.25909  26.2%     -    4s
     0     0  113.29667    0  307  153.49608  113.29667  26.2%     -    4s
     0     0  113.29871    0  307  153.49608  113.29871  26.2%     -    4s
     0     0  113.29878    0  309  153.49608  113.29878  26.2%     -    4s
     0     0  113.30636    0  311  153.49608  113.30636  26.2%     -    5s
     0     0  113.30745    0  324  153.49608  113.30745  26.2%     -    5s
     0     0  113.30764    0  311  153.49608  113.30764  26.2%     -    5s
     0     0  113.32243    0  311  153.49608  113.32243  26.2%     -    5s
     0     0  113.32438    0  313  153.49608  113.32438  26.2%     -    5s
     0     0  113.32510    0  315  153.49608  113.32510  26.2%     -    5s
     0     0  113.34145    0  301  153.49608  113.34145  26.2%     -    5s
     0     0  113.34387    0  302  153.49608  113.34387  26.2%     -    6s
     0     0  113.34422    0  302  153.49608  113.34422  26.2%     -    6s
     0     0  113.35472    0  322  153.49608  113.35472  26.2%     -    6s
     0     0  113.35709    0  321  153.49608  113.35709  26.1%     -    6s
     0     0  113.35733    0  319  153.49608  113.35733  26.1%     -    6s
     0     0  113.36305    0  317  153.49608  113.36305  26.1%     -    6s
     0     0  113.36330    0  316  153.49608  113.36330  26.1%     -    6s
     0     0  113.36609    0  316  153.49608  113.36609  26.1%     -    6s
     0     0  113.36609    0  316  153.49608  113.36609  26.1%     -    7s
H    0     0                     142.5939995  113.36609  20.5%     -    7s
H    0     0                     141.9151214  113.36609  20.1%     -    7s
     0     2  113.36609    0  259  141.91512  113.36609  20.1%     -    8s
    63    80  113.52331    7  309  141.91512  113.45208  20.1%   153   10s
H   79    96                     141.5468978  113.45208  19.8%   132   10s
H  124   140                     141.4139838  113.45208  19.8%   103   11s
H  125   140                     140.6284408  113.45208  19.3%   103   11s
H  129   140                     130.6622996  113.45208  13.2%   101   11s
H  170   177                     130.2108383  113.45208  12.9%  86.5   14s
H  172   177                     129.9704670  113.45208  12.7%  85.8   14s
H  177   177                     129.6796659  113.45208  12.5%  84.8   14s
H  178   177                     129.2849347  113.45208  12.2%  84.5   14s
   231   235  115.20417   14  300  129.28493  113.45208  12.2%  73.6   15s
H  234   235                     129.2849347  113.45208  12.2%  73.2   15s
H  236   235                     129.2383296  113.45208  12.2%  72.8   15s
H  239   235                     129.1876000  113.45208  12.2%  72.1   15s
H  248   251                     129.1858097  113.45208  12.2%  70.1   26s
H  253   251                     129.1755456  113.45208  12.2%  69.6   26s
H  254   251                     129.0688421  113.45208  12.1%  69.5   26s
H  261   251                     128.9721513  113.45208  12.0%  68.3   26s
   410   390  115.22534   26  298  128.97215  113.45208  12.0%  54.5   30s
H  418   390                     128.9721513  113.45208  12.0%  54.1   30s
   607   537  115.47302   36  283  128.97215  113.45208  12.0%  47.5   36s
   850   746  116.13119   47  270  128.97215  113.45208  12.0%  41.7   42s
   961   845  116.16863   53  296  128.97215  113.45208  12.0%  41.0   45s
H  976   845                     128.9721512  113.45208  12.0%  40.8   45s
  1250  1085  126.89064   66  259  128.97215  113.45208  12.0%  39.2   50s
  2187  1807  126.59056   86  316  128.97215  113.53546  12.0%  37.5   58s
  2190  1809  119.82599   28  307  128.97215  113.63875  11.9%  37.5   60s
  2202  1817  114.38524   46  299  128.97215  114.38524  11.3%  37.3   65s
  2213  1824  128.00541   82  378  128.97215  114.68641  11.1%  37.1   70s
  2228  1834  118.75397   76  317  128.97215  114.97926  10.8%  36.8   75s
H 2241  1749                     128.9721508  115.17491  10.7%  36.6   78s
  2247  1753  125.87544   22  384  128.97215  115.29454  10.6%  36.5   80s
  2263  1764  119.70919   17  349  128.97215  115.46592  10.5%  36.3   85s
  2275  1772  123.51408   27  352  128.97215  115.52206  10.4%  36.1   90s
  2292  1783  128.68122   16  367  128.97215  115.64972  10.3%  35.8   95s
  2304  1791  118.21836   47  398  128.97215  115.69859  10.3%  35.6  100s
  2315  1798  121.83931   83  390  128.97215  115.74287  10.3%  35.5  105s
  2327  1806  115.77539   21  412  128.97215  115.77539  10.2%  35.3  110s
  2347  1820  125.87544   22  396  128.97215  115.84401  10.2%  35.0  115s
  2359  1829  119.62623   14  286  128.97215  115.86081  10.2%  56.5  121s
  2375  1840  123.51408   27  395  128.97215  116.05165  10.0%  56.1  125s
  2398  1855  118.75827   80  409  128.97215  116.19186  9.91%  55.6  130s
  2414  1866  117.07176   14  412  128.97215  116.26829  9.85%  55.2  135s
  2431  1877  124.71891   25  387  128.97215  116.36835  9.77%  54.8  140s
  2452  1891  117.04172    9  351  128.97215  116.56964  9.62%  54.4  145s
H 2457  1798                     128.9721507  116.58849  9.60%  54.3  148s
  2459  1800     cutoff   27       128.97215  116.58849  9.60%  67.7  153s
  2461  1799  117.57762   28  358  128.97215  116.87414  9.38%  68.2  155s
  2465  1798  118.07851   30  393  128.97215  117.87799  8.60%  68.4  161s
  2469  1799  119.05843   32  293  128.97215  118.14903  8.39%  68.9  165s
  2513  1837  119.44226   37  248  128.97215  118.26674  8.30%  73.1  170s
  2545  1854  119.51024   38  252  128.97215  118.29179  8.28%  76.5  175s
  2609  1890  119.58920   40  257  128.97215  118.30411  8.27%  80.7  199s
  2641  1907  119.58920   41  257  128.97215  118.30411  8.27%  81.4  213s
  2792  1983  119.83634   46  273  128.97215  118.30411  8.27%  86.5  215s
  3385  2326  120.12526   61  224  128.97215  118.30411  8.27%  91.1  220s
  4459  2780  123.92938  102  240  128.97215  118.30411  8.27%  88.4  225s
  6052  3258  119.38278   47  322  128.97215  118.35883  8.23%  91.3  236s
  6637  3678  127.45989   55  292  128.97215  118.35883  8.23%  94.3  241s
  7769  4131  118.97939   40  341  128.97215  118.43925  8.17%  95.5  245s
  9012  5140  122.33668   68  199  128.97215  118.43925  8.17%  96.2  250s
 10758  6734  119.64551   47  278  128.97215  118.52150  8.10%   100  255s
 12723  8491  120.42832   68  236  128.97215  118.52150  8.10%   101  260s
 14614  9699  121.57995  133  131  128.97215  118.52150  8.10%   101  265s
 15765 10265  123.00538  189   36  128.97215  118.52150  8.10%   102  271s
 16349 11132  119.70961   49  319  128.97215  118.78607  7.90%   103  275s
 17703 12011     cutoff  103       128.97215  118.87281  7.83%   104  280s
 18915 12787  125.19253   84  298  128.97215  118.87281  7.83%   106  285s
 20260 13518  125.61415  109  228  128.97215  118.87281  7.83%   108  290s
 21266 14420     cutoff  129       128.97215  118.91811  7.80%   110  295s
 22905 15409  124.72891  126  210  128.97215  118.94850  7.77%   111  300s
 24436 16458  127.11936   92  259  128.97215  118.94944  7.77%   112  305s
 26114 17604     cutoff   84       128.97215  118.95773  7.76%   113  311s
 28261 19036  127.74808   68  262  128.97215  119.04454  7.70%   113  316s
 29466 19053  124.16293   59  233  128.97215  119.04454  7.70%   113  333s
 29521 22401  124.15224   61  233  128.97215  119.10183  7.65%   113  405s
H34111 22401                     128.9721503  119.14332  7.62%   115  405s
 34961 24839  126.78608   89  316  128.97215  119.18162  7.59%   115  427s
 39025 26922  121.22880   87  302  128.97215  119.20870  7.57%   114  444s
 42006 30301  121.33378   79  312  128.97215  119.22272  7.56%   114  455s
 47015 31771  122.09742   70  251  128.97215  119.24600  7.54%   113  465s
 50723 33858  124.52505   91  182  128.97215  119.28224  7.51%   114  476s
 53826 35977     cutoff  121       128.97215  119.31002  7.49%   113  487s
 56746 37468  125.84774   79  220  128.97215  119.33555  7.47%   113  496s
 59009 37469  124.40735  113  316  128.97215  119.33674  7.47%   114  562s
 59012 37471  123.09427  139  352  128.97215  119.33674  7.47%   114  568s
 59014 37472  125.66218   84  285  128.97215  119.33674  7.47%   114  570s
 59020 37476  127.07890   79  380  128.97215  119.33674  7.47%   114  575s
 59024 37479  121.44020  117  259  128.97215  119.33674  7.47%   114  581s
 59029 37482  122.76232  146  385  128.97215  119.33674  7.47%   113  585s
 59035 37486  127.54593   77  343  128.97215  119.33674  7.47%   113  591s
 59041 37490  125.18033   74  378  128.97215  119.33674  7.47%   113  598s
 59045 37493  120.07843   69  402  128.97215  119.33674  7.47%   113  600s
 59050 37496  126.09093  134  333  128.97215  119.33674  7.47%   113  608s
 59054 37499  122.84452   83  402  128.97215  119.33674  7.47%   113  610s
 59057 37501  123.94992  157  403  128.97215  119.33674  7.47%   113  616s
 59058 37502  122.43116   72  345  128.97215  119.33674  7.47%   113  620s
 59063 37505  122.45385   90  370  128.97215  119.33674  7.47%   113  625s
 59068 37508  123.86725  122  311  128.97215  119.33674  7.47%   113  632s
 59074 37512  119.56025   67  352  128.97215  119.33674  7.47%   113  636s
 59079 37516  123.23544   92  368  128.97215  119.33674  7.47%   113  643s
 59084 37519  128.19862  111  324  128.97215  119.41659  7.41%   113  646s
 59090 37523  124.31386   63  345  128.97215  119.48311  7.36%   113  651s
 59095 37526  128.06377   70  384  128.97215  119.55260  7.30%   113  656s
 59100 37530  124.56126  105  387  128.97215  119.60319  7.26%   113  661s
 59103 37532  127.50985   90  385  128.97215  119.60890  7.26%   113  666s
 59108 37535  123.75809   73  363  128.97215  119.62725  7.25%   113  670s
 59114 37539  125.66218   84  375  128.97215  119.63786  7.24%   113  675s
 59121 37544  121.26943   68  350  128.97215  119.71533  7.18%   113  680s
 59128 37548  127.36321  102  350  128.97215  119.77111  7.13%   113  686s
 59132 37551  122.51085   86  375  128.97215  119.79822  7.11%   113  690s
 59139 37556  121.71603   98  370  128.97215  119.85621  7.07%   113  696s
 59144 37559  120.74713   77  433  128.97215  119.86601  7.06%   113  700s
 59149 37562  128.79096   52  386  128.97215  119.88516  7.05%   113  707s
 59156 37567  119.93387   78  385  128.97215  119.93387  7.01%   113  711s
 59158 37568  122.43116   72  361  128.97215  119.93785  7.00%   113  715s
 59162 37571  128.91634  113  387  128.97215  119.94620  7.00%   113  720s
 59166 37574  126.47563  104  357  128.97215  119.95322  6.99%   113  725s
 59173 37578  124.97648  109  368  128.97215  120.02372  6.94%   113  730s
 59182 37584  123.58750   92  375  128.97215  120.08443  6.89%   113  735s
 59187 37588  126.16381   91  397  128.97215  120.09933  6.88%   113  740s
 59191 37590  126.43278  139  346  128.97215  120.11331  6.87%   113  745s
 59200 37596  124.56126  105  372  128.97215  120.17606  6.82%   113  751s
 59208 37602  123.75809   73  355  128.97215  120.19314  6.81%   113  755s
 59213 37605  126.89235   62  362  128.97215  120.20652  6.80%   113  760s
 59219 37609  120.21483   92  404  128.97215  120.21483  6.79%   113  765s
 59225 37613  122.48222   92  414  128.97215  120.21761  6.79%   113  770s
 59231 37617  127.80517  128  391  128.97215  120.22796  6.78%   113  775s
 59236 37620  122.14246  133  407  128.97215  120.23395  6.78%   113  780s
 59239 37622  121.71603   98  418  128.97215  120.23894  6.77%   113  785s
 59244 37626  120.74713   77  417  128.97215  120.24363  6.77%   113  790s
 59249 37629  128.79096   52  457  128.97215  120.25051  6.76%   113  795s
 59253 37632  120.72929   80  438  128.97215  120.25259  6.76%   113  801s
 59257 37634  123.94992  157  432  128.97215  120.25363  6.76%   113  805s
 59261 37637  121.85437   92  436  128.97215  120.25367  6.76%   113  810s
 59265 37640  120.26267  107  436  128.97215  120.25374  6.76%   113  815s
 59270 37643  123.49362  121  427  128.97215  120.25492  6.76%   113  820s
 59275 37646  126.19283  129  440  128.97215  120.25519  6.76%   113  826s
 59278 37648  121.03286  121  444  128.97215  120.25543  6.76%   113  830s
 59284 37652  128.19862  111  436  128.97215  120.25784  6.76%   113  835s
 59287 37654  126.16381   91  433  128.97215  120.25819  6.76%   113  840s
 59290 37656  124.31386   63  406  128.97215  120.25914  6.76%   113  845s
 59294 37659  121.19142  121  430  128.97215  120.25938  6.76%   113  851s
 59297 37661  122.44818  107  435  128.97215  120.25975  6.76%   113  855s
 59300 37663  124.56126  105  434  128.97215  120.25977  6.76%   113  860s
 59304 37666  122.78304   79  412  128.97215  120.25982  6.76%   113  866s
 59308 37668  123.75809   73  428  128.97215  120.25982  6.76%   113  872s
 59310 37670  128.83904  107  428  128.97215  120.28662  6.73%   113  875s
 59311 37672  120.28662   38  374  128.97215  120.28662  6.73%   114  891s
 59313 37673 infeasible   39       128.97215  120.29413  6.73%   114  910s
 59316 37671  120.70133   40  300  128.97215  120.46589  6.60%   114  925s
 59320 37670  120.70351   41  347  128.97215  120.70351  6.41%   114  940s
 59323 37671     cutoff   42       128.97215  120.75116  6.37%   114  955s
 59333 37676  124.05393   44  267  128.97215  120.93773  6.23%   114  962s
 59342 37677     cutoff   45       128.97215  120.94434  6.22%   114  965s
 59374 37708  123.88796   47  330  128.97215  120.99589  6.18%   115  971s
 59406 37724  123.89339   48  342  128.97215  121.05896  6.14%   115  975s
 59565 37803  125.31312   54  291  128.97215  121.05911  6.14%   115 1024s
 59598 37845  125.31773   55  286  128.97215  121.05911  6.14%   115 1025s
 59660 37853  125.37100   57  268  128.97215  121.05911  6.14%   115 1034s
 59692 37892  125.37100   58  268  128.97215  121.05911  6.14%   115 1035s
 60166 38186  128.59813   72  190  128.97215  121.05911  6.14%   115 1040s
 61066 38563  121.22541   49  297  128.97215  121.06310  6.13%   114 1046s
 62113 39194  121.67236   87  280  128.97215  121.06310  6.13%   114 1050s
 63678 39879  121.99606   51  298  128.97215  121.07119  6.13%   114 1055s
 64392 39924  122.29387   62  257  128.97215  121.07119  6.13%   114 1061s
 65671 40802  122.50042   62  296  128.97215  121.09343  6.11%   113 1065s
 66977 41357     cutoff  115       128.97215  121.10307  6.10%   113 1070s
 68766 42098  121.65985  106  356  128.97215  121.10307  6.10%   113 1076s
 69769 42111 infeasible  123       128.97215  121.17233  6.05%   113 1082s
 70396 42528  126.40465   90  226  128.97215  121.17233  6.05%   113 1085s
 72044 42911  121.69134   62  193  128.97215  121.22028  6.01%   114 1090s
 73643 43199  122.39431  100  217  128.97215  121.24927  5.99%   114 1097s
 75075 43632  121.58172  133  325  128.97215  121.24927  5.99%   114 1101s
 76645 44104  128.42543   70  273  128.97215  121.29633  5.95%   114 1106s
 78298 44519  124.93553  118  248  128.97215  121.34626  5.91%   115 1112s
 79117 44700     cutoff  106       128.97215  121.35112  5.91%   115 1115s
 80994 45006  124.72298  134  262  128.97215  121.36526  5.90%   115 1123s
 81738 45118  123.72918   95  251  128.97215  121.37487  5.89%   115 1126s
 83163 45403  127.48835   80  266  128.97215  121.38698  5.88%   115 1131s
 83918 45442     cutoff  141       128.97215  121.39060  5.88%   116 1135s
 85521 45785  127.26497  123  245  128.97215  121.40067  5.87%   116 1143s
 86469 45976  124.14106   72  304  128.97215  121.40482  5.87%   117 1148s
 87412 46127  124.77622  102  296  128.97215  121.40482  5.87%   117 1153s
 88319 46665     cutoff   93       128.97215  121.41804  5.86%   117 1162s
 89995 46711 infeasible  143       128.97215  121.43207  5.85%   118 1167s
 91220 47497  123.93846   79  182  128.97215  121.45002  5.83%   118 1172s
 93014 47004  128.91038   85  261  128.97215  121.45002  5.83%   118 1180s
 93260 47774  128.91038   86  262  128.97215  121.46174  5.82%   118 1185s
 95073 47848     cutoff  145       128.97215  121.49791  5.80%   118 1190s
 98520 48457  121.77635  124  251  128.97215  121.52064  5.78%   119 1199s
 100418 48689  126.43237   70  312  128.97215  121.54164  5.76%   119 1204s
 102583 48849     cutoff   96       128.97215  121.57198  5.74%   119 1209s
 104230 49310  128.64406  133  235  128.97215  121.57724  5.73%   119 1215s
 106295 49339  123.55618  110  282  128.97215  121.58981  5.72%   120 1220s
 108020 49665  123.47024   97  262  128.97215  121.59751  5.72%   120 1226s
 109464 50273  123.95032   98  253  128.97215  121.59751  5.72%   120 1232s
 111400 51147  122.86810  110  271  128.97215  121.59840  5.72%   120 1238s
 113950 51908     cutoff  159       128.97215  121.64214  5.68%   120 1245s
 116634 52440  127.66966  105  252  128.97215  121.67413  5.66%   120 1251s
 119372 53046  124.96153  120  243  128.97215  121.72866  5.62%   120 1264s
 122564 53281     cutoff   81       128.97215  121.76278  5.59%   120 1273s
 124782 54447  125.75215  114  225  128.97215  121.80068  5.56%   120 1283s
 128419 54385     cutoff  120       128.97215  121.84563  5.53%   120 1294s
 129861 53905  126.19117  107  214  128.97215  121.85257  5.52%   120 1295s
 131410 54080  122.31053  144  267  128.97215  121.86029  5.51%   120 1307s
 134054 54190  122.90489   97  297  128.97215  121.89817  5.48%   120 1317s
 137506 54434     cutoff   82       128.97215  121.91267  5.47%   120 1326s
 141073 54663     cutoff  102       128.97215  121.95550  5.44%   120 1334s
 144218 54497  125.32375  132  174  128.97215  121.97670  5.42%   121 1344s
 146130 55355  123.23898  138  216  128.97215  121.99134  5.41%   121 1355s
 149757 55255  124.28457  129  279  128.97215  122.02809  5.38%   121 1366s
 153244 55163  122.15173  132  223  128.97215  122.08129  5.34%   122 1379s
H155284 52594                     128.9721503  122.10890  5.32%   122 1379s
 156910 53398  124.28705  115  258  128.97215  122.11914  5.31%   122 1390s
 160861 52866  122.27453  127  265  128.97215  122.14569  5.29%   122 1399s
 163735 53193     cutoff  147       128.97215  122.19241  5.26%   122 1406s
 167091 53360  122.54933  103  225  128.97215  122.23606  5.22%   122 1415s
 170043 55068     cutoff   74       128.97215  122.28839  5.18%   122 1426s
 174333 55870  122.92847  121  230  128.97215  122.31506  5.16%   122 1436s
H174785 55870                     128.9721503  122.32465  5.15%   122 1436s
 176241 57087  124.40653   64  206  128.97215  122.33166  5.15%   122 1447s
 179322 59020  127.21477  143  172  128.97215  122.36804  5.12%   122 1459s
 183870 59637     cutoff   89       128.97215  122.37335  5.12%   122 1465s
 185543 61062  123.22871   87  280  128.97215  122.39314  5.10%   122 1472s
 189490 62058  123.14316  115  261  128.97215  122.42000  5.08%   122 1480s
 192153 62049  123.58344  150  149  128.97215  122.43029  5.07%   122 1494s
H192164 62049                     128.9721503  122.43029  5.07%   122 1494s
 192303 62942     cutoff  154       128.97215  122.45004  5.06%   122 1505s
 195164 63794  123.22431   89  247  128.97215  122.47697  5.04%   123 1517s
 198199 64695     cutoff  138       128.97215  122.49888  5.02%   123 1531s
 201390 65560     cutoff  138       128.97215  122.51628  5.01%   123 1545s
 204209 66261  126.87925  100  260  128.97215  122.53000  4.99%   123 1556s
 207235 67095  124.43698   78  288  128.97215  122.55082  4.98%   123 1568s
 210012 67908     cutoff  106       128.97215  122.56991  4.96%   124 1586s
 213286 68611  127.07388  160  237  128.97215  122.59640  4.94%   124 1602s
 216194 69945     cutoff  111       128.97215  122.61537  4.93%   124 1618s
 220309 70954     cutoff  113       128.97215  122.64286  4.91%   124 1632s
 223509 72355  124.66786  113  212  128.97215  122.66031  4.89%   124 1646s
 228047 72980  123.50080  117  238  128.97215  122.67865  4.88%   124 1657s
H228741 72980                     128.9721502  122.69439  4.87%   125 1657s
 230321 73420  124.23756  129  297  128.97215  122.70573  4.86%   125 1671s
 233465 74034     cutoff  118       128.97215  122.71536  4.85%   125 1686s
 236633 74538  125.70939  115  162  128.97215  122.74664  4.83%   125 1701s
H236733 74538                     128.9721502  122.74664  4.83%   125 1701s
 239588 75423 infeasible  116       128.97215  122.76067  4.82%   125 1719s
 243245 76157  125.39728  125  264  128.97215  122.79499  4.79%   125 1731s
 247414 76818     cutoff   54       128.97215  122.82303  4.77%   125 1745s
H249712 76818                     128.9721502  122.83892  4.76%   125 1745s
 250535 77195  128.77828  101  257  128.97215  122.85348  4.74%   125 1757s
 253164 77726  125.98573  135  221  128.97215  122.86737  4.73%   125 1773s
 255953 78569  124.12095  115  201  128.97215  122.91347  4.70%   125 1788s
 259592 79001     cutoff  103       128.97215  122.93990  4.68%   125 1801s
 262636 79559  123.28645   82  267  128.97215  122.97098  4.65%   125 1814s
 266711 79760  124.48833  141  160  128.97215  123.00680  4.63%   125 1826s
H267946 79760                     128.9721502  123.01234  4.62%   125 1826s
 269035 80001  125.09450  119  245  128.97215  123.03088  4.61%   125 1838s
 272437 80486     cutoff  119       128.97215  123.06160  4.58%   125 1849s
 275590 80558     cutoff  138       128.97215  123.09861  4.55%   125 1871s
 276450 81288  124.43266  173  236  128.97215  123.09972  4.55%   125 1886s
 280310 81706  125.11836  121  219  128.97215  123.12843  4.53%   125 1898s
 284160 82189  127.17471  187  238  128.97215  123.15278  4.51%   125 1912s
 288940 82509  126.62993  129  182  128.97215  123.21019  4.47%   125 1923s
 291911 82983     cutoff  134       128.97215  123.23320  4.45%   125 1933s
 294514 83731  125.19225  113  192  128.97215  123.25144  4.44%   126 1947s
 299234 83713  124.65956   86  259  128.97215  123.29181  4.40%   125 1963s
 302780 83653  123.73526  121  254  128.97215  123.33397  4.37%   125 1975s
 305386 83546 infeasible  131       128.97215  123.36601  4.35%   125 1996s
 305717 83507  123.56816   89  246  128.97215  123.37194  4.34%   125 2011s
 309815 83691  124.28418  123  216  128.97215  123.41756  4.31%   125 2021s
 313596 83933     cutoff  132       128.97215  123.45532  4.28%   125 2030s
 316773 83846  125.04410  107  281  128.97215  123.49318  4.25%   125 2043s
 320463 84062  128.22603  145  251  128.97215  123.53421  4.22%   125 2057s
 324074 84179  126.32630  123  161  128.97215  123.57188  4.19%   125 2070s
H324281 84179                     128.9721502  123.57646  4.18%   125 2070s
 325449 84355     cutoff  160       128.97215  123.58713  4.18%   125 2083s
 329443 84365     cutoff  105       128.97215  123.62351  4.15%   125 2095s
 333069 84363     cutoff  101       128.97215  123.66124  4.12%   125 2109s
 336125 84680  125.12890  133  300  128.97215  123.68863  4.10%   125 2120s
 339875 84889  125.31910  149  237  128.97215  123.72443  4.07%   125 2127s
 343121 85036  127.07126  147  197  128.97215  123.74473  4.05%   125 2140s
 346507 85013     cutoff  143       128.97215  123.77006  4.03%   125 2152s
 349737 84892  124.80883  128  299  128.97215  123.81971  4.00%   125 2163s
 353104 85114  128.90871  100  217  128.97215  123.85078  3.97%   125 2172s
H354143 85114                     128.9721502  123.85879  3.96%   125 2172s
 355833 85528  124.17300  111  194  128.97215  123.87808  3.95%   125 2184s
 358977 85488     cutoff  122       128.97215  123.89524  3.94%   125 2195s
 362227 85284     cutoff  154       128.97215  123.93220  3.91%   125 2205s
 364269 85277     cutoff  107       128.97215  123.94911  3.89%   125 2214s
 368073 84990  124.74576  133  233  128.97215  123.98488  3.87%   125 2227s
 371722 85361  128.88566   70  164  128.97215  124.01872  3.84%   125 2240s
 374616 85166  128.91237   71  215  128.97215  124.04651  3.82%   125 2252s
 378115 85021     cutoff  147       128.97215  124.07740  3.80%   125 2262s
 381605 84726     cutoff  139       128.97215  124.11204  3.77%   125 2272s
 384027 84778  126.13610  114  214  128.97215  124.14410  3.74%   125 2282s
 387209 84420  128.88974  126  232  128.97215  124.15471  3.74%   125 2292s
 390609 84299 infeasible  140       128.97215  124.19299  3.71%   125 2303s
H391107 84299                     128.9721502  124.19678  3.70%   125 2303s
 393431 84167  125.82133  116  232  128.97215  124.21840  3.69%   125 2314s
 396872 84048  124.43384   79  238  128.97215  124.25330  3.66%   125 2326s
 400549 83305  125.48292  146  184  128.97215  124.28342  3.64%   125 2339s
 403538 82253  127.12291   87  266  128.97215  124.33040  3.60%   125 2350s
 407582 82091  128.87128   82  166  128.97215  124.36948  3.57%   125 2362s
H407952 82091                     128.9721501  124.36948  3.57%   125 2362s
 407968 81249  128.87133   85  164  128.97215  124.37145  3.57%   125 2372s
 411932 80115  127.47792  118  230  128.97215  124.41950  3.53%   124 2386s
 414381 78644  125.56847   68  276  128.97215  124.43403  3.52%   124 2396s
 418274 77476  125.47960  138  265  128.97215  124.48419  3.48%   124 2403s
 421917 76523     cutoff  142       128.97215  124.55994  3.42%   124 2411s
H422361 76523                     128.9721500  124.56599  3.42%   124 2412s
 424649 75346     cutoff   73       128.97215  124.60300  3.39%   124 2421s
 428173 74703  125.21816  104  292  128.97215  124.64286  3.36%   124 2431s
 430260 73289  125.21819  105  293  128.97215  124.64286  3.36%   124 2438s
 433474 71639  128.27271  140  255  128.97215  124.73299  3.29%   124 2445s
 437668 69349  126.35644  101  259  128.97215  124.79732  3.24%   124 2455s
 441850 68089     cutoff   80       128.97215  124.88098  3.17%   124 2467s
 444424 66428     cutoff  128       128.97215  124.89598  3.16%   124 2481s
 448037 64412 infeasible  148       128.97215  125.00647  3.07%   124 2492s
 451734 62677  128.37905  143  285  128.97215  125.07971  3.02%   124 2503s
 454929 60448     cutoff  132       128.97215  125.12602  2.98%   124 2513s
 458959 58096  128.52109   85  189  128.97215  125.20959  2.92%   123 2526s
 462839 56329  126.98162   96  306  128.97215  125.29051  2.85%   123 2538s
 465928 53977     cutoff   85       128.97215  125.38352  2.78%   123 2548s
 469554 52639     cutoff  145       128.97215  125.51091  2.68%   123 2557s
 472639 51712     cutoff  120       128.97215  125.61200  2.61%   123 2566s
 475007 50317  128.81860   98  247  128.97215  125.66781  2.56%   123 2574s
 478514 47821  127.12664  139  242  128.97215  125.67715  2.55%   123 2583s
 482609 45475     cutoff  111       128.97215  125.87530  2.40%   123 2590s
H483270 45475                     128.9721499  125.88550  2.39%   123 2590s
H484327 45475                     128.9721497  125.89784  2.38%   122 2590s
 485778 44362  127.31995  119  256  128.97215  125.95520  2.34%   122 2600s
 487853 41829  128.62943  118  245  128.97215  125.97482  2.32%   122 2609s
 492245 40529     cutoff  153       128.97215  126.19057  2.16%   122 2616s
 495042 38959  128.71803   99  260  128.97215  126.23680  2.12%   122 2623s
 498832 36685  128.60713   93  239  128.97215  126.33975  2.04%   122 2632s
 502765 34919     cutoff  117       128.97215  126.56849  1.86%   121 2640s
 505628 32506  128.75644   94  242  128.97215  126.71266  1.75%   121 2650s
 509599 30398     cutoff  131       128.97215  126.75588  1.72%   121 2660s
 513098 28805 infeasible  116       128.97215  127.12011  1.44%   121 2670s
 515913 27508  128.71797   81  228  128.97215  127.29851  1.30%   121 2680s
 518832 25662     cutoff   99       128.97215  127.47404  1.16%   121 2689s
 521891 23816     cutoff  109       128.97215  127.65059  1.02%   121 2697s
 524702 21428  128.86531   57  228  128.97215  127.94604  0.80%   121 2706s
 528856 22508     cutoff  150       128.97215  128.30644  0.52%   121 2716s

Cutting planes:
  Learned: 1
  Gomory: 71
  Cover: 101
  Implied bound: 666
  MIR: 891
  StrongCG: 7
  Flow cover: 1979
  Flow path: 4
  GUB cover: 2
  Inf proof: 23
  Zero half: 21
  Network: 4
  RLT: 28
  Relax-and-lift: 206

Explored 532521 nodes (64128054 simplex iterations) in 2716.88 seconds (1051.09 work units)
Thread count was 32 (of 32 available processors)

Solution count 10: 128.972 128.972 128.972 ... 128.972

Optimal solution found (tolerance 5.00e-03)
Best objective 1.289721512833e+02, best bound 1.284086637133e+02, gap 0.4369%
