
Gurobi 9.5.2 (linux64) logging started Sun Aug 16 04:31:08 2026

Set parameter LogFile to value "/mnt/beegfs/users/celinep/ChargeAndBreak/logs/RmediumCmediumTlarge_13_2SP_20260814_230228_209_gurobi.log"
Gurobi Optimizer version 9.5.2 build v9.5.2rc0 (linux64)
Thread count: 16 physical cores, 32 logical processors, using up to 32 threads
Optimize a model with 116324 rows, 53708 columns and 380078 nonzeros
Model fingerprint: 0x9e2330b3
Variable types: 47326 continuous, 6382 integer (6382 binary)
Coefficient statistics:
  Matrix range     [5e-02, 1e+03]
  Objective range  [2e-02, 4e-02]
  Bounds range     [1e+00, 1e+00]
  RHS range        [6e-03, 5e+02]
Presolve removed 41417 rows and 13619 columns
Presolve time: 4.60s
Presolved: 74907 rows, 40089 columns, 320052 nonzeros
Variable types: 35696 continuous, 4393 integer (4393 binary)
Found heuristic solution: objective 111.7426477

Deterministic concurrent LP optimizer: primal and dual simplex (primal and dual model)
Showing first log only...

Root relaxation presolve removed 1660 rows and 1660 columns
Root relaxation presolved: 73247 rows, 38429 columns, 316732 nonzeros


Root simplex log...

Iteration    Objective       Primal Inf.    Dual Inf.      Time
       0    3.7860413e+01   1.718485e+04   2.463043e+11      7s
   29256    6.2313494e+01   1.211856e+02   1.006684e+10     10s
   32628    8.7331143e+01   0.000000e+00   8.287939e+02     13s
   34190    7.8157454e+01   0.000000e+00   1.313025e+03     15s
   35605    7.6297890e+01   0.000000e+00   1.219650e+04     20s
   37695    7.2882324e+01   0.000000e+00   3.916742e+03     25s
   39655    7.1536762e+01   0.000000e+00   3.443504e+03     30s
   41195    6.9571707e+01   0.000000e+00   1.039719e+04     35s
   42390    6.8204920e+01   0.000000e+00   3.142334e+04     40s
   43650    6.7222303e+01   0.000000e+00   3.364688e+03     45s
   45100    6.6067425e+01   0.000000e+00   1.785021e+03     51s
   46460    6.5479661e+01   0.000000e+00   1.444223e+03     55s
   47925    6.4735859e+01   0.000000e+00   5.414575e+03     60s
   49400    6.4182992e+01   0.000000e+00   4.653702e+02     65s
Concurrent spin time: 0.01s

Solved with primal simplex (dual model)

Root relaxation: objective 6.004225e+01, 43053 iterations, 63.25 seconds (31.32 work units)
Total elapsed time = 70.90s

    Nodes    |    Current Node    |     Objective Bounds      |     Work
 Expl Unexpl |  Obj  Depth IntInf | Incumbent    BestBd   Gap | It/Node Time

     0     0   61.32407    0 1747  111.74265   61.32407  45.1%     -   96s
H    0     0                     111.7155236   61.32407  45.1%     -  105s
     0     0   62.29388    0 2125  111.71552   62.29388  44.2%     -  122s
H    0     0                     110.4210282   62.29388  43.6%     -  127s
     0     0   62.42066    0 2222  110.42103   62.42066  43.5%     -  137s
     0     0   62.42904    0 2230  110.42103   62.42904  43.5%     -  141s
     0     0   62.43051    0 2213  110.42103   62.43051  43.5%     -  141s
     0     0   62.43094    0 2214  110.42103   62.43094  43.5%     -  142s
     0     0   62.43097    0 2216  110.42103   62.43097  43.5%     -  142s
     0     0   62.58460    0 2293  110.42103   62.58460  43.3%     -  164s
H    0     0                      75.3802401   62.58460  17.0%     -  169s
     0     0   62.61348    0 2433   75.38024   62.61348  16.9%     -  187s
     0     0   62.61744    0 2452   75.38024   62.61744  16.9%     -  191s
     0     0   62.61873    0 2450   75.38024   62.61873  16.9%     -  193s
     0     0   62.61942    0 2432   75.38024   62.61942  16.9%     -  194s
     0     0   62.61961    0 2441   75.38024   62.61961  16.9%     -  195s
     0     0   62.87449    0 2169   75.38024   62.87449  16.6%     -  272s
     0     0   62.92127    0 2278   75.38024   62.92127  16.5%     -  305s
     0     0   62.92375    0 2290   75.38024   62.92375  16.5%     -  311s
     0     0   62.92426    0 2207   75.38024   62.92426  16.5%     -  313s
     0     0   62.92437    0 2292   75.38024   62.92437  16.5%     -  314s
     0     0   63.36478    0 2325   75.38024   63.36478  15.9%     -  379s
     0     0   63.40753    0 2337   75.38024   63.40753  15.9%     -  399s
     0     0   63.40967    0 2354   75.38024   63.40967  15.9%     -  407s
     0     0   63.41029    0 2313   75.38024   63.41029  15.9%     -  411s
     0     0   63.41054    0 2303   75.38024   63.41054  15.9%     -  412s
     0     0   63.48157    0 2163   75.38024   63.48157  15.8%     -  431s
     0     0   63.49187    0 2173   75.38024   63.49187  15.8%     -  458s
     0     0   63.49369    0 2185   75.38024   63.49369  15.8%     -  462s
     0     0   63.49388    0 2181   75.38024   63.49388  15.8%     -  464s
     0     0   63.54131    0 2122   75.38024   63.54131  15.7%     -  495s
     0     0   63.54698    0 2172   75.38024   63.54698  15.7%     -  519s
     0     0   63.54817    0 2164   75.38024   63.54817  15.7%     -  524s
     0     0   63.54853    0 2136   75.38024   63.54853  15.7%     -  528s
     0     0   63.57955    0 2143   75.38024   63.57955  15.7%     -  547s
     0     0   63.58304    0 2160   75.38024   63.58304  15.7%     -  568s
     0     0   63.58386    0 2156   75.38024   63.58386  15.6%     -  570s
     0     0   63.58410    0 2152   75.38024   63.58410  15.6%     -  571s
     0     0   63.61035    0 2109   75.38024   63.61035  15.6%     -  577s
     0     0   63.61456    0 2175   75.38024   63.61456  15.6%     -  595s
     0     0   63.61552    0 2153   75.38024   63.61552  15.6%     -  600s
     0     0   63.61574    0 2176   75.38024   63.61574  15.6%     -  602s
     0     0   63.62768    0 2160   75.38024   63.62768  15.6%     -  629s
     0     0   63.62953    0 2146   75.38024   63.62953  15.6%     -  654s
     0     0   63.62969    0 2162   75.38024   63.62969  15.6%     -  658s
     0     0   63.63313    0 2151   75.38024   63.63313  15.6%     -  672s
     0     0   63.63337    0 2164   75.38024   63.63337  15.6%     -  686s
     0     0   63.64028    0 2170   75.38024   63.64028  15.6%     -  697s
     0     0   63.64173    0 2178   75.38024   63.64173  15.6%     -  713s
     0     0   63.64217    0 2198   75.38024   63.64217  15.6%     -  716s
     0     0   63.64570    0 2155   75.38024   63.64570  15.6%     -  724s
     0     0   63.64675    0 2168   75.38024   63.64675  15.6%     -  733s
     0     0   63.64684    0 2184   75.38024   63.64684  15.6%     -  736s
     0     0   63.65230    0 2377   75.38024   63.65230  15.6%     -  744s
H    0     0                      75.3670728   63.65230  15.5%     -  755s
     0     0   63.65401    0 2171   75.36707   63.65401  15.5%     -  759s
     0     0   63.65434    0 2181   75.36707   63.65434  15.5%     -  760s
     0     0   63.65774    0 2178   75.36707   63.65774  15.5%     -  768s
     0     0   63.65905    0 2169   75.36707   63.65905  15.5%     -  782s
     0     0   63.65930    0 2175   75.36707   63.65930  15.5%     -  785s
     0     0   63.66240    0 2191   75.36707   63.66240  15.5%     -  795s
     0     0   63.66240    0 2009   75.36707   63.66240  15.5%     -  845s
     0     2   63.66240    0 1997   75.36707   63.66240  15.5%     -  952s
     1     4   63.66240    1 2047   75.36707   63.66240  15.5%  3280  967s
     3     8   63.66283    2 2027   75.36707   63.66240  15.5%  3576  994s
     7    15   63.66740    3 2120   75.36707   63.66311  15.5%  3066 1006s
    15    27   63.66814    4 2141   75.36707   63.66740  15.5%  3491 1025s
    30    40   63.66969    5 2127   75.36707   63.66819  15.5%  3419 1060s
    46    50   63.67321    6 2140   75.36707   63.66980  15.5%  2918 1076s
    62    59   63.68370    7 2089   75.36707   63.66980  15.5%  2513 1081s
H   78    72                      75.2834067   63.66980  15.4%  2127 1104s
H   92    72                      74.9620949   63.66980  15.1%  2016 1104s
    94    87   63.70013    9 2070   74.96209   63.66980  15.1%  2077 1121s
H  119   104                      74.9416764   63.66980  15.0%  1786 1160s
H  120   104                      74.7934421   63.66980  14.9%  1788 1160s
H  124   104                      74.6811828   63.66980  14.7%  1787 1160s
H  127   104                      74.5593752   63.66980  14.6%  1751 1161s
H  130   104                      74.4801983   63.66980  14.5%  1721 1161s
   139   115   63.95660   11 2146   74.48020   63.66980  14.5%  1709 1175s
   158   138   64.02207   12 2166   74.48020   63.66980  14.5%  1612 1201s
H  159   138                      74.4239626   63.66980  14.4%  1602 1201s
   181   152   65.66242   14 2101   74.42396   63.66980  14.4%  1549 1335s
   197   176   65.67264   15 2101   74.42396   63.66980  14.4%  1512 1348s
   223   190   65.73087   18 2100   74.42396   63.66980  14.4%  1431 1816s
H  225   190                      74.3485103   63.66980  14.4%  1424 1816s
H  230   190                      74.3472960   63.66980  14.4%  1417 1816s
H  232   190                      74.3406293   63.66980  14.4%  1409 1816s
H  237   190                      74.2767962   63.66980  14.3%  1400 1816s
   240   215   65.74220   19 2100   74.27680   63.66980  14.3%  1402 1824s
H  281   230                      74.1484901   63.66980  14.1%  1291 2128s
   297   245   65.79607   24 2090   74.14849   63.66980  14.1%  1303 2583s
H  299   245                      74.0813285   63.66980  14.1%  1300 2583s
H  309   245                      74.0779726   63.66980  14.1%  1291 2583s
   313   285   65.79807   25 2090   74.07797   63.66980  14.1%  1280 2597s
H  367   294                      74.0752969   63.66980  14.0%  1166 3017s
H  368   294                      74.0691031   63.66980  14.0%  1163 3017s
   388   343   65.86476   30 2090   74.06910   63.66980  14.0%  1131 3044s
   447   352   65.92501   35 2098   74.06910   63.66980  14.0%  1087 3416s
   468   362   65.93459   36 2128   74.06910   63.66980  14.0%  1070 4282s
H  474   362                      74.0691031   63.66980  14.0%  1062 4282s
   488   421   65.95107   37 2262   74.06910   63.66980  14.0%  1054 4582s
   576   496   66.00537   41 2107   74.06910   63.66980  14.0%  1006 4623s
   666   511   66.07337   45 2246   74.06910   63.66980  14.0%   969 5092s
   683   599   66.09473   46 2245   74.06910   63.66980  14.0%   970 5129s
   777   615   66.35031   53 2228   74.06910   63.66980  14.0%   937 5528s
   793   708   66.40009   54 2229   74.06910   63.66980  14.0%   939 5569s
   904   721   67.08693   61 2209   74.06910   63.66980  14.0%   889 5940s
   922   823   67.17942   62 2224   74.06910   63.66980  14.0%   895 5968s
  1047   907   67.89001   65 2217   74.06910   63.66980  14.0%   854 6156s
  1160   985   69.78218   69 2300   74.06910   63.67325  14.0%   837 6407s
  1284   994   67.11812    7 2093   74.06910   63.67325  14.0%   827 7200s

Cutting planes:
  Gomory: 5
  Cover: 362
  Implied bound: 3226
  Clique: 1041
  MIR: 3005
  StrongCG: 1
  Flow cover: 3468
  Flow path: 1
  GUB cover: 1
  Zero half: 7
  Network: 25
  RLT: 911
  Relax-and-lift: 312
  BQP: 92
  PSD: 24

Explored 1306 nodes (1305997 simplex iterations) in 7200.75 seconds (2920.46 work units)
Thread count was 32 (of 32 available processors)

Solution count 10: 74.0691 74.0691 74.0753 ... 74.3485

Time limit reached
Best objective 7.406910306670e+01, best bound 6.367325459273e+01, gap 14.0353%
