
Gurobi 9.5.2 (linux64) logging started Sat Aug 15 22:32:35 2026

Set parameter LogFile to value "/mnt/beegfs/users/celinep/ChargeAndBreak/logs/RmediumCmanyTmedium_19_RO_20260814_230228_170_gurobi.log"
Gurobi Optimizer version 9.5.2 build v9.5.2rc0 (linux64)
Thread count: 16 physical cores, 32 logical processors, using up to 32 threads
Optimize a model with 4137 rows, 2304 columns and 14061 nonzeros
Model fingerprint: 0x1072a00a
Variable types: 1455 continuous, 849 integer (849 binary)
Coefficient statistics:
  Matrix range     [3e-02, 1e+03]
  Objective range  [1e+00, 1e+00]
  Bounds range     [1e+00, 1e+00]
  RHS range        [1e-02, 5e+02]
Presolve removed 1432 rows and 493 columns
Presolve time: 0.23s
Presolved: 2705 rows, 1811 columns, 12107 nonzeros
Variable types: 1077 continuous, 734 integer (733 binary)
Found heuristic solution: objective 143.6789942

Root relaxation: objective 7.880072e+01, 1664 iterations, 0.17 seconds (0.05 work units)

    Nodes    |    Current Node    |     Objective Bounds      |     Work
 Expl Unexpl |  Obj  Depth IntInf | Incumbent    BestBd   Gap | It/Node Time

     0     0   78.80072    0  122  143.67899   78.80072  45.2%     -    0s
H    0     0                     136.6637715   78.80072  42.3%     -    0s
     0     0   79.44491    0  126  136.66377   79.44491  41.9%     -    1s
H    0     0                     114.1284089   79.44491  30.4%     -    1s
     0     0   79.44708    0  121  114.12841   79.44708  30.4%     -    1s
     0     0   79.44714    0  121  114.12841   79.44714  30.4%     -    1s
     0     0   79.56021    0  151  114.12841   79.56021  30.3%     -    1s
     0     0   79.59251    0  164  114.12841   79.59251  30.3%     -    1s
     0     0   79.59979    0  142  114.12841   79.59979  30.3%     -    1s
     0     0   79.61219    0  162  114.12841   79.61219  30.2%     -    1s
     0     0   79.61219    0  161  114.12841   79.61219  30.2%     -    1s
H    0     0                     102.3757459   79.82478  22.0%     -    2s
     0     0   79.82478    0  167  102.37575   79.82478  22.0%     -    2s
H    0     0                     101.5274788   79.84518  21.4%     -    2s
     0     0   79.84518    0  163  101.52748   79.84518  21.4%     -    2s
     0     0   79.84823    0  176  101.52748   79.84823  21.4%     -    2s
     0     0   79.84823    0  176  101.52748   79.84823  21.4%     -    2s
     0     0   79.98308    0  167  101.52748   79.98308  21.2%     -    2s
     0     0   80.00131    0  176  101.52748   80.00131  21.2%     -    2s
     0     0   80.00286    0  180  101.52748   80.00286  21.2%     -    2s
     0     0   80.00343    0  182  101.52748   80.00343  21.2%     -    2s
     0     0   80.00364    0  182  101.52748   80.00364  21.2%     -    2s
     0     0   80.02270    0  163  101.52748   80.02270  21.2%     -    2s
H    0     0                      91.6471635   80.02270  12.7%     -    3s
     0     0   80.02285    0  174   91.64716   80.02285  12.7%     -    3s
     0     0   80.02862    0  175   91.64716   80.02862  12.7%     -    3s
     0     0   80.03336    0  173   91.64716   80.03336  12.7%     -    3s
     0     0   80.03391    0  176   91.64716   80.03391  12.7%     -    3s
     0     0   80.03391    0  176   91.64716   80.03391  12.7%     -    3s
     0     0   80.05433    0  186   91.64716   80.05433  12.6%     -    3s
H    0     0                      91.3313852   80.05433  12.3%     -    3s
     0     0   80.05733    0  156   91.33139   80.05733  12.3%     -    3s
     0     0   80.05754    0  170   91.33139   80.05754  12.3%     -    3s
     0     0   80.05829    0  174   91.33139   80.05829  12.3%     -    3s
     0     0   80.05857    0  174   91.33139   80.05857  12.3%     -    4s
     0     0   80.06910    0  171   91.33139   80.06910  12.3%     -    4s
     0     0   80.07154    0  190   91.33139   80.07154  12.3%     -    4s
     0     0   80.07189    0  189   91.33139   80.07189  12.3%     -    4s
     0     0   80.07189    0  189   91.33139   80.07189  12.3%     -    4s
     0     0   80.07292    0  203   91.33139   80.07292  12.3%     -    4s
     0     0   80.07292    0  182   91.33139   80.07292  12.3%     -    4s
H    0     0                      91.2645530   80.07292  12.3%     -    5s
     0     2   80.07292    0  181   91.26455   80.07292  12.3%     -    5s
H    4     8                      89.6109377   80.10297  10.6%   128    5s
H   79    77                      89.3767392   80.13887  10.3%  63.0    7s
H   80    77                      89.3295066   80.13887  10.3%  62.3    7s
H   81    77                      88.8149827   80.13887  9.77%  61.5    7s
H   84    77                      88.5157121   80.13887  9.46%  60.4    7s
H  127   121                      88.3490454   80.13887  9.29%  46.4    7s
H  180   162                      88.3451008   80.13887  9.29%  38.6    9s
H  182   162                      88.3182755   80.13887  9.26%  38.4    9s
H  248   220                      88.2003296   80.13887  9.14%  33.4    9s
H  333   292                      88.1035523   80.13887  9.04%  30.9    9s
   542   473   80.76083   37  166   88.10355   80.13887  9.04%  28.8   10s
H  561   480                      88.0713510   80.13887  9.01%  28.8   11s
H 1040   858                      88.0713510   80.13887  9.01%  25.4   12s
  1151   914   86.24527   71  166   88.07135   80.13887  9.01%  25.8   17s
  2154  1501   81.93618    5  182   88.07135   80.16490  8.98%  27.2   20s
  2169  1511   86.11088   13  184   88.07135   80.49235  8.61%  27.1   25s
  2188  1524   82.37644   54  197   88.07135   80.83750  8.21%  26.8   30s
  2208  1537   81.21729    8  277   88.07135   81.16605  7.84%  26.6   35s
  2231  1552   84.99787   14  270   88.07135   81.44560  7.52%  26.3   40s
  2248  1564   86.64039   44  273   88.07135   81.58840  7.36%  26.1   45s
  2270  1578   86.50583   45  274   88.07135   81.69899  7.24%  25.9   50s
  2292  1593   85.83909   25  263   88.07135   81.77304  7.15%  25.6   55s
  2318  1610   85.76771   24  276   88.07135   81.87653  7.03%  25.3   60s
  2357  1636   85.05154   46  230   88.07135   81.98993  6.91%  24.9   65s
  2371  1647   87.98755   17   70   88.07135   81.99519  6.90%  41.1   71s
  2392  1661   85.83909   25  232   88.07135   82.01820  6.87%  40.7   75s
  2397  1667   82.84566   25  195   88.07135   82.35885  6.49%  45.2   80s
  2482  1723   82.92670   32  168   88.07135   82.54224  6.28%  48.9   85s
  2829  1873   83.07999   39   87   88.07135   82.55064  6.27%  53.9   94s
  2863  1887   83.09699   40   93   88.07135   82.55064  6.27%  54.0   95s
  3668  2175   84.68251   53   99   88.07135   82.55064  6.27%  58.7  105s
  5243  2448   83.29996   37  124   88.07135   82.59755  6.22%  66.5  110s
  7337  2838   83.21380   55  110   88.07135   82.78557  6.00%  72.2  115s
  9580  3918   85.34071   77  166   88.07135   82.95850  5.81%  76.0  120s
 11757  4865   84.99786   51   96   88.07135   83.15852  5.58%  81.1  125s
 14487  5592 infeasible   44        88.07135   83.30749  5.41%  84.7  134s
 14546  5907   84.16129   56  174   88.07135   83.30749  5.41%  84.8  135s
 17510  6573   84.35945   81  131   88.07135   83.57688  5.10%  87.2  140s
 21647  6710   87.63490   56  150   88.07135   83.88276  4.76%  87.3  145s
 27434     0 infeasible   83        88.07135   85.16480  3.30%  80.4  150s

Cutting planes:
  Gomory: 38
  Cover: 27
  Implied bound: 103
  Clique: 1
  MIR: 180
  StrongCG: 3
  Flow cover: 553
  Inf proof: 3
  Zero half: 2
  RLT: 26
  Relax-and-lift: 30

Explored 29573 nodes (2260514 simplex iterations) in 150.09 seconds (44.41 work units)
Thread count was 32 (of 32 available processors)

Solution count 10: 88.0714 88.0714 88.1036 ... 89.3295

Optimal solution found (tolerance 5.00e-03)
Best objective 8.807135098790e+01, best bound 8.807135098790e+01, gap 0.0000%
