
Gurobi 9.5.2 (linux64) logging started Fri Aug 14 02:17:04 2026

Set parameter LogFile to value "/mnt/beegfs/users/celinep/ChargeAndBreak/logs/RmediumCmediumTtight_23_2SP_20260813_143758_082_gurobi.log"
Gurobi Optimizer version 9.5.2 build v9.5.2rc0 (linux64)
Thread count: 16 physical cores, 32 logical processors, using up to 32 threads
Optimize a model with 125387 rows, 57857 columns and 410016 nonzeros
Model fingerprint: 0x2c689bdb
Variable types: 51101 continuous, 6756 integer (6756 binary)
Coefficient statistics:
  Matrix range     [2e-02, 1e+03]
  Objective range  [2e-02, 4e-02]
  Bounds range     [1e+00, 1e+00]
  RHS range        [1e-02, 5e+02]
Presolve removed 44556 rows and 14540 columns (presolve time = 5s) ...
Presolve removed 44559 rows and 14541 columns
Presolve time: 7.45s
Presolved: 80828 rows, 43316 columns, 346383 nonzeros
Variable types: 38641 continuous, 4675 integer (4675 binary)
Found heuristic solution: objective 124.2977983

Deterministic concurrent LP optimizer: primal and dual simplex (primal and dual model)
Showing first log only...

Root relaxation presolve removed 1768 rows and 1768 columns
Root relaxation presolved: 79060 rows, 41548 columns, 342847 nonzeros


Root simplex log...

Iteration    Objective       Primal Inf.    Dual Inf.      Time
       0    2.8847372e+01   2.527385e+04   2.854235e+11     13s
   26461    4.4928461e+01   3.900518e+02   3.398166e+09     15s
   31291    8.1862387e+01   8.336238e+01   3.536408e+09     20s
   33476    9.1667768e+01   2.759947e+01   2.195576e+09     25s
   35674    1.0292849e+02   1.041801e+01   6.868771e+08     30s
   37744    1.0348997e+02   6.078609e-01   5.442691e+08     35s
   38661    1.0573555e+02   0.000000e+00   7.139728e+02     40s
   38822    1.0564425e+02   0.000000e+00   1.499950e+03     40s
   40242    9.3979463e+01   0.000000e+00   3.580998e+04     45s
   41602    8.2104426e+01   0.000000e+00   8.162870e+03     50s
   42382    8.1019259e+01   0.000000e+00   1.762359e+04     55s
   43572    7.9359538e+01   0.000000e+00   1.083908e+04     60s
   44622    7.8049018e+01   0.000000e+00   6.696331e+03     66s
   45192    7.6051957e+01   0.000000e+00   2.634347e+05     70s
   45882    7.5356325e+01   0.000000e+00   9.031592e+03     75s
   46742    7.4523180e+01   0.000000e+00   1.696126e+03     80s
   47432    7.4035256e+01   0.000000e+00   6.791870e+03     86s
   48102    7.3421679e+01   0.000000e+00   8.819698e+03     90s
   48682    7.2920342e+01   0.000000e+00   3.339471e+03     95s
   49722    7.1777573e+01   0.000000e+00   2.552380e+04    100s
   50772    7.0610992e+01   0.000000e+00   2.749221e+04    106s
   51252    6.9956455e+01   0.000000e+00   2.146534e+03    110s
   51812    6.9586720e+01   0.000000e+00   1.695005e+03    116s
   52662    6.9112420e+01   0.000000e+00   1.162849e+03    120s
   53222    6.8867744e+01   0.000000e+00   3.780897e+02    125s
   54268    6.6366744e+01   0.000000e+00   8.973676e+02    130s
   54718    6.6183828e+01   0.000000e+00   8.911067e+02    135s
   55238    6.6095516e+01   0.000000e+00   1.204862e+03    141s
   55758    6.5955451e+01   0.000000e+00   5.302451e+02    146s
   56348    6.5744740e+01   0.000000e+00   2.422395e+03    151s
Concurrent spin time: 48.56s

Solved with dual simplex (primal model)

Root relaxation: objective 6.334390e+01, 64529 iterations, 191.82 seconds (36.49 work units)
Total elapsed time = 207.12s

    Nodes    |    Current Node    |     Objective Bounds      |     Work
 Expl Unexpl |  Obj  Depth IntInf | Incumbent    BestBd   Gap | It/Node Time

     0     0   64.69583    0 1978  124.29780   64.69583  48.0%     -  251s
     0     0   65.61812    0 2055  124.29780   65.61812  47.2%     -  341s
     0     0   65.80347    0 2241  124.29780   65.80347  47.1%     -  436s
     0     0   65.80914    0 2206  124.29780   65.80914  47.1%     -  445s
     0     0   65.80968    0 2241  124.29780   65.80968  47.1%     -  449s
     0     0   65.80986    0 2234  124.29780   65.80986  47.1%     -  452s
     0     0   65.81029    0 2227  124.29780   65.81029  47.1%     -  456s
     0     0   65.81047    0 2231  124.29780   65.81047  47.1%     -  459s
     0     0   65.81055    0 2233  124.29780   65.81055  47.1%     -  460s
     0     0   65.99292    0 2316  124.29780   65.99292  46.9%     -  538s
     0     0   66.00858    0 2314  124.29780   66.00858  46.9%     -  576s
     0     0   66.01057    0 2244  124.29780   66.01057  46.9%     -  580s
     0     0   66.01080    0 2242  124.29780   66.01080  46.9%     -  584s
     0     0   66.39083    0 2232  124.29780   66.39083  46.6%     -  674s
     0     0   66.42148    0 2171  124.29780   66.42148  46.6%     -  709s
     0     0   66.42791    0 2205  124.29780   66.42791  46.6%     -  726s
     0     0   66.42868    0 2184  124.29780   66.42868  46.6%     -  732s
     0     0   66.42934    0 2170  124.29780   66.42934  46.6%     -  737s
     0     0   66.42969    0 2173  124.29780   66.42969  46.6%     -  739s
     0     0   66.55886    0 2253  124.29780   66.55886  46.5%     -  796s
     0     0   66.60723    0 2294  124.29780   66.60723  46.4%     -  824s
     0     0   66.61580    0 2269  124.29780   66.61580  46.4%     -  830s
     0     0   66.61692    0 2294  124.29780   66.61692  46.4%     -  834s
     0     0   66.61726    0 2290  124.29780   66.61726  46.4%     -  836s
     0     0   66.66157    0 2234  124.29780   66.66157  46.4%     -  872s
     0     0   66.66786    0 2223  124.29780   66.66786  46.4%     -  923s
     0     0   66.66901    0 2276  124.29780   66.66901  46.4%     -  930s
     0     0   66.66956    0 2217  124.29780   66.66956  46.4%     -  936s
     0     0   66.66975    0 2214  124.29780   66.66975  46.4%     -  940s
     0     0   66.72041    0 2308  124.29780   66.72041  46.3%     -  983s
     0     0   66.72472    0 2317  124.29780   66.72472  46.3%     - 1026s
     0     0   66.72513    0 2357  124.29780   66.72513  46.3%     - 1033s
     0     0   66.75593    0 2199  124.29780   66.75593  46.3%     - 1081s
     0     0   66.75961    0 2231  124.29780   66.75961  46.3%     - 1100s
     0     0   66.76018    0 2226  124.29780   66.76018  46.3%     - 1102s
     0     0   66.76025    0 2226  124.29780   66.76025  46.3%     - 1104s
     0     0   66.78152    0 2212  124.29780   66.78152  46.3%     - 1137s
     0     0   66.78351    0 2199  124.29780   66.78351  46.3%     - 1154s
     0     0   66.78381    0 2233  124.29780   66.78381  46.3%     - 1157s
     0     0   66.80125    0 2217  124.29780   66.80125  46.3%     - 1188s
     0     0   66.80232    0 2345  124.29780   66.80232  46.3%     - 1202s
     0     0   66.80257    0 2220  124.29780   66.80257  46.3%     - 1204s
     0     0   66.81172    0 2322  124.29780   66.81172  46.2%     - 1214s
     0     0   66.81418    0 2221  124.29780   66.81418  46.2%     - 1226s
     0     0   66.81447    0 2216  124.29780   66.81447  46.2%     - 1227s
     0     0   66.82458    0 2527  124.29780   66.82458  46.2%     - 1265s
     0     0   66.82608    0 2435  124.29780   66.82608  46.2%     - 1278s
     0     0   66.82620    0 2407  124.29780   66.82620  46.2%     - 1284s
     0     0   66.83189    0 2499  124.29780   66.83189  46.2%     - 1312s
     0     0   66.83359    0 2326  124.29780   66.83359  46.2%     - 1325s
     0     0   66.83446    0 2328  124.29780   66.83446  46.2%     - 1327s
     0     0   66.83452    0 2393  124.29780   66.83452  46.2%     - 1329s
     0     0   66.83905    0 2374  124.29780   66.83905  46.2%     - 1338s
     0     0   66.84084    0 2307  124.29780   66.84084  46.2%     - 1352s
     0     0   66.84096    0 2307  124.29780   66.84096  46.2%     - 1356s
     0     0   66.84430    0 2375  124.29780   66.84430  46.2%     - 1376s
     0     0   66.84481    0 2382  124.29780   66.84481  46.2%     - 1387s
     0     0   66.85130    0 2529  124.29780   66.85130  46.2%     - 1424s
     0     0   66.85239    0 2572  124.29780   66.85239  46.2%     - 1441s
     0     0   66.85248    0 2578  124.29780   66.85248  46.2%     - 1445s
     0     0   66.85695    0 2470  124.29780   66.85695  46.2%     - 1461s
     0     0   66.85812    0 2487  124.29780   66.85812  46.2%     - 1477s
     0     0   66.85823    0 2488  124.29780   66.85823  46.2%     - 1479s
     0     0   66.86342    0 2460  124.29780   66.86342  46.2%     - 1495s
     0     0   66.86464    0 2384  124.29780   66.86464  46.2%     - 1529s
     0     0   66.86491    0 2468  124.29780   66.86491  46.2%     - 1532s
     0     0   66.86922    0 2482  124.29780   66.86922  46.2%     - 1543s
H    0     0                     124.2878589   66.86922  46.2%     - 1553s
     0     0   66.86950    0 2451  124.28786   66.86950  46.2%     - 1557s
     0     0   66.87182    0 2504  124.28786   66.87182  46.2%     - 1568s
     0     0   66.87221    0 2492  124.28786   66.87221  46.2%     - 1580s
     0     0   66.87521    0 2382  124.28786   66.87521  46.2%     - 1612s
     0     0   66.87521    0 2229  124.28786   66.87521  46.2%     - 1699s
H    0     0                     124.1570124   66.87521  46.1%     - 1725s
H    0     0                     124.1569767   66.87521  46.1%     - 1786s
     0     2   66.87521    0 2194  124.15698   66.87521  46.1%     - 1812s
     1     4   66.87528    1 2150  124.15698   66.87521  46.1%  3451 1826s
     3     8   66.87561    2 2325  124.15698   66.87528  46.1%  3226 1885s
     7    16   66.87681    3 2407  124.15698   66.87566  46.1%  4115 1917s
    15    32   66.87878    4 2421  124.15698   66.87683  46.1%  4002 1959s
H   31    48                     113.9904867   66.87880  41.3%  3840 2159s
    47    64   66.89573    6 2435  113.99049   66.87880  41.3%  8282 2189s
    63    80   66.91938    7 2358  113.99049   66.87880  41.3%  6502 2325s
H   79    96                     113.9620126   66.87880  41.3%  5370 2360s
H   79    96                     113.5882225   66.87880  41.1%  5370 2360s
H   91    96                     113.5836853   66.87880  41.1%  4879 2360s
    95   122   66.93732    9 2395  113.58369   66.87880  41.1%  4740 2375s
   121   140   67.25479   10 2326  113.58369   66.87880  41.1%  3945 2423s
H  122   140                     113.0682013   66.87880  40.9%  3912 2423s
H  124   140                     112.8897706   66.87880  40.8%  3875 2423s
H  126   140                     112.8774641   66.87880  40.8%  3828 2423s
H  129   140                     104.0736835   66.87880  35.7%  3754 2423s
   139   166   70.77550   11 2261  104.07368   66.87880  35.7%  3545 2455s
H  165   182                      81.9205060   66.87880  18.4%  3150 2612s
   181   186   70.77635   13 2240   81.92051   66.87880  18.4%  2971 2638s
H  217   195                      81.7622351   66.87880  18.2%  2582 4541s
H  218   195                      81.1705060   66.87880  17.6%  2574 4541s
H  219   195                      81.1461832   66.87880  17.6%  2572 4541s
H  220   195                      80.8156804   66.87880  17.2%  2563 4541s
H  227   195                      80.1697939   66.87880  16.6%  2576 4542s
H  228   195                      79.0591850   66.87880  15.4%  2567 4542s
H  230   195                      77.9622824   66.87880  14.2%  2548 4542s
   236   216   70.78753   17 2352   77.96228   66.87880  14.2%  2559 4604s
H  271   231                      77.0134294   66.87880  13.2%  2387 4816s
   287   266   70.80091   20 2284   77.01343   66.87880  13.2%  2312 4882s
H  325   284                      76.9753208   66.87880  13.1%  2137 5024s
H  328   284                      76.8272329   66.87880  12.9%  2128 5024s
   343   338   70.82333   23 2409   76.82723   66.87880  12.9%  2065 5061s
H  411   356                      76.7889684   66.87880  12.9%  1812 5202s
H  423   356                      76.5938742   66.87880  12.7%  1778 5202s
   429   416   70.83581   26 2454   76.59387   66.87880  12.7%  1768 5239s
H  498   437                      76.5497571   66.87880  12.6%  1630 5357s
   520   500   70.83705   33 2391   76.54976   66.87880  12.6%  1594 5388s
   583   524   70.83989   40 2382   76.54976   66.87880  12.6%  1504 5522s
H  585   524                      76.5297571   66.87880  12.6%  1500 5522s
   607   602   70.84085   41 2330   76.52976   66.87880  12.6%  1482 5553s
   687   624   70.84262   47 2276   76.52976   66.87880  12.6%  1384 5742s
   715   681   70.84262   48 2276   76.52976   66.87880  12.6%  1356 5786s
   796   702   71.03044   55 2325   76.52976   66.87880  12.6%  1306 5980s
   825   779   71.03044   56 2327   76.52976   66.87880  12.6%  1296 6009s
   910   794   71.07682   66 2247   76.52976   66.87880  12.6%  1231 6112s
   937   836   71.07798   67 2364   76.52976   66.87880  12.6%  1240 6169s
   981   857   71.09275   70 2320   76.52976   66.87880  12.6%  1247 6239s
  1016   932   71.09277   71 2320   76.52976   66.87880  12.6%  1234 6290s
  1097   917   71.09562   84 2336   76.52976   66.87880  12.6%  1206 6385s
  1141  1000   71.09562   86 2336   76.52976   66.88620  12.6%  1191 6418s
  1240  1031   67.24052    6 2439   76.52976   66.88620  12.6%  1166 6485s
  1275  1106   67.25381    7 2492   76.52976   66.88620  12.6%  1168 6527s
  1354  1151   70.48980    9 2319   76.52976   66.88620  12.6%  1168 6668s
  1401  1242   70.49028   10 2308   76.52976   66.88620  12.6%  1147 6712s
  1498  1277   70.51196   16 2402   76.52976   66.88620  12.6%  1134 6805s
  1540  1381   70.51769   17 2500   76.52976   66.88620  12.6%  1138 6861s
  1646  1407   70.55113   21 2406   76.52976   66.88620  12.6%  1135 6959s
  1682  1539   70.55113   22 2404   76.52976   66.88620  12.6%  1141 7011s
  1835  1593   70.55601   44 2299   76.52976   66.88620  12.6%  1112 7144s
  1893  1763   70.55676   45 2302   76.52976   66.88620  12.6%  1103 7178s

Cutting planes:
  Learned: 25
  Gomory: 10
  Cover: 527
  Implied bound: 3516
  Clique: 1357
  MIR: 2826
  StrongCG: 8
  Flow cover: 3476
  GUB cover: 4
  Zero half: 59
  RLT: 1207
  Relax-and-lift: 335
  BQP: 751
  PSD: 19

Explored 2075 nodes (2474549 simplex iterations) in 7200.43 seconds (2107.46 work units)
Thread count was 32 (of 32 available processors)

Solution count 10: 76.5298 76.5498 76.5939 ... 80.1698

Time limit reached
Best objective 7.652975712002e+01, best bound 6.688619544522e+01, gap 12.6011%
