
Gurobi 9.5.2 (linux64) logging started Tue Aug 11 05:03:20 2026

Set parameter LogFile to value "/mnt/beegfs/users/celinep/ChargeAndBreak/logs/RmediumCfewTtight_23_2SP_20260810_213134_040_gurobi.log"
Gurobi Optimizer version 9.5.2 build v9.5.2rc0 (linux64)
Thread count: 16 physical cores, 32 logical processors, using up to 32 threads
Optimize a model with 110275 rows, 51002 columns and 360404 nonzeros
Model fingerprint: 0x11d37d7b
Variable types: 44701 continuous, 6301 integer (6301 binary)
Coefficient statistics:
  Matrix range     [5e-02, 1e+03]
  Objective range  [2e-02, 4e-02]
  Bounds range     [1e+00, 1e+00]
  RHS range        [2e-01, 5e+02]
Presolve removed 38891 rows and 12890 columns
Presolve time: 4.78s
Presolved: 71384 rows, 38112 columns, 303853 nonzeros
Variable types: 33800 continuous, 4312 integer (4312 binary)
Found heuristic solution: objective 110.6268442

Deterministic concurrent LP optimizer: primal and dual simplex (primal and dual model)
Showing first log only...

Root relaxation presolve removed 1654 rows and 1654 columns
Root relaxation presolved: 69730 rows, 36458 columns, 300545 nonzeros


Root simplex log...

Iteration    Objective       Primal Inf.    Dual Inf.      Time
       0    2.9151751e+01   1.989458e+04   2.160988e+11      8s
   26217    6.5278091e+01   1.659170e+02   1.339023e+09     10s
   30196    9.1900740e+01   0.000000e+00   1.242791e+03     12s
   32135    8.1143742e+01   0.000000e+00   2.639770e+03     15s
   35923    7.5364094e+01   0.000000e+00   9.176798e+02     20s
   37621    7.1550018e+01   0.000000e+00   6.501951e+03     25s
   39043    6.9278138e+01   0.000000e+00   7.435451e+03     30s
   40493    6.7944612e+01   0.000000e+00   9.615864e+04     35s
   41663    6.7103528e+01   0.000000e+00   2.947695e+04     40s
   42583    6.6651381e+01   0.000000e+00   1.032081e+03     45s
   43343    6.5716677e+01   0.000000e+00   6.699850e+03     50s
   44483    6.4938906e+01   0.000000e+00   2.054506e+02     56s
   45483    6.4485651e+01   0.000000e+00   2.334182e+02     61s
   46843    6.3966757e+01   0.000000e+00   2.293744e+03     65s
   48293    6.3459343e+01   0.000000e+00   4.271743e+03     70s
   49505    6.3104292e+01   0.000000e+00   4.238046e+03     75s
   50635    6.2961825e+01   0.000000e+00   1.004792e+02     80s
   51992    6.2248140e+01   0.000000e+00   6.899806e+02     85s
   52964    6.1986497e+01   0.000000e+00   1.650768e+03     90s
Concurrent spin time: 0.01s

Solved with primal simplex (dual model)

Root relaxation: objective 6.010216e+01, 41149 iterations, 87.45 seconds (25.19 work units)
Total elapsed time = 96.45s

    Nodes    |    Current Node    |     Objective Bounds      |     Work
 Expl Unexpl |  Obj  Depth IntInf | Incumbent    BestBd   Gap | It/Node Time

     0     0   61.36329    0 1801  110.62684   61.36329  44.5%     -  127s
H    0     0                     110.6227949   61.36329  44.5%     -  134s
     0     0   62.22578    0 2072  110.62279   62.22578  43.7%     -  161s
H    0     0                     110.6116491   62.22578  43.7%     -  170s
     0     0   62.44772    0 2256  110.61165   62.44772  43.5%     -  195s
     0     0   62.45959    0 2225  110.61165   62.45959  43.5%     -  198s
     0     0   62.46028    0 2231  110.61165   62.46028  43.5%     -  200s
     0     0   62.46047    0 2225  110.61165   62.46047  43.5%     -  201s
     0     0   62.46051    0 2232  110.61165   62.46051  43.5%     -  203s
     0     0   62.65315    0 2144  110.61165   62.65315  43.4%     -  244s
     0     0   62.74824    0 2311  110.61165   62.74824  43.3%     -  263s
     0     0   62.76248    0 2327  110.61165   62.76248  43.3%     -  266s
     0     0   62.76497    0 2279  110.61165   62.76497  43.3%     -  268s
     0     0   62.76554    0 2279  110.61165   62.76554  43.3%     -  270s
     0     0   62.76596    0 2281  110.61165   62.76596  43.3%     -  271s
     0     0   62.76631    0 2284  110.61165   62.76631  43.3%     -  272s
     0     0   62.76649    0 2281  110.61165   62.76649  43.3%     -  272s
     0     0   63.07649    0 2314  110.61165   63.07649  43.0%     -  315s
H    0     0                     110.5447206   63.07649  42.9%     -  321s
     0     0   63.10161    0 2314  110.54472   63.10161  42.9%     -  327s
     0     0   63.10559    0 2245  110.54472   63.10559  42.9%     -  328s
     0     0   63.10641    0 2237  110.54472   63.10641  42.9%     -  329s
     0     0   63.10662    0 2237  110.54472   63.10662  42.9%     -  330s
     0     0   63.28747    0 2163  110.54472   63.28747  42.7%     -  356s
     0     0   63.31588    0 2202  110.54472   63.31588  42.7%     -  365s
     0     0   63.31821    0 2150  110.54472   63.31821  42.7%     -  367s
     0     0   63.31929    0 2216  110.54472   63.31929  42.7%     -  368s
     0     0   63.31966    0 2209  110.54472   63.31966  42.7%     -  368s
     0     0   63.38785    0 2338  110.54472   63.38785  42.7%     -  390s
     0     0   63.40011    0 2296  110.54472   63.40011  42.6%     -  402s
     0     0   63.40174    0 2291  110.54472   63.40174  42.6%     -  406s
     0     0   63.40244    0 2234  110.54472   63.40244  42.6%     -  409s
     0     0   63.40262    0 2194  110.54472   63.40262  42.6%     -  413s
     0     0   63.44182    0 2177  110.54472   63.44182  42.6%     -  441s
     0     0   63.44759    0 2225  110.54472   63.44759  42.6%     -  458s
     0     0   63.44848    0 2226  110.54472   63.44848  42.6%     -  460s
     0     0   63.44870    0 2200  110.54472   63.44870  42.6%     -  462s
     0     0   63.48736    0 2238  110.54472   63.48736  42.6%     -  487s
     0     0   63.49346    0 2213  110.54472   63.49346  42.6%     -  507s
     0     0   63.49431    0 2202  110.54472   63.49431  42.6%     -  510s
     0     0   63.49480    0 2213  110.54472   63.49480  42.6%     -  512s
     0     0   63.51508    0 2233  110.54472   63.51508  42.5%     -  540s
     0     0   63.52277    0 2236  110.54472   63.52277  42.5%     -  562s
     0     0   63.52341    0 2250  110.54472   63.52341  42.5%     -  567s
     0     0   63.52354    0 2248  110.54472   63.52354  42.5%     -  570s
     0     0   63.54620    0 2297  110.54472   63.54620  42.5%     -  601s
     0     0   63.54919    0 2220  110.54472   63.54919  42.5%     -  621s
     0     0   63.54981    0 2243  110.54472   63.54981  42.5%     -  624s
     0     0   63.55002    0 2215  110.54472   63.55002  42.5%     -  626s
     0     0   63.56515    0 2241  110.54472   63.56515  42.5%     -  641s
     0     0   63.56711    0 2283  110.54472   63.56711  42.5%     -  653s
     0     0   63.56755    0 2270  110.54472   63.56755  42.5%     -  656s
     0     0   63.58011    0 2250  110.54472   63.58011  42.5%     -  667s
     0     0   63.58260    0 2249  110.54472   63.58260  42.5%     -  686s
     0     0   63.58351    0 2230  110.54472   63.58351  42.5%     -  691s
     0     0   63.58365    0 2293  110.54472   63.58365  42.5%     -  693s
     0     0   63.59773    0 2192  110.54472   63.59773  42.5%     -  715s
     0     0   63.59998    0 2215  110.54472   63.59998  42.5%     -  727s
     0     0   63.60019    0 2234  110.54472   63.60019  42.5%     -  729s
     0     0   63.61021    0 2266  110.54472   63.61021  42.5%     -  754s
     0     0   63.61190    0 2252  110.54472   63.61190  42.5%     -  767s
     0     0   63.61224    0 2245  110.54472   63.61224  42.5%     -  769s
     0     0   63.62226    0 2221  110.54472   63.62226  42.4%     -  778s
H    0     0                     110.5394038   63.62226  42.4%     -  784s
     0     0   63.62383    0 2224  110.53940   63.62383  42.4%     -  787s
     0     0   63.62389    0 2231  110.53940   63.62389  42.4%     -  788s
     0     0   63.63007    0 2194  110.53940   63.63007  42.4%     -  803s
     0     0   63.63108    0 2199  110.53940   63.63108  42.4%     -  815s
     0     0   63.63142    0 2193  110.53940   63.63142  42.4%     -  817s
     0     0   63.63943    0 2321  110.53940   63.63943  42.4%     -  827s
     0     0   63.64026    0 2300  110.53940   63.64026  42.4%     -  844s
     0     0   63.64050    0 2339  110.53940   63.64050  42.4%     -  848s
     0     0   63.64529    0 2285  110.53940   63.64529  42.4%     -  856s
     0     0   63.64599    0 2291  110.53940   63.64599  42.4%     -  867s
     0     0   63.64605    0 2294  110.53940   63.64605  42.4%     -  868s
     0     0   63.65266    0 2285  110.53940   63.65266  42.4%     -  876s
     0     0   63.65402    0 2294  110.53940   63.65402  42.4%     -  895s
     0     0   63.65429    0 2313  110.53940   63.65429  42.4%     -  897s
     0     0   63.65920    0 2368  110.53940   63.65920  42.4%     -  909s
     0     0   63.66066    0 2322  110.53940   63.66066  42.4%     -  923s
     0     0   63.66071    0 2327  110.53940   63.66071  42.4%     -  926s
     0     0   63.66555    0 2351  110.53940   63.66555  42.4%     -  937s
H    0     0                     110.5383910   63.66555  42.4%     -  946s
     0     0   63.66609    0 2336  110.53839   63.66609  42.4%     -  948s
     0     0   63.67236    0 2315  110.53839   63.67236  42.4%     -  956s
     0     0   63.67333    0 2317  110.53839   63.67333  42.4%     -  968s
     0     0   63.67345    0 2309  110.53839   63.67345  42.4%     -  969s
     0     0   63.67636    0 2338  110.53839   63.67636  42.4%     -  974s
H    0     0                     110.5308198   63.67636  42.4%     -  981s
     0     0   63.67709    0 2379  110.53082   63.67709  42.4%     -  983s
     0     0   63.67729    0 2407  110.53082   63.67729  42.4%     -  984s
     0     0   63.68224    0 2387  110.53082   63.68224  42.4%     -  993s
     0     0   63.68224    0 2213  110.53082   63.68224  42.4%     - 1078s
H    0     0                     110.4735199   63.68224  42.4%     - 1089s
     0     2   63.68224    0 2188  110.47352   63.68224  42.4%     - 1128s
     1     4   63.68784    1 2105  110.47352   63.68287  42.4%  3391 1133s
     3     8   63.68917    2 2277  110.47352   63.68784  42.4%  2802 1146s
     7    16   63.69277    3 2296  110.47352   63.68917  42.3%  3823 1157s
    15    32   63.69541    4 2286  110.47352   63.69292  42.3%  4220 1171s
H   31    48                     110.4680982   63.69547  42.3%  3682 1250s
H   32    48                     110.4672987   63.69572  42.3%  4455 1250s
H   33    48                     110.4632058   63.69572  42.3%  4934 1250s
H   44    48                     110.2691021   63.69572  42.2%  6285 1250s
    47    64   63.87122    6 2314  110.26910   63.69572  42.2%  6595 1265s
    63    80   63.87960    7 2269  110.26910   63.69572  42.2%  5369 1291s
H   79    96                     110.2162339   63.69572  42.2%  4517 1300s
H   79    96                     110.0269550   63.69572  42.1%  4517 1300s
H   83    96                     110.0228225   63.69572  42.1%  4358 1300s
H   92    96                     109.8486597   63.69572  42.0%  4039 1300s
    95   118   63.89325    9 2220  109.84866   63.69572  42.0%  3972 1310s
H  111   118                      87.3603541   63.69572  27.1%  3518 1310s
H  113   118                      75.7551629   63.69572  15.9%  3457 1311s
H  115   118                      75.6021200   63.69572  15.7%  3436 1311s
   117   133   63.91843   10 2236   75.60212   63.69572  15.7%  3412 1325s
H  137   146                      75.3045276   63.69572  15.4%  3075 1382s
H  139   146                      75.2994988   63.69572  15.4%  3052 1382s
H  140   146                      75.0282400   63.69572  15.1%  3036 1382s
H  145   146                      74.7363400   63.69572  14.8%  2976 1382s
   154   166   63.93647   12 2201   74.73634   63.69572  14.8%  2902 1389s
H  184   174                      74.6079987   63.69572  14.6%  2543 1494s
H  188   174                      74.6078612   63.69572  14.6%  2503 1494s
H  192   174                      74.5489618   63.69572  14.6%  2461 1494s
   204   207   63.94708   15 2151   74.54896   63.69572  14.6%  2427 1501s
H  243   221                      74.5252506   63.69572  14.5%  2116 2168s
H  244   221                      74.3882817   63.69572  14.4%  2110 2168s
H  249   221                      74.3652505   63.69572  14.3%  2079 2168s
   259   259   63.94708   18 2152   74.36525   63.69572  14.3%  2024 2175s
H  306   287                      74.3585839   63.69572  14.3%  1790 2184s
   339   330   63.94708   22 2159   74.35858   63.69572  14.3%  1661 2189s
H  386   345                      74.0337091   63.69572  14.0%  1529 2228s
   403   388   63.94913   25 2193   74.03371   63.69572  14.0%  1516 2253s
H  448   404                      74.0175541   63.69572  13.9%  1427 2375s
H  451   404                      73.9426913   63.69572  13.9%  1428 2375s
H  452   404                      73.6919172   63.69572  13.6%  1426 2375s
   464   460   64.05175   28 2135   73.69192   63.69572  13.6%  1410 2387s
   522   475   64.19130   29 2177   73.69192   63.69572  13.6%  1324 2507s
H  534   475                      73.6919172   63.69572  13.6%  1310 2507s
   539   539   66.07656   30 1910   73.69192   63.69572  13.6%  1314 2520s
H  604   555                      73.6893481   63.69572  13.6%  1234 2674s
   620   649   66.07656   32 1906   73.68935   63.69572  13.6%  1214 2688s
   721   663   66.08721   37 2042   73.68935   63.69572  13.6%  1099 2858s
H  732   663                      73.6893481   63.69572  13.6%  1096 2858s
   737   749   66.09168   38 2017   73.68935   63.69572  13.6%  1093 2865s
   843   761   66.10844   41 2015   73.68935   63.69572  13.6%  1011 2993s
   860   838   66.10844   42 2015   73.68935   63.69572  13.6%  1008 3010s
   958   851   66.10845   53 2025   73.68935   63.69572  13.6%   961 3175s
   974   927   66.10871   54 1901   73.68935   63.69572  13.6%   958 3202s
  1057   904   66.36339   67 2159   73.68935   63.69572  13.6%   929 3433s
  1074   976   66.36569   68 2077   73.68935   63.69572  13.6%   934 3454s
  1173   990   66.38229   72 2070   73.68935   63.69572  13.6%   917 3605s
  1191  1000   66.38229   73 2071   73.68935   63.69572  13.6%   927 4714s
  1210  1076   66.38229   74 2071   73.68935   63.69572  13.6%   928 4792s
  1313  1127   66.38229   82 2071   73.68935   63.70007  13.6%   901 4810s
  1411  1138   63.93199    6 2226   73.68935   63.70678  13.5%   910 4970s
  1429  1236   63.95177    7 2155   73.68935   63.70678  13.5%   923 4984s
  1560  1249   63.97553   11 2142   73.68935   63.70678  13.5%   913 5176s
H 1577  1249                      73.6893480   63.70678  13.5%   921 5176s
  1579  1360   68.82902   12 2067   73.68935   63.70678  13.5%   925 5201s
  1720  1372   68.83680   17 2137   73.68935   63.70678  13.5%   905 5368s
  1738  1499   68.84066   18 2267   73.68935   63.70678  13.5%   913 5410s
  1898  1510   68.87595   20 2248   73.68935   63.70678  13.5%   894 5563s
  1917  1631   68.88228   21 2244   73.68935   63.70678  13.5%   899 5587s
  2091  1632   65.74818   49 2213   73.68935   63.70678  13.5%   880 6099s
  2093  1633   69.38565   32 1120   73.68935   63.70678  13.5%   879 6188s
  2094  1634   65.70656   67 1475   73.68935   63.70678  13.5%   878 6220s
  2095  1635   66.88979   38 1592   73.68935   63.75061  13.5%   878 6268s
  2096  1635   66.86254   19 1565   73.68935   63.79090  13.4%   878 6299s
  2097  1636   69.72213   23 1618   73.68935   63.79794  13.4%   877 6327s
  2098  1637   69.39475   26 1578   73.68935   63.80178  13.4%   877 6338s
  2099  1637   70.88613   25 1671   73.68935   63.80828  13.4%   876 6348s
  2100  1638   66.36009   62 1679   73.68935   63.80874  13.4%   876 6350s
  2102  1639   71.36533   79 1386   73.68935   63.92588  13.2%   875 6390s
  2103  1640   71.01187   29 1508   73.68935   63.95599  13.2%   875 6416s
  2104  1641   72.59218   35 1605   73.68935   63.96893  13.2%   874 6436s
  2105  1641   66.71718   17 1581   73.68935   63.97105  13.2%   874 6445s
  2106  1642   70.93288   41 1669   73.68935   63.97156  13.2%   873 6451s
  2108  1643   69.02738   24 1679   73.68935   63.97193  13.2%   873 6458s
  2109  1644   67.05353   19 1368   73.68935   64.08673  13.0%   872 6522s
  2110  1645   67.50924   44 1415   73.68935   64.12126  13.0%   872 6562s
  2111  1645   64.15007   25 1506   73.68935   64.12896  13.0%   871 6593s
  2112  1646   71.29440   16 1654   73.68935   64.13385  13.0%   871 6610s
  2113  1647   72.20462   69 1694   73.68935   64.13558  13.0%   871 6617s
  2114  1647   69.03907   33 1758   73.68935   64.13615  13.0%   870 6620s
  2115  1648   70.88628   27 1633   73.68935   64.13887  13.0%   870 6639s
  2116  1649   73.14014   65 1623   73.68935   64.13987  13.0%   869 6653s
  2117  1649   71.12693   24 1608   73.68935   64.14004  13.0%   869 6656s
  2118  1650   67.68188   37 1560   73.68935   64.14014  13.0%   868 6662s
  2119  1651   70.03195   33 1146   73.68935   64.25509  12.8%   868 6737s
  2120  1651   65.84403    7 1177   73.68935   64.27790  12.8%   868 6786s
  2121  1652   70.05051   68 1196   73.68935   64.27999  12.8%   867 6798s
  2122  1653   69.76269   31 1273   73.68935   64.28301  12.8%   867 6808s
  2123  1653   72.45146   53 1234   73.68935   64.28433  12.8%   866 6812s
  2125  1655   66.38248   87 1215   73.68935   64.28521  12.8%   866 6818s
  2126  1655   69.25941   62 1447   73.68935   64.36603  12.7%   865 6945s
  2127  1656   70.86090   42 1345   73.68935   64.37706  12.6%   865 6980s
  2128  1657   69.22104   43 1538   73.68935   64.38163  12.6%   864 6998s
  2129  1657   64.79862   11 1453   73.68935   64.38862  12.6%   864 7019s
  2130  1658   70.04184   63 1442   73.68935   64.39174  12.6%   864 7033s
  2131  1659   67.12847   31 1447   73.68935   64.39279  12.6%   863 7037s
  2133  1660   70.36543   59 1498   73.68935   64.39385  12.6%   862 7040s
  2134  1661   68.92584   66 1504   73.68935   64.39388  12.6%   862 7046s
  2135  1661   71.29824   60 1354   73.68935   64.40885  12.6%   862 7086s
  2136  1662   72.76938   61 1390   73.68935   64.41179  12.6%   861 7098s
  2137  1663   72.04191   52 1402   73.68935   64.41222  12.6%   861 7105s
  2139  1664   67.74775   65 1481   73.68935   64.41482  12.6%   860 7128s
  2140  1665   66.07656   33 1233   73.68935   64.41544  12.6%   860 7133s
  2141  1665   71.03788   35 1437   73.68935   64.41960  12.6%   859 7141s
  2142  1666   66.36790   70 1233   73.68935   64.42039  12.6%   859 7153s
  2143  1667   72.04191   51 1584   73.68935   64.42232  12.6%   858 7170s
  2144  1667   67.88869   17 1620   73.68935   64.42285  12.6%   858 7176s
  2146  1669   64.42312   35 1606   73.68935   64.42312  12.6%   857 7186s

Cutting planes:
  Learned: 13
  Gomory: 22
  Cover: 187
  Implied bound: 760
  Clique: 17
  MIR: 1830
  StrongCG: 4
  Flow cover: 3396
  GUB cover: 2
  Zero half: 4
  RLT: 269
  Relax-and-lift: 350
  PSD: 7

Explored 2146 nodes (2443111 simplex iterations) in 7200.25 seconds (4529.45 work units)
Thread count was 32 (of 32 available processors)

Solution count 10: 73.6893 73.6893 73.6893 ... 74.3653

Time limit reached
Best objective 7.368934804458e+01, best bound 6.442312043974e+01, gap 12.5747%
