
Gurobi 9.5.2 (linux64) logging started Fri Aug 14 13:51:38 2026

Set parameter LogFile to value "/mnt/beegfs/users/celinep/ChargeAndBreak/logs/RshortCmanyTmedium_15_2SP_20260814_131133_163_gurobi.log"
Gurobi Optimizer version 9.5.2 build v9.5.2rc0 (linux64)
Thread count: 16 physical cores, 32 logical processors, using up to 32 threads
Optimize a model with 62631 rows, 28848 columns and 199910 nonzeros
Model fingerprint: 0xb421010b
Variable types: 25351 continuous, 3497 integer (3497 binary)
Coefficient statistics:
  Matrix range     [5e-02, 7e+02]
  Objective range  [2e-02, 4e-02]
  Bounds range     [1e+00, 1e+00]
  RHS range        [2e-02, 5e+02]
Presolve removed 24174 rows and 8406 columns
Presolve time: 1.70s
Presolved: 38457 rows, 20442 columns, 158293 nonzeros
Variable types: 18038 continuous, 2404 integer (2404 binary)
Found heuristic solution: objective 67.7957038

Deterministic concurrent LP optimizer: primal and dual simplex
Showing first log only...


Root simplex log...

Iteration    Objective       Primal Inf.    Dual Inf.      Time
   18360    5.2131211e+01   0.000000e+00   8.256649e+03      5s
   24245    4.0381764e+01   0.000000e+00   8.646656e+04     10s
Concurrent spin time: 0.00s

Solved with dual simplex

Root relaxation: objective 3.824163e+01, 27752 iterations, 8.81 seconds (7.97 work units)

    Nodes    |    Current Node    |     Objective Bounds      |     Work
 Expl Unexpl |  Obj  Depth IntInf | Incumbent    BestBd   Gap | It/Node Time

     0     0   38.65259    0  909   67.79570   38.65259  43.0%     -   16s
H    0     0                      55.6694644   38.65259  30.6%     -   28s
H    0     0                      55.5842720   39.44517  29.0%     -   41s
     0     0   39.49497    0 1151   55.58427   39.49497  28.9%     -   42s
     0     0   39.53491    0 1031   55.58427   39.53491  28.9%     -   56s
     0     0   39.54559    0 1072   55.58427   39.54559  28.9%     -   56s
     0     0   39.54705    0 1071   55.58427   39.54705  28.9%     -   57s
     0     0   39.54826    0 1070   55.58427   39.54826  28.8%     -   57s
     0     0   39.54952    0 1069   55.58427   39.54952  28.8%     -   57s
     0     0   39.55056    0 1071   55.58427   39.55056  28.8%     -   57s
     0     0   39.55153    0 1069   55.58427   39.55153  28.8%     -   57s
     0     0   39.55357    0 1073   55.58427   39.55357  28.8%     -   57s
     0     0   39.55434    0 1072   55.58427   39.55434  28.8%     -   58s
     0     0   39.55573    0 1072   55.58427   39.55573  28.8%     -   58s
     0     0   39.55663    0 1070   55.58427   39.55663  28.8%     -   58s
     0     0   39.55665    0 1071   55.58427   39.55665  28.8%     -   58s
H    0     0                      55.5152834   39.81163  28.3%     -   67s
     0     0   39.81163    0 1060   55.51528   39.81163  28.3%     -   67s
     0     0   39.82754    0 1066   55.51528   39.82754  28.3%     -   71s
     0     0   39.82832    0 1065   55.51528   39.82832  28.3%     -   71s
     0     0   39.82845    0 1065   55.51528   39.82845  28.3%     -   71s
     0     0   39.95660    0 1181   55.51528   39.95660  28.0%     -   79s
H    0     0                      42.4391796   39.99398  5.76%     -   83s
     0     0   39.99398    0 1181   42.43918   39.99398  5.76%     -   84s
     0     0   39.99726    0 1185   42.43918   39.99726  5.75%     -   84s
     0     0   39.99867    0 1184   42.43918   39.99867  5.75%     -   85s
     0     0   39.99878    0 1188   42.43918   39.99878  5.75%     -   85s
     0     0   40.06469    0 1133   42.43918   40.06469  5.60%     -   90s
     0     0   40.07725    0 1119   42.43918   40.07725  5.57%     -   95s
     0     0   40.07861    0 1042   42.43918   40.07861  5.56%     -   96s
     0     0   40.07923    0 1045   42.43918   40.07923  5.56%     -   97s
     0     0   40.07941    0 1052   42.43918   40.07941  5.56%     -   97s
     0     0   40.09704    0 1040   42.43918   40.09704  5.52%     -  100s
     0     0   40.10140    0 1142   42.43918   40.10140  5.51%     -  103s
     0     0   40.10234    0 1075   42.43918   40.10234  5.51%     -  104s
     0     0   40.10260    0 1157   42.43918   40.10260  5.51%     -  104s
     0     0   40.11890    0 1123   42.43918   40.11890  5.47%     -  107s
     0     0   40.12130    0 1108   42.43918   40.12130  5.46%     -  111s
     0     0   40.12166    0 1114   42.43918   40.12166  5.46%     -  111s
     0     0   40.12172    0 1117   42.43918   40.12172  5.46%     -  111s
     0     0   40.13320    0 1138   42.43918   40.13320  5.43%     -  113s
H    0     0                      42.0797348   40.13320  4.63%     -  116s
     0     0   40.13506    0 1066   42.07973   40.13506  4.62%     -  116s
     0     0   40.13552    0 1057   42.07973   40.13552  4.62%     -  116s
     0     0   40.13559    0 1075   42.07973   40.13559  4.62%     -  116s
     0     0   40.14152    0 1182   42.07973   40.14152  4.61%     -  118s
     0     0   40.14218    0 1189   42.07973   40.14218  4.60%     -  121s
     0     0   40.14242    0 1192   42.07973   40.14242  4.60%     -  121s
     0     0   40.14661    0 1059   42.07973   40.14661  4.59%     -  123s
     0     0   40.14901    0 1130   42.07973   40.14901  4.59%     -  124s
     0     0   40.14904    0 1134   42.07973   40.14904  4.59%     -  125s
     0     0   40.15159    0 1142   42.07973   40.15159  4.58%     -  126s
H    0     0                      42.0598917   40.15159  4.54%     -  127s
     0     0   40.15172    0 1133   42.05989   40.15172  4.54%     -  128s
     0     0   40.15410    0 1061   42.05989   40.15410  4.53%     -  129s
     0     0   40.15424    0 1061   42.05989   40.15424  4.53%     -  132s
     0     0   40.15640    0 1128   42.05989   40.15640  4.53%     -  134s
     0     0   40.15640    0 1058   42.05989   40.15640  4.53%     -  169s
H    0     2                      42.0400307   40.15640  4.48%     -  186s
     0     2   40.15640    0 1049   42.04003   40.15640  4.48%     -  186s
     3     6   40.47591    2  952   42.04003   40.30715  4.12%  3643  192s
    13    18   40.50031    4  968   42.04003   40.50031  3.66%  2131  195s
H   39    28                      42.0369392   40.50886  3.64%  1260  201s
H   40    28                      42.0298678   40.55868  3.50%  1261  201s
H   40    28                      42.0296610   40.55868  3.50%  1261  201s
H   42    28                      42.0265695   40.55868  3.49%  1354  201s
H   43    28                      42.0080886   40.55868  3.45%  1341  201s
H   87    43                      41.9663499   40.55868  3.35%   751  205s
H   88    43                      41.9656497   40.55868  3.35%   761  205s
H   91    43                      41.9305780   40.55868  3.27%   811  205s
H  131    27                      41.8945256   40.55868  3.19%   656  208s
H  132    27                      41.8917630   40.55868  3.18%   654  208s
H  139    27                      41.8890514   40.55868  3.18%   695  208s
   149    11     cutoff   12        41.88905   40.55868  3.18%   705  210s
   178    12     cutoff   14        41.88905   40.55868  3.18%   711  216s
   200    10     cutoff   16        41.88905   40.55868  3.18%   722  220s
H  217    11                      41.8521600   40.55868  3.09%   724  222s
   220     9 infeasible   18        41.85216   40.72262  2.70%   718  226s
   254     2     cutoff   21        41.85216   40.73633  2.67%   696  230s
   260     2     cutoff   23        41.85216   40.89437  2.29%   741  236s
   264     2     cutoff   25        41.85216   40.90138  2.27%   768  242s
   266     2     cutoff   26        41.85216   40.90566  2.26%   785  246s
   271     2   41.26014   29  952   41.85216   41.04571  1.93%   799  253s
   274     0 infeasible   30        41.85216   41.27172  1.39%   833  255s

Cutting planes:
  Gomory: 13
  Cover: 249
  Implied bound: 1297
  Clique: 28
  MIR: 979
  Flow cover: 1324
  Zero half: 13
  Network: 47
  RLT: 323
  Relax-and-lift: 121

Explored 276 nodes (305764 simplex iterations) in 255.54 seconds (177.01 work units)
Thread count was 32 (of 32 available processors)

Solution count 10: 41.8522 41.8891 41.8945 ... 42.0299

Optimal solution found (tolerance 5.00e-03)
Best objective 4.185216000475e+01, best bound 4.185216000475e+01, gap 0.0000%
