
Gurobi 9.5.2 (linux64) logging started Mon Aug 10 21:28:33 2026

Set parameter LogFile to value "/mnt/beegfs/users/celinep/ChargeAndBreak/logs/RshortCfewTtight_10_RO_20260810_212803_026_gurobi.log"
Gurobi Optimizer version 9.5.2 build v9.5.2rc0 (linux64)
Thread count: 16 physical cores, 32 logical processors, using up to 32 threads
Optimize a model with 2426 rows, 1347 columns and 8236 nonzeros
Model fingerprint: 0x1bf8b629
Variable types: 857 continuous, 490 integer (490 binary)
Coefficient statistics:
  Matrix range     [4e-02, 6e+02]
  Objective range  [1e+00, 1e+00]
  Bounds range     [1e+00, 1e+00]
  RHS range        [3e-02, 5e+02]
Presolve removed 883 rows and 332 columns
Presolve time: 0.06s
Presolved: 1543 rows, 1015 columns, 6452 nonzeros
Variable types: 612 continuous, 403 integer (402 binary)
Found heuristic solution: objective 73.9170210

Root relaxation: objective 4.172537e+01, 972 iterations, 0.04 seconds (0.02 work units)

    Nodes    |    Current Node    |     Objective Bounds      |     Work
 Expl Unexpl |  Obj  Depth IntInf | Incumbent    BestBd   Gap | It/Node Time

     0     0   41.72537    0   98   73.91702   41.72537  43.6%     -    0s
H    0     0                      73.8422887   41.72537  43.5%     -    0s
H    0     0                      62.6800056   41.72537  33.4%     -    0s
H    0     0                      62.5936501   41.72537  33.3%     -    0s
H    0     0                      53.6635030   42.20529  21.4%     -    0s
     0     0   42.20529    0  114   53.66350   42.20529  21.4%     -    0s
H    0     0                      44.9827717   42.20529  6.17%     -    0s
     0     0   42.23703    0  117   44.98277   42.23703  6.10%     -    0s
     0     0   42.23987    0  108   44.98277   42.23987  6.10%     -    0s
     0     0   42.56114    0  104   44.98277   42.56114  5.38%     -    0s
     0     0   42.56114    0   77   44.98277   42.56114  5.38%     -    0s
H    0     0                      44.6264618   42.56114  4.63%     -    0s
     0     0   42.88973    0   89   44.62646   42.88973  3.89%     -    0s
H    0     0                      44.5682984   42.88973  3.77%     -    1s
     0     0   42.93666    0   84   44.56830   42.93666  3.66%     -    1s
     0     0   42.94780    0   82   44.56830   42.94780  3.64%     -    1s
H    0     0                      44.2218080   42.94780  2.88%     -    1s
     0     0   43.06329    0   74   44.22181   43.06329  2.62%     -    1s
     0     0   43.06944    0   75   44.22181   43.06944  2.61%     -    1s
     0     0   43.06953    0   76   44.22181   43.06953  2.61%     -    1s
     0     0   43.12179    0   71   44.22181   43.12179  2.49%     -    1s
     0     0   43.14337    0   63   44.22181   43.14337  2.44%     -    1s
     0     0   43.15509    0   80   44.22181   43.15509  2.41%     -    1s
     0     0   43.15571    0   65   44.22181   43.15571  2.41%     -    1s
     0     0   43.15576    0   69   44.22181   43.15576  2.41%     -    1s
     0     0   43.23196    0   97   44.22181   43.23196  2.24%     -    1s
     0     0   43.23389    0   93   44.22181   43.23389  2.23%     -    1s
     0     0   43.23423    0   98   44.22181   43.23423  2.23%     -    1s
     0     0   43.23442    0  101   44.22181   43.23442  2.23%     -    1s
     0     0   43.24348    0   99   44.22181   43.24348  2.21%     -    1s
     0     0   43.24380    0  104   44.22181   43.24380  2.21%     -    1s
     0     0   43.27883    0   97   44.22181   43.27883  2.13%     -    1s
     0     0   43.29623    0   99   44.22181   43.29623  2.09%     -    1s
     0     0   43.29804    0   99   44.22181   43.29804  2.09%     -    1s
     0     0   43.29814    0  102   44.22181   43.29814  2.09%     -    1s
     0     0   43.30476    0  102   44.22181   43.30476  2.07%     -    1s
     0     0   43.30478    0  101   44.22181   43.30478  2.07%     -    1s
     0     0   43.30528    0   99   44.22181   43.30528  2.07%     -    1s
     0     0   43.30541    0   99   44.22181   43.30541  2.07%     -    1s
     0     0   43.30593    0   97   44.22181   43.30593  2.07%     -    1s
     0     0   43.30593    0   97   44.22181   43.30593  2.07%     -    1s
     0     2   43.32230    0   96   44.22181   43.32230  2.03%     -    1s
H    4     8                      44.1658838   43.37331  1.79%  49.8    2s
H   45    37                      44.1259634   43.50363  1.41%  40.2    2s
H   79    61                      44.0621255   43.50363  1.27%  32.7    2s
H  133    71                      43.9054793   43.50363  0.92%  28.2    2s
H  149    71                      43.8672832   43.50363  0.83%  27.2    2s

Cutting planes:
  Gomory: 19
  Cover: 9
  Implied bound: 20
  Clique: 1
  MIR: 73
  Flow cover: 75
  GUB cover: 1
  RLT: 13

Explored 538 nodes (16116 simplex iterations) in 2.89 seconds (0.64 work units)
Thread count was 32 (of 32 available processors)

Solution count 10: 43.8673 43.9055 44.0621 ... 53.6635

Optimal solution found (tolerance 5.00e-03)
Best objective 4.386728315939e+01, best bound 4.383158455058e+01, gap 0.0814%
