
Gurobi 9.5.2 (linux64) logging started Fri Aug 14 14:12:08 2026

Set parameter LogFile to value "/mnt/beegfs/users/celinep/ChargeAndBreak/logs/RshortCmediumTlarge_5_2SP_20260814_131133_241_gurobi.log"
Gurobi Optimizer version 9.5.2 build v9.5.2rc0 (linux64)
Thread count: 16 physical cores, 32 logical processors, using up to 32 threads
Optimize a model with 54025 rows, 24882 columns and 174004 nonzeros
Model fingerprint: 0xf3f32c7b
Variable types: 21951 continuous, 2931 integer (2931 binary)
Coefficient statistics:
  Matrix range     [4e-02, 6e+02]
  Objective range  [2e-02, 4e-02]
  Bounds range     [1e+00, 1e+00]
  RHS range        [4e-02, 5e+02]
Presolve removed 20900 rows and 7355 columns
Presolve time: 4.56s
Presolved: 33125 rows, 17527 columns, 144537 nonzeros
Variable types: 15581 continuous, 1946 integer (1946 binary)
Found heuristic solution: objective 57.9466485

Deterministic concurrent LP optimizer: primal and dual simplex
Showing first log only...


Root simplex log...

Iteration    Objective       Primal Inf.    Dual Inf.      Time
       0    2.3681108e+01   2.208472e+03   5.181578e+10      6s
   14583    3.9983367e+01   0.000000e+00   6.958697e+03     10s
   18871    3.0494933e+01   0.000000e+00   7.790634e+02     15s
Concurrent spin time: 0.00s

Solved with dual simplex

Root relaxation: objective 2.975754e+01, 23832 iterations, 10.52 seconds (5.62 work units)

    Nodes    |    Current Node    |     Objective Bounds      |     Work
 Expl Unexpl |  Obj  Depth IntInf | Incumbent    BestBd   Gap | It/Node Time

     0     0   29.75754    0  765   57.94665   29.75754  48.6%     -   22s
H    0     0                      38.3754240   29.75754  22.5%     -   28s
H    0     0                      36.6444077   29.75754  18.8%     -   29s
     0     0   30.10121    0  583   36.64441   30.10121  17.9%     -   35s
H    0     0                      36.5306361   30.10121  17.6%     -   36s
     0     0   30.43712    0  714   36.53064   30.43712  16.7%     -   43s
     0     0   30.54249    0  832   36.53064   30.54249  16.4%     -   48s
     0     0   30.54503    0  806   36.53064   30.54503  16.4%     -   55s
     0     0   30.54545    0  809   36.53064   30.54545  16.4%     -   56s
     0     0   30.54545    0  807   36.53064   30.54545  16.4%     -   56s
     0     0   30.60885    0  727   36.53064   30.60885  16.2%     -   63s
H    0     0                      36.2139566   30.60885  15.5%     -   69s
     0     0   30.62051    0  706   36.21396   30.62051  15.4%     -   69s
     0     0   30.62374    0  725   36.21396   30.62374  15.4%     -   70s
     0     0   30.62443    0  730   36.21396   30.62443  15.4%     -   70s
     0     0   30.62455    0  715   36.21396   30.62455  15.4%     -   70s
     0     0   30.66350    0  722   36.21396   30.66350  15.3%     -   74s
     0     0   30.72885    0  771   36.21396   30.72885  15.1%     -   79s
     0     0   30.84800    0  780   36.21396   30.84800  14.8%     -   79s
     0     0   30.85903    0  838   36.21396   30.85903  14.8%     -   80s
     0     0   31.26233    0  801   36.21396   31.26233  13.7%     -   81s
     0     0   31.50826    0  814   36.21396   31.50826  13.0%     -   84s
     0     0   31.52761    0  822   36.21396   31.52761  12.9%     -   84s
     0     0   31.62996    0  824   36.21396   31.62996  12.7%     -   85s
     0     0   31.98823    0  718   36.21396   31.98823  11.7%     -   86s
     0     0   32.71550    0  669   36.21396   32.71550  9.66%     -   96s
     0     2   32.71550    0  664   36.21396   32.71550  9.66%     -  106s
     3     4   32.71550    2  806   36.21396   32.71550  9.66%  1719  111s
    11    10   32.71550    4  814   36.21396   32.71550  9.66%  1671  116s
    29    22   32.71550    6  756   36.21396   32.71550  9.66%  1351  126s
H   34    22                      36.2012479   32.71550  9.63%  1504  126s
    43    28   32.71550    7  785   36.20125   32.71550  9.63%  1390  130s
    75    40   32.71550    9  875   36.20125   32.71550  9.63%  1094  136s
H  116    45                      36.1824271   32.71550  9.58%   842  139s
H  119    45                      36.1747763   32.71550  9.56%   826  139s
H  120    45                      36.1578426   32.71550  9.52%   820  139s
   137    32   32.71550   12  924   36.15784   32.71550  9.52%   748  141s
H  177    22                      36.1268671   32.71550  9.44%   669  144s
H  180    22                      36.0924490   32.71550  9.36%   658  144s
   187     9     cutoff   14        36.09245   32.71550  9.36%   660  148s
   202     7     cutoff   15        36.09245   32.71550  9.36%   673  151s
   214     4     cutoff   17        36.09245   32.71550  9.36%   701  158s
   219     3     cutoff   18        36.09245   32.71550  9.36%   706  161s
   222     3     cutoff   19        36.09245   32.71550  9.36%   721  165s
   228     3     cutoff   22        36.09245   32.71550  9.36%   773  171s
   230     5     cutoff   23        36.09245   32.71550  9.36%   790  175s
   239     3     cutoff   27        36.09245   32.71550  9.36%   844  181s
   244     3     cutoff   30        36.09245   32.71550  9.36%   877  188s
   246     3     cutoff   31        36.09245   32.71550  9.36%   886  190s
   252     2   32.71550   34  833   36.09245   32.71550  9.36%   894  198s
   257     2   32.71550   36  796   36.09245   32.71550  9.36%   915  201s
   262     2     cutoff   38        36.09245   32.71550  9.36%   933  205s
   267     2     cutoff   41        36.09245   32.71550  9.36%   961  211s
   271     2     cutoff   43        36.09245   32.71550  9.36%   969  215s
   277     2   33.34583   47  866   36.09245   32.96448  8.67%   959  220s
   285     2   33.88819   50  793   36.09245   33.74112  6.51%   959  225s
   290     1     cutoff   52        36.09245   34.20275  5.24%   959  231s

Cutting planes:
  Learned: 6
  Gomory: 46
  Cover: 203
  Implied bound: 964
  Clique: 419
  MIR: 847
  Flow cover: 814
  GUB cover: 7
  Network: 2
  RLT: 390
  Relax-and-lift: 163
  BQP: 1
  PSD: 34

Explored 299 nodes (326409 simplex iterations) in 234.56 seconds (178.16 work units)
Thread count was 32 (of 32 available processors)

Solution count 10: 36.0924 36.1269 36.1578 ... 38.3754

Optimal solution found (tolerance 5.00e-03)
Best objective 3.609244897702e+01, best bound 3.609244897702e+01, gap 0.0000%
