
Gurobi 9.5.2 (linux64) logging started Fri Aug 14 13:55:09 2026

Set parameter LogFile to value "/mnt/beegfs/users/celinep/ChargeAndBreak/logs/RshortCmanyTmedium_21_RO_20260814_131133_176_gurobi.log"
Gurobi Optimizer version 9.5.2 build v9.5.2rc0 (linux64)
Thread count: 16 physical cores, 32 logical processors, using up to 32 threads
Optimize a model with 2853 rows, 1585 columns and 9610 nonzeros
Model fingerprint: 0xc34bac61
Variable types: 1001 continuous, 584 integer (584 binary)
Coefficient statistics:
  Matrix range     [4e-02, 7e+02]
  Objective range  [1e+00, 1e+00]
  Bounds range     [1e+00, 1e+00]
  RHS range        [3e-02, 5e+02]
Presolve removed 1044 rows and 380 columns
Presolve time: 0.07s
Presolved: 1809 rows, 1205 columns, 8071 nonzeros
Variable types: 718 continuous, 487 integer (486 binary)
Found heuristic solution: objective 103.9948825

Root relaxation: objective 5.618032e+01, 1302 iterations, 0.04 seconds (0.04 work units)

    Nodes    |    Current Node    |     Objective Bounds      |     Work
 Expl Unexpl |  Obj  Depth IntInf | Incumbent    BestBd   Gap | It/Node Time

     0     0   56.18032    0   88  103.99488   56.18032  46.0%     -    0s
     0     0   57.27896    0   65  103.99488   57.27896  44.9%     -    0s
H    0     0                      97.8701284   57.27896  41.5%     -    0s
H    0     0                      97.5064395   57.33327  41.2%     -    0s
     0     0   57.33327    0   69   97.50644   57.33327  41.2%     -    0s
     0     0   57.33387    0   67   97.50644   57.33387  41.2%     -    0s
     0     0   57.52181    0   68   97.50644   57.52181  41.0%     -    0s
H    0     0                      88.2903930   57.54226  34.8%     -    0s
     0     0   57.54226    0   68   88.29039   57.54226  34.8%     -    0s
     0     0   57.54557    0   64   88.29039   57.54557  34.8%     -    0s
     0     0   57.54774    0   65   88.29039   57.54774  34.8%     -    0s
     0     0   57.54776    0  100   88.29039   57.54776  34.8%     -    0s
H    0     0                      75.7341483   57.54776  24.0%     -    0s
     0     0   57.77889    0  108   75.73415   57.77889  23.7%     -    0s
H    0     0                      74.5946611   57.77889  22.5%     -    0s
     0     0   57.80267    0  112   74.59466   57.80267  22.5%     -    0s
     0     0   57.80522    0  125   74.59466   57.80522  22.5%     -    0s
     0     0   57.80757    0  126   74.59466   57.80757  22.5%     -    0s
     0     0   57.80764    0  127   74.59466   57.80764  22.5%     -    0s
     0     0   57.85014    0  118   74.59466   57.85014  22.4%     -    0s
     0     0   57.85724    0  108   74.59466   57.85724  22.4%     -    0s
     0     0   57.87378    0  110   74.59466   57.87378  22.4%     -    1s
     0     0   57.87512    0  111   74.59466   57.87512  22.4%     -    1s
     0     0   57.87553    0  112   74.59466   57.87553  22.4%     -    1s
     0     0   57.87764    0  112   74.59466   57.87764  22.4%     -    1s
     0     0   57.89172    0   99   74.59466   57.89172  22.4%     -    1s
     0     0   57.89442    0   99   74.59466   57.89442  22.4%     -    1s
     0     0   57.89442    0  100   74.59466   57.89442  22.4%     -    1s
     0     0   57.91141    0   93   74.59466   57.91141  22.4%     -    1s
H    0     0                      74.2766204   57.91141  22.0%     -    1s
     0     0   57.91299    0   94   74.27662   57.91299  22.0%     -    1s
     0     0   57.91344    0  103   74.27662   57.91344  22.0%     -    1s
     0     0   57.91348    0   96   74.27662   57.91348  22.0%     -    1s
     0     0   57.92154    0   88   74.27662   57.92154  22.0%     -    1s
H    0     0                      74.2014917   57.92154  21.9%     -    1s
     0     0   57.92269    0   97   74.20149   57.92269  21.9%     -    1s
     0     0   57.92325    0   96   74.20149   57.92325  21.9%     -    1s
     0     0   57.92331    0   96   74.20149   57.92331  21.9%     -    1s
     0     0   57.92965    0   95   74.20149   57.92965  21.9%     -    1s
H    0     0                      73.8446611   57.92965  21.6%     -    1s
     0     0   57.93011    0  100   73.84466   57.93011  21.6%     -    1s
     0     0   57.93038    0   97   73.84466   57.93038  21.6%     -    1s
     0     0   57.93242    0   98   73.84466   57.93242  21.5%     -    1s
     0     0   57.93311    0   98   73.84466   57.93311  21.5%     -    1s
     0     0   57.93409    0   99   73.84466   57.93409  21.5%     -    1s
     0     0   57.93409    0   99   73.84466   57.93409  21.5%     -    1s
     0     0   57.93409    0   86   73.84466   57.93409  21.5%     -    1s
H    0     0                      73.2625066   57.93409  20.9%     -    1s
     0     2   57.93409    0   86   73.26251   57.93409  20.9%     -    1s
H   83    71                      73.2333933   57.93421  20.9%  57.2    2s
H  138   106                      64.2757643   57.93421  9.87%  48.6    2s
H  173    72                      64.2592815   57.93421  9.84%  40.9    3s
H  202    72                      64.2296302   57.93421  9.80%  36.0    3s
   257    52 infeasible   14        64.22963   57.93518  9.80%  32.2    5s

Cutting planes:
  Learned: 1
  Gomory: 20
  Cover: 12
  Implied bound: 111
  Clique: 1
  MIR: 87
  Flow cover: 88
  Inf proof: 1
  RLT: 23
  Relax-and-lift: 5
  PSD: 1

Explored 2489 nodes (71828 simplex iterations) in 7.89 seconds (2.75 work units)
Thread count was 32 (of 32 available processors)

Solution count 10: 64.2296 64.2593 64.2758 ... 75.7341

Optimal solution found (tolerance 5.00e-03)
Best objective 6.422963022763e+01, best bound 6.422963022763e+01, gap 0.0000%
