
Gurobi 9.5.2 (linux64) logging started Fri Aug 14 13:18:44 2026

Set parameter LogFile to value "/mnt/beegfs/users/celinep/ChargeAndBreak/logs/RshortCfewTlarge_3_RO_20260814_131133_036_gurobi.log"
Gurobi Optimizer version 9.5.2 build v9.5.2rc0 (linux64)
Thread count: 16 physical cores, 32 logical processors, using up to 32 threads
Optimize a model with 2667 rows, 1482 columns and 9089 nonzeros
Model fingerprint: 0xc4b9a15b
Variable types: 941 continuous, 541 integer (541 binary)
Coefficient statistics:
  Matrix range     [3e-02, 6e+02]
  Objective range  [1e+00, 1e+00]
  Bounds range     [1e+00, 1e+00]
  RHS range        [1e-01, 5e+02]
Presolve removed 946 rows and 341 columns
Presolve time: 0.15s
Presolved: 1721 rows, 1141 columns, 7758 nonzeros
Variable types: 686 continuous, 455 integer (454 binary)
Found heuristic solution: objective 92.8039959

Root relaxation: objective 4.614373e+01, 1193 iterations, 0.08 seconds (0.03 work units)

    Nodes    |    Current Node    |     Objective Bounds      |     Work
 Expl Unexpl |  Obj  Depth IntInf | Incumbent    BestBd   Gap | It/Node Time

     0     0   46.14373    0  119   92.80400   46.14373  50.3%     -    0s
H    0     0                      88.5431589   46.14373  47.9%     -    0s
     0     0   46.58941    0  106   88.54316   46.58941  47.4%     -    0s
H    0     0                      86.2062390   46.58941  46.0%     -    0s
     0     0   46.61528    0  108   86.20624   46.61528  45.9%     -    0s
H    0     0                      77.4215457   46.76206  39.6%     -    0s
     0     0   46.76206    0  103   77.42155   46.76206  39.6%     -    0s
H    0     0                      67.1715457   46.78087  30.4%     -    0s
     0     0   46.78087    0  103   67.17155   46.78087  30.4%     -    0s
     0     0   46.78815    0  103   67.17155   46.78815  30.3%     -    0s
     0     0   46.78945    0  104   67.17155   46.78945  30.3%     -    0s
     0     0   46.78945    0  104   67.17155   46.78945  30.3%     -    0s
     0     0   46.94438    0  127   67.17155   46.94438  30.1%     -    1s
H    0     0                      67.1301986   46.94438  30.1%     -    1s
H    0     0                      65.2723558   46.97365  28.0%     -    1s
     0     0   46.97365    0  126   65.27236   46.97365  28.0%     -    1s
     0     0   46.98346    0  127   65.27236   46.98346  28.0%     -    1s
     0     0   46.98544    0  126   65.27236   46.98544  28.0%     -    1s
     0     0   46.98545    0  126   65.27236   46.98545  28.0%     -    1s
H    0     0                      65.2686861   46.98545  28.0%     -    1s
     0     0   47.14968    0  124   65.26869   47.14968  27.8%     -    1s
     0     0   47.16396    0  120   65.26869   47.16396  27.7%     -    1s
     0     0   47.16602    0  122   65.26869   47.16602  27.7%     -    1s
     0     0   47.16607    0  121   65.26869   47.16607  27.7%     -    1s
     0     0   47.16972    0  124   65.26869   47.16972  27.7%     -    1s
H    0     0                      65.1334601   47.16972  27.6%     -    1s
     0     0   47.17073    0  120   65.13346   47.17073  27.6%     -    1s
     0     0   47.17076    0  119   65.13346   47.17076  27.6%     -    1s
H    0     0                      63.3325935   47.17076  25.5%     -    1s
     0     0   47.17083    0  108   63.33259   47.17083  25.5%     -    1s
     0     0   47.17154    0  106   63.33259   47.17154  25.5%     -    1s
     0     0   47.17185    0  104   63.33259   47.17185  25.5%     -    1s
     0     0   47.17346    0   98   63.33259   47.17346  25.5%     -    1s
     0     0   47.17354    0   99   63.33259   47.17354  25.5%     -    1s
     0     0   47.17669    0  108   63.33259   47.17669  25.5%     -    1s
     0     0   47.18464    0  113   63.33259   47.18464  25.5%     -    2s
     0     0   47.19096    0  111   63.33259   47.19096  25.5%     -    2s
H    0     0                      58.4734038   47.19096  19.3%     -    2s
H    0     0                      58.1810878   47.19096  18.9%     -    2s
     0     0   47.19188    0  112   58.18109   47.19188  18.9%     -    2s
     0     0   47.19219    0  111   58.18109   47.19219  18.9%     -    2s
     0     0   47.19220    0  111   58.18109   47.19220  18.9%     -    2s
     0     0   47.20221    0  107   58.18109   47.20221  18.9%     -    2s
H    0     0                      56.1721039   47.20221  16.0%     -    2s
     0     0   47.20223    0  111   56.17210   47.20223  16.0%     -    2s
     0     0   47.21229    0  117   56.17210   47.21229  16.0%     -    2s
     0     0   47.21687    0  124   56.17210   47.21687  15.9%     -    2s
     0     0   47.21770    0  126   56.17210   47.21770  15.9%     -    2s
     0     0   47.21770    0  126   56.17210   47.21770  15.9%     -    2s
     0     0   47.22005    0  124   56.17210   47.22005  15.9%     -    2s
     0     0   47.22101    0  122   56.17210   47.22101  15.9%     -    2s
     0     0   47.22101    0  122   56.17210   47.22101  15.9%     -    2s
     0     0   47.23767    0  101   56.17210   47.23767  15.9%     -    2s
     0     0   47.23843    0  120   56.17210   47.23843  15.9%     -    2s
     0     0   47.23844    0  120   56.17210   47.23844  15.9%     -    2s
     0     0   47.24337    0  128   56.17210   47.24337  15.9%     -    2s
     0     0   47.24528    0  112   56.17210   47.24528  15.9%     -    2s
     0     0   47.24597    0  112   56.17210   47.24597  15.9%     -    2s
     0     0   47.24598    0  112   56.17210   47.24598  15.9%     -    2s
     0     0   47.24667    0  129   56.17210   47.24667  15.9%     -    2s
     0     0   47.24743    0  128   56.17210   47.24743  15.9%     -    2s
     0     0   47.24781    0  131   56.17210   47.24781  15.9%     -    2s
     0     0   47.24790    0  143   56.17210   47.24790  15.9%     -    2s
     0     0   47.24971    0  146   56.17210   47.24971  15.9%     -    2s
     0     0   47.24986    0  147   56.17210   47.24986  15.9%     -    3s
     0     0   47.25000    0  142   56.17210   47.25000  15.9%     -    3s
     0     0   47.25237    0  140   56.17210   47.25237  15.9%     -    3s
     0     0   47.25238    0  112   56.17210   47.25238  15.9%     -    3s
H    0     0                      54.6659660   47.25238  13.6%     -    3s
     0     2   47.25270    0  111   54.66597   47.25270  13.6%     -    3s
H   87    83                      54.6166232   47.29229  13.4%  38.2    4s
H   98    83                      54.4674152   47.29280  13.2%  36.7    4s
H  160   112                      54.4256719   47.29280  13.1%  31.4    4s
H  219   115                      54.3840819   47.29280  13.0%  28.3    6s
   329   149   47.63712   22  115   54.38408   47.29280  13.0%  28.0   11s
H  368   154                      54.3155108   47.29280  12.9%  27.8   14s
   466   162   47.66380   29  112   54.31551   47.29280  12.9%  27.7   17s
H  467   162                      53.9349400   47.29280  12.3%  27.7   17s
H  470   162                      53.8516066   47.29280  12.2%  27.8   17s
   497   128   47.66432   30  114   53.85161   47.29280  12.2%  28.1   21s

Cutting planes:
  Learned: 1
  Gomory: 18
  Cover: 10
  Implied bound: 67
  MIR: 109
  Flow cover: 104
  Inf proof: 1
  Network: 1
  RLT: 26
  Relax-and-lift: 3

Explored 1620 nodes (49388 simplex iterations) in 24.83 seconds (6.77 work units)
Thread count was 32 (of 32 available processors)

Solution count 10: 53.8516 53.9349 54.3155 ... 58.1811

Optimal solution found (tolerance 5.00e-03)
Best objective 5.385160663031e+01, best bound 5.385160663031e+01, gap 0.0000%
