
Gurobi 9.5.2 (linux64) logging started Thu Aug 13 11:38:46 2026

Set parameter LogFile to value "/mnt/beegfs/users/celinep/ChargeAndBreak/logs/RshortCmediumTnone_11_2SP_20260813_113831_013_gurobi.log"
Gurobi Optimizer version 9.5.2 build v9.5.2rc0 (linux64)
Thread count: 16 physical cores, 32 logical processors, using up to 32 threads
Optimize a model with 47533 rows, 21882 columns and 152562 nonzeros
Model fingerprint: 0xb2c08d47
Variable types: 19301 continuous, 2581 integer (2581 binary)
Coefficient statistics:
  Matrix range     [6e-02, 5e+02]
  Objective range  [2e-02, 4e-02]
  Bounds range     [1e+00, 1e+00]
  RHS range        [6e-03, 2e+07]
Presolve removed 18956 rows and 6792 columns
Presolve time: 1.02s
Presolved: 28577 rows, 15090 columns, 124033 nonzeros
Variable types: 13503 continuous, 1587 integer (1587 binary)

Deterministic concurrent LP optimizer: primal and dual simplex
Showing first log only...


Root simplex log...

Iteration    Objective       Primal Inf.    Dual Inf.      Time
   14760    2.7077936e+01   0.000000e+00   1.102633e+03      5s
Concurrent spin time: 0.00s

Solved with dual simplex

Root relaxation: objective 2.553502e+01, 18802 iterations, 4.83 seconds (4.30 work units)

    Nodes    |    Current Node    |     Objective Bounds      |     Work
 Expl Unexpl |  Obj  Depth IntInf | Incumbent    BestBd   Gap | It/Node Time

     0     0   26.02884    0  546          -   26.02884      -     -   10s
H    0     0                      43.5397630   26.02884  40.2%     -   12s
H    0     0                      34.0644388   26.02884  23.6%     -   12s
     0     0   26.50846    0  646   34.06444   26.50846  22.2%     -   17s
     0     0   26.51115    0  645   34.06444   26.51115  22.2%     -   18s
     0     0   26.62081    0  744   34.06444   26.62081  21.9%     -   21s
     0     0   26.63955    0  664   34.06444   26.63955  21.8%     -   23s
     0     0   26.64040    0  723   34.06444   26.64040  21.8%     -   23s
     0     0   26.64050    0  722   34.06444   26.64050  21.8%     -   23s
     0     0   26.75474    0  540   34.06444   26.75474  21.5%     -   26s
     0     0   26.77179    0  509   34.06444   26.77179  21.4%     -   27s
     0     0   26.77673    0  538   34.06444   26.77673  21.4%     -   27s
     0     0   26.77686    0  541   34.06444   26.77686  21.4%     -   28s
     0     0   26.81674    0  561   34.06444   26.81674  21.3%     -   29s
     0     0   26.82564    0  569   34.06444   26.82564  21.3%     -   30s
     0     0   26.82634    0  576   34.06444   26.82634  21.2%     -   30s
     0     0   26.82649    0  577   34.06444   26.82649  21.2%     -   30s
     0     0   26.84353    0  573   34.06444   26.84353  21.2%     -   31s
     0     0   26.84551    0  570   34.06444   26.84551  21.2%     -   32s
     0     0   26.84610    0  576   34.06444   26.84610  21.2%     -   32s
     0     0   26.84618    0  579   34.06444   26.84618  21.2%     -   33s
     0     0   26.86956    0  728   34.06444   26.86956  21.1%     -   34s
H    0     0                      34.0644388   26.86956  21.1%     -   35s
     0     0   26.87176    0  568   34.06444   26.87176  21.1%     -   35s
     0     0   26.87212    0  572   34.06444   26.87212  21.1%     -   35s
     0     0   26.87216    0  570   34.06444   26.87216  21.1%     -   35s
     0     0   27.67474    0  752   34.06444   27.67474  18.8%     -   36s
     0     0   28.82892    0  731   34.06444   28.82892  15.4%     -   37s
     0     0   30.92835    0  728   34.06444   30.92835  9.21%     -   37s
     0     0   31.16101    0  733   34.06444   31.16101  8.52%     -   37s
     0     0   32.88854    0  563   34.06444   32.88854  3.45%     -   38s
     0     0   33.02002    0  698   34.06444   33.02002  3.07%     -   39s
     0     0   33.02002    0  574   34.06444   33.02002  3.07%     -   39s
     0     0   33.02002    0  576   34.06444   33.02002  3.07%     -   40s
     0     0   33.10490    0  698   34.06444   33.10490  2.82%     -   41s
     0     0   33.11927    0  589   34.06444   33.11927  2.77%     -   42s
     0     0   33.13260    0  595   34.06444   33.13260  2.74%     -   42s
     0     0   33.13732    0  595   34.06444   33.13732  2.72%     -   42s
     0     0   33.17465    0  679   34.06444   33.17465  2.61%     -   44s
     0     0   33.18197    0  660   34.06444   33.18197  2.59%     -   49s
H    0     0                      34.0644388   33.18197  2.59%     -   52s
     0     2   33.18197    0  654   34.06444   33.18197  2.59%     -   59s
     1     4   33.18197    1  658   34.06444   33.18197  2.59%   691   62s
     3     8   33.18197    2  645   34.06444   33.18197  2.59%  1160   65s
    15    28   33.18197    4  652   34.06444   33.18197  2.59%  1301   70s
H   32    40                      34.0644387   33.18197  2.59%   966   74s
    47    52   33.18197    6  652   34.06444   33.18197  2.59%   907   75s
H   79    58                      34.0630832   33.18197  2.59%   699   79s
H   83    58                      34.0614039   33.18197  2.58%   690   79s
H   85    58                      34.0614039   33.18197  2.58%   676   79s
    95    69   33.18197    9  694   34.06140   33.18197  2.58%   661   80s
H  141    86                      34.0081134   33.18197  2.43%   519   83s
   197    96   33.18197   13  657   34.00811   33.18197  2.43%   437   98s
H  201    96                      34.0081134   33.18197  2.43%   428   98s
H  202    96                      34.0057544   33.18197  2.42%   429   98s
H  208    96                      33.9536373   33.18197  2.27%   430   98s
   257    81     cutoff   15        33.95364   33.18197  2.27%   388  102s
   311    78   33.76201   18  728   33.95364   33.18197  2.27%   419  107s
   341    73   33.77700   19  666   33.95364   33.18197  2.27%   414  110s
   428    71   33.90199   21  522   33.95364   33.18197  2.27%   404  118s
   505    82   33.89934   21  565   33.95364   33.18197  2.27%   383  122s
   552    83     cutoff   23        33.95364   33.18197  2.27%   363  125s
   608    70     cutoff   22        33.95364   33.18197  2.27%   350  143s
H  670    70                      33.9510151   33.18197  2.27%   358  144s
   683    79   33.80641   12  580   33.95102   33.18197  2.27%   352  147s
H  726    89                      33.9467527   33.18197  2.25%   363  162s
H  739    89                      33.9467527   33.18197  2.25%   365  162s
   799    99     cutoff   15        33.94675   33.18197  2.25%   355  169s
   855    84   33.78033   18  672   33.94675   33.18197  2.25%   371  171s
   974    65     cutoff   22        33.94675   33.18197  2.25%   368  178s
  1022    61   33.90785   24  532   33.94675   33.18197  2.25%   378  180s
  1173    15     cutoff   27        33.94675   33.18197  2.25%   378  187s
  1237    15   33.90410   15  556   33.94675   33.18197  2.25%   383  192s
  1287    12     cutoff   16        33.94675   33.18197  2.25%   381  195s
  1308    10   33.84219    7  506   33.94675   33.18197  2.25%   385  200s
  1339     1   33.89591   57  287   33.94675   33.18197  2.25%   393  205s

Cutting planes:
  Gomory: 20
  Cover: 89
  Implied bound: 1286
  Clique: 25
  MIR: 1016
  Flow cover: 1171
  GUB cover: 4
  Zero half: 1
  RLT: 289
  Relax-and-lift: 104

Explored 1346 nodes (577354 simplex iterations) in 208.04 seconds (109.27 work units)
Thread count was 32 (of 32 available processors)

Solution count 10: 33.9468 33.9468 33.951 ... 34.0644

Optimal solution found (tolerance 5.00e-03)
Best objective 3.394675265015e+01, best bound 3.394675265015e+01, gap 0.0000%
