
Gurobi 9.5.2 (linux64) logging started Fri Aug 14 13:27:51 2026

Set parameter LogFile to value "/mnt/beegfs/users/celinep/ChargeAndBreak/logs/RshortCfewTmedium_20_RO_20260814_131133_074_gurobi.log"
Gurobi Optimizer version 9.5.2 build v9.5.2rc0 (linux64)
Thread count: 16 physical cores, 32 logical processors, using up to 32 threads
Optimize a model with 2231 rows, 1238 columns and 7581 nonzeros
Model fingerprint: 0x5518a9f4
Variable types: 789 continuous, 449 integer (449 binary)
Coefficient statistics:
  Matrix range     [3e-02, 5e+02]
  Objective range  [1e+00, 1e+00]
  Bounds range     [1e+00, 1e+00]
  RHS range        [9e-02, 5e+02]
Presolve removed 825 rows and 320 columns
Presolve time: 0.08s
Presolved: 1406 rows, 918 columns, 5901 nonzeros
Variable types: 554 continuous, 364 integer (363 binary)
Found heuristic solution: objective 70.0125781

Root relaxation: objective 3.677399e+01, 814 iterations, 0.02 seconds (0.02 work units)

    Nodes    |    Current Node    |     Objective Bounds      |     Work
 Expl Unexpl |  Obj  Depth IntInf | Incumbent    BestBd   Gap | It/Node Time

     0     0   36.77399    0   64   70.01258   36.77399  47.5%     -    0s
H    0     0                      49.8428184   36.77399  26.2%     -    0s
H    0     0                      49.7586519   36.77399  26.1%     -    0s
H    0     0                      49.7208528   36.77399  26.0%     -    0s
     0     0   37.10808    0  103   49.72085   37.10808  25.4%     -    0s
H    0     0                      49.3600237   37.10808  24.8%     -    0s
H    0     0                      49.2063580   37.10808  24.6%     -    0s
H    0     0                      42.7982770   37.12004  13.3%     -    0s
     0     0   37.12004    0   99   42.79828   37.12004  13.3%     -    0s
H    0     0                      42.5313437   37.22366  12.5%     -    0s
     0     0   37.22366    0  102   42.53134   37.22366  12.5%     -    0s
     0     0   37.23706    0  104   42.53134   37.23706  12.4%     -    0s
H    0     0                      41.7140657   37.23851  10.7%     -    0s
     0     0   37.23851    0  105   41.71407   37.23851  10.7%     -    0s
H    0     0                      41.4565743   37.23851  10.2%     -    0s
H    0     0                      40.1752279   37.31099  7.13%     -    0s
     0     0   37.48578    0   72   40.17523   37.48578  6.69%     -    0s
     0     0   37.83742    0   75   40.17523   37.83742  5.82%     -    0s
     0     0   37.93578    0   77   40.17523   37.93578  5.57%     -    0s
     0     0   37.99212    0   73   40.17523   37.99212  5.43%     -    0s
     0     0   38.17578    0   74   40.17523   38.17578  4.98%     -    0s
     0     0   38.63673    0   68   40.17523   38.63673  3.83%     -    0s
     0     0   38.63673    0   85   40.17523   38.63673  3.83%     -    1s
     0     0   39.22956    0   36   40.17523   39.22956  2.35%     -    1s
     0     0   39.23011    0   37   40.17523   39.23011  2.35%     -    1s
     0     0   39.23779    0   38   40.17523   39.23779  2.33%     -    1s
     0     0   39.23859    0   48   40.17523   39.23859  2.33%     -    1s
     0     0   39.25391    0   41   40.17523   39.25391  2.29%     -    1s
     0     0   39.25391    0   40   40.17523   39.25391  2.29%     -    1s
     0     2   39.25525    0   40   40.17523   39.25525  2.29%     -    1s
H   53    45                      40.1342417   39.33944  1.98%  24.6    1s
*  123    79              10      39.9958763   39.33944  1.64%  20.4    2s
H  156    68                      39.7497848   39.33944  1.03%  18.7    2s
*  329     1              17      39.7453830   39.54506  0.50%  15.7    2s
*  338     1              13      39.7375517   39.64406  0.24%  15.7    2s

Cutting planes:
  Learned: 1
  Gomory: 10
  Cover: 6
  Implied bound: 24
  MIR: 25
  Flow cover: 33
  GUB cover: 1
  Network: 1
  RLT: 9
  Relax-and-lift: 4

Explored 340 nodes (7975 simplex iterations) in 2.31 seconds (0.44 work units)
Thread count was 32 (of 32 available processors)

Solution count 10: 39.7376 39.7454 39.7498 ... 42.7983

Optimal solution found (tolerance 5.00e-03)
Best objective 3.973755173956e+01, best bound 3.964405504819e+01, gap 0.2353%
