
Gurobi 9.5.2 (linux64) logging started Mon Aug 10 15:15:33 2026

Set parameter LogFile to value "/mnt/beegfs/users/celinep/ChargeAndBreak/logs/RshortCfewTnone_15_2SP_20260810_151530_006_gurobi.log"
Gurobi Optimizer version 9.5.2 build v9.5.2rc0 (linux64)
Thread count: 16 physical cores, 32 logical processors, using up to 32 threads
Optimize a model with 63613 rows, 29307 columns and 206617 nonzeros
Model fingerprint: 0x30707387
Variable types: 25926 continuous, 3381 integer (3381 binary)
Coefficient statistics:
  Matrix range     [3e-02, 7e+02]
  Objective range  [2e-02, 4e-02]
  Bounds range     [1e+00, 1e+00]
  RHS range        [2e-01, 2e+07]
Presolve removed 24077 rows and 8294 columns
Presolve time: 0.84s
Presolved: 39536 rows, 21013 columns, 171007 nonzeros
Variable types: 18793 continuous, 2220 integer (2219 binary)

Deterministic concurrent LP optimizer: primal and dual simplex
Showing first log only...


Root simplex log...

Iteration    Objective       Primal Inf.    Dual Inf.      Time
   20781    3.6744157e+01   0.000000e+00   4.903782e+03      5s
Concurrent spin time: 0.01s

Solved with dual simplex

Root relaxation: objective 3.200903e+01, 24675 iterations, 5.54 seconds (6.69 work units)

    Nodes    |    Current Node    |     Objective Bounds      |     Work
 Expl Unexpl |  Obj  Depth IntInf | Incumbent    BestBd   Gap | It/Node Time

     0     0   32.55578    0  927          -   32.55578      -     -   13s
H    0     0                      56.4183959   32.55578  42.3%     -   15s
H    0     0                      47.2610979   32.55578  31.1%     -   17s
H    0     0                      47.0529822   32.55578  30.8%     -   17s
     0     0   33.01901    0 1144   47.05298   33.01901  29.8%     -   20s
     0     0   33.03558    0 1150   47.05298   33.03558  29.8%     -   22s
     0     0   33.15206    0 1097   47.05298   33.15206  29.5%     -   26s
H    0     0                      47.0126772   33.15787  29.5%     -   28s
     0     0   33.18606    0 1096   47.01268   33.18606  29.4%     -   28s
     0     0   33.18606    0 1095   47.01268   33.18606  29.4%     -   28s
     0     0   33.18606    0 1095   47.01268   33.18606  29.4%     -   28s
H    0     0                      40.0486079   33.45841  16.5%     -   32s
H    0     0                      39.0734602   33.45841  14.4%     -   32s
     0     0   33.45841    0 1121   39.07346   33.45841  14.4%     -   32s
     0     0   33.50166    0 1077   39.07346   33.50166  14.3%     -   35s
     0     0   33.54320    0 1031   39.07346   33.54320  14.2%     -   36s
     0     0   33.55450    0 1062   39.07346   33.55450  14.1%     -   37s
     0     0   33.55557    0 1068   39.07346   33.55557  14.1%     -   38s
     0     0   33.55564    0 1072   39.07346   33.55564  14.1%     -   38s
     0     0   33.68553    0 1130   39.07346   33.68553  13.8%     -   44s
     0     0   33.69802    0 1092   39.07346   33.69802  13.8%     -   46s
     0     0   33.69896    0 1095   39.07346   33.69896  13.8%     -   47s
     0     0   33.69909    0 1100   39.07346   33.69909  13.8%     -   47s
     0     0   33.82821    0 1133   39.07346   33.82821  13.4%     -   49s
H    0     0                      37.7880934   33.82821  10.5%     -   49s
H    0     0                      37.7879041   33.82821  10.5%     -   50s
     0     0   34.02408    0 1114   37.78790   34.02408  10.0%     -   51s
     0     0   34.06601    0 1079   37.78790   34.06601  9.85%     -   52s
     0     0   34.10549    0 1071   37.78790   34.10549  9.74%     -   52s
     0     0   36.55041    0 1084   37.78790   36.55041  3.27%     -   64s
H    0     0                      37.7839244   36.55041  3.26%     -   66s
     0     0   36.58106    0 1117   37.78392   36.58106  3.18%     -   72s
     0     0   36.61050    0 1088   37.78392   36.61050  3.11%     -   73s
     0     0   36.62009    0 1087   37.78392   36.62009  3.08%     -   74s
     0     0   36.67973    0 1017   37.78392   36.67973  2.92%     -   76s
     0     0   36.68283    0 1042   37.78392   36.68283  2.91%     -   81s
     0     0   36.68334    0 1043   37.78392   36.68334  2.91%     -   82s
     0     0   36.82278    0 1064   37.78392   36.82278  2.54%     -   97s
     0     0   36.94486    0 1071   37.78392   36.94486  2.22%     -  109s
     0     0   36.96823    0 1042   37.78392   36.96823  2.16%     -  110s
     0     0   36.96840    0 1080   37.78392   36.96840  2.16%     -  111s
     0     0   37.12294    0 1076   37.78392   37.12294  1.75%     -  121s
     0     0   37.12614    0 1052   37.78392   37.12614  1.74%     -  124s
     0     0   37.12678    0 1079   37.78392   37.12678  1.74%     -  125s
     0     0   37.15080    0 1092   37.78392   37.15080  1.68%     -  129s
     0     0   37.16606    0 1092   37.78392   37.16606  1.64%     -  132s
     0     0   37.16608    0 1097   37.78392   37.16608  1.64%     -  132s
     0     0   37.17939    0 1077   37.78392   37.17939  1.60%     -  134s
     0     0   37.18035    0 1086   37.78392   37.18035  1.60%     -  138s
     0     0   37.19256    0 1073   37.78392   37.19256  1.57%     -  141s
     0     0   37.19299    0 1078   37.78392   37.19299  1.56%     -  145s
     0     0   37.19739    0 1087   37.78392   37.19739  1.55%     -  147s
     0     0   37.19752    0 1084   37.78392   37.19752  1.55%     -  149s
     0     0   37.19904    0 1074   37.78392   37.19904  1.55%     -  151s
     0     0   37.19904    0  984   37.78392   37.19904  1.55%     -  161s
     0     0   37.19904    0  865   37.78392   37.19904  1.55%     -  190s
     0     0   37.19904    0  835   37.78392   37.19904  1.55%     -  196s
     0     0   37.19904    0  838   37.78392   37.19904  1.55%     -  203s
     0     0   37.19904    0  795   37.78392   37.19904  1.55%     -  206s
     0     0   37.19904    0  842   37.78392   37.19904  1.55%     -  208s
     0     0   37.22305    0  879   37.78392   37.22305  1.48%     -  211s
     0     0   37.22380    0  874   37.78392   37.22380  1.48%     -  211s
     0     0   37.29471    0  854   37.78392   37.29471  1.29%     -  218s
     0     0   37.31571    0  605   37.78392   37.31571  1.24%     -  224s
     0     0   37.32574    0  607   37.78392   37.32574  1.21%     -  225s
     0     0   37.33033    0  616   37.78392   37.33033  1.20%     -  226s
     0     0   37.33055    0  618   37.78392   37.33055  1.20%     -  226s
     0     0   37.35166    0  905   37.78392   37.35166  1.14%     -  233s
     0     0   37.38774    0  685   37.78392   37.38774  1.05%     -  240s
     0     0   37.41950    0  969   37.78392   37.41950  0.96%     -  244s
     0     0   37.42583    0  976   37.78392   37.42583  0.95%     -  245s
     0     0   37.42585    0  979   37.78392   37.42585  0.95%     -  245s
     0     0   37.43839    0  954   37.78392   37.43839  0.91%     -  248s
H    0     0                      37.7768465   37.43839  0.90%     -  254s
     0     0   37.44452    0  875   37.77685   37.44452  0.88%     -  255s
     0     0   37.44826    0  939   37.77685   37.44826  0.87%     -  256s
     0     0   37.44849    0  926   37.77685   37.44849  0.87%     -  256s
     0     0   37.46825    0  916   37.77685   37.46825  0.82%     -  258s
     0     0   37.46898    0  933   37.77685   37.46898  0.81%     -  260s
     0     0   37.46930    0  940   37.77685   37.46930  0.81%     -  263s
H    0     0                      37.6187518   37.46930  0.40%     -  265s

Cutting planes:
  Learned: 18
  Gomory: 10
  Cover: 80
  Implied bound: 421
  Clique: 492
  MIR: 673
  StrongCG: 1
  Flow cover: 768
  Zero half: 11
  RLT: 242
  Relax-and-lift: 84
  PSD: 1

Explored 1 nodes (149443 simplex iterations) in 265.72 seconds (100.10 work units)
Thread count was 32 (of 32 available processors)

Solution count 10: 37.6188 37.7768 37.7839 ... 47.2611

Optimal solution found (tolerance 5.00e-03)
Best objective 3.761875182660e+01, best bound 3.746930279596e+01, gap 0.3973%
