
Gurobi 9.5.2 (linux64) logging started Fri Aug 14 13:17:39 2026

Set parameter LogFile to value "/mnt/beegfs/users/celinep/ChargeAndBreak/logs/RshortCfewTlarge_23_2SP_20260814_131133_031_gurobi.log"
Gurobi Optimizer version 9.5.2 build v9.5.2rc0 (linux64)
Thread count: 16 physical cores, 32 logical processors, using up to 32 threads
Optimize a model with 61274 rows, 28215 columns and 198578 nonzeros
Model fingerprint: 0x15c6a003
Variable types: 24976 continuous, 3239 integer (3239 binary)
Coefficient statistics:
  Matrix range     [3e-02, 7e+02]
  Objective range  [2e-02, 4e-02]
  Bounds range     [1e+00, 1e+00]
  RHS range        [6e-03, 5e+02]
Presolve removed 23322 rows and 8029 columns
Presolve time: 1.94s
Presolved: 37952 rows, 20186 columns, 164194 nonzeros
Variable types: 18009 continuous, 2177 integer (2177 binary)
Found heuristic solution: objective 57.8464214

Deterministic concurrent LP optimizer: primal and dual simplex
Showing first log only...


Root simplex log...

Iteration    Objective       Primal Inf.    Dual Inf.      Time
   15473    5.4311893e+01   0.000000e+00   1.057120e+03      5s
Concurrent spin time: 0.00s

Solved with dual simplex

Root relaxation: objective 3.120033e+01, 23306 iterations, 6.66 seconds (5.49 work units)

    Nodes    |    Current Node    |     Objective Bounds      |     Work
 Expl Unexpl |  Obj  Depth IntInf | Incumbent    BestBd   Gap | It/Node Time

     0     0   31.64061    0  774   57.84642   31.64061  45.3%     -   12s
H    0     0                      38.9236215   31.64061  18.7%     -   13s
H    0     0                      38.0917832   31.64061  16.9%     -   15s
     0     0   32.05714    0 1089   38.09178   32.05714  15.8%     -   21s
H    0     0                      37.8279532   32.05714  15.3%     -   23s
     0     0   32.06803    0 1070   37.82795   32.06803  15.2%     -   23s
H    0     0                      37.7893672   32.06803  15.1%     -   24s
     0     0   32.14290    0  985   37.78937   32.14290  14.9%     -   27s
     0     0   32.15465    0 1081   37.78937   32.15465  14.9%     -   30s
H    0     0                      37.7551895   32.15465  14.8%     -   33s
     0     0   32.55491    0 1039   37.75519   32.55491  13.8%     -   40s
     0     0   32.81250    0 1040   37.75519   32.81250  13.1%     -   42s
     0     0   32.92125    0 1086   37.75519   32.92125  12.8%     -   43s
     0     0   32.96294    0 1088   37.75519   32.96294  12.7%     -   43s
     0     0   33.00793    0 1096   37.75519   33.00793  12.6%     -   43s
     0     0   33.02341    0 1056   37.75519   33.02341  12.5%     -   43s
     0     0   33.02341    0 1097   37.75519   33.02341  12.5%     -   44s
H    0     0                      37.1788888   34.28487  7.78%     -   57s
H    0     0                      37.1698206   34.28487  7.76%     -   57s
     0     0   34.28487    0  991   37.16982   34.28487  7.76%     -   57s
     0     0   35.03360    0  986   37.16982   35.03360  5.75%     -   62s
     0     0   35.06141    0 1005   37.16982   35.06141  5.67%     -   62s
     0     0   35.06141    0 1008   37.16982   35.06141  5.67%     -   63s
     0     0   35.23156    0 1002   37.16982   35.23156  5.21%     -   63s
     0     0   36.14396    0  928   37.16982   36.14396  2.76%     -   70s
     0     0   36.21305    0  876   37.16982   36.21305  2.57%     -   81s
     0     2   36.21305    0  874   37.16982   36.21305  2.57%     -   98s
     3     2   36.21305    2  869   37.16982   36.21305  2.57%   938  100s
    13    10   36.21305    6  738   37.16982   36.21305  2.57%  1052  106s
    29    18   36.21305    8  713   37.16982   36.21305  2.57%   671  110s
   115    46   36.92594   13  656   37.16982   36.21305  2.57%   384  116s
   159    52   36.95914   15  620   37.16982   36.21305  2.57%   329  121s
H  168    52                      37.1373056   36.21305  2.49%   323  121s
H  175    52                      37.1310949   36.21305  2.47%   318  121s
H  215    31                      37.1236137   36.21305  2.45%   284  139s
H  216    31                      37.1208940   36.21305  2.45%   285  139s
   235    33     cutoff   16        37.12089   36.21305  2.45%   284  148s
   253    38     cutoff   15        37.12089   36.21305  2.45%   289  150s
   377    14   36.93596   14  732   37.12089   36.21305  2.45%   280  155s
   415    41   36.97286   16  664   37.12089   36.21305  2.45%   275  160s
H  538   124                      37.1163857   36.21305  2.43%   230  161s
H  586   124                      37.1095337   36.21305  2.42%   212  161s
   744    56     cutoff   20        37.10953   36.21305  2.42%   181  165s
H  766    56                      37.1090940   36.21305  2.41%   186  165s
*  855    47              54      37.1048083   36.21305  2.40%   182  166s
H  970    67                      37.0786419   36.21305  2.33%   179  169s
H  987    67                      37.0712084   36.21305  2.31%   180  169s
  1015    64   37.00871   27  313   37.07121   36.21305  2.31%   177  171s
* 1030    64              46      37.0698377   36.21305  2.31%   177  171s
H 1122    46                      37.0697986   36.21305  2.31%   172  173s
H 1139    46                      37.0688467   36.21305  2.31%   170  173s
  1210    50     cutoff   27        37.06885   36.21305  2.31%   167  175s
* 1264    50              68      37.0632924   36.21305  2.29%   166  175s
* 1350    70              63      37.0632750   36.21305  2.29%   161  177s
* 1464   152              64      37.0589893   36.21305  2.28%   150  178s
* 1479   152              63      37.0461321   36.21305  2.25%   149  178s
* 1494   152              63      37.0418464   36.21305  2.24%   147  178s
H 1502   152                      37.0375607   36.21305  2.23%   146  178s
H 1782    36                      37.0077658   36.21305  2.15%   126  179s
  1857    10   36.21305   38  790   37.00777   36.21305  2.15%   123  180s
  1910     3   36.21305   42  731   37.00777   36.21305  2.15%   125  185s

Cutting planes:
  Gomory: 7
  Cover: 212
  Implied bound: 1412
  Clique: 181
  MIR: 960
  Flow cover: 1189
  GUB cover: 8
  RLT: 343
  Relax-and-lift: 145
  BQP: 57
  PSD: 6

Explored 1918 nodes (296413 simplex iterations) in 189.71 seconds (97.45 work units)
Thread count was 32 (of 32 available processors)

Solution count 10: 37.0078 37.0376 37.0418 ... 37.0698

Optimal solution found (tolerance 5.00e-03)
Best objective 3.700776575460e+01, best bound 3.686644137920e+01, gap 0.3819%
