
Gurobi 9.5.2 (linux64) logging started Fri Aug 14 13:48:43 2026

Set parameter LogFile to value "/mnt/beegfs/users/celinep/ChargeAndBreak/logs/RshortCmanyTlarge_9_2SP_20260814_131133_149_gurobi.log"
Gurobi Optimizer version 9.5.2 build v9.5.2rc0 (linux64)
Thread count: 16 physical cores, 32 logical processors, using up to 32 threads
Optimize a model with 47008 rows, 21606 columns and 149887 nonzeros
Model fingerprint: 0xb964b9c7
Variable types: 19101 continuous, 2505 integer (2505 binary)
Coefficient statistics:
  Matrix range     [5e-02, 5e+02]
  Objective range  [2e-02, 4e-02]
  Bounds range     [1e+00, 1e+00]
  RHS range        [2e-02, 5e+02]
Presolve removed 18993 rows and 6806 columns
Presolve time: 1.72s
Presolved: 28015 rows, 14800 columns, 120405 nonzeros
Variable types: 13134 continuous, 1666 integer (1666 binary)
Found heuristic solution: objective 45.8498436

Deterministic concurrent LP optimizer: primal and dual simplex
Showing first log only...


Root simplex log...

Iteration    Objective       Primal Inf.    Dual Inf.      Time
   15809    2.9556461e+01   0.000000e+00   4.040887e+01      5s
Concurrent spin time: 0.00s

Solved with dual simplex

Root relaxation: objective 2.784464e+01, 18664 iterations, 5.71 seconds (3.95 work units)

    Nodes    |    Current Node    |     Objective Bounds      |     Work
 Expl Unexpl |  Obj  Depth IntInf | Incumbent    BestBd   Gap | It/Node Time

     0     0   28.05603    0  561   45.84984   28.05603  38.8%     -    9s
H    0     0                      34.7455947   28.05603  19.3%     -    9s
H    0     0                      34.6493874   28.05603  19.0%     -   11s
     0     0   28.36351    0  641   34.64939   28.36351  18.1%     -   12s
H    0     0                      34.6352340   28.47236  17.8%     -   14s
     0     0   28.47236    0  692   34.63523   28.47236  17.8%     -   14s
     0     0   28.60624    0  655   34.63523   28.60624  17.4%     -   18s
     0     0   28.62734    0  788   34.63523   28.62734  17.3%     -   20s
     0     0   28.63276    0  790   34.63523   28.63276  17.3%     -   21s
     0     0   28.63356    0  786   34.63523   28.63356  17.3%     -   21s
     0     0   28.63390    0  788   34.63523   28.63390  17.3%     -   21s
     0     0   28.63422    0  788   34.63523   28.63422  17.3%     -   21s
     0     0   28.63433    0  789   34.63523   28.63433  17.3%     -   21s
     0     0   28.72696    0  783   34.63523   28.72696  17.1%     -   24s
     0     0   28.74660    0  770   34.63523   28.74660  17.0%     -   26s
     0     0   28.74925    0  747   34.63523   28.74925  17.0%     -   27s
     0     0   28.75030    0  769   34.63523   28.75030  17.0%     -   27s
     0     0   28.75042    0  769   34.63523   28.75042  17.0%     -   27s
     0     0   28.76828    0  661   34.63523   28.76828  16.9%     -   30s
H    0     0                      34.4791720   28.76828  16.6%     -   30s
     0     0   28.77215    0  711   34.47917   28.77215  16.6%     -   31s
     0     0   28.77355    0  708   34.47917   28.77355  16.5%     -   31s
     0     0   28.77416    0  756   34.47917   28.77416  16.5%     -   32s
     0     0   28.77437    0  706   34.47917   28.77437  16.5%     -   32s
     0     0   28.77517    0  709   34.47917   28.77517  16.5%     -   32s
     0     0   28.77521    0  709   34.47917   28.77521  16.5%     -   33s
     0     0   28.78545    0  710   34.47917   28.78545  16.5%     -   34s
     0     0   28.79197    0  771   34.47917   28.79197  16.5%     -   35s
     0     0   28.79349    0  799   34.47917   28.79349  16.5%     -   35s
     0     0   28.79402    0  848   34.47917   28.79402  16.5%     -   36s
     0     0   28.79445    0  858   34.47917   28.79445  16.5%     -   36s
     0     0   28.79451    0  805   34.47917   28.79451  16.5%     -   36s
     0     0   28.80731    0  808   34.47917   28.80731  16.5%     -   38s
H    0     0                      34.4791236   28.80731  16.4%     -   38s
     0     0   28.80834    0  805   34.47912   28.80834  16.4%     -   39s
     0     0   28.80849    0  857   34.47912   28.80849  16.4%     -   39s
     0     0   28.81195    0  846   34.47912   28.81195  16.4%     -   41s
H    0     0                      34.4789375   28.81195  16.4%     -   41s
     0     0   28.81247    0  850   34.47894   28.81247  16.4%     -   42s
     0     0   28.81256    0  800   34.47894   28.81256  16.4%     -   42s
     0     0   28.81572    0  835   34.47894   28.81572  16.4%     -   44s
H    0     0                      34.4784499   28.81572  16.4%     -   44s
     0     0   28.81610    0  843   34.47845   28.81610  16.4%     -   44s
     0     0   28.81618    0  844   34.47845   28.81618  16.4%     -   45s
     0     0   28.81792    0  794   34.47845   28.81792  16.4%     -   46s
     0     0   28.81817    0  850   34.47845   28.81817  16.4%     -   47s
     0     0   28.81819    0  850   34.47845   28.81819  16.4%     -   47s
     0     0   28.81986    0  788   34.47845   28.81986  16.4%     -   49s
     0     0   28.82009    0  852   34.47845   28.82009  16.4%     -   51s
     0     0   28.82010    0  802   34.47845   28.82010  16.4%     -   51s
     0     0   28.95915    0  852   34.47845   28.95915  16.0%     -   51s
     0     0   28.99318    0  850   34.47845   28.99318  15.9%     -   52s
     0     0   28.99318    0  848   34.47845   28.99318  15.9%     -   53s
     0     0   28.99318    0  781   34.47845   28.99318  15.9%     -   55s
     0     0   33.86966    0  781   34.47845   33.86966  1.77%     -   67s
H    0     0                      34.4784015   33.86966  1.77%     -   74s
     0     2   33.86966    0  765   34.47840   33.86966  1.77%     -   77s
     3     8   33.86966    2  751   34.47840   33.86966  1.77%  1259   80s
    25    24   33.86966    5  817   34.47840   33.86966  1.77%   921   88s
    41    30   33.86966    6  817   34.47840   33.86966  1.77%   856   90s
   108    18   33.86966   10  837   34.47840   33.86966  1.77%   488   96s
H  129    20                      34.4784015   33.86966  1.77%   457   97s
   153    30   34.40788   13  439   34.47840   33.86966  1.77%   504  100s
   210    31   34.44230   16  453   34.47840   33.86966  1.77%   476  105s
   297    21     cutoff   19        34.47840   33.86966  1.77%   432  117s
H  311    21                      34.4784010   33.86966  1.77%   425  117s
   342    16   34.46752    9  410   34.47840   33.86966  1.77%   426  124s
   356    10     cutoff   10        34.47840   33.86966  1.77%   419  125s
H  384    12                      34.4403064   33.86966  1.66%   419  127s
   416     4     cutoff   28        34.44031   33.86966  1.66%   433  130s
   434     5     cutoff   37        34.44031   33.86966  1.66%   474  136s
   456     6     cutoff   48        34.44031   33.86966  1.66%   509  140s
   474     2     cutoff   54        34.44031   33.86966  1.66%   542  146s
   487     0 infeasible   60        34.44031   33.86966  1.66%   559  150s

Cutting planes:
  Gomory: 54
  Cover: 428
  Implied bound: 1300
  Clique: 77
  MIR: 775
  StrongCG: 25
  Flow cover: 872
  GUB cover: 7
  Inf proof: 1
  Network: 69
  RLT: 287
  Relax-and-lift: 299

Explored 491 nodes (313284 simplex iterations) in 150.60 seconds (107.50 work units)
Thread count was 32 (of 32 available processors)

Solution count 10: 34.4403 34.4784 34.4784 ... 34.7456

Optimal solution found (tolerance 5.00e-03)
Best objective 3.444030637791e+01, best bound 3.444030637791e+01, gap 0.0000%
