
Gurobi 9.5.2 (linux64) logging started Mon Aug 10 15:18:28 2026

Set parameter LogFile to value "/mnt/beegfs/users/celinep/ChargeAndBreak/logs/RshortCfewTnone_18_2SP_20260810_151530_009_gurobi.log"
Gurobi Optimizer version 9.5.2 build v9.5.2rc0 (linux64)
Thread count: 16 physical cores, 32 logical processors, using up to 32 threads
Optimize a model with 57978 rows, 26690 columns and 188007 nonzeros
Model fingerprint: 0xe126a13a
Variable types: 23651 continuous, 3039 integer (3039 binary)
Coefficient statistics:
  Matrix range     [3e-02, 6e+02]
  Objective range  [2e-02, 4e-02]
  Bounds range     [1e+00, 1e+00]
  RHS range        [2e-01, 2e+07]
Presolve removed 22238 rows and 7721 columns
Presolve time: 2.85s
Presolved: 35740 rows, 18969 columns, 155386 nonzeros
Variable types: 16990 continuous, 1979 integer (1979 binary)

Deterministic concurrent LP optimizer: primal and dual simplex
Showing first log only...


Root simplex log...

Iteration    Objective       Primal Inf.    Dual Inf.      Time
   12297    3.4571697e+01   9.817196e+01   1.194180e+09      5s
   17173    3.4318978e+01   0.000000e+00   2.604143e+04     10s
Concurrent spin time: 0.00s

Solved with dual simplex

Root relaxation: objective 2.888402e+01, 22263 iterations, 9.63 seconds (5.34 work units)

    Nodes    |    Current Node    |     Objective Bounds      |     Work
 Expl Unexpl |  Obj  Depth IntInf | Incumbent    BestBd   Gap | It/Node Time

     0     0   29.37713    0  713          -   29.37713      -     -   22s
H    0     0                      45.2565053   29.37713  35.1%     -   24s
H    0     0                      35.8992268   29.37713  18.2%     -   25s
     0     0   29.76425    0  891   35.89923   29.76425  17.1%     -   35s
H    0     0                      35.8043085   29.77311  16.8%     -   38s
     0     0   29.77311    0  874   35.80431   29.77311  16.8%     -   38s
     0     0   29.88820    0  915   35.80431   29.88820  16.5%     -   41s
     0     0   29.90058    0  924   35.80431   29.90058  16.5%     -   43s
     0     0   29.98142    0  871   35.80431   29.98142  16.3%     -   53s
     0     0   30.16408    0  884   35.80431   30.16408  15.8%     -   57s
H    0     0                      35.7760487   30.27363  15.4%     -   58s
     0     0   30.27363    0  884   35.77605   30.27363  15.4%     -   58s
     0     0   30.27363    0  887   35.77605   30.27363  15.4%     -   58s
     0     0   30.27363    0  890   35.77605   30.27363  15.4%     -   58s
     0     0   30.32189    0  882   35.77605   30.32189  15.2%     -   59s
     0     0   30.67122    0 1010   35.77605   30.67122  14.3%     -   64s
     0     0   31.22638    0  945   35.77605   31.22638  12.7%     -   68s
     0     0   31.30266    0  956   35.77605   31.30266  12.5%     -   69s
     0     0   31.53139    0  957   35.77605   31.53139  11.9%     -   69s
     0     0   31.66807    0  958   35.77605   31.66807  11.5%     -   70s
     0     0   32.24234    0  882   35.77605   32.24234  9.88%     -   72s
     0     0   32.58933    0  816   35.77605   32.58933  8.91%     -   79s
H    0     0                      35.7673575   32.58933  8.89%     -   87s
     0     2   32.58933    0  803   35.76736   32.58933  8.89%     -   93s
    11    12   32.58933    4  808   35.76736   32.58933  8.89%   352   95s
H   29    30                      35.7673575   32.58933  8.89%   402   98s
H   35    30                      35.7673574   32.58933  8.89%   385   98s
    77    47   32.58933    9  810   35.76736   32.58933  8.89%   439  100s
H  133    50                      35.7586012   32.58933  8.86%   376  104s
H  133    50                      35.7586012   32.58933  8.86%   376  104s
H  135    50                      35.7586011   32.58933  8.86%   377  104s
   153    46   32.58933   13  849   35.75860   32.58933  8.86%   389  105s
H  192    50                      35.7586011   32.58933  8.86%   372  108s
   201    57   32.58933   15  814   35.75860   32.58933  8.86%   374  112s
H  204    57                      35.7586011   32.58933  8.86%   369  112s
H  260    63                      35.7586010   32.58933  8.86%   361  118s
H  278    63                      35.7178070   32.58933  8.76%   362  118s
   324    65   32.58933   19  821   35.71781   32.58933  8.76%   334  120s
   400    62   32.58933   22  826   35.71781   32.58933  8.76%   336  126s
   512    52   32.58933   26  902   35.71781   32.58933  8.76%   334  131s
   576    66   32.58933   28  834   35.71781   32.58933  8.76%   353  135s
   677    64   32.58933   30  824   35.71781   32.58933  8.76%   350  140s
   774    62   35.49530   33  586   35.71781   32.58933  8.76%   347  145s
   939    70   35.63252   36  435   35.71781   32.58933  8.76%   337  162s
H  944    70                      35.7178070   32.58933  8.76%   337  162s
H  946    70                      35.7139135   32.58933  8.75%   337  162s
H  960    70                      35.7139135   32.58933  8.75%   337  162s
   966    53     cutoff   37        35.71391   32.58933  8.75%   336  166s
H 1125    36                      35.6752679   32.58933  8.65%   320  167s
  1168    28   35.46079   12  523   35.67527   32.58933  8.65%   319  171s
  1303     5   32.58933   33  835   35.67527   32.58933  8.65%   317  175s
  1320    14   35.40239   38  809   35.67527   32.63867  8.51%   322  180s
  1379    22   35.56432   41  517   35.67527   33.35103  6.51%   338  185s
H 1521    57                      35.6737443   33.93389  4.88%   327  188s
H 1540    57                      35.6732551   33.93389  4.88%   323  188s
  1570   117   35.51039   45  611   35.67326   33.93389  4.88%   318  191s
* 1933   162              90      35.6701085   34.28216  3.89%   266  193s
* 2031   162              88      35.6676464   34.28216  3.88%   254  193s
* 2312   269              80      35.6673668   34.28216  3.88%   225  194s
* 2341   269              83      35.6672700   34.28216  3.88%   222  194s
* 2423   269              87      35.6625738   34.28216  3.87%   214  194s
  2453   455   35.65812   49  373   35.66257   34.28216  3.87%   212  196s
* 2463   455              89      35.6583982   34.28216  3.86%   213  196s
* 2495   455              89      35.6502540   34.28216  3.84%   210  196s
* 2544   455              89      35.6426996   34.28216  3.82%   206  196s
* 2572   455              87      35.6344737   34.28216  3.79%   204  196s
  3227    14   34.73196   45  800   35.63447   34.46814  3.27%   165  201s
  3314     9 infeasible   47        35.63447   34.99416  1.80%   163  205s

Cutting planes:
  Gomory: 25
  Cover: 177
  Implied bound: 1381
  Clique: 518
  MIR: 964
  Flow cover: 1174
  GUB cover: 25
  Inf proof: 2
  Zero half: 2
  RLT: 416
  Relax-and-lift: 106
  BQP: 23

Explored 3331 nodes (594186 simplex iterations) in 205.08 seconds (109.07 work units)
Thread count was 32 (of 32 available processors)

Solution count 10: 35.6345 35.6427 35.6503 ... 35.6733

Optimal solution found (tolerance 5.00e-03)
Best objective 3.563447368757e+01, best bound 3.548643728554e+01, gap 0.4154%
