
Gurobi 9.5.2 (linux64) logging started Fri Aug 14 13:35:13 2026

Set parameter LogFile to value "/mnt/beegfs/users/celinep/ChargeAndBreak/logs/RshortCmanyTlarge_11_2SP_20260814_131133_105_gurobi.log"
Gurobi Optimizer version 9.5.2 build v9.5.2rc0 (linux64)
Thread count: 16 physical cores, 32 logical processors, using up to 32 threads
Optimize a model with 55807 rows, 25741 columns and 178311 nonzeros
Model fingerprint: 0x5f458861
Variable types: 22526 continuous, 3215 integer (3215 binary)
Coefficient statistics:
  Matrix range     [4e-02, 6e+02]
  Objective range  [2e-02, 4e-02]
  Bounds range     [1e+00, 1e+00]
  RHS range        [2e-02, 5e+02]
Presolve removed 21365 rows and 7399 columns
Presolve time: 2.43s
Presolved: 34442 rows, 18342 columns, 141520 nonzeros
Variable types: 16120 continuous, 2222 integer (2221 binary)
Found heuristic solution: objective 63.3758390

Deterministic concurrent LP optimizer: primal and dual simplex
Showing first log only...


Root simplex log...

Iteration    Objective       Primal Inf.    Dual Inf.      Time
   14110    4.7793700e+01   0.000000e+00   3.597067e+03      5s
   20468    3.5265680e+01   0.000000e+00   2.106392e+04     10s
Concurrent spin time: 0.00s

Solved with dual simplex

Root relaxation: objective 3.374335e+01, 24901 iterations, 8.98 seconds (8.46 work units)

    Nodes    |    Current Node    |     Objective Bounds      |     Work
 Expl Unexpl |  Obj  Depth IntInf | Incumbent    BestBd   Gap | It/Node Time

     0     0   34.32606    0  817   63.37584   34.32606  45.8%     -   16s
H    0     0                      49.9689422   34.32606  31.3%     -   22s
H    0     0                      40.7456053   34.32606  15.8%     -   24s
H    0     0                      39.5317716   34.32606  13.2%     -   24s
     0     0   34.80668    0  842   39.53177   34.80668  12.0%     -   27s
H    0     0                      39.5282331   34.80668  11.9%     -   29s
     0     0   34.97738    0  948   39.52823   34.97738  11.5%     -   33s
H    0     0                      39.3900396   35.21812  10.6%     -   45s
     0     0   35.21812    0  928   39.39004   35.21812  10.6%     -   46s
     0     0   35.23637    0  930   39.39004   35.23637  10.5%     -   49s
     0     0   35.23807    0  912   39.39004   35.23807  10.5%     -   49s
     0     0   35.23839    0  915   39.39004   35.23839  10.5%     -   50s
     0     0   35.23843    0  925   39.39004   35.23843  10.5%     -   50s
     0     0   35.38301    0  796   39.39004   35.38301  10.2%     -   61s
H    0     0                      39.3451717   35.38842  10.1%     -   65s
     0     0   35.38842    0  833   39.34517   35.38842  10.1%     -   66s
     0     0   35.39184    0  877   39.34517   35.39184  10.0%     -   68s
     0     0   35.39225    0  886   39.34517   35.39225  10.0%     -   69s
     0     0   35.39250    0  847   39.34517   35.39250  10.0%     -   69s
     0     0   35.42824    0 1075   39.34517   35.42824  10.0%     -   77s
     0     0   35.43481    0 1001   39.34517   35.43481  9.94%     -   82s
     0     0   35.43533    0 1079   39.34517   35.43533  9.94%     -   82s
     0     0   35.43568    0 1010   39.34517   35.43568  9.94%     -   83s
     0     0   35.43576    0 1021   39.34517   35.43576  9.94%     -   85s
     0     0   35.44127    0  982   39.34517   35.44127  9.92%     -   88s
     0     0   35.44322    0  962   39.34517   35.44322  9.92%     -   92s
     0     0   35.44373    0  958   39.34517   35.44373  9.92%     -   93s
     0     0   35.44394    0  962   39.34517   35.44394  9.92%     -   93s
     0     0   35.45055    0  966   39.34517   35.45055  9.90%     -   96s
     0     0   35.52623    0  966   39.34517   35.52623  9.71%     -  100s
     0     0   35.52623    0  967   39.34517   35.52623  9.71%     -  100s
     0     0   35.57108    0  983   39.34517   35.57108  9.59%     -  103s
     0     0   35.62911    0  881   39.34517   35.62911  9.44%     -  105s
     0     0   35.63599    0  852   39.34517   35.63599  9.43%     -  105s
     0     0   35.63599    0  961   39.34517   35.63599  9.43%     -  106s
     0     0   37.26116    0  959   39.34517   37.26116  5.30%     -  108s
H    0     0                      39.2744398   37.26116  5.13%     -  124s
     0     0   38.48518    0  908   39.27444   38.48518  2.01%     -  125s
     0     2   38.48518    0  896   39.27444   38.48518  2.01%     -  139s
     1     4   38.48518    1  897   39.27444   38.48518  2.01%  3826  142s
     3     8   38.48518    2  896   39.27444   38.48518  2.01%  3145  145s
    15    29   38.48518    4  858   39.27444   38.48518  2.01%  2043  153s
    31    34   38.48518    5  924   39.27444   38.48518  2.01%  1491  155s
    79    54   38.48518    8  875   39.27444   38.48518  2.01%   827  163s
   122    70   38.48518   10  835   39.27444   38.48518  2.01%   683  166s
H  128    70                      39.1896927   38.48518  1.80%   665  166s
H  133    70                      39.1389174   38.48518  1.67%   642  166s
   172    33     cutoff   10        39.13892   38.48518  1.67%   597  179s
H  181    33                      39.0898354   38.48518  1.55%   614  179s
   198    15     cutoff   13        39.08984   38.48518  1.55%   610  182s
   221    10     cutoff   14        39.08984   38.48518  1.55%   621  190s
   232     6     cutoff   15        39.08984   38.48518  1.55%   648  195s
   249     4     cutoff   17        39.08984   38.48518  1.55%   684  201s
   251     4     cutoff   18        39.08984   38.48518  1.55%   715  205s
   255     4     cutoff   20        39.08984   38.48518  1.55%   781  212s
   257     4     cutoff   21        39.08984   38.48518  1.55%   779  224s
H  258     4                      39.0898354   38.48518  1.55%   776  224s
   259     4     cutoff   22        39.08984   38.48518  1.55%   813  227s
   261     4     cutoff   23        39.08984   38.48518  1.55%   880  238s
   263     3 infeasible   24        39.08984   38.48518  1.55%   886  243s
   266     3 infeasible   25        39.08984   38.48518  1.55%   903  246s
   273     2   38.48518   28  916   39.08984   38.48518  1.55%   903  250s
   277     2   38.48518   30  920   39.08984   38.48518  1.55%   930  255s
   281     3   38.48518   32  927   39.08984   38.48518  1.55%   953  262s
   287     2     cutoff   35        39.08984   38.48518  1.55%  1021  269s
   289     2     cutoff   36        39.08984   38.48518  1.55%  1029  270s
   293     2     cutoff   38        39.08984   38.48518  1.55%  1024  276s

Cutting planes:
  Gomory: 10
  Cover: 960
  Implied bound: 3456
  Clique: 1195
  MIR: 1003
  StrongCG: 5
  Flow cover: 1634
  Zero half: 1
  Network: 138
  RLT: 403
  Relax-and-lift: 275
  BQP: 180
  PSD: 13

Explored 297 nodes (382015 simplex iterations) in 277.22 seconds (212.94 work units)
Thread count was 32 (of 32 available processors)

Solution count 10: 39.0898 39.0898 39.1389 ... 40.7456

Optimal solution found (tolerance 5.00e-03)
Best objective 3.908983535009e+01, best bound 3.908983535009e+01, gap 0.0000%
