
Gurobi 9.5.2 (linux64) logging started Mon Aug 10 15:22:46 2026

Set parameter LogFile to value "/mnt/beegfs/users/celinep/ChargeAndBreak/logs/RshortCmanyTtight_4_RO_20260810_152007_094_gurobi.log"
Gurobi Optimizer version 9.5.2 build v9.5.2rc0 (linux64)
Thread count: 16 physical cores, 32 logical processors, using up to 32 threads
Optimize a model with 3038 rows, 1689 columns and 10290 nonzeros
Model fingerprint: 0x3d365d83
Variable types: 1069 continuous, 620 integer (620 binary)
Coefficient statistics:
  Matrix range     [4e-02, 7e+02]
  Objective range  [1e+00, 1e+00]
  Bounds range     [1e+00, 1e+00]
  RHS range        [7e-02, 5e+02]
Presolve removed 1088 rows and 403 columns
Presolve time: 0.09s
Presolved: 1950 rows, 1286 columns, 8110 nonzeros
Variable types: 771 continuous, 515 integer (514 binary)
Found heuristic solution: objective 95.9663801

Root relaxation: objective 5.732147e+01, 1229 iterations, 0.06 seconds (0.03 work units)

    Nodes    |    Current Node    |     Objective Bounds      |     Work
 Expl Unexpl |  Obj  Depth IntInf | Incumbent    BestBd   Gap | It/Node Time

     0     0   57.32147    0  134   95.96638   57.32147  40.3%     -    0s
H    0     0                      95.6274707   57.32147  40.1%     -    0s
     0     0   57.92007    0  136   95.62747   57.92007  39.4%     -    0s
H    0     0                      65.2139587   57.92007  11.2%     -    0s
H    0     0                      65.1948998   57.92007  11.2%     -    0s
     0     0   57.96953    0  133   65.19490   57.96953  11.1%     -    0s
     0     0   57.97317    0  136   65.19490   57.97317  11.1%     -    0s
     0     0   57.97341    0  135   65.19490   57.97341  11.1%     -    0s
     0     0   58.09694    0   97   65.19490   58.09694  10.9%     -    0s
     0     0   58.10280    0   86   65.19490   58.10280  10.9%     -    0s
     0     0   58.10285    0   89   65.19490   58.10285  10.9%     -    0s
     0     0   58.22579    0   83   65.19490   58.22579  10.7%     -    1s
     0     0   58.25888    0  113   65.19490   58.25888  10.6%     -    1s
     0     0   58.25920    0  116   65.19490   58.25920  10.6%     -    1s
     0     0   58.32231    0  120   65.19490   58.32231  10.5%     -    1s
     0     0   58.34543    0  100   65.19490   58.34543  10.5%     -    1s
     0     0   58.34899    0  103   65.19490   58.34899  10.5%     -    1s
     0     0   58.35012    0  146   65.19490   58.35012  10.5%     -    1s
     0     0   58.35041    0  146   65.19490   58.35041  10.5%     -    1s
     0     0   58.36559    0  104   65.19490   58.36559  10.5%     -    1s
     0     0   58.36747    0  109   65.19490   58.36747  10.5%     -    1s
     0     0   58.36776    0  105   65.19490   58.36776  10.5%     -    1s
     0     0   58.38634    0  104   65.19490   58.38634  10.4%     -    1s
     0     0   58.38986    0  113   65.19490   58.38986  10.4%     -    1s
     0     0   58.39007    0  109   65.19490   58.39007  10.4%     -    1s
     0     0   58.39269    0  162   65.19490   58.39269  10.4%     -    2s
     0     0   58.39286    0  148   65.19490   58.39286  10.4%     -    2s
     0     0   58.39395    0  123   65.19490   58.39395  10.4%     -    2s
     0     0   58.39418    0  138   65.19490   58.39418  10.4%     -    2s
     0     0   58.39776    0  128   65.19490   58.39776  10.4%     -    2s
     0     0   58.39794    0  133   65.19490   58.39794  10.4%     -    2s
     0     0   58.39920    0  139   65.19490   58.39920  10.4%     -    2s
     0     0   58.39924    0  141   65.19490   58.39924  10.4%     -    2s
     0     0   58.40123    0  157   65.19490   58.40123  10.4%     -    2s
     0     0   58.40123    0  133   65.19490   58.40123  10.4%     -    2s
     0     2   58.40159    0  132   65.19490   58.40159  10.4%     -    3s
H   32    34                      64.9414946   58.43519  10.0%  64.8    4s
H   76    79                      64.8282399   58.44286  9.85%  49.2    4s
H   80    79                      64.1639021   58.44287  8.92%  48.3    4s
H  124   105                      64.1311122   58.44876  8.86%  38.3    4s
H  130   105                      64.0906995   58.44876  8.80%  37.5    4s
H  181   119                      63.9139833   58.44876  8.55%  31.9    5s
H  252   134                      63.9139827   58.44876  8.55%  32.9    7s
   350   190   58.89974   24  138   63.91398   58.44876  8.55%  33.2   12s
   574   303   59.09101   35  157   63.91398   58.44876  8.55%  31.7   15s
  1316   326     cutoff   20        63.91398   58.48306  8.50%  28.4   20s

Cutting planes:
  Learned: 1
  Gomory: 12
  Cover: 11
  Implied bound: 58
  Clique: 1
  MIR: 95
  Flow cover: 73
  Network: 1
  RLT: 42
  Relax-and-lift: 8

Explored 3359 nodes (79728 simplex iterations) in 21.86 seconds (4.38 work units)
Thread count was 32 (of 32 available processors)

Solution count 10: 63.914 63.914 64.0907 ... 95.6275

Optimal solution found (tolerance 5.00e-03)
Best objective 6.391398267191e+01, best bound 6.378143033163e+01, gap 0.2074%
