
Gurobi 9.5.2 (linux64) logging started Fri Aug 14 13:37:38 2026

Set parameter LogFile to value "/mnt/beegfs/users/celinep/ChargeAndBreak/logs/RshortCmanyTlarge_15_2SP_20260814_131133_113_gurobi.log"
Gurobi Optimizer version 9.5.2 build v9.5.2rc0 (linux64)
Thread count: 16 physical cores, 32 logical processors, using up to 32 threads
Optimize a model with 54607 rows, 25114 columns and 173411 nonzeros
Model fingerprint: 0xbb050fb9
Variable types: 22126 continuous, 2988 integer (2988 binary)
Coefficient statistics:
  Matrix range     [4e-02, 6e+02]
  Objective range  [2e-02, 4e-02]
  Bounds range     [1e+00, 1e+00]
  RHS range        [1e-02, 5e+02]
Presolve removed 21707 rows and 7619 columns
Presolve time: 1.39s
Presolved: 32900 rows, 17495 columns, 135636 nonzeros
Variable types: 15451 continuous, 2044 integer (2044 binary)
Found heuristic solution: objective 54.1414317

Deterministic concurrent LP optimizer: primal and dual simplex
Showing first log only...


Root simplex log...

Iteration    Objective       Primal Inf.    Dual Inf.      Time
   14196    4.7561037e+01   0.000000e+00   1.502039e+03      5s
   18376    3.5856332e+01   0.000000e+00   2.366913e+02     10s
Concurrent spin time: 0.01s

Solved with dual simplex

Root relaxation: objective 3.423066e+01, 23778 iterations, 11.55 seconds (6.71 work units)

    Nodes    |    Current Node    |     Objective Bounds      |     Work
 Expl Unexpl |  Obj  Depth IntInf | Incumbent    BestBd   Gap | It/Node Time

     0     0   34.51772    0  592   54.14143   34.51772  36.2%     -   18s
H    0     0                      40.6850462   34.51772  15.2%     -   19s
H    0     0                      40.3924800   34.51772  14.5%     -   19s
H    0     0                      40.0542908   35.00223  12.6%     -   23s
     0     0   35.00223    0  645   40.05429   35.00223  12.6%     -   24s
     0     0   35.03453    0  764   40.05429   35.03453  12.5%     -   27s
     0     0   35.19043    0  871   40.05429   35.19043  12.1%     -   36s
H    0     0                      39.9509475   35.20024  11.9%     -   40s
     0     0   35.20024    0  882   39.95095   35.20024  11.9%     -   40s
     0     0   35.20223    0  879   39.95095   35.20223  11.9%     -   41s
     0     0   35.20286    0  875   39.95095   35.20286  11.9%     -   41s
     0     0   35.20315    0  877   39.95095   35.20315  11.9%     -   42s
H    0     0                      39.7676292   35.25645  11.3%     -   47s
     0     0   35.25645    0  641   39.76763   35.25645  11.3%     -   48s
H    0     0                      39.1324985   35.25645  9.90%     -   49s
     0     0   35.26680    0  606   39.13250   35.26680  9.88%     -   51s
     0     0   35.26780    0  612   39.13250   35.26780  9.88%     -   51s
     0     0   35.26794    0  614   39.13250   35.26794  9.88%     -   52s
     0     0   35.35555    0  739   39.13250   35.35555  9.65%     -   59s
H    0     0                      39.0333377   35.35555  9.42%     -   61s
     0     0   35.37273    0  803   39.03334   35.37273  9.38%     -   63s
     0     0   35.37456    0  803   39.03334   35.37456  9.37%     -   64s
     0     0   35.37512    0  811   39.03334   35.37512  9.37%     -   64s
     0     0   35.37515    0  813   39.03334   35.37515  9.37%     -   64s
     0     0   35.41213    0  870   39.03334   35.41213  9.28%     -   69s
     0     0   35.41688    0  800   39.03334   35.41688  9.27%     -   70s
     0     0   35.41829    0  805   39.03334   35.41829  9.26%     -   70s
     0     0   35.41841    0  805   39.03334   35.41841  9.26%     -   70s
     0     0   35.43332    0  791   39.03334   35.43332  9.22%     -   72s
     0     0   35.43424    0  807   39.03334   35.43424  9.22%     -   74s
     0     0   35.43467    0  804   39.03334   35.43467  9.22%     -   74s
     0     0   35.43498    0  809   39.03334   35.43498  9.22%     -   74s
     0     0   35.43508    0  808   39.03334   35.43508  9.22%     -   74s
     0     0   35.44266    0  897   39.03334   35.44266  9.20%     -   76s
     0     0   35.44369    0  919   39.03334   35.44369  9.20%     -   77s
     0     0   35.44380    0  922   39.03334   35.44380  9.20%     -   77s
     0     0   35.45034    0  846   39.03334   35.45034  9.18%     -   78s
     0     0   35.45067    0  838   39.03334   35.45067  9.18%     -   79s
     0     0   35.45070    0  867   39.03334   35.45070  9.18%     -   79s
     0     0   35.46278    0  789   39.03334   35.46278  9.15%     -   81s
     0     0   35.46509    0  794   39.03334   35.46509  9.14%     -   82s
     0     0   35.46509    0  796   39.03334   35.46509  9.14%     -   82s
     0     0   35.46509    0  804   39.03334   35.46509  9.14%     -   83s
     0     0   36.01958    0  783   39.03334   36.01958  7.72%     -  117s
     0     2   36.01958    0  757   39.03334   36.01958  7.72%     -  128s
     3     8   36.01958    2  756   39.03334   36.01958  7.72%  2697  131s
    25     8   36.01958    5  830   39.03334   36.01958  7.72%  1147  136s
    37    10   36.01958    6  877   39.03334   36.01958  7.72%   989  140s
    55     8   36.01958    8  915   39.03334   36.01958  7.72%   908  146s
    71    10   36.01958   10  846   39.03334   36.01958  7.72%   843  152s
    89     6   36.01958   12  849   39.03334   36.01958  7.72%   787  155s
   109     6   36.01958   15  959   39.03334   36.01958  7.72%   812  162s
   115     7   36.01958   16  746   39.03334   36.01958  7.72%   785  165s
   135     2   36.01958   19  667   39.03334   36.01958  7.72%   787  171s
   139     2   36.01958   21  637   39.03334   36.01958  7.72%   856  175s
   147     2   36.02720   25  660   39.03334   36.02720  7.70%   931  180s
   157     3   36.09715   30  836   39.03334   36.09715  7.52%   942  185s
   163     2     cutoff   33        39.03334   36.13935  7.41%   999  192s
   167     3 infeasible   35        39.03334   36.40004  6.75%  1046  195s
   174     2     cutoff   38        39.03334   36.57686  6.29%  1101  202s
   179     3     cutoff   41        39.03334   36.58451  6.27%  1130  205s
   187     2   36.65727   45  942   39.03334   36.65727  6.09%  1159  210s
   193     3   36.71091   48  917   39.03334   36.71091  5.95%  1237  215s
   199     2     cutoff   51        39.03334   36.71399  5.94%  1339  220s
   205     4     cutoff   54        39.03334   36.80914  5.70%  1382  225s

Cutting planes:
  Gomory: 23
  Cover: 507
  Implied bound: 2979
  Clique: 1011
  MIR: 790
  StrongCG: 4
  Flow cover: 1073
  Zero half: 20
  Network: 192
  RLT: 298
  Relax-and-lift: 188

Explored 215 nodes (352904 simplex iterations) in 227.23 seconds (170.38 work units)
Thread count was 32 (of 32 available processors)

Solution count 8: 39.0333 39.1325 39.7676 ... 54.1414

Optimal solution found (tolerance 5.00e-03)
Best objective 3.903333772518e+01, best bound 3.903333772518e+01, gap 0.0000%
